ds4: detected DS4 sidecar package: -m /Users/anemll/Models/flash/dsv4-iq2xxs-expert-major/dense/model-dense.gguf, --moe-sidecar /Users/anemll/Models/flash/dsv4-iq2xxs-expert-major, --moe-mode slot-bank
ds4: applied sidecar tuning profile [Apple M5 Max] from ds4_profile.json (49 env defaults set, 2 kept from environment)
ds4: warning: raw KV cap limits Metal prefill chunk (prefill_chunk=4096, raw_kv_rows=4096, raw_window=128, effective_chunk=3968; target raw cap for one chunk is 4352, also requires ctx >= that value)
ds4: context buffers 387.12 MiB (ctx=4096, backend=metal, prefill_chunk=4096, raw_kv_rows=4096, compressed_kv_rows=514/1026 max, grow_block=2048)
ds4: Flash-MoE sidecar loaded: /Users/anemll/Models/flash/dsv4-iq2xxs-expert-major (slot-bank=256, expert-record 6.75 MiB)
ds4: Flash-MoE expert mmap cache: off; expert reads: pread
ds4: Metal device Apple M5 Max, 128.00 GiB RAM, GPU working-set budget 107.52 GiB (raise with: sudo sysctl iogpu.wired_limit_mb=<MB>)
ds4: drift-patch flags hc_stable=on norm_unify=on kv_raw_f32=off rope_exp2_log2=off math_safe=off tensor_matmul=off
ds4: MXFP4 native library (MSL 4.1): repack=ok selected-repack=ok selected-plane-copy=ok scale-plane matmul=ok selected-matmul=ok decode2=pair/sum6 batch-decode2=pair/sum6 batch-strided=pair/sum6 hybrid-down=sum6 chunked-decode2=pair/sum6
ds4: DS4_MXFP4_NATIVE=1: native MXFP4 available (MPP 4.1 scale-plane matmul2d)
ds4: DSpark resident expert cache: ranges=9 bytes=9.56 GiB (persistent; debug opt-out requires DS4_DSPARK_ALLOW_NONRESIDENT=1)
ds4: DSpark sidecar Metal residency requested: buffers=9 bytes=9.56 GiB
ds4: DSpark draft package loaded: /Users/anemll/Models/DSv4-Flash-DSpark-draft (block=5 verify=5 active=5 scheduler=confidence conf=0.400 noise=128799 target_layers=40,41,42 markov_rank=256 records=81 mapped=10.12 GiB)
ds4: DSpark draft records: F32=41 F16=6 FP8_E4M3=25 MXFP4_NATIVE=9
ds4: DSpark draft inference enabled: MPP 4.1 FP8/MXFP4 draft kernels, fused routed-MoE per draft layer, persistent resident experts, greedy Markov head, strict_v1 verifier
ds4: Flash-MoE using mmap-backed dense/shared weights without full-model Metal residency warmup
ds4: Metal model views created in 0.276 ms, residency requested in 0.000 ms, warmup 0.000 ms (mapped 8393.67 MiB from offset 5.06 MiB)
ds4: Metal mapped mmaped model as 1 overlapping shared buffers
ds4: metal backend initialized for graph diagnostics
ds4: prefill routed-MoE (requested): mul_mm_id (grouped GPU / ALU)  [grouped path]
ds4: prefill quant scales (ANE env first): w_qscale=512 x_qscale=32 mid_qscale=32 w_scale=0.00195312 x_scale=0.03125 mid_scale=0.03125
ds4: prefill ctx-grow: on, block=2048 tokens
ds4: prefill chunk cap: 16384, graph_raw_cap=auto
ds4: Flash-MoE resident mixed slot-bank load: layers=43 slots=256 bytes=72.56 GiB (one dot per layer)
ds4: Flash-MoE resident prepare: ........................................... 72.56/72.56 GiB (43 layers)
ds4: Flash-MoE resident preload: ........................................... 72.56/72.56 GiB (43 layers)
ds4: Flash-MoE preloaded mixed slot bank: layers=43 slots=256 identity-mapped experts=256
ds4: Flash-MoE slot-bank Metal residency requested: buffers=43 bytes=72.56 GiB
ds4: Flash-MoE slot-bank pages touched: buffers=43 bytes=72.56 GiB
ds4: Flash-MoE slot banks allocated: layers=43 slots=256 gpu-bank=72.6GB Dense: 8.2GB Context: 0.4GB Total <<<< 81.2GB >>>>
ds4: Flash-MoE slot bank layout: mixed expert-major
ds4: warning: very large Flash-MoE slot bank can collapse decode throughput (slots=256, gpu-bank=72.56 GiB). The wired bank competes with the OS file cache that serves decode-miss reads of the sidecar; when the sidecar is larger than RAM, smaller banks decode faster. Compare --moe-slot-bank 32/48/64 or use --ssd-cache auto.
ds4: prefill compute: routed experts = ANE i8i8 (W8A8) | dense proj = Q8 direct-RHS NAX; K-quant dense = fused mul_mm_id batch
ds4: prefill I/O: io-split=4 async-pread=on pread-threads=4 readahead=12 bank-prefetch=3 slot-cache-topk=0 xlayer=auto<=6k-tok topk=128
ds4: decode  I/O: io-split=4 router-prefetch=off scratch-prefetch=off max-loads=0 layer-stride=1 miss-direct-slot-pread=on prefetch-direct-slot-pread=off did-modify=on shared-down=on reset-after-prefill=off realloc-after-prefill=off restore-after-prefill=off resident=slot-bank slots=256
ds4: Flash-MoE banked kernels using M5 simdgroup_matrix fast path (prefetch=3, banks=4)
ds4: WARNING: prefill chunk 4096 clamped to 3968 by raw-KV cap (raw_cap=4096, window=128). Set DS4_METAL_GRAPH_RAW_CAP >= 4224 (window + chunk) — or unset it to auto-size — to honor the chunk.
ds4: prefill chunk cap EFFECTIVE=3968 tokens (DS4_METAL_PREFILL_CHUNK=16384), CLAMPED by raw-KV-cap (ctx-grow) (resident-NAX tiles this by scratch_cap; that tile gates the sync bridge)
processing 19 input tokens: 0/19 (0.0%) batch=0.00 t/s avg=0.00 t/s
ds4: ANE i8w-i8x-tiled-fused cached async prefill B=256 H=4096 I=2048 w_scale=0.00195312 x_scale=0.03125 mid_scale=0.03125
processing 19 input tokens: 0/19 (0.0%) batch=0.00 t/s avg=0.00 t/s
processing 19 input tokens: 0/19 (0.0%) batch=0.00 t/s avg=0.00 t/s
processing 19 input tokens: 1/19 (5.3%) batch=23.99 t/s avg=0.40 t/s
processing 19 input tokens: 1/19 (5.3%) batch=0.00 t/s avg=0.40 t/s
processing 19 input tokens: 2/19 (10.5%) batch=50.04 t/s avg=0.79 t/s
processing 19 input tokens: 2/19 (10.5%) batch=0.00 t/s avg=0.79 t/s
processing 19 input tokens: 3/19 (15.8%) batch=51.23 t/s avg=1.17 t/s
processing 19 input tokens: 3/19 (15.8%) batch=0.00 t/s avg=1.16 t/s
processing 19 input tokens: 3/19 (15.8%) batch=0.00 t/s avg=1.15 t/s
processing 19 input tokens: 4/19 (21.1%) batch=46.11 t/s avg=1.53 t/s
processing 19 input tokens: 4/19 (21.1%) batch=0.00 t/s avg=1.51 t/s
processing 19 input tokens: 5/19 (26.3%) batch=45.18 t/s avg=1.88 t/s
processing 19 input tokens: 5/19 (26.3%) batch=0.00 t/s avg=1.86 t/s
processing 19 input tokens: 6/19 (31.6%) batch=50.75 t/s avg=2.22 t/s
processing 19 input tokens: 6/19 (31.6%) batch=0.00 t/s avg=2.20 t/s
processing 19 input tokens: 7/19 (36.8%) batch=56.87 t/s avg=2.55 t/s
processing 19 input tokens: 7/19 (36.8%) batch=0.00 t/s avg=2.54 t/s
processing 19 input tokens: 7/19 (36.8%) batch=0.00 t/s avg=2.52 t/s
processing 19 input tokens: 8/19 (42.1%) batch=49.18 t/s avg=2.86 t/s
processing 19 input tokens: 8/19 (42.1%) batch=0.00 t/s avg=2.84 t/s
processing 19 input tokens: 9/19 (47.4%) batch=52.39 t/s avg=3.17 t/s
processing 19 input tokens: 9/19 (47.4%) batch=0.00 t/s avg=3.15 t/s
processing 19 input tokens: 10/19 (52.6%) batch=49.30 t/s avg=3.47 t/s
processing 19 input tokens: 10/19 (52.6%) batch=0.00 t/s avg=3.45 t/s
processing 19 input tokens: 11/19 (57.9%) batch=55.72 t/s avg=3.77 t/s
processing 19 input tokens: 11/19 (57.9%) batch=0.00 t/s avg=3.74 t/s
processing 19 input tokens: 11/19 (57.9%) batch=0.00 t/s avg=3.72 t/s
processing 19 input tokens: 12/19 (63.2%) batch=49.17 t/s avg=4.03 t/s
processing 19 input tokens: 12/19 (63.2%) batch=0.00 t/s avg=4.01 t/s
processing 19 input tokens: 13/19 (68.4%) batch=46.22 t/s avg=4.31 t/s
processing 19 input tokens: 13/19 (68.4%) batch=0.00 t/s avg=4.28 t/s
processing 19 input tokens: 14/19 (73.7%) batch=47.45 t/s avg=4.58 t/s
processing 19 input tokens: 14/19 (73.7%) batch=0.00 t/s avg=4.55 t/s
processing 19 input tokens: 15/19 (78.9%) batch=55.87 t/s avg=4.85 t/s
processing 19 input tokens: 15/19 (78.9%) batch=0.00 t/s avg=4.82 t/s
processing 19 input tokens: 15/19 (78.9%) batch=0.00 t/s avg=4.79 t/s
processing 19 input tokens: 16/19 (84.2%) batch=48.24 t/s avg=5.07 t/s
processing 19 input tokens: 16/19 (84.2%) batch=0.00 t/s avg=5.04 t/s
processing 19 input tokens: 17/19 (89.5%) batch=49.07 t/s avg=5.32 t/s
processing 19 input tokens: 17/19 (89.5%) batch=0.00 t/s avg=5.28 t/s
processing 19 input tokens: 18/19 (94.7%) batch=48.93 t/s avg=5.56 t/s
processing 19 input tokens: 18/19 (94.7%) batch=0.00 t/s avg=5.52 t/s
processing 19 input tokens: 19/19 (100.0%) batch=44.00 t/s avg=5.79 t/s
ds4: prefill full: 19 tokens in 3283.8 ms (5.8 t/s)
ds4: dspark draft FP8 rows5 kernel enabled
ds4: dspark draft FP8 strided rows5 kernel enabled
ds4: [mxfp4-native] two-dispatch plane decode arm engaged (dspark-strided, experts=6)
ds4: dspark draft profile cap=5 rows=5 graph=148.349 ms markov=40.136 ms total=188.485 ms
ds4: DSpark draft warmup: cap=5 rows=5 in 188.5 ms (paid before decode timer)
ds4: dspark relaxed accept enabled (target top-128 + logit-delta<=6.00 gate; non-target-greedy)
ds4: dspark draft profile cap=5 rows=5 graph=10.385 ms markov=2.142 ms total=12.527 ms
ds4: dspark verifier Q8 rows5 shared-exact kernel enabled
ds4: dspark verifier microbatch KV FP8/raw-store rows enabled
ds4: dspark hybrid FFN-pre verifier using exact F16 rows path
ds4: dspark hybrid row-router verifier using exact F16 logits rows path
ds4: dspark hybrid row-router verifier using exact selector rows path
ds4: dspark row-routed direct Q2 down unordered sum6 enabled (non-byte diagnostic)
ds4: dspark hybrid row-routed verifier using row-exact tiny batch path
ds4: dspark hybrid shared verifier using exact fused rows path
ds4: dspark hybrid shared verifier using exact shared-down+HC rows path
ds4: dspark hybrid attention verifier using exact F16 compressor rows path
ds4: dspark hybrid attention verifier using exact F16 indexer-compressor rows path
ds4: dspark hybrid verifier deferring plain attention heads to MMA batch call
ds4: dspark draft profile cap=5 rows=5 graph=9.909 ms markov=2.027 ms total=11.936 ms
ds4: dspark draft profile cap=5 rows=5 graph=9.534 ms markov=2.024 ms total=11.558 ms
ds4: dspark draft profile cap=5 rows=5 graph=10.423 ms markov=2.093 ms total=12.516 ms
ds4: dspark draft profile cap=5 rows=5 graph=10.101 ms markov=2.074 ms total=12.175 ms
ds4: dspark draft profile cap=5 rows=5 graph=9.687 ms markov=2.918 ms total=12.605 ms
ds4: dspark draft profile cap=5 rows=5 graph=10.002 ms markov=2.100 ms total=12.102 ms
ds4: dspark draft profile cap=5 rows=5 graph=10.032 ms markov=2.094 ms total=12.126 ms
ds4: dspark draft profile cap=5 rows=5 graph=10.094 ms markov=2.124 ms total=12.218 ms
ds4: dspark draft profile cap=5 rows=5 graph=9.233 ms markov=2.586 ms total=11.819 ms
ds4: dspark draft profile cap=5 rows=5 graph=10.016 ms markov=2.250 ms total=12.266 ms
ds4: dspark draft profile cap=5 rows=5 graph=9.828 ms markov=2.067 ms total=11.895 ms
ds4: dspark draft profile cap=5 rows=5 graph=9.969 ms markov=2.108 ms total=12.077 ms
ds4: dspark draft profile cap=5 rows=5 graph=10.027 ms markov=2.343 ms total=12.370 ms
ds4: dspark draft profile cap=5 rows=5 graph=10.006 ms markov=2.369 ms total=12.375 ms
ds4: dspark draft profile cap=5 rows=5 graph=9.830 ms markov=2.156 ms total=11.986 ms
ds4: dspark draft profile cap=5 rows=5 graph=9.285 ms markov=2.222 ms total=11.507 ms
ds4: dspark draft profile cap=5 rows=5 graph=10.273 ms markov=2.093 ms total=12.366 ms
ds4: dspark draft profile cap=5 rows=5 graph=9.992 ms markov=2.204 ms total=12.196 ms
ds4: dspark draft profile cap=5 rows=5 graph=9.870 ms markov=2.136 ms total=12.006 ms
ds4: dspark draft profile cap=5 rows=5 graph=10.042 ms markov=2.064 ms total=12.106 ms
ds4: dspark draft profile cap=5 rows=5 graph=9.564 ms markov=2.361 ms total=11.925 ms
ds4: Flash-MoE mixed resident bank using fused GPU-selected decode path (slot id == expert id)
ds4: dspark draft profile cap=5 rows=5 graph=10.138 ms markov=2.133 ms total=12.271 ms
ds4: dspark verifier strict_v1 active=5 prefixN=1
ds4: dspark draft profile cap=5 rows=5 graph=9.704 ms markov=3.041 ms total=12.745 ms
ds4: dspark draft profile cap=5 rows=5 graph=10.026 ms markov=2.376 ms total=12.402 ms
ds4: dspark draft profile cap=5 rows=5 graph=9.872 ms markov=2.891 ms total=12.763 ms
ds4: dspark draft profile cap=5 rows=5 graph=9.906 ms markov=2.059 ms total=11.965 ms
ds4: dspark draft profile cap=5 rows=5 graph=9.881 ms markov=2.961 ms total=12.842 ms
ds4: dspark draft profile cap=5 rows=5 graph=10.030 ms markov=2.161 ms total=12.191 ms
ds4: dspark draft profile cap=5 rows=5 graph=9.775 ms markov=2.938 ms total=12.713 ms
ds4: dspark draft profile cap=5 rows=5 graph=9.440 ms markov=2.647 ms total=12.087 ms
ds4: dspark draft profile cap=5 rows=5 graph=9.733 ms markov=2.073 ms total=11.806 ms
ds4: dspark draft profile cap=5 rows=5 graph=10.232 ms markov=2.506 ms total=12.738 ms
ds4: dspark draft profile cap=5 rows=5 graph=9.806 ms markov=2.326 ms total=12.132 ms
ds4: dspark draft profile cap=5 rows=5 graph=10.384 ms markov=2.397 ms total=12.781 ms
ds4: dspark draft profile cap=5 rows=5 graph=10.110 ms markov=2.052 ms total=12.162 ms
ds4: dspark draft profile cap=5 rows=5 graph=9.979 ms markov=2.839 ms total=12.818 ms
ds4: dspark draft profile cap=5 rows=5 graph=9.793 ms markov=2.121 ms total=11.914 ms
ds4: dspark draft profile cap=5 rows=5 graph=10.118 ms markov=2.951 ms total=13.069 ms
ds4: dspark draft profile cap=5 rows=5 graph=9.900 ms markov=2.042 ms total=11.942 ms
ds4: dspark draft profile cap=5 rows=5 graph=9.951 ms markov=2.905 ms total=12.856 ms
ds4: dspark draft profile cap=5 rows=5 graph=9.884 ms markov=2.185 ms total=12.069 ms
ds4: dspark draft profile cap=5 rows=5 graph=9.929 ms markov=2.944 ms total=12.873 ms
ds4: dspark draft profile cap=5 rows=5 graph=9.904 ms markov=2.082 ms total=11.986 ms
ds4: dspark draft profile cap=5 rows=5 graph=10.026 ms markov=2.114 ms total=12.140 ms
ds4: dspark draft profile cap=5 rows=5 graph=9.684 ms markov=2.175 ms total=11.859 ms
ds4: dspark draft profile cap=5 rows=5 graph=9.910 ms markov=2.114 ms total=12.024 ms
ds4: dspark draft profile cap=5 rows=5 graph=9.978 ms markov=2.069 ms total=12.047 ms
ds4: dspark draft profile cap=5 rows=5 graph=9.843 ms markov=2.907 ms total=12.750 ms
ds4: dspark draft profile cap=5 rows=5 graph=9.979 ms markov=2.070 ms total=12.049 ms
ds4: dspark draft profile cap=5 rows=5 graph=10.623 ms markov=2.025 ms total=12.648 ms
ds4: dspark draft profile cap=5 rows=5 graph=10.117 ms markov=2.051 ms total=12.168 ms
ds4: dspark draft profile cap=5 rows=5 graph=10.308 ms markov=2.952 ms total=13.260 ms
ds4: dspark draft profile cap=5 rows=5 graph=10.112 ms markov=3.073 ms total=13.185 ms
ds4: dspark draft profile cap=5 rows=5 graph=9.860 ms markov=2.108 ms total=11.968 ms
ds4: dspark draft profile cap=5 rows=5 graph=9.848 ms markov=2.992 ms total=12.840 ms
ds4: dspark draft profile cap=5 rows=5 graph=9.842 ms markov=2.049 ms total=11.891 ms
ds4: dspark draft profile cap=5 rows=5 graph=10.517 ms markov=2.394 ms total=12.911 ms
ds4: dspark draft profile cap=5 rows=5 graph=9.899 ms markov=2.143 ms total=12.042 ms
ds4: dspark draft profile cap=5 rows=5 graph=9.945 ms markov=2.962 ms total=12.907 ms
ds4: dspark draft profile cap=5 rows=5 graph=9.876 ms markov=2.295 ms total=12.171 ms
ds4: dspark draft profile cap=5 rows=5 graph=10.319 ms markov=2.246 ms total=12.565 ms
ds4: dspark draft profile cap=5 rows=5 graph=10.027 ms markov=2.928 ms total=12.955 ms
ds4: dspark draft profile cap=5 rows=5 graph=10.107 ms markov=2.107 ms total=12.214 ms
ds4: dspark draft profile cap=5 rows=5 graph=10.007 ms markov=2.570 ms total=12.577 ms
ds4: dspark draft profile cap=4 rows=4 graph=8.553 ms markov=2.716 ms total=11.269 ms
ds4: ----------------------------------------
ds4: prefill: 5.42 t/s, generation: 49.01 t/s (300 tokens in 6.122s)
ds4: dspark perf: draft=404.0 tok/s, verify=65.5 proposed tok/s, verify-accepted=58.9 tok/s, block=90.74 ms (draft=12.34 verify=76.10 overhead=2.29 commit=1.83, tau=5.48, blocks=66)
ds4: dspark verify GPU-busy: 69.47 ms/block of 76.10 ms verify (91.3% active, 8.7% idle)
ds4: vm pressure: app=83.45 GiB resident=20.72 GiB wired=96.27 GiB compressed=0.60 GiB logical=1.27 GiB swap=4.18/5.00 GiB pressure=85% free=3.17 GiB gpu=83.36 GiB gpu-compressed=0.00 GiB task-compressed=71.06 GiB decompressions=6922348
ds4: dspark acceptance: 95.8% (296/309 draft tokens)
ds4: dspark acceptance by position: 1=62/62 2=60/62 3=60/62 4=59/62 5=55/61
ds4: dspark conditional acceptance: 1=100.0% (62/62) 2|1=96.8% (60/62) 3|1-2=100.0% (60/60) 4|1-3=98.3% (59/60) 5|1-4=94.8% (55/58)
ds4: dspark full-accept: 90.3% (56/62 blocks), first-miss: 0.0% (0/62 blocks)
ds4: dspark avg scheduled: 4.98 draft tokens/block (62 blocks)
ds4: Flash-MoE resident slot bank: resident-slots=11008/11008 (100.0%, avg=256.0/layer) installed=72.56 GiB
