ds4: warning: raw KV cap limits Metal prefill chunk (prefill_chunk=3072, raw_kv_rows=3072, raw_window=128, effective_chunk=2944; target raw cap for one chunk is 3328, also requires ctx >= that value)
ds4: context buffers 316.54 MiB (ctx=3072, backend=metal, prefill_chunk=3072, raw_kv_rows=3072, compressed_kv_rows=770)
ds4: Metal device Apple M5 Max, 128.00 GiB RAM
ds4: Metal lazy model views enabled (range 5.09..82702.74 MiB); model tensors will be wrapped per command batch
ds4: Metal mapped mmaped model as 0 overlapping shared buffers
ds4: metal backend initialized for graph diagnostics
ds4: prefill routed-MoE (requested): ANE hot + overlapped per-expert GPU gather/scatter cold  [per-token table path]
ds4: prefill quant scales (ANE env first): w_qscale=512 x_qscale=32 mid_qscale=32 w_scale=0.00195312 x_scale=0.03125 mid_scale=0.03125
ds4: prefill ANE (requested): dual-cluster=off workers=1 multi-active=on tiled-fused=on queue=8 refs=32..1024 batch=256 call_max_refs=256
ds4: prefill ctx-grow: on, block=2048 tokens
ds4: prefill chunk cap: 16384, graph_raw_cap=8704
ds4: using GPU graph generation with layer-major graph prefill
ds4: ANE i8w-i8x-tiled-fused cached async prefill B=256 H=4096 I=2048 w_scale=0.00195312 x_scale=0.03125 mid_scale=0.03125
ds4: resident routed MoE using ANE/GPU DeDup prefill (ANE refs >= 32, cold tail: classic GPU gather/scatter overlapped)
ds4: resident MPP/NAX prefill layer=0 mpp_groups=0 mpp_refs=0 fallback_groups=191 fallback_refs=3691 ane_groups=65 ane_refs=2897 ane_min_refs=32 ane_max_refs=1024 ane_start_failures=0 ane_scatter_failures=0 cold_tail=gather_scatter_gpu_overlap
ds4: resident MPP/NAX prefill layer=1 mpp_groups=0 mpp_refs=0 fallback_groups=184 fallback_refs=3441 ane_groups=72 ane_refs=3147 ane_min_refs=32 ane_max_refs=1024 ane_start_failures=0 ane_scatter_failures=0 cold_tail=gather_scatter_gpu_overlap
ds4: resident MPP/NAX prefill layer=2 mpp_groups=0 mpp_refs=0 fallback_groups=185 fallback_refs=3317 ane_groups=71 ane_refs=3271 ane_min_refs=32 ane_max_refs=1024 ane_start_failures=0 ane_scatter_failures=0 cold_tail=gather_scatter_gpu_overlap
ds4: resident MPP/NAX prefill layer=3 mpp_groups=0 mpp_refs=0 fallback_groups=187 fallback_refs=1785 ane_groups=50 ane_refs=4803 ane_min_refs=32 ane_max_refs=1024 ane_start_failures=0 ane_scatter_failures=0 cold_tail=gather_scatter_gpu_overlap
ds4: resident MPP/NAX prefill layer=4 mpp_groups=0 mpp_refs=0 fallback_groups=166 fallback_refs=1500 ane_groups=45 ane_refs=5088 ane_min_refs=32 ane_max_refs=1024 ane_start_failures=0 ane_scatter_failures=0 cold_tail=gather_scatter_gpu_overlap
ds4: resident MPP/NAX prefill layer=5 mpp_groups=0 mpp_refs=0 fallback_groups=173 fallback_refs=1517 ane_groups=50 ane_refs=5071 ane_min_refs=32 ane_max_refs=1024 ane_start_failures=0 ane_scatter_failures=0 cold_tail=gather_scatter_gpu_overlap
ds4: resident MPP/NAX prefill layer=6 mpp_groups=0 mpp_refs=0 fallback_groups=167 fallback_refs=1482 ane_groups=37 ane_refs=5106 ane_min_refs=32 ane_max_refs=1024 ane_start_failures=0 ane_scatter_failures=0 cold_tail=gather_scatter_gpu_overlap
ds4: resident MPP/NAX prefill layer=7 mpp_groups=0 mpp_refs=0 fallback_groups=166 fallback_refs=1385 ane_groups=42 ane_refs=5203 ane_min_refs=32 ane_max_refs=1024 ane_start_failures=0 ane_scatter_failures=0 cold_tail=gather_scatter_gpu_overlap
ds4: resident MPP/NAX prefill layer=8 mpp_groups=0 mpp_refs=0 fallback_groups=145 fallback_refs=1402 ane_groups=41 ane_refs=5186 ane_min_refs=32 ane_max_refs=1024 ane_start_failures=0 ane_scatter_failures=0 cold_tail=gather_scatter_gpu_overlap
ds4: resident MPP/NAX prefill layer=9 mpp_groups=0 mpp_refs=0 fallback_groups=154 fallback_refs=1471 ane_groups=51 ane_refs=5117 ane_min_refs=32 ane_max_refs=1024 ane_start_failures=0 ane_scatter_failures=0 cold_tail=gather_scatter_gpu_overlap
ds4: resident MPP/NAX prefill layer=10 mpp_groups=0 mpp_refs=0 fallback_groups=153 fallback_refs=1539 ane_groups=52 ane_refs=5049 ane_min_refs=32 ane_max_refs=1024 ane_start_failures=0 ane_scatter_failures=0 cold_tail=gather_scatter_gpu_overlap
ds4: resident MPP/NAX prefill layer=11 mpp_groups=0 mpp_refs=0 fallback_groups=147 fallback_refs=1343 ane_groups=54 ane_refs=5245 ane_min_refs=32 ane_max_refs=1024 ane_start_failures=0 ane_scatter_failures=0 cold_tail=gather_scatter_gpu_overlap
ds4: resident MPP/NAX prefill layer=12 mpp_groups=0 mpp_refs=0 fallback_groups=139 fallback_refs=1359 ane_groups=49 ane_refs=5229 ane_min_refs=32 ane_max_refs=1024 ane_start_failures=0 ane_scatter_failures=0 cold_tail=gather_scatter_gpu_overlap
ds4: resident MPP/NAX prefill layer=13 mpp_groups=0 mpp_refs=0 fallback_groups=145 fallback_refs=1097 ane_groups=48 ane_refs=5491 ane_min_refs=32 ane_max_refs=1024 ane_start_failures=0 ane_scatter_failures=0 cold_tail=gather_scatter_gpu_overlap
ds4: resident MPP/NAX prefill layer=14 mpp_groups=0 mpp_refs=0 fallback_groups=127 fallback_refs=980 ane_groups=44 ane_refs=5608 ane_min_refs=32 ane_max_refs=1024 ane_start_failures=0 ane_scatter_failures=0 cold_tail=gather_scatter_gpu_overlap
ds4: resident MPP/NAX prefill layer=15 mpp_groups=0 mpp_refs=0 fallback_groups=127 fallback_refs=1132 ane_groups=40 ane_refs=5456 ane_min_refs=32 ane_max_refs=1024 ane_start_failures=0 ane_scatter_failures=0 cold_tail=gather_scatter_gpu_overlap
ds4: resident MPP/NAX prefill layer=16 mpp_groups=0 mpp_refs=0 fallback_groups=123 fallback_refs=1010 ane_groups=43 ane_refs=5578 ane_min_refs=32 ane_max_refs=1024 ane_start_failures=0 ane_scatter_failures=0 cold_tail=gather_scatter_gpu_overlap
ds4: resident MPP/NAX prefill layer=17 mpp_groups=0 mpp_refs=0 fallback_groups=137 fallback_refs=1292 ane_groups=45 ane_refs=5296 ane_min_refs=32 ane_max_refs=1024 ane_start_failures=0 ane_scatter_failures=0 cold_tail=gather_scatter_gpu_overlap
ds4: resident MPP/NAX prefill layer=18 mpp_groups=0 mpp_refs=0 fallback_groups=137 fallback_refs=1158 ane_groups=44 ane_refs=5430 ane_min_refs=32 ane_max_refs=1024 ane_start_failures=0 ane_scatter_failures=0 cold_tail=gather_scatter_gpu_overlap
ds4: resident MPP/NAX prefill layer=19 mpp_groups=0 mpp_refs=0 fallback_groups=156 fallback_refs=1636 ane_groups=66 ane_refs=4952 ane_min_refs=32 ane_max_refs=1024 ane_start_failures=0 ane_scatter_failures=0 cold_tail=gather_scatter_gpu_overlap
ds4: resident MPP/NAX prefill layer=20 mpp_groups=0 mpp_refs=0 fallback_groups=129 fallback_refs=970 ane_groups=49 ane_refs=5618 ane_min_refs=32 ane_max_refs=1024 ane_start_failures=0 ane_scatter_failures=0 cold_tail=gather_scatter_gpu_overlap
ds4: resident MPP/NAX prefill layer=21 mpp_groups=0 mpp_refs=0 fallback_groups=143 fallback_refs=1304 ane_groups=46 ane_refs=5284 ane_min_refs=32 ane_max_refs=1024 ane_start_failures=0 ane_scatter_failures=0 cold_tail=gather_scatter_gpu_overlap
ds4: resident MPP/NAX prefill layer=22 mpp_groups=0 mpp_refs=0 fallback_groups=147 fallback_refs=1098 ane_groups=53 ane_refs=5490 ane_min_refs=32 ane_max_refs=1024 ane_start_failures=0 ane_scatter_failures=0 cold_tail=gather_scatter_gpu_overlap
ds4: resident MPP/NAX prefill layer=23 mpp_groups=0 mpp_refs=0 fallback_groups=151 fallback_refs=1373 ane_groups=57 ane_refs=5215 ane_min_refs=32 ane_max_refs=1024 ane_start_failures=0 ane_scatter_failures=0 cold_tail=gather_scatter_gpu_overlap
ds4: resident MPP/NAX prefill layer=24 mpp_groups=0 mpp_refs=0 fallback_groups=140 fallback_refs=1326 ane_groups=52 ane_refs=5262 ane_min_refs=32 ane_max_refs=1024 ane_start_failures=0 ane_scatter_failures=0 cold_tail=gather_scatter_gpu_overlap
ds4: resident MPP/NAX prefill layer=25 mpp_groups=0 mpp_refs=0 fallback_groups=148 fallback_refs=1639 ane_groups=60 ane_refs=4949 ane_min_refs=32 ane_max_refs=1024 ane_start_failures=0 ane_scatter_failures=0 cold_tail=gather_scatter_gpu_overlap
ds4: resident MPP/NAX prefill layer=26 mpp_groups=0 mpp_refs=0 fallback_groups=138 fallback_refs=1308 ane_groups=50 ane_refs=5280 ane_min_refs=32 ane_max_refs=1024 ane_start_failures=0 ane_scatter_failures=0 cold_tail=gather_scatter_gpu_overlap
ds4: resident MPP/NAX prefill layer=27 mpp_groups=0 mpp_refs=0 fallback_groups=148 fallback_refs=1268 ane_groups=52 ane_refs=5320 ane_min_refs=32 ane_max_refs=1024 ane_start_failures=0 ane_scatter_failures=0 cold_tail=gather_scatter_gpu_overlap
ds4: resident MPP/NAX prefill layer=28 mpp_groups=0 mpp_refs=0 fallback_groups=125 fallback_refs=1089 ane_groups=44 ane_refs=5499 ane_min_refs=32 ane_max_refs=1024 ane_start_failures=0 ane_scatter_failures=0 cold_tail=gather_scatter_gpu_overlap
ds4: resident MPP/NAX prefill layer=29 mpp_groups=0 mpp_refs=0 fallback_groups=163 fallback_refs=2459 ane_groups=42 ane_refs=4129 ane_min_refs=32 ane_max_refs=1024 ane_start_failures=0 ane_scatter_failures=0 cold_tail=gather_scatter_gpu_overlap
ds4: resident MPP/NAX prefill layer=30 mpp_groups=0 mpp_refs=0 fallback_groups=144 fallback_refs=1338 ane_groups=54 ane_refs=5250 ane_min_refs=32 ane_max_refs=1024 ane_start_failures=0 ane_scatter_failures=0 cold_tail=gather_scatter_gpu_overlap
ds4: resident MPP/NAX prefill layer=31 mpp_groups=0 mpp_refs=0 fallback_groups=158 fallback_refs=1558 ane_groups=49 ane_refs=5030 ane_min_refs=32 ane_max_refs=1024 ane_start_failures=0 ane_scatter_failures=0 cold_tail=gather_scatter_gpu_overlap
ds4: resident MPP/NAX prefill layer=32 mpp_groups=0 mpp_refs=0 fallback_groups=121 fallback_refs=1120 ane_groups=40 ane_refs=5468 ane_min_refs=32 ane_max_refs=1024 ane_start_failures=0 ane_scatter_failures=0 cold_tail=gather_scatter_gpu_overlap
ds4: resident MPP/NAX prefill layer=33 mpp_groups=0 mpp_refs=0 fallback_groups=143 fallback_refs=1158 ane_groups=43 ane_refs=5430 ane_min_refs=32 ane_max_refs=1024 ane_start_failures=0 ane_scatter_failures=0 cold_tail=gather_scatter_gpu_overlap
ds4: resident MPP/NAX prefill layer=34 mpp_groups=0 mpp_refs=0 fallback_groups=141 fallback_refs=1140 ane_groups=41 ane_refs=5448 ane_min_refs=32 ane_max_refs=1024 ane_start_failures=0 ane_scatter_failures=0 cold_tail=gather_scatter_gpu_overlap
ds4: resident MPP/NAX prefill layer=35 mpp_groups=0 mpp_refs=0 fallback_groups=170 fallback_refs=1565 ane_groups=52 ane_refs=5023 ane_min_refs=32 ane_max_refs=1024 ane_start_failures=0 ane_scatter_failures=0 cold_tail=gather_scatter_gpu_overlap
ds4: resident MPP/NAX prefill layer=36 mpp_groups=0 mpp_refs=0 fallback_groups=130 fallback_refs=915 ane_groups=36 ane_refs=5673 ane_min_refs=32 ane_max_refs=1024 ane_start_failures=0 ane_scatter_failures=0 cold_tail=gather_scatter_gpu_overlap
ds4: resident MPP/NAX prefill layer=37 mpp_groups=0 mpp_refs=0 fallback_groups=145 fallback_refs=2302 ane_groups=39 ane_refs=4286 ane_min_refs=32 ane_max_refs=1024 ane_start_failures=0 ane_scatter_failures=0 cold_tail=gather_scatter_gpu_overlap
ds4: resident MPP/NAX prefill layer=38 mpp_groups=0 mpp_refs=0 fallback_groups=139 fallback_refs=1211 ane_groups=42 ane_refs=5377 ane_min_refs=32 ane_max_refs=1024 ane_start_failures=0 ane_scatter_failures=0 cold_tail=gather_scatter_gpu_overlap
ds4: resident MPP/NAX prefill layer=39 mpp_groups=0 mpp_refs=0 fallback_groups=150 fallback_refs=1264 ane_groups=58 ane_refs=5324 ane_min_refs=32 ane_max_refs=1024 ane_start_failures=0 ane_scatter_failures=0 cold_tail=gather_scatter_gpu_overlap
ds4: resident MPP/NAX prefill layer=40 mpp_groups=0 mpp_refs=0 fallback_groups=135 fallback_refs=1129 ane_groups=44 ane_refs=5459 ane_min_refs=32 ane_max_refs=1024 ane_start_failures=0 ane_scatter_failures=0 cold_tail=gather_scatter_gpu_overlap
ds4: resident MPP/NAX prefill layer=41 mpp_groups=0 mpp_refs=0 fallback_groups=150 fallback_refs=1453 ane_groups=44 ane_refs=5135 ane_min_refs=32 ane_max_refs=1024 ane_start_failures=0 ane_scatter_failures=0 cold_tail=gather_scatter_gpu_overlap
ds4: resident MPP/NAX prefill layer=42 mpp_groups=0 mpp_refs=0 fallback_groups=142 fallback_refs=1132 ane_groups=50 ane_refs=5456 ane_min_refs=32 ane_max_refs=1024 ane_start_failures=0 ane_scatter_failures=0 cold_tail=gather_scatter_gpu_overlap
ds4: metal layer-major prefill total tokens=1098 encode=4510.264 ms execute=826.593 ms read=0.040 ms total=5336.914 ms
ds4: prefill full: 1098 tokens in 5603.9 ms (195.9 t/s)

ds4: ----------------------------------------
ds4: prefill: 195.94 t/s, generation: 11235.96 t/s
ds4: ANE prefill stats calls=2106 ok=2106 skipped_big_refs=0 compile_attempts=1 compile_failures=0 eval_calls=2322 eval_failures=0 write_failures=0 reopen_failures=0
ds4: ANE prefill timing dequant=10.679 ms input=0.371 ms ane_eval=14032.170 ms ane_eval_a=14032.170 ms ane_eval_b=0.000 ms ane_eval_c=0.000 ms ane_eval_d=0.000 ms ane_wall_est=14032.170 ms writeback=8.259 ms helper_avg=6.043140 ms ane_calls=2322 ane_call_avg=6.043140 ms
ds4: ANE prefill timing2 output_pack=7.861 ms measured_total=14059.340 ms
ds4: ANE prefill timing3 dequant_wait=3962.285 ms post_wait=0.000 ms x_zero=13.368 ms x_copy=18.710 ms out_zero=38.435 ms out_f16_copy=41.500 ms output_convert=7.861 ms output_gpu_encode=7.861 ms output_chunks=2106 output_elems=895500288 output_convert_rate=113.917 Gelem/s
ds4: ANE prefill timing4 wait_predict=0.000 ms finish_join_ane=2740.704 ms finish_join_post=0.000 ms wait_predict_calls=0 finish_calls=2106
ds4: ANE prefill chunks refs=218628 padded_refs=594432 pad_util=36.78% le16=22 le64=1151 le128=609 full=216
ds4: ANE prefill batch_hist B256=2322 refs=218628 util=36.8%
