ds4: profile prefill_by_tokens: 99999:nax_int8
ds4: applied tuning profile [Apple M5 Max] from ds4_profile.json (10 env defaults set, 0 kept from environment)
ds4: context buffers 1488.81 MiB (ctx=40000, backend=metal, prefill_chunk=16384, raw_kv_rows=16640, compressed_kv_rows=514/10002 max, grow_block=2048)
ds4: Metal device Apple M5 Max, 128.00 GiB RAM, GPU working-set budget 107.52 GiB (raise with: sudo sysctl iogpu.wired_limit_mb=<MB>)
ds4: drift-patch flags hc_stable=on norm_unify=on kv_raw_f32=off rope_exp2_log2=off math_safe=off tensor_matmul=off
ds4: MXFP4 native library (MSL 4.1): repack=ok selected-repack=ok selected-plane-copy=ok scale-plane matmul=ok selected-matmul=ok decode2=pair/sum6 batch-decode2=pair/sum6 batch-strided=pair/sum6 hybrid-down=sum6 chunked-decode2=pair/sum6
ds4: DSpark resident expert cache: ranges=9 bytes=9.56 GiB (persistent; debug opt-out requires DS4_DSPARK_ALLOW_NONRESIDENT=1)
ds4: DSpark sidecar Metal residency requested: buffers=9 bytes=9.56 GiB
ds4: DSpark draft package loaded: /Users/anemll/Models/DSv4-Flash-DSpark-draft (block=5 verify=5 active=5 scheduler=rate conf=0.400 noise=128799 target_layers=40,41,42 markov_rank=256 records=81 mapped=10.12 GiB)
ds4: DSpark draft records: F32=41 F16=6 FP8_E4M3=25 MXFP4_NATIVE=9
ds4: DSpark draft inference enabled: MPP 4.1 FP8/MXFP4 draft kernels, fused routed-MoE per draft layer, persistent resident experts, greedy Markov head, strict_v1 verifier
ds4: Metal model views created in 2.522 ms, residency requested in 1034.256 ms, warmup 4.724 ms (mapped 82697.67 MiB from offset 5.08 MiB)
ds4: Metal mapped mmaped model as 2 overlapping shared buffers
ds4: metal backend initialized for graph diagnostics
ds4: resident MPP/NAX prewarm: 2.8 ms total (paid before prefill timer)
ds4: prefill routed-MoE (requested): int8 matmul2d (compact-bridge fused-dequant)  [grouped path]
ds4: prefill quant scales (MPP/NAX env first): w_qscale=512 x_qscale=32 mid_qscale=32 w_scale=0.00195312 x_scale=0.03125 mid_scale=0.03125
ds4: prefill ctx-grow: on, block=2048 tokens
ds4: prefill chunk cap: 16384, graph_raw_cap=auto
ds4: startup timing: engine=6.096s profile=0.000s model=0.005s sidecar=0.000s weights=0.000s dspark=5.046s backend=1.042s prewarm=0.003s
ds4: session startup timing: total=0.004s raw-graph=0.004s flash-moe=0.000s steering=0.000s draft-scratch=yes
processing 60 input tokens: 0/60 (0.0%) batch=0.00 t/s avg=0.00 t/s
processing 60 input tokens: 1/60 (1.7%) batch=61.94 t/s avg=61.27 t/s
processing 60 input tokens: 2/60 (3.3%) batch=8.49 t/s avg=14.92 t/s
processing 60 input tokens: 4/60 (6.7%) batch=15.55 t/s avg=15.23 t/s
processing 60 input tokens: 5/60 (8.3%) batch=8.59 t/s avg=13.19 t/s
processing 60 input tokens: 6/60 (10.0%) batch=13.86 t/s avg=13.29 t/s
processing 60 input tokens: 8/60 (13.3%) batch=34.33 t/s avg=15.70 t/s
processing 60 input tokens: 9/60 (15.0%) batch=17.01 t/s avg=15.84 t/s
processing 60 input tokens: 11/60 (18.3%) batch=32.32 t/s avg=17.45 t/s
processing 60 input tokens: 12/60 (20.0%) batch=14.96 t/s avg=17.21 t/s
processing 60 input tokens: 13/60 (21.7%) batch=15.93 t/s avg=17.11 t/s
processing 60 input tokens: 15/60 (25.0%) batch=27.32 t/s avg=18.01 t/s
processing 60 input tokens: 16/60 (26.7%) batch=14.99 t/s avg=17.78 t/s
processing 60 input tokens: 18/60 (30.0%) batch=36.65 t/s avg=18.86 t/s
processing 60 input tokens: 19/60 (31.7%) batch=17.59 t/s avg=18.79 t/s
processing 60 input tokens: 20/60 (33.3%) batch=18.30 t/s avg=18.76 t/s
processing 60 input tokens: 22/60 (36.7%) batch=41.52 t/s avg=19.75 t/s
processing 60 input tokens: 23/60 (38.3%) batch=16.11 t/s avg=19.56 t/s
processing 60 input tokens: 25/60 (41.7%) batch=40.47 t/s avg=20.40 t/s
processing 60 input tokens: 26/60 (43.3%) batch=19.74 t/s avg=20.37 t/s
processing 60 input tokens: 27/60 (45.0%) batch=17.58 t/s avg=20.25 t/s
processing 60 input tokens: 29/60 (48.3%) batch=25.57 t/s avg=20.55 t/s
processing 60 input tokens: 30/60 (50.0%) batch=16.33 t/s avg=20.37 t/s
processing 60 input tokens: 32/60 (53.3%) batch=29.15 t/s avg=20.76 t/s
processing 60 input tokens: 33/60 (55.0%) batch=16.50 t/s avg=20.60 t/s
processing 60 input tokens: 34/60 (56.7%) batch=15.95 t/s avg=20.43 t/s
processing 60 input tokens: 36/60 (60.0%) batch=41.60 t/s avg=21.02 t/s
processing 60 input tokens: 37/60 (61.7%) batch=16.64 t/s avg=20.87 t/s
processing 60 input tokens: 39/60 (65.0%) batch=44.43 t/s avg=21.46 t/s
processing 60 input tokens: 40/60 (66.7%) batch=14.56 t/s avg=21.21 t/s
processing 60 input tokens: 41/60 (68.3%) batch=15.18 t/s avg=21.00 t/s
processing 60 input tokens: 43/60 (71.7%) batch=32.09 t/s avg=21.35 t/s
processing 60 input tokens: 44/60 (73.3%) batch=16.23 t/s avg=21.19 t/s
processing 60 input tokens: 46/60 (76.7%) batch=27.68 t/s avg=21.41 t/s
processing 60 input tokens: 47/60 (78.3%) batch=16.21 t/s avg=21.27 t/s
processing 60 input tokens: 48/60 (80.0%) batch=16.57 t/s avg=21.14 t/s
processing 60 input tokens: 50/60 (83.3%) batch=29.37 t/s avg=21.38 t/s
processing 60 input tokens: 51/60 (85.0%) batch=15.46 t/s avg=21.22 t/s
processing 60 input tokens: 53/60 (88.3%) batch=32.57 t/s avg=21.50 t/s
processing 60 input tokens: 54/60 (90.0%) batch=15.59 t/s avg=21.35 t/s
processing 60 input tokens: 55/60 (91.7%) batch=15.84 t/s avg=21.22 t/s
processing 60 input tokens: 57/60 (95.0%) batch=29.34 t/s avg=21.43 t/s
processing 60 input tokens: 58/60 (96.7%) batch=16.25 t/s avg=21.31 t/s
processing 60 input tokens: 60/60 (100.0%) batch=32.05 t/s avg=21.55 t/s
ds4: dspark draft FP8 rows5 kernel enabled
ds4: dspark draft FP8 strided rows5 kernel enabled
ds4: [mxfp4-native] two-dispatch plane decode arm engaged (dspark-strided, experts=6)
ds4: dspark verifier strict_v1 active=5 prefixN=1
ds4: dspark verifier Q8 rows5 shared-exact kernel enabled
ds4: dspark verifier microbatch KV FP8/raw-store rows enabled
ds4: dspark hybrid FFN-pre verifier using exact F16 rows path
ds4: dspark hybrid row-router verifier using exact F16 logits rows path
ds4: dspark hybrid row-router verifier using exact selector rows path
ds4: routed MoE exact ordered expert-sum kernel enabled
ds4: dspark hybrid row-routed verifier using monolithic row-exact tiny batch path
ds4: dspark hybrid shared verifier using exact fused rows path
ds4: dspark hybrid shared verifier using exact shared-down+HC rows path
ds4: dspark hybrid attention verifier using exact F16 compressor rows path
ds4: dspark hybrid attention verifier using exact F16 indexer-compressor rows path
ds4: dspark hybrid verifier deferring plain attention heads to batch call
ds4: dspark hybrid verifier using rows-exact flash attention heads
ds4: dspark verifier using experimental varmap rows5 attention kernel
ds4: decode-progress: tokens=1000 window=34.73 t/s (1000 tokens in 28.791s) cumulative=34.73 t/s elapsed=28.791s
ds4: decode-progress: tokens=2000 window=36.50 t/s (1000 tokens in 27.395s) cumulative=35.60 t/s elapsed=56.186s
ds4: ----------------------------------------
ds4: prefill: 19.24 t/s, generation: 35.65 t/s (2500 tokens in 70.128s)
ds4: ttf: first-output=9.593s total=79.488s (engine=6.096s session=0.004s prompt=0.002s prefill=3.119s decode=70.128s)
ds4: dspark perf: draft=93.7 tok/s, verify=83.5 proposed tok/s, verify-accepted=41.0 tok/s, block=22.73 ms (draft=10.55 verify=11.84 overhead=0.34 commit=0.24, tau=0.49, blocks=340)
ds4: dspark verify GPU-busy: 10.75 ms/block of 11.84 ms verify (90.8% active, 9.2% idle)
ds4: dspark draft-overlap upper-bound: 39.8 tok/s (1.87x block decode, hides 10.55 ms/block)
ds4: vm pressure: app=11.38 GiB resident=6.60 GiB wired=97.08 GiB compressed=17.71 GiB logical=31.24 GiB swap=26.50/27.00 GiB pressure=94% free=0.16 GiB gpu=11.30 GiB gpu-compressed=0.03 GiB task-compressed=9.51 GiB decompressions=682378
ds4: dspark acceptance: 49.1% (165/336 draft tokens)
ds4: dspark acceptance by position: 1=74/113 2=50/98 3=32/90 4=7/28 5=2/7
ds4: dspark conditional acceptance: 1=65.5% (74/113) 2|1=78.1% (50/64) 3|1-2=74.4% (32/43) 4|1-3=58.3% (7/12) 5|1-4=66.7% (2/3)
ds4: dspark full-accept: 38.1% (43/113 blocks), first-miss: 34.5% (39/113 blocks)
ds4: dspark avg scheduled: 2.97 draft tokens/block (113 blocks)
ds4: dspark conf-calib reliability (bin pred-mean realized n):
ds4:   [0.1-0.2) pred=0.185 realized=0.000 n=6
ds4:   [0.2-0.3) pred=0.257 realized=0.200 n=25
ds4:   [0.3-0.4) pred=0.350 realized=0.128 n=39
ds4:   [0.4-0.5) pred=0.445 realized=0.143 n=35
ds4:   [0.5-0.6) pred=0.537 realized=0.500 n=36
ds4:   [0.6-0.7) pred=0.646 realized=0.540 n=50
ds4:   [0.7-0.8) pred=0.747 realized=0.459 n=37
ds4:   [0.8-0.9) pred=0.851 realized=0.698 n=43
ds4:   [0.9-1.0) pred=0.954 realized=0.892 n=65
ds4: dspark conf-calib ECE=0.1477 samples=336
real 79.77
user 4.70
sys 4.39
