ds4: detected DS4 sidecar package: -m /Users/anemll/Models/flash/dsv4-iq2xxs-expert-major/dense/model-dense.gguf, --moe-sidecar /Users/anemll/Models/flash/dsv4-iq2xxs-expert-major, --moe-mode slot-bank
ds4: profile: 20 ANE env defaults skipped (ANE off by default until precision work lands; enable with --ane or DS4_ANE=1)
ds4: applied sidecar tuning profile [Apple M5 Max] from ds4_profile.json (31 env defaults set, 0 kept from environment)
ds4: context buffers 1488.81 MiB (ctx=40000, backend=metal, prefill_chunk=16384, raw_kv_rows=16640, compressed_kv_rows=514/10002 max, grow_block=2048)
ds4: Flash-MoE sidecar loaded: /Users/anemll/Models/flash/dsv4-iq2xxs-expert-major (slot-bank=256, expert-record 6.75 MiB)
ds4: Flash-MoE expert mmap cache: off; expert reads: pread
ds4: Metal device Apple M5 Max, 128.00 GiB RAM, GPU working-set budget 107.52 GiB (raise with: sudo sysctl iogpu.wired_limit_mb=<MB>)
ds4: drift-patch flags hc_stable=on norm_unify=on kv_raw_f32=off rope_exp2_log2=off math_safe=off tensor_matmul=off
ds4: MXFP4 native library (MSL 4.1): repack=ok selected-repack=ok selected-plane-copy=ok scale-plane matmul=ok selected-matmul=ok decode2=pair/sum6 batch-decode2=pair/sum6 batch-strided=pair/sum6 hybrid-down=sum6 chunked-decode2=pair/sum6
ds4: DS4_MXFP4_NATIVE=1: native MXFP4 available (MPP 4.1 scale-plane matmul2d)
ds4: Flash-MoE using mmap-backed dense/shared weights without full-model Metal residency warmup
ds4: Metal model views created in 0.308 ms, residency requested in 0.000 ms, warmup 0.000 ms (mapped 8393.67 MiB from offset 5.06 MiB)
ds4: Metal mapped mmaped model as 1 overlapping shared buffers
ds4: metal backend initialized for graph diagnostics
ds4: prefill routed-MoE (requested): mul_mm_id (grouped GPU / ALU)  [grouped path]
ds4: prefill ctx-grow: on, block=2048 tokens
ds4: prefill chunk cap: 16384, graph_raw_cap=auto
ds4: startup timing: engine=0.071s profile=0.001s model=0.007s sidecar=0.006s weights=0.001s dspark=0.000s backend=0.056s prewarm=0.000s
ds4: Flash-MoE resident mixed slot-bank load: layers=43 slots=256 bytes=72.56 GiB (one dot per layer)
ds4: Flash-MoE resident prepare: ........................................... 72.56/72.56 GiB (43 layers)
ds4: Flash-MoE resident preload: ........................................... 72.56/72.56 GiB (43 layers)
ds4: Flash-MoE preloaded mixed slot bank: layers=43 slots=256 identity-mapped experts=256
ds4: Flash-MoE slot-bank Metal residency requested: buffers=43 bytes=72.56 GiB
ds4: Flash-MoE slot-bank pages touched: buffers=43 bytes=72.56 GiB
ds4: Flash-MoE slot banks allocated: layers=43 slots=256 gpu-bank=72.6GB Dense: 8.2GB Context: 3.1GB Total <<<< 83.9GB >>>>
ds4: Flash-MoE slot bank layout: mixed expert-major
ds4: warning: very large Flash-MoE slot bank can collapse decode throughput (slots=256, gpu-bank=72.56 GiB). The wired bank competes with the OS file cache that serves decode-miss reads of the sidecar; when the sidecar is larger than RAM, smaller banks decode faster. Compare --moe-slot-bank 32/48/64 or use --ssd-cache auto.
ds4: prefill compute: routed experts = GPU fp32 | dense proj = Q8 direct-RHS NAX; K-quant dense = fused mul_mm_id batch
ds4: prefill I/O: io-split=4 async-pread=on pread-threads=4 readahead=12 bank-prefetch=3 slot-cache-topk=0 xlayer=auto<=6k-tok topk=128
ds4: decode  I/O: io-split=4 router-prefetch=off scratch-prefetch=off max-loads=0 layer-stride=1 miss-direct-slot-pread=on prefetch-direct-slot-pread=off did-modify=on shared-down=on reset-after-prefill=off realloc-after-prefill=off restore-after-prefill=off resident=slot-bank slots=256
ds4: Flash-MoE banked kernels using M5 simdgroup_matrix fast path (prefetch=3, banks=4)
ds4: session startup timing: total=14.323s raw-graph=0.002s flash-moe=14.321s steering=0.000s draft-scratch=no
processing 32767 input tokens: 0/32767 (0.0%) batch=0.00 t/s avg=0.00 t/s
processing 32767 input tokens: 0/32767 (0.0%) batch=0.00 t/s avg=0.00 t/s
processing 32767 input tokens: 381/32767 (1.2%) batch=367.25 t/s avg=325.45 t/s
processing 32767 input tokens: 762/32767 (2.3%) batch=471.36 t/s avg=385.05 t/s
processing 32767 input tokens: 1143/32767 (3.5%) batch=303.06 t/s avg=353.19 t/s
processing 32767 input tokens: 1524/32767 (4.7%) batch=456.58 t/s avg=374.39 t/s
processing 32767 input tokens: 1905/32767 (5.8%) batch=312.14 t/s avg=360.03 t/s
processing 32767 input tokens: 2286/32767 (7.0%) batch=442.07 t/s avg=371.52 t/s
processing 32767 input tokens: 2667/32767 (8.1%) batch=308.39 t/s avg=360.96 t/s
processing 32767 input tokens: 3048/32767 (9.3%) batch=451.59 t/s avg=370.25 t/s
processing 32767 input tokens: 3429/32767 (10.5%) batch=308.25 t/s avg=362.16 t/s
processing 32767 input tokens: 3810/32767 (11.6%) batch=429.32 t/s avg=367.91 t/s
processing 32767 input tokens: 4191/32767 (12.8%) batch=296.44 t/s avg=360.02 t/s
processing 32767 input tokens: 4572/32767 (14.0%) batch=437.09 t/s avg=365.39 t/s
processing 32767 input tokens: 4953/32767 (15.1%) batch=304.90 t/s avg=359.90 t/s
processing 32767 input tokens: 5334/32767 (16.3%) batch=424.33 t/s avg=363.84 t/s
processing 32767 input tokens: 5715/32767 (17.4%) batch=298.01 t/s avg=358.56 t/s
processing 32767 input tokens: 6096/32767 (18.6%) batch=425.30 t/s avg=362.12 t/s
processing 32767 input tokens: 6477/32767 (19.8%) batch=289.09 t/s avg=356.81 t/s
processing 32767 input tokens: 6858/32767 (20.9%) batch=419.07 t/s avg=359.78 t/s
processing 32767 input tokens: 7239/32767 (22.1%) batch=295.87 t/s avg=355.74 t/s
processing 32767 input tokens: 7620/32767 (23.3%) batch=441.76 t/s avg=359.24 t/s
processing 32767 input tokens: 8001/32767 (24.4%) batch=281.86 t/s avg=354.60 t/s
processing 32767 input tokens: 8382/32767 (25.6%) batch=416.05 t/s avg=357.00 t/s
processing 32767 input tokens: 8763/32767 (26.7%) batch=288.44 t/s avg=353.35 t/s
processing 32767 input tokens: 9144/32767 (27.9%) batch=420.49 t/s avg=355.71 t/s
processing 32767 input tokens: 9525/32767 (29.1%) batch=283.06 t/s avg=352.10 t/s
processing 32767 input tokens: 9906/32767 (30.2%) batch=419.87 t/s avg=354.30 t/s
processing 32767 input tokens: 10287/32767 (31.4%) batch=293.08 t/s avg=351.58 t/s
processing 32767 input tokens: 10668/32767 (32.6%) batch=422.67 t/s avg=353.70 t/s
processing 32767 input tokens: 11049/32767 (33.7%) batch=292.48 t/s avg=351.17 t/s
processing 32767 input tokens: 11430/32767 (34.9%) batch=426.64 t/s avg=353.25 t/s
processing 32767 input tokens: 11811/32767 (36.0%) batch=291.49 t/s avg=350.85 t/s
processing 32767 input tokens: 12192/32767 (37.2%) batch=413.56 t/s avg=352.52 t/s
processing 32767 input tokens: 12573/32767 (38.4%) batch=292.12 t/s avg=350.33 t/s
processing 32767 input tokens: 12954/32767 (39.5%) batch=426.43 t/s avg=352.18 t/s
processing 32767 input tokens: 13335/32767 (40.7%) batch=287.17 t/s avg=349.91 t/s
processing 32767 input tokens: 13716/32767 (41.9%) batch=415.33 t/s avg=351.45 t/s
processing 32767 input tokens: 14097/32767 (43.0%) batch=290.81 t/s avg=349.48 t/s
processing 32767 input tokens: 14478/32767 (44.2%) batch=425.54 t/s avg=351.13 t/s
processing 32767 input tokens: 14859/32767 (45.3%) batch=284.05 t/s avg=349.02 t/s
processing 32767 input tokens: 15240/32767 (46.5%) batch=421.57 t/s avg=350.53 t/s
processing 32767 input tokens: 15621/32767 (47.7%) batch=294.16 t/s avg=348.90 t/s
processing 32767 input tokens: 16002/32767 (48.8%) batch=437.27 t/s avg=350.58 t/s
processing 32767 input tokens: 16384/32767 (50.0%) batch=290.58 t/s avg=348.90 t/s
processing 32767 input tokens: 16384/32767 (50.0%) batch=0.00 t/s avg=348.89 t/s
processing 32767 input tokens: 16384/32767 (50.0%) batch=0.00 t/s avg=348.89 t/s
processing 32767 input tokens: 16765/32767 (51.2%) batch=442.59 t/s avg=350.58 t/s
processing 32767 input tokens: 17146/32767 (52.3%) batch=448.97 t/s avg=352.29 t/s
processing 32767 input tokens: 17527/32767 (53.5%) batch=204.89 t/s avg=346.87 t/s
processing 32767 input tokens: 17908/32767 (54.7%) batch=400.92 t/s avg=347.87 t/s
processing 32767 input tokens: 18289/32767 (55.8%) batch=214.73 t/s avg=343.43 t/s
processing 32767 input tokens: 18670/32767 (57.0%) batch=386.36 t/s avg=344.21 t/s
processing 32767 input tokens: 19051/32767 (58.1%) batch=212.97 t/s avg=340.02 t/s
processing 32767 input tokens: 19432/32767 (59.3%) batch=400.61 t/s avg=341.03 t/s
processing 32767 input tokens: 19813/32767 (60.5%) batch=208.75 t/s avg=336.93 t/s
processing 32767 input tokens: 20194/32767 (61.6%) batch=395.35 t/s avg=337.87 t/s
processing 32767 input tokens: 20575/32767 (62.8%) batch=212.44 t/s avg=334.21 t/s
processing 32767 input tokens: 20956/32767 (64.0%) batch=383.52 t/s avg=335.00 t/s
processing 32767 input tokens: 21337/32767 (65.1%) batch=213.35 t/s avg=331.62 t/s
processing 32767 input tokens: 21718/32767 (66.3%) batch=395.01 t/s avg=332.56 t/s
processing 32767 input tokens: 22099/32767 (67.4%) batch=209.17 t/s avg=329.21 t/s
processing 32767 input tokens: 22480/32767 (68.6%) batch=385.92 t/s avg=330.03 t/s
processing 32767 input tokens: 22861/32767 (69.8%) batch=209.73 t/s avg=326.91 t/s
processing 32767 input tokens: 23242/32767 (70.9%) batch=373.00 t/s avg=327.57 t/s
processing 32767 input tokens: 23623/32767 (72.1%) batch=210.63 t/s avg=324.66 t/s
processing 32767 input tokens: 24004/32767 (73.3%) batch=394.51 t/s avg=325.58 t/s
processing 32767 input tokens: 24385/32767 (74.4%) batch=209.95 t/s avg=322.80 t/s
processing 32767 input tokens: 24766/32767 (75.6%) batch=383.99 t/s avg=323.59 t/s
processing 32767 input tokens: 25147/32767 (76.7%) batch=205.03 t/s avg=320.78 t/s
processing 32767 input tokens: 25528/32767 (77.9%) batch=377.38 t/s avg=321.50 t/s
processing 32767 input tokens: 25909/32767 (79.1%) batch=207.99 t/s avg=318.94 t/s
processing 32767 input tokens: 26290/32767 (80.2%) batch=369.15 t/s avg=319.57 t/s
processing 32767 input tokens: 26671/32767 (81.4%) batch=209.49 t/s avg=317.19 t/s
processing 32767 input tokens: 27052/32767 (82.6%) batch=381.10 t/s avg=317.94 t/s
processing 32767 input tokens: 27433/32767 (83.7%) batch=205.12 t/s avg=315.53 t/s
processing 32767 input tokens: 27814/32767 (84.9%) batch=380.20 t/s avg=316.27 t/s
processing 32767 input tokens: 28195/32767 (86.0%) batch=205.65 t/s avg=313.99 t/s
processing 32767 input tokens: 28576/32767 (87.2%) batch=369.64 t/s avg=314.62 t/s
processing 32767 input tokens: 28957/32767 (88.4%) batch=209.82 t/s avg=312.56 t/s
processing 32767 input tokens: 29338/32767 (89.5%) batch=381.56 t/s avg=313.30 t/s
processing 32767 input tokens: 29719/32767 (90.7%) batch=208.31 t/s avg=311.29 t/s
processing 32767 input tokens: 30100/32767 (91.9%) batch=384.71 t/s avg=312.04 t/s
processing 32767 input tokens: 30481/32767 (93.0%) batch=206.67 t/s avg=310.07 t/s
processing 32767 input tokens: 30862/32767 (94.2%) batch=383.47 t/s avg=310.80 t/s
processing 32767 input tokens: 31243/32767 (95.3%) batch=210.61 t/s avg=309.01 t/s
processing 32767 input tokens: 31624/32767 (96.5%) batch=380.73 t/s avg=309.71 t/s
processing 32767 input tokens: 32005/32767 (97.7%) batch=211.30 t/s avg=308.00 t/s
processing 32767 input tokens: 32386/32767 (98.8%) batch=394.35 t/s avg=308.80 t/s
processing 32767 input tokens: 32767/32767 (100.0%) batch=209.81 t/s avg=307.11 t/s
processing 32767 input tokens: 32767/32767 (100.0%) batch=0.00 t/s avg=307.11 t/s
processing 32767 input tokens: 32767/32767 (100.0%) batch=0.00 t/s avg=307.11 t/s
ds4: Flash-MoE mixed resident bank using fused GPU-selected decode path (slot id == expert id)
Here's a complete Tetris game implementation in C++ for macOS using SFML:

```cpp
// Tetris.cpp
// A complete Tetris game implementation for macOS using SFML
// Compile with: g++ -std=c++11 Tetris.cpp -o Tetris -lsfml-graphics -lsfml-window -lsfml-system

#include <SFML/Graphics.hpp>
#include <SFML/Window.hpp>
#include <SFML/System.hpp>
#include <vector>
#include <cstdlib>
#include <ctime>
#include <string>

// Game constants
const int BOARD_WIDTH = 10;
const int BOARD_HEIGHT = 20;
const int BLOCK_SIZE = 30;
const int WINDOW_WIDTH = BOARD_WIDTH * BLOCK_SIZE + 200; // Extra space for next piece display
const int WINDOW_HEIGHT = BOARD_HEIGHT * BLOCK_SIZE;

// Tetromino shapes (7 standard pieces)
const std::vector<std::vector<std::vector<int>>> SHAPES = {
    // I piece
    {{0,0,0,0},
     {1,1,1,1},
     {0,0,0,0},
     {0,0,0,0}},
    // O piece
    {{1,1},
     {1,1}},
    // T piece
    {{0,1,0},
     {1,1,1},
     {0,0,0}},
    // S piece
    {{0,1,1},
     {1,1,0},
     {0,0,0}},
    // Z piece
    {{1,1,0},
     {0,1,1},
     {0,0,0}},
    // J piece
    {{1,0,0},
     {1,1,1},
     {0,0,0}},
    // L piece
    {{0,0,1},
     {1,1,1},
     {0,0,0}}
};

// Colors for each piece type
const sf::Color PIECE_COLORS[] = {
    sf::Color::Cyan,      // I
    sf::Color::Yellow,    // O
    sf::Color::Magenta,   // T
    sf::Color::Green,     // S
    sf::Color::Red,       // Z
    sf::Color::Blue,      // J
    sf::Color(255,165,0)  // L (Orange)
};

class Tetris {
private:
    sf::RenderWindow window;
    std::vector<std::vector<int>> board;
    std::vector<std::vector<int>> currentPiece;
    std::vector<std::vector<int>> nextPiece;
    int currentPieceType;
    int nextPieceType;
    int currentX, currentY;
    int score;
    int level;
    int linesCleared;
    sf::Clock fallTimer;
    sf::Clock inputTimer;
    float fallSpeed;
    bool gameOver;
    bool paused;

public:
    Tetris() : window(sf::VideoMode(WINDOW_WIDTH, WINDOW_HEIGHT), "Tetris"),
               board(BOARD_HEIGHT, std::vector<int>(BOARD_WIDTH, 0)),
               score(0), level(1), linesCleared(0),
               fallSpeed(1.0f), gameOver(false), paused(false) {
        std::srand(std::time(nullptr));
        window.setFramerateLimit(60);
        spawnNewPiece();
        generateNextPiece();
    }

    void run() {
        while (window.isOpen()) {
            handleEvents();
            if (!gameOver && !paused) {
                update();
            }
            render();
        }
    }

private:
    void handleEvents() {
        sf::Event event;
        while (window.pollEvent(event)) {
            if (event.type == sf::Event::Closed)
                window.close();
            
            if (event.type == sf::Event::KeyPressed) {
                if (event.key.code == sf::Keyboard::P) {
                    paused = !paused;
                }
                
                if (!gameOver && !paused) {
                    handleInput(event.key.code);
                }
                
                if (gameOver && event.key.code == sf::Keyboard::R) {
                    resetGame();
                }
            }
        }
    }

    void handleInput(sf::Keyboard::Key key) {
        // Prevent too fast input
        if (inputTimer.getElapsedTime().asSeconds() < 0.1f) return;
        inputTimer.restart();

        switch (key) {
            case sf::Keyboard::Left:
                if (canMove(currentPiece, currentX - 1, currentY))
                    currentX--;
                break;
            case sf::Keyboard::Right:
                if (canMove(currentPiece, currentX + 1, currentY))
                    currentX++;
                break;
            case sf::Keyboard::Down:
                if (canMove(currentPiece, currentX, currentY + 1))
                    currentY++;
                else
                    lockPiece();
                break;
            case sf::Keyboard::Up:
                rotatePiece();
                break;
            case sf::Keyboard::Space:
                // Hard drop
                while (canMove(currentPiece, currentX, currentY + 1))
                    currentY++;
                lockPiece();
                break;
        }
    }

    void update() {
        // Auto-fall
        if (fallTimer.getElapsedTime().asSeconds() >= fallSpeed) {
            if (canMove(currentPiece, currentX, currentY + 1)) {
                currentY++;
            } else {
                lockPiece();
            }
            fallTimer.restart();
        }
    }

    void render() {
        window.clear(sf::Color::Black);
        
        // Draw board
        drawBoard();
        
        // Draw current piece
        drawPiece(currentPiece, currentX, currentY, PIECE_COLORS[currentPieceType]);
        
        // Draw next piece preview
        drawNextPiece();
        
        // Draw UI
        drawUI();
        
        // Draw game over if needed
        if (gameOver) drawGameOver();
        
        window.display();
    }

    void drawBoard() {
        // Draw grid lines
        for (int y = 0; y < BOARD_HEIGHT; y++) {
            for (int x = 0; x < BOARD_WIDTH; x++) {
                sf::RectangleShape cell(sf::Vector2f(BLOCK_SIZE - 1, BLOCK_SIZE - 1));
                cell.setPosition(x * BLOCK_SIZE, y * BLOCK_SIZE);
                
                if (board[y][x] != 0) {
                    cell.setFillColor(PIECE_COLORS[board[y][x] - 1]);
                } else {
                    cell.setFillColor(sf::Color(50, 50, 50));
                }
                cell.setOutlineColor(sf::Color(100, 100, 100));
                cell.setOutlineThickness(1);
                window.draw(cell);
            }
        }
    }

    void drawPiece(const std::vector<std::vector<int>>& piece, int x, int y, sf::Color color) {
        for (int row = 0; row < piece.size(); row++) {
            for (int col = 0; col < piece[row].size(); col++) {
                if (piece[row][col] != 0) {
                    sf::RectangleShape cell(sf::Vector2f(BLOCK_SIZE - 1, BLOCK_SIZE - 1));
                    cell.setPosition((x + col) * BLOCK_SIZE, (y + row) * BLOCK_SIZE);
                    cell.setFillColor(color);
                    cell.setOutlineColor(sf::Color::White);
                    cell.setOutlineThickness(1);
                    window.draw(cell);
                }
            }
        }
    }

    void drawNextPiece() {
        // Draw next piece in the right panel
        sf::Text nextText;
        nextText.setFont(sf::Font()); // Will use default font
        nextText.setString("NEXT");
        nextText.setCharacterSize(20);
        nextText.setFillColor(sf::Color::White);
        nextText.setPosition(BOARD_WIDTH * BLOCK_SIZE + 20, 20);
        window.draw(nextText);
        
        drawPiece(nextPiece, BOARD_WIDTH + 2, 2, PIECE_COLORS[nextPieceType]);
    }

    void drawUI() {
        // Draw score
        sf::Text scoreText;
        scoreText.setFont(sf::Font());
        scoreText.setString("Score: " + std::to_string(score));
        scoreText.setCharacterSize(20);
        scoreText.setFillColor(sf::Color::White);
        scoreText.setPosition(BOARD_WIDTH * BLOCK_SIZE + 20, 100);
        window.draw(scoreText);
        
        // Draw level
        sf::Text levelText;
        levelText.setFont(sf::Font());
        levelText.setString("Level: " + std::to_string(level));
        levelText.setCharacterSize(20);
        levelText.setFillColor(sf::Color::White);
        levelText.setPosition(BOARD_WIDTH * BLOCK_SIZE + 20, 140);
        window.draw(levelText);
        
        // Draw lines cleared
        sf::Text linesText;
        linesText.setFont(sf::Font());
        linesText.setString("
ds4: ----------------------------------------
ds4: prefill: 307.10 t/s, generation: 25.38 t/s (2000 tokens in 78.815s)
ds4: ttf: first-output=121.175s total=199.937s (engine=0.071s session=14.323s prompt=0.003s prefill=106.697s decode=78.815s)
ds4: vm pressure: app=88.66 GiB resident=61.95 GiB wired=88.91 GiB compressed=0.48 GiB logical=1.12 GiB swap=3.07/4.00 GiB pressure=83% free=0.59 GiB gpu=88.67 GiB gpu-compressed=0.00 GiB task-compressed=11.00 GiB decompressions=2278290
