ds4: profile prefill_by_tokens: 99999:nax_int8
ds4: applied tuning profile [Apple M5 Max] from ds4_profile.json (10 env defaults set, 0 kept from environment)
ds4: context buffers 1488.81 MiB (ctx=40000, backend=metal, prefill_chunk=16384, raw_kv_rows=16640, compressed_kv_rows=514/10002 max, grow_block=2048)
ds4: Metal device Apple M5 Max, 128.00 GiB RAM, GPU working-set budget 107.52 GiB (raise with: sudo sysctl iogpu.wired_limit_mb=<MB>)
ds4: drift-patch flags hc_stable=on norm_unify=on kv_raw_f32=off rope_exp2_log2=off math_safe=off tensor_matmul=off
ds4: Metal model views created in 2.385 ms, residency requested in 9839.143 ms, warmup 7.623 ms (mapped 82697.67 MiB from offset 5.08 MiB)
ds4: Metal mapped mmaped model as 2 overlapping shared buffers
ds4: metal backend initialized for graph diagnostics
ds4: resident MPP/NAX prewarm: 4.3 ms total (paid before prefill timer)
ds4: prefill routed-MoE (requested): int8 matmul2d (compact-bridge fused-dequant)  [grouped path]
ds4: prefill quant scales (MPP/NAX env first): w_qscale=512 x_qscale=32 mid_qscale=32 w_scale=0.00195312 x_scale=0.03125 mid_scale=0.03125
ds4: prefill ctx-grow: on, block=2048 tokens
ds4: prefill chunk cap: 16384, graph_raw_cap=auto
ds4: startup timing: engine=9.927s profile=0.000s model=0.013s sidecar=0.000s weights=0.000s dspark=0.000s backend=9.906s prewarm=0.004s
ds4: using GPU graph generation with layer-major graph prefill
ds4: metal prefill layer 1/43
ds4: metal prefill layer 2/43
ds4: metal prefill layer 3/43
ds4: metal prefill layer 4/43
ds4: metal prefill layer 5/43
ds4: metal prefill layer 6/43
ds4: metal prefill layer 7/43
ds4: metal prefill layer 8/43
ds4: metal prefill layer 9/43
ds4: metal prefill layer 10/43
ds4: metal prefill layer 11/43
ds4: metal prefill layer 12/43
ds4: metal prefill layer 13/43
ds4: metal prefill layer 14/43
ds4: metal prefill layer 15/43
ds4: metal prefill layer 16/43
ds4: metal prefill layer 17/43
ds4: metal prefill layer 18/43
ds4: metal prefill layer 19/43
ds4: metal prefill layer 20/43
ds4: metal prefill layer 21/43
ds4: metal prefill layer 22/43
ds4: metal prefill layer 23/43
ds4: metal prefill layer 24/43
ds4: metal prefill layer 25/43
ds4: metal prefill layer 26/43
ds4: metal prefill layer 27/43
ds4: metal prefill layer 28/43
ds4: metal prefill layer 29/43
ds4: metal prefill layer 30/43
ds4: metal prefill layer 31/43
ds4: metal prefill layer 32/43
ds4: metal prefill layer 33/43
ds4: metal prefill layer 34/43
ds4: metal prefill layer 35/43
ds4: metal prefill layer 36/43
ds4: metal prefill layer 37/43
ds4: metal prefill layer 38/43
ds4: metal prefill layer 39/43
ds4: metal prefill layer 40/43
ds4: metal prefill layer 41/43
ds4: metal prefill layer 42/43
ds4: metal prefill layer 43/43
I'll create a complete Tetris game in C++ for macOS. This will be a console-based implementation using standard C++ libraries.

```cpp
// Tetris Game for macOS
// Console-based implementation using standard C++

#include <iostream>
#include <vector>
#include <cstdlib>
#include <ctime>
#include <unistd.h>
#include <termios.h>
#include <fcntl.h>
#include <algorithm>

#ifdef __APPLE__
#include <chrono>
#include <thread>
#endif

using namespace std;

// Tetromino shapes
const vector<vector<vector<int>>> SHAPES = {
    // I piece
    {{0,0,0,0},
     {1,1,1,1},
     {0,0,0,0},
     {0,0,0,0}},
    // O piece
    {{1,1},
     {1,1}},
    // T piece
    {{0,0,0},
     {1,1,1},
     {0,1,0}},
    // S piece
    {{0,1,1},
     {1,1,0},
     {0,0,0}},
    // Z piece
    {{1,1,0},
     {0,1,1},
     {0,0,0}},
    // J piece
    {{1,0,0},
     {1,1,1},
     {0,0,0}},
    // L piece
    {{0,0,1},
     {1,1,1},
     {0,0,0}}
};

const int BOARD_WIDTH = 10;
const int BOARD_HEIGHT = 20;
const int BLOCK_SIZE = 2; // Each block is 2x2 characters

class Tetris {
private:
    vector<vector<int>> board;
    vector<vector<int>> currentPiece;
    vector<vector<int>> nextPiece;
    int pieceX, pieceY;
    int score;
    int level;
    int linesCleared;
    bool gameOver;
    int currentPieceType;
    int nextPieceType;

public:
    Tetris() : score(0), level(1), linesCleared(0), gameOver(false) {
        board = vector<vector<int>>(BOARD_HEIGHT, vector<int>(BOARD_WIDTH, 0));
        srand(time(nullptr));
        nextPieceType = rand() % 7;
        spawnNewPiece();
    }

    void spawnNewPiece() {
        currentPieceType = nextPieceType;
        nextPieceType = rand() % 7;
        
        currentPiece = SHAPES[currentPieceType];
        nextPiece = SHAPES[nextPieceType];
        
        pieceX = BOARD_WIDTH / 2 - currentPiece[0].size() / 2;
        pieceY = 0;
        
        // Check if game over
        if (!isValidPosition(pieceX, pieceY)) {
            gameOver = true;
        }
    }

    bool isValidPosition(int x, int y) {
        for (int i = 0; i < currentPiece.size(); i++) {
            for (int j = 0; j < currentPiece[i].size(); j++) {
                if (currentPiece[i][j]) {
                    int boardX = x + j;
                    int boardY = y + i;
                    
                    if (boardX < 0 || boardX >= BOARD_WIDTH || 
                        boardY >= BOARD_HEIGHT || boardY < 0) {
                        return false;
                    }
                    
                    if (boardY >= 0 && board[boardY][boardX]) {
                        return false;
                    }
                }
            }
        }
        return true;
    }

    void lockPiece() {
        for (int i = 0; i < currentPiece.size(); i++) {
            for (int j = 0; j < currentPiece[i].size(); j++) {
                if (currentPiece[i][j]) {
                    int boardX = pieceX + j;
                    int boardY = pieceY + i;
                    if (boardY >= 0 && boardY < BOARD_HEIGHT && 
                        boardX >= 0 && boardX < BOARD_WIDTH) {
                        board[boardY][boardX] = 1;
                    }
                }
            }
        }
        clearLines();
        spawnNewPiece();
    }

    void clearLines() {
        int cleared = 0;
        for (int y = BOARD_HEIGHT - 1; y >= 0; y--) {
            bool full = true;
            for (int x = 0; x < BOARD_WIDTH; x++) {
                if (!board[y][x]) {
                    full = false;
                    break;
                }
            }
            if (full) {
                cleared++;
                for (int row = y; row > 0; row--) {
                    board[row] = board[row - 1];
                }
                board[0] = vector<int>(BOARD_WIDTH, 0);
                y++; // Check the same row again
            }
        }
        
        if (cleared > 0) {
            linesCleared += cleared;
            score += cleared * 100 * level;
            level = linesCleared / 10 + 1;
        }
    }

    void moveLeft() {
        if (isValidPosition(pieceX - 1, pieceY)) {
            pieceX--;
        }
    }

    void moveRight() {
        if (isValidPosition(pieceX + 1, pieceY)) {
            pieceX++;
        }
    }

    void moveDown() {
        if (isValidPosition(pieceX, pieceY + 1)) {
            pieceY++;
        } else {
            lockPiece();
        }
    }

    void rotate() {
        vector<vector<int>> rotated(currentPiece[0].size(), 
                                   vector<int>(currentPiece.size()));
        for (int i = 0; i < currentPiece.size(); i++) {
            for (int j = 0; j < currentPiece[i].size(); j++) {
                rotated[j][currentPiece.size() - 1 - i] = currentPiece[i][j];
            }
        }
        
        // Save current piece and try rotation
        vector<vector<int>> temp = currentPiece;
        currentPiece = rotated;
        
        if (!isValidPosition(pieceX, pieceY)) {
            currentPiece = temp; // Revert if invalid
        }
    }

    void drop() {
        while (isValidPosition(pieceX, pieceY + 1)) {
            pieceY++;
        }
        lockPiece();
    }

    void draw() {
        // Clear screen using ANSI escape sequences
        cout << "\033[2J\033[1;1H";
        
        // Draw top border
        cout << "╔";
        for (int i = 0; i < BOARD_WIDTH * BLOCK_SIZE; i++) {
            cout << "═";
        }
        cout << "╗" << endl;
        
        // Draw board
        for (int y = 0; y < BOARD_HEIGHT; y++) {
            cout << "║";
            for (int x = 0; x < BOARD_WIDTH; x++) {
                bool drawBlock = false;
                
                // Check if current piece occupies this position
                for (int i = 0; i < currentPiece.size(); i++) {
                    for (int j = 0; j < currentPiece[i].size(); j++) {
                        if (currentPiece[i][j]) {
                            int pieceBoardX = pieceX + j;
                            int pieceBoardY = pieceY + i;
                            if (pieceBoardX == x && pieceBoardY == y) {
                                drawBlock = true;
                            }
                        }
                    }
                }
                
                // Check board
                if (!drawBlock && board[y][x]) {
                    drawBlock = true;
                }
                
                if (drawBlock) {
                    cout << "██";
                } else {
                    cout << "  ";
                }
            }
            cout << "║" << endl;
        }
        
        // Draw bottom border
        cout << "╚";
        for (int i = 0; i < BOARD_WIDTH * BLOCK_SIZE; i++) {
            cout << "═";
        }
        cout << "╝" << endl;
        
        // Draw next piece preview
        cout << "\nNext Piece:" << endl;
        cout << "╔";
        for (int i = 0; i < 4 * BLOCK_SIZE; i++) {
            cout << "═";
        }
        cout << "╗" << endl;
        
        for (int y = 0; y < 4; y++) {
            cout << "║";
            for (int x = 0; x < 4; x++) {
                bool drawBlock = false;
                if (y < nextPiece.size() && x < nextPiece[y].size()) {
                    if (nextPiece[y][x]) {
                        drawBlock = true;
                    }
                }
                if (drawBlock) {
                    cout << "██";
                } else {
                    cout << "  ";
                }
            }
            cout << "║" << endl;
        }
        
        cout << "╚";
        for (int i = 0; i < 4 * BLOCK_SIZE; i++) {
            cout << "═";
        }
        cout << "╝" << endl;
        
        // Display score and level
       
ds4: ----------------------------------------
ds4: prefill: 614.11 t/s, generation: 30.13 t/s (2000 tokens in 66.388s)
