ds4: detected DS4 sidecar package: -m /Users/anemll/Models/flash/dsv4-iq2xxs-expert-major/dense/model-dense.gguf, --moe-sidecar /Users/anemll/Models/flash/dsv4-iq2xxs-expert-major, --moe-mode slot-bank
ds4: profile: 20 ANE env defaults skipped (ANE off by default until precision work lands; enable with --ane or DS4_ANE=1)
ds4: applied sidecar tuning profile [Apple M5 Max] from ds4_profile.json (31 env defaults set, 0 kept from environment)
ds4: context buffers 1488.81 MiB (ctx=40000, backend=metal, prefill_chunk=16384, raw_kv_rows=16640, compressed_kv_rows=514/10002 max, grow_block=2048)
ds4: Flash-MoE sidecar loaded: /Users/anemll/Models/flash/dsv4-iq2xxs-expert-major (slot-bank=256, expert-record 6.75 MiB)
ds4: Flash-MoE expert mmap cache: off; expert reads: pread
ds4: Metal device Apple M5 Max, 128.00 GiB RAM, GPU working-set budget 107.52 GiB (raise with: sudo sysctl iogpu.wired_limit_mb=<MB>)
ds4: drift-patch flags hc_stable=on norm_unify=on kv_raw_f32=off rope_exp2_log2=off math_safe=off tensor_matmul=off
ds4: MXFP4 native library (MSL 4.1): repack=ok selected-repack=ok selected-plane-copy=ok scale-plane matmul=ok selected-matmul=ok decode2=pair/sum6 batch-decode2=pair/sum6 batch-strided=pair/sum6 hybrid-down=sum6 chunked-decode2=pair/sum6
ds4: DS4_MXFP4_NATIVE=1: native MXFP4 available (MPP 4.1 scale-plane matmul2d)
ds4: DSpark resident expert cache: ranges=9 bytes=9.56 GiB (persistent; debug opt-out requires DS4_DSPARK_ALLOW_NONRESIDENT=1)
ds4: DSpark sidecar Metal residency requested: buffers=9 bytes=9.56 GiB
ds4: DSpark draft package loaded: /Users/anemll/Models/DSv4-Flash-DSpark-draft (block=5 verify=5 active=5 scheduler=static conf=0.400 noise=128799 target_layers=40,41,42 markov_rank=256 records=81 mapped=10.12 GiB)
ds4: DSpark draft records: F32=41 F16=6 FP8_E4M3=25 MXFP4_NATIVE=9
ds4: DSpark draft inference enabled: MPP 4.1 FP8/MXFP4 draft kernels, fused routed-MoE per draft layer, persistent resident experts, greedy Markov head, strict_v1 verifier
ds4: Flash-MoE using mmap-backed dense/shared weights without full-model Metal residency warmup
ds4: Metal model views created in 0.293 ms, residency requested in 0.000 ms, warmup 0.000 ms (mapped 8393.67 MiB from offset 5.06 MiB)
ds4: Metal mapped mmaped model as 1 overlapping shared buffers
ds4: metal backend initialized for graph diagnostics
ds4: prefill routed-MoE (requested): mul_mm_id (grouped GPU / ALU)  [grouped path]
ds4: prefill ctx-grow: on, block=2048 tokens
ds4: prefill chunk cap: 16384, graph_raw_cap=auto
ds4: startup timing: engine=1.284s profile=0.001s model=0.006s sidecar=0.006s weights=0.000s dspark=1.270s backend=0.000s prewarm=0.000s
ds4: Flash-MoE resident mixed slot-bank load: layers=43 slots=256 bytes=72.56 GiB (one dot per layer)
ds4: Flash-MoE resident prepare: ........................................... 72.56/72.56 GiB (43 layers)
ds4: Flash-MoE resident preload: ........................................... 72.56/72.56 GiB (43 layers)
ds4: Flash-MoE preloaded mixed slot bank: layers=43 slots=256 identity-mapped experts=256
ds4: Flash-MoE slot-bank Metal residency requested: buffers=43 bytes=72.56 GiB
ds4: Flash-MoE slot-bank pages touched: buffers=43 bytes=72.56 GiB
ds4: Flash-MoE slot banks allocated: layers=43 slots=256 gpu-bank=72.6GB Dense: 8.2GB Context: 3.1GB Total <<<< 83.9GB >>>>
ds4: Flash-MoE slot bank layout: mixed expert-major
ds4: warning: very large Flash-MoE slot bank can collapse decode throughput (slots=256, gpu-bank=72.56 GiB). The wired bank competes with the OS file cache that serves decode-miss reads of the sidecar; when the sidecar is larger than RAM, smaller banks decode faster. Compare --moe-slot-bank 32/48/64 or use --ssd-cache auto.
ds4: prefill compute: routed experts = GPU fp32 | dense proj = Q8 direct-RHS NAX; K-quant dense = fused mul_mm_id batch
ds4: prefill I/O: io-split=4 async-pread=on pread-threads=4 readahead=12 bank-prefetch=3 slot-cache-topk=0 xlayer=auto<=6k-tok topk=128
ds4: decode  I/O: io-split=4 router-prefetch=off scratch-prefetch=off max-loads=0 layer-stride=1 miss-direct-slot-pread=on prefetch-direct-slot-pread=off did-modify=on shared-down=on reset-after-prefill=off realloc-after-prefill=off restore-after-prefill=off resident=slot-bank slots=256
ds4: Flash-MoE banked kernels using M5 simdgroup_matrix fast path (prefetch=3, banks=4)
ds4: session startup timing: total=24.638s raw-graph=0.004s flash-moe=24.633s steering=0.000s draft-scratch=yes
processing 16383 input tokens: 0/16383 (0.0%) batch=0.00 t/s avg=0.00 t/s
processing 16383 input tokens: 381/16383 (2.3%) batch=202.32 t/s avg=201.27 t/s
processing 16383 input tokens: 762/16383 (4.7%) batch=432.39 t/s avg=274.68 t/s
processing 16383 input tokens: 1143/16383 (7.0%) batch=300.11 t/s avg=282.67 t/s
processing 16383 input tokens: 1524/16383 (9.3%) batch=428.29 t/s avg=308.93 t/s
processing 16383 input tokens: 1905/16383 (11.6%) batch=311.21 t/s avg=309.38 t/s
processing 16383 input tokens: 2286/16383 (14.0%) batch=422.95 t/s avg=323.88 t/s
processing 16383 input tokens: 2667/16383 (16.3%) batch=317.17 t/s avg=322.90 t/s
processing 16383 input tokens: 3048/16383 (18.6%) batch=432.93 t/s avg=333.50 t/s
processing 16383 input tokens: 3429/16383 (20.9%) batch=312.04 t/s avg=330.97 t/s
processing 16383 input tokens: 3810/16383 (23.3%) batch=423.74 t/s avg=338.38 t/s
processing 16383 input tokens: 4191/16383 (25.6%) batch=315.61 t/s avg=336.17 t/s
processing 16383 input tokens: 4572/16383 (27.9%) batch=422.11 t/s avg=341.97 t/s
processing 16383 input tokens: 4953/16383 (30.2%) batch=309.35 t/s avg=339.22 t/s
processing 16383 input tokens: 5334/16383 (32.6%) batch=419.72 t/s avg=343.93 t/s
processing 16383 input tokens: 5715/16383 (34.9%) batch=294.34 t/s avg=340.11 t/s
processing 16383 input tokens: 6096/16383 (37.2%) batch=408.98 t/s avg=343.73 t/s
processing 16383 input tokens: 6477/16383 (39.5%) batch=305.11 t/s avg=341.19 t/s
processing 16383 input tokens: 6858/16383 (41.9%) batch=409.14 t/s avg=344.37 t/s
processing 16383 input tokens: 7239/16383 (44.2%) batch=302.03 t/s avg=341.84 t/s
processing 16383 input tokens: 7620/16383 (46.5%) batch=420.22 t/s avg=345.06 t/s
processing 16383 input tokens: 8001/16383 (48.8%) batch=308.44 t/s avg=343.12 t/s
processing 16383 input tokens: 8382/16383 (51.2%) batch=411.82 t/s avg=345.74 t/s
processing 16383 input tokens: 8763/16383 (53.5%) batch=301.48 t/s avg=343.55 t/s
processing 16383 input tokens: 9144/16383 (55.8%) batch=405.12 t/s avg=345.74 t/s
processing 16383 input tokens: 9525/16383 (58.1%) batch=299.91 t/s avg=343.64 t/s
processing 16383 input tokens: 9906/16383 (60.5%) batch=404.98 t/s avg=345.65 t/s
processing 16383 input tokens: 10287/16383 (62.8%) batch=306.57 t/s avg=344.03 t/s
processing 16383 input tokens: 10668/16383 (65.1%) batch=411.93 t/s avg=346.07 t/s
processing 16383 input tokens: 11049/16383 (67.4%) batch=304.40 t/s avg=344.44 t/s
processing 16383 input tokens: 11430/16383 (69.8%) batch=412.63 t/s avg=346.35 t/s
processing 16383 input tokens: 11811/16383 (72.1%) batch=303.06 t/s avg=344.76 t/s
processing 16383 input tokens: 12192/16383 (74.4%) batch=407.58 t/s avg=346.43 t/s
processing 16383 input tokens: 12573/16383 (76.7%) batch=303.88 t/s avg=344.97 t/s
processing 16383 input tokens: 12954/16383 (79.1%) batch=417.17 t/s avg=346.73 t/s
processing 16383 input tokens: 13335/16383 (81.4%) batch=307.81 t/s avg=345.48 t/s
processing 16383 input tokens: 13716/16383 (83.7%) batch=408.02 t/s avg=346.96 t/s
processing 16383 input tokens: 14097/16383 (86.0%) batch=303.66 t/s avg=345.63 t/s
processing 16383 input tokens: 14478/16383 (88.4%) batch=413.91 t/s avg=347.13 t/s
processing 16383 input tokens: 14859/16383 (90.7%) batch=303.17 t/s avg=345.85 t/s
processing 16383 input tokens: 15240/16383 (93.0%) batch=416.11 t/s avg=347.31 t/s
processing 16383 input tokens: 15621/16383 (95.3%) batch=310.78 t/s avg=346.32 t/s
processing 16383 input tokens: 16002/16383 (97.7%) batch=424.82 t/s avg=347.85 t/s
processing 16383 input tokens: 16383/16383 (100.0%) batch=309.22 t/s avg=346.84 t/s
ds4: dspark draft FP8 rows5 kernel enabled
ds4: dspark draft FP8 strided rows5 kernel enabled
ds4: [mxfp4-native] two-dispatch plane decode arm engaged (dspark-strided, experts=6)
ds4: Flash-MoE mixed resident bank using fused GPU-selected decode path (slot id == expert id)
ds4: dspark verifier strict_v1 active=5 prefixN=1
ds4: dspark verifier Q8 rows5 shared-exact kernel enabled
ds4: dspark verifier microbatch KV FP8/raw-store rows enabled
ds4: dspark hybrid FFN-pre verifier using exact F16 rows path
ds4: dspark hybrid row-router verifier using exact F16 logits rows path
ds4: dspark hybrid row-router verifier using exact selector rows path
ds4: dspark row-routed direct Q2 down ordered-sum enabled
ds4: dspark hybrid row-routed verifier using row-exact tiny batch path
ds4: dspark hybrid shared verifier using exact fused rows path
ds4: dspark hybrid shared verifier using exact shared-down+HC rows path
ds4: dspark verifier indexer rows auto-enabled at pos >= 16384 (long-context batching; force with DS4_DSPARK_HYBRID_INDEXER_ROWS=0/1)
ds4: dspark hybrid attention verifier using exact F16 compressor rows path
ds4: dspark hybrid attention verifier using exact F16 indexer-compressor rows path
ds4: dspark hybrid attention verifier using exact F16 indexer rows path
ds4: dspark hybrid verifier deferring plain attention heads to batch call
ds4: dspark hybrid verifier using rows-exact flash attention heads
ds4: dspark verifier using experimental varmap rows5 attention kernel
I'll create a complete Tetris game in C++ for macOS. This will be a console-based game using standard C++ libraries.

```cpp
// Tetris Game for macOS
// Console-based implementation using standard C++

#include <iostream>
#include <vector>
#include <cstdlib>
#include <ctime>
#include <unistd.h>
#include <termios.h>
#include <fcntl.h>
#include <algorithm>

// Tetromino shapes
const std::vector<std::vector<std::vector<int>>> TETROMINOS = {
    // I piece
    {{0,0,0,0},
ds4: ----------------------------------------
ds4: prefill: 344.72 t/s, generation: 24.46 t/s (128 tokens in 5.232s)
ds4: ttf: first-output=73.781s total=78.702s (engine=1.284s session=24.638s prompt=0.001s prefill=47.526s decode=5.232s)
ds4: dspark perf: draft=451.3 tok/s, verify=62.7 proposed tok/s, verify-accepted=28.9 tok/s, block=91.15 ms (draft=10.95 verify=78.79 overhead=1.41 commit=1.11, tau=2.27, blocks=51)
ds4: dspark verify GPU-busy: 77.82 ms/block of 78.79 ms verify (98.8% active, 1.2% idle)
ds4: dspark draft-overlap upper-bound: 28.4 tok/s (1.14x block decode, hides 10.95 ms/block)
ds4: vm pressure: app=86.39 GiB resident=38.91 GiB wired=98.39 GiB compressed=1.36 GiB logical=2.56 GiB swap=4.42/6.00 GiB pressure=83% free=10.09 GiB gpu=86.32 GiB gpu-compressed=0.00 GiB task-compressed=51.85 GiB decompressions=5573799
ds4: dspark acceptance: 60.4% (116/192 draft tokens)
ds4: dspark acceptance by position: 1=34/39 2=31/39 3=23/38 4=17/38 5=11/38
ds4: dspark conditional acceptance: 1=87.2% (34/39) 2|1=91.2% (31/34) 3|1-2=76.7% (23/30) 4|1-3=73.9% (17/23) 5|1-4=64.7% (11/17)
ds4: dspark full-accept: 30.8% (12/39 blocks), first-miss: 12.8% (5/39 blocks)
ds4: dspark avg scheduled: 4.92 draft tokens/block (39 blocks)
