ds4: Metal device Apple M5 Max, 128.00 GiB RAM
ds4: Metal 4 tensor API enabled for Tensor kernels
ds4: drift-patch flags hc_stable=on norm_unify=on kv_raw_f32=off rope_exp2_log2=off math_safe=off tensor_matmul=on
ds4: Metal model views created in 2.438 ms, residency requested in 433.491 ms, warmup 3.296 ms (mapped 82697.67 MiB from offset 5.09 MiB)
ds4: Metal mapped mmaped model as 2 overlapping shared buffers
ds4: metal backend initialized for graph diagnostics
ds4: context buffers 993.88 MiB (ctx=40000, backend=metal, prefill_chunk=4096, raw_kv_rows=4352, compressed_kv_rows=10002)
ds4: using GPU graph generation with graph prefill
ds4: using chunked GPU prefill (4096-token chunks for 8191 prompt tokens)
processing 8191 input tokens: 0/8191 (0.0%)
processing 8191 input tokens: 4096/8191 (50.0%)
processing 8191 input tokens: 8191/8191 (100.0%)
Here is a complete, playable Tetris game written in C++ for macOS. It uses the standard library and the ncurses library for terminal graphics, which is available on macOS via Xcode or Homebrew.

```cpp
// Tetris.cpp
// A simple Tetris game for macOS terminal using ncurses.
// Compile with: g++ -std=c++11 Tetris.cpp -o Tetris -lncurses
// Run with: ./Tetris

#include <iostream>
#include <vector>
#include <cstdlib>
#include <ctime>
#include <unistd.h>
#include <termios.h>
#include <fcntl.h>
#include <ncurses.h>

using namespace std;

// The playing field dimensions
const int BOARD_WIDTH = 10;
const int BOARD_HEIGHT = 20;

// Tetromino shapes (4x4 blocks for each piece)
// Each piece is represented as a 4x4 matrix of 0s and 1s
// The pieces are: I, O, T, S, Z, J, L
const vector<vector<vector<int>>> PIECES = {
    // I piece
    {
        {0,0,0,0},
        {1,1,1,1},
        {0,0,0,0},
        {0,0,0,0}
    },
    // O piece
    {
        {1,1,0,0},
        {1,1,0,0},
        {0,0,0,0},
        {0,0,0,0}
    },
    // T piece
    {
        {0,1,0,0},
        {1,1,1,0},
        {0,0,0,0},
        {0,0,0,0}
    },
    // S piece
    {
        {0,1,1,0},
        {1,1,0,0},
        {0,0,0,0},
        {0,0,0,0}
    },
    // Z piece
    {
        {1,1,0,0},
        {0,1,1,0},
        {0,0,0,0},
        {0,0,0,0}
    },
    // J piece
    {
        {1,0,0,0},
        {1,1,1,0},
        {0,0,0,0},
        {0,0,0,0}
    },
    // L piece
    {
        {0,0,1,0},
        {1,1,1,0},
        {0,0,0,0},
        {0,0,0,0}
    }
};

// Colors for each piece (using ncurses color pairs)
const int PIECE_COLORS[] = {1, 2, 3, 4, 5, 6, 7};

class Tetris {
private:
    vector<vector<int>> board;  // The game board (0 = empty, 1-7 = piece type)
    vector<vector<int>> currentPiece;  // Current falling piece shape
    int pieceType;  // Type of current piece (0-6)
    int pieceX, pieceY;  // Position of current piece
    int score;
    bool gameOver;
    int level;
    int linesCleared;
    
    // Timing
    int dropInterval;  // Milliseconds between drops
    int lastDropTime;
    
    // Input handling
    int lastKeyPress;
    
public:
    Tetris() : score(0), gameOver(false), level(1), linesCleared(0) {
        // Initialize board
        board.resize(BOARD_HEIGHT, vector<int>(BOARD_WIDTH, 0));
        
        // Seed random number generator
        srand(time(nullptr));
        
        // Spawn first piece
        spawnPiece();
        
        // Set initial drop interval (1000ms at level 1)
        dropInterval = 1000;
        lastDropTime = 0;
        lastKeyPress = 0;
    }
    
    // Spawn a new random piece at the top of the board
    void spawnPiece() {
        pieceType = rand() % 7;
        currentPiece = PIECES[pieceType];
        pieceX = BOARD_WIDTH / 2 - 2;
        pieceY = 0;
        
        // Check if the new piece can be placed (if not, game over)
        if (!isValidPosition(pieceX, pieceY)) {
            gameOver = true;
        }
    }
    
    // Check if a piece at (x, y) with current rotation is valid
    bool isValidPosition(int x, int y) {
        for (int row = 0; row < 4; row++) {
            for (int col = 0; col < 4; col++) {
                if (currentPiece[row][col] != 0) {
                    int boardX = x + col;
                    int boardY = y + row;
                    
                    // Check boundaries
                    if (boardX < 0 || boardX >= BOARD_WIDTH || 
                        boardY >= BOARD_HEIGHT) {
                        return false;
                    }
                    
                    // Check collision with placed pieces
                    if (boardY >= 0 && board[boardY][boardX] != 0) {
                        return false;
                    }
                }
            }
        }
        return true;
    }
    
    // Rotate the current piece clockwise
    void rotatePiece() {
        vector<vector<int>> rotated(4, vector<int>(4, 0));
        
        for (int i = 0; i < 4; i++) {
            for (int j = 0; j < 4; j++) {
                rotated[j][3 - i] = currentPiece[i][j];
            }
        }
        
        // Check if rotation is valid
        vector<vector<int>> oldPiece = currentPiece;
        currentPiece = rotated;
        
        if (!isValidPosition(pieceX, pieceY)) {
            currentPiece = oldPiece;  // Revert rotation
        }
    }
    
    // Move piece left or right
    void movePiece(int dx) {
        if (isValidPosition(pieceX + dx, pieceY)) {
            pieceX += dx;
        }
    }
    
    // Move piece down (return true if piece could move)
    bool moveDown() {
        if (isValidPosition(pieceX, pieceY + 1)) {
            pieceY++;
            return true;
        }
        return false;
    }
    
    // Lock the current piece in place on the board
    void lockPiece() {
        for (int row = 0; row < 4; row++) {
            for (int col = 0; col < 4; col++) {
                if (currentPiece[row][col] != 0) {
                    int boardY = pieceY + row;
                    int boardX = pieceX + col;
                    
                    if (boardY >= 0 && boardY < BOARD_HEIGHT && 
                        boardX >= 0 && boardX < BOARD_WIDTH) {
                        board[boardY][boardX] = pieceType + 1;  // Store piece type (1-7)
                    }
                }
            }
        }
        
        // Check for completed lines
        clearLines();
        
        // Spawn next piece
        spawnPiece();
    }
    
    // Clear completed lines and update score
    void clearLines() {
        int cleared = 0;
        
        for (int row = BOARD_HEIGHT - 1; row >= 0; row--) {
            bool fullLine = true;
            
            for (int col = 0; col < BOARD_WIDTH; col++) {
                if (board[row][col] == 0) {
                    fullLine = false;
                    break;
                }
            }
            
            if (fullLine) {
                // Remove the line
                for (int r = row; r > 0; r--) {
                    board[r] = board[r - 1];
                }
                board[0] = vector<int>(BOARD_WIDTH, 0);
                cleared++;
                row++;  // Check the same row again (since everything moved down)
            }
        }
        
        // Update score and level
        if (cleared > 0) {
            linesCleared += cleared;
            score += cleared * 100 * level;
            
            // Level up every 10 lines
            level = 1 + (linesCleared / 10);
            dropInterval = max(100, 1000 - (level - 1) * 100);  // Faster drops at higher levels
        }
    }
    
    // Hard drop (instantly drop to bottom)
    void hardDrop() {
        while (moveDown()) {}
        lockPiece();
    }
    
    // Get the ghost piece Y position (where piece would land)
    int getGhostY() {
        int ghostY = pieceY;
        while (isValidPosition(pieceX, ghostY + 1)) {
            ghostY++;
        }
        return ghostY;
    }
    
    // Draw the game state using ncurses
    void draw() {
        clear();
        
        // Draw border
        for (int i = 0; i < BOARD_WIDTH + 2; i++) {
            mvprintw(0, i, "-");
            mv
ds4: prefill: 322.02 t/s, generation: 27.27 t/s
