ds4: Metal device Apple M5 Max, 128.00 GiB RAM
ds4: Metal 4 tensor API enabled for Tensor kernels
ds4: drift-patch flags hc_stable=on norm_unify=on kv_raw_f32=off rope_exp2_log2=off math_safe=off tensor_matmul=on
ds4: Metal model views created in 2.388 ms, residency requested in 444.778 ms, warmup 3.694 ms (mapped 82697.67 MiB from offset 5.09 MiB)
ds4: Metal mapped mmaped model as 2 overlapping shared buffers
ds4: metal backend initialized for graph diagnostics
ds4: context buffers 993.88 MiB (ctx=40000, backend=metal, prefill_chunk=4096, raw_kv_rows=4352, compressed_kv_rows=10002)
ds4: using GPU graph generation with graph prefill
ds4: gpu prefill layer 1/43
ds4: gpu prefill layer 2/43
ds4: gpu prefill layer 3/43
ds4: gpu prefill layer 4/43
ds4: gpu prefill layer 5/43
ds4: gpu prefill layer 6/43
ds4: gpu prefill layer 7/43
ds4: gpu prefill layer 8/43
ds4: gpu prefill layer 9/43
ds4: gpu prefill layer 10/43
ds4: gpu prefill layer 11/43
ds4: gpu prefill layer 12/43
ds4: gpu prefill layer 13/43
ds4: gpu prefill layer 14/43
ds4: gpu prefill layer 15/43
ds4: gpu prefill layer 16/43
ds4: gpu prefill layer 17/43
ds4: gpu prefill layer 18/43
ds4: gpu prefill layer 19/43
ds4: gpu prefill layer 20/43
ds4: gpu prefill layer 21/43
ds4: gpu prefill layer 22/43
ds4: gpu prefill layer 23/43
ds4: gpu prefill layer 24/43
ds4: gpu prefill layer 25/43
ds4: gpu prefill layer 26/43
ds4: gpu prefill layer 27/43
ds4: gpu prefill layer 28/43
ds4: gpu prefill layer 29/43
ds4: gpu prefill layer 30/43
ds4: gpu prefill layer 31/43
ds4: gpu prefill layer 32/43
ds4: gpu prefill layer 33/43
ds4: gpu prefill layer 34/43
ds4: gpu prefill layer 35/43
ds4: gpu prefill layer 36/43
ds4: gpu prefill layer 37/43
ds4: gpu prefill layer 38/43
ds4: gpu prefill layer 39/43
ds4: gpu prefill layer 40/43
ds4: gpu prefill layer 41/43
ds4: gpu prefill layer 42/43
ds4: gpu prefill layer 43/43
Here's a complete Tetris game implementation in C++ for macOS using the SFML library:

```cpp
// Tetris.cpp
#include <SFML/Graphics.hpp>
#include <SFML/Audio.hpp>
#include <SFML/Window.hpp>
#include <SFML/System.hpp>
#include <iostream>
#include <vector>
#include <cstdlib>
#include <ctime>
#include <string>

// Game constants
const int BOARD_WIDTH = 10;
const int BOARD_HEIGHT = 20;
const int BLOCK_SIZE = 30;
const int WINDOW_WIDTH = BOARD_WIDTH * BLOCK_SIZE + 200; // Extra space for UI
const int WINDOW_HEIGHT = BOARD_HEIGHT * BLOCK_SIZE;

// Tetromino shapes
enum class TetrominoType {
    I, O, T, S, Z, J, L
};

// Color definitions
struct Color {
    sf::Color fill;
    sf::Color outline;
};

const Color COLORS[] = {
    {sf::Color::White, sf::Color::Black},           // Empty
    {sf::Color::Cyan, sf::Color(0, 200, 200)},      // I
    {sf::Color::Yellow, sf::Color(200, 200, 0)},    // O
    {sf::Color::Magenta, sf::Color(200, 0, 200)},   // T
    {sf::Color::Green, sf::Color(0, 200, 0)},       // S
    {sf::Color::Red, sf::Color(200, 0, 0)},         // Z
    {sf::Color::Blue, sf::Color(0, 0, 200)},        // J
    {sf::Color(255, 165, 0), sf::Color(200, 130, 0)} // L
};

// Tetromino shapes (4x4 grid)
const int SHAPES[7][4][4] = {
    // I
    {
        {0, 0, 0, 0},
        {1, 1, 1, 1},
        {0, 0, 0, 0},
        {0, 0, 0, 0}
    },
    // O
    {
        {1, 1, 0, 0},
        {1, 1, 0, 0},
        {0, 0, 0, 0},
        {0, 0, 0, 0}
    },
    // T
    {
        {0, 1, 0, 0},
        {1, 1, 1, 0},
        {0, 0, 0, 0},
        {0, 0, 0, 0}
    },
    // S
    {
        {0, 1, 1, 0},
        {1, 1, 0, 0},
        {0, 0, 0, 0},
        {0, 0, 0, 0}
    },
    // Z
    {
        {1, 1, 0, 0},
        {0, 1, 1, 0},
        {0, 0, 0, 0},
        {0, 0, 0, 0}
    },
    // J
    {
        {1, 0, 0, 0},
        {1, 1, 1, 0},
        {0, 0, 0, 0},
        {0, 0, 0, 0}
    },
    // L
    {
        {0, 0, 1, 0},
        {1, 1, 1, 0},
        {0, 0, 0, 0},
        {0, 0, 0, 0}
    }
};

class Tetris {
private:
    sf::RenderWindow window;
    sf::Font font;
    sf::Text scoreText;
    sf::Text levelText;
    sf::Text gameOverText;
    
    int board[BOARD_HEIGHT][BOARD_WIDTH];
    int currentPiece[4][4];
    int nextPiece[4][4];
    TetrominoType currentType;
    TetrominoType nextType;
    int pieceX, pieceY;
    int rotation;
    
    int score;
    int level;
    int linesCleared;
    float fallSpeed;
    float fallTimer;
    bool gameOver;
    bool paused;
    
    // Audio
    sf::SoundBuffer clearSound;
    sf::SoundBuffer gameOverSound;
    sf::Sound sound;
    
public:
    Tetris() : window(sf::VideoMode(WINDOW_WIDTH, WINDOW_HEIGHT), "Tetris"),
               score(0), level(1), linesCleared(0), fallSpeed(1.0f),
               fallTimer(0), gameOver(false), paused(false) {
        
        // Initialize random seed
        std::srand(static_cast<unsigned>(std::time(nullptr)));
        
        // Initialize board
        for (int y = 0; y < BOARD_HEIGHT; y++) {
            for (int x = 0; x < BOARD_WIDTH; x++) {
                board[y][x] = 0;
            }
        }
        
        // Load font
        if (!font.loadFromFile("/System/Library/Fonts/Helvetica.ttf")) {
            std::cerr << "Could not load font!" << std::endl;
        }
        
        // Setup text
        scoreText.setFont(font);
        scoreText.setCharacterSize(24);
        scoreText.setFillColor(sf::Color::White);
        scoreText.setPosition(BOARD_WIDTH * BLOCK_SIZE + 10, 10);
        
        levelText.setFont(font);
        levelText.setCharacterSize(24);
        levelText.setFillColor(sf::Color::White);
        levelText.setPosition(BOARD_WIDTH * BLOCK_SIZE + 10, 50);
        
        gameOverText.setFont(font);
        gameOverText.setCharacterSize(36);
        gameOverText.setFillColor(sf::Color::Red);
        gameOverText.setPosition(BOARD_WIDTH * BLOCK_SIZE / 2 - 100, BOARD_HEIGHT * BLOCK_SIZE / 2 - 50);
        gameOverText.setString("Game Over!");
        
        // Initialize pieces
        spawnNewPiece();
        generateNextPiece();
        
        // Set window properties
        window.setFramerateLimit(60);
    }
    
    void run() {
        while (window.isOpen()) {
            handleEvents();
            update();
            render();
        }
    }
    
private:
    void handleEvents() {
        sf::Event event;
        while (window.pollEvent(event)) {
            if (event.type == sf::Event::Closed) {
                window.close();
            }
            
            if (event.type == sf::Event::KeyPressed) {
                if (!gameOver) {
                    switch (event.key.code) {
                        case sf::Keyboard::Left:
                            movePiece(-1, 0);
                            break;
                        case sf::Keyboard::Right:
                            movePiece(1, 0);
                            break;
                        case sf::Keyboard::Down:
                            movePiece(0, 1);
                            break;
                        case sf::Keyboard::Up:
                            rotatePiece();
                            break;
                        case sf::Keyboard::Space:
                            hardDrop();
                            break;
                        case sf::Keyboard::P:
                            paused = !paused;
                            break;
                        default:
                            break;
                    }
                } else {
                    if (event.key.code == sf::Keyboard::R) {
                        resetGame();
                    }
                }
            }
        }
    }
    
    void update() {
        if (gameOver || paused) return;
        
        float dt = 1.0f / 60.0f; // Since we're running at 60 FPS
        
        fallTimer += dt;
        float currentFallSpeed = fallSpeed * (1.0f - (level - 1) * 0.1f);
        
        if (fallTimer >= currentFallSpeed) {
            fallTimer = 0;
            if (!movePiece(0, 1)) {
                lockPiece();
                checkLines();
                spawnNewPiece();
            }
        }
    }
    
    void render() {
        window.clear(sf::Color::Black);
        
        // Draw board
        drawBoard();
        
        // Draw current piece
        drawPiece(currentPiece, pieceX, pieceY, static_cast<int>(currentType) + 1);
        
        // Draw next piece preview
        drawNextPiece();
        
        // Draw UI
        updateUI();
        window.draw(scoreText);
        window.draw(levelText);
        
        if (gameOver) {
            window.draw(gameOverText);
        }
        
        window.display();
    }
    
    void drawBoard() {
        for (int y = 0; y < BOARD_HEIGHT; y++) {
            for (int x = 0; x < BOARD_WIDTH; x++) {
                sf::RectangleShape block(sf::Vector2f(BLOCK_SIZE - 1, BLOCK_SIZE - 1));
                block.setPosition(x * BLOCK_SIZE, y * BLOCK_SIZE);
                
               
ds4: prefill: 307.42 t/s, generation: 32.08 t/s
