ds4: detected DS4 sidecar package: -m /Users/anemll/Models/flash/dsv4-iq2xxs-expert-major/dense/model-dense.gguf, --moe-sidecar /Users/anemll/Models/flash/dsv4-iq2xxs-expert-major, --moe-mode slot-bank
ds4: applied sidecar tuning profile [Apple M5 Max] from ds4_profile.json (51 env defaults set, 0 kept from environment)
ds4: warning: raw KV cap limits Metal prefill chunk (prefill_chunk=4096, raw_kv_rows=4096, raw_window=128, effective_chunk=3968; target raw cap for one chunk is 4352, also requires ctx >= that value)
ds4: context buffers 387.12 MiB (ctx=4096, backend=metal, prefill_chunk=4096, raw_kv_rows=4096, compressed_kv_rows=514/1026 max, grow_block=2048)
ds4: Flash-MoE sidecar loaded: /Users/anemll/Models/flash/dsv4-iq2xxs-expert-major (slot-bank=256, expert-record 6.75 MiB)
ds4: Flash-MoE expert mmap cache: off; expert reads: pread
ds4: Metal device Apple M5 Max, 128.00 GiB RAM, GPU working-set budget 107.52 GiB (raise with: sudo sysctl iogpu.wired_limit_mb=<MB>)
ds4: drift-patch flags hc_stable=on norm_unify=on kv_raw_f32=off rope_exp2_log2=off math_safe=off tensor_matmul=off
ds4: MXFP4 native library (MSL 4.1): repack=ok selected-repack=ok selected-plane-copy=ok scale-plane matmul=ok selected-matmul=ok decode2=pair/sum6 batch-decode2=pair/sum6 batch-strided=pair/sum6 hybrid-down=sum6 chunked-decode2=pair/sum6
ds4: DS4_MXFP4_NATIVE=1: native MXFP4 available (MPP 4.1 scale-plane matmul2d)
ds4: Flash-MoE using mmap-backed dense/shared weights without full-model Metal residency warmup
ds4: Metal model views created in 0.410 ms, residency requested in 0.000 ms, warmup 0.000 ms (mapped 8393.67 MiB from offset 5.06 MiB)
ds4: Metal mapped mmaped model as 1 overlapping shared buffers
ds4: metal backend initialized for graph diagnostics
ds4: prefill routed-MoE (requested): mul_mm_id (grouped GPU / ALU)  [grouped path]
ds4: prefill quant scales (ANE env first): w_qscale=512 x_qscale=32 mid_qscale=32 w_scale=0.00195312 x_scale=0.03125 mid_scale=0.03125
ds4: prefill ctx-grow: on, block=2048 tokens
ds4: prefill chunk cap: 16384, graph_raw_cap=auto
ds4: Flash-MoE resident mixed slot-bank load: layers=43 slots=256 bytes=72.56 GiB (one dot per layer)
ds4: Flash-MoE resident prepare: ........................................... 72.56/72.56 GiB (43 layers)
ds4: Flash-MoE resident preload: ........................................... 72.56/72.56 GiB (43 layers)
ds4: Flash-MoE preloaded mixed slot bank: layers=43 slots=256 identity-mapped experts=256
ds4: Flash-MoE slot-bank Metal residency requested: buffers=43 bytes=72.56 GiB
ds4: Flash-MoE slot-bank pages touched: buffers=43 bytes=72.56 GiB
ds4: Flash-MoE slot banks allocated: layers=43 slots=256 gpu-bank=72.6GB Dense: 8.2GB Context: 0.4GB Total <<<< 81.2GB >>>>
ds4: Flash-MoE slot bank layout: mixed expert-major
ds4: warning: very large Flash-MoE slot bank can collapse decode throughput (slots=256, gpu-bank=72.56 GiB). The wired bank competes with the OS file cache that serves decode-miss reads of the sidecar; when the sidecar is larger than RAM, smaller banks decode faster. Compare --moe-slot-bank 32/48/64 or use --ssd-cache auto.
ds4: prefill compute: routed experts = ANE i8i8 (W8A8) | dense proj = Q8 direct-RHS NAX; K-quant dense = fused mul_mm_id batch
ds4: prefill I/O: io-split=4 async-pread=on pread-threads=4 readahead=12 bank-prefetch=3 slot-cache-topk=0 xlayer=auto<=6k-tok topk=128
ds4: decode  I/O: io-split=4 router-prefetch=off scratch-prefetch=off max-loads=0 layer-stride=1 miss-direct-slot-pread=on prefetch-direct-slot-pread=off did-modify=on shared-down=on reset-after-prefill=off realloc-after-prefill=off restore-after-prefill=off resident=slot-bank slots=256
ds4: Flash-MoE banked kernels using M5 simdgroup_matrix fast path (prefetch=3, banks=4)
ds4: WARNING: prefill chunk 4096 clamped to 3968 by raw-KV cap (raw_cap=4096, window=128). Set DS4_METAL_GRAPH_RAW_CAP >= 4224 (window + chunk) — or unset it to auto-size — to honor the chunk.
processing 19 input tokens: 0/19 (0.0%) batch=0.00 t/s avg=0.00 t/s
ds4: NAX fused matmul library compile failed: In file included from program_source:13:
In file included from /System/Library/Frameworks/MetalPerformancePrimitives.framework/Headers/MetalPerformancePrimitives.h:10:
In file included from /System/Library/Frameworks/MetalPerformancePrimitives.framework/Headers/MPPTensorOpsMatMul2d.h:411:
/System/Library/Frameworks/MetalPerformancePrimitives.framework/Headers/__impl/MPPTensorOpsMatMul2dImpl.h:4385:5: error: static_assert failed due to requirement '__tensor_ops_detail::__is_same_v<const float, unsigned char> || __tensor_ops_detail::__is_same_v<const float, signed char> || __tensor_ops_detail::__is_same_v<const float, metal::uint4b_format> || __tensor_ops_detail::__is_same_v<const float, metal::int4b_format> || __tensor_ops_detail::__is_same_v<const float, float> || __tensor_ops_detail::__is_same_v<const float, bfloat> || __tensor_ops_detail::__is_same_v<const float, half>' "cooperative tensor source data type can only be one of uint8_t/int8_t/uint2b_format/int2b_format/uint4b_format/int4b_format/float/half/bfloat/metal_fp8_e4m3_format/metal_fp8_e5m2_format/metal_fp4_e2m1_format"
    static_assert(__tensor_ops_detail::__is_same_v<left_element_type, uint8_t> ||
    ^             ~~~~~~~~~~~~~~~~~~~~~~~~~~~~~~~~~~~~~~~~~~~~~~~~~~~~~~~~~~~~~~~
/System/Library/Frameworks/MetalPerformancePrimitives.framework/Headers/__impl/MPPTensorOpsMatMul2dImpl.h:5223:1: note: in instantiation of template class 'mpp::tensor_ops::__mutmul2d_detail::__operand_layout<{128, 64, 32, false, true, true, 1}, mpp::tensor_ops::__mutmul2d_detail::__matmul2d_cooperative_operand_index::destination, metal::execution_simdgroups<4>, const float, half, float, int>' requested here
using __cooperative_tensor_t =
^
/System/Library/Frameworks/MetalPerformancePrimitives.framework/Headers/__impl/MPPTensorOpsMatMul2dImpl.h:5229:1: note: in instantiation of template type alias '__cooperative_tensor_t' requested here
using __cooperative_tensor_destination_t =
^
/System/Library/Frameworks/MetalPerformancePrimitives.framework/Headers/MPPTensorOpsMatMul2d.h:549:3: note: in instantiation of template type alias '__cooperative_tensor_destination_t' requested here
  using cooperative_tensor_destination_t =
  ^
/System/Library/Frameworks/MetalPerformancePrimitives.framework/Headers/MPPTensorOpsMatMul2d.h:561:10: note: in instantiation of template type alias 'cooperative_tensor_destination_t' requested here
  INLINE cooperative_tensor_destination_t<LeftOperandType, RightOperandType, ElementType, CoordType, CoopArgs...>
         ^
program_source:235:18: note: while substituting deduced template arguments into function template 'get_destination_cooperative_tensor' [with LeftOperandType = metal::tensor<const device float, metal::extents<int, 18446744073709551615, 18446744073709551615>, metal::tensor_inline>, RightOperandType = metal::tensor<threadgroup half, metal::extents<int, 18446744073709551615, 18446744073709551615>, metal::tensor_inline>, ElementType = float, CoordType = (no value), U = (no value), CoopArgs = (no value)]
    auto cT = mm.get_destination_cooperative_tensor<decltype(tB), decltype(tA), float>();
                 ^
program_source:235:18: error: no matching member function for call to 'get_destination_cooperative_tensor'
    auto cT = mm.get_destination_cooperative_tensor<decltype(tB), decltype(tA), float>();
              ~~~^~~~~~~~~~~~~~~~~~~~~~~~~~~~~~~~~~~~~~~~~~~~~~~~~~~~~~~~~~~~~~~~~~~~~
/System/Library/Frameworks/MetalPerformancePrimitives.framework/Headers/MPPTensorOpsMatMul2d.h:562:3: note: candidate template ignored: substitution failure [with LeftOperandType = metal::tensor<const device float, metal::extents<int, 18446744073709551615, 18446744073709551615>, metal::tensor_inline>, RightOperandType = metal::tensor<threadgroup half, metal::extents<int, 18446744073709551615, 18446744073709551615>, metal::tensor_inline>, ElementType = float, CoordType = int, U = void, CoopArgs = <>]
  get_destination_cooperative_tensor() thread const
  ^

processing 19 input tokens: 0/19 (0.0%) batch=0.00 t/s avg=0.00 t/s
processing 19 input tokens: 0/19 (0.0%) batch=0.00 t/s avg=0.00 t/s
processing 19 input tokens: 1/19 (5.3%) batch=29.38 t/s avg=1.02 t/s
processing 19 input tokens: 1/19 (5.3%) batch=0.00 t/s avg=1.00 t/s
processing 19 input tokens: 2/19 (10.5%) batch=53.29 t/s avg=1.96 t/s
processing 19 input tokens: 2/19 (10.5%) batch=0.00 t/s avg=1.92 t/s
processing 19 input tokens: 3/19 (15.8%) batch=53.27 t/s avg=2.83 t/s
processing 19 input tokens: 3/19 (15.8%) batch=0.00 t/s avg=2.78 t/s
processing 19 input tokens: 3/19 (15.8%) batch=0.00 t/s avg=2.73 t/s
processing 19 input tokens: 4/19 (21.1%) batch=48.80 t/s avg=3.57 t/s
processing 19 input tokens: 4/19 (21.1%) batch=0.00 t/s avg=3.51 t/s
processing 19 input tokens: 5/19 (26.3%) batch=49.37 t/s avg=4.31 t/s
processing 19 input tokens: 5/19 (26.3%) batch=0.00 t/s avg=4.24 t/s
processing 19 input tokens: 6/19 (31.6%) batch=58.55 t/s avg=5.02 t/s
processing 19 input tokens: 6/19 (31.6%) batch=0.00 t/s avg=4.94 t/s
processing 19 input tokens: 7/19 (36.8%) batch=59.04 t/s avg=5.69 t/s
processing 19 input tokens: 7/19 (36.8%) batch=0.00 t/s avg=5.61 t/s
processing 19 input tokens: 7/19 (36.8%) batch=0.00 t/s avg=5.54 t/s
processing 19 input tokens: 8/19 (42.1%) batch=54.80 t/s avg=6.24 t/s
processing 19 input tokens: 8/19 (42.1%) batch=0.00 t/s avg=6.12 t/s
processing 19 input tokens: 9/19 (47.4%) batch=56.62 t/s avg=6.80 t/s
processing 19 input tokens: 9/19 (47.4%) batch=0.00 t/s avg=6.70 t/s
processing 19 input tokens: 10/19 (52.6%) batch=54.15 t/s avg=7.35 t/s
processing 19 input tokens: 10/19 (52.6%) batch=0.00 t/s avg=7.24 t/s
processing 19 input tokens: 11/19 (57.9%) batch=58.37 t/s avg=7.87 t/s
processing 19 input tokens: 11/19 (57.9%) batch=0.00 t/s avg=7.77 t/s
processing 19 input tokens: 11/19 (57.9%) batch=0.00 t/s avg=7.68 t/s
processing 19 input tokens: 12/19 (63.2%) batch=51.83 t/s avg=8.27 t/s
processing 19 input tokens: 12/19 (63.2%) batch=0.00 t/s avg=8.15 t/s
processing 19 input tokens: 13/19 (68.4%) batch=52.64 t/s avg=8.72 t/s
processing 19 input tokens: 13/19 (68.4%) batch=0.00 t/s avg=8.61 t/s
processing 19 input tokens: 14/19 (73.7%) batch=52.13 t/s avg=9.16 t/s
processing 19 input tokens: 14/19 (73.7%) batch=0.00 t/s avg=9.06 t/s
processing 19 input tokens: 15/19 (78.9%) batch=59.89 t/s avg=9.60 t/s
processing 19 input tokens: 15/19 (78.9%) batch=0.00 t/s avg=9.49 t/s
processing 19 input tokens: 15/19 (78.9%) batch=0.00 t/s avg=9.37 t/s
processing 19 input tokens: 16/19 (84.2%) batch=54.40 t/s avg=9.88 t/s
processing 19 input tokens: 16/19 (84.2%) batch=0.00 t/s avg=9.76 t/s
processing 19 input tokens: 17/19 (89.5%) batch=51.38 t/s avg=10.24 t/s
processing 19 input tokens: 17/19 (89.5%) batch=0.00 t/s avg=10.12 t/s
processing 19 input tokens: 18/19 (94.7%) batch=53.31 t/s avg=10.60 t/s
processing 19 input tokens: 18/19 (94.7%) batch=0.00 t/s avg=10.48 t/s
processing 19 input tokens: 19/19 (100.0%) batch=46.95 t/s avg=10.92 t/s
ds4: Flash-MoE mixed resident bank using fused GPU-selected decode path (slot id == expert id)
ds4: ----------------------------------------
ds4: prefill: 10.91 t/s, generation: 33.52 t/s (64 tokens in 1.909s)
