ds4: warning: raw KV cap limits Metal prefill chunk (prefill_chunk=6144, raw_kv_rows=6144, raw_window=128, effective_chunk=6016; target raw cap for one chunk is 6400, also requires ctx >= that value)
ds4: context buffers 668.90 MiB (ctx=6144, backend=metal, prefill_chunk=6144, raw_kv_rows=6144, compressed_kv_rows=1538)
ds4: Flash-MoE sidecar loaded: /Users/anemll/Models/flash/dsv4-iq2xxs-expert-major (slot-bank=96, expert-record 6.75 MiB)
ds4: Metal device Apple M5 Max, 128.00 GiB RAM
ds4: Flash-MoE using mmap-backed dense/shared weights without full-model Metal residency warmup
ds4: Metal model views created in 0.295 ms, residency requested in 0.000 ms, warmup 0.000 ms (mapped 8393.67 MiB from offset 5.06 MiB)
ds4: Metal mapped mmaped model as 1 overlapping shared buffers
ds4: metal backend initialized for graph diagnostics
ds4: prefill routed-MoE (requested): mul_mm_id (grouped GPU / ALU)  [grouped path]
ds4: prefill quant scales (ANE env first): w_qscale=512 x_qscale=32 mid_qscale=32 w_scale=0.00195312 x_scale=0.03125 mid_scale=0.03125
ds4: prefill ctx-grow: on, block=2048 tokens
ds4: prefill chunk cap: 16384, graph_raw_cap=8704
ds4: Flash-MoE slot banks allocated: layers=43 slots=96 gpu-bank=27864.00 MiB
ds4: prefill compute: routed experts = ANE i8i8 (W8A8) | dense proj = fp16-NAX (half x half)
ds4: prefill I/O: io-split=4 async-pread=on pread-threads=4 readahead=12 bank-prefetch=3 xlayer=auto<=6k-tok topk=48
ds4: decode  I/O: io-split=4 temporal-prefetch=on slots=96
ds4: Flash-MoE banked kernels using M5 simdgroup_matrix fast path (prefetch=3, banks=4)
ds4: WARNING: prefill chunk 6144 clamped to 6016 by raw-KV cap (raw_cap=6144, window=128). Set DS4_METAL_GRAPH_RAW_CAP >= 6272 (window + chunk) — or unset it to auto-size — to honor the chunk.
ds4: prefill chunk cap EFFECTIVE=6016 tokens (DS4_METAL_PREFILL_CHUNK=16384), CLAMPED by raw-KV-cap (ctx-grow) (resident-NAX tiles this by scratch_cap; that tile gates the sync bridge)
ds4: ANE i8w-i8x-tiled-fused cached async prefill B=256 H=4096 I=2048 w_scale=0.00195312 x_scale=0.03125 mid_scale=0.03125
ds4: Flash-MoE prefill layer=0 tokens=4344 unique=256 refs=26064 sync=8.436 ms plan=0.483 ms stage/compute=233.553 ms misses=256
ds4: Flash-MoE hybrid prefill layer=0 ane_groups=4 ane_refs=1162 gpu_i8_groups=0 gpu_i8_refs=0 fp32_groups=0 ane_min_refs=256 concurrent=1 ane_pipeline=1 output_queue=4 async_ane=4 gpu_overlap=252 finishes=4 waits=8
ds4: Flash-MoE overlap plan layer=0 exec_groups=256 planned_ane_groups=4 planned_ane_refs=1162 planned_gpu_groups=252 planned_gpu_refs=24902 tail_gpu_groups=0 tail_gpu_refs=0 planned_ssd_groups=256 est_gpu=41030.0 est_ane=660.7 est_idle=98.39% wall=229.577 ms actual_ane_groups=4 actual_ane_refs=1162 actual_gpu_groups=0 actual_gpu_refs=0 finishes=4 waits=8 overlap_gpu_groups=252
ds4: Flash-MoE prefill layer=1 tokens=4344 unique=256 refs=26064 sync=3.699 ms plan=0.317 ms stage/compute=220.289 ms misses=256
ds4: Flash-MoE hybrid prefill layer=1 ane_groups=4 ane_refs=1101 gpu_i8_groups=0 gpu_i8_refs=0 fp32_groups=0 ane_min_refs=256 concurrent=1 ane_pipeline=1 output_queue=4 async_ane=4 gpu_overlap=252 finishes=4 waits=8
ds4: Flash-MoE overlap plan layer=1 exec_groups=256 planned_ane_groups=4 planned_ane_refs=1101 planned_gpu_groups=252 planned_gpu_refs=24963 tail_gpu_groups=0 tail_gpu_refs=0 planned_ssd_groups=256 est_gpu=41091.0 est_ane=660.7 est_idle=98.39% wall=219.499 ms actual_ane_groups=4 actual_ane_refs=1101 actual_gpu_groups=0 actual_gpu_refs=0 finishes=4 waits=8 overlap_gpu_groups=252
ds4: Flash-MoE prefill layer=2 tokens=4344 unique=256 refs=26064 sync=3.687 ms plan=0.377 ms stage/compute=218.381 ms misses=256
ds4: Flash-MoE hybrid prefill layer=2 ane_groups=7 ane_refs=2025 gpu_i8_groups=0 gpu_i8_refs=0 fp32_groups=0 ane_min_refs=256 concurrent=1 ane_pipeline=1 output_queue=4 async_ane=7 gpu_overlap=249 finishes=7 waits=14
ds4: Flash-MoE overlap plan layer=2 exec_groups=256 planned_ane_groups=7 planned_ane_refs=2025 planned_gpu_groups=249 planned_gpu_refs=24039 tail_gpu_groups=0 tail_gpu_refs=0 planned_ssd_groups=256 est_gpu=39975.0 est_ane=1156.2 est_idle=97.11% wall=217.482 ms actual_ane_groups=7 actual_ane_refs=2025 actual_gpu_groups=0 actual_gpu_refs=0 finishes=7 waits=14 overlap_gpu_groups=249
ds4: Flash-MoE prefill layer=3 tokens=4344 unique=244 refs=26064 sync=4.334 ms plan=0.358 ms stage/compute=199.790 ms misses=244
ds4: Flash-MoE hybrid prefill layer=3 ane_groups=16 ane_refs=8384 gpu_i8_groups=0 gpu_i8_refs=0 fp32_groups=0 ane_min_refs=256 concurrent=1 ane_pipeline=1 output_queue=4 async_ane=16 gpu_overlap=228 finishes=16 waits=32
ds4: Flash-MoE overlap plan layer=3 exec_groups=244 planned_ane_groups=16 planned_ane_refs=8384 planned_gpu_groups=228 planned_gpu_refs=17680 tail_gpu_groups=0 tail_gpu_refs=0 planned_ssd_groups=244 est_gpu=32272.0 est_ane=2671.2 est_idle=91.72% wall=198.998 ms actual_ane_groups=16 actual_ane_refs=8384 actual_gpu_groups=0 actual_gpu_refs=0 finishes=16 waits=32 overlap_gpu_groups=228
ds4: Flash-MoE async pread canceled queued=0 reading=0 ready=2 finished=0
ds4: Flash-MoE prefill layer=4 tokens=4344 unique=241 refs=26064 sync=3.950 ms plan=0.319 ms stage/compute=199.949 ms misses=241
ds4: Flash-MoE hybrid prefill layer=4 ane_groups=14 ane_refs=8784 gpu_i8_groups=0 gpu_i8_refs=0 fp32_groups=0 ane_min_refs=256 concurrent=1 ane_pipeline=1 output_queue=4 async_ane=14 gpu_overlap=227 finishes=14 waits=28
ds4: Flash-MoE overlap plan layer=4 exec_groups=241 planned_ane_groups=14 planned_ane_refs=8784 planned_gpu_groups=227 planned_gpu_refs=17280 tail_gpu_groups=0 tail_gpu_refs=0 planned_ssd_groups=241 est_gpu=31808.0 est_ane=2346.0 est_idle=92.62% wall=199.093 ms actual_ane_groups=14 actual_ane_refs=8784 actual_gpu_groups=0 actual_gpu_refs=0 finishes=14 waits=28 overlap_gpu_groups=227
ds4: Flash-MoE async pread canceled queued=0 reading=0 ready=5 finished=0
ds4: Flash-MoE prefill layer=5 tokens=4344 unique=250 refs=26064 sync=3.929 ms plan=0.370 ms stage/compute=210.311 ms misses=250
ds4: Flash-MoE hybrid prefill layer=5 ane_groups=13 ane_refs=8791 gpu_i8_groups=0 gpu_i8_refs=0 fp32_groups=0 ane_min_refs=256 concurrent=1 ane_pipeline=1 output_queue=4 async_ane=13 gpu_overlap=237 finishes=13 waits=26
ds4: Flash-MoE overlap plan layer=5 exec_groups=250 planned_ane_groups=13 planned_ane_refs=8791 planned_gpu_groups=237 planned_gpu_refs=17273 tail_gpu_groups=0 tail_gpu_refs=0 planned_ssd_groups=250 est_gpu=32441.0 est_ane=2188.6 est_idle=93.25% wall=209.505 ms actual_ane_groups=13 actual_ane_refs=8791 actual_gpu_groups=0 actual_gpu_refs=0 finishes=13 waits=26 overlap_gpu_groups=237
ds4: Flash-MoE async pread canceled queued=0 reading=0 ready=5 finished=0
ds4: Flash-MoE prefill layer=6 tokens=4344 unique=251 refs=26064 sync=3.955 ms plan=0.316 ms stage/compute=278.757 ms misses=251
ds4: Flash-MoE hybrid prefill layer=6 ane_groups=15 ane_refs=9621 gpu_i8_groups=0 gpu_i8_refs=0 fp32_groups=0 ane_min_refs=256 concurrent=1 ane_pipeline=1 output_queue=4 async_ane=15 gpu_overlap=236 finishes=15 waits=30
ds4: Flash-MoE overlap plan layer=6 exec_groups=251 planned_ane_groups=15 planned_ane_refs=9621 planned_gpu_groups=236 planned_gpu_refs=16443 tail_gpu_groups=0 tail_gpu_refs=0 planned_ssd_groups=251 est_gpu=31547.0 est_ane=2521.5 est_idle=92.01% wall=277.960 ms actual_ane_groups=15 actual_ane_refs=9621 actual_gpu_groups=0 actual_gpu_refs=0 finishes=15 waits=30 overlap_gpu_groups=236
ds4: Flash-MoE async pread canceled queued=0 reading=0 ready=6 finished=0
ds4: Flash-MoE prefill layer=7 tokens=4344 unique=248 refs=26064 sync=3.918 ms plan=0.330 ms stage/compute=200.941 ms misses=248
ds4: Flash-MoE hybrid prefill layer=7 ane_groups=14 ane_refs=10226 gpu_i8_groups=0 gpu_i8_refs=0 fp32_groups=0 ane_min_refs=256 concurrent=1 ane_pipeline=1 output_queue=4 async_ane=14 gpu_overlap=234 finishes=14 waits=28
ds4: Flash-MoE overlap plan layer=7 exec_groups=248 planned_ane_groups=14 planned_ane_refs=10226 planned_gpu_groups=234 planned_gpu_refs=15838 tail_gpu_groups=0 tail_gpu_refs=0 planned_ssd_groups=248 est_gpu=30814.0 est_ane=2361.5 est_idle=92.34% wall=200.132 ms actual_ane_groups=14 actual_ane_refs=10226 actual_gpu_groups=0 actual_gpu_refs=0 finishes=14 waits=28 overlap_gpu_groups=234
ds4: Flash-MoE async pread canceled queued=0 reading=0 ready=6 finished=0
ds4: Flash-MoE prefill layer=8 tokens=4344 unique=248 refs=26064 sync=3.934 ms plan=0.346 ms stage/compute=202.999 ms misses=248
ds4: Flash-MoE hybrid prefill layer=8 ane_groups=16 ane_refs=10935 gpu_i8_groups=0 gpu_i8_refs=0 fp32_groups=0 ane_min_refs=256 concurrent=1 ane_pipeline=1 output_queue=4 async_ane=16 gpu_overlap=232 finishes=16 waits=32
ds4: Flash-MoE overlap plan layer=8 exec_groups=248 planned_ane_groups=16 planned_ane_refs=10935 planned_gpu_groups=232 planned_gpu_refs=15129 tail_gpu_groups=0 tail_gpu_refs=0 planned_ssd_groups=248 est_gpu=29977.0 est_ane=2702.2 est_idle=90.99% wall=202.060 ms actual_ane_groups=16 actual_ane_refs=10935 actual_gpu_groups=0 actual_gpu_refs=0 finishes=16 waits=32 overlap_gpu_groups=232
ds4: Flash-MoE async pread canceled queued=0 reading=0 ready=8 finished=0
ds4: Flash-MoE prefill layer=9 tokens=4344 unique=251 refs=26064 sync=3.949 ms plan=0.328 ms stage/compute=211.244 ms misses=251
ds4: Flash-MoE hybrid prefill layer=9 ane_groups=14 ane_refs=9359 gpu_i8_groups=0 gpu_i8_refs=0 fp32_groups=0 ane_min_refs=256 concurrent=1 ane_pipeline=1 output_queue=4 async_ane=14 gpu_overlap=237 finishes=14 waits=28
ds4: Flash-MoE overlap plan layer=9 exec_groups=251 planned_ane_groups=14 planned_ane_refs=9359 planned_gpu_groups=237 planned_gpu_refs=16705 tail_gpu_groups=0 tail_gpu_refs=0 planned_ssd_groups=251 est_gpu=31873.0 est_ane=2356.4 est_idle=92.61% wall=210.395 ms actual_ane_groups=14 actual_ane_refs=9359 actual_gpu_groups=0 actual_gpu_refs=0 finishes=14 waits=28 overlap_gpu_groups=237
ds4: Flash-MoE async pread canceled queued=0 reading=0 ready=8 finished=0
ds4: Flash-MoE prefill layer=10 tokens=4344 unique=250 refs=26064 sync=3.942 ms plan=0.322 ms stage/compute=206.796 ms misses=250
ds4: Flash-MoE hybrid prefill layer=10 ane_groups=16 ane_refs=8490 gpu_i8_groups=0 gpu_i8_refs=0 fp32_groups=0 ane_min_refs=256 concurrent=1 ane_pipeline=1 output_queue=4 async_ane=16 gpu_overlap=234 finishes=16 waits=32
ds4: Flash-MoE overlap plan layer=10 exec_groups=250 planned_ane_groups=16 planned_ane_refs=8490 planned_gpu_groups=234 planned_gpu_refs=17574 tail_gpu_groups=0 tail_gpu_refs=0 planned_ssd_groups=250 est_gpu=32550.0 est_ane=2671.2 est_idle=91.79% wall=205.743 ms actual_ane_groups=16 actual_ane_refs=8490 actual_gpu_groups=0 actual_gpu_refs=0 finishes=16 waits=32 overlap_gpu_groups=234
ds4: Flash-MoE async pread canceled queued=0 reading=0 ready=9 finished=0
ds4: Flash-MoE prefill layer=11 tokens=4344 unique=251 refs=26064 sync=3.979 ms plan=0.412 ms stage/compute=193.570 ms misses=251
ds4: Flash-MoE hybrid prefill layer=11 ane_groups=20 ane_refs=8647 gpu_i8_groups=0 gpu_i8_refs=0 fp32_groups=0 ane_min_refs=256 concurrent=1 ane_pipeline=1 output_queue=4 async_ane=20 gpu_overlap=231 finishes=20 waits=40
ds4: Flash-MoE overlap plan layer=11 exec_groups=251 planned_ane_groups=20 planned_ane_refs=8647 planned_gpu_groups=231 planned_gpu_refs=17417 tail_gpu_groups=0 tail_gpu_refs=0 planned_ssd_groups=251 est_gpu=32201.0 est_ane=3316.4 est_idle=89.70% wall=192.685 ms actual_ane_groups=20 actual_ane_refs=8647 actual_gpu_groups=0 actual_gpu_refs=0 finishes=20 waits=40 overlap_gpu_groups=231
ds4: Flash-MoE async pread canceled queued=0 reading=0 ready=9 finished=0
ds4: Flash-MoE prefill layer=12 tokens=4344 unique=235 refs=26064 sync=3.933 ms plan=0.337 ms stage/compute=190.072 ms misses=235
ds4: Flash-MoE hybrid prefill layer=12 ane_groups=19 ane_refs=10300 gpu_i8_groups=0 gpu_i8_refs=0 fp32_groups=0 ane_min_refs=256 concurrent=1 ane_pipeline=1 output_queue=4 async_ane=19 gpu_overlap=216 finishes=19 waits=38
ds4: Flash-MoE overlap plan layer=12 exec_groups=235 planned_ane_groups=19 planned_ane_refs=10300 planned_gpu_groups=216 planned_gpu_refs=15764 tail_gpu_groups=0 tail_gpu_refs=0 planned_ssd_groups=235 est_gpu=29588.0 est_ane=3174.5 est_idle=89.27% wall=189.287 ms actual_ane_groups=19 actual_ane_refs=10300 actual_gpu_groups=0 actual_gpu_refs=0 finishes=19 waits=38 overlap_gpu_groups=216
ds4: Flash-MoE async pread canceled queued=0 reading=0 ready=14 finished=0
ds4: Flash-MoE prefill layer=13 tokens=4344 unique=243 refs=26064 sync=4.077 ms plan=0.279 ms stage/compute=191.618 ms misses=243
ds4: Flash-MoE hybrid prefill layer=13 ane_groups=19 ane_refs=9258 gpu_i8_groups=0 gpu_i8_refs=0 fp32_groups=0 ane_min_refs=256 concurrent=1 ane_pipeline=1 output_queue=4 async_ane=19 gpu_overlap=224 finishes=19 waits=38
ds4: Flash-MoE overlap plan layer=13 exec_groups=243 planned_ane_groups=19 planned_ane_refs=9258 planned_gpu_groups=224 planned_gpu_refs=16806 tail_gpu_groups=0 tail_gpu_refs=0 planned_ssd_groups=243 est_gpu=31142.0 est_ane=3158.9 est_idle=89.86% wall=190.770 ms actual_ane_groups=19 actual_ane_refs=9258 actual_gpu_groups=0 actual_gpu_refs=0 finishes=19 waits=38 overlap_gpu_groups=224
ds4: Flash-MoE async pread canceled queued=0 reading=0 ready=15 finished=0
ds4: Flash-MoE prefill layer=14 tokens=4344 unique=235 refs=26064 sync=3.980 ms plan=0.372 ms stage/compute=181.866 ms misses=235
ds4: Flash-MoE hybrid prefill layer=14 ane_groups=20 ane_refs=11143 gpu_i8_groups=0 gpu_i8_refs=0 fp32_groups=0 ane_min_refs=256 concurrent=1 ane_pipeline=1 output_queue=4 async_ane=20 gpu_overlap=215 finishes=20 waits=40
ds4: Flash-MoE overlap plan layer=14 exec_groups=235 planned_ane_groups=20 planned_ane_refs=11143 planned_gpu_groups=215 planned_gpu_refs=14921 tail_gpu_groups=0 tail_gpu_refs=0 planned_ssd_groups=235 est_gpu=28681.0 est_ane=3339.6 est_idle=88.36% wall=181.030 ms actual_ane_groups=20 actual_ane_refs=11143 actual_gpu_groups=0 actual_gpu_refs=0 finishes=20 waits=40 overlap_gpu_groups=215
ds4: Flash-MoE async pread canceled queued=0 reading=0 ready=20 finished=0
ds4: Flash-MoE prefill layer=15 tokens=4344 unique=229 refs=26064 sync=3.935 ms plan=0.361 ms stage/compute=180.792 ms misses=229
ds4: Flash-MoE hybrid prefill layer=15 ane_groups=24 ane_refs=11508 gpu_i8_groups=0 gpu_i8_refs=0 fp32_groups=0 ane_min_refs=256 concurrent=1 ane_pipeline=1 output_queue=4 async_ane=24 gpu_overlap=205 finishes=24 waits=48
ds4: Flash-MoE overlap plan layer=15 exec_groups=229 planned_ane_groups=24 planned_ane_refs=11508 planned_gpu_groups=205 planned_gpu_refs=14556 tail_gpu_groups=0 tail_gpu_refs=0 planned_ssd_groups=229 est_gpu=27676.0 est_ane=3997.7 est_idle=85.56% wall=179.898 ms actual_ane_groups=24 actual_ane_refs=11508 actual_gpu_groups=0 actual_gpu_refs=0 finishes=24 waits=48 overlap_gpu_groups=205
ds4: Flash-MoE async pread canceled queued=0 reading=0 ready=25 finished=0
ds4: Flash-MoE prefill layer=16 tokens=4344 unique=233 refs=26064 sync=3.958 ms plan=0.361 ms stage/compute=185.865 ms misses=233
ds4: Flash-MoE hybrid prefill layer=16 ane_groups=19 ane_refs=12462 gpu_i8_groups=0 gpu_i8_refs=0 fp32_groups=0 ane_min_refs=256 concurrent=1 ane_pipeline=1 output_queue=4 async_ane=19 gpu_overlap=214 finishes=19 waits=38
ds4: Flash-MoE overlap plan layer=16 exec_groups=233 planned_ane_groups=19 planned_ane_refs=12462 planned_gpu_groups=214 planned_gpu_refs=13602 tail_gpu_groups=0 tail_gpu_refs=0 planned_ssd_groups=233 est_gpu=27298.0 est_ane=3190.0 est_idle=88.31% wall=185.065 ms actual_ane_groups=19 actual_ane_refs=12462 actual_gpu_groups=0 actual_gpu_refs=0 finishes=19 waits=38 overlap_gpu_groups=214
ds4: Flash-MoE async pread canceled queued=0 reading=0 ready=29 finished=0
ds4: Flash-MoE prefill layer=17 tokens=4344 unique=238 refs=26064 sync=3.947 ms plan=0.401 ms stage/compute=194.499 ms misses=238
ds4: Flash-MoE hybrid prefill layer=17 ane_groups=18 ane_refs=9385 gpu_i8_groups=0 gpu_i8_refs=0 fp32_groups=0 ane_min_refs=256 concurrent=1 ane_pipeline=1 output_queue=4 async_ane=18 gpu_overlap=220 finishes=18 waits=36
ds4: Flash-MoE overlap plan layer=17 exec_groups=238 planned_ane_groups=18 planned_ane_refs=9385 planned_gpu_groups=220 planned_gpu_refs=16679 tail_gpu_groups=0 tail_gpu_refs=0 planned_ssd_groups=238 est_gpu=30759.0 est_ane=2998.9 est_idle=90.25% wall=193.738 ms actual_ane_groups=18 actual_ane_refs=9385 actual_gpu_groups=0 actual_gpu_refs=0 finishes=18 waits=36 overlap_gpu_groups=220
ds4: Flash-MoE async pread canceled queued=0 reading=0 ready=35 finished=0
ds4: Flash-MoE prefill layer=18 tokens=4344 unique=238 refs=26064 sync=3.984 ms plan=0.368 ms stage/compute=190.761 ms misses=238
ds4: Flash-MoE hybrid prefill layer=18 ane_groups=21 ane_refs=10746 gpu_i8_groups=0 gpu_i8_refs=0 fp32_groups=0 ane_min_refs=256 concurrent=1 ane_pipeline=1 output_queue=4 async_ane=21 gpu_overlap=217 finishes=21 waits=42
ds4: Flash-MoE overlap plan layer=18 exec_groups=238 planned_ane_groups=21 planned_ane_refs=10746 planned_gpu_groups=217 planned_gpu_refs=15318 tail_gpu_groups=0 tail_gpu_refs=0 planned_ssd_groups=238 est_gpu=29206.0 est_ane=3502.2 est_idle=88.01% wall=189.857 ms actual_ane_groups=21 actual_ane_refs=10746 actual_gpu_groups=0 actual_gpu_refs=0 finishes=21 waits=42 overlap_gpu_groups=217
ds4: Flash-MoE async pread canceled queued=0 reading=0 ready=36 finished=0
ds4: Flash-MoE prefill layer=19 tokens=4344 unique=245 refs=26064 sync=3.938 ms plan=0.312 ms stage/compute=195.287 ms misses=245
ds4: Flash-MoE hybrid prefill layer=19 ane_groups=15 ane_refs=6780 gpu_i8_groups=0 gpu_i8_refs=0 fp32_groups=0 ane_min_refs=256 concurrent=1 ane_pipeline=1 output_queue=4 async_ane=15 gpu_overlap=230 finishes=15 waits=30
ds4: Flash-MoE overlap plan layer=19 exec_groups=245 planned_ane_groups=15 planned_ane_refs=6780 planned_gpu_groups=230 planned_gpu_refs=19284 tail_gpu_groups=0 tail_gpu_refs=0 planned_ssd_groups=245 est_gpu=34004.0 est_ane=2490.5 est_idle=92.68% wall=194.403 ms actual_ane_groups=15 actual_ane_refs=6780 actual_gpu_groups=0 actual_gpu_refs=0 finishes=15 waits=30 overlap_gpu_groups=230
ds4: Flash-MoE async pread canceled queued=0 reading=0 ready=39 finished=0
ds4: Flash-MoE prefill layer=20 tokens=4344 unique=243 refs=26064 sync=3.947 ms plan=0.420 ms stage/compute=199.140 ms misses=243
ds4: Flash-MoE hybrid prefill layer=20 ane_groups=17 ane_refs=9347 gpu_i8_groups=0 gpu_i8_refs=0 fp32_groups=0 ane_min_refs=256 concurrent=1 ane_pipeline=1 output_queue=4 async_ane=17 gpu_overlap=226 finishes=17 waits=34
ds4: Flash-MoE overlap plan layer=20 exec_groups=243 planned_ane_groups=17 planned_ane_refs=9347 planned_gpu_groups=226 planned_gpu_refs=16717 tail_gpu_groups=0 tail_gpu_refs=0 planned_ssd_groups=243 est_gpu=31181.0 est_ane=2844.1 est_idle=90.88% wall=198.238 ms actual_ane_groups=17 actual_ane_refs=9347 actual_gpu_groups=0 actual_gpu_refs=0 finishes=17 waits=34 overlap_gpu_groups=226
ds4: Flash-MoE async pread canceled queued=0 reading=0 ready=42 finished=0
ds4: Flash-MoE prefill layer=21 tokens=4344 unique=236 refs=26064 sync=4.088 ms plan=0.348 ms stage/compute=186.933 ms misses=236
ds4: Flash-MoE hybrid prefill layer=21 ane_groups=24 ane_refs=10309 gpu_i8_groups=0 gpu_i8_refs=0 fp32_groups=0 ane_min_refs=256 concurrent=1 ane_pipeline=1 output_queue=4 async_ane=24 gpu_overlap=212 finishes=24 waits=48
ds4: Flash-MoE overlap plan layer=21 exec_groups=236 planned_ane_groups=24 planned_ane_refs=10309 planned_gpu_groups=212 planned_gpu_refs=15755 tail_gpu_groups=0 tail_gpu_refs=0 planned_ssd_groups=236 est_gpu=29323.0 est_ane=3982.2 est_idle=86.42% wall=186.101 ms actual_ane_groups=24 actual_ane_refs=10309 actual_gpu_groups=0 actual_gpu_refs=0 finishes=24 waits=48 overlap_gpu_groups=212
ds4: Flash-MoE async pread canceled queued=0 reading=0 ready=49 finished=0
ds4: Flash-MoE prefill layer=22 tokens=4344 unique=238 refs=26064 sync=3.938 ms plan=0.388 ms stage/compute=193.035 ms misses=238
ds4: Flash-MoE hybrid prefill layer=22 ane_groups=19 ane_refs=10057 gpu_i8_groups=0 gpu_i8_refs=0 fp32_groups=0 ane_min_refs=256 concurrent=1 ane_pipeline=1 output_queue=4 async_ane=19 gpu_overlap=219 finishes=19 waits=38
ds4: Flash-MoE overlap plan layer=22 exec_groups=238 planned_ane_groups=19 planned_ane_refs=10057 planned_gpu_groups=219 planned_gpu_refs=16007 tail_gpu_groups=0 tail_gpu_refs=0 planned_ssd_groups=238 est_gpu=30023.0 est_ane=3169.3 est_idle=89.44% wall=192.237 ms actual_ane_groups=19 actual_ane_refs=10057 actual_gpu_groups=0 actual_gpu_refs=0 finishes=19 waits=38 overlap_gpu_groups=219
ds4: Flash-MoE async pread canceled queued=0 reading=0 ready=52 finished=0
ds4: Flash-MoE prefill layer=23 tokens=4344 unique=236 refs=26064 sync=3.995 ms plan=0.426 ms stage/compute=186.144 ms misses=236
ds4: Flash-MoE hybrid prefill layer=23 ane_groups=21 ane_refs=8442 gpu_i8_groups=0 gpu_i8_refs=0 fp32_groups=0 ane_min_refs=256 concurrent=1 ane_pipeline=1 output_queue=4 async_ane=21 gpu_overlap=215 finishes=21 waits=42
ds4: Flash-MoE overlap plan layer=23 exec_groups=236 planned_ane_groups=21 planned_ane_refs=8442 planned_gpu_groups=215 planned_gpu_refs=17622 tail_gpu_groups=0 tail_gpu_refs=0 planned_ssd_groups=236 est_gpu=31382.0 est_ane=3478.9 est_idle=88.91% wall=185.301 ms actual_ane_groups=21 actual_ane_refs=8442 actual_gpu_groups=0 actual_gpu_refs=0 finishes=21 waits=42 overlap_gpu_groups=215
ds4: Flash-MoE async pread canceled queued=0 reading=0 ready=56 finished=0
ds4: Flash-MoE prefill layer=24 tokens=4344 unique=223 refs=26064 sync=3.941 ms plan=0.364 ms stage/compute=186.127 ms misses=223
ds4: Flash-MoE hybrid prefill layer=24 ane_groups=19 ane_refs=8977 gpu_i8_groups=0 gpu_i8_refs=0 fp32_groups=0 ane_min_refs=256 concurrent=1 ane_pipeline=1 output_queue=4 async_ane=19 gpu_overlap=204 finishes=19 waits=38
ds4: Flash-MoE overlap plan layer=24 exec_groups=223 planned_ane_groups=19 planned_ane_refs=8977 planned_gpu_groups=204 planned_gpu_refs=17087 tail_gpu_groups=0 tail_gpu_refs=0 planned_ssd_groups=223 est_gpu=30143.0 est_ane=3161.5 est_idle=89.51% wall=185.335 ms actual_ane_groups=19 actual_ane_refs=8977 actual_gpu_groups=0 actual_gpu_refs=0 finishes=19 waits=38 overlap_gpu_groups=204
ds4: Flash-MoE async pread canceled queued=0 reading=0 ready=61 finished=0
ds4: Flash-MoE prefill layer=25 tokens=4344 unique=232 refs=26064 sync=4.006 ms plan=0.358 ms stage/compute=191.593 ms misses=232
ds4: Flash-MoE hybrid prefill layer=25 ane_groups=18 ane_refs=8221 gpu_i8_groups=0 gpu_i8_refs=0 fp32_groups=0 ane_min_refs=256 concurrent=1 ane_pipeline=1 output_queue=4 async_ane=18 gpu_overlap=214 finishes=18 waits=36
ds4: Flash-MoE overlap plan layer=25 exec_groups=232 planned_ane_groups=18 planned_ane_refs=8221 planned_gpu_groups=214 planned_gpu_refs=17843 tail_gpu_groups=0 tail_gpu_refs=0 planned_ssd_groups=232 est_gpu=31539.0 est_ane=2993.8 est_idle=90.51% wall=190.810 ms actual_ane_groups=18 actual_ane_refs=8221 actual_gpu_groups=0 actual_gpu_refs=0 finishes=18 waits=36 overlap_gpu_groups=214
ds4: Flash-MoE async pread canceled queued=0 reading=0 ready=66 finished=0
ds4: Flash-MoE prefill layer=26 tokens=4344 unique=221 refs=26064 sync=3.975 ms plan=0.363 ms stage/compute=181.328 ms misses=221
ds4: Flash-MoE hybrid prefill layer=26 ane_groups=19 ane_refs=11104 gpu_i8_groups=0 gpu_i8_refs=0 fp32_groups=0 ane_min_refs=256 concurrent=1 ane_pipeline=1 output_queue=4 async_ane=19 gpu_overlap=202 finishes=19 waits=38
ds4: Flash-MoE overlap plan layer=26 exec_groups=221 planned_ane_groups=19 planned_ane_refs=11104 planned_gpu_groups=202 planned_gpu_refs=14960 tail_gpu_groups=0 tail_gpu_refs=0 planned_ssd_groups=221 est_gpu=27888.0 est_ane=3179.6 est_idle=88.60% wall=180.604 ms actual_ane_groups=19 actual_ane_refs=11104 actual_gpu_groups=0 actual_gpu_refs=0 finishes=19 waits=38 overlap_gpu_groups=202
ds4: Flash-MoE async pread canceled queued=0 reading=0 ready=70 finished=0
ds4: Flash-MoE prefill layer=27 tokens=4344 unique=231 refs=26064 sync=3.960 ms plan=0.349 ms stage/compute=205.053 ms misses=231
ds4: Flash-MoE hybrid prefill layer=27 ane_groups=20 ane_refs=9644 gpu_i8_groups=0 gpu_i8_refs=0 fp32_groups=0 ane_min_refs=256 concurrent=1 ane_pipeline=1 output_queue=4 async_ane=20 gpu_overlap=211 finishes=20 waits=40
ds4: Flash-MoE overlap plan layer=27 exec_groups=231 planned_ane_groups=20 planned_ane_refs=9644 planned_gpu_groups=211 planned_gpu_refs=16420 tail_gpu_groups=0 tail_gpu_refs=0 planned_ssd_groups=231 est_gpu=29924.0 est_ane=3326.7 est_idle=88.88% wall=204.275 ms actual_ane_groups=20 actual_ane_refs=9644 actual_gpu_groups=0 actual_gpu_refs=0 finishes=20 waits=40 overlap_gpu_groups=211
ds4: Flash-MoE async pread canceled queued=0 reading=0 ready=72 finished=0
ds4: Flash-MoE prefill layer=28 tokens=4344 unique=213 refs=26064 sync=4.051 ms plan=0.427 ms stage/compute=184.051 ms misses=213
ds4: Flash-MoE hybrid prefill layer=28 ane_groups=19 ane_refs=10695 gpu_i8_groups=0 gpu_i8_refs=0 fp32_groups=0 ane_min_refs=256 concurrent=1 ane_pipeline=1 output_queue=4 async_ane=19 gpu_overlap=194 finishes=19 waits=38
ds4: Flash-MoE overlap plan layer=28 exec_groups=213 planned_ane_groups=19 planned_ane_refs=10695 planned_gpu_groups=194 planned_gpu_refs=15369 tail_gpu_groups=0 tail_gpu_refs=0 planned_ssd_groups=213 est_gpu=27785.0 est_ane=3179.6 est_idle=88.56% wall=183.087 ms actual_ane_groups=19 actual_ane_refs=10695 actual_gpu_groups=0 actual_gpu_refs=0 finishes=19 waits=38 overlap_gpu_groups=194
ds4: Flash-MoE async pread canceled queued=0 reading=0 ready=86 finished=0
ds4: Flash-MoE prefill layer=29 tokens=4344 unique=235 refs=26064 sync=4.034 ms plan=0.328 ms stage/compute=185.453 ms misses=235
ds4: Flash-MoE hybrid prefill layer=29 ane_groups=21 ane_refs=9709 gpu_i8_groups=0 gpu_i8_refs=0 fp32_groups=0 ane_min_refs=256 concurrent=1 ane_pipeline=1 output_queue=4 async_ane=21 gpu_overlap=214 finishes=21 waits=42
ds4: Flash-MoE overlap plan layer=29 exec_groups=235 planned_ane_groups=21 planned_ane_refs=9709 planned_gpu_groups=214 planned_gpu_refs=16355 tail_gpu_groups=0 tail_gpu_refs=0 planned_ssd_groups=235 est_gpu=30051.0 est_ane=3491.9 est_idle=88.38% wall=184.616 ms actual_ane_groups=21 actual_ane_refs=9709 actual_gpu_groups=0 actual_gpu_refs=0 finishes=21 waits=42 overlap_gpu_groups=214
ds4: Flash-MoE async pread canceled queued=0 reading=0 ready=90 finished=0
ds4: Flash-MoE prefill layer=30 tokens=4344 unique=234 refs=26064 sync=3.973 ms plan=0.343 ms stage/compute=195.648 ms misses=234
ds4: Flash-MoE hybrid prefill layer=30 ane_groups=19 ane_refs=9085 gpu_i8_groups=0 gpu_i8_refs=0 fp32_groups=0 ane_min_refs=256 concurrent=1 ane_pipeline=1 output_queue=4 async_ane=19 gpu_overlap=215 finishes=19 waits=38
ds4: Flash-MoE overlap plan layer=30 exec_groups=234 planned_ane_groups=19 planned_ane_refs=9085 planned_gpu_groups=215 planned_gpu_refs=16979 tail_gpu_groups=0 tail_gpu_refs=0 planned_ssd_groups=234 est_gpu=30739.0 est_ane=3161.5 est_idle=89.71% wall=194.683 ms actual_ane_groups=19 actual_ane_refs=9085 actual_gpu_groups=0 actual_gpu_refs=0 finishes=19 waits=38 overlap_gpu_groups=215
ds4: Flash-MoE async pread canceled queued=0 reading=0 ready=94 finished=0
ds4: Flash-MoE prefill layer=31 tokens=4344 unique=243 refs=26064 sync=3.950 ms plan=0.337 ms stage/compute=197.145 ms misses=243
ds4: Flash-MoE hybrid prefill layer=31 ane_groups=19 ane_refs=9087 gpu_i8_groups=0 gpu_i8_refs=0 fp32_groups=0 ane_min_refs=256 concurrent=1 ane_pipeline=1 output_queue=4 async_ane=19 gpu_overlap=224 finishes=19 waits=38
ds4: Flash-MoE overlap plan layer=31 exec_groups=243 planned_ane_groups=19 planned_ane_refs=9087 planned_gpu_groups=224 planned_gpu_refs=16977 tail_gpu_groups=0 tail_gpu_refs=0 planned_ssd_groups=243 est_gpu=31313.0 est_ane=3156.4 est_idle=89.92% wall=196.279 ms actual_ane_groups=19 actual_ane_refs=9087 actual_gpu_groups=0 actual_gpu_refs=0 finishes=19 waits=38 overlap_gpu_groups=224
ds4: Flash-MoE async pread canceled queued=0 reading=0 ready=95 finished=0
ds4: Flash-MoE prefill layer=32 tokens=4344 unique=229 refs=26064 sync=4.004 ms plan=0.376 ms stage/compute=394.058 ms misses=229
ds4: Flash-MoE hybrid prefill layer=32 ane_groups=19 ane_refs=10284 gpu_i8_groups=0 gpu_i8_refs=0 fp32_groups=0 ane_min_refs=256 concurrent=1 ane_pipeline=1 output_queue=4 async_ane=19 gpu_overlap=210 finishes=19 waits=38
ds4: Flash-MoE overlap plan layer=32 exec_groups=229 planned_ane_groups=19 planned_ane_refs=10284 planned_gpu_groups=210 planned_gpu_refs=15780 tail_gpu_groups=0 tail_gpu_refs=0 planned_ssd_groups=229 est_gpu=29220.0 est_ane=3166.7 est_idle=89.16% wall=393.242 ms actual_ane_groups=19 actual_ane_refs=10284 actual_gpu_groups=0 actual_gpu_refs=0 finishes=19 waits=38 overlap_gpu_groups=210
ds4: Flash-MoE async pread canceled queued=0 reading=0 ready=97 finished=0
ds4: Flash-MoE prefill layer=33 tokens=4344 unique=233 refs=26064 sync=3.949 ms plan=0.380 ms stage/compute=184.621 ms misses=233
ds4: Flash-MoE hybrid prefill layer=33 ane_groups=25 ane_refs=11351 gpu_i8_groups=0 gpu_i8_refs=0 fp32_groups=0 ane_min_refs=256 concurrent=1 ane_pipeline=1 output_queue=4 async_ane=25 gpu_overlap=208 finishes=25 waits=50
ds4: Flash-MoE overlap plan layer=33 exec_groups=233 planned_ane_groups=25 planned_ane_refs=11351 planned_gpu_groups=208 planned_gpu_refs=14713 tail_gpu_groups=0 tail_gpu_refs=0 planned_ssd_groups=233 est_gpu=28025.0 est_ane=4155.2 est_idle=85.17% wall=183.846 ms actual_ane_groups=25 actual_ane_refs=11351 actual_gpu_groups=0 actual_gpu_refs=0 finishes=25 waits=50 overlap_gpu_groups=208
ds4: Flash-MoE async pread canceled queued=0 reading=0 ready=102 finished=0
ds4: Flash-MoE prefill layer=34 tokens=4344 unique=223 refs=26064 sync=4.001 ms plan=0.369 ms stage/compute=181.398 ms misses=223
ds4: Flash-MoE hybrid prefill layer=34 ane_groups=21 ane_refs=12884 gpu_i8_groups=0 gpu_i8_refs=0 fp32_groups=0 ane_min_refs=256 concurrent=1 ane_pipeline=1 output_queue=4 async_ane=21 gpu_overlap=202 finishes=21 waits=42
ds4: Flash-MoE overlap plan layer=34 exec_groups=223 planned_ane_groups=21 planned_ane_refs=12884 planned_gpu_groups=202 planned_gpu_refs=13180 tail_gpu_groups=0 tail_gpu_refs=0 planned_ssd_groups=223 est_gpu=26108.0 est_ane=3520.3 est_idle=86.52% wall=180.646 ms actual_ane_groups=21 actual_ane_refs=12884 actual_gpu_groups=0 actual_gpu_refs=0 finishes=21 waits=42 overlap_gpu_groups=202
ds4: Flash-MoE async pread canceled queued=0 reading=0 ready=107 finished=0
ds4: Flash-MoE prefill layer=35 tokens=4344 unique=241 refs=26064 sync=4.141 ms plan=0.345 ms stage/compute=376.445 ms misses=241
ds4: Flash-MoE hybrid prefill layer=35 ane_groups=20 ane_refs=10251 gpu_i8_groups=0 gpu_i8_refs=0 fp32_groups=0 ane_min_refs=256 concurrent=1 ane_pipeline=1 output_queue=4 async_ane=20 gpu_overlap=221 finishes=20 waits=40
ds4: Flash-MoE overlap plan layer=35 exec_groups=241 planned_ane_groups=20 planned_ane_refs=10251 planned_gpu_groups=221 planned_gpu_refs=15813 tail_gpu_groups=0 tail_gpu_refs=0 planned_ssd_groups=241 est_gpu=29957.0 est_ane=3329.3 est_idle=88.89% wall=375.661 ms actual_ane_groups=20 actual_ane_refs=10251 actual_gpu_groups=0 actual_gpu_refs=0 finishes=20 waits=40 overlap_gpu_groups=221
ds4: Flash-MoE async pread canceled queued=0 reading=0 ready=108 finished=0
ds4: Flash-MoE prefill layer=36 tokens=4344 unique=222 refs=26064 sync=3.958 ms plan=0.407 ms stage/compute=181.162 ms misses=222
ds4: Flash-MoE hybrid prefill layer=36 ane_groups=24 ane_refs=13316 gpu_i8_groups=0 gpu_i8_refs=0 fp32_groups=0 ane_min_refs=256 concurrent=1 ane_pipeline=1 output_queue=4 async_ane=24 gpu_overlap=198 finishes=24 waits=48
ds4: Flash-MoE overlap plan layer=36 exec_groups=222 planned_ane_groups=24 planned_ane_refs=13316 planned_gpu_groups=198 planned_gpu_refs=12748 tail_gpu_groups=0 tail_gpu_refs=0 planned_ssd_groups=222 est_gpu=25420.0 est_ane=4008.1 est_idle=84.23% wall=180.341 ms actual_ane_groups=24 actual_ane_refs=13316 actual_gpu_groups=0 actual_gpu_refs=0 finishes=24 waits=48 overlap_gpu_groups=198
ds4: Flash-MoE async pread canceled queued=0 reading=0 ready=114 finished=0
ds4: Flash-MoE prefill layer=37 tokens=4344 unique=232 refs=26064 sync=3.987 ms plan=0.320 ms stage/compute=198.059 ms misses=232
ds4: Flash-MoE hybrid prefill layer=37 ane_groups=19 ane_refs=10865 gpu_i8_groups=0 gpu_i8_refs=0 fp32_groups=0 ane_min_refs=256 concurrent=1 ane_pipeline=1 output_queue=4 async_ane=19 gpu_overlap=213 finishes=19 waits=38
ds4: Flash-MoE overlap plan layer=37 exec_groups=232 planned_ane_groups=19 planned_ane_refs=10865 planned_gpu_groups=213 planned_gpu_refs=15199 tail_gpu_groups=0 tail_gpu_refs=0 planned_ssd_groups=232 est_gpu=28831.0 est_ane=3182.2 est_idle=88.96% wall=197.116 ms actual_ane_groups=19 actual_ane_refs=10865 actual_gpu_groups=0 actual_gpu_refs=0 finishes=19 waits=38 overlap_gpu_groups=213
ds4: Flash-MoE async pread canceled queued=0 reading=0 ready=120 finished=0
ds4: Flash-MoE prefill layer=38 tokens=4344 unique=238 refs=26064 sync=3.944 ms plan=0.372 ms stage/compute=185.456 ms misses=238
ds4: Flash-MoE hybrid prefill layer=38 ane_groups=22 ane_refs=10938 gpu_i8_groups=0 gpu_i8_refs=0 fp32_groups=0 ane_min_refs=256 concurrent=1 ane_pipeline=1 output_queue=4 async_ane=22 gpu_overlap=216 finishes=22 waits=44
ds4: Flash-MoE overlap plan layer=38 exec_groups=238 planned_ane_groups=22 planned_ane_refs=10938 planned_gpu_groups=216 planned_gpu_refs=15126 tail_gpu_groups=0 tail_gpu_refs=0 planned_ssd_groups=238 est_gpu=28950.0 est_ane=3662.2 est_idle=87.35% wall=184.646 ms actual_ane_groups=22 actual_ane_refs=10938 actual_gpu_groups=0 actual_gpu_refs=0 finishes=22 waits=44 overlap_gpu_groups=216
ds4: Flash-MoE async pread canceled queued=0 reading=0 ready=121 finished=0
ds4: Flash-MoE prefill layer=39 tokens=4344 unique=242 refs=26064 sync=3.988 ms plan=0.335 ms stage/compute=199.539 ms misses=242
ds4: Flash-MoE hybrid prefill layer=39 ane_groups=18 ane_refs=8174 gpu_i8_groups=0 gpu_i8_refs=0 fp32_groups=0 ane_min_refs=256 concurrent=1 ane_pipeline=1 output_queue=4 async_ane=18 gpu_overlap=224 finishes=18 waits=36
ds4: Flash-MoE overlap plan layer=39 exec_groups=242 planned_ane_groups=18 planned_ane_refs=8174 planned_gpu_groups=224 planned_gpu_refs=17890 tail_gpu_groups=0 tail_gpu_refs=0 planned_ssd_groups=242 est_gpu=32226.0 est_ane=2993.8 est_idle=90.71% wall=198.704 ms actual_ane_groups=18 actual_ane_refs=8174 actual_gpu_groups=0 actual_gpu_refs=0 finishes=18 waits=36 overlap_gpu_groups=224
ds4: Flash-MoE async pread canceled queued=0 reading=0 ready=123 finished=0
ds4: Flash-MoE prefill layer=40 tokens=4344 unique=230 refs=26064 sync=3.975 ms plan=0.347 ms stage/compute=183.240 ms misses=230
ds4: Flash-MoE hybrid prefill layer=40 ane_groups=22 ane_refs=11203 gpu_i8_groups=0 gpu_i8_refs=0 fp32_groups=0 ane_min_refs=256 concurrent=1 ane_pipeline=1 output_queue=4 async_ane=22 gpu_overlap=208 finishes=22 waits=44
ds4: Flash-MoE overlap plan layer=40 exec_groups=230 planned_ane_groups=22 planned_ane_refs=11203 planned_gpu_groups=208 planned_gpu_refs=14861 tail_gpu_groups=0 tail_gpu_refs=0 planned_ssd_groups=230 est_gpu=28173.0 est_ane=3670.0 est_idle=86.97% wall=182.440 ms actual_ane_groups=22 actual_ane_refs=11203 actual_gpu_groups=0 actual_gpu_refs=0 finishes=22 waits=44 overlap_gpu_groups=208
ds4: Flash-MoE async pread canceled queued=0 reading=0 ready=129 finished=0
ds4: Flash-MoE prefill layer=41 tokens=4344 unique=239 refs=26064 sync=4.108 ms plan=0.387 ms stage/compute=193.020 ms misses=239
ds4: Flash-MoE hybrid prefill layer=41 ane_groups=20 ane_refs=8147 gpu_i8_groups=0 gpu_i8_refs=0 fp32_groups=0 ane_min_refs=256 concurrent=1 ane_pipeline=1 output_queue=4 async_ane=20 gpu_overlap=219 finishes=20 waits=40
ds4: Flash-MoE overlap plan layer=41 exec_groups=239 planned_ane_groups=20 planned_ane_refs=8147 planned_gpu_groups=219 planned_gpu_refs=17917 tail_gpu_groups=0 tail_gpu_refs=0 planned_ssd_groups=239 est_gpu=31933.0 est_ane=3316.4 est_idle=89.61% wall=192.233 ms actual_ane_groups=20 actual_ane_refs=8147 actual_gpu_groups=0 actual_gpu_refs=0 finishes=20 waits=40 overlap_gpu_groups=219
ds4: Flash-MoE async pread canceled queued=0 reading=0 ready=134 finished=0
ds4: Flash-MoE prefill layer=42 tokens=4344 unique=232 refs=26064 sync=3.980 ms plan=0.382 ms stage/compute=187.632 ms misses=232
ds4: Flash-MoE hybrid prefill layer=42 ane_groups=21 ane_refs=8575 gpu_i8_groups=0 gpu_i8_refs=0 fp32_groups=0 ane_min_refs=256 concurrent=1 ane_pipeline=1 output_queue=4 async_ane=21 gpu_overlap=211 finishes=21 waits=42
ds4: Flash-MoE overlap plan layer=42 exec_groups=232 planned_ane_groups=21 planned_ane_refs=8575 planned_gpu_groups=211 planned_gpu_refs=17489 tail_gpu_groups=0 tail_gpu_refs=0 planned_ssd_groups=232 est_gpu=30993.0 est_ane=3476.4 est_idle=88.78% wall=186.845 ms actual_ane_groups=21 actual_ane_refs=8575 actual_gpu_groups=0 actual_gpu_refs=0 finishes=21 waits=42 overlap_gpu_groups=211
ds4: Flash-MoE async pread canceled queued=0 reading=0 ready=138 finished=0
ds4: metal layer-major prefill total tokens=4344 encode=9170.227 ms execute=4482.713 ms read=0.040 ms total=13652.988 ms
ds4: prefill full: 4344 tokens in 13946.3 ms (311.5 t/s)
We
ds4: ----------------------------------------
ds4: prefill: 311.45 t/s, generation: 1.30 t/s
ds4: Flash-MoE cross-layer prefetch layers=42 experts_queued=2016 (avg=48.0/layer)
ds4: Flash-MoE slot-bank stats hits=0 misses=10502 hit-rate=0.0% resident-slots=258/4128 (6.2%, avg=6.0/layer min=6 max=6 of 96) installed=70888.50 MiB
ds4: Flash-MoE decode prefetch calls=43 loads=258 bytes=1741.50 MiB pread=156.663 ms upload=101.921 ms overlap-flushes=43
ds4: Flash-MoE prefill dedup refs=1120752 unique=10244 saved=1110508 (99.1%) reuse=109.41x
ds4: Flash-MoE prefill stage stats calls=10244 bytes=69147.00 MiB pread=3630.220 ms upload=1218.917 ms gate=384.854 ms up=374.976 ms down=459.087 ms scatter=10.803 ms stage_rate=14259.65 MiB/s pread_rate=19047.61 MiB/s upload_rate=56728.23 MiB/s
ds4: Flash-MoE prefill pread issue stats span=13493.609 ms active=26.90% span_rate=5124.43 MiB/s issue_gap=350189.791 ms post_stage_gap=3725.428 ms same_layer_issue=345008.672 ms same_layer_post=6.896 ms cross_layer_issue=5181.119 ms cross_layer_post=3718.532 ms max_issue=532.616 ms max_post=155.680 ms issue_gaps=7609 post_gaps=48 issue_gt1=2225 issue_gt5=1658 issue_gt20=1588 post_gt1=44 post_gt5=37 post_gt20=31
ds4: Flash-MoE prefill pread bucket le16 calls=2325 refs=15985 bytes=15693.75 MiB pread=1138.077 ms issue_gap=109978.884 ms post_stage_gap=6.896 ms pread_rate=13789.71 MiB/s
ds4: Flash-MoE prefill pread bucket le32 calls=1309 refs=31553 bytes=8835.75 MiB pread=331.853 ms issue_gap=47345.310 ms post_stage_gap=0.000 ms pread_rate=26625.49 MiB/s
ds4: Flash-MoE prefill pread bucket le64 calls=1844 refs=87485 bytes=12447.00 MiB pread=534.213 ms issue_gap=64242.649 ms post_stage_gap=0.000 ms pread_rate=23299.70 MiB/s
ds4: Flash-MoE prefill pread bucket le128 calls=2156 refs=198531 bytes=14553.00 MiB pread=708.846 ms issue_gap=65498.358 ms post_stage_gap=0.000 ms pread_rate=20530.55 MiB/s
ds4: Flash-MoE prefill pread bucket le256 calls=1575 refs=281612 bytes=10631.25 MiB pread=517.607 ms issue_gap=35770.676 ms post_stage_gap=0.000 ms pread_rate=20539.23 MiB/s
ds4: Flash-MoE prefill pread bucket le512 calls=718 refs=252802 bytes=4846.50 MiB pread=224.963 ms issue_gap=18145.692 ms post_stage_gap=236.551 ms pread_rate=21543.54 MiB/s
ds4: Flash-MoE prefill pread bucket gt512 calls=317 refs=252784 bytes=2139.75 MiB pread=174.661 ms issue_gap=9208.222 ms post_stage_gap=3481.981 ms pread_rate=12250.87 MiB/s
ds4: ANE prefill stats calls=774 ok=774 skipped_big_refs=0 compile_attempts=1 compile_failures=0 eval_calls=2023 eval_failures=0 write_failures=0 reopen_failures=0
ds4: ANE prefill timing dequant=6.711 ms input=0.299 ms ane_eval=8581.845 ms ane_eval_a=8581.845 ms ane_eval_b=0.000 ms ane_eval_c=0.000 ms ane_eval_d=0.000 ms ane_wall_est=8581.845 ms writeback=3.723 ms helper_avg=4.242138 ms ane_calls=2023 ane_call_avg=4.242138 ms
ds4: ANE prefill timing2 output_pack=3.501 ms measured_total=8596.079 ms
ds4: ANE prefill timing3 dequant_wait=548.461 ms post_wait=0.000 ms x_zero=11.666 ms x_copy=36.658 ms out_zero=116.692 ms out_f16_copy=76.524 ms output_convert=3.501 ms output_gpu_encode=3.501 ms output_chunks=774 output_elems=1637466112 output_convert_rate=467.714 Gelem/s
ds4: ANE prefill timing4 wait_predict=0.000 ms finish_join_ane=510.131 ms finish_join_post=0.000 ms wait_predict_calls=0 finish_calls=774
ds4: ANE prefill chunks refs=399772 padded_refs=517888 pad_util=77.19% le16=82 le64=212 le128=208 full=1254
ds4: ANE prefill batch_hist B256=2023 refs=399772 util=77.2%
