ds4: warning: raw KV cap limits Metal prefill chunk (prefill_chunk=2048, raw_kv_rows=2048, raw_window=128, effective_chunk=1920; target raw cap for one chunk is 2304, also requires ctx >= that value)
ds4: context buffers 207.09 MiB (ctx=2048, backend=metal, prefill_chunk=2048, raw_kv_rows=2048, compressed_kv_rows=514)
ds4: Flash-MoE sidecar loaded: /Users/anemll/Models/flash/dsv4-iq2xxs-expert-major (slot-bank=96, expert-record 6.75 MiB)
ds4: Metal device Apple M5 Max, 128.00 GiB RAM
ds4: Flash-MoE using mmap-backed dense/shared weights without full-model Metal residency warmup
ds4: Metal model views created in 0.302 ms, residency requested in 0.000 ms, warmup 0.000 ms (mapped 8393.67 MiB from offset 5.06 MiB)
ds4: Metal mapped mmaped model as 1 overlapping shared buffers
ds4: metal backend initialized for graph diagnostics
ds4: prefill routed-MoE (requested): mul_mm_id (grouped GPU / ALU)  [grouped path]
ds4: prefill quant scales (ANE env first): w_qscale=512 x_qscale=32 mid_qscale=32 w_scale=0.00195312 x_scale=0.03125 mid_scale=0.03125
ds4: prefill ctx-grow: on, block=2048 tokens
ds4: prefill chunk cap: 16384, graph_raw_cap=8704
ds4: Flash-MoE slot banks allocated: layers=43 slots=96 gpu-bank=27864.00 MiB
ds4: prefill compute: routed experts = ANE i8i8 (W8A8) | dense proj = fp16-NAX (half x half)
ds4: prefill I/O: io-split=4 async-pread=on pread-threads=4 readahead=12 bank-prefetch=3 xlayer=auto<=6k-tok topk=48
ds4: decode  I/O: io-split=4 temporal-prefetch=on slots=96
ds4: Flash-MoE banked kernels using M5 simdgroup_matrix fast path (prefetch=3, banks=4)
ds4: WARNING: prefill chunk 2048 clamped to 1920 by raw-KV cap (raw_cap=2048, window=128). Set DS4_METAL_GRAPH_RAW_CAP >= 2176 (window + chunk) — or unset it to auto-size — to honor the chunk.
ds4: prefill chunk cap EFFECTIVE=1920 tokens (DS4_METAL_PREFILL_CHUNK=16384), CLAMPED by raw-KV-cap (ctx-grow) (resident-NAX tiles this by scratch_cap; that tile gates the sync bridge)
ds4: ANE i8w-i8x-tiled-fused cached async prefill B=256 H=4096 I=2048 w_scale=0.00195312 x_scale=0.03125 mid_scale=0.03125
ds4: Flash-MoE prefill layer=0 tokens=149 unique=238 refs=894 sync=33.728 ms plan=1.127 ms stage/compute=99.134 ms misses=238
ds4: Flash-MoE hybrid prefill layer=0 ane_groups=0 ane_refs=0 gpu_i8_groups=0 gpu_i8_refs=0 fp32_groups=0 ane_min_refs=256 concurrent=1 ane_pipeline=1 output_queue=4 async_ane=0 gpu_overlap=0 finishes=0 waits=0
ds4: Flash-MoE overlap plan layer=0 exec_groups=238 planned_ane_groups=0 planned_ane_refs=0 planned_gpu_groups=238 planned_gpu_refs=894 tail_gpu_groups=0 tail_gpu_refs=0 planned_ssd_groups=238 est_gpu=16126.0 est_ane=0.0 est_idle=100.00% wall=98.610 ms actual_ane_groups=0 actual_ane_refs=0 actual_gpu_groups=0 actual_gpu_refs=0 finishes=0 waits=0 overlap_gpu_groups=0
ds4: Flash-MoE prefill layer=1 tokens=149 unique=227 refs=894 sync=15.425 ms plan=0.404 ms stage/compute=105.733 ms misses=227
ds4: Flash-MoE hybrid prefill layer=1 ane_groups=0 ane_refs=0 gpu_i8_groups=0 gpu_i8_refs=0 fp32_groups=0 ane_min_refs=256 concurrent=1 ane_pipeline=1 output_queue=4 async_ane=0 gpu_overlap=0 finishes=0 waits=0
ds4: Flash-MoE overlap plan layer=1 exec_groups=227 planned_ane_groups=0 planned_ane_refs=0 planned_gpu_groups=227 planned_gpu_refs=894 tail_gpu_groups=0 tail_gpu_refs=0 planned_ssd_groups=227 est_gpu=15422.0 est_ane=0.0 est_idle=100.00% wall=105.467 ms actual_ane_groups=0 actual_ane_refs=0 actual_gpu_groups=0 actual_gpu_refs=0 finishes=0 waits=0 overlap_gpu_groups=0
ds4: Flash-MoE async pread canceled queued=0 reading=0 ready=4 finished=0
ds4: Flash-MoE prefill layer=2 tokens=149 unique=226 refs=894 sync=18.678 ms plan=0.380 ms stage/compute=99.953 ms misses=226
ds4: Flash-MoE hybrid prefill layer=2 ane_groups=0 ane_refs=0 gpu_i8_groups=0 gpu_i8_refs=0 fp32_groups=0 ane_min_refs=256 concurrent=1 ane_pipeline=1 output_queue=4 async_ane=0 gpu_overlap=0 finishes=0 waits=0
ds4: Flash-MoE overlap plan layer=2 exec_groups=226 planned_ane_groups=0 planned_ane_refs=0 planned_gpu_groups=226 planned_gpu_refs=894 tail_gpu_groups=0 tail_gpu_refs=0 planned_ssd_groups=226 est_gpu=15358.0 est_ane=0.0 est_idle=100.00% wall=99.703 ms actual_ane_groups=0 actual_ane_refs=0 actual_gpu_groups=0 actual_gpu_refs=0 finishes=0 waits=0 overlap_gpu_groups=0
ds4: Flash-MoE async pread canceled queued=0 reading=0 ready=8 finished=0
ds4: Flash-MoE prefill layer=3 tokens=149 unique=141 refs=894 sync=9.774 ms plan=0.297 ms stage/compute=63.408 ms misses=141
ds4: Flash-MoE hybrid prefill layer=3 ane_groups=0 ane_refs=0 gpu_i8_groups=0 gpu_i8_refs=0 fp32_groups=0 ane_min_refs=256 concurrent=1 ane_pipeline=1 output_queue=4 async_ane=0 gpu_overlap=0 finishes=0 waits=0
ds4: Flash-MoE overlap plan layer=3 exec_groups=141 planned_ane_groups=0 planned_ane_refs=0 planned_gpu_groups=141 planned_gpu_refs=894 tail_gpu_groups=0 tail_gpu_refs=0 planned_ssd_groups=141 est_gpu=9918.0 est_ane=0.0 est_idle=100.00% wall=63.193 ms actual_ane_groups=0 actual_ane_refs=0 actual_gpu_groups=0 actual_gpu_refs=0 finishes=0 waits=0 overlap_gpu_groups=0
ds4: Flash-MoE async pread canceled queued=9 reading=1 ready=23 finished=1
ds4: Flash-MoE prefill layer=4 tokens=149 unique=124 refs=894 sync=8.436 ms plan=0.310 ms stage/compute=53.486 ms misses=124
ds4: Flash-MoE hybrid prefill layer=4 ane_groups=0 ane_refs=0 gpu_i8_groups=0 gpu_i8_refs=0 fp32_groups=0 ane_min_refs=256 concurrent=1 ane_pipeline=1 output_queue=4 async_ane=0 gpu_overlap=0 finishes=0 waits=0
ds4: Flash-MoE overlap plan layer=4 exec_groups=124 planned_ane_groups=0 planned_ane_refs=0 planned_gpu_groups=124 planned_gpu_refs=894 tail_gpu_groups=0 tail_gpu_refs=0 planned_ssd_groups=124 est_gpu=8830.0 est_ane=0.0 est_idle=100.00% wall=53.325 ms actual_ane_groups=0 actual_ane_refs=0 actual_gpu_groups=0 actual_gpu_refs=0 finishes=0 waits=0 overlap_gpu_groups=0
ds4: Flash-MoE async pread canceled queued=9 reading=1 ready=52 finished=1
ds4: Flash-MoE prefill layer=5 tokens=149 unique=135 refs=894 sync=6.550 ms plan=0.354 ms stage/compute=59.951 ms misses=135
ds4: Flash-MoE hybrid prefill layer=5 ane_groups=0 ane_refs=0 gpu_i8_groups=0 gpu_i8_refs=0 fp32_groups=0 ane_min_refs=256 concurrent=1 ane_pipeline=1 output_queue=4 async_ane=0 gpu_overlap=0 finishes=0 waits=0
ds4: Flash-MoE overlap plan layer=5 exec_groups=135 planned_ane_groups=0 planned_ane_refs=0 planned_gpu_groups=135 planned_gpu_refs=894 tail_gpu_groups=0 tail_gpu_refs=0 planned_ssd_groups=135 est_gpu=9534.0 est_ane=0.0 est_idle=100.00% wall=59.800 ms actual_ane_groups=0 actual_ane_refs=0 actual_gpu_groups=0 actual_gpu_refs=0 finishes=0 waits=0 overlap_gpu_groups=0
ds4: Flash-MoE async pread canceled queued=11 reading=2 ready=72 finished=2
ds4: Flash-MoE prefill layer=6 tokens=149 unique=118 refs=894 sync=8.396 ms plan=0.321 ms stage/compute=48.804 ms misses=118
ds4: Flash-MoE hybrid prefill layer=6 ane_groups=0 ane_refs=0 gpu_i8_groups=0 gpu_i8_refs=0 fp32_groups=0 ane_min_refs=256 concurrent=1 ane_pipeline=1 output_queue=4 async_ane=0 gpu_overlap=0 finishes=0 waits=0
ds4: Flash-MoE overlap plan layer=6 exec_groups=118 planned_ane_groups=0 planned_ane_refs=0 planned_gpu_groups=118 planned_gpu_refs=894 tail_gpu_groups=0 tail_gpu_refs=0 planned_ssd_groups=118 est_gpu=8446.0 est_ane=0.0 est_idle=100.00% wall=48.671 ms actual_ane_groups=0 actual_ane_refs=0 actual_gpu_groups=0 actual_gpu_refs=0 finishes=0 waits=0 overlap_gpu_groups=0
ds4: Flash-MoE async pread canceled queued=11 reading=2 ready=99 finished=2
ds4: Flash-MoE prefill layer=7 tokens=149 unique=116 refs=894 sync=6.568 ms plan=0.310 ms stage/compute=51.333 ms misses=116
ds4: Flash-MoE hybrid prefill layer=7 ane_groups=0 ane_refs=0 gpu_i8_groups=0 gpu_i8_refs=0 fp32_groups=0 ane_min_refs=256 concurrent=1 ane_pipeline=1 output_queue=4 async_ane=0 gpu_overlap=0 finishes=0 waits=0
ds4: Flash-MoE overlap plan layer=7 exec_groups=116 planned_ane_groups=0 planned_ane_refs=0 planned_gpu_groups=116 planned_gpu_refs=894 tail_gpu_groups=0 tail_gpu_refs=0 planned_ssd_groups=116 est_gpu=8318.0 est_ane=0.0 est_idle=100.00% wall=51.157 ms actual_ane_groups=0 actual_ane_refs=0 actual_gpu_groups=0 actual_gpu_refs=0 finishes=0 waits=0 overlap_gpu_groups=0
ds4: Flash-MoE async pread canceled queued=16 reading=4 ready=116 finished=4
ds4: Flash-MoE prefill layer=8 tokens=149 unique=120 refs=894 sync=8.322 ms plan=0.341 ms stage/compute=54.288 ms misses=120
ds4: Flash-MoE hybrid prefill layer=8 ane_groups=0 ane_refs=0 gpu_i8_groups=0 gpu_i8_refs=0 fp32_groups=0 ane_min_refs=256 concurrent=1 ane_pipeline=1 output_queue=4 async_ane=0 gpu_overlap=0 finishes=0 waits=0
ds4: Flash-MoE overlap plan layer=8 exec_groups=120 planned_ane_groups=0 planned_ane_refs=0 planned_gpu_groups=120 planned_gpu_refs=894 tail_gpu_groups=0 tail_gpu_refs=0 planned_ssd_groups=120 est_gpu=8574.0 est_ane=0.0 est_idle=100.00% wall=54.132 ms actual_ane_groups=0 actual_ane_refs=0 actual_gpu_groups=0 actual_gpu_refs=0 finishes=0 waits=0 overlap_gpu_groups=0
ds4: Flash-MoE async pread canceled queued=16 reading=4 ready=144 finished=4
ds4: Flash-MoE prefill layer=9 tokens=149 unique=140 refs=894 sync=6.808 ms plan=0.273 ms stage/compute=64.278 ms misses=140
ds4: Flash-MoE hybrid prefill layer=9 ane_groups=0 ane_refs=0 gpu_i8_groups=0 gpu_i8_refs=0 fp32_groups=0 ane_min_refs=256 concurrent=1 ane_pipeline=1 output_queue=4 async_ane=0 gpu_overlap=0 finishes=0 waits=0
ds4: Flash-MoE overlap plan layer=9 exec_groups=140 planned_ane_groups=0 planned_ane_refs=0 planned_gpu_groups=140 planned_gpu_refs=894 tail_gpu_groups=0 tail_gpu_refs=0 planned_ssd_groups=140 est_gpu=9854.0 est_ane=0.0 est_idle=100.00% wall=64.097 ms actual_ane_groups=0 actual_ane_refs=0 actual_gpu_groups=0 actual_gpu_refs=0 finishes=0 waits=0 overlap_gpu_groups=0
ds4: Flash-MoE async pread canceled queued=19 reading=5 ready=162 finished=5
ds4: Flash-MoE prefill layer=10 tokens=149 unique=146 refs=894 sync=8.902 ms plan=0.313 ms stage/compute=62.607 ms misses=146
ds4: Flash-MoE hybrid prefill layer=10 ane_groups=0 ane_refs=0 gpu_i8_groups=0 gpu_i8_refs=0 fp32_groups=0 ane_min_refs=256 concurrent=1 ane_pipeline=1 output_queue=4 async_ane=0 gpu_overlap=0 finishes=0 waits=0
ds4: Flash-MoE overlap plan layer=10 exec_groups=146 planned_ane_groups=0 planned_ane_refs=0 planned_gpu_groups=146 planned_gpu_refs=894 tail_gpu_groups=0 tail_gpu_refs=0 planned_ssd_groups=146 est_gpu=10238.0 est_ane=0.0 est_idle=100.00% wall=62.419 ms actual_ane_groups=0 actual_ane_refs=0 actual_gpu_groups=0 actual_gpu_refs=0 finishes=0 waits=0 overlap_gpu_groups=0
ds4: Flash-MoE async pread canceled queued=19 reading=5 ready=177 finished=5
ds4: Flash-MoE prefill layer=11 tokens=149 unique=127 refs=894 sync=8.193 ms plan=0.333 ms stage/compute=58.229 ms misses=127
ds4: Flash-MoE hybrid prefill layer=11 ane_groups=0 ane_refs=0 gpu_i8_groups=0 gpu_i8_refs=0 fp32_groups=0 ane_min_refs=256 concurrent=1 ane_pipeline=1 output_queue=4 async_ane=0 gpu_overlap=0 finishes=0 waits=0
ds4: Flash-MoE overlap plan layer=11 exec_groups=127 planned_ane_groups=0 planned_ane_refs=0 planned_gpu_groups=127 planned_gpu_refs=894 tail_gpu_groups=0 tail_gpu_refs=0 planned_ssd_groups=127 est_gpu=9022.0 est_ane=0.0 est_idle=100.00% wall=58.077 ms actual_ane_groups=0 actual_ane_refs=0 actual_gpu_groups=0 actual_gpu_refs=0 finishes=0 waits=0 overlap_gpu_groups=0
ds4: Flash-MoE async pread canceled queued=19 reading=5 ready=199 finished=5
ds4: Flash-MoE prefill layer=12 tokens=149 unique=110 refs=894 sync=9.298 ms plan=0.364 ms stage/compute=48.393 ms misses=110
ds4: Flash-MoE hybrid prefill layer=12 ane_groups=0 ane_refs=0 gpu_i8_groups=0 gpu_i8_refs=0 fp32_groups=0 ane_min_refs=256 concurrent=1 ane_pipeline=1 output_queue=4 async_ane=0 gpu_overlap=0 finishes=0 waits=0
ds4: Flash-MoE overlap plan layer=12 exec_groups=110 planned_ane_groups=0 planned_ane_refs=0 planned_gpu_groups=110 planned_gpu_refs=894 tail_gpu_groups=0 tail_gpu_refs=0 planned_ssd_groups=110 est_gpu=7934.0 est_ane=0.0 est_idle=100.00% wall=48.242 ms actual_ane_groups=0 actual_ane_refs=0 actual_gpu_groups=0 actual_gpu_refs=0 finishes=0 waits=0 overlap_gpu_groups=0
ds4: Flash-MoE async pread canceled queued=19 reading=5 ready=223 finished=5
ds4: Flash-MoE prefill layer=13 tokens=149 unique=113 refs=894 sync=5.665 ms plan=0.408 ms stage/compute=47.003 ms misses=113
ds4: Flash-MoE hybrid prefill layer=13 ane_groups=0 ane_refs=0 gpu_i8_groups=0 gpu_i8_refs=0 fp32_groups=0 ane_min_refs=256 concurrent=1 ane_pipeline=1 output_queue=4 async_ane=0 gpu_overlap=0 finishes=0 waits=0
ds4: Flash-MoE overlap plan layer=13 exec_groups=113 planned_ane_groups=0 planned_ane_refs=0 planned_gpu_groups=113 planned_gpu_refs=894 tail_gpu_groups=0 tail_gpu_refs=0 planned_ssd_groups=113 est_gpu=8126.0 est_ane=0.0 est_idle=100.00% wall=46.840 ms actual_ane_groups=0 actual_ane_refs=0 actual_gpu_groups=0 actual_gpu_refs=0 finishes=0 waits=0 overlap_gpu_groups=0
ds4: Flash-MoE async pread canceled queued=23 reading=6 ready=243 finished=6
ds4: Flash-MoE prefill layer=14 tokens=149 unique=114 refs=894 sync=6.629 ms plan=0.357 ms stage/compute=46.181 ms misses=114
ds4: Flash-MoE hybrid prefill layer=14 ane_groups=0 ane_refs=0 gpu_i8_groups=0 gpu_i8_refs=0 fp32_groups=0 ane_min_refs=256 concurrent=1 ane_pipeline=1 output_queue=4 async_ane=0 gpu_overlap=0 finishes=0 waits=0
ds4: Flash-MoE overlap plan layer=14 exec_groups=114 planned_ane_groups=0 planned_ane_refs=0 planned_gpu_groups=114 planned_gpu_refs=894 tail_gpu_groups=0 tail_gpu_refs=0 planned_ssd_groups=114 est_gpu=8190.0 est_ane=0.0 est_idle=100.00% wall=46.034 ms actual_ane_groups=0 actual_ane_refs=0 actual_gpu_groups=0 actual_gpu_refs=0 finishes=0 waits=0 overlap_gpu_groups=0
ds4: Flash-MoE async pread canceled queued=23 reading=6 ready=272 finished=6
ds4: Flash-MoE prefill layer=15 tokens=149 unique=106 refs=894 sync=5.345 ms plan=0.402 ms stage/compute=41.961 ms misses=106
ds4: Flash-MoE hybrid prefill layer=15 ane_groups=0 ane_refs=0 gpu_i8_groups=0 gpu_i8_refs=0 fp32_groups=0 ane_min_refs=256 concurrent=1 ane_pipeline=1 output_queue=4 async_ane=0 gpu_overlap=0 finishes=0 waits=0
ds4: Flash-MoE overlap plan layer=15 exec_groups=106 planned_ane_groups=0 planned_ane_refs=0 planned_gpu_groups=106 planned_gpu_refs=894 tail_gpu_groups=0 tail_gpu_refs=0 planned_ssd_groups=106 est_gpu=7678.0 est_ane=0.0 est_idle=100.00% wall=41.785 ms actual_ane_groups=0 actual_ane_refs=0 actual_gpu_groups=0 actual_gpu_refs=0 finishes=0 waits=0 overlap_gpu_groups=0
ds4: Flash-MoE async pread canceled queued=28 reading=6 ready=294 finished=6
ds4: Flash-MoE prefill layer=16 tokens=149 unique=113 refs=894 sync=6.653 ms plan=0.332 ms stage/compute=45.299 ms misses=113
ds4: Flash-MoE hybrid prefill layer=16 ane_groups=0 ane_refs=0 gpu_i8_groups=0 gpu_i8_refs=0 fp32_groups=0 ane_min_refs=256 concurrent=1 ane_pipeline=1 output_queue=4 async_ane=0 gpu_overlap=0 finishes=0 waits=0
ds4: Flash-MoE overlap plan layer=16 exec_groups=113 planned_ane_groups=0 planned_ane_refs=0 planned_gpu_groups=113 planned_gpu_refs=894 tail_gpu_groups=0 tail_gpu_refs=0 planned_ssd_groups=113 est_gpu=8126.0 est_ane=0.0 est_idle=100.00% wall=45.162 ms actual_ane_groups=0 actual_ane_refs=0 actual_gpu_groups=0 actual_gpu_refs=0 finishes=0 waits=0 overlap_gpu_groups=0
ds4: Flash-MoE async pread canceled queued=28 reading=6 ready=325 finished=6
ds4: Flash-MoE prefill layer=17 tokens=149 unique=130 refs=894 sync=5.416 ms plan=0.325 ms stage/compute=50.551 ms misses=130
ds4: Flash-MoE hybrid prefill layer=17 ane_groups=0 ane_refs=0 gpu_i8_groups=0 gpu_i8_refs=0 fp32_groups=0 ane_min_refs=256 concurrent=1 ane_pipeline=1 output_queue=4 async_ane=0 gpu_overlap=0 finishes=0 waits=0
ds4: Flash-MoE overlap plan layer=17 exec_groups=130 planned_ane_groups=0 planned_ane_refs=0 planned_gpu_groups=130 planned_gpu_refs=894 tail_gpu_groups=0 tail_gpu_refs=0 planned_ssd_groups=130 est_gpu=9214.0 est_ane=0.0 est_idle=100.00% wall=50.364 ms actual_ane_groups=0 actual_ane_refs=0 actual_gpu_groups=0 actual_gpu_refs=0 finishes=0 waits=0 overlap_gpu_groups=0
ds4: Flash-MoE async pread canceled queued=32 reading=7 ready=344 finished=7
ds4: Flash-MoE prefill layer=18 tokens=149 unique=122 refs=894 sync=7.112 ms plan=0.357 ms stage/compute=49.747 ms misses=122
ds4: Flash-MoE hybrid prefill layer=18 ane_groups=0 ane_refs=0 gpu_i8_groups=0 gpu_i8_refs=0 fp32_groups=0 ane_min_refs=256 concurrent=1 ane_pipeline=1 output_queue=4 async_ane=0 gpu_overlap=0 finishes=0 waits=0
ds4: Flash-MoE overlap plan layer=18 exec_groups=122 planned_ane_groups=0 planned_ane_refs=0 planned_gpu_groups=122 planned_gpu_refs=894 tail_gpu_groups=0 tail_gpu_refs=0 planned_ssd_groups=122 est_gpu=8702.0 est_ane=0.0 est_idle=100.00% wall=49.601 ms actual_ane_groups=0 actual_ane_refs=0 actual_gpu_groups=0 actual_gpu_refs=0 finishes=0 waits=0 overlap_gpu_groups=0
ds4: Flash-MoE async pread canceled queued=32 reading=7 ready=371 finished=7
ds4: Flash-MoE prefill layer=19 tokens=149 unique=145 refs=894 sync=6.192 ms plan=0.428 ms stage/compute=61.122 ms misses=145
ds4: Flash-MoE hybrid prefill layer=19 ane_groups=0 ane_refs=0 gpu_i8_groups=0 gpu_i8_refs=0 fp32_groups=0 ane_min_refs=256 concurrent=1 ane_pipeline=1 output_queue=4 async_ane=0 gpu_overlap=0 finishes=0 waits=0
ds4: Flash-MoE overlap plan layer=19 exec_groups=145 planned_ane_groups=0 planned_ane_refs=0 planned_gpu_groups=145 planned_gpu_refs=894 tail_gpu_groups=0 tail_gpu_refs=0 planned_ssd_groups=145 est_gpu=10174.0 est_ane=0.0 est_idle=100.00% wall=60.923 ms actual_ane_groups=0 actual_ane_refs=0 actual_gpu_groups=0 actual_gpu_refs=0 finishes=0 waits=0 overlap_gpu_groups=0
ds4: Flash-MoE async pread canceled queued=36 reading=7 ready=384 finished=7
ds4: Flash-MoE prefill layer=20 tokens=149 unique=129 refs=894 sync=10.567 ms plan=0.376 ms stage/compute=56.161 ms misses=129
ds4: Flash-MoE hybrid prefill layer=20 ane_groups=0 ane_refs=0 gpu_i8_groups=0 gpu_i8_refs=0 fp32_groups=0 ane_min_refs=256 concurrent=1 ane_pipeline=1 output_queue=4 async_ane=0 gpu_overlap=0 finishes=0 waits=0
ds4: Flash-MoE overlap plan layer=20 exec_groups=129 planned_ane_groups=0 planned_ane_refs=0 planned_gpu_groups=129 planned_gpu_refs=894 tail_gpu_groups=0 tail_gpu_refs=0 planned_ssd_groups=129 est_gpu=9150.0 est_ane=0.0 est_idle=100.00% wall=55.981 ms actual_ane_groups=0 actual_ane_refs=0 actual_gpu_groups=0 actual_gpu_refs=0 finishes=0 waits=0 overlap_gpu_groups=0
ds4: Flash-MoE async pread canceled queued=36 reading=7 ready=403 finished=7
ds4: Flash-MoE prefill layer=21 tokens=149 unique=129 refs=894 sync=7.463 ms plan=0.352 ms stage/compute=59.944 ms misses=129
ds4: Flash-MoE hybrid prefill layer=21 ane_groups=0 ane_refs=0 gpu_i8_groups=0 gpu_i8_refs=0 fp32_groups=0 ane_min_refs=256 concurrent=1 ane_pipeline=1 output_queue=4 async_ane=0 gpu_overlap=0 finishes=0 waits=0
ds4: Flash-MoE overlap plan layer=21 exec_groups=129 planned_ane_groups=0 planned_ane_refs=0 planned_gpu_groups=129 planned_gpu_refs=894 tail_gpu_groups=0 tail_gpu_refs=0 planned_ssd_groups=129 est_gpu=9150.0 est_ane=0.0 est_idle=100.00% wall=59.794 ms actual_ane_groups=0 actual_ane_refs=0 actual_gpu_groups=0 actual_gpu_refs=0 finishes=0 waits=0 overlap_gpu_groups=0
ds4: Flash-MoE async pread canceled queued=36 reading=8 ready=431 finished=8
ds4: Flash-MoE prefill layer=22 tokens=149 unique=131 refs=894 sync=9.774 ms plan=0.367 ms stage/compute=53.724 ms misses=131
ds4: Flash-MoE hybrid prefill layer=22 ane_groups=0 ane_refs=0 gpu_i8_groups=0 gpu_i8_refs=0 fp32_groups=0 ane_min_refs=256 concurrent=1 ane_pipeline=1 output_queue=4 async_ane=0 gpu_overlap=0 finishes=0 waits=0
ds4: Flash-MoE overlap plan layer=22 exec_groups=131 planned_ane_groups=0 planned_ane_refs=0 planned_gpu_groups=131 planned_gpu_refs=894 tail_gpu_groups=0 tail_gpu_refs=0 planned_ssd_groups=131 est_gpu=9278.0 est_ane=0.0 est_idle=100.00% wall=53.569 ms actual_ane_groups=0 actual_ane_refs=0 actual_gpu_groups=0 actual_gpu_refs=0 finishes=0 waits=0 overlap_gpu_groups=0
ds4: Flash-MoE async pread canceled queued=36 reading=8 ready=450 finished=8
ds4: Flash-MoE prefill layer=23 tokens=149 unique=123 refs=894 sync=6.256 ms plan=0.270 ms stage/compute=51.257 ms misses=123
ds4: Flash-MoE hybrid prefill layer=23 ane_groups=0 ane_refs=0 gpu_i8_groups=0 gpu_i8_refs=0 fp32_groups=0 ane_min_refs=256 concurrent=1 ane_pipeline=1 output_queue=4 async_ane=0 gpu_overlap=0 finishes=0 waits=0
ds4: Flash-MoE overlap plan layer=23 exec_groups=123 planned_ane_groups=0 planned_ane_refs=0 planned_gpu_groups=123 planned_gpu_refs=894 tail_gpu_groups=0 tail_gpu_refs=0 planned_ssd_groups=123 est_gpu=8766.0 est_ane=0.0 est_idle=100.00% wall=51.089 ms actual_ane_groups=0 actual_ane_refs=0 actual_gpu_groups=0 actual_gpu_refs=0 finishes=0 waits=0 overlap_gpu_groups=0
ds4: Flash-MoE async pread canceled queued=42 reading=9 ready=472 finished=9
ds4: Flash-MoE prefill layer=24 tokens=149 unique=119 refs=894 sync=7.696 ms plan=0.260 ms stage/compute=51.713 ms misses=119
ds4: Flash-MoE hybrid prefill layer=24 ane_groups=0 ane_refs=0 gpu_i8_groups=0 gpu_i8_refs=0 fp32_groups=0 ane_min_refs=256 concurrent=1 ane_pipeline=1 output_queue=4 async_ane=0 gpu_overlap=0 finishes=0 waits=0
ds4: Flash-MoE overlap plan layer=24 exec_groups=119 planned_ane_groups=0 planned_ane_refs=0 planned_gpu_groups=119 planned_gpu_refs=894 tail_gpu_groups=0 tail_gpu_refs=0 planned_ssd_groups=119 est_gpu=8510.0 est_ane=0.0 est_idle=100.00% wall=51.565 ms actual_ane_groups=0 actual_ane_refs=0 actual_gpu_groups=0 actual_gpu_refs=0 finishes=0 waits=0 overlap_gpu_groups=0
ds4: Flash-MoE async pread canceled queued=42 reading=10 ready=494 finished=10
ds4: Flash-MoE prefill layer=25 tokens=149 unique=139 refs=894 sync=6.291 ms plan=0.347 ms stage/compute=56.647 ms misses=139
ds4: Flash-MoE hybrid prefill layer=25 ane_groups=0 ane_refs=0 gpu_i8_groups=0 gpu_i8_refs=0 fp32_groups=0 ane_min_refs=256 concurrent=1 ane_pipeline=1 output_queue=4 async_ane=0 gpu_overlap=0 finishes=0 waits=0
ds4: Flash-MoE overlap plan layer=25 exec_groups=139 planned_ane_groups=0 planned_ane_refs=0 planned_gpu_groups=139 planned_gpu_refs=894 tail_gpu_groups=0 tail_gpu_refs=0 planned_ssd_groups=139 est_gpu=9790.0 est_ane=0.0 est_idle=100.00% wall=56.422 ms actual_ane_groups=0 actual_ane_refs=0 actual_gpu_groups=0 actual_gpu_refs=0 finishes=0 waits=0 overlap_gpu_groups=0
ds4: Flash-MoE async pread canceled queued=45 reading=11 ready=511 finished=11
ds4: Flash-MoE prefill layer=26 tokens=149 unique=106 refs=894 sync=7.993 ms plan=0.314 ms stage/compute=46.026 ms misses=106
ds4: Flash-MoE hybrid prefill layer=26 ane_groups=0 ane_refs=0 gpu_i8_groups=0 gpu_i8_refs=0 fp32_groups=0 ane_min_refs=256 concurrent=1 ane_pipeline=1 output_queue=4 async_ane=0 gpu_overlap=0 finishes=0 waits=0
ds4: Flash-MoE overlap plan layer=26 exec_groups=106 planned_ane_groups=0 planned_ane_refs=0 planned_gpu_groups=106 planned_gpu_refs=894 tail_gpu_groups=0 tail_gpu_refs=0 planned_ssd_groups=106 est_gpu=7678.0 est_ane=0.0 est_idle=100.00% wall=45.877 ms actual_ane_groups=0 actual_ane_refs=0 actual_gpu_groups=0 actual_gpu_refs=0 finishes=0 waits=0 overlap_gpu_groups=0
ds4: Flash-MoE async pread canceled queued=45 reading=11 ready=539 finished=11
ds4: Flash-MoE prefill layer=27 tokens=149 unique=144 refs=894 sync=7.364 ms plan=0.400 ms stage/compute=58.994 ms misses=144
ds4: Flash-MoE hybrid prefill layer=27 ane_groups=0 ane_refs=0 gpu_i8_groups=0 gpu_i8_refs=0 fp32_groups=0 ane_min_refs=256 concurrent=1 ane_pipeline=1 output_queue=4 async_ane=0 gpu_overlap=0 finishes=0 waits=0
ds4: Flash-MoE overlap plan layer=27 exec_groups=144 planned_ane_groups=0 planned_ane_refs=0 planned_gpu_groups=144 planned_gpu_refs=894 tail_gpu_groups=0 tail_gpu_refs=0 planned_ssd_groups=144 est_gpu=10110.0 est_ane=0.0 est_idle=100.00% wall=58.797 ms actual_ane_groups=0 actual_ane_refs=0 actual_gpu_groups=0 actual_gpu_refs=0 finishes=0 waits=0 overlap_gpu_groups=0
ds4: Flash-MoE async pread canceled queued=45 reading=12 ready=563 finished=12
ds4: Flash-MoE prefill layer=28 tokens=149 unique=131 refs=894 sync=8.637 ms plan=0.613 ms stage/compute=50.638 ms misses=131
ds4: Flash-MoE hybrid prefill layer=28 ane_groups=0 ane_refs=0 gpu_i8_groups=0 gpu_i8_refs=0 fp32_groups=0 ane_min_refs=256 concurrent=1 ane_pipeline=1 output_queue=4 async_ane=0 gpu_overlap=0 finishes=0 waits=0
ds4: Flash-MoE overlap plan layer=28 exec_groups=131 planned_ane_groups=0 planned_ane_refs=0 planned_gpu_groups=131 planned_gpu_refs=894 tail_gpu_groups=0 tail_gpu_refs=0 planned_ssd_groups=131 est_gpu=9278.0 est_ane=0.0 est_idle=100.00% wall=50.451 ms actual_ane_groups=0 actual_ane_refs=0 actual_gpu_groups=0 actual_gpu_refs=0 finishes=0 waits=0 overlap_gpu_groups=0
ds4: Flash-MoE async pread canceled queued=45 reading=12 ready=588 finished=12
ds4: Flash-MoE prefill layer=29 tokens=149 unique=135 refs=894 sync=5.712 ms plan=0.384 ms stage/compute=50.611 ms misses=135
ds4: Flash-MoE hybrid prefill layer=29 ane_groups=0 ane_refs=0 gpu_i8_groups=0 gpu_i8_refs=0 fp32_groups=0 ane_min_refs=256 concurrent=1 ane_pipeline=1 output_queue=4 async_ane=0 gpu_overlap=0 finishes=0 waits=0
ds4: Flash-MoE overlap plan layer=29 exec_groups=135 planned_ane_groups=0 planned_ane_refs=0 planned_gpu_groups=135 planned_gpu_refs=894 tail_gpu_groups=0 tail_gpu_refs=0 planned_ssd_groups=135 est_gpu=9534.0 est_ane=0.0 est_idle=100.00% wall=50.418 ms actual_ane_groups=0 actual_ane_refs=0 actual_gpu_groups=0 actual_gpu_refs=0 finishes=0 waits=0 overlap_gpu_groups=0
ds4: Flash-MoE async pread canceled queued=52 reading=12 ready=607 finished=12
ds4: Flash-MoE prefill layer=30 tokens=149 unique=131 refs=894 sync=7.275 ms plan=0.341 ms stage/compute=50.604 ms misses=131
ds4: Flash-MoE hybrid prefill layer=30 ane_groups=0 ane_refs=0 gpu_i8_groups=0 gpu_i8_refs=0 fp32_groups=0 ane_min_refs=256 concurrent=1 ane_pipeline=1 output_queue=4 async_ane=0 gpu_overlap=0 finishes=0 waits=0
ds4: Flash-MoE overlap plan layer=30 exec_groups=131 planned_ane_groups=0 planned_ane_refs=0 planned_gpu_groups=131 planned_gpu_refs=894 tail_gpu_groups=0 tail_gpu_refs=0 planned_ssd_groups=131 est_gpu=9278.0 est_ane=0.0 est_idle=100.00% wall=50.424 ms actual_ane_groups=0 actual_ane_refs=0 actual_gpu_groups=0 actual_gpu_refs=0 finishes=0 waits=0 overlap_gpu_groups=0
ds4: Flash-MoE async pread canceled queued=52 reading=13 ready=626 finished=13
ds4: Flash-MoE prefill layer=31 tokens=149 unique=150 refs=894 sync=5.736 ms plan=0.409 ms stage/compute=57.252 ms misses=150
ds4: Flash-MoE hybrid prefill layer=31 ane_groups=0 ane_refs=0 gpu_i8_groups=0 gpu_i8_refs=0 fp32_groups=0 ane_min_refs=256 concurrent=1 ane_pipeline=1 output_queue=4 async_ane=0 gpu_overlap=0 finishes=0 waits=0
ds4: Flash-MoE overlap plan layer=31 exec_groups=150 planned_ane_groups=0 planned_ane_refs=0 planned_gpu_groups=150 planned_gpu_refs=894 tail_gpu_groups=0 tail_gpu_refs=0 planned_ssd_groups=150 est_gpu=10494.0 est_ane=0.0 est_idle=100.00% wall=57.026 ms actual_ane_groups=0 actual_ane_refs=0 actual_gpu_groups=0 actual_gpu_refs=0 finishes=0 waits=0 overlap_gpu_groups=0
ds4: Flash-MoE async pread canceled queued=58 reading=13 ready=644 finished=13
ds4: Flash-MoE prefill layer=32 tokens=149 unique=121 refs=894 sync=6.989 ms plan=0.328 ms stage/compute=47.961 ms misses=121
ds4: Flash-MoE hybrid prefill layer=32 ane_groups=0 ane_refs=0 gpu_i8_groups=0 gpu_i8_refs=0 fp32_groups=0 ane_min_refs=256 concurrent=1 ane_pipeline=1 output_queue=4 async_ane=0 gpu_overlap=0 finishes=0 waits=0
ds4: Flash-MoE overlap plan layer=32 exec_groups=121 planned_ane_groups=0 planned_ane_refs=0 planned_gpu_groups=121 planned_gpu_refs=894 tail_gpu_groups=0 tail_gpu_refs=0 planned_ssd_groups=121 est_gpu=8638.0 est_ane=0.0 est_idle=100.00% wall=47.812 ms actual_ane_groups=0 actual_ane_refs=0 actual_gpu_groups=0 actual_gpu_refs=0 finishes=0 waits=0 overlap_gpu_groups=0
ds4: Flash-MoE async pread canceled queued=59 reading=14 ready=670 finished=14
ds4: Flash-MoE prefill layer=33 tokens=149 unique=129 refs=894 sync=5.679 ms plan=0.423 ms stage/compute=52.351 ms misses=129
ds4: Flash-MoE hybrid prefill layer=33 ane_groups=0 ane_refs=0 gpu_i8_groups=0 gpu_i8_refs=0 fp32_groups=0 ane_min_refs=256 concurrent=1 ane_pipeline=1 output_queue=4 async_ane=0 gpu_overlap=0 finishes=0 waits=0
ds4: Flash-MoE overlap plan layer=33 exec_groups=129 planned_ane_groups=0 planned_ane_refs=0 planned_gpu_groups=129 planned_gpu_refs=894 tail_gpu_groups=0 tail_gpu_refs=0 planned_ssd_groups=129 est_gpu=9150.0 est_ane=0.0 est_idle=100.00% wall=52.155 ms actual_ane_groups=0 actual_ane_refs=0 actual_gpu_groups=0 actual_gpu_refs=0 finishes=0 waits=0 overlap_gpu_groups=0
ds4: Flash-MoE async pread canceled queued=64 reading=14 ready=687 finished=14
ds4: Flash-MoE prefill layer=34 tokens=149 unique=130 refs=894 sync=7.992 ms plan=0.285 ms stage/compute=54.703 ms misses=130
ds4: Flash-MoE hybrid prefill layer=34 ane_groups=0 ane_refs=0 gpu_i8_groups=0 gpu_i8_refs=0 fp32_groups=0 ane_min_refs=256 concurrent=1 ane_pipeline=1 output_queue=4 async_ane=0 gpu_overlap=0 finishes=0 waits=0
ds4: Flash-MoE overlap plan layer=34 exec_groups=130 planned_ane_groups=0 planned_ane_refs=0 planned_gpu_groups=130 planned_gpu_refs=894 tail_gpu_groups=0 tail_gpu_refs=0 planned_ssd_groups=130 est_gpu=9214.0 est_ane=0.0 est_idle=100.00% wall=54.533 ms actual_ane_groups=0 actual_ane_refs=0 actual_gpu_groups=0 actual_gpu_refs=0 finishes=0 waits=0 overlap_gpu_groups=0
ds4: Flash-MoE async pread canceled queued=64 reading=15 ready=711 finished=15
ds4: Flash-MoE prefill layer=35 tokens=149 unique=145 refs=894 sync=8.082 ms plan=0.362 ms stage/compute=61.532 ms misses=145
ds4: Flash-MoE hybrid prefill layer=35 ane_groups=0 ane_refs=0 gpu_i8_groups=0 gpu_i8_refs=0 fp32_groups=0 ane_min_refs=256 concurrent=1 ane_pipeline=1 output_queue=4 async_ane=0 gpu_overlap=0 finishes=0 waits=0
ds4: Flash-MoE overlap plan layer=35 exec_groups=145 planned_ane_groups=0 planned_ane_refs=0 planned_gpu_groups=145 planned_gpu_refs=894 tail_gpu_groups=0 tail_gpu_refs=0 planned_ssd_groups=145 est_gpu=10174.0 est_ane=0.0 est_idle=100.00% wall=61.348 ms actual_ane_groups=0 actual_ane_refs=0 actual_gpu_groups=0 actual_gpu_refs=0 finishes=0 waits=0 overlap_gpu_groups=0
ds4: Flash-MoE async pread canceled queued=64 reading=15 ready=730 finished=15
ds4: Flash-MoE prefill layer=36 tokens=149 unique=120 refs=894 sync=9.413 ms plan=0.310 ms stage/compute=52.806 ms misses=120
ds4: Flash-MoE hybrid prefill layer=36 ane_groups=0 ane_refs=0 gpu_i8_groups=0 gpu_i8_refs=0 fp32_groups=0 ane_min_refs=256 concurrent=1 ane_pipeline=1 output_queue=4 async_ane=0 gpu_overlap=0 finishes=0 waits=0
ds4: Flash-MoE overlap plan layer=36 exec_groups=120 planned_ane_groups=0 planned_ane_refs=0 planned_gpu_groups=120 planned_gpu_refs=894 tail_gpu_groups=0 tail_gpu_refs=0 planned_ssd_groups=120 est_gpu=8574.0 est_ane=0.0 est_idle=100.00% wall=52.654 ms actual_ane_groups=0 actual_ane_refs=0 actual_gpu_groups=0 actual_gpu_refs=0 finishes=0 waits=0 overlap_gpu_groups=0
ds4: Flash-MoE async pread canceled queued=64 reading=15 ready=756 finished=15
ds4: Flash-MoE prefill layer=37 tokens=149 unique=136 refs=894 sync=7.963 ms plan=0.334 ms stage/compute=59.753 ms misses=136
ds4: Flash-MoE hybrid prefill layer=37 ane_groups=0 ane_refs=0 gpu_i8_groups=0 gpu_i8_refs=0 fp32_groups=0 ane_min_refs=256 concurrent=1 ane_pipeline=1 output_queue=4 async_ane=0 gpu_overlap=0 finishes=0 waits=0
ds4: Flash-MoE overlap plan layer=37 exec_groups=136 planned_ane_groups=0 planned_ane_refs=0 planned_gpu_groups=136 planned_gpu_refs=894 tail_gpu_groups=0 tail_gpu_refs=0 planned_ssd_groups=136 est_gpu=9598.0 est_ane=0.0 est_idle=100.00% wall=59.607 ms actual_ane_groups=0 actual_ane_refs=0 actual_gpu_groups=0 actual_gpu_refs=0 finishes=0 waits=0 overlap_gpu_groups=0
ds4: Flash-MoE async pread canceled queued=64 reading=15 ready=776 finished=15
ds4: Flash-MoE prefill layer=38 tokens=149 unique=128 refs=894 sync=9.323 ms plan=0.331 ms stage/compute=56.575 ms misses=128
ds4: Flash-MoE hybrid prefill layer=38 ane_groups=0 ane_refs=0 gpu_i8_groups=0 gpu_i8_refs=0 fp32_groups=0 ane_min_refs=256 concurrent=1 ane_pipeline=1 output_queue=4 async_ane=0 gpu_overlap=0 finishes=0 waits=0
ds4: Flash-MoE overlap plan layer=38 exec_groups=128 planned_ane_groups=0 planned_ane_refs=0 planned_gpu_groups=128 planned_gpu_refs=894 tail_gpu_groups=0 tail_gpu_refs=0 planned_ssd_groups=128 est_gpu=9086.0 est_ane=0.0 est_idle=100.00% wall=56.425 ms actual_ane_groups=0 actual_ane_refs=0 actual_gpu_groups=0 actual_gpu_refs=0 finishes=0 waits=0 overlap_gpu_groups=0
ds4: Flash-MoE async pread canceled queued=64 reading=15 ready=797 finished=15
ds4: Flash-MoE prefill layer=39 tokens=149 unique=143 refs=894 sync=7.727 ms plan=0.482 ms stage/compute=63.273 ms misses=143
ds4: Flash-MoE hybrid prefill layer=39 ane_groups=0 ane_refs=0 gpu_i8_groups=0 gpu_i8_refs=0 fp32_groups=0 ane_min_refs=256 concurrent=1 ane_pipeline=1 output_queue=4 async_ane=0 gpu_overlap=0 finishes=0 waits=0
ds4: Flash-MoE overlap plan layer=39 exec_groups=143 planned_ane_groups=0 planned_ane_refs=0 planned_gpu_groups=143 planned_gpu_refs=894 tail_gpu_groups=0 tail_gpu_refs=0 planned_ssd_groups=143 est_gpu=10046.0 est_ane=0.0 est_idle=100.00% wall=63.069 ms actual_ane_groups=0 actual_ane_refs=0 actual_gpu_groups=0 actual_gpu_refs=0 finishes=0 waits=0 overlap_gpu_groups=0
ds4: Flash-MoE async pread canceled queued=64 reading=17 ready=820 finished=17
ds4: Flash-MoE prefill layer=40 tokens=149 unique=114 refs=894 sync=8.296 ms plan=0.327 ms stage/compute=45.720 ms misses=114
ds4: Flash-MoE hybrid prefill layer=40 ane_groups=0 ane_refs=0 gpu_i8_groups=0 gpu_i8_refs=0 fp32_groups=0 ane_min_refs=256 concurrent=1 ane_pipeline=1 output_queue=4 async_ane=0 gpu_overlap=0 finishes=0 waits=0
ds4: Flash-MoE overlap plan layer=40 exec_groups=114 planned_ane_groups=0 planned_ane_refs=0 planned_gpu_groups=114 planned_gpu_refs=894 tail_gpu_groups=0 tail_gpu_refs=0 planned_ssd_groups=114 est_gpu=8190.0 est_ane=0.0 est_idle=100.00% wall=45.583 ms actual_ane_groups=0 actual_ane_refs=0 actual_gpu_groups=0 actual_gpu_refs=0 finishes=0 waits=0 overlap_gpu_groups=0
ds4: Flash-MoE async pread canceled queued=64 reading=17 ready=848 finished=17
ds4: Flash-MoE prefill layer=41 tokens=149 unique=129 refs=894 sync=6.393 ms plan=0.414 ms stage/compute=53.977 ms misses=129
ds4: Flash-MoE hybrid prefill layer=41 ane_groups=0 ane_refs=0 gpu_i8_groups=0 gpu_i8_refs=0 fp32_groups=0 ane_min_refs=256 concurrent=1 ane_pipeline=1 output_queue=4 async_ane=0 gpu_overlap=0 finishes=0 waits=0
ds4: Flash-MoE overlap plan layer=41 exec_groups=129 planned_ane_groups=0 planned_ane_refs=0 planned_gpu_groups=129 planned_gpu_refs=894 tail_gpu_groups=0 tail_gpu_refs=0 planned_ssd_groups=129 est_gpu=9150.0 est_ane=0.0 est_idle=100.00% wall=53.796 ms actual_ane_groups=0 actual_ane_refs=0 actual_gpu_groups=0 actual_gpu_refs=0 finishes=0 waits=0 overlap_gpu_groups=0
ds4: Flash-MoE async pread canceled queued=65 reading=18 ready=866 finished=18
ds4: Flash-MoE prefill layer=42 tokens=149 unique=123 refs=894 sync=8.065 ms plan=0.367 ms stage/compute=50.394 ms misses=123
ds4: Flash-MoE hybrid prefill layer=42 ane_groups=0 ane_refs=0 gpu_i8_groups=0 gpu_i8_refs=0 fp32_groups=0 ane_min_refs=256 concurrent=1 ane_pipeline=1 output_queue=4 async_ane=0 gpu_overlap=0 finishes=0 waits=0
ds4: Flash-MoE overlap plan layer=42 exec_groups=123 planned_ane_groups=0 planned_ane_refs=0 planned_gpu_groups=123 planned_gpu_refs=894 tail_gpu_groups=0 tail_gpu_refs=0 planned_ssd_groups=123 est_gpu=8766.0 est_ane=0.0 est_idle=100.00% wall=50.248 ms actual_ane_groups=0 actual_ane_refs=0 actual_gpu_groups=0 actual_gpu_refs=0 finishes=0 waits=0 overlap_gpu_groups=0
ds4: Flash-MoE async pread canceled queued=65 reading=18 ready=886 finished=18
ds4: gpu graph prefill total tokens=149 encode=2852.169 ms execute=2.195 ms read=0.039 ms total=2854.403 ms
ds4: prefill full: 149 tokens in 3148.9 ms (47.3 t/s)
We
ds4: ----------------------------------------
ds4: prefill: 47.32 t/s, generation: 1.33 t/s
ds4: Flash-MoE cross-layer prefetch layers=42 experts_queued=2016 (avg=48.0/layer)
ds4: Flash-MoE slot-bank stats hits=0 misses=6054 hit-rate=0.0% resident-slots=258/4128 (6.2%, avg=6.0/layer min=6 max=6 of 96) installed=40864.50 MiB
ds4: Flash-MoE decode prefetch calls=43 loads=258 bytes=1741.50 MiB pread=156.188 ms upload=104.578 ms overlap-flushes=43
ds4: Flash-MoE prefill dedup refs=38442 unique=5796 saved=32646 (84.9%) reuse=6.63x
ds4: Flash-MoE prefill stage stats calls=5796 bytes=39123.00 MiB pread=1195.274 ms upload=636.514 ms gate=202.983 ms up=192.902 ms down=240.629 ms scatter=5.236 ms stage_rate=21357.82 MiB/s pread_rate=32731.41 MiB/s upload_rate=61464.48 MiB/s
ds4: Flash-MoE prefill pread issue stats span=2809.876 ms active=42.54% span_rate=13923.39 MiB/s issue_gap=30034.807 ms post_stage_gap=358.128 ms same_layer_issue=29240.174 ms same_layer_post=0.000 ms cross_layer_issue=794.633 ms cross_layer_post=358.128 ms max_issue=109.054 ms max_post=20.249 ms issue_gaps=4514 post_gaps=42 issue_gt1=945 issue_gt5=830 issue_gt20=628 post_gt1=41 post_gt5=36 post_gt20=1
ds4: Flash-MoE prefill pread bucket le16 calls=5290 refs=20144 bytes=35707.50 MiB pread=1074.846 ms issue_gap=28872.502 ms post_stage_gap=16.594 ms pread_rate=33221.04 MiB/s
ds4: Flash-MoE prefill pread bucket le32 calls=289 refs=6681 bytes=1950.75 MiB pread=70.564 ms issue_gap=256.022 ms post_stage_gap=20.249 ms pread_rate=27645.12 MiB/s
ds4: Flash-MoE prefill pread bucket le64 calls=167 refs=7493 bytes=1127.25 MiB pread=38.842 ms issue_gap=467.809 ms post_stage_gap=118.668 ms pread_rate=29021.42 MiB/s
ds4: Flash-MoE prefill pread bucket le128 calls=50 refs=4124 bytes=337.50 MiB pread=11.022 ms issue_gap=438.474 ms post_stage_gap=202.617 ms pread_rate=30620.58 MiB/s
