ds4: warning: raw KV cap limits Metal prefill chunk (prefill_chunk=10000, raw_kv_rows=8704, raw_window=128, effective_chunk=8576; target raw cap for one chunk is 10240, also requires ctx >= that value)
ds4: context buffers 1053.29 MiB (ctx=10000, backend=metal, prefill_chunk=10000, raw_kv_rows=8704, compressed_kv_rows=2502)
ds4: Flash-MoE sidecar loaded: /Users/anemll/Models/flash/dsv4-iq2xxs-expert-major (slot-bank=96, expert-record 6.75 MiB)
ds4: Metal device Apple M5 Max, 128.00 GiB RAM
ds4: Flash-MoE using mmap-backed dense/shared weights without full-model Metal residency warmup
ds4: Metal model views created in 0.255 ms, residency requested in 0.001 ms, warmup 0.000 ms (mapped 8393.67 MiB from offset 5.06 MiB)
ds4: Metal mapped mmaped model as 1 overlapping shared buffers
ds4: metal backend initialized for graph diagnostics
ds4: prefill routed-MoE (requested): mul_mm_id (grouped GPU / ALU)  [grouped path]
ds4: prefill quant scales (ANE env first): w_qscale=512 x_qscale=32 mid_qscale=32 w_scale=0.00195312 x_scale=0.03125 mid_scale=0.03125
ds4: prefill ctx-grow: on, block=2048 tokens
ds4: prefill chunk cap: 16384, graph_raw_cap=8704
ds4: Flash-MoE slot banks allocated: layers=43 slots=96 gpu-bank=27864.00 MiB
ds4: prefill compute: routed experts = ANE i8i8 (W8A8) | dense proj = fp16-NAX (half x half)
ds4: prefill I/O: io-split=4 async-pread=on pread-threads=4 readahead=12 bank-prefetch=3 xlayer=auto<=6k-tok topk=48
ds4: decode  I/O: io-split=4 temporal-prefetch=on slots=96
ds4: Flash-MoE banked kernels using M5 simdgroup_matrix fast path (prefetch=3, banks=4)
ds4: WARNING: prefill chunk 10000 clamped to 8576 by raw-KV cap (raw_cap=8704, window=128). Set DS4_METAL_GRAPH_RAW_CAP >= 10128 (window + chunk) — or unset it to auto-size — to honor the chunk.
ds4: prefill chunk cap EFFECTIVE=8576 tokens (DS4_METAL_PREFILL_CHUNK=16384), CLAMPED by raw-KV-cap (ctx-grow) (resident-NAX tiles this by scratch_cap; that tile gates the sync bridge)
ds4: ANE i8w-i8x-tiled-fused cached async prefill B=256 H=4096 I=2048 w_scale=0.00195312 x_scale=0.03125 mid_scale=0.03125
ds4: Flash-MoE prefill layer=0 tokens=8423 unique=256 refs=50538 sync=14.735 ms plan=0.651 ms stage/compute=299.296 ms misses=256
ds4: Flash-MoE hybrid prefill layer=0 ane_groups=40 ane_refs=13498 gpu_i8_groups=0 gpu_i8_refs=0 fp32_groups=0 ane_min_refs=256 concurrent=1 ane_pipeline=1 output_queue=4 async_ane=40 gpu_overlap=216 finishes=40 waits=80
ds4: Flash-MoE overlap plan layer=0 exec_groups=256 planned_ane_groups=40 planned_ane_refs=13498 planned_gpu_groups=216 planned_gpu_refs=37040 tail_gpu_groups=0 tail_gpu_refs=0 planned_ssd_groups=256 est_gpu=50864.0 est_ane=6609.5 est_idle=87.01% wall=291.427 ms actual_ane_groups=40 actual_ane_refs=13498 actual_gpu_groups=0 actual_gpu_refs=0 finishes=40 waits=80 overlap_gpu_groups=216
ds4: Flash-MoE prefill layer=1 tokens=8423 unique=256 refs=50538 sync=6.739 ms plan=0.343 ms stage/compute=277.620 ms misses=256
ds4: Flash-MoE hybrid prefill layer=1 ane_groups=40 ane_refs=13899 gpu_i8_groups=0 gpu_i8_refs=0 fp32_groups=0 ane_min_refs=256 concurrent=1 ane_pipeline=1 output_queue=4 async_ane=40 gpu_overlap=216 finishes=40 waits=80
ds4: Flash-MoE overlap plan layer=1 exec_groups=256 planned_ane_groups=40 planned_ane_refs=13899 planned_gpu_groups=216 planned_gpu_refs=36639 tail_gpu_groups=0 tail_gpu_refs=0 planned_ssd_groups=256 est_gpu=50463.0 est_ane=6612.0 est_idle=86.90% wall=276.262 ms actual_ane_groups=40 actual_ane_refs=13899 actual_gpu_groups=0 actual_gpu_refs=0 finishes=40 waits=80 overlap_gpu_groups=216
ds4: Flash-MoE prefill layer=2 tokens=8423 unique=256 refs=50538 sync=6.734 ms plan=0.329 ms stage/compute=275.675 ms misses=256
ds4: Flash-MoE hybrid prefill layer=2 ane_groups=44 ane_refs=15144 gpu_i8_groups=0 gpu_i8_refs=0 fp32_groups=0 ane_min_refs=256 concurrent=1 ane_pipeline=1 output_queue=4 async_ane=44 gpu_overlap=212 finishes=44 waits=88
ds4: Flash-MoE overlap plan layer=2 exec_groups=256 planned_ane_groups=44 planned_ane_refs=15144 planned_gpu_groups=212 planned_gpu_refs=35394 tail_gpu_groups=0 tail_gpu_refs=0 planned_ssd_groups=256 est_gpu=48962.0 est_ane=7272.7 est_idle=85.15% wall=274.386 ms actual_ane_groups=44 actual_ane_refs=15144 actual_gpu_groups=0 actual_gpu_refs=0 finishes=44 waits=88 overlap_gpu_groups=212
ds4: Flash-MoE prefill layer=3 tokens=8423 unique=247 refs=50538 sync=7.782 ms plan=0.335 ms stage/compute=278.037 ms misses=247
ds4: Flash-MoE hybrid prefill layer=3 ane_groups=52 ane_refs=25985 gpu_i8_groups=0 gpu_i8_refs=0 fp32_groups=0 ane_min_refs=256 concurrent=1 ane_pipeline=1 output_queue=4 async_ane=52 gpu_overlap=195 finishes=52 waits=104
ds4: Flash-MoE overlap plan layer=3 exec_groups=247 planned_ane_groups=52 planned_ane_refs=25985 planned_gpu_groups=195 planned_gpu_refs=24553 tail_gpu_groups=0 tail_gpu_refs=0 planned_ssd_groups=247 est_gpu=37033.0 est_ane=8674.3 est_idle=76.58% wall=276.537 ms actual_ane_groups=52 actual_ane_refs=25985 actual_gpu_groups=0 actual_gpu_refs=0 finishes=52 waits=104 overlap_gpu_groups=195
ds4: Flash-MoE prefill layer=4 tokens=8423 unique=239 refs=50538 sync=7.313 ms plan=0.366 ms stage/compute=270.123 ms misses=239
ds4: Flash-MoE hybrid prefill layer=4 ane_groups=43 ane_refs=27469 gpu_i8_groups=0 gpu_i8_refs=0 fp32_groups=0 ane_min_refs=256 concurrent=1 ane_pipeline=1 output_queue=4 async_ane=43 gpu_overlap=196 finishes=43 waits=86
ds4: Flash-MoE overlap plan layer=4 exec_groups=239 planned_ane_groups=43 planned_ane_refs=27469 planned_gpu_groups=196 planned_gpu_refs=23069 tail_gpu_groups=0 tail_gpu_refs=0 planned_ssd_groups=239 est_gpu=35613.0 est_ane=7221.3 est_idle=79.72% wall=268.818 ms actual_ane_groups=43 actual_ane_refs=27469 actual_gpu_groups=0 actual_gpu_refs=0 finishes=43 waits=86 overlap_gpu_groups=196
ds4: Flash-MoE prefill layer=5 tokens=8423 unique=250 refs=50538 sync=7.211 ms plan=0.348 ms stage/compute=279.291 ms misses=250
ds4: Flash-MoE hybrid prefill layer=5 ane_groups=46 ane_refs=26031 gpu_i8_groups=0 gpu_i8_refs=0 fp32_groups=0 ane_min_refs=256 concurrent=1 ane_pipeline=1 output_queue=4 async_ane=46 gpu_overlap=204 finishes=46 waits=92
ds4: Flash-MoE overlap plan layer=5 exec_groups=250 planned_ane_groups=46 planned_ane_refs=26031 planned_gpu_groups=204 planned_gpu_refs=24507 tail_gpu_groups=0 tail_gpu_refs=0 planned_ssd_groups=250 est_gpu=37563.0 est_ane=7688.4 est_idle=79.53% wall=277.897 ms actual_ane_groups=46 actual_ane_refs=26031 actual_gpu_groups=0 actual_gpu_refs=0 finishes=46 waits=92 overlap_gpu_groups=204
ds4: Flash-MoE prefill layer=6 tokens=8423 unique=247 refs=50538 sync=7.307 ms plan=0.321 ms stage/compute=275.814 ms misses=247
ds4: Flash-MoE hybrid prefill layer=6 ane_groups=48 ane_refs=27651 gpu_i8_groups=0 gpu_i8_refs=0 fp32_groups=0 ane_min_refs=256 concurrent=1 ane_pipeline=1 output_queue=4 async_ane=48 gpu_overlap=199 finishes=48 waits=96
ds4: Flash-MoE overlap plan layer=6 exec_groups=247 planned_ane_groups=48 planned_ane_refs=27651 planned_gpu_groups=199 planned_gpu_refs=22887 tail_gpu_groups=0 tail_gpu_refs=0 planned_ssd_groups=247 est_gpu=35623.0 est_ane=8042.0 est_idle=77.42% wall=274.581 ms actual_ane_groups=48 actual_ane_refs=27651 actual_gpu_groups=0 actual_gpu_refs=0 finishes=48 waits=96 overlap_gpu_groups=199
ds4: Flash-MoE prefill layer=7 tokens=8423 unique=249 refs=50538 sync=7.233 ms plan=0.397 ms stage/compute=280.102 ms misses=249
ds4: Flash-MoE hybrid prefill layer=7 ane_groups=39 ane_refs=28702 gpu_i8_groups=0 gpu_i8_refs=0 fp32_groups=0 ane_min_refs=256 concurrent=1 ane_pipeline=1 output_queue=4 async_ane=39 gpu_overlap=210 finishes=39 waits=78
ds4: Flash-MoE overlap plan layer=7 exec_groups=249 planned_ane_groups=39 planned_ane_refs=28702 planned_gpu_groups=210 planned_gpu_refs=21836 tail_gpu_groups=0 tail_gpu_refs=0 planned_ssd_groups=249 est_gpu=35276.0 est_ane=6586.5 est_idle=81.33% wall=278.587 ms actual_ane_groups=39 actual_ane_refs=28702 actual_gpu_groups=0 actual_gpu_refs=0 finishes=39 waits=78 overlap_gpu_groups=210
ds4: Flash-MoE prefill layer=8 tokens=8423 unique=238 refs=50538 sync=7.255 ms plan=0.361 ms stage/compute=285.015 ms misses=238
ds4: Flash-MoE hybrid prefill layer=8 ane_groups=39 ane_refs=28694 gpu_i8_groups=0 gpu_i8_refs=0 fp32_groups=0 ane_min_refs=256 concurrent=1 ane_pipeline=1 output_queue=4 async_ane=39 gpu_overlap=199 finishes=39 waits=78
ds4: Flash-MoE overlap plan layer=8 exec_groups=238 planned_ane_groups=39 planned_ane_refs=28694 planned_gpu_groups=199 planned_gpu_refs=21844 tail_gpu_groups=0 tail_gpu_refs=0 planned_ssd_groups=238 est_gpu=34580.0 est_ane=6586.5 est_idle=80.95% wall=283.723 ms actual_ane_groups=39 actual_ane_refs=28694 actual_gpu_groups=0 actual_gpu_refs=0 finishes=39 waits=78 overlap_gpu_groups=199
ds4: Flash-MoE prefill layer=9 tokens=8423 unique=243 refs=50538 sync=7.218 ms plan=0.341 ms stage/compute=277.036 ms misses=243
ds4: Flash-MoE hybrid prefill layer=9 ane_groups=46 ane_refs=25415 gpu_i8_groups=0 gpu_i8_refs=0 fp32_groups=0 ane_min_refs=256 concurrent=1 ane_pipeline=1 output_queue=4 async_ane=46 gpu_overlap=197 finishes=46 waits=92
ds4: Flash-MoE overlap plan layer=9 exec_groups=243 planned_ane_groups=46 planned_ane_refs=25415 planned_gpu_groups=197 planned_gpu_refs=25123 tail_gpu_groups=0 tail_gpu_refs=0 planned_ssd_groups=243 est_gpu=37731.0 est_ane=7691.0 est_idle=79.62% wall=275.668 ms actual_ane_groups=46 actual_ane_refs=25415 actual_gpu_groups=0 actual_gpu_refs=0 finishes=46 waits=92 overlap_gpu_groups=197
ds4: Flash-MoE prefill layer=10 tokens=8423 unique=242 refs=50538 sync=7.276 ms plan=0.349 ms stage/compute=272.727 ms misses=242
ds4: Flash-MoE hybrid prefill layer=10 ane_groups=50 ane_refs=28808 gpu_i8_groups=0 gpu_i8_refs=0 fp32_groups=0 ane_min_refs=256 concurrent=1 ane_pipeline=1 output_queue=4 async_ane=50 gpu_overlap=192 finishes=50 waits=100
ds4: Flash-MoE overlap plan layer=10 exec_groups=242 planned_ane_groups=50 planned_ane_refs=28808 planned_gpu_groups=192 planned_gpu_refs=21730 tail_gpu_groups=0 tail_gpu_refs=0 planned_ssd_groups=242 est_gpu=34018.0 est_ane=8372.4 est_idle=75.39% wall=271.427 ms actual_ane_groups=50 actual_ane_refs=28808 actual_gpu_groups=0 actual_gpu_refs=0 finishes=50 waits=100 overlap_gpu_groups=192
ds4: Flash-MoE prefill layer=11 tokens=8423 unique=247 refs=50538 sync=7.235 ms plan=0.386 ms stage/compute=271.478 ms misses=247
ds4: Flash-MoE hybrid prefill layer=11 ane_groups=49 ane_refs=28518 gpu_i8_groups=0 gpu_i8_refs=0 fp32_groups=0 ane_min_refs=256 concurrent=1 ane_pipeline=1 output_queue=4 async_ane=49 gpu_overlap=198 finishes=49 waits=98
ds4: Flash-MoE overlap plan layer=11 exec_groups=247 planned_ane_groups=49 planned_ane_refs=28518 planned_gpu_groups=198 planned_gpu_refs=22020 tail_gpu_groups=0 tail_gpu_refs=0 planned_ssd_groups=247 est_gpu=34692.0 est_ane=8199.4 est_idle=76.37% wall=270.116 ms actual_ane_groups=49 actual_ane_refs=28518 actual_gpu_groups=0 actual_gpu_refs=0 finishes=49 waits=98 overlap_gpu_groups=198
ds4: Flash-MoE prefill layer=12 tokens=8423 unique=239 refs=50538 sync=7.240 ms plan=0.333 ms stage/compute=261.692 ms misses=239
ds4: Flash-MoE hybrid prefill layer=12 ane_groups=48 ane_refs=30851 gpu_i8_groups=0 gpu_i8_refs=0 fp32_groups=0 ane_min_refs=256 concurrent=1 ane_pipeline=1 output_queue=4 async_ane=48 gpu_overlap=191 finishes=48 waits=96
ds4: Flash-MoE overlap plan layer=12 exec_groups=239 planned_ane_groups=48 planned_ane_refs=30851 planned_gpu_groups=191 planned_gpu_refs=19687 tail_gpu_groups=0 tail_gpu_refs=0 planned_ssd_groups=239 est_gpu=31911.0 est_ane=8057.5 est_idle=74.75% wall=260.436 ms actual_ane_groups=48 actual_ane_refs=30851 actual_gpu_groups=0 actual_gpu_refs=0 finishes=48 waits=96 overlap_gpu_groups=191
ds4: Flash-MoE prefill layer=13 tokens=8423 unique=239 refs=50538 sync=7.225 ms plan=0.321 ms stage/compute=275.507 ms misses=239
ds4: Flash-MoE hybrid prefill layer=13 ane_groups=42 ane_refs=32161 gpu_i8_groups=0 gpu_i8_refs=0 fp32_groups=0 ane_min_refs=256 concurrent=1 ane_pipeline=1 output_queue=4 async_ane=42 gpu_overlap=197 finishes=42 waits=84
ds4: Flash-MoE overlap plan layer=13 exec_groups=239 planned_ane_groups=42 planned_ane_refs=32161 planned_gpu_groups=197 planned_gpu_refs=18377 tail_gpu_groups=0 tail_gpu_refs=0 planned_ssd_groups=239 est_gpu=30985.0 est_ane=7105.3 est_idle=77.07% wall=274.125 ms actual_ane_groups=42 actual_ane_refs=32161 actual_gpu_groups=0 actual_gpu_refs=0 finishes=42 waits=84 overlap_gpu_groups=197
ds4: Flash-MoE prefill layer=14 tokens=8423 unique=237 refs=50538 sync=7.271 ms plan=0.282 ms stage/compute=271.977 ms misses=237
ds4: Flash-MoE hybrid prefill layer=14 ane_groups=42 ane_refs=33402 gpu_i8_groups=0 gpu_i8_refs=0 fp32_groups=0 ane_min_refs=256 concurrent=1 ane_pipeline=1 output_queue=4 async_ane=42 gpu_overlap=195 finishes=42 waits=84
ds4: Flash-MoE overlap plan layer=14 exec_groups=237 planned_ane_groups=42 planned_ane_refs=33402 planned_gpu_groups=195 planned_gpu_refs=17136 tail_gpu_groups=0 tail_gpu_refs=0 planned_ssd_groups=237 est_gpu=29616.0 est_ane=7118.2 est_idle=75.96% wall=270.676 ms actual_ane_groups=42 actual_ane_refs=33402 actual_gpu_groups=0 actual_gpu_refs=0 finishes=42 waits=84 overlap_gpu_groups=195
ds4: Flash-MoE prefill layer=15 tokens=8423 unique=227 refs=50538 sync=7.231 ms plan=0.364 ms stage/compute=277.950 ms misses=227
ds4: Flash-MoE hybrid prefill layer=15 ane_groups=40 ane_refs=34215 gpu_i8_groups=0 gpu_i8_refs=0 fp32_groups=0 ane_min_refs=256 concurrent=1 ane_pipeline=1 output_queue=4 async_ane=40 gpu_overlap=187 finishes=40 waits=80
ds4: Flash-MoE overlap plan layer=15 exec_groups=227 planned_ane_groups=40 planned_ane_refs=34215 planned_gpu_groups=187 planned_gpu_refs=16323 tail_gpu_groups=0 tail_gpu_refs=0 planned_ssd_groups=227 est_gpu=28291.0 est_ane=6806.0 est_idle=75.94% wall=276.499 ms actual_ane_groups=40 actual_ane_refs=34215 actual_gpu_groups=0 actual_gpu_refs=0 finishes=40 waits=80 overlap_gpu_groups=187
ds4: Flash-MoE prefill layer=16 tokens=8423 unique=221 refs=50538 sync=7.244 ms plan=0.372 ms stage/compute=274.424 ms misses=221
ds4: Flash-MoE hybrid prefill layer=16 ane_groups=42 ane_refs=33215 gpu_i8_groups=0 gpu_i8_refs=0 fp32_groups=0 ane_min_refs=256 concurrent=1 ane_pipeline=1 output_queue=4 async_ane=42 gpu_overlap=179 finishes=42 waits=84
ds4: Flash-MoE overlap plan layer=16 exec_groups=221 planned_ane_groups=42 planned_ane_refs=33215 planned_gpu_groups=179 planned_gpu_refs=17323 tail_gpu_groups=0 tail_gpu_refs=0 planned_ssd_groups=221 est_gpu=28779.0 est_ane=7115.6 est_idle=75.27% wall=273.073 ms actual_ane_groups=42 actual_ane_refs=33215 actual_gpu_groups=0 actual_gpu_refs=0 finishes=42 waits=84 overlap_gpu_groups=179
ds4: Flash-MoE prefill layer=17 tokens=8423 unique=225 refs=50538 sync=7.238 ms plan=0.354 ms stage/compute=277.240 ms misses=225
ds4: Flash-MoE hybrid prefill layer=17 ane_groups=42 ane_refs=33374 gpu_i8_groups=0 gpu_i8_refs=0 fp32_groups=0 ane_min_refs=256 concurrent=1 ane_pipeline=1 output_queue=4 async_ane=42 gpu_overlap=183 finishes=42 waits=84
ds4: Flash-MoE overlap plan layer=17 exec_groups=225 planned_ane_groups=42 planned_ane_refs=33374 planned_gpu_groups=183 planned_gpu_refs=17164 tail_gpu_groups=0 tail_gpu_refs=0 planned_ssd_groups=225 est_gpu=28876.0 est_ane=7118.2 est_idle=75.35% wall=275.955 ms actual_ane_groups=42 actual_ane_refs=33374 actual_gpu_groups=0 actual_gpu_refs=0 finishes=42 waits=84 overlap_gpu_groups=183
ds4: Flash-MoE prefill layer=18 tokens=8423 unique=228 refs=50538 sync=7.313 ms plan=0.365 ms stage/compute=272.328 ms misses=228
ds4: Flash-MoE hybrid prefill layer=18 ane_groups=39 ane_refs=31762 gpu_i8_groups=0 gpu_i8_refs=0 fp32_groups=0 ane_min_refs=256 concurrent=1 ane_pipeline=1 output_queue=4 async_ane=39 gpu_overlap=189 finishes=39 waits=78
ds4: Flash-MoE overlap plan layer=18 exec_groups=228 planned_ane_groups=39 planned_ane_refs=31762 planned_gpu_groups=189 planned_gpu_refs=18776 tail_gpu_groups=0 tail_gpu_refs=0 planned_ssd_groups=228 est_gpu=30872.0 est_ane=6612.4 est_idle=78.58% wall=271.014 ms actual_ane_groups=39 actual_ane_refs=31762 actual_gpu_groups=0 actual_gpu_refs=0 finishes=39 waits=78 overlap_gpu_groups=189
ds4: Flash-MoE prefill layer=19 tokens=8423 unique=239 refs=50538 sync=7.293 ms plan=0.453 ms stage/compute=267.094 ms misses=239
ds4: Flash-MoE hybrid prefill layer=19 ane_groups=52 ane_refs=26383 gpu_i8_groups=0 gpu_i8_refs=0 fp32_groups=0 ane_min_refs=256 concurrent=1 ane_pipeline=1 output_queue=4 async_ane=52 gpu_overlap=187 finishes=52 waits=104
ds4: Flash-MoE overlap plan layer=19 exec_groups=239 planned_ane_groups=52 planned_ane_refs=26383 planned_gpu_groups=187 planned_gpu_refs=24155 tail_gpu_groups=0 tail_gpu_refs=0 planned_ssd_groups=239 est_gpu=36123.0 est_ane=8669.1 est_idle=76.00% wall=265.821 ms actual_ane_groups=52 actual_ane_refs=26383 actual_gpu_groups=0 actual_gpu_refs=0 finishes=52 waits=104 overlap_gpu_groups=187
ds4: Flash-MoE prefill layer=20 tokens=8423 unique=229 refs=50538 sync=7.348 ms plan=0.357 ms stage/compute=284.307 ms misses=229
ds4: Flash-MoE hybrid prefill layer=20 ane_groups=40 ane_refs=33408 gpu_i8_groups=0 gpu_i8_refs=0 fp32_groups=0 ane_min_refs=256 concurrent=1 ane_pipeline=1 output_queue=4 async_ane=40 gpu_overlap=189 finishes=40 waits=80
ds4: Flash-MoE overlap plan layer=20 exec_groups=229 planned_ane_groups=40 planned_ane_refs=33408 planned_gpu_groups=189 planned_gpu_refs=17130 tail_gpu_groups=0 tail_gpu_refs=0 planned_ssd_groups=229 est_gpu=29226.0 est_ane=6795.6 est_idle=76.75% wall=283.099 ms actual_ane_groups=40 actual_ane_refs=33408 actual_gpu_groups=0 actual_gpu_refs=0 finishes=40 waits=80 overlap_gpu_groups=189
ds4: Flash-MoE prefill layer=21 tokens=8423 unique=223 refs=50538 sync=7.292 ms plan=0.467 ms stage/compute=272.487 ms misses=223
ds4: Flash-MoE hybrid prefill layer=21 ane_groups=46 ane_refs=31440 gpu_i8_groups=0 gpu_i8_refs=0 fp32_groups=0 ane_min_refs=256 concurrent=1 ane_pipeline=1 output_queue=4 async_ane=46 gpu_overlap=177 finishes=46 waits=92
ds4: Flash-MoE overlap plan layer=21 exec_groups=223 planned_ane_groups=46 planned_ane_refs=31440 planned_gpu_groups=177 planned_gpu_refs=19098 tail_gpu_groups=0 tail_gpu_refs=0 planned_ssd_groups=223 est_gpu=30426.0 est_ane=7747.9 est_idle=74.54% wall=271.197 ms actual_ane_groups=46 actual_ane_refs=31440 actual_gpu_groups=0 actual_gpu_refs=0 finishes=46 waits=92 overlap_gpu_groups=177
ds4: Flash-MoE prefill layer=22 tokens=8423 unique=234 refs=50538 sync=7.196 ms plan=0.391 ms stage/compute=270.280 ms misses=234
ds4: Flash-MoE hybrid prefill layer=22 ane_groups=45 ane_refs=32267 gpu_i8_groups=0 gpu_i8_refs=0 fp32_groups=0 ane_min_refs=256 concurrent=1 ane_pipeline=1 output_queue=4 async_ane=45 gpu_overlap=189 finishes=45 waits=90
ds4: Flash-MoE overlap plan layer=22 exec_groups=234 planned_ane_groups=45 planned_ane_refs=32267 planned_gpu_groups=189 planned_gpu_refs=18271 tail_gpu_groups=0 tail_gpu_refs=0 planned_ssd_groups=234 est_gpu=30367.0 est_ane=7590.5 est_idle=75.00% wall=269.012 ms actual_ane_groups=45 actual_ane_refs=32267 actual_gpu_groups=0 actual_gpu_refs=0 finishes=45 waits=90 overlap_gpu_groups=189
ds4: Flash-MoE prefill layer=23 tokens=8423 unique=238 refs=50538 sync=7.389 ms plan=0.366 ms stage/compute=267.821 ms misses=238
ds4: Flash-MoE hybrid prefill layer=23 ane_groups=49 ane_refs=29904 gpu_i8_groups=0 gpu_i8_refs=0 fp32_groups=0 ane_min_refs=256 concurrent=1 ane_pipeline=1 output_queue=4 async_ane=49 gpu_overlap=189 finishes=49 waits=98
ds4: Flash-MoE overlap plan layer=23 exec_groups=238 planned_ane_groups=49 planned_ane_refs=29904 planned_gpu_groups=189 planned_gpu_refs=20634 tail_gpu_groups=0 tail_gpu_refs=0 planned_ssd_groups=238 est_gpu=32730.0 est_ane=8207.2 est_idle=74.92% wall=266.439 ms actual_ane_groups=49 actual_ane_refs=29904 actual_gpu_groups=0 actual_gpu_refs=0 finishes=49 waits=98 overlap_gpu_groups=189
ds4: Flash-MoE prefill layer=24 tokens=8423 unique=219 refs=50538 sync=7.331 ms plan=0.398 ms stage/compute=270.375 ms misses=219
ds4: Flash-MoE hybrid prefill layer=24 ane_groups=47 ane_refs=33028 gpu_i8_groups=0 gpu_i8_refs=0 fp32_groups=0 ane_min_refs=256 concurrent=1 ane_pipeline=1 output_queue=4 async_ane=47 gpu_overlap=172 finishes=47 waits=94
ds4: Flash-MoE overlap plan layer=24 exec_groups=219 planned_ane_groups=47 planned_ane_refs=33028 planned_gpu_groups=172 planned_gpu_refs=17510 tail_gpu_groups=0 tail_gpu_refs=0 planned_ssd_groups=219 est_gpu=28518.0 est_ane=7926.0 est_idle=72.21% wall=269.142 ms actual_ane_groups=47 actual_ane_refs=33028 actual_gpu_groups=0 actual_gpu_refs=0 finishes=47 waits=94 overlap_gpu_groups=172
ds4: Flash-MoE prefill layer=25 tokens=8423 unique=232 refs=50538 sync=7.425 ms plan=0.418 ms stage/compute=263.644 ms misses=232
ds4: Flash-MoE hybrid prefill layer=25 ane_groups=53 ane_refs=31751 gpu_i8_groups=0 gpu_i8_refs=0 fp32_groups=0 ane_min_refs=256 concurrent=1 ane_pipeline=1 output_queue=4 async_ane=53 gpu_overlap=179 finishes=53 waits=106
ds4: Flash-MoE overlap plan layer=25 exec_groups=232 planned_ane_groups=53 planned_ane_refs=31751 planned_gpu_groups=179 planned_gpu_refs=18787 tail_gpu_groups=0 tail_gpu_refs=0 planned_ssd_groups=232 est_gpu=30243.0 est_ane=8878.2 est_idle=70.64% wall=262.343 ms actual_ane_groups=53 actual_ane_refs=31751 actual_gpu_groups=0 actual_gpu_refs=0 finishes=53 waits=106 overlap_gpu_groups=179
ds4: Flash-MoE prefill layer=26 tokens=8423 unique=217 refs=50538 sync=7.394 ms plan=0.402 ms stage/compute=274.944 ms misses=217
ds4: Flash-MoE hybrid prefill layer=26 ane_groups=35 ane_refs=34763 gpu_i8_groups=0 gpu_i8_refs=0 fp32_groups=0 ane_min_refs=256 concurrent=1 ane_pipeline=1 output_queue=4 async_ane=35 gpu_overlap=182 finishes=35 waits=70
ds4: Flash-MoE overlap plan layer=26 exec_groups=217 planned_ane_groups=35 planned_ane_refs=34763 planned_gpu_groups=182 planned_gpu_refs=15775 tail_gpu_groups=0 tail_gpu_refs=0 planned_ssd_groups=217 est_gpu=27423.0 est_ane=5998.2 est_idle=78.13% wall=273.731 ms actual_ane_groups=35 actual_ane_refs=34763 actual_gpu_groups=0 actual_gpu_refs=0 finishes=35 waits=70 overlap_gpu_groups=182
ds4: Flash-MoE prefill layer=27 tokens=8423 unique=231 refs=50538 sync=7.268 ms plan=0.345 ms stage/compute=273.682 ms misses=231
ds4: Flash-MoE hybrid prefill layer=27 ane_groups=47 ane_refs=32184 gpu_i8_groups=0 gpu_i8_refs=0 fp32_groups=0 ane_min_refs=256 concurrent=1 ane_pipeline=1 output_queue=4 async_ane=47 gpu_overlap=184 finishes=47 waits=94
ds4: Flash-MoE overlap plan layer=27 exec_groups=231 planned_ane_groups=47 planned_ane_refs=32184 planned_gpu_groups=184 planned_gpu_refs=18354 tail_gpu_groups=0 tail_gpu_refs=0 planned_ssd_groups=231 est_gpu=30130.0 est_ane=7913.1 est_idle=73.74% wall=272.438 ms actual_ane_groups=47 actual_ane_refs=32184 actual_gpu_groups=0 actual_gpu_refs=0 finishes=47 waits=94 overlap_gpu_groups=184
ds4: Flash-MoE prefill layer=28 tokens=8423 unique=222 refs=50538 sync=7.270 ms plan=0.371 ms stage/compute=263.533 ms misses=222
ds4: Flash-MoE hybrid prefill layer=28 ane_groups=47 ane_refs=32502 gpu_i8_groups=0 gpu_i8_refs=0 fp32_groups=0 ane_min_refs=256 concurrent=1 ane_pipeline=1 output_queue=4 async_ane=47 gpu_overlap=175 finishes=47 waits=94
ds4: Flash-MoE overlap plan layer=28 exec_groups=222 planned_ane_groups=47 planned_ane_refs=32502 planned_gpu_groups=175 planned_gpu_refs=18036 tail_gpu_groups=0 tail_gpu_refs=0 planned_ssd_groups=222 est_gpu=29236.0 est_ane=7913.1 est_idle=72.93% wall=262.254 ms actual_ane_groups=47 actual_ane_refs=32502 actual_gpu_groups=0 actual_gpu_refs=0 finishes=47 waits=94 overlap_gpu_groups=175
ds4: Flash-MoE prefill layer=29 tokens=8423 unique=229 refs=50538 sync=7.232 ms plan=0.444 ms stage/compute=274.371 ms misses=229
ds4: Flash-MoE hybrid prefill layer=29 ane_groups=40 ane_refs=32915 gpu_i8_groups=0 gpu_i8_refs=0 fp32_groups=0 ane_min_refs=256 concurrent=1 ane_pipeline=1 output_queue=4 async_ane=40 gpu_overlap=189 finishes=40 waits=80
ds4: Flash-MoE overlap plan layer=29 exec_groups=229 planned_ane_groups=40 planned_ane_refs=32915 planned_gpu_groups=189 planned_gpu_refs=17623 tail_gpu_groups=0 tail_gpu_refs=0 planned_ssd_groups=229 est_gpu=29719.0 est_ane=6785.3 est_idle=77.17% wall=273.026 ms actual_ane_groups=40 actual_ane_refs=32915 actual_gpu_groups=0 actual_gpu_refs=0 finishes=40 waits=80 overlap_gpu_groups=189
ds4: Flash-MoE prefill layer=30 tokens=8423 unique=237 refs=50538 sync=7.251 ms plan=0.387 ms stage/compute=274.752 ms misses=237
ds4: Flash-MoE hybrid prefill layer=30 ane_groups=44 ane_refs=32318 gpu_i8_groups=0 gpu_i8_refs=0 fp32_groups=0 ane_min_refs=256 concurrent=1 ane_pipeline=1 output_queue=4 async_ane=44 gpu_overlap=193 finishes=44 waits=88
ds4: Flash-MoE overlap plan layer=30 exec_groups=237 planned_ane_groups=44 planned_ane_refs=32318 planned_gpu_groups=193 planned_gpu_refs=18220 tail_gpu_groups=0 tail_gpu_refs=0 planned_ssd_groups=237 est_gpu=30572.0 est_ane=7422.7 est_idle=75.72% wall=273.437 ms actual_ane_groups=44 actual_ane_refs=32318 actual_gpu_groups=0 actual_gpu_refs=0 finishes=44 waits=88 overlap_gpu_groups=193
ds4: Flash-MoE prefill layer=31 tokens=8423 unique=234 refs=50538 sync=7.295 ms plan=0.351 ms stage/compute=269.128 ms misses=234
ds4: Flash-MoE hybrid prefill layer=31 ane_groups=47 ane_refs=32393 gpu_i8_groups=0 gpu_i8_refs=0 fp32_groups=0 ane_min_refs=256 concurrent=1 ane_pipeline=1 output_queue=4 async_ane=47 gpu_overlap=187 finishes=47 waits=94
ds4: Flash-MoE overlap plan layer=31 exec_groups=234 planned_ane_groups=47 planned_ane_refs=32393 planned_gpu_groups=187 planned_gpu_refs=18145 tail_gpu_groups=0 tail_gpu_refs=0 planned_ssd_groups=234 est_gpu=30113.0 est_ane=7915.6 est_idle=73.71% wall=267.859 ms actual_ane_groups=47 actual_ane_refs=32393 actual_gpu_groups=0 actual_gpu_refs=0 finishes=47 waits=94 overlap_gpu_groups=187
ds4: Flash-MoE prefill layer=32 tokens=8423 unique=222 refs=50538 sync=7.596 ms plan=0.340 ms stage/compute=280.739 ms misses=222
ds4: Flash-MoE hybrid prefill layer=32 ane_groups=42 ane_refs=34418 gpu_i8_groups=0 gpu_i8_refs=0 fp32_groups=0 ane_min_refs=256 concurrent=1 ane_pipeline=1 output_queue=4 async_ane=42 gpu_overlap=180 finishes=42 waits=84
ds4: Flash-MoE overlap plan layer=32 exec_groups=222 planned_ane_groups=42 planned_ane_refs=34418 planned_gpu_groups=180 planned_gpu_refs=16120 tail_gpu_groups=0 tail_gpu_refs=0 planned_ssd_groups=222 est_gpu=27640.0 est_ane=7131.2 est_idle=74.20% wall=279.374 ms actual_ane_groups=42 actual_ane_refs=34418 actual_gpu_groups=0 actual_gpu_refs=0 finishes=42 waits=84 overlap_gpu_groups=180
ds4: Flash-MoE prefill layer=33 tokens=8423 unique=230 refs=50538 sync=7.224 ms plan=0.376 ms stage/compute=282.928 ms misses=230
ds4: Flash-MoE hybrid prefill layer=33 ane_groups=37 ane_refs=33805 gpu_i8_groups=0 gpu_i8_refs=0 fp32_groups=0 ane_min_refs=256 concurrent=1 ane_pipeline=1 output_queue=4 async_ane=37 gpu_overlap=193 finishes=37 waits=74
ds4: Flash-MoE overlap plan layer=33 exec_groups=230 planned_ane_groups=37 planned_ane_refs=33805 planned_gpu_groups=193 planned_gpu_refs=16733 tail_gpu_groups=0 tail_gpu_refs=0 planned_ssd_groups=230 est_gpu=29085.0 est_ane=6320.8 est_idle=78.27% wall=281.465 ms actual_ane_groups=37 actual_ane_refs=33805 actual_gpu_groups=0 actual_gpu_refs=0 finishes=37 waits=74 overlap_gpu_groups=193
ds4: Flash-MoE prefill layer=34 tokens=8423 unique=225 refs=50538 sync=7.258 ms plan=0.402 ms stage/compute=289.599 ms misses=225
ds4: Flash-MoE hybrid prefill layer=34 ane_groups=34 ane_refs=33980 gpu_i8_groups=0 gpu_i8_refs=0 fp32_groups=0 ane_min_refs=256 concurrent=1 ane_pipeline=1 output_queue=4 async_ane=34 gpu_overlap=191 finishes=34 waits=68
ds4: Flash-MoE overlap plan layer=34 exec_groups=225 planned_ane_groups=34 planned_ane_refs=33980 planned_gpu_groups=191 planned_gpu_refs=16558 tail_gpu_groups=0 tail_gpu_refs=0 planned_ssd_groups=225 est_gpu=28782.0 est_ane=5835.6 est_idle=79.72% wall=288.388 ms actual_ane_groups=34 actual_ane_refs=33980 actual_gpu_groups=0 actual_gpu_refs=0 finishes=34 waits=68 overlap_gpu_groups=191
ds4: Flash-MoE prefill layer=35 tokens=8423 unique=239 refs=50538 sync=7.225 ms plan=0.418 ms stage/compute=295.438 ms misses=239
ds4: Flash-MoE hybrid prefill layer=35 ane_groups=40 ane_refs=32580 gpu_i8_groups=0 gpu_i8_refs=0 fp32_groups=0 ane_min_refs=256 concurrent=1 ane_pipeline=1 output_queue=4 async_ane=40 gpu_overlap=199 finishes=40 waits=80
ds4: Flash-MoE overlap plan layer=35 exec_groups=239 planned_ane_groups=40 planned_ane_refs=32580 planned_gpu_groups=199 planned_gpu_refs=17958 tail_gpu_groups=0 tail_gpu_refs=0 planned_ssd_groups=239 est_gpu=30694.0 est_ane=6790.5 est_idle=77.88% wall=293.886 ms actual_ane_groups=40 actual_ane_refs=32580 actual_gpu_groups=0 actual_gpu_refs=0 finishes=40 waits=80 overlap_gpu_groups=199
ds4: Flash-MoE prefill layer=36 tokens=8423 unique=221 refs=50538 sync=7.279 ms plan=0.369 ms stage/compute=281.633 ms misses=221
ds4: Flash-MoE hybrid prefill layer=36 ane_groups=36 ane_refs=35701 gpu_i8_groups=0 gpu_i8_refs=0 fp32_groups=0 ane_min_refs=256 concurrent=1 ane_pipeline=1 output_queue=4 async_ane=36 gpu_overlap=185 finishes=36 waits=72
ds4: Flash-MoE overlap plan layer=36 exec_groups=221 planned_ane_groups=36 planned_ane_refs=35701 planned_gpu_groups=185 planned_gpu_refs=14837 tail_gpu_groups=0 tail_gpu_refs=0 planned_ssd_groups=221 est_gpu=26677.0 est_ane=6176.3 est_idle=76.85% wall=280.346 ms actual_ane_groups=36 actual_ane_refs=35701 actual_gpu_groups=0 actual_gpu_refs=0 finishes=36 waits=72 overlap_gpu_groups=185
ds4: Flash-MoE prefill layer=37 tokens=8423 unique=228 refs=50538 sync=7.242 ms plan=0.438 ms stage/compute=289.711 ms misses=228
ds4: Flash-MoE hybrid prefill layer=37 ane_groups=41 ane_refs=34314 gpu_i8_groups=0 gpu_i8_refs=0 fp32_groups=0 ane_min_refs=256 concurrent=1 ane_pipeline=1 output_queue=4 async_ane=41 gpu_overlap=187 finishes=41 waits=82
ds4: Flash-MoE overlap plan layer=37 exec_groups=228 planned_ane_groups=41 planned_ane_refs=34314 planned_gpu_groups=187 planned_gpu_refs=16224 tail_gpu_groups=0 tail_gpu_refs=0 planned_ssd_groups=228 est_gpu=28192.0 est_ane=6960.8 est_idle=75.31% wall=288.367 ms actual_ane_groups=41 actual_ane_refs=34314 actual_gpu_groups=0 actual_gpu_refs=0 finishes=41 waits=82 overlap_gpu_groups=187
ds4: Flash-MoE prefill layer=38 tokens=8423 unique=233 refs=50538 sync=7.230 ms plan=0.360 ms stage/compute=272.137 ms misses=233
ds4: Flash-MoE hybrid prefill layer=38 ane_groups=40 ane_refs=33086 gpu_i8_groups=0 gpu_i8_refs=0 fp32_groups=0 ane_min_refs=256 concurrent=1 ane_pipeline=1 output_queue=4 async_ane=40 gpu_overlap=193 finishes=40 waits=80
ds4: Flash-MoE overlap plan layer=38 exec_groups=233 planned_ane_groups=40 planned_ane_refs=33086 planned_gpu_groups=193 planned_gpu_refs=17452 tail_gpu_groups=0 tail_gpu_refs=0 planned_ssd_groups=233 est_gpu=29804.0 est_ane=6782.7 est_idle=77.24% wall=270.924 ms actual_ane_groups=40 actual_ane_refs=33086 actual_gpu_groups=0 actual_gpu_refs=0 finishes=40 waits=80 overlap_gpu_groups=193
ds4: Flash-MoE prefill layer=39 tokens=8423 unique=242 refs=50538 sync=7.250 ms plan=0.360 ms stage/compute=280.810 ms misses=242
ds4: Flash-MoE hybrid prefill layer=39 ane_groups=44 ane_refs=30755 gpu_i8_groups=0 gpu_i8_refs=0 fp32_groups=0 ane_min_refs=256 concurrent=1 ane_pipeline=1 output_queue=4 async_ane=44 gpu_overlap=198 finishes=44 waits=88
ds4: Flash-MoE overlap plan layer=39 exec_groups=242 planned_ane_groups=44 planned_ane_refs=30755 planned_gpu_groups=198 planned_gpu_refs=19783 tail_gpu_groups=0 tail_gpu_refs=0 planned_ssd_groups=242 est_gpu=32455.0 est_ane=7414.9 est_idle=77.15% wall=279.405 ms actual_ane_groups=44 actual_ane_refs=30755 actual_gpu_groups=0 actual_gpu_refs=0 finishes=44 waits=88 overlap_gpu_groups=198
ds4: Flash-MoE prefill layer=40 tokens=8423 unique=216 refs=50538 sync=7.257 ms plan=0.360 ms stage/compute=297.499 ms misses=216
ds4: Flash-MoE hybrid prefill layer=40 ane_groups=39 ane_refs=35253 gpu_i8_groups=0 gpu_i8_refs=0 fp32_groups=0 ane_min_refs=256 concurrent=1 ane_pipeline=1 output_queue=4 async_ane=39 gpu_overlap=177 finishes=39 waits=78
ds4: Flash-MoE overlap plan layer=40 exec_groups=216 planned_ane_groups=39 planned_ane_refs=35253 planned_gpu_groups=177 planned_gpu_refs=15285 tail_gpu_groups=0 tail_gpu_refs=0 planned_ssd_groups=216 est_gpu=26613.0 est_ane=6648.6 est_idle=75.02% wall=296.151 ms actual_ane_groups=39 actual_ane_refs=35253 actual_gpu_groups=0 actual_gpu_refs=0 finishes=39 waits=78 overlap_gpu_groups=177
ds4: Flash-MoE prefill layer=41 tokens=8423 unique=231 refs=50538 sync=7.272 ms plan=0.403 ms stage/compute=272.437 ms misses=231
ds4: Flash-MoE hybrid prefill layer=41 ane_groups=49 ane_refs=31085 gpu_i8_groups=0 gpu_i8_refs=0 fp32_groups=0 ane_min_refs=256 concurrent=1 ane_pipeline=1 output_queue=4 async_ane=49 gpu_overlap=182 finishes=49 waits=98
ds4: Flash-MoE overlap plan layer=41 exec_groups=231 planned_ane_groups=49 planned_ane_refs=31085 planned_gpu_groups=182 planned_gpu_refs=19453 tail_gpu_groups=0 tail_gpu_refs=0 planned_ssd_groups=231 est_gpu=31101.0 est_ane=8235.6 est_idle=73.52% wall=271.117 ms actual_ane_groups=49 actual_ane_refs=31085 actual_gpu_groups=0 actual_gpu_refs=0 finishes=49 waits=98 overlap_gpu_groups=182
ds4: Flash-MoE prefill layer=42 tokens=8423 unique=223 refs=50538 sync=7.269 ms plan=0.377 ms stage/compute=274.507 ms misses=223
ds4: Flash-MoE hybrid prefill layer=42 ane_groups=47 ane_refs=30957 gpu_i8_groups=0 gpu_i8_refs=0 fp32_groups=0 ane_min_refs=256 concurrent=1 ane_pipeline=1 output_queue=4 async_ane=47 gpu_overlap=176 finishes=47 waits=94
ds4: Flash-MoE overlap plan layer=42 exec_groups=223 planned_ane_groups=47 planned_ane_refs=30957 planned_gpu_groups=176 planned_gpu_refs=19581 tail_gpu_groups=0 tail_gpu_refs=0 planned_ssd_groups=223 est_gpu=30845.0 est_ane=7900.1 est_idle=74.39% wall=273.309 ms actual_ane_groups=47 actual_ane_refs=30957 actual_gpu_groups=0 actual_gpu_refs=0 finishes=47 waits=94 overlap_gpu_groups=176
ds4: metal layer-major prefill total tokens=8423 encode=12679.615 ms execute=9254.237 ms read=0.037 ms total=21933.901 ms
ds4: prefill full: 8423 tokens in 22235.1 ms (378.8 t/s)
We
ds4: ----------------------------------------
ds4: prefill: 378.79 t/s, generation: 1.28 t/s
ds4: Flash-MoE slot-bank stats hits=0 misses=10338 hit-rate=0.0% resident-slots=258/4128 (6.2%, avg=6.0/layer min=6 max=6 of 96) installed=69781.50 MiB
ds4: Flash-MoE decode prefetch calls=43 loads=258 bytes=1741.50 MiB pread=151.357 ms upload=103.825 ms overlap-flushes=43
ds4: Flash-MoE prefill dedup refs=2173134 unique=10080 saved=2163054 (99.5%) reuse=215.59x
ds4: Flash-MoE prefill stage stats calls=10080 bytes=68040.00 MiB pread=3535.096 ms upload=1290.815 ms gate=401.480 ms up=404.213 ms down=485.122 ms scatter=15.972 ms stage_rate=14098.89 MiB/s pread_rate=19247.00 MiB/s upload_rate=52710.88 MiB/s
ds4: Flash-MoE prefill pread issue stats span=21660.693 ms active=16.32% span_rate=3141.17 MiB/s issue_gap=18619.086 ms post_stage_gap=9854.873 ms same_layer_issue=8637.685 ms same_layer_post=4.787 ms cross_layer_issue=9981.401 ms cross_layer_post=9850.086 ms max_issue=334.930 ms max_post=326.766 ms issue_gaps=8728 post_gaps=48 issue_gt1=1440 issue_gt5=258 issue_gt20=77 post_gt1=43 post_gt5=42 post_gt20=42
ds4: Flash-MoE prefill pread bucket le16 calls=2014 refs=13160 bytes=13594.50 MiB pread=715.252 ms issue_gap=393.664 ms post_stage_gap=3.019 ms pread_rate=19006.59 MiB/s
ds4: Flash-MoE prefill pread bucket le32 calls=907 refs=21814 bytes=6122.25 MiB pread=219.429 ms issue_gap=392.292 ms post_stage_gap=0.000 ms pread_rate=27900.82 MiB/s
ds4: Flash-MoE prefill pread bucket le64 calls=1190 refs=55830 bytes=8032.50 MiB pread=297.095 ms issue_gap=578.610 ms post_stage_gap=0.000 ms pread_rate=27036.81 MiB/s
ds4: Flash-MoE prefill pread bucket le128 calls=1579 refs=149387 bytes=10658.25 MiB pread=479.424 ms issue_gap=1062.372 ms post_stage_gap=0.000 ms pread_rate=22231.37 MiB/s
ds4: Flash-MoE prefill pread bucket le256 calls=1951 refs=362308 bytes=13169.25 MiB pread=803.691 ms issue_gap=3833.690 ms post_stage_gap=0.000 ms pread_rate=16385.96 MiB/s
ds4: Flash-MoE prefill pread bucket le512 calls=1410 refs=502746 bytes=9517.50 MiB pread=542.297 ms issue_gap=1982.360 ms post_stage_gap=0.000 ms pread_rate=17550.35 MiB/s
ds4: Flash-MoE prefill pread bucket gt512 calls=1029 refs=1067889 bytes=6945.75 MiB pread=477.908 ms issue_gap=10376.098 ms post_stage_gap=9851.854 ms pread_rate=14533.66 MiB/s
ds4: ANE prefill stats calls=1872 ok=1872 skipped_big_refs=0 compile_attempts=1 compile_failures=0 eval_calls=6160 eval_failures=0 write_failures=0 reopen_failures=0
ds4: ANE prefill timing dequant=15.453 ms input=0.923 ms ane_eval=30036.955 ms ane_eval_a=30036.955 ms ane_eval_b=0.000 ms ane_eval_c=0.000 ms ane_eval_d=0.000 ms ane_wall_est=30036.955 ms writeback=9.716 ms helper_avg=4.876129 ms ane_calls=6160 ane_call_avg=4.876129 ms
ds4: ANE prefill timing2 output_pack=9.106 ms measured_total=30072.153 ms
ds4: ANE prefill timing3 dequant_wait=1393.469 ms post_wait=0.000 ms x_zero=34.672 ms x_copy=115.542 ms out_zero=366.889 ms out_f16_copy=239.038 ms output_convert=9.106 ms output_gpu_encode=9.106 ms output_chunks=1872 output_elems=5324734464 output_convert_rate=584.750 Gelem/s
ds4: ANE prefill timing4 wait_predict=0.000 ms finish_join_ane=2982.637 ms finish_join_post=0.000 ms wait_predict_calls=0 finish_calls=1872
ds4: ANE prefill chunks refs=1299984 padded_refs=1576960 pad_util=82.44% le16=180 le64=487 le128=480 full=4303
ds4: ANE prefill batch_hist B256=6160 refs=1299984 util=82.4%
