ds4: warning: raw KV cap limits Metal prefill chunk (prefill_chunk=10000, raw_kv_rows=8704, raw_window=128, effective_chunk=8576; target raw cap for one chunk is 10240, also requires ctx >= that value)
ds4: context buffers 1053.29 MiB (ctx=10000, backend=metal, prefill_chunk=10000, raw_kv_rows=8704, compressed_kv_rows=2502)
ds4: Flash-MoE sidecar loaded: /Users/anemll/Models/flash/dsv4-iq2xxs-expert-major (slot-bank=96, expert-record 6.75 MiB)
ds4: Metal device Apple M5 Max, 128.00 GiB RAM
ds4: Flash-MoE using mmap-backed dense/shared weights without full-model Metal residency warmup
ds4: Metal model views created in 0.308 ms, residency requested in 0.000 ms, warmup 0.000 ms (mapped 8393.67 MiB from offset 5.06 MiB)
ds4: Metal mapped mmaped model as 1 overlapping shared buffers
ds4: metal backend initialized for graph diagnostics
ds4: prefill routed-MoE (requested): mul_mm_id (grouped GPU / ALU)  [grouped path]
ds4: prefill quant scales (ANE env first): w_qscale=512 x_qscale=32 mid_qscale=32 w_scale=0.00195312 x_scale=0.03125 mid_scale=0.03125
ds4: prefill ctx-grow: on, block=2048 tokens
ds4: prefill chunk cap: 16384, graph_raw_cap=8704
ds4: Flash-MoE slot banks allocated: layers=43 slots=96 gpu-bank=27864.00 MiB
ds4: prefill compute: routed experts = ANE i8i8 (W8A8) | dense proj = fp16-NAX (half x half)
ds4: prefill I/O: io-split=4 async-pread=on pread-threads=4 readahead=12 bank-prefetch=3 xlayer=auto<=6k-tok topk=48
ds4: decode  I/O: io-split=4 temporal-prefetch=on slots=96
ds4: Flash-MoE banked kernels using M5 simdgroup_matrix fast path (prefetch=3, banks=4)
ds4: WARNING: prefill chunk 10000 clamped to 8576 by raw-KV cap (raw_cap=8704, window=128). Set DS4_METAL_GRAPH_RAW_CAP >= 10128 (window + chunk) — or unset it to auto-size — to honor the chunk.
ds4: prefill chunk cap EFFECTIVE=8576 tokens (DS4_METAL_PREFILL_CHUNK=16384), CLAMPED by raw-KV-cap (ctx-grow) (resident-NAX tiles this by scratch_cap; that tile gates the sync bridge)
ds4: ANE i8w-i8x-tiled-fused cached async prefill B=256 H=4096 I=2048 w_scale=0.00195312 x_scale=0.03125 mid_scale=0.03125
ds4: Flash-MoE prefill layer=0 tokens=8423 unique=256 refs=50538 sync=14.119 ms plan=0.540 ms stage/compute=271.529 ms misses=256
ds4: Flash-MoE hybrid prefill layer=0 ane_groups=124 ane_refs=29318 gpu_i8_groups=0 gpu_i8_refs=0 fp32_groups=0 ane_min_refs=128 concurrent=1 ane_pipeline=1 output_queue=4 async_ane=124 gpu_overlap=132 finishes=124 waits=248
ds4: Flash-MoE overlap plan layer=0 exec_groups=256 planned_ane_groups=124 planned_ane_refs=29318 planned_gpu_groups=132 planned_gpu_refs=21220 tail_gpu_groups=0 tail_gpu_refs=0 planned_ssd_groups=256 est_gpu=29668.0 est_ane=20266.7 est_idle=31.69% wall=264.553 ms actual_ane_groups=124 actual_ane_refs=29318 actual_gpu_groups=0 actual_gpu_refs=0 finishes=124 waits=248 overlap_gpu_groups=132
ds4: Flash-MoE prefill layer=1 tokens=8423 unique=256 refs=50538 sync=6.761 ms plan=0.331 ms stage/compute=251.491 ms misses=256
ds4: Flash-MoE hybrid prefill layer=1 ane_groups=123 ane_refs=29395 gpu_i8_groups=0 gpu_i8_refs=0 fp32_groups=0 ane_min_refs=128 concurrent=1 ane_pipeline=1 output_queue=4 async_ane=123 gpu_overlap=133 finishes=123 waits=246
ds4: Flash-MoE overlap plan layer=1 exec_groups=256 planned_ane_groups=123 planned_ane_refs=29395 planned_gpu_groups=133 planned_gpu_refs=21143 tail_gpu_groups=0 tail_gpu_refs=0 planned_ssd_groups=256 est_gpu=29655.0 est_ane=20106.7 est_idle=32.20% wall=250.093 ms actual_ane_groups=123 actual_ane_refs=29395 actual_gpu_groups=0 actual_gpu_refs=0 finishes=123 waits=246 overlap_gpu_groups=133
ds4: Flash-MoE prefill layer=2 tokens=8423 unique=256 refs=50538 sync=6.752 ms plan=0.358 ms stage/compute=252.750 ms misses=256
ds4: Flash-MoE hybrid prefill layer=2 ane_groups=117 ane_refs=28767 gpu_i8_groups=0 gpu_i8_refs=0 fp32_groups=0 ane_min_refs=128 concurrent=1 ane_pipeline=1 output_queue=4 async_ane=117 gpu_overlap=139 finishes=117 waits=234
ds4: Flash-MoE overlap plan layer=2 exec_groups=256 planned_ane_groups=117 planned_ane_refs=28767 planned_gpu_groups=139 planned_gpu_refs=21771 tail_gpu_groups=0 tail_gpu_refs=0 planned_ssd_groups=256 est_gpu=30667.0 est_ane=19141.5 est_idle=37.58% wall=250.826 ms actual_ane_groups=117 actual_ane_refs=28767 actual_gpu_groups=0 actual_gpu_refs=0 finishes=117 waits=234 overlap_gpu_groups=139
ds4: Flash-MoE prefill layer=3 tokens=8423 unique=249 refs=50538 sync=7.817 ms plan=0.325 ms stage/compute=273.653 ms misses=249
ds4: Flash-MoE hybrid prefill layer=3 ane_groups=89 ane_refs=32699 gpu_i8_groups=0 gpu_i8_refs=0 fp32_groups=0 ane_min_refs=128 concurrent=1 ane_pipeline=1 output_queue=4 async_ane=89 gpu_overlap=160 finishes=89 waits=178
ds4: Flash-MoE overlap plan layer=3 exec_groups=249 planned_ane_groups=89 planned_ane_refs=32699 planned_gpu_groups=160 planned_gpu_refs=17839 tail_gpu_groups=0 tail_gpu_refs=0 planned_ssd_groups=249 est_gpu=28079.0 est_ane=14682.2 est_idle=47.71% wall=272.333 ms actual_ane_groups=89 actual_ane_refs=32699 actual_gpu_groups=0 actual_gpu_refs=0 finishes=89 waits=178 overlap_gpu_groups=160
ds4: Flash-MoE prefill layer=4 tokens=8423 unique=239 refs=50538 sync=7.208 ms plan=0.340 ms stage/compute=270.548 ms misses=239
ds4: Flash-MoE hybrid prefill layer=4 ane_groups=78 ane_refs=34494 gpu_i8_groups=0 gpu_i8_refs=0 fp32_groups=0 ane_min_refs=128 concurrent=1 ane_pipeline=1 output_queue=4 async_ane=78 gpu_overlap=161 finishes=78 waits=156
ds4: Flash-MoE overlap plan layer=4 exec_groups=239 planned_ane_groups=78 planned_ane_refs=34494 planned_gpu_groups=161 planned_gpu_refs=16044 tail_gpu_groups=0 tail_gpu_refs=0 planned_ssd_groups=239 est_gpu=26348.0 est_ane=12919.6 est_idle=50.97% wall=269.313 ms actual_ane_groups=78 actual_ane_refs=34494 actual_gpu_groups=0 actual_gpu_refs=0 finishes=78 waits=156 overlap_gpu_groups=161
ds4: Flash-MoE prefill layer=5 tokens=8423 unique=251 refs=50538 sync=7.241 ms plan=0.355 ms stage/compute=286.101 ms misses=251
ds4: Flash-MoE hybrid prefill layer=5 ane_groups=76 ane_refs=32507 gpu_i8_groups=0 gpu_i8_refs=0 fp32_groups=0 ane_min_refs=128 concurrent=1 ane_pipeline=1 output_queue=4 async_ane=76 gpu_overlap=175 finishes=76 waits=152
ds4: Flash-MoE overlap plan layer=5 exec_groups=251 planned_ane_groups=76 planned_ane_refs=32507 planned_gpu_groups=175 planned_gpu_refs=18031 tail_gpu_groups=0 tail_gpu_refs=0 planned_ssd_groups=251 est_gpu=29231.0 est_ane=12578.9 est_idle=56.97% wall=284.562 ms actual_ane_groups=76 actual_ane_refs=32507 actual_gpu_groups=0 actual_gpu_refs=0 finishes=76 waits=152 overlap_gpu_groups=175
ds4: Flash-MoE prefill layer=6 tokens=8423 unique=241 refs=50538 sync=7.269 ms plan=0.336 ms stage/compute=270.782 ms misses=241
ds4: Flash-MoE hybrid prefill layer=6 ane_groups=76 ane_refs=34570 gpu_i8_groups=0 gpu_i8_refs=0 fp32_groups=0 ane_min_refs=128 concurrent=1 ane_pipeline=1 output_queue=4 async_ane=76 gpu_overlap=165 finishes=76 waits=152
ds4: Flash-MoE overlap plan layer=6 exec_groups=241 planned_ane_groups=76 planned_ane_refs=34570 planned_gpu_groups=165 planned_gpu_refs=15968 tail_gpu_groups=0 tail_gpu_refs=0 planned_ssd_groups=241 est_gpu=26528.0 est_ane=12589.3 est_idle=52.54% wall=269.471 ms actual_ane_groups=76 actual_ane_refs=34570 actual_gpu_groups=0 actual_gpu_refs=0 finishes=76 waits=152 overlap_gpu_groups=165
ds4: Flash-MoE prefill layer=7 tokens=8423 unique=246 refs=50538 sync=7.191 ms plan=0.338 ms stage/compute=277.871 ms misses=246
ds4: Flash-MoE hybrid prefill layer=7 ane_groups=67 ane_refs=34316 gpu_i8_groups=0 gpu_i8_refs=0 fp32_groups=0 ane_min_refs=128 concurrent=1 ane_pipeline=1 output_queue=4 async_ane=67 gpu_overlap=179 finishes=67 waits=134
ds4: Flash-MoE overlap plan layer=7 exec_groups=246 planned_ane_groups=67 planned_ane_refs=34316 planned_gpu_groups=179 planned_gpu_refs=16222 tail_gpu_groups=0 tail_gpu_refs=0 planned_ssd_groups=246 est_gpu=27678.0 est_ane=11138.9 est_idle=59.76% wall=276.293 ms actual_ane_groups=67 actual_ane_refs=34316 actual_gpu_groups=0 actual_gpu_refs=0 finishes=67 waits=134 overlap_gpu_groups=179
ds4: Flash-MoE prefill layer=8 tokens=8423 unique=243 refs=50538 sync=7.298 ms plan=0.344 ms stage/compute=279.072 ms misses=243
ds4: Flash-MoE hybrid prefill layer=8 ane_groups=69 ane_refs=34954 gpu_i8_groups=0 gpu_i8_refs=0 fp32_groups=0 ane_min_refs=128 concurrent=1 ane_pipeline=1 output_queue=4 async_ane=69 gpu_overlap=174 finishes=69 waits=138
ds4: Flash-MoE overlap plan layer=8 exec_groups=243 planned_ane_groups=69 planned_ane_refs=34954 planned_gpu_groups=174 planned_gpu_refs=15584 tail_gpu_groups=0 tail_gpu_refs=0 planned_ssd_groups=243 est_gpu=26720.0 est_ane=11477.0 est_idle=57.05% wall=277.807 ms actual_ane_groups=69 actual_ane_refs=34954 actual_gpu_groups=0 actual_gpu_refs=0 finishes=69 waits=138 overlap_gpu_groups=174
ds4: Flash-MoE prefill layer=9 tokens=8423 unique=248 refs=50538 sync=7.247 ms plan=0.331 ms stage/compute=273.957 ms misses=248
ds4: Flash-MoE hybrid prefill layer=9 ane_groups=80 ane_refs=33142 gpu_i8_groups=0 gpu_i8_refs=0 fp32_groups=0 ane_min_refs=128 concurrent=1 ane_pipeline=1 output_queue=4 async_ane=80 gpu_overlap=168 finishes=80 waits=160
ds4: Flash-MoE overlap plan layer=9 exec_groups=248 planned_ane_groups=80 planned_ane_refs=33142 planned_gpu_groups=168 planned_gpu_refs=17396 tail_gpu_groups=0 tail_gpu_refs=0 planned_ssd_groups=248 est_gpu=28148.0 est_ane=13229.3 est_idle=53.00% wall=272.570 ms actual_ane_groups=80 actual_ane_refs=33142 actual_gpu_groups=0 actual_gpu_refs=0 finishes=80 waits=160 overlap_gpu_groups=168
ds4: Flash-MoE prefill layer=10 tokens=8423 unique=238 refs=50538 sync=7.208 ms plan=0.387 ms stage/compute=270.051 ms misses=238
ds4: Flash-MoE hybrid prefill layer=10 ane_groups=73 ane_refs=33706 gpu_i8_groups=0 gpu_i8_refs=0 fp32_groups=0 ane_min_refs=128 concurrent=1 ane_pipeline=1 output_queue=4 async_ane=73 gpu_overlap=165 finishes=73 waits=146
ds4: Flash-MoE overlap plan layer=10 exec_groups=238 planned_ane_groups=73 planned_ane_refs=33706 planned_gpu_groups=165 planned_gpu_refs=16832 tail_gpu_groups=0 tail_gpu_refs=0 planned_ssd_groups=238 est_gpu=27392.0 est_ane=12109.3 est_idle=55.79% wall=268.652 ms actual_ane_groups=73 actual_ane_refs=33706 actual_gpu_groups=0 actual_gpu_refs=0 finishes=73 waits=146 overlap_gpu_groups=165
ds4: Flash-MoE prefill layer=11 tokens=8423 unique=246 refs=50538 sync=7.327 ms plan=0.351 ms stage/compute=272.697 ms misses=246
ds4: Flash-MoE hybrid prefill layer=11 ane_groups=79 ane_refs=33837 gpu_i8_groups=0 gpu_i8_refs=0 fp32_groups=0 ane_min_refs=128 concurrent=1 ane_pipeline=1 output_queue=4 async_ane=79 gpu_overlap=167 finishes=79 waits=158
ds4: Flash-MoE overlap plan layer=11 exec_groups=246 planned_ane_groups=79 planned_ane_refs=33837 planned_gpu_groups=167 planned_gpu_refs=16701 tail_gpu_groups=0 tail_gpu_refs=0 planned_ssd_groups=246 est_gpu=27389.0 est_ane=13077.0 est_idle=52.25% wall=271.271 ms actual_ane_groups=79 actual_ane_refs=33837 actual_gpu_groups=0 actual_gpu_refs=0 finishes=79 waits=158 overlap_gpu_groups=167
ds4: Flash-MoE prefill layer=12 tokens=8423 unique=231 refs=50538 sync=7.225 ms plan=0.409 ms stage/compute=253.362 ms misses=231
ds4: Flash-MoE hybrid prefill layer=12 ane_groups=70 ane_refs=35505 gpu_i8_groups=0 gpu_i8_refs=0 fp32_groups=0 ane_min_refs=128 concurrent=1 ane_pipeline=1 output_queue=4 async_ane=70 gpu_overlap=161 finishes=70 waits=140
ds4: Flash-MoE overlap plan layer=12 exec_groups=231 planned_ane_groups=70 planned_ane_refs=35505 planned_gpu_groups=161 planned_gpu_refs=15033 tail_gpu_groups=0 tail_gpu_refs=0 planned_ssd_groups=231 est_gpu=25337.0 est_ane=11639.6 est_idle=54.06% wall=252.051 ms actual_ane_groups=70 actual_ane_refs=35505 actual_gpu_groups=0 actual_gpu_refs=0 finishes=70 waits=140 overlap_gpu_groups=161
ds4: Flash-MoE prefill layer=13 tokens=8423 unique=238 refs=50538 sync=7.250 ms plan=0.403 ms stage/compute=278.802 ms misses=238
ds4: Flash-MoE hybrid prefill layer=13 ane_groups=62 ane_refs=36680 gpu_i8_groups=0 gpu_i8_refs=0 fp32_groups=0 ane_min_refs=128 concurrent=1 ane_pipeline=1 output_queue=4 async_ane=62 gpu_overlap=176 finishes=62 waits=124
ds4: Flash-MoE overlap plan layer=13 exec_groups=238 planned_ane_groups=62 planned_ane_refs=36680 planned_gpu_groups=176 planned_gpu_refs=13858 tail_gpu_groups=0 tail_gpu_refs=0 planned_ssd_groups=238 est_gpu=25122.0 est_ane=10367.4 est_idle=58.73% wall=277.444 ms actual_ane_groups=62 actual_ane_refs=36680 actual_gpu_groups=0 actual_gpu_refs=0 finishes=62 waits=124 overlap_gpu_groups=176
ds4: Flash-MoE prefill layer=14 tokens=8423 unique=228 refs=50538 sync=7.283 ms plan=0.318 ms stage/compute=265.481 ms misses=228
ds4: Flash-MoE hybrid prefill layer=14 ane_groups=58 ane_refs=37461 gpu_i8_groups=0 gpu_i8_refs=0 fp32_groups=0 ane_min_refs=128 concurrent=1 ane_pipeline=1 output_queue=4 async_ane=58 gpu_overlap=170 finishes=58 waits=116
ds4: Flash-MoE overlap plan layer=14 exec_groups=228 planned_ane_groups=58 planned_ane_refs=37461 planned_gpu_groups=170 planned_gpu_refs=13077 tail_gpu_groups=0 tail_gpu_refs=0 planned_ssd_groups=228 est_gpu=23957.0 est_ane=9729.9 est_idle=59.39% wall=264.219 ms actual_ane_groups=58 actual_ane_refs=37461 actual_gpu_groups=0 actual_gpu_refs=0 finishes=58 waits=116 overlap_gpu_groups=170
ds4: Flash-MoE prefill layer=15 tokens=8423 unique=223 refs=50538 sync=7.516 ms plan=0.409 ms stage/compute=266.449 ms misses=223
ds4: Flash-MoE hybrid prefill layer=15 ane_groups=57 ane_refs=38084 gpu_i8_groups=0 gpu_i8_refs=0 fp32_groups=0 ane_min_refs=128 concurrent=1 ane_pipeline=1 output_queue=4 async_ane=57 gpu_overlap=166 finishes=57 waits=114
ds4: Flash-MoE overlap plan layer=15 exec_groups=223 planned_ane_groups=57 planned_ane_refs=38084 planned_gpu_groups=166 planned_gpu_refs=12454 tail_gpu_groups=0 tail_gpu_refs=0 planned_ssd_groups=223 est_gpu=23078.0 est_ane=9577.7 est_idle=58.50% wall=265.049 ms actual_ane_groups=57 actual_ane_refs=38084 actual_gpu_groups=0 actual_gpu_refs=0 finishes=57 waits=114 overlap_gpu_groups=166
ds4: Flash-MoE prefill layer=16 tokens=8423 unique=209 refs=50538 sync=7.212 ms plan=0.336 ms stage/compute=268.221 ms misses=209
ds4: Flash-MoE hybrid prefill layer=16 ane_groups=58 ane_refs=37427 gpu_i8_groups=0 gpu_i8_refs=0 fp32_groups=0 ane_min_refs=128 concurrent=1 ane_pipeline=1 output_queue=4 async_ane=58 gpu_overlap=151 finishes=58 waits=116
ds4: Flash-MoE overlap plan layer=16 exec_groups=209 planned_ane_groups=58 planned_ane_refs=37427 planned_gpu_groups=151 planned_gpu_refs=13111 tail_gpu_groups=0 tail_gpu_refs=0 planned_ssd_groups=209 est_gpu=22775.0 est_ane=9717.0 est_idle=57.33% wall=266.954 ms actual_ane_groups=58 actual_ane_refs=37427 actual_gpu_groups=0 actual_gpu_refs=0 finishes=58 waits=116 overlap_gpu_groups=151
ds4: Flash-MoE prefill layer=17 tokens=8423 unique=216 refs=50538 sync=7.317 ms plan=0.331 ms stage/compute=277.144 ms misses=216
ds4: Flash-MoE hybrid prefill layer=17 ane_groups=58 ane_refs=37002 gpu_i8_groups=0 gpu_i8_refs=0 fp32_groups=0 ane_min_refs=128 concurrent=1 ane_pipeline=1 output_queue=4 async_ane=58 gpu_overlap=158 finishes=58 waits=116
ds4: Flash-MoE overlap plan layer=17 exec_groups=216 planned_ane_groups=58 planned_ane_refs=37002 planned_gpu_groups=158 planned_gpu_refs=13536 tail_gpu_groups=0 tail_gpu_refs=0 planned_ssd_groups=216 est_gpu=23648.0 est_ane=9732.5 est_idle=58.84% wall=275.875 ms actual_ane_groups=58 actual_ane_refs=37002 actual_gpu_groups=0 actual_gpu_refs=0 finishes=58 waits=116 overlap_gpu_groups=158
ds4: Flash-MoE prefill layer=18 tokens=8423 unique=221 refs=50538 sync=7.268 ms plan=0.305 ms stage/compute=282.254 ms misses=221
ds4: Flash-MoE hybrid prefill layer=18 ane_groups=61 ane_refs=37229 gpu_i8_groups=0 gpu_i8_refs=0 fp32_groups=0 ane_min_refs=128 concurrent=1 ane_pipeline=1 output_queue=4 async_ane=61 gpu_overlap=160 finishes=61 waits=122
ds4: Flash-MoE overlap plan layer=18 exec_groups=221 planned_ane_groups=61 planned_ane_refs=37229 planned_gpu_groups=160 planned_gpu_refs=13309 tail_gpu_groups=0 tail_gpu_refs=0 planned_ssd_groups=221 est_gpu=23549.0 est_ane=10209.9 est_idle=56.64% wall=280.971 ms actual_ane_groups=61 actual_ane_refs=37229 actual_gpu_groups=0 actual_gpu_refs=0 finishes=61 waits=122 overlap_gpu_groups=160
ds4: Flash-MoE prefill layer=19 tokens=8423 unique=241 refs=50538 sync=7.258 ms plan=0.320 ms stage/compute=255.599 ms misses=241
ds4: Flash-MoE hybrid prefill layer=19 ane_groups=90 ane_refs=32826 gpu_i8_groups=0 gpu_i8_refs=0 fp32_groups=0 ane_min_refs=128 concurrent=1 ane_pipeline=1 output_queue=4 async_ane=90 gpu_overlap=151 finishes=90 waits=180
ds4: Flash-MoE overlap plan layer=19 exec_groups=241 planned_ane_groups=90 planned_ane_refs=32826 planned_gpu_groups=151 planned_gpu_refs=17712 tail_gpu_groups=0 tail_gpu_refs=0 planned_ssd_groups=241 est_gpu=27376.0 est_ane=14844.8 est_idle=45.77% wall=254.259 ms actual_ane_groups=90 actual_ane_refs=32826 actual_gpu_groups=0 actual_gpu_refs=0 finishes=90 waits=180 overlap_gpu_groups=151
ds4: Flash-MoE prefill layer=20 tokens=8423 unique=222 refs=50538 sync=7.249 ms plan=0.341 ms stage/compute=282.057 ms misses=222
ds4: Flash-MoE hybrid prefill layer=20 ane_groups=57 ane_refs=37018 gpu_i8_groups=0 gpu_i8_refs=0 fp32_groups=0 ane_min_refs=128 concurrent=1 ane_pipeline=1 output_queue=4 async_ane=57 gpu_overlap=165 finishes=57 waits=114
ds4: Flash-MoE overlap plan layer=20 exec_groups=222 planned_ane_groups=57 planned_ane_refs=37018 planned_gpu_groups=165 planned_gpu_refs=13520 tail_gpu_groups=0 tail_gpu_refs=0 planned_ssd_groups=222 est_gpu=24080.0 est_ane=9557.0 est_idle=60.31% wall=280.506 ms actual_ane_groups=57 actual_ane_refs=37018 actual_gpu_groups=0 actual_gpu_refs=0 finishes=57 waits=114 overlap_gpu_groups=165
ds4: Flash-MoE prefill layer=21 tokens=8423 unique=220 refs=50538 sync=7.234 ms plan=0.341 ms stage/compute=261.568 ms misses=220
ds4: Flash-MoE hybrid prefill layer=21 ane_groups=67 ane_refs=35567 gpu_i8_groups=0 gpu_i8_refs=0 fp32_groups=0 ane_min_refs=128 concurrent=1 ane_pipeline=1 output_queue=4 async_ane=67 gpu_overlap=153 finishes=67 waits=134
ds4: Flash-MoE overlap plan layer=21 exec_groups=220 planned_ane_groups=67 planned_ane_refs=35567 planned_gpu_groups=153 planned_gpu_refs=14971 tail_gpu_groups=0 tail_gpu_refs=0 planned_ssd_groups=220 est_gpu=24763.0 est_ane=11164.8 est_idle=54.91% wall=260.242 ms actual_ane_groups=67 actual_ane_refs=35567 actual_gpu_groups=0 actual_gpu_refs=0 finishes=67 waits=134 overlap_gpu_groups=153
ds4: Flash-MoE prefill layer=22 tokens=8423 unique=229 refs=50538 sync=7.314 ms plan=0.363 ms stage/compute=277.567 ms misses=229
ds4: Flash-MoE hybrid prefill layer=22 ane_groups=64 ane_refs=36167 gpu_i8_groups=0 gpu_i8_refs=0 fp32_groups=0 ane_min_refs=128 concurrent=1 ane_pipeline=1 output_queue=4 async_ane=64 gpu_overlap=165 finishes=64 waits=128
ds4: Flash-MoE overlap plan layer=22 exec_groups=229 planned_ane_groups=64 planned_ane_refs=36167 planned_gpu_groups=165 planned_gpu_refs=14371 tail_gpu_groups=0 tail_gpu_refs=0 planned_ssd_groups=229 est_gpu=24931.0 est_ane=10684.8 est_idle=57.14% wall=276.352 ms actual_ane_groups=64 actual_ane_refs=36167 actual_gpu_groups=0 actual_gpu_refs=0 finishes=64 waits=128 overlap_gpu_groups=165
ds4: Flash-MoE prefill layer=23 tokens=8423 unique=240 refs=50538 sync=7.231 ms plan=0.356 ms stage/compute=255.906 ms misses=240
ds4: Flash-MoE hybrid prefill layer=23 ane_groups=79 ane_refs=34266 gpu_i8_groups=0 gpu_i8_refs=0 fp32_groups=0 ane_min_refs=128 concurrent=1 ane_pipeline=1 output_queue=4 async_ane=79 gpu_overlap=161 finishes=79 waits=158
ds4: Flash-MoE overlap plan layer=23 exec_groups=240 planned_ane_groups=79 planned_ane_refs=34266 planned_gpu_groups=161 planned_gpu_refs=16272 tail_gpu_groups=0 tail_gpu_refs=0 planned_ssd_groups=240 est_gpu=26576.0 est_ane=13074.4 est_idle=50.80% wall=254.389 ms actual_ane_groups=79 actual_ane_refs=34266 actual_gpu_groups=0 actual_gpu_refs=0 finishes=79 waits=158 overlap_gpu_groups=161
ds4: Flash-MoE prefill layer=24 tokens=8423 unique=220 refs=50538 sync=7.369 ms plan=0.302 ms stage/compute=249.340 ms misses=220
ds4: Flash-MoE hybrid prefill layer=24 ane_groups=66 ane_refs=36532 gpu_i8_groups=0 gpu_i8_refs=0 fp32_groups=0 ane_min_refs=128 concurrent=1 ane_pipeline=1 output_queue=4 async_ane=66 gpu_overlap=154 finishes=66 waits=132
ds4: Flash-MoE overlap plan layer=24 exec_groups=220 planned_ane_groups=66 planned_ane_refs=36532 planned_gpu_groups=154 planned_gpu_refs=14006 tail_gpu_groups=0 tail_gpu_refs=0 planned_ssd_groups=220 est_gpu=23862.0 est_ane=11004.8 est_idle=53.88% wall=248.046 ms actual_ane_groups=66 actual_ane_refs=36532 actual_gpu_groups=0 actual_gpu_refs=0 finishes=66 waits=132 overlap_gpu_groups=154
ds4: Flash-MoE prefill layer=25 tokens=8423 unique=234 refs=50538 sync=7.283 ms plan=0.346 ms stage/compute=257.930 ms misses=234
ds4: Flash-MoE hybrid prefill layer=25 ane_groups=72 ane_refs=35700 gpu_i8_groups=0 gpu_i8_refs=0 fp32_groups=0 ane_min_refs=128 concurrent=1 ane_pipeline=1 output_queue=4 async_ane=72 gpu_overlap=162 finishes=72 waits=144
ds4: Flash-MoE overlap plan layer=25 exec_groups=234 planned_ane_groups=72 planned_ane_refs=35700 planned_gpu_groups=162 planned_gpu_refs=14838 tail_gpu_groups=0 tail_gpu_refs=0 planned_ssd_groups=234 est_gpu=25206.0 est_ane=11967.4 est_idle=52.52% wall=256.634 ms actual_ane_groups=72 actual_ane_refs=35700 actual_gpu_groups=0 actual_gpu_refs=0 finishes=72 waits=144 overlap_gpu_groups=162
ds4: Flash-MoE prefill layer=26 tokens=8423 unique=211 refs=50538 sync=7.227 ms plan=0.392 ms stage/compute=280.734 ms misses=211
ds4: Flash-MoE hybrid prefill layer=26 ane_groups=55 ane_refs=38186 gpu_i8_groups=0 gpu_i8_refs=0 fp32_groups=0 ane_min_refs=128 concurrent=1 ane_pipeline=1 output_queue=4 async_ane=55 gpu_overlap=156 finishes=55 waits=110
ds4: Flash-MoE overlap plan layer=26 exec_groups=211 planned_ane_groups=55 planned_ane_refs=38186 planned_gpu_groups=156 planned_gpu_refs=12352 tail_gpu_groups=0 tail_gpu_refs=0 planned_ssd_groups=211 est_gpu=22336.0 est_ane=9249.9 est_idle=58.59% wall=279.401 ms actual_ane_groups=55 actual_ane_refs=38186 actual_gpu_groups=0 actual_gpu_refs=0 finishes=55 waits=110 overlap_gpu_groups=156
ds4: Flash-MoE prefill layer=27 tokens=8423 unique=226 refs=50538 sync=7.303 ms plan=0.307 ms stage/compute=268.030 ms misses=226
ds4: Flash-MoE hybrid prefill layer=27 ane_groups=64 ane_refs=35435 gpu_i8_groups=0 gpu_i8_refs=0 fp32_groups=0 ane_min_refs=128 concurrent=1 ane_pipeline=1 output_queue=4 async_ane=64 gpu_overlap=162 finishes=64 waits=128
ds4: Flash-MoE overlap plan layer=27 exec_groups=226 planned_ane_groups=64 planned_ane_refs=35435 planned_gpu_groups=162 planned_gpu_refs=15103 tail_gpu_groups=0 tail_gpu_refs=0 planned_ssd_groups=226 est_gpu=25471.0 est_ane=10679.6 est_idle=58.07% wall=266.600 ms actual_ane_groups=64 actual_ane_refs=35435 actual_gpu_groups=0 actual_gpu_refs=0 finishes=64 waits=128 overlap_gpu_groups=162
ds4: Flash-MoE prefill layer=28 tokens=8423 unique=218 refs=50538 sync=7.263 ms plan=0.331 ms stage/compute=252.124 ms misses=218
ds4: Flash-MoE hybrid prefill layer=28 ane_groups=67 ane_refs=36477 gpu_i8_groups=0 gpu_i8_refs=0 fp32_groups=0 ane_min_refs=128 concurrent=1 ane_pipeline=1 output_queue=4 async_ane=67 gpu_overlap=151 finishes=67 waits=134
ds4: Flash-MoE overlap plan layer=28 exec_groups=218 planned_ane_groups=67 planned_ane_refs=36477 planned_gpu_groups=151 planned_gpu_refs=14061 tail_gpu_groups=0 tail_gpu_refs=0 planned_ssd_groups=218 est_gpu=23725.0 est_ane=11172.5 est_idle=52.91% wall=250.934 ms actual_ane_groups=67 actual_ane_refs=36477 actual_gpu_groups=0 actual_gpu_refs=0 finishes=67 waits=134 overlap_gpu_groups=151
ds4: Flash-MoE prefill layer=29 tokens=8423 unique=223 refs=50538 sync=7.227 ms plan=0.339 ms stage/compute=265.834 ms misses=223
ds4: Flash-MoE hybrid prefill layer=29 ane_groups=59 ane_refs=37128 gpu_i8_groups=0 gpu_i8_refs=0 fp32_groups=0 ane_min_refs=128 concurrent=1 ane_pipeline=1 output_queue=4 async_ane=59 gpu_overlap=164 finishes=59 waits=118
ds4: Flash-MoE overlap plan layer=29 exec_groups=223 planned_ane_groups=59 planned_ane_refs=37128 planned_gpu_groups=164 planned_gpu_refs=13410 tail_gpu_groups=0 tail_gpu_refs=0 planned_ssd_groups=223 est_gpu=23906.0 est_ane=9879.6 est_idle=58.67% wall=264.314 ms actual_ane_groups=59 actual_ane_refs=37128 actual_gpu_groups=0 actual_gpu_refs=0 finishes=59 waits=118 overlap_gpu_groups=164
ds4: Flash-MoE prefill layer=30 tokens=8423 unique=224 refs=50538 sync=7.244 ms plan=0.323 ms stage/compute=268.616 ms misses=224
ds4: Flash-MoE hybrid prefill layer=30 ane_groups=64 ane_refs=36536 gpu_i8_groups=0 gpu_i8_refs=0 fp32_groups=0 ane_min_refs=128 concurrent=1 ane_pipeline=1 output_queue=4 async_ane=64 gpu_overlap=160 finishes=64 waits=128
ds4: Flash-MoE overlap plan layer=30 exec_groups=224 planned_ane_groups=64 planned_ane_refs=36536 planned_gpu_groups=160 planned_gpu_refs=14002 tail_gpu_groups=0 tail_gpu_refs=0 planned_ssd_groups=224 est_gpu=24242.0 est_ane=10687.4 est_idle=55.91% wall=267.313 ms actual_ane_groups=64 actual_ane_refs=36536 actual_gpu_groups=0 actual_gpu_refs=0 finishes=64 waits=128 overlap_gpu_groups=160
ds4: Flash-MoE prefill layer=31 tokens=8423 unique=233 refs=50538 sync=7.247 ms plan=0.357 ms stage/compute=262.972 ms misses=233
ds4: Flash-MoE hybrid prefill layer=31 ane_groups=68 ane_refs=36657 gpu_i8_groups=0 gpu_i8_refs=0 fp32_groups=0 ane_min_refs=128 concurrent=1 ane_pipeline=1 output_queue=4 async_ane=68 gpu_overlap=165 finishes=68 waits=136
ds4: Flash-MoE overlap plan layer=31 exec_groups=233 planned_ane_groups=68 planned_ane_refs=36657 planned_gpu_groups=165 planned_gpu_refs=13881 tail_gpu_groups=0 tail_gpu_refs=0 planned_ssd_groups=233 est_gpu=24441.0 est_ane=11340.3 est_idle=53.60% wall=261.303 ms actual_ane_groups=68 actual_ane_refs=36657 actual_gpu_groups=0 actual_gpu_refs=0 finishes=68 waits=136 overlap_gpu_groups=165
ds4: Flash-MoE prefill layer=32 tokens=8423 unique=220 refs=50538 sync=7.233 ms plan=0.362 ms stage/compute=265.156 ms misses=220
ds4: Flash-MoE hybrid prefill layer=32 ane_groups=58 ane_refs=37727 gpu_i8_groups=0 gpu_i8_refs=0 fp32_groups=0 ane_min_refs=128 concurrent=1 ane_pipeline=1 output_queue=4 async_ane=58 gpu_overlap=162 finishes=58 waits=116
ds4: Flash-MoE overlap plan layer=32 exec_groups=220 planned_ane_groups=58 planned_ane_refs=37727 planned_gpu_groups=162 planned_gpu_refs=12811 tail_gpu_groups=0 tail_gpu_refs=0 planned_ssd_groups=220 est_gpu=23179.0 est_ane=9732.5 est_idle=58.01% wall=263.754 ms actual_ane_groups=58 actual_ane_refs=37727 actual_gpu_groups=0 actual_gpu_refs=0 finishes=58 waits=116 overlap_gpu_groups=162
ds4: Flash-MoE prefill layer=33 tokens=8423 unique=220 refs=50538 sync=7.232 ms plan=0.358 ms stage/compute=275.570 ms misses=220
ds4: Flash-MoE hybrid prefill layer=33 ane_groups=52 ane_refs=37530 gpu_i8_groups=0 gpu_i8_refs=0 fp32_groups=0 ane_min_refs=128 concurrent=1 ane_pipeline=1 output_queue=4 async_ane=52 gpu_overlap=168 finishes=52 waits=104
ds4: Flash-MoE overlap plan layer=33 exec_groups=220 planned_ane_groups=52 planned_ane_refs=37530 planned_gpu_groups=168 planned_gpu_refs=13008 tail_gpu_groups=0 tail_gpu_refs=0 planned_ssd_groups=220 est_gpu=23760.0 est_ane=8762.2 est_idle=63.12% wall=274.233 ms actual_ane_groups=52 actual_ane_refs=37530 actual_gpu_groups=0 actual_gpu_refs=0 finishes=52 waits=104 overlap_gpu_groups=168
ds4: Flash-MoE prefill layer=34 tokens=8423 unique=207 refs=50538 sync=7.210 ms plan=0.334 ms stage/compute=274.452 ms misses=207
ds4: Flash-MoE hybrid prefill layer=34 ane_groups=52 ane_refs=38965 gpu_i8_groups=0 gpu_i8_refs=0 fp32_groups=0 ane_min_refs=128 concurrent=1 ane_pipeline=1 output_queue=4 async_ane=52 gpu_overlap=155 finishes=52 waits=104
ds4: Flash-MoE overlap plan layer=34 exec_groups=207 planned_ane_groups=52 planned_ane_refs=38965 planned_gpu_groups=155 planned_gpu_refs=11573 tail_gpu_groups=0 tail_gpu_refs=0 planned_ssd_groups=207 est_gpu=21493.0 est_ane=8772.5 est_idle=59.18% wall=273.177 ms actual_ane_groups=52 actual_ane_refs=38965 actual_gpu_groups=0 actual_gpu_refs=0 finishes=52 waits=104 overlap_gpu_groups=155
ds4: Flash-MoE prefill layer=35 tokens=8423 unique=230 refs=50538 sync=7.287 ms plan=0.373 ms stage/compute=277.587 ms misses=230
ds4: Flash-MoE hybrid prefill layer=35 ane_groups=60 ane_refs=36362 gpu_i8_groups=0 gpu_i8_refs=0 fp32_groups=0 ane_min_refs=128 concurrent=1 ane_pipeline=1 output_queue=4 async_ane=60 gpu_overlap=170 finishes=60 waits=120
ds4: Flash-MoE overlap plan layer=35 exec_groups=230 planned_ane_groups=60 planned_ane_refs=36362 planned_gpu_groups=170 planned_gpu_refs=14176 tail_gpu_groups=0 tail_gpu_refs=0 planned_ssd_groups=230 est_gpu=25056.0 est_ane=10039.6 est_idle=59.93% wall=276.289 ms actual_ane_groups=60 actual_ane_refs=36362 actual_gpu_groups=0 actual_gpu_refs=0 finishes=60 waits=120 overlap_gpu_groups=170
ds4: Flash-MoE prefill layer=36 tokens=8423 unique=211 refs=50538 sync=7.295 ms plan=0.384 ms stage/compute=269.775 ms misses=211
ds4: Flash-MoE hybrid prefill layer=36 ane_groups=51 ane_refs=38806 gpu_i8_groups=0 gpu_i8_refs=0 fp32_groups=0 ane_min_refs=128 concurrent=1 ane_pipeline=1 output_queue=4 async_ane=51 gpu_overlap=160 finishes=51 waits=102
ds4: Flash-MoE overlap plan layer=36 exec_groups=211 planned_ane_groups=51 planned_ane_refs=38806 planned_gpu_groups=160 planned_gpu_refs=11732 tail_gpu_groups=0 tail_gpu_refs=0 planned_ssd_groups=211 est_gpu=21972.0 est_ane=8615.1 est_idle=60.79% wall=268.555 ms actual_ane_groups=51 actual_ane_refs=38806 actual_gpu_groups=0 actual_gpu_refs=0 finishes=51 waits=102 overlap_gpu_groups=160
ds4: Flash-MoE prefill layer=37 tokens=8423 unique=220 refs=50538 sync=7.397 ms plan=0.371 ms stage/compute=488.820 ms misses=220
ds4: Flash-MoE hybrid prefill layer=37 ane_groups=59 ane_refs=38078 gpu_i8_groups=0 gpu_i8_refs=0 fp32_groups=0 ane_min_refs=128 concurrent=1 ane_pipeline=1 output_queue=4 async_ane=59 gpu_overlap=161 finishes=59 waits=118
ds4: Flash-MoE overlap plan layer=37 exec_groups=220 planned_ane_groups=59 planned_ane_refs=38078 planned_gpu_groups=161 planned_gpu_refs=12460 tail_gpu_groups=0 tail_gpu_refs=0 planned_ssd_groups=220 est_gpu=22764.0 est_ane=9895.1 est_idle=56.53% wall=487.449 ms actual_ane_groups=59 actual_ane_refs=38078 actual_gpu_groups=0 actual_gpu_refs=0 finishes=59 waits=118 overlap_gpu_groups=161
ds4: Flash-MoE prefill layer=38 tokens=8423 unique=223 refs=50538 sync=7.269 ms plan=0.361 ms stage/compute=269.089 ms misses=223
ds4: Flash-MoE hybrid prefill layer=38 ane_groups=59 ane_refs=37557 gpu_i8_groups=0 gpu_i8_refs=0 fp32_groups=0 ane_min_refs=128 concurrent=1 ane_pipeline=1 output_queue=4 async_ane=59 gpu_overlap=164 finishes=59 waits=118
ds4: Flash-MoE overlap plan layer=38 exec_groups=223 planned_ane_groups=59 planned_ane_refs=37557 planned_gpu_groups=164 planned_gpu_refs=12981 tail_gpu_groups=0 tail_gpu_refs=0 planned_ssd_groups=223 est_gpu=23477.0 est_ane=9887.4 est_idle=57.88% wall=267.831 ms actual_ane_groups=59 actual_ane_refs=37557 actual_gpu_groups=0 actual_gpu_refs=0 finishes=59 waits=118 overlap_gpu_groups=164
ds4: Flash-MoE prefill layer=39 tokens=8423 unique=237 refs=50538 sync=7.237 ms plan=0.416 ms stage/compute=285.779 ms misses=237
ds4: Flash-MoE hybrid prefill layer=39 ane_groups=65 ane_refs=35780 gpu_i8_groups=0 gpu_i8_refs=0 fp32_groups=0 ane_min_refs=128 concurrent=1 ane_pipeline=1 output_queue=4 async_ane=65 gpu_overlap=172 finishes=65 waits=130
ds4: Flash-MoE overlap plan layer=39 exec_groups=237 planned_ane_groups=65 planned_ane_refs=35780 planned_gpu_groups=172 planned_gpu_refs=14758 tail_gpu_groups=0 tail_gpu_refs=0 planned_ssd_groups=237 est_gpu=25766.0 est_ane=10847.4 est_idle=57.90% wall=284.478 ms actual_ane_groups=65 actual_ane_refs=35780 actual_gpu_groups=0 actual_gpu_refs=0 finishes=65 waits=130 overlap_gpu_groups=172
ds4: Flash-MoE prefill layer=40 tokens=8423 unique=213 refs=50538 sync=7.338 ms plan=0.388 ms stage/compute=298.618 ms misses=213
ds4: Flash-MoE hybrid prefill layer=40 ane_groups=51 ane_refs=38259 gpu_i8_groups=0 gpu_i8_refs=0 fp32_groups=0 ane_min_refs=128 concurrent=1 ane_pipeline=1 output_queue=4 async_ane=51 gpu_overlap=162 finishes=51 waits=102
ds4: Flash-MoE overlap plan layer=40 exec_groups=213 planned_ane_groups=51 planned_ane_refs=38259 planned_gpu_groups=162 planned_gpu_refs=12279 tail_gpu_groups=0 tail_gpu_refs=0 planned_ssd_groups=213 est_gpu=22647.0 est_ane=8615.1 est_idle=61.96% wall=297.337 ms actual_ane_groups=51 actual_ane_refs=38259 actual_gpu_groups=0 actual_gpu_refs=0 finishes=51 waits=102 overlap_gpu_groups=162
ds4: Flash-MoE prefill layer=41 tokens=8423 unique=226 refs=50538 sync=7.314 ms plan=0.344 ms stage/compute=269.519 ms misses=226
ds4: Flash-MoE hybrid prefill layer=41 ane_groups=70 ane_refs=35569 gpu_i8_groups=0 gpu_i8_refs=0 fp32_groups=0 ane_min_refs=128 concurrent=1 ane_pipeline=1 output_queue=4 async_ane=70 gpu_overlap=156 finishes=70 waits=140
ds4: Flash-MoE overlap plan layer=41 exec_groups=226 planned_ane_groups=70 planned_ane_refs=35569 planned_gpu_groups=156 planned_gpu_refs=14969 tail_gpu_groups=0 tail_gpu_refs=0 planned_ssd_groups=226 est_gpu=24953.0 est_ane=11642.2 est_idle=53.34% wall=268.265 ms actual_ane_groups=70 actual_ane_refs=35569 actual_gpu_groups=0 actual_gpu_refs=0 finishes=70 waits=140 overlap_gpu_groups=156
ds4: Flash-MoE prefill layer=42 tokens=8423 unique=223 refs=50538 sync=7.299 ms plan=0.343 ms stage/compute=264.216 ms misses=223
ds4: Flash-MoE hybrid prefill layer=42 ane_groups=71 ane_refs=36054 gpu_i8_groups=0 gpu_i8_refs=0 fp32_groups=0 ane_min_refs=128 concurrent=1 ane_pipeline=1 output_queue=4 async_ane=71 gpu_overlap=152 finishes=71 waits=142
ds4: Flash-MoE overlap plan layer=42 exec_groups=223 planned_ane_groups=71 planned_ane_refs=36054 planned_gpu_groups=152 planned_gpu_refs=14484 tail_gpu_groups=0 tail_gpu_refs=0 planned_ssd_groups=223 est_gpu=24212.0 est_ane=11807.4 est_idle=51.23% wall=262.851 ms actual_ane_groups=71 actual_ane_refs=36054 actual_gpu_groups=0 actual_gpu_refs=0 finishes=71 waits=142 overlap_gpu_groups=152
ds4: metal layer-major prefill total tokens=8423 encode=12596.382 ms execute=9265.905 ms read=0.053 ms total=21862.345 ms
ds4: prefill full: 8423 tokens in 22158.1 ms (380.1 t/s)
 D
ds4: ----------------------------------------
ds4: prefill: 380.11 t/s, generation: 1.30 t/s
ds4: Flash-MoE slot-bank stats hits=0 misses=10164 hit-rate=0.0% resident-slots=258/4128 (6.2%, avg=6.0/layer min=6 max=6 of 96) installed=68607.00 MiB
ds4: Flash-MoE decode prefetch calls=43 loads=258 bytes=1741.50 MiB pread=155.546 ms upload=101.393 ms overlap-flushes=43
ds4: Flash-MoE prefill dedup refs=2173134 unique=9906 saved=2163228 (99.5%) reuse=219.38x
ds4: Flash-MoE prefill stage stats calls=9906 bytes=66865.50 MiB pread=3654.397 ms upload=1349.939 ms gate=417.230 ms up=425.884 ms down=506.825 ms scatter=18.209 ms stage_rate=13361.51 MiB/s pread_rate=18297.27 MiB/s upload_rate=49532.24 MiB/s
ds4: Flash-MoE prefill pread issue stats span=21591.981 ms active=16.92% span_rate=3096.77 MiB/s issue_gap=18425.324 ms post_stage_gap=9868.444 ms same_layer_issue=8427.593 ms same_layer_post=2.717 ms cross_layer_issue=9997.731 ms cross_layer_post=9865.727 ms max_issue=335.846 ms max_post=328.269 ms issue_gaps=8581 post_gaps=45 issue_gt1=1298 issue_gt5=284 issue_gt20=72 post_gt1=43 post_gt5=42 post_gt20=42
ds4: Flash-MoE prefill pread bucket le16 calls=2037 refs=12853 bytes=13749.75 MiB pread=841.063 ms issue_gap=437.250 ms post_stage_gap=2.233 ms pread_rate=16348.06 MiB/s
ds4: Flash-MoE prefill pread bucket le32 calls=871 refs=20787 bytes=5879.25 MiB pread=223.388 ms issue_gap=367.223 ms post_stage_gap=0.000 ms pread_rate=26318.56 MiB/s
ds4: Flash-MoE prefill pread bucket le64 calls=1134 refs=52926 bytes=7654.50 MiB pread=313.032 ms issue_gap=529.400 ms post_stage_gap=0.000 ms pread_rate=24452.77 MiB/s
ds4: Flash-MoE prefill pread bucket le128 calls=1542 refs=145676 bytes=10408.50 MiB pread=531.336 ms issue_gap=1889.000 ms post_stage_gap=0.000 ms pread_rate=19589.30 MiB/s
ds4: Flash-MoE prefill pread bucket le256 calls=1890 refs=350487 bytes=12757.50 MiB pread=742.669 ms issue_gap=2724.564 ms post_stage_gap=0.000 ms pread_rate=17177.91 MiB/s
ds4: Flash-MoE prefill pread bucket le512 calls=1383 refs=493651 bytes=9335.25 MiB pread=523.709 ms issue_gap=2072.707 ms post_stage_gap=0.000 ms pread_rate=17825.26 MiB/s
ds4: Flash-MoE prefill pread bucket gt512 calls=1049 refs=1096754 bytes=7080.75 MiB pread=479.200 ms issue_gap=10405.180 ms post_stage_gap=9866.211 ms pread_rate=14776.19 MiB/s
ds4: ANE prefill stats calls=2995 ok=2995 skipped_big_refs=0 compile_attempts=1 compile_failures=0 eval_calls=7353 eval_failures=0 write_failures=0 reopen_failures=0
ds4: ANE prefill timing dequant=23.348 ms input=1.195 ms ane_eval=34168.502 ms ane_eval_a=34168.502 ms ane_eval_b=0.000 ms ane_eval_c=0.000 ms ane_eval_d=0.000 ms ane_wall_est=34168.502 ms writeback=14.417 ms helper_avg=4.646879 ms ane_calls=7353 ane_call_avg=4.646879 ms
ds4: ANE prefill timing2 output_pack=13.547 ms measured_total=34221.009 ms
ds4: ANE prefill timing3 dequant_wait=2086.104 ms post_wait=0.000 ms x_zero=40.998 ms x_copy=132.850 ms out_zero=380.779 ms out_f16_copy=289.422 ms output_convert=13.547 ms output_gpu_encode=13.547 ms output_chunks=2995 output_elems=6268006400 output_convert_rate=462.686 Gelem/s
ds4: ANE prefill timing4 wait_predict=0.000 ms finish_join_ane=3372.090 ms finish_join_post=0.000 ms wait_predict_calls=0 finish_calls=2995
ds4: ANE prefill chunks refs=1530275 padded_refs=1882368 pad_util=81.30% le16=168 le64=486 le128=492 full=4370
ds4: ANE prefill batch_hist B256=7353 refs=1530275 util=81.3%
