I'll create a complete Space Invaders game with Pygame. This game will include classic Space Invader mechanics with a player ship, aliens, bullets, and a score system.

```python
import pygame
import random
import math
from pygame import *

# Initialize pygame
pygame.init()
# Set up the display
screen = pygame.display.set_mode((128, 128)) 0, 0) 0, 0
 0, 0 0, 0
 0, 0 0, 0
 0, 0 0, 0
 0, 0 0, 0
# 0, 0 0, 0
 0, 0 0, 0
 0, 0 0, 0
 0, 0 0, 0
 0, 0 0, 0
 0, 0 0, 0
 0, 0 0, 0
 0, 0 0, 0
 0, 0 0, 0
 0, 0 0, 0
 0, 0 0, 0
 0, 0 0, 0
 0, 0 0, 0
 0, 0 0, 0
 0, 0 0, 0
 0, 0 0, 0
 0, 0 0, 0
 0, 0 0, 0
 0, 0 0, 0
 0, 0 0, 0
 0, 0 0, 0
 0, 0 0, 0
 0, 0 0, 0
 0, 0 0, 0
 0, 0 0, 0
 0, 0 0, 0
 0, 0 0, 0
 0, 0 0, 0
 0, 0 0, 0
 0, 0 0, 0
 0, 0 0, 0
 0, 0 0, 0
 0, 0 0, 0
 0, 0 0, 0
 0, 0 0, 0
 0, 0 0, 0
 0, 0 0, 0
 0, 0 0, 0
 0, 0 0, 0
 0, 0 0, 0
 0, 0 0, 0
 0, 0 0, 0
 0,
