ds4: detected DS4 sidecar package: -m /Users/anemll/Models/flash/dsv4-iq2xxs-expert-major/dense/model-dense.gguf, --moe-sidecar /Users/anemll/Models/flash/dsv4-iq2xxs-expert-major, --moe-mode slot-bank
ds4: applied sidecar tuning profile [Apple M5 Max] from ds4_profile.json (51 env defaults set, 0 kept from environment)
ds4: warning: raw KV cap limits Metal prefill chunk (prefill_chunk=4096, raw_kv_rows=4096, raw_window=128, effective_chunk=3968; target raw cap for one chunk is 4352, also requires ctx >= that value)
ds4: context buffers 387.12 MiB (ctx=4096, backend=metal, prefill_chunk=4096, raw_kv_rows=4096, compressed_kv_rows=514/1026 max, grow_block=2048)
ds4: Flash-MoE sidecar loaded: /Users/anemll/Models/flash/dsv4-iq2xxs-expert-major (slot-bank=256, expert-record 6.75 MiB)
ds4: Flash-MoE expert mmap cache: off; expert reads: pread
ds4: Metal device Apple M5 Max, 128.00 GiB RAM, GPU working-set budget 107.52 GiB (raise with: sudo sysctl iogpu.wired_limit_mb=<MB>)
ds4: drift-patch flags hc_stable=on norm_unify=on kv_raw_f32=off rope_exp2_log2=off math_safe=off tensor_matmul=off
ds4: MXFP4 native library (MSL 4.1): repack=ok selected-repack=ok selected-plane-copy=ok scale-plane matmul=ok selected-matmul=ok decode2=pair/sum6 batch-decode2=pair/sum6 batch-strided=pair/sum6 hybrid-down=sum6 chunked-decode2=pair/sum6
ds4: DS4_MXFP4_NATIVE=1: native MXFP4 available (MPP 4.1 scale-plane matmul2d)
ds4: DSpark resident expert cache: ranges=9 bytes=9.56 GiB (persistent; debug opt-out requires DS4_DSPARK_ALLOW_NONRESIDENT=1)
ds4: DSpark sidecar Metal residency requested: buffers=9 bytes=9.56 GiB
ds4: DSpark draft package loaded: /Users/anemll/Models/DSv4-Flash-DSpark-draft (block=5 verify=5 active=5 scheduler=static conf=0.000 noise=128799 target_layers=40,41,42 markov_rank=256 records=81 mapped=10.12 GiB)
ds4: DSpark draft records: F32=41 F16=6 FP8_E4M3=25 MXFP4_NATIVE=9
ds4: DSpark draft inference enabled: MPP 4.1 FP8/MXFP4 draft kernels, fused routed-MoE per draft layer, persistent resident experts, greedy Markov head, strict_v1 verifier
ds4: Flash-MoE using mmap-backed dense/shared weights without full-model Metal residency warmup
ds4: Metal model views created in 0.282 ms, residency requested in 0.000 ms, warmup 0.000 ms (mapped 8393.67 MiB from offset 5.06 MiB)
ds4: Metal mapped mmaped model as 1 overlapping shared buffers
ds4: metal backend initialized for graph diagnostics
ds4: prefill routed-MoE (requested): mul_mm_id (grouped GPU / ALU)  [grouped path]
ds4: prefill quant scales (ANE env first): w_qscale=512 x_qscale=32 mid_qscale=32 w_scale=0.00195312 x_scale=0.03125 mid_scale=0.03125
ds4: prefill ctx-grow: on, block=2048 tokens
ds4: prefill chunk cap: 16384, graph_raw_cap=auto
ds4: Flash-MoE resident mixed slot-bank load: layers=43 slots=256 bytes=72.56 GiB (one dot per layer)
ds4: Flash-MoE resident prepare: ........................................... 72.56/72.56 GiB (43 layers)
ds4: Flash-MoE resident preload: ........................................... 72.56/72.56 GiB (43 layers)
ds4: Flash-MoE preloaded mixed slot bank: layers=43 slots=256 identity-mapped experts=256
ds4: Flash-MoE slot-bank Metal residency requested: buffers=43 bytes=72.56 GiB
ds4: Flash-MoE slot-bank pages touched: buffers=43 bytes=72.56 GiB
ds4: Flash-MoE slot banks allocated: layers=43 slots=256 gpu-bank=72.6GB Dense: 8.2GB Context: 0.4GB Total <<<< 81.2GB >>>>
ds4: Flash-MoE slot bank layout: mixed expert-major
ds4: warning: very large Flash-MoE slot bank can collapse decode throughput (slots=256, gpu-bank=72.56 GiB). The wired bank competes with the OS file cache that serves decode-miss reads of the sidecar; when the sidecar is larger than RAM, smaller banks decode faster. Compare --moe-slot-bank 32/48/64 or use --ssd-cache auto.
ds4: prefill compute: routed experts = ANE i8i8 (W8A8) | dense proj = Q8 direct-RHS NAX; K-quant dense = fused mul_mm_id batch
ds4: prefill I/O: io-split=4 async-pread=on pread-threads=4 readahead=12 bank-prefetch=3 slot-cache-topk=0 xlayer=auto<=6k-tok topk=128
ds4: decode  I/O: io-split=4 router-prefetch=off scratch-prefetch=off max-loads=0 layer-stride=1 miss-direct-slot-pread=on prefetch-direct-slot-pread=off did-modify=on shared-down=on reset-after-prefill=off realloc-after-prefill=off restore-after-prefill=off resident=slot-bank slots=256
ds4: Flash-MoE banked kernels using M5 simdgroup_matrix fast path (prefetch=3, banks=4)
ds4: WARNING: prefill chunk 4096 clamped to 3968 by raw-KV cap (raw_cap=4096, window=128). Set DS4_METAL_GRAPH_RAW_CAP >= 4224 (window + chunk) — or unset it to auto-size — to honor the chunk.
processing 19 input tokens: 0/19 (0.0%) batch=0.00 t/s avg=0.00 t/s
processing 19 input tokens: 0/19 (0.0%) batch=0.00 t/s avg=0.00 t/s
processing 19 input tokens: 0/19 (0.0%) batch=0.00 t/s avg=0.00 t/s
processing 19 input tokens: 1/19 (5.3%) batch=27.87 t/s avg=0.35 t/s
processing 19 input tokens: 1/19 (5.3%) batch=0.00 t/s avg=0.34 t/s
processing 19 input tokens: 2/19 (10.5%) batch=56.53 t/s avg=0.69 t/s
processing 19 input tokens: 2/19 (10.5%) batch=0.00 t/s avg=0.68 t/s
processing 19 input tokens: 3/19 (15.8%) batch=53.50 t/s avg=1.02 t/s
processing 19 input tokens: 3/19 (15.8%) batch=0.00 t/s avg=1.01 t/s
processing 19 input tokens: 3/19 (15.8%) batch=0.00 t/s avg=1.00 t/s
processing 19 input tokens: 4/19 (21.1%) batch=49.42 t/s avg=1.33 t/s
processing 19 input tokens: 4/19 (21.1%) batch=0.00 t/s avg=1.32 t/s
processing 19 input tokens: 5/19 (26.3%) batch=47.97 t/s avg=1.64 t/s
processing 19 input tokens: 5/19 (26.3%) batch=0.00 t/s avg=1.63 t/s
processing 19 input tokens: 6/19 (31.6%) batch=54.09 t/s avg=1.94 t/s
processing 19 input tokens: 6/19 (31.6%) batch=0.00 t/s avg=1.93 t/s
processing 19 input tokens: 7/19 (36.8%) batch=59.85 t/s avg=2.24 t/s
processing 19 input tokens: 7/19 (36.8%) batch=0.00 t/s avg=2.23 t/s
processing 19 input tokens: 7/19 (36.8%) batch=0.00 t/s avg=2.22 t/s
processing 19 input tokens: 8/19 (42.1%) batch=54.16 t/s avg=2.52 t/s
processing 19 input tokens: 8/19 (42.1%) batch=0.00 t/s avg=2.50 t/s
processing 19 input tokens: 9/19 (47.4%) batch=57.43 t/s avg=2.80 t/s
processing 19 input tokens: 9/19 (47.4%) batch=0.00 t/s avg=2.78 t/s
processing 19 input tokens: 10/19 (52.6%) batch=51.91 t/s avg=3.07 t/s
processing 19 input tokens: 10/19 (52.6%) batch=0.00 t/s avg=3.05 t/s
processing 19 input tokens: 11/19 (57.9%) batch=60.02 t/s avg=3.34 t/s
processing 19 input tokens: 11/19 (57.9%) batch=0.00 t/s avg=3.32 t/s
processing 19 input tokens: 11/19 (57.9%) batch=0.00 t/s avg=3.30 t/s
processing 19 input tokens: 12/19 (63.2%) batch=51.10 t/s avg=3.58 t/s
processing 19 input tokens: 12/19 (63.2%) batch=0.00 t/s avg=3.56 t/s
processing 19 input tokens: 13/19 (68.4%) batch=49.84 t/s avg=3.84 t/s
processing 19 input tokens: 13/19 (68.4%) batch=0.00 t/s avg=3.82 t/s
processing 19 input tokens: 14/19 (73.7%) batch=52.52 t/s avg=4.09 t/s
processing 19 input tokens: 14/19 (73.7%) batch=0.00 t/s avg=4.07 t/s
processing 19 input tokens: 15/19 (78.9%) batch=56.53 t/s avg=4.34 t/s
processing 19 input tokens: 15/19 (78.9%) batch=0.00 t/s avg=4.31 t/s
processing 19 input tokens: 15/19 (78.9%) batch=0.00 t/s avg=4.29 t/s
processing 19 input tokens: 16/19 (84.2%) batch=52.45 t/s avg=4.55 t/s
processing 19 input tokens: 16/19 (84.2%) batch=0.00 t/s avg=4.52 t/s
processing 19 input tokens: 17/19 (89.5%) batch=54.12 t/s avg=4.78 t/s
processing 19 input tokens: 17/19 (89.5%) batch=0.00 t/s avg=4.75 t/s
processing 19 input tokens: 18/19 (94.7%) batch=53.23 t/s avg=5.01 t/s
processing 19 input tokens: 18/19 (94.7%) batch=0.00 t/s avg=4.98 t/s
processing 19 input tokens: 19/19 (100.0%) batch=45.74 t/s avg=5.22 t/s
ds4: dspark draft FP8 rows5 kernel enabled
ds4: dspark draft FP8 strided rows5 kernel enabled
ds4: [mxfp4-native] two-dispatch plane decode arm engaged (dspark-strided, experts=6)
ds4: dspark frontier rows-6 verify enabled (first token + 5 drafts)
ds4: dspark verifier Q8 rows5 shared-exact kernel enabled
ds4: dspark verifier microbatch KV FP8/raw-store rows enabled
ds4: dspark hybrid FFN-pre verifier using exact F16 rows path
ds4: dspark hybrid row-router verifier using exact F16 logits rows path
ds4: dspark hybrid row-router verifier using exact selector rows path
ds4: dspark row-routed direct Q2 down ordered-sum enabled
ds4: dspark hybrid shared verifier using exact fused rows path
ds4: dspark hybrid shared verifier using exact shared-down+HC rows path
ds4: dspark hybrid attention verifier using exact F16 compressor rows path
ds4: dspark hybrid attention verifier using exact F16 indexer-compressor rows path
ds4: dspark hybrid verifier deferring plain attention heads to batch call
ds4: dspark hybrid verifier using rows-exact flash attention heads
ds4: dspark verifier using experimental varmap rows5 attention kernel
ds4: dspark hybrid verifier profile n=6 layers=43 exact_prefix=0.000 ms attention=80.362 ms row_ffn_pre=11.759 ms row_router=13.304 ms batch_router=0.000 ms row_routed=38.239 ms row_shared=13.018 ms batch_tail=12.657 ms target_hidden=1.519 ms head=2.741 ms read=0.101 ms total=173.720 ms
ds4: dspark hybrid verifier profile n=6 layers=43 exact_prefix=0.000 ms attention=77.406 ms row_ffn_pre=10.832 ms row_router=12.108 ms batch_router=0.000 ms row_routed=38.103 ms row_shared=13.252 ms batch_tail=13.881 ms target_hidden=1.405 ms head=1.839 ms read=0.012 ms total=168.861 ms
ds4: dspark hybrid verifier profile n=6 layers=43 exact_prefix=0.000 ms attention=78.788 ms row_ffn_pre=10.693 ms row_router=13.132 ms batch_router=0.000 ms row_routed=39.102 ms row_shared=12.860 ms batch_tail=12.952 ms target_hidden=1.520 ms head=1.854 ms read=0.010 ms total=170.930 ms
ds4: dspark hybrid verifier profile n=6 layers=43 exact_prefix=0.000 ms attention=79.061 ms row_ffn_pre=11.064 ms row_router=13.496 ms batch_router=0.000 ms row_routed=38.986 ms row_shared=13.643 ms batch_tail=13.512 ms target_hidden=1.342 ms head=1.846 ms read=0.009 ms total=172.980 ms
ds4: dspark hybrid verifier profile n=6 layers=43 exact_prefix=0.000 ms attention=82.764 ms row_ffn_pre=11.421 ms row_router=13.191 ms batch_router=0.000 ms row_routed=39.085 ms row_shared=13.561 ms batch_tail=13.513 ms target_hidden=1.555 ms head=1.829 ms read=0.011 ms total=176.952 ms
ds4: dspark hybrid verifier profile n=6 layers=43 exact_prefix=0.000 ms attention=82.992 ms row_ffn_pre=10.653 ms row_router=13.153 ms batch_router=0.000 ms row_routed=39.109 ms row_shared=13.442 ms batch_tail=13.672 ms target_hidden=1.428 ms head=2.117 ms read=0.012 ms total=176.595 ms
ds4: dspark hybrid verifier profile n=6 layers=43 exact_prefix=0.000 ms attention=83.627 ms row_ffn_pre=10.416 ms row_router=13.002 ms batch_router=0.000 ms row_routed=40.342 ms row_shared=14.038 ms batch_tail=13.132 ms target_hidden=1.748 ms head=1.912 ms read=0.010 ms total=178.253 ms
ds4: dspark hybrid verifier profile n=6 layers=43 exact_prefix=0.000 ms attention=85.600 ms row_ffn_pre=10.759 ms row_router=12.793 ms batch_router=0.000 ms row_routed=41.288 ms row_shared=13.968 ms batch_tail=13.791 ms target_hidden=1.451 ms head=1.878 ms read=0.012 ms total=181.563 ms
ds4: dspark hybrid verifier profile n=6 layers=43 exact_prefix=0.000 ms attention=85.159 ms row_ffn_pre=11.225 ms row_router=15.032 ms batch_router=0.000 ms row_routed=40.389 ms row_shared=13.405 ms batch_tail=13.631 ms target_hidden=1.555 ms head=2.056 ms read=0.010 ms total=182.480 ms
ds4: dspark hybrid verifier profile n=6 layers=43 exact_prefix=0.000 ms attention=83.345 ms row_ffn_pre=11.024 ms row_router=13.239 ms batch_router=0.000 ms row_routed=40.051 ms row_shared=13.945 ms batch_tail=14.230 ms target_hidden=1.637 ms head=1.942 ms read=0.012 ms total=179.446 ms
ds4: dspark hybrid verifier profile n=6 layers=43 exact_prefix=0.000 ms attention=86.716 ms row_ffn_pre=10.931 ms row_router=13.057 ms batch_router=0.000 ms row_routed=39.305 ms row_shared=13.364 ms batch_tail=13.561 ms target_hidden=1.482 ms head=1.844 ms read=0.012 ms total=180.292 ms
ds4: dspark hybrid verifier profile n=6 layers=43 exact_prefix=0.000 ms attention=84.573 ms row_ffn_pre=10.933 ms row_router=13.147 ms batch_router=0.000 ms row_routed=39.435 ms row_shared=13.747 ms batch_tail=13.708 ms target_hidden=1.744 ms head=2.242 ms read=0.015 ms total=179.572 ms
ds4: dspark hybrid verifier profile n=6 layers=43 exact_prefix=0.000 ms attention=88.327 ms row_ffn_pre=11.204 ms row_router=14.556 ms batch_router=0.000 ms row_routed=40.929 ms row_shared=14.202 ms batch_tail=15.141 ms target_hidden=1.651 ms head=1.914 ms read=0.029 ms total=187.970 ms
ds4: ----------------------------------------
ds4: prefill: 5.00 t/s, generation: 24.06 t/s (60 tokens in 2.493s)
ds4: dspark acceptance: 78.2% (61/78 draft tokens)
ds4: dspark acceptance by position: 1=13/13 2=12/13 3=11/13 4=10/13 5=8/13 6=7/13
ds4: dspark conditional acceptance: 1=100.0% (13/13) 2|1=92.3% (12/13) 3|1-2=91.7% (11/12) 4|1-3=90.9% (10/11) 5|1-4=80.0% (8/10) 6|1-5=87.5% (7/8)
ds4: dspark full-accept: 53.8% (7/13 blocks), first-miss: 0.0% (0/13 blocks)
ds4: dspark avg scheduled: 6.00 draft tokens/block (13 blocks)
