ds4: detected DS4 sidecar package: -m /Users/anemll/Models/flash/dsv4-iq2xxs-expert-major/dense/model-dense.gguf, --moe-sidecar /Users/anemll/Models/flash/dsv4-iq2xxs-expert-major, --moe-mode slot-bank
ds4: applied sidecar tuning profile [Apple M5 Max] from ds4_profile.json (51 env defaults set, 0 kept from environment)
ds4: warning: raw KV cap limits Metal prefill chunk (prefill_chunk=4096, raw_kv_rows=4096, raw_window=128, effective_chunk=3968; target raw cap for one chunk is 4352, also requires ctx >= that value)
ds4: context buffers 429.99 MiB (ctx=4096, backend=metal, prefill_chunk=4096, raw_kv_rows=4096, compressed_kv_rows=1026)
ds4: Flash-MoE sidecar loaded: /Users/anemll/Models/flash/dsv4-iq2xxs-expert-major (slot-bank=256, expert-record 6.75 MiB)
ds4: Flash-MoE expert mmap cache: off; expert reads: pread
ds4: Metal device Apple M5 Max, 128.00 GiB RAM, GPU working-set budget 107.52 GiB (raise with: sudo sysctl iogpu.wired_limit_mb=<MB>)
ds4: drift-patch flags hc_stable=on norm_unify=on kv_raw_f32=off rope_exp2_log2=off math_safe=off tensor_matmul=off
ds4: MXFP4 native library (MSL 4.1): repack=ok selected-repack=ok selected-plane-copy=ok scale-plane matmul=ok selected-matmul=ok decode2=pair/sum6 batch-decode2=pair/sum6 batch-strided=pair/sum6 hybrid-down=sum6 chunked-decode2=pair/sum6
ds4: DS4_MXFP4_NATIVE=1: native MXFP4 available (MPP 4.1 scale-plane matmul2d)
ds4: DSpark resident expert cache: ranges=9 bytes=9.56 GiB (persistent; debug opt-out requires DS4_DSPARK_ALLOW_NONRESIDENT=1)
ds4: DSpark sidecar Metal residency requested: buffers=9 bytes=9.56 GiB
ds4: DSpark draft package loaded: /Users/anemll/Models/DSv4-Flash-DSpark-draft (block=5 verify=5 active=5 scheduler=static conf=0.000 noise=128799 target_layers=40,41,42 markov_rank=256 records=81 mapped=10.12 GiB)
ds4: DSpark draft records: F32=41 F16=6 FP8_E4M3=25 MXFP4_NATIVE=9
ds4: DSpark draft inference enabled: MPP 4.1 FP8/MXFP4 draft kernels, fused routed-MoE per draft layer, persistent resident experts, greedy Markov head, strict_v1 verifier
ds4: Flash-MoE using mmap-backed dense/shared weights without full-model Metal residency warmup
ds4: Metal model views created in 0.318 ms, residency requested in 0.001 ms, warmup 0.000 ms (mapped 8393.67 MiB from offset 5.06 MiB)
ds4: Metal mapped mmaped model as 1 overlapping shared buffers
ds4: metal backend initialized for graph diagnostics
ds4: prefill routed-MoE (requested): mul_mm_id (grouped GPU / ALU)  [grouped path]
ds4: prefill quant scales (ANE env first): w_qscale=512 x_qscale=32 mid_qscale=32 w_scale=0.00195312 x_scale=0.03125 mid_scale=0.03125
ds4: prefill ctx-grow: on, block=16384 tokens
ds4: prefill chunk cap: 16384, graph_raw_cap=auto
ds4: Flash-MoE resident mixed slot-bank load: layers=43 slots=256 bytes=72.56 GiB (one dot per layer)
ds4: Flash-MoE resident prepare: ........................................... 72.56/72.56 GiB (43 layers)
ds4: Flash-MoE resident preload: ........................................... 72.56/72.56 GiB (43 layers)
ds4: Flash-MoE preloaded mixed slot bank: layers=43 slots=256 identity-mapped experts=256
ds4: Flash-MoE slot-bank Metal residency requested: buffers=43 bytes=72.56 GiB
ds4: Flash-MoE slot-bank pages touched: buffers=43 bytes=72.56 GiB
ds4: Flash-MoE slot banks allocated: layers=43 slots=256 gpu-bank=72.6GB Dense: 8.2GB Context: 0.4GB Total <<<< 81.2GB >>>>
ds4: Flash-MoE slot bank layout: mixed expert-major
ds4: warning: very large Flash-MoE slot bank can collapse decode throughput (slots=256, gpu-bank=72.56 GiB). The wired bank competes with the OS file cache that serves decode-miss reads of the sidecar; when the sidecar is larger than RAM, smaller banks decode faster. Compare --moe-slot-bank 32/48/64 or use --ssd-cache auto.
ds4: prefill compute: routed experts = ANE i8i8 (W8A8) | dense proj = Q8 direct-RHS NAX; K-quant dense = fused mul_mm_id batch
ds4: prefill I/O: io-split=4 async-pread=on pread-threads=4 readahead=12 bank-prefetch=3 slot-cache-topk=0 xlayer=auto<=6k-tok topk=128
ds4: decode  I/O: io-split=4 router-prefetch=off scratch-prefetch=off max-loads=0 layer-stride=1 miss-direct-slot-pread=on prefetch-direct-slot-pread=off did-modify=on shared-down=on reset-after-prefill=off realloc-after-prefill=off restore-after-prefill=off resident=slot-bank slots=256
ds4: Flash-MoE banked kernels using M5 simdgroup_matrix fast path (prefetch=3, banks=4)
ds4: WARNING: prefill chunk 4096 clamped to 3968 by raw-KV cap (raw_cap=4096, window=128). Set DS4_METAL_GRAPH_RAW_CAP >= 4224 (window + chunk) — or unset it to auto-size — to honor the chunk.
processing 19 input tokens: 0/19 (0.0%) batch=0.00 t/s avg=0.00 t/s
processing 19 input tokens: 0/19 (0.0%) batch=0.00 t/s avg=0.00 t/s
processing 19 input tokens: 0/19 (0.0%) batch=0.00 t/s avg=0.00 t/s
processing 19 input tokens: 1/19 (5.3%) batch=23.37 t/s avg=0.42 t/s
processing 19 input tokens: 1/19 (5.3%) batch=0.00 t/s avg=0.42 t/s
processing 19 input tokens: 2/19 (10.5%) batch=51.31 t/s avg=0.82 t/s
processing 19 input tokens: 2/19 (10.5%) batch=0.00 t/s avg=0.82 t/s
processing 19 input tokens: 3/19 (15.8%) batch=49.23 t/s avg=1.22 t/s
processing 19 input tokens: 3/19 (15.8%) batch=0.00 t/s avg=1.21 t/s
processing 19 input tokens: 3/19 (15.8%) batch=0.00 t/s avg=1.20 t/s
processing 19 input tokens: 4/19 (21.1%) batch=45.18 t/s avg=1.58 t/s
processing 19 input tokens: 4/19 (21.1%) batch=0.00 t/s avg=1.57 t/s
processing 19 input tokens: 5/19 (26.3%) batch=46.66 t/s avg=1.94 t/s
processing 19 input tokens: 5/19 (26.3%) batch=0.00 t/s avg=1.93 t/s
processing 19 input tokens: 6/19 (31.6%) batch=52.82 t/s avg=2.30 t/s
processing 19 input tokens: 6/19 (31.6%) batch=0.00 t/s avg=2.28 t/s
processing 19 input tokens: 7/19 (36.8%) batch=58.63 t/s avg=2.65 t/s
processing 19 input tokens: 7/19 (36.8%) batch=0.00 t/s avg=2.63 t/s
processing 19 input tokens: 7/19 (36.8%) batch=0.00 t/s avg=2.61 t/s
processing 19 input tokens: 8/19 (42.1%) batch=52.11 t/s avg=2.96 t/s
processing 19 input tokens: 8/19 (42.1%) batch=0.00 t/s avg=2.94 t/s
processing 19 input tokens: 9/19 (47.4%) batch=54.18 t/s avg=3.28 t/s
processing 19 input tokens: 9/19 (47.4%) batch=0.00 t/s avg=3.26 t/s
processing 19 input tokens: 10/19 (52.6%) batch=48.59 t/s avg=3.59 t/s
processing 19 input tokens: 10/19 (52.6%) batch=0.00 t/s avg=3.56 t/s
processing 19 input tokens: 11/19 (57.9%) batch=56.44 t/s avg=3.90 t/s
processing 19 input tokens: 11/19 (57.9%) batch=0.00 t/s avg=3.87 t/s
processing 19 input tokens: 11/19 (57.9%) batch=0.00 t/s avg=3.85 t/s
processing 19 input tokens: 12/19 (63.2%) batch=47.67 t/s avg=4.17 t/s
processing 19 input tokens: 12/19 (63.2%) batch=0.00 t/s avg=4.14 t/s
processing 19 input tokens: 13/19 (68.4%) batch=48.86 t/s avg=4.45 t/s
processing 19 input tokens: 13/19 (68.4%) batch=0.00 t/s avg=4.42 t/s
processing 19 input tokens: 14/19 (73.7%) batch=51.07 t/s avg=4.73 t/s
processing 19 input tokens: 14/19 (73.7%) batch=0.00 t/s avg=4.70 t/s
processing 19 input tokens: 15/19 (78.9%) batch=53.60 t/s avg=5.01 t/s
processing 19 input tokens: 15/19 (78.9%) batch=0.00 t/s avg=4.97 t/s
processing 19 input tokens: 15/19 (78.9%) batch=0.00 t/s avg=4.94 t/s
processing 19 input tokens: 16/19 (84.2%) batch=49.58 t/s avg=5.23 t/s
processing 19 input tokens: 16/19 (84.2%) batch=0.00 t/s avg=5.20 t/s
processing 19 input tokens: 17/19 (89.5%) batch=50.59 t/s avg=5.49 t/s
processing 19 input tokens: 17/19 (89.5%) batch=0.00 t/s avg=5.45 t/s
processing 19 input tokens: 18/19 (94.7%) batch=49.75 t/s avg=5.74 t/s
processing 19 input tokens: 18/19 (94.7%) batch=0.00 t/s avg=5.70 t/s
processing 19 input tokens: 19/19 (100.0%) batch=42.76 t/s avg=5.97 t/s
ds4: dspark draft FP8 rows5 kernel enabled
ds4: [mxfp4-native] two-dispatch plane decode arm engaged (dspark-strided, experts=6)
ds4: Flash-MoE mixed resident bank using fused GPU-selected decode path (slot id == expert id)
ds4: dspark verifier strict_v1 active=5 prefixN=1
ds4: dspark verifier Q8 rows5 shared-exact kernel enabled
ds4: dspark verifier microbatch KV FP8/raw-store rows enabled
ds4: dspark hybrid FFN-pre verifier using exact F16 rows path
ds4: dspark hybrid row-router verifier using exact F16 logits rows path
ds4: dspark hybrid row-router verifier using exact selector rows path
ds4: dspark row-routed direct Q2 down ordered-sum enabled
ds4: dspark hybrid row-routed verifier using row-exact tiny batch path
ds4: dspark hybrid shared verifier using exact fused rows path
ds4: dspark hybrid shared verifier using exact shared-down+HC rows path
ds4: dspark hybrid attention verifier using exact F16 compressor rows path
ds4: dspark hybrid attention verifier using exact F16 indexer-compressor rows path
ds4: dspark hybrid verifier deferring plain attention heads to batch call
ds4: dspark hybrid verifier using rows-exact flash attention heads
ds4: dspark verifier using experimental varmap rows5 attention kernel
ds4: dspark varmap phase K/V probe ok: ranges=2 raw=21/1 comp=5/1 lane_mask=0x00000001 max_run=21 desc_checksum=0x306497cd kv_reads=3328 kv_checksum=0x36a68e42
ds4: dspark varmap phase K/V probe ok: ranges=1 raw=21/1 comp=0/0 lane_mask=0x00000001 max_run=21 desc_checksum=0xe7235d1f kv_reads=2688 kv_checksum=0x4b04c818
ds4: dspark varmap phase K/V probe ok: ranges=2 raw=21/1 comp=5/1 lane_mask=0x00000001 max_run=21 desc_checksum=0x306497cd kv_reads=3328 kv_checksum=0xd2e29400
ds4: dspark varmap phase K/V probe ok: ranges=1 raw=21/1 comp=0/0 lane_mask=0x00000001 max_run=21 desc_checksum=0xe7235d1f kv_reads=2688 kv_checksum=0xd015e871
ds4: dspark varmap phase K/V probe ok: ranges=2 raw=21/1 comp=5/1 lane_mask=0x00000001 max_run=21 desc_checksum=0x306497cd kv_reads=3328 kv_checksum=0x41b86aed
ds4: dspark varmap phase K/V probe ok: ranges=1 raw=21/1 comp=0/0 lane_mask=0x00000001 max_run=21 desc_checksum=0xe7235d1f kv_reads=2688 kv_checksum=0x8849458a
ds4: dspark varmap phase K/V probe ok: ranges=2 raw=21/1 comp=5/1 lane_mask=0x00000001 max_run=21 desc_checksum=0x306497cd kv_reads=3328 kv_checksum=0x7d933425
ds4: dspark varmap phase K/V probe ok: ranges=1 raw=21/1 comp=0/0 lane_mask=0x00000001 max_run=21 desc_checksum=0xe7235d1f kv_reads=2688 kv_checksum=0x3f490df2
ds4: dspark varmap phase K/V probe ok: ranges=2 raw=21/1 comp=5/1 lane_mask=0x00000001 max_run=21 desc_checksum=0x306497cd kv_reads=3328 kv_checksum=0xe1e75eb0
ds4: dspark varmap phase K/V probe ok: ranges=1 raw=21/1 comp=0/0 lane_mask=0x00000001 max_run=21 desc_checksum=0xe7235d1f kv_reads=2688 kv_checksum=0x9302d1d2
ds4: dspark varmap phase K/V probe ok: ranges=2 raw=21/1 comp=5/1 lane_mask=0x00000001 max_run=21 desc_checksum=0x306497cd kv_reads=3328 kv_checksum=0x1b88f926
ds4: dspark varmap phase K/V probe ok: ranges=1 raw=21/1 comp=0/0 lane_mask=0x00000001 max_run=21 desc_checksum=0xe7235d1f kv_reads=2688 kv_checksum=0x5e18932a
ds4: dspark varmap phase K/V probe ok: ranges=2 raw=21/1 comp=5/1 lane_mask=0x00000001 max_run=21 desc_checksum=0x306497cd kv_reads=3328 kv_checksum=0x5c1f3af0
ds4: dspark varmap phase K/V probe ok: ranges=1 raw=21/1 comp=0/0 lane_mask=0x00000001 max_run=21 desc_checksum=0xe7235d1f kv_reads=2688 kv_checksum=0xb2979136
ds4: dspark varmap phase K/V probe ok: ranges=2 raw=21/1 comp=5/1 lane_mask=0x00000001 max_run=21 desc_checksum=0x306497cd kv_reads=3328 kv_checksum=0x6735b30b
ds4: dspark varmap phase K/V probe ok: ranges=1 raw=21/1 comp=0/0 lane_mask=0x00000001 max_run=21 desc_checksum=0xe7235d1f kv_reads=2688 kv_checksum=0x8adee8bf
ds4: dspark varmap phase K/V probe ok: ranges=2 raw=21/1 comp=5/1 lane_mask=0x00000001 max_run=21 desc_checksum=0x306497cd kv_reads=3328 kv_checksum=0xfdf061a5
ds4: dspark varmap phase K/V probe ok: ranges=1 raw=21/1 comp=0/0 lane_mask=0x00000001 max_run=21 desc_checksum=0xe7235d1f kv_reads=2688 kv_checksum=0x63bee73d
ds4: dspark varmap phase K/V probe ok: ranges=2 raw=21/1 comp=5/1 lane_mask=0x00000001 max_run=21 desc_checksum=0x306497cd kv_reads=3328 kv_checksum=0x1d927d6d
ds4: dspark varmap phase K/V probe ok: ranges=1 raw=21/1 comp=0/0 lane_mask=0x00000001 max_run=21 desc_checksum=0xe7235d1f kv_reads=2688 kv_checksum=0xd50a5707
ds4: dspark varmap phase K/V probe ok: ranges=2 raw=21/1 comp=5/1 lane_mask=0x00000001 max_run=21 desc_checksum=0x306497cd kv_reads=3328 kv_checksum=0x249b65b9
ds4: dspark varmap phase K/V probe ok: ranges=1 raw=21/1 comp=0/0 lane_mask=0x00000001 max_run=21 desc_checksum=0xe7235d1f kv_reads=2688 kv_checksum=0x698f03d5
ds4: dspark varmap phase K/V probe ok: ranges=2 raw=21/1 comp=5/1 lane_mask=0x00000001 max_run=21 desc_checksum=0x306497cd kv_reads=3328 kv_checksum=0x56a2fc8c
ds4: dspark varmap phase K/V probe ok: ranges=1 raw=21/1 comp=0/0 lane_mask=0x00000001 max_run=21 desc_checksum=0xe7235d1f kv_reads=2688 kv_checksum=0x0d5c2abd
ds4: dspark varmap phase K/V probe ok: ranges=2 raw=21/1 comp=5/1 lane_mask=0x00000001 max_run=21 desc_checksum=0x306497cd kv_reads=3328 kv_checksum=0x07e9dcd2
ds4: dspark varmap phase K/V probe ok: ranges=1 raw=21/1 comp=0/0 lane_mask=0x00000001 max_run=21 desc_checksum=0xe7235d1f kv_reads=2688 kv_checksum=0x00adca50
ds4: dspark varmap phase K/V probe ok: ranges=2 raw=21/1 comp=5/1 lane_mask=0x00000001 max_run=21 desc_checksum=0x306497cd kv_reads=3328 kv_checksum=0x8baa966f
ds4: dspark varmap phase K/V probe ok: ranges=1 raw=21/1 comp=0/0 lane_mask=0x00000001 max_run=21 desc_checksum=0xe7235d1f kv_reads=2688 kv_checksum=0xd8fa44f1
ds4: dspark varmap phase K/V probe ok: ranges=2 raw=21/1 comp=5/1 lane_mask=0x00000001 max_run=21 desc_checksum=0x306497cd kv_reads=3328 kv_checksum=0xa4cd0782
ds4: dspark varmap phase K/V probe ok: ranges=1 raw=21/1 comp=0/0 lane_mask=0x00000001 max_run=21 desc_checksum=0xe7235d1f kv_reads=2688 kv_checksum=0xcc43367d
ds4: dspark varmap phase K/V probe ok: ranges=2 raw=21/1 comp=5/1 lane_mask=0x00000001 max_run=21 desc_checksum=0x306497cd kv_reads=3328 kv_checksum=0x886f9ff2
ds4: dspark varmap phase K/V probe ok: ranges=1 raw=21/1 comp=0/0 lane_mask=0x00000001 max_run=21 desc_checksum=0xe7235d1f kv_reads=2688 kv_checksum=0xb1018198
ds4: dspark varmap phase K/V probe ok: ranges=2 raw=21/1 comp=5/1 lane_mask=0x00000001 max_run=21 desc_checksum=0x306497cd kv_reads=3328 kv_checksum=0x90e81ea1
ds4: dspark varmap phase K/V probe ok: ranges=1 raw=21/1 comp=0/0 lane_mask=0x00000001 max_run=21 desc_checksum=0xe7235d1f kv_reads=2688 kv_checksum=0x92e5dd4d
ds4: dspark varmap phase K/V probe ok: ranges=2 raw=21/1 comp=5/1 lane_mask=0x00000001 max_run=21 desc_checksum=0x306497cd kv_reads=3328 kv_checksum=0xff57a4c6
ds4: dspark varmap phase K/V probe ok: ranges=1 raw=21/1 comp=0/0 lane_mask=0x00000001 max_run=21 desc_checksum=0xe7235d1f kv_reads=2688 kv_checksum=0x6ee98152
ds4: dspark varmap phase K/V probe ok: ranges=2 raw=21/1 comp=5/1 lane_mask=0x00000001 max_run=21 desc_checksum=0x306497cd kv_reads=3328 kv_checksum=0x90eb1128
ds4: dspark varmap phase K/V probe ok: ranges=1 raw=21/1 comp=0/0 lane_mask=0x00000001 max_run=21 desc_checksum=0xe7235d1f kv_reads=2688 kv_checksum=0x34754b3c
ds4: dspark varmap phase K/V probe ok: ranges=2 raw=21/1 comp=5/1 lane_mask=0x00000001 max_run=21 desc_checksum=0x306497cd kv_reads=3328 kv_checksum=0x7b140d18
ds4: dspark varmap phase K/V probe ok: ranges=1 raw=21/1 comp=0/0 lane_mask=0x00000001 max_run=21 desc_checksum=0xe7235d1f kv_reads=2688 kv_checksum=0xea43c072
ds4: dspark varmap phase K/V probe ok: ranges=2 raw=21/1 comp=5/1 lane_mask=0x00000001 max_run=21 desc_checksum=0x306497cd kv_reads=3328 kv_checksum=0x4321c4d1
ds4: dspark varmap phase K/V probe ok: ranges=2 raw=26/1 comp=2/1 lane_mask=0x00000001 max_run=26 desc_checksum=0xb94a97cd kv_reads=3584 kv_checksum=0x9fc9b3eb
ds4: dspark varmap phase K/V probe ok: ranges=1 raw=26/1 comp=0/0 lane_mask=0x00000001 max_run=26 desc_checksum=0xe26a5d1f kv_reads=3328 kv_checksum=0x237e1333
ds4: dspark varmap phase K/V probe ok: ranges=2 raw=26/1 comp=2/1 lane_mask=0x00000001 max_run=26 desc_checksum=0xb94a97cd kv_reads=3584 kv_checksum=0x37c0ead8
ds4: dspark varmap phase K/V probe ok: ranges=1 raw=26/1 comp=0/0 lane_mask=0x00000001 max_run=26 desc_checksum=0xe26a5d1f kv_reads=3328 kv_checksum=0x9b724734
ds4: dspark varmap phase K/V probe ok: ranges=2 raw=26/1 comp=2/1 lane_mask=0x00000001 max_run=26 desc_checksum=0xb94a97cd kv_reads=3584 kv_checksum=0x4b855c1f
ds4: dspark varmap phase K/V probe ok: ranges=1 raw=26/1 comp=0/0 lane_mask=0x00000001 max_run=26 desc_checksum=0xe26a5d1f kv_reads=3328 kv_checksum=0x24e3d7aa
ds4: dspark varmap phase K/V probe ok: ranges=2 raw=26/1 comp=2/1 lane_mask=0x00000001 max_run=26 desc_checksum=0xb94a97cd kv_reads=3584 kv_checksum=0xdf56966f
ds4: dspark varmap phase K/V probe ok: ranges=1 raw=26/1 comp=0/0 lane_mask=0x00000001 max_run=26 desc_checksum=0xe26a5d1f kv_reads=3328 kv_checksum=0x7226baf0
ds4: dspark varmap phase K/V probe ok: ranges=2 raw=26/1 comp=2/1 lane_mask=0x00000001 max_run=26 desc_checksum=0xb94a97cd kv_reads=3584 kv_checksum=0x69d32ba2
ds4: dspark varmap phase K/V probe ok: ranges=1 raw=26/1 comp=0/0 lane_mask=0x00000001 max_run=26 desc_checksum=0xe26a5d1f kv_reads=3328 kv_checksum=0x5e9fe61f
ds4: dspark varmap phase K/V probe ok: ranges=2 raw=26/1 comp=2/1 lane_mask=0x00000001 max_run=26 desc_checksum=0xb94a97cd kv_reads=3584 kv_checksum=0xe2b4c2d9
ds4: dspark varmap phase K/V probe ok: ranges=1 raw=26/1 comp=0/0 lane_mask=0x00000001 max_run=26 desc_checksum=0xe26a5d1f kv_reads=3328 kv_checksum=0x9c4fc28b
ds4: dspark varmap phase K/V probe ok: ranges=2 raw=26/1 comp=2/1 lane_mask=0x00000001 max_run=26 desc_checksum=0xb94a97cd kv_reads=3584 kv_checksum=0x963f7e2a
ds4: dspark varmap phase K/V probe ok: ranges=1 raw=26/1 comp=0/0 lane_mask=0x00000001 max_run=26 desc_checksum=0xe26a5d1f kv_reads=3328 kv_checksum=0x34beb23e
ds4: dspark varmap phase K/V probe ok: ranges=2 raw=26/1 comp=2/1 lane_mask=0x00000001 max_run=26 desc_checksum=0xb94a97cd kv_reads=3584 kv_checksum=0xd56148c1
ds4: dspark varmap phase K/V probe ok: ranges=1 raw=26/1 comp=0/0 lane_mask=0x00000001 max_run=26 desc_checksum=0xe26a5d1f kv_reads=3328 kv_checksum=0xa10921c6
ds4: dspark varmap phase K/V probe ok: ranges=2 raw=26/1 comp=2/1 lane_mask=0x00000001 max_run=26 desc_checksum=0xb94a97cd kv_reads=3584 kv_checksum=0x0ed02fdd
ds4: dspark varmap phase K/V probe ok: ranges=1 raw=26/1 comp=0/0 lane_mask=0x00000001 max_run=26 desc_checksum=0xe26a5d1f kv_reads=3328 kv_checksum=0xb279b039
ds4: dspark varmap phase K/V probe ok: ranges=2 raw=26/1 comp=2/1 lane_mask=0x00000001 max_run=26 desc_checksum=0xb94a97cd kv_reads=3584 kv_checksum=0x75c237a4
ds4: dspark varmap phase K/V probe ok: ranges=1 raw=26/1 comp=0/0 lane_mask=0x00000001 max_run=26 desc_checksum=0xe26a5d1f kv_reads=3328 kv_checksum=0x1b594114
ds4: dspark varmap phase K/V probe ok: ranges=2 raw=26/1 comp=2/1 lane_mask=0x00000001 max_run=26 desc_checksum=0xb94a97cd kv_reads=3584 kv_checksum=0xafb787cc
ds4: dspark varmap phase K/V probe ok: ranges=1 raw=26/1 comp=0/0 lane_mask=0x00000001 max_run=26 desc_checksum=0xe26a5d1f kv_reads=3328 kv_checksum=0x9e61198b
ds4: dspark varmap phase K/V probe ok: ranges=2 raw=26/1 comp=2/1 lane_mask=0x00000001 max_run=26 desc_checksum=0xb94a97cd kv_reads=3584 kv_checksum=0x123f5412
ds4: dspark varmap phase K/V probe ok: ranges=1 raw=26/1 comp=0/0 lane_mask=0x00000001 max_run=26 desc_checksum=0xe26a5d1f kv_reads=3328 kv_checksum=0x1cdb644c
ds4: dspark varmap phase K/V probe ok: ranges=2 raw=26/1 comp=2/1 lane_mask=0x00000001 max_run=26 desc_checksum=0xb94a97cd kv_reads=3584 kv_checksum=0x85786499
ds4: dspark varmap phase K/V probe ok: ranges=1 raw=26/1 comp=0/0 lane_mask=0x00000001 max_run=26 desc_checksum=0xe26a5d1f kv_reads=3328 kv_checksum=0x5576d788
ds4: dspark varmap phase K/V probe ok: ranges=2 raw=26/1 comp=2/1 lane_mask=0x00000001 max_run=26 desc_checksum=0xb94a97cd kv_reads=3584 kv_checksum=0x03cbe550
ds4: dspark varmap phase K/V probe ok: ranges=1 raw=26/1 comp=0/0 lane_mask=0x00000001 max_run=26 desc_checksum=0xe26a5d1f kv_reads=3328 kv_checksum=0x739b6a1b
ds4: dspark varmap phase K/V probe ok: ranges=2 raw=26/1 comp=2/1 lane_mask=0x00000001 max_run=26 desc_checksum=0xb94a97cd kv_reads=3584 kv_checksum=0x606af767
ds4: dspark varmap phase K/V probe ok: ranges=1 raw=26/1 comp=0/0 lane_mask=0x00000001 max_run=26 desc_checksum=0xe26a5d1f kv_reads=3328 kv_checksum=0x361db748
ds4: dspark varmap phase K/V probe ok: ranges=2 raw=26/1 comp=2/1 lane_mask=0x00000001 max_run=26 desc_checksum=0xb94a97cd kv_reads=3584 kv_checksum=0x52175e39
ds4: dspark varmap phase K/V probe ok: ranges=1 raw=26/1 comp=0/0 lane_mask=0x00000001 max_run=26 desc_checksum=0xe26a5d1f kv_reads=3328 kv_checksum=0xc027b587
ds4: dspark varmap phase K/V probe ok: ranges=2 raw=26/1 comp=2/1 lane_mask=0x00000001 max_run=26 desc_checksum=0xb94a97cd kv_reads=3584 kv_checksum=0x879abf18
ds4: dspark varmap phase K/V probe ok: ranges=1 raw=26/1 comp=0/0 lane_mask=0x00000001 max_run=26 desc_checksum=0xe26a5d1f kv_reads=3328 kv_checksum=0x2083e72c
ds4: dspark varmap phase K/V probe ok: ranges=2 raw=26/1 comp=2/1 lane_mask=0x00000001 max_run=26 desc_checksum=0xb94a97cd kv_reads=3584 kv_checksum=0x81a9f0c9
ds4: dspark varmap phase K/V probe ok: ranges=1 raw=26/1 comp=0/0 lane_mask=0x00000001 max_run=26 desc_checksum=0xe26a5d1f kv_reads=3328 kv_checksum=0x5f67921b
ds4: dspark varmap phase K/V probe ok: ranges=2 raw=26/1 comp=2/1 lane_mask=0x00000001 max_run=26 desc_checksum=0xb94a97cd kv_reads=3584 kv_checksum=0x82042de1
ds4: dspark varmap phase K/V probe ok: ranges=1 raw=26/1 comp=0/0 lane_mask=0x00000001 max_run=26 desc_checksum=0xe26a5d1f kv_reads=3328 kv_checksum=0x789355ea
ds4: dspark varmap phase K/V probe ok: ranges=2 raw=26/1 comp=2/1 lane_mask=0x00000001 max_run=26 desc_checksum=0xb94a97cd kv_reads=3584 kv_checksum=0xdea8e770
ds4: dspark varmap phase K/V probe ok: ranges=1 raw=26/1 comp=0/0 lane_mask=0x00000001 max_run=26 desc_checksum=0xe26a5d1f kv_reads=3328 kv_checksum=0xd4a1c767
ds4: dspark varmap phase K/V probe ok: ranges=2 raw=26/1 comp=2/1 lane_mask=0x00000001 max_run=26 desc_checksum=0xb94a97cd kv_reads=3584 kv_checksum=0x161cbb08
ds4: dspark varmap phase K/V probe ok: ranges=2 raw=32/1 comp=8/1 lane_mask=0x00000003 max_run=32 desc_checksum=0x8efe97cd kv_reads=5120 kv_checksum=0x061ff116
ds4: dspark varmap phase K/V probe ok: ranges=1 raw=32/1 comp=0/0 lane_mask=0x00000001 max_run=32 desc_checksum=0x376c5d1f kv_reads=4096 kv_checksum=0xb01b7c68
ds4: dspark varmap phase K/V probe ok: ranges=2 raw=32/1 comp=8/1 lane_mask=0x00000003 max_run=32 desc_checksum=0x8efe97cd kv_reads=5120 kv_checksum=0xe49955d1
ds4: dspark varmap phase K/V probe ok: ranges=1 raw=32/1 comp=0/0 lane_mask=0x00000001 max_run=32 desc_checksum=0x376c5d1f kv_reads=4096 kv_checksum=0x14453592
ds4: dspark varmap phase K/V probe ok: ranges=2 raw=32/1 comp=8/1 lane_mask=0x00000003 max_run=32 desc_checksum=0x8efe97cd kv_reads=5120 kv_checksum=0x852b92de
ds4: dspark varmap phase K/V probe ok: ranges=1 raw=32/1 comp=0/0 lane_mask=0x00000001 max_run=32 desc_checksum=0x376c5d1f kv_reads=4096 kv_checksum=0x03d0867c
ds4: dspark varmap phase K/V probe ok: ranges=2 raw=32/1 comp=8/1 lane_mask=0x00000003 max_run=32 desc_checksum=0x8efe97cd kv_reads=5120 kv_checksum=0x3ec03c94
ds4: dspark varmap phase K/V probe ok: ranges=1 raw=32/1 comp=0/0 lane_mask=0x00000001 max_run=32 desc_checksum=0x376c5d1f kv_reads=4096 kv_checksum=0xe61307ea
ds4: dspark varmap phase K/V probe ok: ranges=2 raw=32/1 comp=8/1 lane_mask=0x00000003 max_run=32 desc_checksum=0x8efe97cd kv_reads=5120 kv_checksum=0x7346acbf
ds4: dspark varmap phase K/V probe ok: ranges=1 raw=32/1 comp=0/0 lane_mask=0x00000001 max_run=32 desc_checksum=0x376c5d1f kv_reads=4096 kv_checksum=0x09fd0eaa
ds4: dspark varmap phase K/V probe ok: ranges=2 raw=32/1 comp=8/1 lane_mask=0x00000003 max_run=32 desc_checksum=0x8efe97cd kv_reads=5120 kv_checksum=0x5da09d24
ds4: dspark varmap phase K/V probe ok: ranges=1 raw=32/1 comp=0/0 lane_mask=0x00000001 max_run=32 desc_checksum=0x376c5d1f kv_reads=4096 kv_checksum=0x02d301a7
ds4: dspark varmap phase K/V probe ok: ranges=2 raw=32/1 comp=8/1 lane_mask=0x00000003 max_run=32 desc_checksum=0x8efe97cd kv_reads=5120 kv_checksum=0xf6d6d444
ds4: dspark varmap phase K/V probe ok: ranges=1 raw=32/1 comp=0/0 lane_mask=0x00000001 max_run=32 desc_checksum=0x376c5d1f kv_reads=4096 kv_checksum=0xd81a0d79
ds4: dspark varmap phase K/V probe ok: ranges=2 raw=32/1 comp=8/1 lane_mask=0x00000003 max_run=32 desc_checksum=0x8efe97cd kv_reads=5120 kv_checksum=0xf091f399
ds4: dspark varmap phase K/V probe ok: ranges=1 raw=32/1 comp=0/0 lane_mask=0x00000001 max_run=32 desc_checksum=0x376c5d1f kv_reads=4096 kv_checksum=0xda62a24f
ds4: dspark varmap phase K/V probe ok: ranges=2 raw=32/1 comp=8/1 lane_mask=0x00000003 max_run=32 desc_checksum=0x8efe97cd kv_reads=5120 kv_checksum=0x3d3cd375
ds4: dspark varmap phase K/V probe ok: ranges=1 raw=32/1 comp=0/0 lane_mask=0x00000001 max_run=32 desc_checksum=0x376c5d1f kv_reads=4096 kv_checksum=0xf1aca4e2
ds4: dspark varmap phase K/V probe ok: ranges=2 raw=32/1 comp=8/1 lane_mask=0x00000003 max_run=32 desc_checksum=0x8efe97cd kv_reads=5120 kv_checksum=0x1a66eb13
ds4: dspark varmap phase K/V probe ok: ranges=1 raw=32/1 comp=0/0 lane_mask=0x00000001 max_run=32 desc_checksum=0x376c5d1f kv_reads=4096 kv_checksum=0xc5a978d5
ds4: dspark varmap phase K/V probe ok: ranges=2 raw=32/1 comp=8/1 lane_mask=0x00000003 max_run=32 desc_checksum=0x8efe97cd kv_reads=5120 kv_checksum=0xc208bca5
ds4: dspark varmap phase K/V probe ok: ranges=1 raw=32/1 comp=0/0 lane_mask=0x00000001 max_run=32 desc_checksum=0x376c5d1f kv_reads=4096 kv_checksum=0x0f75607b
ds4: dspark varmap phase K/V probe ok: ranges=2 raw=32/1 comp=8/1 lane_mask=0x00000003 max_run=32 desc_checksum=0x8efe97cd kv_reads=5120 kv_checksum=0x206e9b1a
ds4: dspark varmap phase K/V probe ok: ranges=1 raw=32/1 comp=0/0 lane_mask=0x00000001 max_run=32 desc_checksum=0x376c5d1f kv_reads=4096 kv_checksum=0xf4006031
ds4: dspark varmap phase K/V probe ok: ranges=2 raw=32/1 comp=8/1 lane_mask=0x00000003 max_run=32 desc_checksum=0x8efe97cd kv_reads=5120 kv_checksum=0x26b46e12
ds4: dspark varmap phase K/V probe ok: ranges=1 raw=32/1 comp=0/0 lane_mask=0x00000001 max_run=32 desc_checksum=0x376c5d1f kv_reads=4096 kv_checksum=0x1ab23a5b
ds4: dspark varmap phase K/V probe ok: ranges=2 raw=32/1 comp=8/1 lane_mask=0x00000003 max_run=32 desc_checksum=0x8efe97cd kv_reads=5120 kv_checksum=0x6dad738a
ds4: dspark varmap phase K/V probe ok: ranges=1 raw=32/1 comp=0/0 lane_mask=0x00000001 max_run=32 desc_checksum=0x376c5d1f kv_reads=4096 kv_checksum=0xee0476ab
ds4: dspark varmap phase K/V probe ok: ranges=2 raw=32/1 comp=8/1 lane_mask=0x00000003 max_run=32 desc_checksum=0x8efe97cd kv_reads=5120 kv_checksum=0xa6439b46
ds4: dspark varmap phase K/V probe ok: ranges=1 raw=32/1 comp=0/0 lane_mask=0x00000001 max_run=32 desc_checksum=0x376c5d1f kv_reads=4096 kv_checksum=0xd5ea1a7f
ds4: dspark varmap phase K/V probe ok: ranges=2 raw=32/1 comp=8/1 lane_mask=0x00000003 max_run=32 desc_checksum=0x8efe97cd kv_reads=5120 kv_checksum=0xf5b29f39
ds4: dspark varmap phase K/V probe ok: ranges=1 raw=32/1 comp=0/0 lane_mask=0x00000001 max_run=32 desc_checksum=0x376c5d1f kv_reads=4096 kv_checksum=0x41862abc
ds4: dspark varmap phase K/V probe ok: ranges=2 raw=32/1 comp=8/1 lane_mask=0x00000003 max_run=32 desc_checksum=0x8efe97cd kv_reads=5120 kv_checksum=0x7500f968
ds4: dspark varmap phase K/V probe ok: ranges=1 raw=32/1 comp=0/0 lane_mask=0x00000001 max_run=32 desc_checksum=0x376c5d1f kv_reads=4096 kv_checksum=0xd2fe78f0
ds4: dspark varmap phase K/V probe ok: ranges=2 raw=32/1 comp=8/1 lane_mask=0x00000003 max_run=32 desc_checksum=0x8efe97cd kv_reads=5120 kv_checksum=0x40d24ee8
ds4: dspark varmap phase K/V probe ok: ranges=1 raw=32/1 comp=0/0 lane_mask=0x00000001 max_run=32 desc_checksum=0x376c5d1f kv_reads=4096 kv_checksum=0x00fbbc6a
ds4: dspark varmap phase K/V probe ok: ranges=2 raw=32/1 comp=8/1 lane_mask=0x00000003 max_run=32 desc_checksum=0x8efe97cd kv_reads=5120 kv_checksum=0x1c54bb7a
ds4: dspark varmap phase K/V probe ok: ranges=1 raw=32/1 comp=0/0 lane_mask=0x00000001 max_run=32 desc_checksum=0x376c5d1f kv_reads=4096 kv_checksum=0x67528489
ds4: dspark varmap phase K/V probe ok: ranges=2 raw=32/1 comp=8/1 lane_mask=0x00000003 max_run=32 desc_checksum=0x8efe97cd kv_reads=5120 kv_checksum=0xb053a31b
ds4: dspark varmap phase K/V probe ok: ranges=1 raw=32/1 comp=0/0 lane_mask=0x00000001 max_run=32 desc_checksum=0x376c5d1f kv_reads=4096 kv_checksum=0xcfb7274a
ds4: dspark varmap phase K/V probe ok: ranges=2 raw=32/1 comp=8/1 lane_mask=0x00000003 max_run=32 desc_checksum=0x8efe97cd kv_reads=5120 kv_checksum=0xc1579864
ds4: ----------------------------------------
ds4: prefill: 5.57 t/s, generation: 32.80 t/s (16 tokens in 0.488s)
ds4: dspark acceptance: 85.7% (12/14 draft tokens)
ds4: dspark acceptance by position: 1=3/3 2=3/3 3=3/3 4=2/3 5=1/2
ds4: dspark avg scheduled: 4.67 draft tokens/block (3 blocks)
