ds4: warning: raw KV cap limits Metal prefill chunk (prefill_chunk=3072, raw_kv_rows=3072, raw_window=128, effective_chunk=2944; target raw cap for one chunk is 3328, also requires ctx >= that value)
ds4: context buffers 316.54 MiB (ctx=3072, backend=metal, prefill_chunk=3072, raw_kv_rows=3072, compressed_kv_rows=770)
ds4: Metal device Apple M5 Max, 128.00 GiB RAM
ds4: Metal lazy model views enabled (range 5.09..82702.74 MiB); model tensors will be wrapped per command batch
ds4: Metal mapped mmaped model as 0 overlapping shared buffers
ds4: metal backend initialized for graph diagnostics
ds4: prefill routed-MoE (requested): ANE hot + overlapped per-expert GPU gather/scatter cold  [per-token table path]
ds4: prefill quant scales (ANE env first): w_qscale=512 x_qscale=32 mid_qscale=32 w_scale=0.00195312 x_scale=0.03125 mid_scale=0.03125
ds4: prefill ANE (requested): dual-cluster=off workers=1 multi-active=on tiled-fused=on queue=8 refs=32..1024 batch=256 call_max_refs=256
ds4: prefill ctx-grow: on, block=2048 tokens
ds4: prefill chunk cap: 16384, graph_raw_cap=8704
ds4: using GPU graph generation with layer-major graph prefill
ds4: ANE i8w-i8x-tiled-fused cached async prefill B=256 H=4096 I=2048 w_scale=0.00195312 x_scale=0.03125 mid_scale=0.03125
ds4: resident routed MoE using ANE/GPU DeDup prefill (ANE refs >= 32, cold tail: classic GPU gather/scatter overlapped)
ds4: resident MPP/NAX prefill layer=0 mpp_groups=0 mpp_refs=0 fallback_groups=191 fallback_refs=3691 ane_groups=65 ane_refs=2897 ane_min_refs=32 ane_max_refs=1024 ane_start_failures=0 ane_scatter_failures=0 cold_tail=gather_scatter_gpu_overlap
ds4: resident MPP/NAX prefill layer=1 mpp_groups=0 mpp_refs=0 fallback_groups=184 fallback_refs=3441 ane_groups=72 ane_refs=3147 ane_min_refs=32 ane_max_refs=1024 ane_start_failures=0 ane_scatter_failures=0 cold_tail=gather_scatter_gpu_overlap
ds4: resident MPP/NAX prefill layer=2 mpp_groups=0 mpp_refs=0 fallback_groups=185 fallback_refs=3317 ane_groups=71 ane_refs=3271 ane_min_refs=32 ane_max_refs=1024 ane_start_failures=0 ane_scatter_failures=0 cold_tail=gather_scatter_gpu_overlap
ds4: resident MPP/NAX prefill layer=3 mpp_groups=0 mpp_refs=0 fallback_groups=187 fallback_refs=1818 ane_groups=51 ane_refs=4770 ane_min_refs=32 ane_max_refs=1024 ane_start_failures=0 ane_scatter_failures=0 cold_tail=gather_scatter_gpu_overlap
ds4: resident MPP/NAX prefill layer=4 mpp_groups=0 mpp_refs=0 fallback_groups=166 fallback_refs=1565 ane_groups=46 ane_refs=5023 ane_min_refs=32 ane_max_refs=1024 ane_start_failures=0 ane_scatter_failures=0 cold_tail=gather_scatter_gpu_overlap
ds4: resident MPP/NAX prefill layer=5 mpp_groups=0 mpp_refs=0 fallback_groups=193 fallback_refs=1856 ane_groups=43 ane_refs=4732 ane_min_refs=32 ane_max_refs=1024 ane_start_failures=0 ane_scatter_failures=0 cold_tail=gather_scatter_gpu_overlap
ds4: resident MPP/NAX prefill layer=6 mpp_groups=0 mpp_refs=0 fallback_groups=181 fallback_refs=1545 ane_groups=41 ane_refs=5043 ane_min_refs=32 ane_max_refs=1024 ane_start_failures=0 ane_scatter_failures=0 cold_tail=gather_scatter_gpu_overlap
ds4: resident MPP/NAX prefill layer=7 mpp_groups=0 mpp_refs=0 fallback_groups=171 fallback_refs=1401 ane_groups=37 ane_refs=5187 ane_min_refs=32 ane_max_refs=1024 ane_start_failures=0 ane_scatter_failures=0 cold_tail=gather_scatter_gpu_overlap
ds4: resident MPP/NAX prefill layer=8 mpp_groups=0 mpp_refs=0 fallback_groups=168 fallback_refs=1499 ane_groups=37 ane_refs=5089 ane_min_refs=32 ane_max_refs=1024 ane_start_failures=0 ane_scatter_failures=0 cold_tail=gather_scatter_gpu_overlap
ds4: resident MPP/NAX prefill layer=9 mpp_groups=0 mpp_refs=0 fallback_groups=185 fallback_refs=1695 ane_groups=47 ane_refs=4893 ane_min_refs=32 ane_max_refs=1024 ane_start_failures=0 ane_scatter_failures=0 cold_tail=gather_scatter_gpu_overlap
ds4: resident MPP/NAX prefill layer=10 mpp_groups=0 mpp_refs=0 fallback_groups=170 fallback_refs=1865 ane_groups=47 ane_refs=4723 ane_min_refs=32 ane_max_refs=1024 ane_start_failures=0 ane_scatter_failures=0 cold_tail=gather_scatter_gpu_overlap
ds4: resident MPP/NAX prefill layer=11 mpp_groups=0 mpp_refs=0 fallback_groups=172 fallback_refs=1486 ane_groups=54 ane_refs=5102 ane_min_refs=32 ane_max_refs=1024 ane_start_failures=0 ane_scatter_failures=0 cold_tail=gather_scatter_gpu_overlap
ds4: resident MPP/NAX prefill layer=12 mpp_groups=0 mpp_refs=0 fallback_groups=136 fallback_refs=1225 ane_groups=53 ane_refs=5363 ane_min_refs=32 ane_max_refs=1024 ane_start_failures=0 ane_scatter_failures=0 cold_tail=gather_scatter_gpu_overlap
ds4: resident MPP/NAX prefill layer=13 mpp_groups=0 mpp_refs=0 fallback_groups=161 fallback_refs=1491 ane_groups=41 ane_refs=5097 ane_min_refs=32 ane_max_refs=1024 ane_start_failures=0 ane_scatter_failures=0 cold_tail=gather_scatter_gpu_overlap
ds4: resident MPP/NAX prefill layer=14 mpp_groups=0 mpp_refs=0 fallback_groups=152 fallback_refs=1198 ane_groups=50 ane_refs=5390 ane_min_refs=32 ane_max_refs=1024 ane_start_failures=0 ane_scatter_failures=0 cold_tail=gather_scatter_gpu_overlap
ds4: resident MPP/NAX prefill layer=15 mpp_groups=0 mpp_refs=0 fallback_groups=152 fallback_refs=1538 ane_groups=46 ane_refs=5050 ane_min_refs=32 ane_max_refs=1024 ane_start_failures=0 ane_scatter_failures=0 cold_tail=gather_scatter_gpu_overlap
ds4: resident MPP/NAX prefill layer=16 mpp_groups=0 mpp_refs=0 fallback_groups=155 fallback_refs=1350 ane_groups=48 ane_refs=5238 ane_min_refs=32 ane_max_refs=1024 ane_start_failures=0 ane_scatter_failures=0 cold_tail=gather_scatter_gpu_overlap
ds4: resident MPP/NAX prefill layer=17 mpp_groups=0 mpp_refs=0 fallback_groups=154 fallback_refs=1531 ane_groups=58 ane_refs=5057 ane_min_refs=32 ane_max_refs=1024 ane_start_failures=0 ane_scatter_failures=0 cold_tail=gather_scatter_gpu_overlap
ds4: resident MPP/NAX prefill layer=18 mpp_groups=0 mpp_refs=0 fallback_groups=160 fallback_refs=1403 ane_groups=52 ane_refs=5185 ane_min_refs=32 ane_max_refs=1024 ane_start_failures=0 ane_scatter_failures=0 cold_tail=gather_scatter_gpu_overlap
ds4: resident MPP/NAX prefill layer=19 mpp_groups=0 mpp_refs=0 fallback_groups=161 fallback_refs=1575 ane_groups=64 ane_refs=5013 ane_min_refs=32 ane_max_refs=1024 ane_start_failures=0 ane_scatter_failures=0 cold_tail=gather_scatter_gpu_overlap
ds4: resident MPP/NAX prefill layer=20 mpp_groups=0 mpp_refs=0 fallback_groups=150 fallback_refs=1403 ane_groups=66 ane_refs=5185 ane_min_refs=32 ane_max_refs=1024 ane_start_failures=0 ane_scatter_failures=0 cold_tail=gather_scatter_gpu_overlap
ds4: resident MPP/NAX prefill layer=21 mpp_groups=0 mpp_refs=0 fallback_groups=151 fallback_refs=1599 ane_groups=53 ane_refs=4989 ane_min_refs=32 ane_max_refs=1024 ane_start_failures=0 ane_scatter_failures=0 cold_tail=gather_scatter_gpu_overlap
ds4: resident MPP/NAX prefill layer=22 mpp_groups=0 mpp_refs=0 fallback_groups=168 fallback_refs=1615 ane_groups=48 ane_refs=4973 ane_min_refs=32 ane_max_refs=1024 ane_start_failures=0 ane_scatter_failures=0 cold_tail=gather_scatter_gpu_overlap
ds4: resident MPP/NAX prefill layer=23 mpp_groups=0 mpp_refs=0 fallback_groups=148 fallback_refs=1391 ane_groups=59 ane_refs=5197 ane_min_refs=32 ane_max_refs=1024 ane_start_failures=0 ane_scatter_failures=0 cold_tail=gather_scatter_gpu_overlap
ds4: resident MPP/NAX prefill layer=24 mpp_groups=0 mpp_refs=0 fallback_groups=150 fallback_refs=1590 ane_groups=48 ane_refs=4998 ane_min_refs=32 ane_max_refs=1024 ane_start_failures=0 ane_scatter_failures=0 cold_tail=gather_scatter_gpu_overlap
ds4: resident MPP/NAX prefill layer=25 mpp_groups=0 mpp_refs=0 fallback_groups=163 fallback_refs=1862 ane_groups=53 ane_refs=4726 ane_min_refs=32 ane_max_refs=1024 ane_start_failures=0 ane_scatter_failures=0 cold_tail=gather_scatter_gpu_overlap
ds4: resident MPP/NAX prefill layer=26 mpp_groups=0 mpp_refs=0 fallback_groups=145 fallback_refs=1351 ane_groups=52 ane_refs=5237 ane_min_refs=32 ane_max_refs=1024 ane_start_failures=0 ane_scatter_failures=0 cold_tail=gather_scatter_gpu_overlap
ds4: resident MPP/NAX prefill layer=27 mpp_groups=0 mpp_refs=0 fallback_groups=167 fallback_refs=1628 ane_groups=48 ane_refs=4960 ane_min_refs=32 ane_max_refs=1024 ane_start_failures=0 ane_scatter_failures=0 cold_tail=gather_scatter_gpu_overlap
ds4: resident MPP/NAX prefill layer=28 mpp_groups=0 mpp_refs=0 fallback_groups=167 fallback_refs=1369 ane_groups=38 ane_refs=5219 ane_min_refs=32 ane_max_refs=1024 ane_start_failures=0 ane_scatter_failures=0 cold_tail=gather_scatter_gpu_overlap
ds4: resident MPP/NAX prefill layer=29 mpp_groups=0 mpp_refs=0 fallback_groups=177 fallback_refs=1729 ane_groups=49 ane_refs=4859 ane_min_refs=32 ane_max_refs=1024 ane_start_failures=0 ane_scatter_failures=0 cold_tail=gather_scatter_gpu_overlap
ds4: resident MPP/NAX prefill layer=30 mpp_groups=0 mpp_refs=0 fallback_groups=167 fallback_refs=1608 ane_groups=56 ane_refs=4980 ane_min_refs=32 ane_max_refs=1024 ane_start_failures=0 ane_scatter_failures=0 cold_tail=gather_scatter_gpu_overlap
ds4: resident MPP/NAX prefill layer=31 mpp_groups=0 mpp_refs=0 fallback_groups=170 fallback_refs=1935 ane_groups=58 ane_refs=4653 ane_min_refs=32 ane_max_refs=1024 ane_start_failures=0 ane_scatter_failures=0 cold_tail=gather_scatter_gpu_overlap
ds4: resident MPP/NAX prefill layer=32 mpp_groups=0 mpp_refs=0 fallback_groups=163 fallback_refs=1427 ane_groups=51 ane_refs=5161 ane_min_refs=32 ane_max_refs=1024 ane_start_failures=0 ane_scatter_failures=0 cold_tail=gather_scatter_gpu_overlap
ds4: resident MPP/NAX prefill layer=33 mpp_groups=0 mpp_refs=0 fallback_groups=180 fallback_refs=1796 ane_groups=46 ane_refs=4792 ane_min_refs=32 ane_max_refs=1024 ane_start_failures=0 ane_scatter_failures=0 cold_tail=gather_scatter_gpu_overlap
ds4: resident MPP/NAX prefill layer=34 mpp_groups=0 mpp_refs=0 fallback_groups=170 fallback_refs=1539 ane_groups=44 ane_refs=5049 ane_min_refs=32 ane_max_refs=1024 ane_start_failures=0 ane_scatter_failures=0 cold_tail=gather_scatter_gpu_overlap
ds4: resident MPP/NAX prefill layer=35 mpp_groups=0 mpp_refs=0 fallback_groups=180 fallback_refs=1858 ane_groups=49 ane_refs=4730 ane_min_refs=32 ane_max_refs=1024 ane_start_failures=0 ane_scatter_failures=0 cold_tail=gather_scatter_gpu_overlap
ds4: resident MPP/NAX prefill layer=36 mpp_groups=0 mpp_refs=0 fallback_groups=174 fallback_refs=1498 ane_groups=34 ane_refs=5090 ane_min_refs=32 ane_max_refs=1024 ane_start_failures=0 ane_scatter_failures=0 cold_tail=gather_scatter_gpu_overlap
ds4: resident MPP/NAX prefill layer=37 mpp_groups=0 mpp_refs=0 fallback_groups=170 fallback_refs=1606 ane_groups=52 ane_refs=4982 ane_min_refs=32 ane_max_refs=1024 ane_start_failures=0 ane_scatter_failures=0 cold_tail=gather_scatter_gpu_overlap
ds4: resident MPP/NAX prefill layer=38 mpp_groups=0 mpp_refs=0 fallback_groups=180 fallback_refs=1628 ane_groups=40 ane_refs=4960 ane_min_refs=32 ane_max_refs=1024 ane_start_failures=0 ane_scatter_failures=0 cold_tail=gather_scatter_gpu_overlap
ds4: resident MPP/NAX prefill layer=39 mpp_groups=0 mpp_refs=0 fallback_groups=169 fallback_refs=1742 ane_groups=53 ane_refs=4846 ane_min_refs=32 ane_max_refs=1024 ane_start_failures=0 ane_scatter_failures=0 cold_tail=gather_scatter_gpu_overlap
ds4: resident MPP/NAX prefill layer=40 mpp_groups=0 mpp_refs=0 fallback_groups=169 fallback_refs=1669 ane_groups=43 ane_refs=4919 ane_min_refs=32 ane_max_refs=1024 ane_start_failures=0 ane_scatter_failures=0 cold_tail=gather_scatter_gpu_overlap
ds4: resident MPP/NAX prefill layer=41 mpp_groups=0 mpp_refs=0 fallback_groups=178 fallback_refs=1787 ane_groups=52 ane_refs=4801 ane_min_refs=32 ane_max_refs=1024 ane_start_failures=0 ane_scatter_failures=0 cold_tail=gather_scatter_gpu_overlap
ds4: resident MPP/NAX prefill layer=42 mpp_groups=0 mpp_refs=0 fallback_groups=166 fallback_refs=1605 ane_groups=50 ane_refs=4983 ane_min_refs=32 ane_max_refs=1024 ane_start_failures=0 ane_scatter_failures=0 cold_tail=gather_scatter_gpu_overlap
ds4: metal layer-major prefill total tokens=1098 encode=18182.115 ms execute=1811.796 ms read=0.037 ms total=19993.973 ms
ds4: prefill full: 1098 tokens in 20265.1 ms (54.2 t/s)
We
ds4: ----------------------------------------
ds4: prefill: 54.18 t/s, generation: 3906.25 t/s
ds4: ANE prefill stats calls=2165 ok=2165 skipped_big_refs=0 compile_attempts=1 compile_failures=0 eval_calls=2342 eval_failures=0 write_failures=0 reopen_failures=0
ds4: ANE prefill timing dequant=10.807 ms input=0.462 ms ane_eval=4049.968 ms ane_eval_a=4049.968 ms ane_eval_b=0.000 ms ane_eval_c=0.000 ms ane_eval_d=0.000 ms ane_wall_est=4049.968 ms writeback=10.312 ms helper_avg=1.729278 ms ane_calls=2342 ane_call_avg=1.729278 ms
ds4: ANE prefill timing2 output_pack=9.707 ms measured_total=4081.256 ms
ds4: ANE prefill timing3 dequant_wait=23962.266 ms post_wait=0.000 ms x_zero=12.027 ms x_copy=15.768 ms out_zero=34.452 ms out_f16_copy=34.811 ms output_convert=9.707 ms output_gpu_encode=9.707 ms output_chunks=2165 output_elems=858353664 output_convert_rate=88.426 Gelem/s
ds4: ANE prefill timing4 wait_predict=0.000 ms finish_join_ane=3575.311 ms finish_join_post=0.000 ms wait_predict_calls=0 finish_calls=2165
ds4: ANE prefill chunks refs=209559 padded_refs=599552 pad_util=34.95% le16=14 le64=1278 le128=555 full=178
ds4: ANE prefill batch_hist B256=2342 refs=209559 util=35.0%
