Here is a reflective literary short story about an elderly lighthouse keeper, exploring themes of isolation, regret, and reconciliation.

---

The island was a tooth of black rock in a gray sea, a place where the wind had a sound like a long, low moan. It was a sound Arthur had grown so accustomed to that he no longer heard it, just as he no longer saw the salt-scoured panes of the lantern room or felt the perpetual chill in the stone of the tower. The lighthouse, a white cylinder streaked with rust and guano, was his world. Its light, a beam of concentrated brilliance, was his only conversation with the mainland, a silent, rhythmic pulse that said, *I am here. Beware. I am here.*

He had been the keeper for forty-two years. The job had been a retreat, a self-imposed exile from a life that had grown too loud, too demanding. He had traded the clutter of human connection for the stark clarity of the sea and sky. He had traded the memory of a daughter’s tears for the predictable turning of the tide. The mainland, a hazy line on the horizon, was a place of other people’s problems. He watched its lights at night, a distant, shimmering constellation of lives he no longer touched.

The supply boat came every three months. It was a dot on the water that grew into a speck, then a shape, then a rusty trawler that coughed its way into the island’s tiny, sheltered cove. The skipper, a man named Jorgen who had been delivering supplies for a decade, would toss two heavy crates onto the wet stone jetty. One held food: tinned meat, dried biscuits, coffee, and a precious sack of oranges. The other held oil for the lamp, wicks, cleaning rags, and a small canvas bag of mail.

Mail was a rare and unsettling event. For the first ten years, letters came from his daughter, Elara. They were long, frantic, handwritten pleas for understanding, for forgiveness, for a grandfatherly presence in the life of a child he had never held. He had read them, sitting in the kitchen of the lighthouse, the words blurring as the guilt rose in his throat like bile. He had never answered. He had meant to. He had started replies a hundred times, the paper before him as blank as his heart. But the words wouldn’t come. What could he say? That the sea was a demanding master? That the light was a jealous god? That the sight of a child’s face in a photograph was a pain he couldn’t endure? He had folded the letters away, burying them in a tin box under a loose floorboard in the bedroom. After a decade, the letters stopped. He had felt a profound, hollow relief, followed by a deeper, more permanent loneliness.

Now, as Jorgen handed him the mail bag, Arthur felt the familiar, unwelcome flutter in his chest. The bag was lighter than usual. He took it, grunted a thank you, and watched the boat chug away, leaving him to the silence and the gulls.

Back in the kitchen, a room that smelled of lamp oil, boiled tea, and old wool, he opened the bag. Inside was a single envelope. It was thick, creamy paper, the kind that felt expensive. The address was written in a careful, elegant hand: *Arthur K. Vance, Keeper of the Outer Rock Light, c/o General Delivery, Port Blaine.*

He slit the envelope with a knife he kept sharp for cleaning fish. He unfolded the paper. It was three pages long. He put on his reading glasses, the ones he only used for the nautical almanac, and began to read.

*Dear Grandfather,*

The word hit him like a wave. He had never been called that. He was Arthur. He was the Keeper. He was a man who lived alone. He was not a grandfather.

*My name is Lily. I am your granddaughter. I am twenty-three years old. I am a student of marine biology at the University of Halifax. I have spent my life wondering about you.*

Arthur’s hands began to tremble. He sat down heavily on the wooden chair, the letter held in a grip that was both fragile and fierce.

*My mother, Elara, passed away two years ago. She never stopped talking about you. She never stopped loving you. She kept a photograph of you on the mantelpiece. It was a picture of you on this very island, young and strong, your face turned to the sea. She said you were the bravest man she ever knew, and the most lost.*

A tear, hot and sudden, splashed onto the page. He hadn’t cried in thirty years. He had forgotten the sensation. He wiped it away with the back of his hand, a hand that was cracked and stained with oil.

*In her final months, she made me promise to find you. She said you were a riddle she never solved, and she wanted me to have the answer. I don’t know if I will find an answer. But I want to find you. I want to understand the man who could leave his daughter and live in a lighthouse. I want to understand the man who could be so brave and so afraid.*

The letter went on. Lily described her life: a childhood filled with Elara’s stories of a mythical grandfather who could read the stars and tame the wind. She described her own love for the sea, a love she now understood was a genetic echo. She wrote of her studies, of the whales she tracked, of the plankton she cataloged. She wrote of the loneliness of the ocean, a loneliness she felt she shared with him.

*I am not angry,* she wrote. *I am curious. I am, perhaps, a little sad. But I am not angry. I have seen the sea in a storm. I have seen how it can take a ship and leave no trace. I think you were caught in a storm of your own making, and you have been trying to find a safe harbor ever since. I am writing to tell you that the harbor is still there. It is not a place. It is a person. It is me.*

Arthur read the letter three times. He read it until the words were etched into his memory. He looked out the kitchen window. The sea was a flat, metallic gray under a lowering sky. The gulls were silent, huddled on the rocks. The light was on, a steady, brilliant beam sweeping across the water, a mechanical heartbeat in the dying day.

He thought of Elara. He saw her face, not as a child, but as a woman in a photograph he had never opened. He saw her eyes, the same pale blue as his own, looking out from a frame on a mantelpiece in a house he had never entered. He saw her love, a love he had starved. He saw her death, a death he had not mourned.

The isolation he had so carefully crafted was not a fortress. It was a prison. The silence he had worshipped was not peace. It was a lie. He had not escaped the world. He had simply turned his back on it, and in doing so, had turned his back on the only people who had ever truly seen him.

He went to the bedroom. He pried up the loose floorboard. The tin box was there, rusted at the hinges. He opened it. Inside were the letters, tied with a piece of frayed string. He took them out. There were twenty-three of them, one for every year of Lily’s life, though she had not been born for the first few. He untied the string. He began to read.

*Dear Father, Elara is walking now. She has your stubbornness. She falls, she gets up, she falls again. She never cries. She just looks at the world with a frown, as if daring it to try harder. I wish you could see her.*

*Dear Father, I named her Lily. It was your mother’s name. I wanted to give her a piece of you, a piece of the family you left behind. I hoped you would come back. I hoped you would see her.*

*Dear Father, I am tired. I am tired of being strong. I am tired of explaining you to a child who asks why she has no grandfather. I am tired of the silence. I am tired of the hope.*

The letters were a chronicle of a love that had been slowly, painfully extinguished. They were a record of a woman’s slow, deliberate choice to stop hurting. The last letter, written ten years ago, was short.

*Dear Father, I am done. I have no more words. I have no more hope. I have a daughter who is beautiful and kind and she will never know you. And I think, for her sake, that is for the best. Goodbye, Elara.*

Arthur sat on the cold stone floor of the bedroom, the letters scattered around him like fallen leaves. He had not just lost a daughter. He had murdered a relationship. He had starved a grandmother. He had erased a grandfather. He had created a void, and into that void, he had poured the sea.

He looked at Lily’s letter again. *The harbor is still there. It is not a place. It is a person. It is me.*

He stood up. He walked to the small desk in the corner of the kitchen. He took out a sheet of paper, the same kind he used for the logbook. He dipped his fountain pen in the inkwell. He began to write.

*Dear Lily,*

The words came slowly, painfully, like stones being pried from a wall.

*I am the man who was too afraid to be a father. I am the man who chose the sea over his own daughter. I am the man who has spent forty-two years trying to forget a face he should have cherished. I am the man who has just discovered that he is a grandfather.*

He wrote for hours. He wrote of the storm that had driven him to the island, a storm not of wind and rain, but of grief and inadequacy. He wrote of the death of his own wife, Elara’s mother, in childbirth, and the terror of being left alone with a tiny, fragile life he felt he would surely break. He wrote of the desperate, cowardly logic that had led him to believe that leaving was a form of love, a way to spare his daughter the burden of his own brokenness. He wrote of the light, and how it had become a substitute for the human warmth he had rejected. He wrote of the letters he had never answered, the guilt that had calcified into a second skin. He wrote of the loneliness that was not a choice, but a punishment.

He wrote of Elara. He wrote of her smile, which he remembered as a blur of light. He wrote of her tiny hand in his, a memory so faint it felt like a dream. He wrote of the love he had felt, a love so vast and terrifying it had driven him away. He wrote of the shame of a man who had been a coward.

And then he wrote of Lily.

*You are a marine biologist. You study the sea. I have lived on the sea for forty-two years, and I know nothing of it. I know its moods, its colors, its treachery. But I do not know its life. I do not know the whales. I do not know the plankton. You have knowledge I lack. You have a life I have never lived. You have a heart that has found the courage to write to a ghost.*

*I am not a brave man. I am a man who has been hiding. But I am also a man who has just been found. I do not know if I can be a grandfather. I do not know if I can be a father. But I know I can no longer be a ghost.*

