ds4: detected DS4 sidecar package: -m /Users/anemll/Models/flash/dsv4-iq2xxs-expert-major/dense/model-dense.gguf, --moe-sidecar /Users/anemll/Models/flash/dsv4-iq2xxs-expert-major, --moe-mode slot-bank
ds4: applied sidecar tuning profile [Apple M5 Max] from ds4_profile.json (51 env defaults set, 0 kept from environment)
ds4: warning: raw KV cap limits Metal prefill chunk (prefill_chunk=4096, raw_kv_rows=4096, raw_window=128, effective_chunk=3968; target raw cap for one chunk is 4352, also requires ctx >= that value)
ds4: context buffers 387.12 MiB (ctx=4096, backend=metal, prefill_chunk=4096, raw_kv_rows=4096, compressed_kv_rows=514/1026 max, grow_block=2048)
ds4: Flash-MoE sidecar loaded: /Users/anemll/Models/flash/dsv4-iq2xxs-expert-major (slot-bank=256, expert-record 6.75 MiB)
ds4: Flash-MoE expert mmap cache: off; expert reads: pread
ds4: Metal device Apple M5 Max, 128.00 GiB RAM, GPU working-set budget 107.52 GiB (raise with: sudo sysctl iogpu.wired_limit_mb=<MB>)
ds4: drift-patch flags hc_stable=on norm_unify=on kv_raw_f32=off rope_exp2_log2=off math_safe=off tensor_matmul=off
ds4: MXFP4 native library (MSL 4.1): repack=ok selected-repack=ok selected-plane-copy=ok scale-plane matmul=ok selected-matmul=ok decode2=pair/sum6 batch-decode2=pair/sum6 batch-strided=pair/sum6 hybrid-down=sum6 chunked-decode2=pair/sum6
ds4: DS4_MXFP4_NATIVE=1: native MXFP4 available (MPP 4.1 scale-plane matmul2d)
ds4: DSpark resident expert cache: ranges=9 bytes=9.56 GiB (persistent; debug opt-out requires DS4_DSPARK_ALLOW_NONRESIDENT=1)
ds4: DSpark sidecar Metal residency requested: buffers=9 bytes=9.56 GiB
ds4: DSpark draft package loaded: /Users/anemll/Models/DSv4-Flash-DSpark-draft (block=5 verify=5 active=5 scheduler=static conf=0.000 noise=128799 target_layers=40,41,42 markov_rank=256 records=81 mapped=10.12 GiB)
ds4: DSpark draft records: F32=41 F16=6 FP8_E4M3=25 MXFP4_NATIVE=9
ds4: DSpark draft inference enabled: MPP 4.1 FP8/MXFP4 draft kernels, fused routed-MoE per draft layer, persistent resident experts, greedy Markov head, strict_v1 verifier
ds4: Flash-MoE using mmap-backed dense/shared weights without full-model Metal residency warmup
ds4: Metal model views created in 0.246 ms, residency requested in 0.000 ms, warmup 0.000 ms (mapped 8393.67 MiB from offset 5.06 MiB)
ds4: Metal mapped mmaped model as 1 overlapping shared buffers
ds4: metal backend initialized for graph diagnostics
ds4: prefill routed-MoE (requested): mul_mm_id (grouped GPU / ALU)  [grouped path]
ds4: prefill quant scales (ANE env first): w_qscale=512 x_qscale=32 mid_qscale=32 w_scale=0.00195312 x_scale=0.03125 mid_scale=0.03125
ds4: prefill ctx-grow: on, block=2048 tokens
ds4: prefill chunk cap: 16384, graph_raw_cap=auto
ds4: Flash-MoE resident mixed slot-bank load: layers=43 slots=256 bytes=72.56 GiB (one dot per layer)
ds4: Flash-MoE resident prepare: ........................................... 72.56/72.56 GiB (43 layers)
ds4: Flash-MoE resident preload: ........................................... 72.56/72.56 GiB (43 layers)
ds4: Flash-MoE preloaded mixed slot bank: layers=43 slots=256 identity-mapped experts=256
ds4: Flash-MoE slot-bank Metal residency requested: buffers=43 bytes=72.56 GiB
ds4: Flash-MoE slot-bank pages touched: buffers=43 bytes=72.56 GiB
ds4: Flash-MoE slot banks allocated: layers=43 slots=256 gpu-bank=72.6GB Dense: 8.2GB Context: 0.4GB Total <<<< 81.2GB >>>>
ds4: Flash-MoE slot bank layout: mixed expert-major
ds4: warning: very large Flash-MoE slot bank can collapse decode throughput (slots=256, gpu-bank=72.56 GiB). The wired bank competes with the OS file cache that serves decode-miss reads of the sidecar; when the sidecar is larger than RAM, smaller banks decode faster. Compare --moe-slot-bank 32/48/64 or use --ssd-cache auto.
ds4: prefill compute: routed experts = ANE i8i8 (W8A8) | dense proj = Q8 direct-RHS NAX; K-quant dense = fused mul_mm_id batch
ds4: prefill I/O: io-split=4 async-pread=on pread-threads=4 readahead=12 bank-prefetch=3 slot-cache-topk=0 xlayer=auto<=6k-tok topk=128
ds4: decode  I/O: io-split=4 router-prefetch=off scratch-prefetch=off max-loads=0 layer-stride=1 miss-direct-slot-pread=on prefetch-direct-slot-pread=off did-modify=on shared-down=on reset-after-prefill=off realloc-after-prefill=off restore-after-prefill=off resident=slot-bank slots=256
ds4: Flash-MoE banked kernels using M5 simdgroup_matrix fast path (prefetch=3, banks=4)
ds4: WARNING: prefill chunk 4096 clamped to 3968 by raw-KV cap (raw_cap=4096, window=128). Set DS4_METAL_GRAPH_RAW_CAP >= 4224 (window + chunk) — or unset it to auto-size — to honor the chunk.
ds4: prefill chunk cap EFFECTIVE=3968 tokens (DS4_METAL_PREFILL_CHUNK=16384), CLAMPED by raw-KV-cap (ctx-grow) (resident-NAX tiles this by scratch_cap; that tile gates the sync bridge)
processing 19 input tokens: 0/19 (0.0%) batch=0.00 t/s avg=0.00 t/s
ds4: ANE i8w-i8x-tiled-fused cached async prefill B=256 H=4096 I=2048 w_scale=0.00195312 x_scale=0.03125 mid_scale=0.03125
processing 19 input tokens: 0/19 (0.0%) batch=0.00 t/s avg=0.00 t/s
processing 19 input tokens: 0/19 (0.0%) batch=0.00 t/s avg=0.00 t/s
processing 19 input tokens: 1/19 (5.3%) batch=28.89 t/s avg=0.71 t/s
processing 19 input tokens: 1/19 (5.3%) batch=0.00 t/s avg=0.70 t/s
processing 19 input tokens: 2/19 (10.5%) batch=55.45 t/s avg=1.39 t/s
processing 19 input tokens: 2/19 (10.5%) batch=0.00 t/s avg=1.37 t/s
processing 19 input tokens: 3/19 (15.8%) batch=54.96 t/s avg=2.04 t/s
processing 19 input tokens: 3/19 (15.8%) batch=0.00 t/s avg=2.01 t/s
processing 19 input tokens: 3/19 (15.8%) batch=0.00 t/s avg=1.98 t/s
processing 19 input tokens: 4/19 (21.1%) batch=50.01 t/s avg=2.61 t/s
processing 19 input tokens: 4/19 (21.1%) batch=0.00 t/s avg=2.57 t/s
processing 19 input tokens: 5/19 (26.3%) batch=50.50 t/s avg=3.18 t/s
processing 19 input tokens: 5/19 (26.3%) batch=0.00 t/s avg=3.14 t/s
processing 19 input tokens: 6/19 (31.6%) batch=55.74 t/s avg=3.73 t/s
processing 19 input tokens: 6/19 (31.6%) batch=0.00 t/s avg=3.69 t/s
processing 19 input tokens: 7/19 (36.8%) batch=60.86 t/s avg=4.26 t/s
processing 19 input tokens: 7/19 (36.8%) batch=0.00 t/s avg=4.21 t/s
processing 19 input tokens: 7/19 (36.8%) batch=0.00 t/s avg=4.17 t/s
processing 19 input tokens: 8/19 (42.1%) batch=54.88 t/s avg=4.72 t/s
processing 19 input tokens: 8/19 (42.1%) batch=0.00 t/s avg=4.65 t/s
processing 19 input tokens: 9/19 (47.4%) batch=57.32 t/s avg=5.18 t/s
processing 19 input tokens: 9/19 (47.4%) batch=0.00 t/s avg=5.13 t/s
processing 19 input tokens: 10/19 (52.6%) batch=52.57 t/s avg=5.63 t/s
processing 19 input tokens: 10/19 (52.6%) batch=0.00 t/s avg=5.57 t/s
processing 19 input tokens: 11/19 (57.9%) batch=60.01 t/s avg=6.07 t/s
processing 19 input tokens: 11/19 (57.9%) batch=0.00 t/s avg=6.01 t/s
processing 19 input tokens: 11/19 (57.9%) batch=0.00 t/s avg=5.96 t/s
processing 19 input tokens: 12/19 (63.2%) batch=52.57 t/s avg=6.44 t/s
processing 19 input tokens: 12/19 (63.2%) batch=0.00 t/s avg=6.38 t/s
processing 19 input tokens: 13/19 (68.4%) batch=49.22 t/s avg=6.84 t/s
processing 19 input tokens: 13/19 (68.4%) batch=0.00 t/s avg=6.77 t/s
processing 19 input tokens: 14/19 (73.7%) batch=52.46 t/s avg=7.22 t/s
processing 19 input tokens: 14/19 (73.7%) batch=0.00 t/s avg=7.16 t/s
processing 19 input tokens: 15/19 (78.9%) batch=57.42 t/s avg=7.60 t/s
processing 19 input tokens: 15/19 (78.9%) batch=0.00 t/s avg=7.53 t/s
processing 19 input tokens: 15/19 (78.9%) batch=0.00 t/s avg=7.45 t/s
processing 19 input tokens: 16/19 (84.2%) batch=53.35 t/s avg=7.87 t/s
processing 19 input tokens: 16/19 (84.2%) batch=0.00 t/s avg=7.80 t/s
processing 19 input tokens: 17/19 (89.5%) batch=54.90 t/s avg=8.21 t/s
processing 19 input tokens: 17/19 (89.5%) batch=0.00 t/s avg=8.13 t/s
processing 19 input tokens: 18/19 (94.7%) batch=54.19 t/s avg=8.53 t/s
processing 19 input tokens: 18/19 (94.7%) batch=0.00 t/s avg=8.45 t/s
processing 19 input tokens: 19/19 (100.0%) batch=46.24 t/s avg=8.83 t/s
ds4: prefill full: 19 tokens in 2152.7 ms (8.8 t/s)
ds4: dspark block profile layer=0 hc_attn=1.216 ms
ds4: dspark draft FP8 rows5 kernel enabled
ds4: dspark block profile layer=0 q_proj=9.359 ms
ds4: dspark block profile layer=0 kv_proj=0.407 ms
ds4: dspark block profile layer=0 attn=0.303 ms
ds4: dspark draft FP8 strided rows5 kernel enabled
ds4: dspark block profile layer=0 attn_out=16.605 ms
ds4: dspark block profile layer=0 ffn_hc=1.051 ms
ds4: dspark block profile layer=0 shared_router=9.426 ms
ds4: [mxfp4-native] two-dispatch plane decode arm engaged (dspark-strided, experts=6)
ds4: dspark block profile layer=0 routed=20.597 ms
ds4: dspark block profile layer=1 hc_attn=1.224 ms
ds4: dspark block profile layer=1 q_proj=9.572 ms
ds4: dspark block profile layer=1 kv_proj=0.887 ms
ds4: dspark block profile layer=1 attn=0.991 ms
ds4: dspark block profile layer=1 attn_out=17.705 ms
ds4: dspark block profile layer=1 ffn_hc=1.062 ms
ds4: dspark block profile layer=1 shared_router=9.410 ms
ds4: dspark block profile layer=1 routed=2.546 ms
ds4: dspark block profile layer=2 hc_attn=1.274 ms
ds4: dspark block profile layer=2 q_proj=11.002 ms
ds4: dspark block profile layer=2 kv_proj=1.276 ms
ds4: dspark block profile layer=2 attn=1.062 ms
ds4: dspark block profile layer=2 attn_out=17.539 ms
ds4: dspark block profile layer=2 ffn_hc=1.102 ms
ds4: dspark block profile layer=2 shared_router=8.607 ms
ds4: dspark block profile layer=2 routed=1.702 ms
ds4: dspark draft profile cap=5 rows=5 graph=151.016 ms markov=30.312 ms total=181.328 ms
ds4: DSpark draft warmup: cap=5 rows=5 in 181.4 ms (paid before decode timer)
ds4: Flash-MoE mixed resident bank using fused GPU-selected decode path (slot id == expert id)
ds4: dspark block profile layer=0 hc_attn=0.273 ms
ds4: dspark block profile layer=0 q_proj=0.671 ms
ds4: dspark block profile layer=0 kv_proj=0.429 ms
ds4: dspark block profile layer=0 attn=0.223 ms
ds4: dspark block profile layer=0 attn_out=1.277 ms
ds4: dspark block profile layer=0 ffn_hc=0.293 ms
ds4: dspark block profile layer=0 shared_router=0.606 ms
ds4: dspark block profile layer=0 routed=0.975 ms
ds4: dspark block profile layer=1 hc_attn=0.271 ms
ds4: dspark block profile layer=1 q_proj=0.572 ms
ds4: dspark block profile layer=1 kv_proj=0.341 ms
ds4: dspark block profile layer=1 attn=0.253 ms
ds4: dspark block profile layer=1 attn_out=1.259 ms
ds4: dspark block profile layer=1 ffn_hc=0.313 ms
ds4: dspark block profile layer=1 shared_router=0.629 ms
ds4: dspark block profile layer=1 routed=0.955 ms
ds4: dspark block profile layer=2 hc_attn=0.273 ms
ds4: dspark block profile layer=2 q_proj=0.657 ms
ds4: dspark block profile layer=2 kv_proj=0.432 ms
ds4: dspark block profile layer=2 attn=0.238 ms
ds4: dspark block profile layer=2 attn_out=1.261 ms
ds4: dspark block profile layer=2 ffn_hc=0.314 ms
ds4: dspark block profile layer=2 shared_router=0.563 ms
ds4: dspark block profile layer=2 routed=0.940 ms
ds4: dspark draft profile cap=5 rows=5 graph=15.511 ms markov=2.112 ms total=17.623 ms
ds4: dspark verifier strict_v1 active=5 prefixN=1
ds4: dspark verifier Q8 rows5 shared-exact kernel enabled
ds4: dspark verifier microbatch KV FP8/raw-store rows enabled
ds4: dspark hybrid FFN-pre verifier using exact F16 rows path
ds4: dspark hybrid row-router verifier using exact F16 logits rows path
ds4: dspark hybrid row-router verifier using exact selector rows path
ds4: dspark row-routed direct Q2 down ordered-sum enabled
ds4: dspark hybrid row-routed verifier using row-exact tiny batch path
ds4: dspark hybrid shared verifier using exact fused rows path
ds4: dspark hybrid shared verifier using exact shared-down+HC rows path
ds4: dspark hybrid attention verifier using exact F16 compressor rows path
ds4: dspark hybrid attention verifier using exact F16 indexer-compressor rows path
ds4: dspark hybrid verifier deferring plain attention heads to MMA batch call
ds4: dspark block profile layer=0 hc_attn=0.237 ms
ds4: dspark block profile layer=0 q_proj=0.558 ms
ds4: dspark block profile layer=0 kv_proj=0.339 ms
ds4: dspark block profile layer=0 attn=0.270 ms
ds4: dspark block profile layer=0 attn_out=1.093 ms
ds4: dspark block profile layer=0 ffn_hc=0.310 ms
ds4: dspark block profile layer=0 shared_router=0.555 ms
ds4: dspark block profile layer=0 routed=0.915 ms
ds4: dspark block profile layer=1 hc_attn=0.245 ms
ds4: dspark block profile layer=1 q_proj=0.665 ms
ds4: dspark block profile layer=1 kv_proj=0.329 ms
ds4: dspark block profile layer=1 attn=0.276 ms
ds4: dspark block profile layer=1 attn_out=1.079 ms
ds4: dspark block profile layer=1 ffn_hc=0.275 ms
ds4: dspark block profile layer=1 shared_router=0.641 ms
ds4: dspark block profile layer=1 routed=0.896 ms
ds4: dspark block profile layer=2 hc_attn=0.277 ms
ds4: dspark block profile layer=2 q_proj=0.618 ms
ds4: dspark block profile layer=2 kv_proj=0.332 ms
ds4: dspark block profile layer=2 attn=0.290 ms
ds4: dspark block profile layer=2 attn_out=1.117 ms
ds4: dspark block profile layer=2 ffn_hc=0.249 ms
ds4: dspark block profile layer=2 shared_router=0.626 ms
ds4: dspark block profile layer=2 routed=0.875 ms
ds4: dspark draft profile cap=5 rows=5 graph=14.534 ms markov=2.018 ms total=16.552 ms
ds4: dspark block profile layer=0 hc_attn=0.268 ms
ds4: dspark block profile layer=0 q_proj=0.569 ms
ds4: dspark block profile layer=0 kv_proj=0.311 ms
ds4: dspark block profile layer=0 attn=0.224 ms
ds4: dspark block profile layer=0 attn_out=1.034 ms
ds4: dspark block profile layer=0 ffn_hc=0.288 ms
ds4: dspark block profile layer=0 shared_router=0.604 ms
ds4: dspark block profile layer=0 routed=0.946 ms
ds4: dspark block profile layer=1 hc_attn=0.326 ms
ds4: dspark block profile layer=1 q_proj=0.669 ms
ds4: dspark block profile layer=1 kv_proj=0.364 ms
ds4: dspark block profile layer=1 attn=0.244 ms
ds4: dspark block profile layer=1 attn_out=1.093 ms
ds4: dspark block profile layer=1 ffn_hc=0.270 ms
ds4: dspark block profile layer=1 shared_router=0.619 ms
ds4: dspark block profile layer=1 routed=0.953 ms
ds4: dspark block profile layer=2 hc_attn=0.275 ms
ds4: dspark block profile layer=2 q_proj=0.597 ms
ds4: dspark block profile layer=2 kv_proj=0.332 ms
ds4: dspark block profile layer=2 attn=0.202 ms
ds4: dspark block profile layer=2 attn_out=1.031 ms
ds4: dspark block profile layer=2 ffn_hc=0.371 ms
ds4: dspark block profile layer=2 shared_router=0.621 ms
ds4: dspark block profile layer=2 routed=0.989 ms
ds4: dspark draft profile cap=5 rows=5 graph=14.707 ms markov=2.102 ms total=16.809 ms
ds4: dspark block profile layer=0 hc_attn=0.267 ms
ds4: dspark block profile layer=0 q_proj=0.628 ms
ds4: dspark block profile layer=0 kv_proj=0.349 ms
ds4: dspark block profile layer=0 attn=0.214 ms
ds4: dspark block profile layer=0 attn_out=1.038 ms
ds4: dspark block profile layer=0 ffn_hc=0.292 ms
ds4: dspark block profile layer=0 shared_router=0.560 ms
ds4: dspark block profile layer=0 routed=0.919 ms
ds4: dspark block profile layer=1 hc_attn=0.283 ms
ds4: dspark block profile layer=1 q_proj=0.626 ms
ds4: dspark block profile layer=1 kv_proj=0.391 ms
ds4: dspark block profile layer=1 attn=0.237 ms
ds4: dspark block profile layer=1 attn_out=1.086 ms
ds4: dspark block profile layer=1 ffn_hc=0.253 ms
ds4: dspark block profile layer=1 shared_router=0.579 ms
ds4: dspark block profile layer=1 routed=0.910 ms
ds4: dspark block profile layer=2 hc_attn=0.322 ms
ds4: dspark block profile layer=2 q_proj=0.567 ms
ds4: dspark block profile layer=2 kv_proj=0.335 ms
ds4: dspark block profile layer=2 attn=0.274 ms
ds4: dspark block profile layer=2 attn_out=1.086 ms
ds4: dspark block profile layer=2 ffn_hc=0.287 ms
ds4: dspark block profile layer=2 shared_router=0.679 ms
ds4: dspark block profile layer=2 routed=0.984 ms
ds4: dspark draft profile cap=5 rows=5 graph=14.618 ms markov=2.041 ms total=16.659 ms
ds4: dspark block profile layer=0 hc_attn=0.254 ms
ds4: dspark block profile layer=0 q_proj=0.583 ms
ds4: dspark block profile layer=0 kv_proj=0.410 ms
ds4: dspark block profile layer=0 attn=0.316 ms
ds4: dspark block profile layer=0 attn_out=1.048 ms
ds4: dspark block profile layer=0 ffn_hc=0.370 ms
ds4: dspark block profile layer=0 shared_router=0.629 ms
ds4: dspark block profile layer=0 routed=0.918 ms
ds4: dspark block profile layer=1 hc_attn=0.275 ms
ds4: dspark block profile layer=1 q_proj=0.715 ms
ds4: dspark block profile layer=1 kv_proj=0.411 ms
ds4: dspark block profile layer=1 attn=0.238 ms
ds4: dspark block profile layer=1 attn_out=1.061 ms
ds4: dspark block profile layer=1 ffn_hc=0.260 ms
ds4: dspark block profile layer=1 shared_router=0.572 ms
ds4: dspark block profile layer=1 routed=0.942 ms
ds4: dspark block profile layer=2 hc_attn=0.297 ms
ds4: dspark block profile layer=2 q_proj=0.594 ms
ds4: dspark block profile layer=2 kv_proj=0.446 ms
ds4: dspark block profile layer=2 attn=0.258 ms
ds4: dspark block profile layer=2 attn_out=1.103 ms
ds4: dspark block profile layer=2 ffn_hc=0.281 ms
ds4: dspark block profile layer=2 shared_router=0.591 ms
ds4: dspark block profile layer=2 routed=0.973 ms
ds4: dspark draft profile cap=5 rows=5 graph=15.048 ms markov=2.006 ms total=17.054 ms
ds4: dspark block profile layer=0 hc_attn=0.296 ms
ds4: dspark block profile layer=0 q_proj=0.649 ms
ds4: dspark block profile layer=0 kv_proj=0.593 ms
ds4: dspark block profile layer=0 attn=0.238 ms
ds4: dspark block profile layer=0 attn_out=1.068 ms
ds4: dspark block profile layer=0 ffn_hc=0.238 ms
ds4: dspark block profile layer=0 shared_router=0.566 ms
ds4: dspark block profile layer=0 routed=0.915 ms
ds4: dspark block profile layer=1 hc_attn=0.306 ms
ds4: dspark block profile layer=1 q_proj=0.622 ms
ds4: dspark block profile layer=1 kv_proj=0.341 ms
ds4: dspark block profile layer=1 attn=0.272 ms
ds4: dspark block profile layer=1 attn_out=1.068 ms
ds4: dspark block profile layer=1 ffn_hc=0.282 ms
ds4: dspark block profile layer=1 shared_router=0.626 ms
ds4: dspark block profile layer=1 routed=0.941 ms
ds4: dspark block profile layer=2 hc_attn=0.290 ms
ds4: dspark block profile layer=2 q_proj=0.571 ms
ds4: dspark block profile layer=2 kv_proj=0.348 ms
ds4: dspark block profile layer=2 attn=0.269 ms
ds4: dspark block profile layer=2 attn_out=1.093 ms
ds4: dspark block profile layer=2 ffn_hc=0.287 ms
ds4: dspark block profile layer=2 shared_router=0.605 ms
ds4: dspark block profile layer=2 routed=1.058 ms
ds4: dspark draft profile cap=5 rows=5 graph=15.096 ms markov=2.135 ms total=17.231 ms
ds4: dspark block profile layer=0 hc_attn=0.263 ms
ds4: dspark block profile layer=0 q_proj=0.595 ms
ds4: dspark block profile layer=0 kv_proj=0.436 ms
ds4: dspark block profile layer=0 attn=0.227 ms
ds4: dspark block profile layer=0 attn_out=1.094 ms
ds4: dspark block profile layer=0 ffn_hc=0.255 ms
ds4: dspark block profile layer=0 shared_router=0.591 ms
ds4: dspark block profile layer=0 routed=1.027 ms
ds4: dspark block profile layer=1 hc_attn=0.327 ms
ds4: dspark block profile layer=1 q_proj=0.587 ms
ds4: dspark block profile layer=1 kv_proj=0.393 ms
ds4: dspark block profile layer=1 attn=0.231 ms
ds4: dspark block profile layer=1 attn_out=1.043 ms
ds4: dspark block profile layer=1 ffn_hc=0.358 ms
ds4: dspark block profile layer=1 shared_router=0.628 ms
ds4: dspark block profile layer=1 routed=0.932 ms
ds4: dspark block profile layer=2 hc_attn=0.262 ms
ds4: dspark block profile layer=2 q_proj=0.616 ms
ds4: dspark block profile layer=2 kv_proj=0.346 ms
ds4: dspark block profile layer=2 attn=0.305 ms
ds4: dspark block profile layer=2 attn_out=1.082 ms
ds4: dspark block profile layer=2 ffn_hc=0.297 ms
ds4: dspark block profile layer=2 shared_router=0.611 ms
ds4: dspark block profile layer=2 routed=0.903 ms
ds4: dspark draft profile cap=5 rows=5 graph=14.880 ms markov=2.034 ms total=16.914 ms
ds4: dspark block profile layer=0 hc_attn=0.230 ms
ds4: dspark block profile layer=0 q_proj=0.569 ms
ds4: dspark block profile layer=0 kv_proj=0.334 ms
ds4: dspark block profile layer=0 attn=0.308 ms
ds4: dspark block profile layer=0 attn_out=1.106 ms
ds4: dspark block profile layer=0 ffn_hc=0.247 ms
ds4: dspark block profile layer=0 shared_router=0.638 ms
ds4: dspark block profile layer=0 routed=0.979 ms
ds4: dspark block profile layer=1 hc_attn=0.233 ms
ds4: dspark block profile layer=1 q_proj=0.559 ms
ds4: dspark block profile layer=1 kv_proj=0.354 ms
ds4: dspark block profile layer=1 attn=0.313 ms
ds4: dspark block profile layer=1 attn_out=1.067 ms
ds4: dspark block profile layer=1 ffn_hc=0.225 ms
ds4: dspark block profile layer=1 shared_router=0.576 ms
ds4: dspark block profile layer=1 routed=0.906 ms
ds4: dspark block profile layer=2 hc_attn=0.274 ms
ds4: dspark block profile layer=2 q_proj=0.629 ms
ds4: dspark block profile layer=2 kv_proj=0.347 ms
ds4: dspark block profile layer=2 attn=0.220 ms
ds4: dspark block profile layer=2 attn_out=1.061 ms
ds4: dspark block profile layer=2 ffn_hc=0.342 ms
ds4: dspark block profile layer=2 shared_router=0.604 ms
ds4: dspark block profile layer=2 routed=0.907 ms
ds4: dspark draft profile cap=5 rows=5 graph=14.603 ms markov=2.069 ms total=16.672 ms
ds4: dspark block profile layer=0 hc_attn=0.265 ms
ds4: dspark block profile layer=0 q_proj=0.638 ms
ds4: dspark block profile layer=0 kv_proj=0.349 ms
ds4: dspark block profile layer=0 attn=0.273 ms
ds4: dspark block profile layer=0 attn_out=1.080 ms
ds4: dspark block profile layer=0 ffn_hc=0.275 ms
ds4: dspark block profile layer=0 shared_router=0.637 ms
ds4: dspark block profile layer=0 routed=0.930 ms
ds4: dspark block profile layer=1 hc_attn=0.263 ms
ds4: dspark block profile layer=1 q_proj=0.608 ms
ds4: dspark block profile layer=1 kv_proj=0.352 ms
ds4: dspark block profile layer=1 attn=0.262 ms
ds4: dspark block profile layer=1 attn_out=1.061 ms
ds4: dspark block profile layer=1 ffn_hc=0.263 ms
ds4: dspark block profile layer=1 shared_router=0.727 ms
ds4: dspark block profile layer=1 routed=0.984 ms
ds4: dspark block profile layer=2 hc_attn=0.329 ms
ds4: dspark block profile layer=2 q_proj=0.614 ms
ds4: dspark block profile layer=2 kv_proj=0.380 ms
ds4: dspark block profile layer=2 attn=0.221 ms
ds4: dspark block profile layer=2 attn_out=1.029 ms
ds4: dspark block profile layer=2 ffn_hc=0.275 ms
ds4: dspark block profile layer=2 shared_router=0.551 ms
ds4: dspark block profile layer=2 routed=0.920 ms
ds4: dspark draft profile cap=5 rows=5 graph=14.779 ms markov=2.064 ms total=16.843 ms
ds4: dspark block profile layer=0 hc_attn=0.282 ms
ds4: dspark block profile layer=0 q_proj=0.620 ms
ds4: dspark block profile layer=0 kv_proj=0.371 ms
ds4: dspark block profile layer=0 attn=0.245 ms
ds4: dspark block profile layer=0 attn_out=1.053 ms
ds4: dspark block profile layer=0 ffn_hc=0.254 ms
ds4: dspark block profile layer=0 shared_router=0.586 ms
ds4: dspark block profile layer=0 routed=1.002 ms
ds4: dspark block profile layer=1 hc_attn=0.227 ms
ds4: dspark block profile layer=1 q_proj=0.572 ms
ds4: dspark block profile layer=1 kv_proj=0.350 ms
ds4: dspark block profile layer=1 attn=0.384 ms
ds4: dspark block profile layer=1 attn_out=1.041 ms
ds4: dspark block profile layer=1 ffn_hc=0.282 ms
ds4: dspark block profile layer=1 shared_router=0.594 ms
ds4: dspark block profile layer=1 routed=0.969 ms
ds4: dspark block profile layer=2 hc_attn=0.321 ms
ds4: dspark block profile layer=2 q_proj=0.616 ms
ds4: dspark block profile layer=2 kv_proj=0.365 ms
ds4: dspark block profile layer=2 attn=0.246 ms
ds4: dspark block profile layer=2 attn_out=1.005 ms
ds4: dspark block profile layer=2 ffn_hc=0.279 ms
ds4: dspark block profile layer=2 shared_router=0.582 ms
ds4: dspark block profile layer=2 routed=1.003 ms
ds4: dspark draft profile cap=5 rows=5 graph=14.776 ms markov=2.090 ms total=16.866 ms
ds4: dspark block profile layer=0 hc_attn=0.249 ms
ds4: dspark block profile layer=0 q_proj=0.633 ms
ds4: dspark block profile layer=0 kv_proj=0.458 ms
ds4: dspark block profile layer=0 attn=0.245 ms
ds4: dspark block profile layer=0 attn_out=1.104 ms
ds4: dspark block profile layer=0 ffn_hc=0.286 ms
ds4: dspark block profile layer=0 shared_router=0.663 ms
ds4: dspark block profile layer=0 routed=0.981 ms
ds4: dspark block profile layer=1 hc_attn=0.263 ms
ds4: dspark block profile layer=1 q_proj=0.634 ms
ds4: dspark block profile layer=1 kv_proj=0.376 ms
ds4: dspark block profile layer=1 attn=0.268 ms
ds4: dspark block profile layer=1 attn_out=1.078 ms
ds4: dspark block profile layer=1 ffn_hc=0.295 ms
ds4: dspark block profile layer=1 shared_router=0.636 ms
ds4: dspark block profile layer=1 routed=0.917 ms
ds4: dspark block profile layer=2 hc_attn=0.307 ms
ds4: dspark block profile layer=2 q_proj=0.563 ms
ds4: dspark block profile layer=2 kv_proj=0.361 ms
ds4: dspark block profile layer=2 attn=0.278 ms
ds4: dspark block profile layer=2 attn_out=1.099 ms
ds4: dspark block profile layer=2 ffn_hc=0.304 ms
ds4: dspark block profile layer=2 shared_router=0.581 ms
ds4: dspark block profile layer=2 routed=0.922 ms
ds4: dspark draft profile cap=5 rows=5 graph=15.006 ms markov=2.082 ms total=17.088 ms
ds4: dspark block profile layer=0 hc_attn=0.290 ms
ds4: dspark block profile layer=0 q_proj=0.672 ms
ds4: dspark block profile layer=0 kv_proj=0.379 ms
ds4: dspark block profile layer=0 attn=0.272 ms
ds4: dspark block profile layer=0 attn_out=1.125 ms
ds4: dspark block profile layer=0 ffn_hc=0.289 ms
ds4: dspark block profile layer=0 shared_router=0.568 ms
ds4: dspark block profile layer=0 routed=0.930 ms
ds4: dspark block profile layer=1 hc_attn=0.276 ms
ds4: dspark block profile layer=1 q_proj=0.578 ms
ds4: dspark block profile layer=1 kv_proj=0.345 ms
ds4: dspark block profile layer=1 attn=0.282 ms
ds4: dspark block profile layer=1 attn_out=1.091 ms
ds4: dspark block profile layer=1 ffn_hc=0.309 ms
ds4: dspark block profile layer=1 shared_router=0.575 ms
ds4: dspark block profile layer=1 routed=0.930 ms
ds4: dspark block profile layer=2 hc_attn=0.296 ms
ds4: dspark block profile layer=2 q_proj=0.567 ms
ds4: dspark block profile layer=2 kv_proj=0.359 ms
ds4: dspark block profile layer=2 attn=0.286 ms
ds4: dspark block profile layer=2 attn_out=1.072 ms
ds4: dspark block profile layer=2 ffn_hc=0.294 ms
ds4: dspark block profile layer=2 shared_router=0.620 ms
ds4: dspark block profile layer=2 routed=0.897 ms
ds4: dspark draft profile cap=5 rows=5 graph=14.820 ms markov=2.080 ms total=16.900 ms
ds4: dspark block profile layer=0 hc_attn=0.356 ms
ds4: dspark block profile layer=0 q_proj=0.660 ms
ds4: dspark block profile layer=0 kv_proj=0.396 ms
ds4: dspark block profile layer=0 attn=0.253 ms
ds4: dspark block profile layer=0 attn_out=1.041 ms
ds4: dspark block profile layer=0 ffn_hc=0.210 ms
ds4: dspark block profile layer=0 shared_router=0.765 ms
ds4: dspark block profile layer=0 routed=1.067 ms
ds4: dspark block profile layer=1 hc_attn=0.268 ms
ds4: dspark block profile layer=1 q_proj=0.629 ms
ds4: dspark block profile layer=1 kv_proj=0.430 ms
ds4: dspark block profile layer=1 attn=0.250 ms
ds4: dspark block profile layer=1 attn_out=1.054 ms
ds4: dspark block profile layer=1 ffn_hc=0.268 ms
ds4: dspark block profile layer=1 shared_router=0.568 ms
ds4: dspark block profile layer=1 routed=0.933 ms
ds4: dspark block profile layer=2 hc_attn=0.274 ms
ds4: dspark block profile layer=2 q_proj=0.607 ms
ds4: dspark block profile layer=2 kv_proj=0.358 ms
ds4: dspark block profile layer=2 attn=0.304 ms
ds4: dspark block profile layer=2 attn_out=1.108 ms
ds4: dspark block profile layer=2 ffn_hc=0.259 ms
ds4: dspark block profile layer=2 shared_router=0.549 ms
ds4: dspark block profile layer=2 routed=0.988 ms
ds4: dspark draft profile cap=5 rows=5 graph=15.422 ms markov=2.060 ms total=17.482 ms
ds4: dspark block profile layer=0 hc_attn=0.286 ms
ds4: dspark block profile layer=0 q_proj=0.546 ms
ds4: dspark block profile layer=0 kv_proj=0.332 ms
ds4: dspark block profile layer=0 attn=0.264 ms
ds4: dspark block profile layer=0 attn_out=1.081 ms
ds4: dspark block profile layer=0 ffn_hc=0.290 ms
ds4: dspark block profile layer=0 shared_router=0.636 ms
ds4: dspark block profile layer=0 routed=0.917 ms
ds4: dspark block profile layer=1 hc_attn=0.286 ms
ds4: dspark block profile layer=1 q_proj=0.630 ms
ds4: dspark block profile layer=1 kv_proj=0.432 ms
ds4: dspark block profile layer=1 attn=0.266 ms
ds4: dspark block profile layer=1 attn_out=1.044 ms
ds4: dspark block profile layer=1 ffn_hc=0.267 ms
ds4: dspark block profile layer=1 shared_router=0.591 ms
ds4: dspark block profile layer=1 routed=1.019 ms
ds4: dspark block profile layer=2 hc_attn=0.422 ms
ds4: dspark block profile layer=2 q_proj=0.603 ms
ds4: dspark block profile layer=2 kv_proj=0.352 ms
ds4: dspark block profile layer=2 attn=0.292 ms
ds4: dspark block profile layer=2 attn_out=1.108 ms
ds4: dspark block profile layer=2 ffn_hc=0.285 ms
ds4: dspark block profile layer=2 shared_router=0.566 ms
ds4: dspark block profile layer=2 routed=0.936 ms
ds4: dspark draft profile cap=5 rows=5 graph=14.939 ms markov=2.051 ms total=16.990 ms
ds4: dspark block profile layer=0 hc_attn=0.276 ms
ds4: dspark block profile layer=0 q_proj=0.594 ms
ds4: dspark block profile layer=0 kv_proj=0.378 ms
ds4: dspark block profile layer=0 attn=0.390 ms
ds4: dspark block profile layer=0 attn_out=1.025 ms
ds4: dspark block profile layer=0 ffn_hc=0.293 ms
ds4: dspark block profile layer=0 shared_router=0.613 ms
ds4: dspark block profile layer=0 routed=1.015 ms
ds4: dspark block profile layer=1 hc_attn=0.270 ms
ds4: dspark block profile layer=1 q_proj=0.630 ms
ds4: dspark block profile layer=1 kv_proj=0.359 ms
ds4: dspark block profile layer=1 attn=0.332 ms
ds4: dspark block profile layer=1 attn_out=1.101 ms
ds4: dspark block profile layer=1 ffn_hc=0.296 ms
ds4: dspark block profile layer=1 shared_router=0.593 ms
ds4: dspark block profile layer=1 routed=0.940 ms
ds4: dspark block profile layer=2 hc_attn=0.293 ms
ds4: dspark block profile layer=2 q_proj=0.564 ms
ds4: dspark block profile layer=2 kv_proj=0.358 ms
ds4: dspark block profile layer=2 attn=0.279 ms
ds4: dspark block profile layer=2 attn_out=1.117 ms
ds4: dspark block profile layer=2 ffn_hc=0.267 ms
ds4: dspark block profile layer=2 shared_router=0.578 ms
ds4: dspark block profile layer=2 routed=0.927 ms
ds4: dspark draft profile cap=5 rows=5 graph=14.950 ms markov=2.104 ms total=17.054 ms
ds4: dspark block profile layer=0 hc_attn=0.270 ms
ds4: dspark block profile layer=0 q_proj=0.713 ms
ds4: dspark block profile layer=0 kv_proj=0.400 ms
ds4: dspark block profile layer=0 attn=0.269 ms
ds4: dspark block profile layer=0 attn_out=1.039 ms
ds4: dspark block profile layer=0 ffn_hc=0.277 ms
ds4: dspark block profile layer=0 shared_router=0.787 ms
ds4: dspark block profile layer=0 routed=1.002 ms
ds4: dspark block profile layer=1 hc_attn=0.270 ms
ds4: dspark block profile layer=1 q_proj=0.558 ms
ds4: dspark block profile layer=1 kv_proj=0.357 ms
ds4: dspark block profile layer=1 attn=0.282 ms
ds4: dspark block profile layer=1 attn_out=1.088 ms
ds4: dspark block profile layer=1 ffn_hc=0.319 ms
ds4: dspark block profile layer=1 shared_router=0.564 ms
ds4: dspark block profile layer=1 routed=0.942 ms
ds4: dspark block profile layer=2 hc_attn=0.279 ms
ds4: dspark block profile layer=2 q_proj=0.627 ms
ds4: dspark block profile layer=2 kv_proj=0.423 ms
ds4: dspark block profile layer=2 attn=0.261 ms
ds4: dspark block profile layer=2 attn_out=1.060 ms
ds4: dspark block profile layer=2 ffn_hc=0.273 ms
ds4: dspark block profile layer=2 shared_router=0.567 ms
ds4: dspark block profile layer=2 routed=0.967 ms
ds4: dspark draft profile cap=5 rows=5 graph=15.037 ms markov=2.050 ms total=17.087 ms
ds4: dspark block profile layer=0 hc_attn=0.257 ms
ds4: dspark block profile layer=0 q_proj=0.640 ms
ds4: dspark block profile layer=0 kv_proj=0.375 ms
ds4: dspark block profile layer=0 attn=0.254 ms
ds4: dspark block profile layer=0 attn_out=1.001 ms
ds4: dspark block profile layer=0 ffn_hc=0.241 ms
ds4: dspark block profile layer=0 shared_router=0.608 ms
ds4: dspark block profile layer=0 routed=1.025 ms
ds4: dspark block profile layer=1 hc_attn=0.342 ms
ds4: dspark block profile layer=1 q_proj=0.624 ms
ds4: dspark block profile layer=1 kv_proj=0.379 ms
ds4: dspark block profile layer=1 attn=0.322 ms
ds4: dspark block profile layer=1 attn_out=1.108 ms
ds4: dspark block profile layer=1 ffn_hc=0.282 ms
ds4: dspark block profile layer=1 shared_router=0.580 ms
ds4: dspark block profile layer=1 routed=0.932 ms
ds4: dspark block profile layer=2 hc_attn=0.300 ms
ds4: dspark block profile layer=2 q_proj=0.569 ms
ds4: dspark block profile layer=2 kv_proj=0.340 ms
ds4: dspark block profile layer=2 attn=0.290 ms
ds4: dspark block profile layer=2 attn_out=1.096 ms
ds4: dspark block profile layer=2 ffn_hc=0.298 ms
ds4: dspark block profile layer=2 shared_router=0.593 ms
ds4: dspark block profile layer=2 routed=1.017 ms
ds4: dspark draft profile cap=5 rows=5 graph=14.945 ms markov=2.068 ms total=17.013 ms
ds4: dspark block profile layer=0 hc_attn=0.279 ms
ds4: dspark block profile layer=0 q_proj=0.571 ms
ds4: dspark block profile layer=0 kv_proj=0.346 ms
ds4: dspark block profile layer=0 attn=0.304 ms
ds4: dspark block profile layer=0 attn_out=1.204 ms
ds4: dspark block profile layer=0 ffn_hc=0.322 ms
ds4: dspark block profile layer=0 shared_router=0.596 ms
ds4: dspark block profile layer=0 routed=0.984 ms
ds4: dspark block profile layer=1 hc_attn=0.261 ms
ds4: dspark block profile layer=1 q_proj=0.821 ms
ds4: dspark block profile layer=1 kv_proj=0.682 ms
ds4: dspark block profile layer=1 attn=0.328 ms
ds4: dspark block profile layer=1 attn_out=1.115 ms
ds4: dspark block profile layer=1 ffn_hc=0.256 ms
ds4: dspark block profile layer=1 shared_router=0.576 ms
ds4: dspark block profile layer=1 routed=0.945 ms
ds4: dspark block profile layer=2 hc_attn=0.238 ms
ds4: dspark block profile layer=2 q_proj=0.702 ms
ds4: dspark block profile layer=2 kv_proj=0.377 ms
ds4: dspark block profile layer=2 attn=0.289 ms
ds4: dspark block profile layer=2 attn_out=1.034 ms
ds4: dspark block profile layer=2 ffn_hc=0.255 ms
ds4: dspark block profile layer=2 shared_router=0.564 ms
ds4: dspark block profile layer=2 routed=0.917 ms
ds4: dspark draft profile cap=5 rows=5 graph=15.453 ms markov=2.108 ms total=17.561 ms
ds4: ----------------------------------------
ds4: prefill: 8.06 t/s, generation: 42.44 t/s (80 tokens in 1.885s)
ds4: dspark perf: draft=293.5 tok/s, verify=84.2 proposed tok/s, verify-accepted=58.0 tok/s, block=78.19 ms (draft=17.04 verify=59.42 overhead=1.73 commit=1.33, tau=4.44, blocks=18)
ds4: dspark verify GPU-busy: 53.78 ms/block of 59.42 ms verify (90.5% active, 9.5% idle)
ds4: vm pressure: app=83.44 GiB resident=65.85 GiB wired=95.75 GiB compressed=1.47 GiB logical=2.53 GiB swap=2.55/3.00 GiB pressure=85% free=3.20 GiB gpu=83.36 GiB gpu-compressed=0.00 GiB task-compressed=25.92 GiB decompressions=3838562
ds4: dspark acceptance: 68.9% (62/90 draft tokens)
ds4: dspark acceptance by position: 1=15/18 2=14/18 3=13/18 4=11/18 5=9/18
ds4: dspark conditional acceptance: 1=83.3% (15/18) 2|1=93.3% (14/15) 3|1-2=92.9% (13/14) 4|1-3=84.6% (11/13) 5|1-4=81.8% (9/11)
ds4: dspark full-accept: 50.0% (9/18 blocks), first-miss: 16.7% (3/18 blocks)
ds4: dspark avg scheduled: 5.00 draft tokens/block (18 blocks)
ds4: Flash-MoE resident slot bank: resident-slots=11008/11008 (100.0%, avg=256.0/layer) installed=72.56 GiB
