ds4: detected DS4 sidecar package: -m /Users/anemll/Models/flash/dsv4-iq2xxs-expert-major/dense/model-dense.gguf, --moe-sidecar /Users/anemll/Models/flash/dsv4-iq2xxs-expert-major, --moe-mode slot-bank
ds4: applied sidecar tuning profile [Apple M5 Max] from ds4_profile.json (49 env defaults set, 2 kept from environment)
ds4: warning: raw KV cap limits Metal prefill chunk (prefill_chunk=4096, raw_kv_rows=4096, raw_window=128, effective_chunk=3968; target raw cap for one chunk is 4352, also requires ctx >= that value)
ds4: context buffers 387.12 MiB (ctx=4096, backend=metal, prefill_chunk=4096, raw_kv_rows=4096, compressed_kv_rows=514/1026 max, grow_block=2048)
ds4: Flash-MoE sidecar loaded: /Users/anemll/Models/flash/dsv4-iq2xxs-expert-major (slot-bank=256, expert-record 6.75 MiB)
ds4: Flash-MoE expert mmap cache: off; expert reads: pread
ds4: Metal device Apple M5 Max, 128.00 GiB RAM, GPU working-set budget 107.52 GiB (raise with: sudo sysctl iogpu.wired_limit_mb=<MB>)
ds4: drift-patch flags hc_stable=on norm_unify=on kv_raw_f32=off rope_exp2_log2=off math_safe=off tensor_matmul=off
ds4: MXFP4 native library (MSL 4.1): repack=ok selected-repack=ok selected-plane-copy=ok scale-plane matmul=ok selected-matmul=ok decode2=pair/sum6 batch-decode2=pair/sum6 batch-strided=pair/sum6 hybrid-down=sum6 chunked-decode2=pair/sum6
ds4: DS4_MXFP4_NATIVE=1: native MXFP4 available (MPP 4.1 scale-plane matmul2d)
ds4: DSpark resident expert cache: ranges=9 bytes=9.56 GiB (persistent; debug opt-out requires DS4_DSPARK_ALLOW_NONRESIDENT=1)
ds4: DSpark sidecar Metal residency requested: buffers=9 bytes=9.56 GiB
ds4: DSpark draft package loaded: /Users/anemll/Models/DSv4-Flash-DSpark-draft (block=5 verify=5 active=5 scheduler=static conf=0.000 noise=128799 target_layers=40,41,42 markov_rank=256 records=81 mapped=10.12 GiB)
ds4: DSpark draft records: F32=41 F16=6 FP8_E4M3=25 MXFP4_NATIVE=9
ds4: DSpark draft inference enabled: MPP 4.1 FP8/MXFP4 draft kernels, fused routed-MoE per draft layer, persistent resident experts, greedy Markov head, strict_v1 verifier
ds4: Flash-MoE using mmap-backed dense/shared weights without full-model Metal residency warmup
ds4: Metal model views created in 1.248 ms, residency requested in 0.000 ms, warmup 0.000 ms (mapped 8393.67 MiB from offset 5.06 MiB)
ds4: Metal mapped mmaped model as 1 overlapping shared buffers
ds4: metal backend initialized for graph diagnostics
ds4: prefill routed-MoE (requested): mul_mm_id (grouped GPU / ALU)  [grouped path]
ds4: prefill quant scales (ANE env first): w_qscale=512 x_qscale=32 mid_qscale=32 w_scale=0.00195312 x_scale=0.03125 mid_scale=0.03125
ds4: prefill ctx-grow: on, block=2048 tokens
ds4: prefill chunk cap: 16384, graph_raw_cap=auto
ds4: Flash-MoE resident mixed slot-bank load: layers=43 slots=256 bytes=72.56 GiB (one dot per layer)
ds4: Flash-MoE resident prepare: ........................................... 72.56/72.56 GiB (43 layers)
ds4: Flash-MoE resident preload: ........................................... 72.56/72.56 GiB (43 layers)
ds4: Flash-MoE preloaded mixed slot bank: layers=43 slots=256 identity-mapped experts=256
ds4: Flash-MoE slot-bank Metal residency requested: buffers=43 bytes=72.56 GiB
ds4: Flash-MoE slot-bank pages touched: buffers=43 bytes=72.56 GiB
ds4: Flash-MoE slot banks allocated: layers=43 slots=256 gpu-bank=72.6GB Dense: 8.2GB Context: 0.4GB Total <<<< 81.2GB >>>>
ds4: Flash-MoE slot bank layout: mixed expert-major
ds4: warning: very large Flash-MoE slot bank can collapse decode throughput (slots=256, gpu-bank=72.56 GiB). The wired bank competes with the OS file cache that serves decode-miss reads of the sidecar; when the sidecar is larger than RAM, smaller banks decode faster. Compare --moe-slot-bank 32/48/64 or use --ssd-cache auto.
ds4: prefill compute: routed experts = ANE i8i8 (W8A8) | dense proj = Q8 direct-RHS NAX; K-quant dense = fused mul_mm_id batch
ds4: prefill I/O: io-split=4 async-pread=on pread-threads=4 readahead=12 bank-prefetch=3 slot-cache-topk=0 xlayer=auto<=6k-tok topk=128
ds4: decode  I/O: io-split=4 router-prefetch=off scratch-prefetch=off max-loads=0 layer-stride=1 miss-direct-slot-pread=on prefetch-direct-slot-pread=off did-modify=on shared-down=on reset-after-prefill=off realloc-after-prefill=off restore-after-prefill=off resident=slot-bank slots=256
ds4: Flash-MoE banked kernels using M5 simdgroup_matrix fast path (prefetch=3, banks=4)
ds4: WARNING: prefill chunk 4096 clamped to 3968 by raw-KV cap (raw_cap=4096, window=128). Set DS4_METAL_GRAPH_RAW_CAP >= 4224 (window + chunk) — or unset it to auto-size — to honor the chunk.
ds4: prefill chunk cap EFFECTIVE=3968 tokens (DS4_METAL_PREFILL_CHUNK=16384), CLAMPED by raw-KV-cap (ctx-grow) (resident-NAX tiles this by scratch_cap; that tile gates the sync bridge)
processing 19 input tokens: 0/19 (0.0%) batch=0.00 t/s avg=0.00 t/s
ds4: ANE i8w-i8x-tiled-fused cached async prefill B=256 H=4096 I=2048 w_scale=0.00195312 x_scale=0.03125 mid_scale=0.03125
processing 19 input tokens: 0/19 (0.0%) batch=0.00 t/s avg=0.00 t/s
processing 19 input tokens: 0/19 (0.0%) batch=0.00 t/s avg=0.00 t/s
processing 19 input tokens: 1/19 (5.3%) batch=30.74 t/s avg=0.58 t/s
processing 19 input tokens: 1/19 (5.3%) batch=0.00 t/s avg=0.58 t/s
processing 19 input tokens: 2/19 (10.5%) batch=57.93 t/s avg=1.14 t/s
processing 19 input tokens: 2/19 (10.5%) batch=0.00 t/s avg=1.13 t/s
processing 19 input tokens: 3/19 (15.8%) batch=54.02 t/s avg=1.68 t/s
processing 19 input tokens: 3/19 (15.8%) batch=0.00 t/s avg=1.66 t/s
processing 19 input tokens: 3/19 (15.8%) batch=0.00 t/s avg=1.65 t/s
processing 19 input tokens: 4/19 (21.1%) batch=50.39 t/s avg=2.17 t/s
processing 19 input tokens: 4/19 (21.1%) batch=0.00 t/s avg=2.15 t/s
processing 19 input tokens: 5/19 (26.3%) batch=49.78 t/s avg=2.66 t/s
processing 19 input tokens: 5/19 (26.3%) batch=0.00 t/s avg=2.63 t/s
processing 19 input tokens: 6/19 (31.6%) batch=54.19 t/s avg=3.13 t/s
processing 19 input tokens: 6/19 (31.6%) batch=0.00 t/s avg=3.10 t/s
processing 19 input tokens: 7/19 (36.8%) batch=62.78 t/s avg=3.58 t/s
processing 19 input tokens: 7/19 (36.8%) batch=0.00 t/s avg=3.55 t/s
processing 19 input tokens: 7/19 (36.8%) batch=0.00 t/s avg=3.52 t/s
processing 19 input tokens: 8/19 (42.1%) batch=54.91 t/s avg=3.99 t/s
processing 19 input tokens: 8/19 (42.1%) batch=0.00 t/s avg=3.94 t/s
processing 19 input tokens: 9/19 (47.4%) batch=57.16 t/s avg=4.40 t/s
processing 19 input tokens: 9/19 (47.4%) batch=0.00 t/s avg=4.36 t/s
processing 19 input tokens: 10/19 (52.6%) batch=50.89 t/s avg=4.80 t/s
processing 19 input tokens: 10/19 (52.6%) batch=0.00 t/s avg=4.75 t/s
processing 19 input tokens: 11/19 (57.9%) batch=59.22 t/s avg=5.18 t/s
processing 19 input tokens: 11/19 (57.9%) batch=0.00 t/s avg=5.14 t/s
processing 19 input tokens: 11/19 (57.9%) batch=0.00 t/s avg=5.10 t/s
processing 19 input tokens: 12/19 (63.2%) batch=53.25 t/s avg=5.52 t/s
processing 19 input tokens: 12/19 (63.2%) batch=0.00 t/s avg=5.47 t/s
processing 19 input tokens: 13/19 (68.4%) batch=49.92 t/s avg=5.88 t/s
processing 19 input tokens: 13/19 (68.4%) batch=0.00 t/s avg=5.83 t/s
processing 19 input tokens: 14/19 (73.7%) batch=55.72 t/s avg=6.23 t/s
processing 19 input tokens: 14/19 (73.7%) batch=0.00 t/s avg=6.18 t/s
processing 19 input tokens: 15/19 (78.9%) batch=57.33 t/s avg=6.57 t/s
processing 19 input tokens: 15/19 (78.9%) batch=0.00 t/s avg=6.51 t/s
processing 19 input tokens: 15/19 (78.9%) batch=0.00 t/s avg=6.46 t/s
processing 19 input tokens: 16/19 (84.2%) batch=52.06 t/s avg=6.83 t/s
processing 19 input tokens: 16/19 (84.2%) batch=0.00 t/s avg=6.77 t/s
processing 19 input tokens: 17/19 (89.5%) batch=53.77 t/s avg=7.14 t/s
processing 19 input tokens: 17/19 (89.5%) batch=0.00 t/s avg=7.08 t/s
processing 19 input tokens: 18/19 (94.7%) batch=52.62 t/s avg=7.44 t/s
processing 19 input tokens: 18/19 (94.7%) batch=0.00 t/s avg=7.38 t/s
processing 19 input tokens: 19/19 (100.0%) batch=47.42 t/s avg=7.72 t/s
ds4: prefill full: 19 tokens in 2463.5 ms (7.7 t/s)
ds4: dspark draft FP8 rows5 kernel enabled
ds4: dspark draft FP8 strided rows5 kernel enabled
ds4: [mxfp4-native] two-dispatch plane decode arm engaged (dspark-strided, experts=6)
ds4: DSpark draft warmup: cap=5 rows=5 in 137.8 ms (paid before decode timer)
ds4: dspark relaxed accept enabled (target top-128 + logit-delta<=6.00 gate; non-target-greedy)
ds4: Flash-MoE mixed resident bank using fused GPU-selected decode path (slot id == expert id)
ds4: dspark row-routed direct Q2 down unordered sum6 enabled (non-byte diagnostic)
ds4: dspark verifier strict_v1 active=5 prefixN=1
ds4: dspark verifier Q8 rows5 shared-exact kernel enabled
ds4: dspark verifier microbatch KV FP8/raw-store rows enabled
ds4: dspark hybrid FFN-pre verifier using exact F16 rows path
ds4: dspark hybrid row-router verifier using exact F16 logits rows path
ds4: dspark hybrid row-router verifier using exact selector rows path
ds4: dspark hybrid row-routed verifier using row-exact tiny batch path
ds4: dspark hybrid shared verifier using exact fused rows path
ds4: dspark hybrid shared verifier using exact shared-down+HC rows path
ds4: dspark hybrid attention verifier using exact F16 compressor rows path
ds4: dspark hybrid attention verifier using exact F16 indexer-compressor rows path
ds4: dspark hybrid verifier deferring plain attention heads to MMA batch call
ds4: dspark relaxed loop guard rejected non-argmax token=23707 target=11031 target_top=0 ngram=4 token_count_guard=0 accepted_prefix=5
ds4: dspark relaxed loop guard rejected non-argmax token=201 target=42130 target_top=0 ngram=4 token_count_guard=0 accepted_prefix=2
ds4: ----------------------------------------
ds4: prefill: 7.24 t/s, generation: 47.82 t/s (600 tokens in 12.547s)
ds4: dspark perf: draft=445.1 tok/s, verify=76.4 proposed tok/s, verify-accepted=62.6 tok/s, block=79.28 ms (draft=11.20 verify=65.22 overhead=2.87 commit=1.64, tau=4.08, blocks=118)
ds4: dspark verify GPU-busy: 59.56 ms/block of 65.22 ms verify (91.3% active, 8.7% idle)
ds4: vm pressure: app=83.45 GiB resident=24.82 GiB wired=96.21 GiB compressed=1.29 GiB logical=2.50 GiB swap=6.82/8.00 GiB pressure=86% free=1.49 GiB gpu=83.36 GiB gpu-compressed=0.00 GiB task-compressed=66.96 GiB decompressions=6624219
ds4: dspark acceptance: 82.0% (482/588 draft tokens)
ds4: dspark acceptance by position: 1=106/118 2=102/118 3=100/118 4=92/117 5=82/117
ds4: dspark conditional acceptance: 1=89.8% (106/118) 2|1=96.2% (102/106) 3|1-2=98.0% (100/102) 4|1-3=92.9% (92/99) 5|1-4=89.1% (82/92)
ds4: dspark full-accept: 70.3% (83/118 blocks), first-miss: 10.2% (12/118 blocks)
ds4: dspark avg scheduled: 4.98 draft tokens/block (118 blocks)
ds4: Flash-MoE resident slot bank: resident-slots=11008/11008 (100.0%, avg=256.0/layer) installed=72.56 GiB
