Here is a self-contained HTML file that recreates the classic 1978 Taito arcade experience of Space Invaders, with inline CSS and JS.
```html
<!DOCTYPE html>
<html lang="en">
<head>
    <meta charset="UTF-8">
    <meta name="viewport" content="width=device-width, initial-scale=1.0">
    <title>SPACE INVADERS · 1978</title>
    <style>
        * {
            box-sizing: border-box;
            margin: 0;
            padding: 0;
        }
        body {
            background: #0a0a0a;
            display: flex;
            justify-content: center;
            align-items: center;
            min-height: 100vh;
            font-family: 'Courier New', monospace;
            margin: 0;
            padding: 16px;
        }
        .cabinet {
            background: #111;
            border: 4px solid #444;
            border-radius: 20px;
            box-shadow: 0 0 30px rgba(0, 200, 0, 0.2), inset 0 0 20px #000;
            padding: 20px 20px 25px;
            display: flex;
            flex-direction: column;
            align-items: center;
            max-width: 780px;
            width: 100%;
        }
        .bezel
