ds4: profile prefill_by_tokens: 99999:nax_int8
ds4: applied tuning profile [Apple M5 Max] from ds4_profile.json (10 env defaults set, 0 kept from environment)
ds4: context buffers 1488.81 MiB (ctx=40000, backend=metal, prefill_chunk=16384, raw_kv_rows=16640, compressed_kv_rows=514/10002 max, grow_block=2048)
ds4: Metal device Apple M5 Max, 128.00 GiB RAM, GPU working-set budget 107.52 GiB (raise with: sudo sysctl iogpu.wired_limit_mb=<MB>)
ds4: drift-patch flags hc_stable=on norm_unify=on kv_raw_f32=off rope_exp2_log2=off math_safe=off tensor_matmul=off
ds4: MXFP4 native library (MSL 4.1): repack=ok selected-repack=ok selected-plane-copy=ok scale-plane matmul=ok selected-matmul=ok decode2=pair/sum6 batch-decode2=pair/sum6 batch-strided=pair/sum6 hybrid-down=sum6 chunked-decode2=pair/sum6
ds4: DSpark resident expert cache: ranges=9 bytes=9.56 GiB (persistent; debug opt-out requires DS4_DSPARK_ALLOW_NONRESIDENT=1)
ds4: DSpark sidecar Metal residency requested: buffers=9 bytes=9.56 GiB
ds4: DSpark draft package loaded: /Users/anemll/Models/DSv4-Flash-DSpark-draft (block=5 verify=5 active=5 scheduler=static conf=0.400 noise=128799 target_layers=40,41,42 markov_rank=256 records=81 mapped=10.12 GiB)
ds4: DSpark draft records: F32=41 F16=6 FP8_E4M3=25 MXFP4_NATIVE=9
ds4: DSpark draft inference enabled: MPP 4.1 FP8/MXFP4 draft kernels, fused routed-MoE per draft layer, persistent resident experts, greedy Markov head, strict_v1 verifier
ds4: Metal model views created in 2.313 ms, residency requested in 366.309 ms, warmup 2.906 ms (mapped 82697.67 MiB from offset 5.08 MiB)
ds4: Metal mapped mmaped model as 2 overlapping shared buffers
ds4: metal backend initialized for graph diagnostics
ds4: resident MPP/NAX prewarm: 2.5 ms total (paid before prefill timer)
ds4: prefill routed-MoE (requested): int8 matmul2d (compact-bridge fused-dequant)  [grouped path]
ds4: prefill quant scales (MPP/NAX env first): w_qscale=512 x_qscale=32 mid_qscale=32 w_scale=0.00195312 x_scale=0.03125 mid_scale=0.03125
ds4: prefill ctx-grow: on, block=2048 tokens
ds4: prefill chunk cap: 16384, graph_raw_cap=auto
ds4: startup timing: engine=1.391s profile=0.000s model=0.005s sidecar=0.000s weights=0.000s dspark=1.011s backend=0.372s prewarm=0.003s
ds4: session startup timing: total=0.004s raw-graph=0.004s flash-moe=0.000s steering=0.000s draft-scratch=yes
processing 55 input tokens: 0/55 (0.0%) batch=0.00 t/s avg=0.00 t/s
processing 55 input tokens: 1/55 (1.8%) batch=66.76 t/s avg=66.01 t/s
processing 55 input tokens: 2/55 (3.6%) batch=9.01 t/s avg=15.85 t/s
processing 55 input tokens: 3/55 (5.5%) batch=8.87 t/s avg=12.56 t/s
processing 55 input tokens: 5/55 (9.1%) batch=17.39 t/s avg=14.13 t/s
processing 55 input tokens: 6/55 (10.9%) batch=14.90 t/s avg=14.25 t/s
processing 55 input tokens: 7/55 (12.7%) batch=18.23 t/s avg=14.71 t/s
processing 55 input tokens: 8/55 (14.5%) batch=15.21 t/s avg=14.77 t/s
processing 55 input tokens: 10/55 (18.2%) batch=33.10 t/s avg=16.61 t/s
processing 55 input tokens: 11/55 (20.0%) batch=17.63 t/s avg=16.70 t/s
processing 55 input tokens: 12/55 (21.8%) batch=17.22 t/s avg=16.74 t/s
processing 55 input tokens: 14/55 (25.5%) batch=26.97 t/s avg=17.70 t/s
processing 55 input tokens: 15/55 (27.3%) batch=13.00 t/s avg=17.28 t/s
processing 55 input tokens: 16/55 (29.1%) batch=16.11 t/s avg=17.20 t/s
processing 55 input tokens: 17/55 (30.9%) batch=17.33 t/s avg=17.21 t/s
processing 55 input tokens: 19/55 (34.5%) batch=29.70 t/s avg=18.01 t/s
processing 55 input tokens: 20/55 (36.4%) batch=16.50 t/s avg=17.93 t/s
processing 55 input tokens: 21/55 (38.2%) batch=14.49 t/s avg=17.73 t/s
processing 55 input tokens: 23/55 (41.8%) batch=30.04 t/s avg=18.38 t/s
processing 55 input tokens: 24/55 (43.6%) batch=14.89 t/s avg=18.20 t/s
processing 55 input tokens: 25/55 (45.5%) batch=14.15 t/s avg=18.00 t/s
processing 55 input tokens: 26/55 (47.3%) batch=9.62 t/s avg=17.41 t/s
processing 55 input tokens: 28/55 (50.9%) batch=26.29 t/s avg=17.84 t/s
processing 55 input tokens: 29/55 (52.7%) batch=11.66 t/s avg=17.52 t/s
processing 55 input tokens: 30/55 (54.5%) batch=11.44 t/s avg=17.22 t/s
processing 55 input tokens: 31/55 (56.4%) batch=12.14 t/s avg=16.99 t/s
processing 55 input tokens: 33/55 (60.0%) batch=29.61 t/s avg=17.44 t/s
processing 55 input tokens: 34/55 (61.8%) batch=12.70 t/s avg=17.25 t/s
processing 55 input tokens: 35/55 (63.6%) batch=14.14 t/s avg=17.14 t/s
processing 55 input tokens: 37/55 (67.3%) batch=22.65 t/s avg=17.37 t/s
processing 55 input tokens: 38/55 (69.1%) batch=10.80 t/s avg=17.10 t/s
processing 55 input tokens: 39/55 (70.9%) batch=10.54 t/s avg=16.83 t/s
processing 55 input tokens: 40/55 (72.7%) batch=9.70 t/s avg=16.53 t/s
processing 55 input tokens: 42/55 (76.4%) batch=19.99 t/s avg=16.66 t/s
processing 55 input tokens: 43/55 (78.2%) batch=11.65 t/s avg=16.50 t/s
processing 55 input tokens: 44/55 (80.0%) batch=10.76 t/s avg=16.30 t/s
processing 55 input tokens: 46/55 (83.6%) batch=18.33 t/s avg=16.38 t/s
processing 55 input tokens: 47/55 (85.5%) batch=6.98 t/s avg=15.92 t/s
processing 55 input tokens: 48/55 (87.3%) batch=10.23 t/s avg=15.74 t/s
processing 55 input tokens: 49/55 (89.1%) batch=7.62 t/s avg=15.41 t/s
processing 55 input tokens: 51/55 (92.7%) batch=20.51 t/s avg=15.56 t/s
processing 55 input tokens: 52/55 (94.5%) batch=8.14 t/s avg=15.29 t/s
processing 55 input tokens: 53/55 (96.4%) batch=10.69 t/s avg=15.17 t/s
processing 55 input tokens: 55/55 (100.0%) batch=19.95 t/s avg=15.30 t/s
ds4: dspark draft FP8 rows5 kernel enabled
ds4: dspark draft FP8 strided rows5 kernel enabled
ds4: [mxfp4-native] two-dispatch plane decode arm engaged (dspark-strided, experts=6)
ds4: dspark verifier strict_v1 active=5 prefixN=1
ds4: dspark verifier Q8 rows5 shared-exact kernel enabled
ds4: dspark verifier microbatch KV FP8/raw-store rows enabled
ds4: dspark hybrid FFN-pre verifier using exact F16 rows path
ds4: dspark hybrid row-router verifier using exact F16 logits rows path
ds4: dspark hybrid row-router verifier using exact selector rows path
ds4: routed MoE exact ordered expert-sum kernel enabled
ds4: dspark hybrid row-routed verifier using monolithic row-exact tiny batch path
ds4: dspark hybrid shared verifier using exact fused rows path
ds4: dspark hybrid shared verifier using exact shared-down+HC rows path
ds4: dspark hybrid attention verifier using exact F16 compressor rows path
ds4: dspark hybrid attention verifier using exact F16 indexer-compressor rows path
ds4: dspark hybrid verifier deferring plain attention heads to batch call
ds4: dspark hybrid verifier using rows-exact flash attention heads
ds4: dspark verifier using experimental varmap rows5 attention kernel
ds4: ----------------------------------------
ds4: prefill: 14.48 t/s, generation: 20.57 t/s (300 tokens in 14.586s)
ds4: ttf: first-output=5.496s total=19.886s (engine=1.391s session=0.004s prompt=0.001s prefill=3.798s decode=14.586s)
ds4: dspark acceptance: 72.0% (234/325 draft tokens)
ds4: dspark acceptance by position: 1=57/66 2=52/65 3=46/65 4=41/65 5=38/64
ds4: dspark conditional acceptance: 1=86.4% (57/66) 2|1=92.9% (52/56) 3|1-2=88.5% (46/52) 4|1-3=89.1% (41/46) 5|1-4=92.7% (38/41)
ds4: dspark full-accept: 59.1% (39/66 blocks), first-miss: 13.6% (9/66 blocks)
ds4: dspark avg scheduled: 4.92 draft tokens/block (66 blocks)
