ds4: detected DS4 sidecar package: -m /Users/anemll/Models/flash/dsv4-iq2xxs-expert-major/dense/model-dense.gguf, --moe-sidecar /Users/anemll/Models/flash/dsv4-iq2xxs-expert-major, --moe-mode slot-bank
ds4: applied sidecar tuning profile [Apple M5 Max] from ds4_profile.json (49 env defaults set, 2 kept from environment)
ds4: warning: raw KV cap limits Metal prefill chunk (prefill_chunk=4096, raw_kv_rows=4096, raw_window=128, effective_chunk=3968; target raw cap for one chunk is 4352, also requires ctx >= that value)
ds4: context buffers 387.12 MiB (ctx=4096, backend=metal, prefill_chunk=4096, raw_kv_rows=4096, compressed_kv_rows=514/1026 max, grow_block=2048)
ds4: Flash-MoE sidecar loaded: /Users/anemll/Models/flash/dsv4-iq2xxs-expert-major (slot-bank=256, expert-record 6.75 MiB)
ds4: Flash-MoE expert mmap cache: off; expert reads: pread
ds4: Metal device Apple M5 Max, 128.00 GiB RAM, GPU working-set budget 107.52 GiB (raise with: sudo sysctl iogpu.wired_limit_mb=<MB>)
ds4: drift-patch flags hc_stable=on norm_unify=on kv_raw_f32=off rope_exp2_log2=off math_safe=off tensor_matmul=off
ds4: MXFP4 native library (MSL 4.1): repack=ok selected-repack=ok selected-plane-copy=ok scale-plane matmul=ok selected-matmul=ok decode2=pair/sum6 batch-decode2=pair/sum6 batch-strided=pair/sum6 hybrid-down=sum6 chunked-decode2=pair/sum6
ds4: DS4_MXFP4_NATIVE=1: native MXFP4 available (MPP 4.1 scale-plane matmul2d)
ds4: DSpark resident expert cache: ranges=9 bytes=9.56 GiB (persistent; debug opt-out requires DS4_DSPARK_ALLOW_NONRESIDENT=1)
ds4: DSpark sidecar Metal residency requested: buffers=9 bytes=9.56 GiB
ds4: DSpark draft package loaded: /Users/anemll/Models/DSv4-Flash-DSpark-draft (block=5 verify=5 active=5 scheduler=static conf=0.000 noise=128799 target_layers=40,41,42 markov_rank=256 records=81 mapped=10.12 GiB)
ds4: DSpark draft records: F32=41 F16=6 FP8_E4M3=25 MXFP4_NATIVE=9
ds4: DSpark draft inference enabled: MPP 4.1 FP8/MXFP4 draft kernels, fused routed-MoE per draft layer, persistent resident experts, greedy Markov head, strict_v1 verifier
ds4: Flash-MoE using mmap-backed dense/shared weights without full-model Metal residency warmup
ds4: Metal model views created in 0.274 ms, residency requested in 0.000 ms, warmup 0.000 ms (mapped 8393.67 MiB from offset 5.06 MiB)
ds4: Metal mapped mmaped model as 1 overlapping shared buffers
ds4: metal backend initialized for graph diagnostics
ds4: prefill routed-MoE (requested): mul_mm_id (grouped GPU / ALU)  [grouped path]
ds4: prefill quant scales (ANE env first): w_qscale=512 x_qscale=32 mid_qscale=32 w_scale=0.00195312 x_scale=0.03125 mid_scale=0.03125
ds4: prefill ctx-grow: on, block=2048 tokens
ds4: prefill chunk cap: 16384, graph_raw_cap=auto
ds4: Flash-MoE resident mixed slot-bank load: layers=43 slots=256 bytes=72.56 GiB (one dot per layer)
ds4: Flash-MoE resident prepare: ........................................... 72.56/72.56 GiB (43 layers)
ds4: Flash-MoE resident preload: ........................................... 72.56/72.56 GiB (43 layers)
ds4: Flash-MoE preloaded mixed slot bank: layers=43 slots=256 identity-mapped experts=256
ds4: Flash-MoE slot-bank Metal residency requested: buffers=43 bytes=72.56 GiB
ds4: Flash-MoE slot-bank pages touched: buffers=43 bytes=72.56 GiB
ds4: Flash-MoE slot banks allocated: layers=43 slots=256 gpu-bank=72.6GB Dense: 8.2GB Context: 0.4GB Total <<<< 81.2GB >>>>
ds4: Flash-MoE slot bank layout: mixed expert-major
ds4: warning: very large Flash-MoE slot bank can collapse decode throughput (slots=256, gpu-bank=72.56 GiB). The wired bank competes with the OS file cache that serves decode-miss reads of the sidecar; when the sidecar is larger than RAM, smaller banks decode faster. Compare --moe-slot-bank 32/48/64 or use --ssd-cache auto.
ds4: prefill compute: routed experts = ANE i8i8 (W8A8) | dense proj = Q8 direct-RHS NAX; K-quant dense = fused mul_mm_id batch
ds4: prefill I/O: io-split=4 async-pread=on pread-threads=4 readahead=12 bank-prefetch=3 slot-cache-topk=0 xlayer=auto<=6k-tok topk=128
ds4: decode  I/O: io-split=4 router-prefetch=off scratch-prefetch=off max-loads=0 layer-stride=1 miss-direct-slot-pread=on prefetch-direct-slot-pread=off did-modify=on shared-down=on reset-after-prefill=off realloc-after-prefill=off restore-after-prefill=off resident=slot-bank slots=256
ds4: Flash-MoE banked kernels using M5 simdgroup_matrix fast path (prefetch=3, banks=4)
ds4: WARNING: prefill chunk 4096 clamped to 3968 by raw-KV cap (raw_cap=4096, window=128). Set DS4_METAL_GRAPH_RAW_CAP >= 4224 (window + chunk) — or unset it to auto-size — to honor the chunk.
ds4: prefill chunk cap EFFECTIVE=3968 tokens (DS4_METAL_PREFILL_CHUNK=16384), CLAMPED by raw-KV-cap (ctx-grow) (resident-NAX tiles this by scratch_cap; that tile gates the sync bridge)
processing 71 input tokens: 0/71 (0.0%) batch=0.00 t/s avg=0.00 t/s
ds4: ANE i8w-i8x-tiled-fused cached async prefill B=256 H=4096 I=2048 w_scale=0.00195312 x_scale=0.03125 mid_scale=0.03125
processing 71 input tokens: 1/71 (1.4%) batch=0.71 t/s avg=0.71 t/s
processing 71 input tokens: 3/71 (4.2%) batch=27.68 t/s avg=2.03 t/s
processing 71 input tokens: 4/71 (5.6%) batch=15.94 t/s avg=2.59 t/s
processing 71 input tokens: 6/71 (8.5%) batch=57.79 t/s avg=3.80 t/s
processing 71 input tokens: 8/71 (11.3%) batch=56.85 t/s avg=4.96 t/s
processing 71 input tokens: 9/71 (12.7%) batch=28.88 t/s avg=5.46 t/s
processing 71 input tokens: 11/71 (15.5%) batch=59.08 t/s avg=6.54 t/s
processing 71 input tokens: 13/71 (18.3%) batch=62.82 t/s avg=7.59 t/s
processing 71 input tokens: 14/71 (19.7%) batch=28.92 t/s avg=8.01 t/s
processing 71 input tokens: 16/71 (22.5%) batch=51.52 t/s avg=8.96 t/s
processing 71 input tokens: 18/71 (25.4%) batch=52.65 t/s avg=9.87 t/s
processing 71 input tokens: 19/71 (26.8%) batch=31.73 t/s avg=10.24 t/s
processing 71 input tokens: 21/71 (29.6%) batch=66.20 t/s avg=11.13 t/s
processing 71 input tokens: 23/71 (32.4%) batch=60.50 t/s avg=11.98 t/s
processing 71 input tokens: 24/71 (33.8%) batch=33.38 t/s avg=12.31 t/s
processing 71 input tokens: 26/71 (36.6%) batch=62.41 t/s avg=13.12 t/s
processing 71 input tokens: 28/71 (39.4%) batch=61.44 t/s avg=13.90 t/s
processing 71 input tokens: 29/71 (40.8%) batch=32.85 t/s avg=14.19 t/s
processing 71 input tokens: 31/71 (43.7%) batch=61.95 t/s avg=14.93 t/s
processing 71 input tokens: 33/71 (46.5%) batch=47.98 t/s avg=15.58 t/s
processing 71 input tokens: 34/71 (47.9%) batch=30.23 t/s avg=15.80 t/s
processing 71 input tokens: 36/71 (50.7%) batch=56.08 t/s avg=16.46 t/s
processing 71 input tokens: 37/71 (52.1%) batch=28.43 t/s avg=16.65 t/s
processing 71 input tokens: 39/71 (54.9%) batch=65.11 t/s avg=17.31 t/s
processing 71 input tokens: 41/71 (57.7%) batch=63.72 t/s avg=17.95 t/s
processing 71 input tokens: 42/71 (59.2%) batch=33.25 t/s avg=18.15 t/s
processing 71 input tokens: 44/71 (62.0%) batch=68.53 t/s avg=18.77 t/s
processing 71 input tokens: 46/71 (64.8%) batch=60.55 t/s avg=19.36 t/s
processing 71 input tokens: 47/71 (66.2%) batch=29.30 t/s avg=19.50 t/s
processing 71 input tokens: 49/71 (69.0%) batch=60.90 t/s avg=20.05 t/s
processing 71 input tokens: 51/71 (71.8%) batch=61.00 t/s avg=20.59 t/s
processing 71 input tokens: 52/71 (73.2%) batch=29.10 t/s avg=20.71 t/s
processing 71 input tokens: 54/71 (76.1%) batch=65.04 t/s avg=21.25 t/s
processing 71 input tokens: 56/71 (78.9%) batch=60.93 t/s avg=21.75 t/s
processing 71 input tokens: 57/71 (80.3%) batch=28.24 t/s avg=21.84 t/s
processing 71 input tokens: 59/71 (83.1%) batch=47.42 t/s avg=22.25 t/s
processing 71 input tokens: 61/71 (85.9%) batch=62.51 t/s avg=22.73 t/s
processing 71 input tokens: 62/71 (87.3%) batch=25.94 t/s avg=22.77 t/s
processing 71 input tokens: 64/71 (90.1%) batch=61.75 t/s avg=23.23 t/s
processing 71 input tokens: 66/71 (93.0%) batch=50.28 t/s avg=23.62 t/s
processing 71 input tokens: 67/71 (94.4%) batch=31.45 t/s avg=23.70 t/s
processing 71 input tokens: 69/71 (97.2%) batch=54.41 t/s avg=24.10 t/s
processing 71 input tokens: 71/71 (100.0%) batch=52.64 t/s avg=24.47 t/s
ds4: prefill full: 71 tokens in 2903.5 ms (24.5 t/s)
ds4: dspark draft FP8 rows5 kernel enabled
ds4: dspark draft FP8 strided rows5 kernel enabled
ds4: [mxfp4-native] two-dispatch plane decode arm engaged (dspark-strided, experts=6)
ds4: DSpark draft warmup: cap=5 rows=5 in 148.8 ms (paid before decode timer)
ds4: dspark relaxed accept enabled (target top-128 + logit-delta<=6.00 gate; non-target-greedy)
ds4: Flash-MoE mixed resident bank using fused GPU-selected decode path (slot id == expert id)
ds4: dspark row-routed direct Q2 down unordered sum6 enabled (non-byte diagnostic)
ds4: dspark verifier strict_v1 active=5 prefixN=1
ds4: dspark verifier Q8 rows5 shared-exact kernel enabled
ds4: dspark verifier microbatch KV FP8/raw-store rows enabled
ds4: dspark hybrid FFN-pre verifier using exact F16 rows path
ds4: dspark hybrid row-router verifier using exact F16 logits rows path
ds4: dspark hybrid row-router verifier using exact selector rows path
ds4: dspark hybrid row-routed verifier using row-exact tiny batch path
ds4: dspark hybrid shared verifier using exact fused rows path
ds4: dspark hybrid shared verifier using exact shared-down+HC rows path
ds4: dspark hybrid attention verifier using exact F16 compressor rows path
ds4: dspark hybrid attention verifier using exact F16 indexer-compressor rows path
ds4: dspark hybrid verifier deferring plain attention heads to MMA batch call
ds4: ----------------------------------------
ds4: prefill: 22.81 t/s, generation: 37.59 t/s (4000 tokens in 106.407s)
ds4: dspark perf: draft=443.6 tok/s, verify=62.3 proposed tok/s, verify-accepted=46.1 tok/s, block=94.84 ms (draft=11.27 verify=80.20 overhead=3.36 commit=1.55, tau=3.70, blocks=851)
ds4: dspark verify GPU-busy: 75.08 ms/block of 80.20 ms verify (93.6% active, 6.4% idle)
ds4: vm pressure: app=83.45 GiB resident=38.74 GiB wired=96.30 GiB compressed=2.29 GiB logical=3.66 GiB swap=6.62/8.00 GiB pressure=87% free=1.43 GiB gpu=83.33 GiB gpu-compressed=0.00 GiB task-compressed=52.92 GiB decompressions=5632274
ds4: dspark acceptance: 74.0% (3148/4255 draft tokens)
ds4: dspark acceptance by position: 1=758/851 2=703/851 3=627/851 4=554/851 5=506/851
ds4: dspark conditional acceptance: 1=89.1% (758/851) 2|1=92.7% (703/758) 3|1-2=89.2% (627/703) 4|1-3=88.4% (554/627) 5|1-4=91.3% (506/554)
ds4: dspark full-accept: 59.5% (506/851 blocks), first-miss: 10.9% (93/851 blocks)
ds4: dspark avg scheduled: 5.00 draft tokens/block (851 blocks)
ds4: Flash-MoE resident slot bank: resident-slots=11008/11008 (100.0%, avg=256.0/layer) installed=72.56 GiB
