ds4: detected DS4 sidecar package: -m /Users/anemll/Models/flash/dsv4-iq2xxs-expert-major/dense/model-dense.gguf, --moe-sidecar /Users/anemll/Models/flash/dsv4-iq2xxs-expert-major, --moe-mode slot-bank
ds4: applied sidecar tuning profile [Apple M5 Max] from ds4_profile.json (51 env defaults set, 0 kept from environment)
ds4: warning: raw KV cap limits Metal prefill chunk (prefill_chunk=4096, raw_kv_rows=4096, raw_window=128, effective_chunk=3968; target raw cap for one chunk is 4352, also requires ctx >= that value)
ds4: context buffers 429.99 MiB (ctx=4096, backend=metal, prefill_chunk=4096, raw_kv_rows=4096, compressed_kv_rows=1026)
ds4: Flash-MoE sidecar loaded: /Users/anemll/Models/flash/dsv4-iq2xxs-expert-major (slot-bank=256, expert-record 6.75 MiB)
ds4: Flash-MoE expert mmap cache: off; expert reads: pread
ds4: Metal device Apple M5 Max, 128.00 GiB RAM, GPU working-set budget 107.52 GiB (raise with: sudo sysctl iogpu.wired_limit_mb=<MB>)
ds4: drift-patch flags hc_stable=on norm_unify=on kv_raw_f32=off rope_exp2_log2=off math_safe=off tensor_matmul=off
ds4: MXFP4 native library (MSL 4.1): repack=ok selected-repack=ok selected-plane-copy=ok scale-plane matmul=ok selected-matmul=ok decode2=pair/sum6 batch-decode2=pair/sum6 batch-strided=pair/sum6 hybrid-down=sum6 chunked-decode2=pair/sum6
ds4: DS4_MXFP4_NATIVE=1: native MXFP4 available (MPP 4.1 scale-plane matmul2d)
ds4: DSpark resident expert cache: ranges=9 bytes=9.56 GiB (persistent; debug opt-out requires DS4_DSPARK_ALLOW_NONRESIDENT=1)
ds4: DSpark sidecar Metal residency requested: buffers=9 bytes=9.56 GiB
ds4: DSpark draft package loaded: /Users/anemll/Models/DSv4-Flash-DSpark-draft (block=5 verify=5 active=5 scheduler=static conf=0.000 noise=128799 target_layers=40,41,42 markov_rank=256 records=81 mapped=10.12 GiB)
ds4: DSpark draft records: F32=41 F16=6 FP8_E4M3=25 MXFP4_NATIVE=9
ds4: DSpark draft inference enabled: MPP 4.1 FP8/MXFP4 draft kernels, fused routed-MoE per draft layer, persistent resident experts, greedy Markov head, strict_v1 verifier
ds4: Flash-MoE using mmap-backed dense/shared weights without full-model Metal residency warmup
ds4: Metal model views created in 0.300 ms, residency requested in 0.000 ms, warmup 0.000 ms (mapped 8393.67 MiB from offset 5.06 MiB)
ds4: Metal mapped mmaped model as 1 overlapping shared buffers
ds4: metal backend initialized for graph diagnostics
ds4: prefill routed-MoE (requested): mul_mm_id (grouped GPU / ALU)  [grouped path]
ds4: prefill quant scales (ANE env first): w_qscale=512 x_qscale=32 mid_qscale=32 w_scale=0.00195312 x_scale=0.03125 mid_scale=0.03125
ds4: prefill ctx-grow: on, block=16384 tokens
ds4: prefill chunk cap: 16384, graph_raw_cap=auto
ds4: Flash-MoE resident mixed slot-bank load: layers=43 slots=256 bytes=72.56 GiB (one dot per layer)
ds4: Flash-MoE resident prepare: ........................................... 72.56/72.56 GiB (43 layers)
ds4: Flash-MoE resident preload: ........................................... 72.56/72.56 GiB (43 layers)
ds4: Flash-MoE preloaded mixed slot bank: layers=43 slots=256 identity-mapped experts=256
ds4: Flash-MoE slot-bank Metal residency requested: buffers=43 bytes=72.56 GiB
ds4: Flash-MoE slot-bank pages touched: buffers=43 bytes=72.56 GiB
ds4: Flash-MoE slot banks allocated: layers=43 slots=256 gpu-bank=72.6GB Dense: 8.2GB Context: 0.4GB Total <<<< 81.2GB >>>>
ds4: Flash-MoE slot bank layout: mixed expert-major
ds4: warning: very large Flash-MoE slot bank can collapse decode throughput (slots=256, gpu-bank=72.56 GiB). The wired bank competes with the OS file cache that serves decode-miss reads of the sidecar; when the sidecar is larger than RAM, smaller banks decode faster. Compare --moe-slot-bank 32/48/64 or use --ssd-cache auto.
ds4: prefill compute: routed experts = ANE i8i8 (W8A8) | dense proj = Q8 direct-RHS NAX; K-quant dense = fused mul_mm_id batch
ds4: prefill I/O: io-split=4 async-pread=on pread-threads=4 readahead=12 bank-prefetch=3 slot-cache-topk=0 xlayer=auto<=6k-tok topk=128
ds4: decode  I/O: io-split=4 router-prefetch=off scratch-prefetch=off max-loads=0 layer-stride=1 miss-direct-slot-pread=on prefetch-direct-slot-pread=off did-modify=on shared-down=on reset-after-prefill=off realloc-after-prefill=off restore-after-prefill=off resident=slot-bank slots=256
ds4: Flash-MoE banked kernels using M5 simdgroup_matrix fast path (prefetch=3, banks=4)
ds4: WARNING: prefill chunk 4096 clamped to 3968 by raw-KV cap (raw_cap=4096, window=128). Set DS4_METAL_GRAPH_RAW_CAP >= 4224 (window + chunk) — or unset it to auto-size — to honor the chunk.
ds4: prefill chunk cap EFFECTIVE=3968 tokens (DS4_METAL_PREFILL_CHUNK=16384), CLAMPED by raw-KV-cap (ctx-grow) (resident-NAX tiles this by scratch_cap; that tile gates the sync bridge)
processing 19 input tokens: 0/19 (0.0%) batch=0.00 t/s avg=0.00 t/s
ds4: ANE i8w-i8x-tiled-fused cached async prefill B=256 H=4096 I=2048 w_scale=0.00195312 x_scale=0.03125 mid_scale=0.03125
processing 19 input tokens: 0/19 (0.0%) batch=0.00 t/s avg=0.00 t/s
processing 19 input tokens: 0/19 (0.0%) batch=0.00 t/s avg=0.00 t/s
processing 19 input tokens: 1/19 (5.3%) batch=28.42 t/s avg=0.63 t/s
processing 19 input tokens: 1/19 (5.3%) batch=0.00 t/s avg=0.62 t/s
processing 19 input tokens: 2/19 (10.5%) batch=51.33 t/s avg=1.22 t/s
processing 19 input tokens: 2/19 (10.5%) batch=0.00 t/s avg=1.21 t/s
processing 19 input tokens: 3/19 (15.8%) batch=48.78 t/s avg=1.79 t/s
processing 19 input tokens: 3/19 (15.8%) batch=0.00 t/s avg=1.77 t/s
processing 19 input tokens: 3/19 (15.8%) batch=0.00 t/s avg=1.74 t/s
processing 19 input tokens: 4/19 (21.1%) batch=45.62 t/s avg=2.30 t/s
processing 19 input tokens: 4/19 (21.1%) batch=0.00 t/s avg=2.27 t/s
processing 19 input tokens: 5/19 (26.3%) batch=45.69 t/s avg=2.80 t/s
processing 19 input tokens: 5/19 (26.3%) batch=0.00 t/s avg=2.77 t/s
processing 19 input tokens: 6/19 (31.6%) batch=50.63 t/s avg=3.29 t/s
processing 19 input tokens: 6/19 (31.6%) batch=0.00 t/s avg=3.25 t/s
processing 19 input tokens: 7/19 (36.8%) batch=57.34 t/s avg=3.76 t/s
processing 19 input tokens: 7/19 (36.8%) batch=0.00 t/s avg=3.72 t/s
processing 19 input tokens: 7/19 (36.8%) batch=0.00 t/s avg=3.69 t/s
processing 19 input tokens: 8/19 (42.1%) batch=50.65 t/s avg=4.17 t/s
processing 19 input tokens: 8/19 (42.1%) batch=0.00 t/s avg=4.12 t/s
processing 19 input tokens: 9/19 (47.4%) batch=53.73 t/s avg=4.59 t/s
processing 19 input tokens: 9/19 (47.4%) batch=0.00 t/s avg=4.54 t/s
processing 19 input tokens: 10/19 (52.6%) batch=46.25 t/s avg=4.99 t/s
processing 19 input tokens: 10/19 (52.6%) batch=0.00 t/s avg=4.94 t/s
processing 19 input tokens: 11/19 (57.9%) batch=55.73 t/s avg=5.39 t/s
processing 19 input tokens: 11/19 (57.9%) batch=0.00 t/s avg=5.34 t/s
processing 19 input tokens: 11/19 (57.9%) batch=0.00 t/s avg=5.29 t/s
processing 19 input tokens: 12/19 (63.2%) batch=48.68 t/s avg=5.72 t/s
processing 19 input tokens: 12/19 (63.2%) batch=0.00 t/s avg=5.67 t/s
processing 19 input tokens: 13/19 (68.4%) batch=47.07 t/s avg=6.08 t/s
processing 19 input tokens: 13/19 (68.4%) batch=0.00 t/s avg=6.02 t/s
processing 19 input tokens: 14/19 (73.7%) batch=49.87 t/s avg=6.42 t/s
processing 19 input tokens: 14/19 (73.7%) batch=0.00 t/s avg=6.37 t/s
processing 19 input tokens: 15/19 (78.9%) batch=51.23 t/s avg=6.76 t/s
processing 19 input tokens: 15/19 (78.9%) batch=0.00 t/s avg=6.70 t/s
processing 19 input tokens: 15/19 (78.9%) batch=0.00 t/s avg=6.63 t/s
processing 19 input tokens: 16/19 (84.2%) batch=49.84 t/s avg=7.01 t/s
processing 19 input tokens: 16/19 (84.2%) batch=0.00 t/s avg=6.95 t/s
processing 19 input tokens: 17/19 (89.5%) batch=46.51 t/s avg=7.31 t/s
processing 19 input tokens: 17/19 (89.5%) batch=0.00 t/s avg=7.23 t/s
processing 19 input tokens: 18/19 (94.7%) batch=42.49 t/s avg=7.58 t/s
processing 19 input tokens: 18/19 (94.7%) batch=0.00 t/s avg=7.51 t/s
processing 19 input tokens: 19/19 (100.0%) batch=39.57 t/s avg=7.84 t/s
ds4: prefill full: 19 tokens in 2425.5 ms (7.8 t/s)
ds4: dspark draft FP8 rows5 kernel enabled
ds4: [mxfp4-native] two-dispatch plane decode arm engaged (dspark-strided, experts=6)
ds4: DSpark draft warmup: cap=5 rows=5 in 173.2 ms (paid before decode timer)
ds4: Flash-MoE mixed resident bank using fused GPU-selected decode path (slot id == expert id)
ds4: dspark direct-q2 compare call=1 tokens=1 dim=4096 exact=yes max=0 rms=0 first_row=0 first_idx=0 first_delta=0 direct=0.14484417 separate=0.14484417 worst_row=0 worst_idx=0 worst_delta=0 direct=0.14484417 separate=0.14484417
ds4: dspark direct-q2 compare call=2 tokens=1 dim=4096 exact=yes max=0 rms=0 first_row=0 first_idx=0 first_delta=0 direct=-0.12433694 separate=-0.12433694 worst_row=0 worst_idx=0 worst_delta=0 direct=-0.12433694 separate=-0.12433694
ds4: dspark direct-q2 compare call=3 tokens=1 dim=4096 exact=yes max=0 rms=0 first_row=0 first_idx=0 first_delta=0 direct=0.018875696 separate=0.018875696 worst_row=0 worst_idx=0 worst_delta=0 direct=0.018875696 separate=0.018875696
ds4: dspark direct-q2 compare call=4 tokens=1 dim=4096 exact=yes max=0 rms=0 first_row=0 first_idx=0 first_delta=0 direct=-0.079139858 separate=-0.079139858 worst_row=0 worst_idx=0 worst_delta=0 direct=-0.079139858 separate=-0.079139858
ds4: dspark verifier strict_v1 active=5 prefixN=1
ds4: dspark verifier Q8 rows5 shared-exact kernel enabled
ds4: dspark verifier microbatch KV FP8/raw-store rows enabled
ds4: dspark hybrid FFN-pre verifier using exact F16 rows path
ds4: dspark hybrid row-router verifier using exact F16 logits rows path
ds4: dspark hybrid row-router verifier using exact selector rows path
ds4: routed MoE exact ordered expert-sum kernel enabled
ds4: dspark direct-q2 compare call=44 tokens=5 dim=4096 exact=yes max=0 rms=0 first_row=0 first_idx=0 first_delta=0 direct=-0.35977811 separate=-0.35977811 worst_row=0 worst_idx=0 worst_delta=0 direct=-0.35977811 separate=-0.35977811
ds4: dspark hybrid row-routed verifier using row-exact tiny batch path
ds4: dspark hybrid shared verifier using exact fused rows path
ds4: dspark direct-q2 compare call=45 tokens=5 dim=4096 exact=yes max=0 rms=0 first_row=0 first_idx=0 first_delta=0 direct=0.060901374 separate=0.060901374 worst_row=0 worst_idx=0 worst_delta=0 direct=0.060901374 separate=0.060901374
ds4: dspark hybrid attention verifier using exact F16 compressor rows path
ds4: dspark hybrid attention verifier using exact F16 indexer-compressor rows path
ds4: dspark hybrid verifier deferring plain attention heads to batch call
ds4: dspark hybrid verifier using rows-exact flash attention heads
ds4: dspark verifier using experimental varmap rows5 attention kernel
ds4: dspark direct-q2 compare call=46 tokens=5 dim=4096 exact=yes max=0 rms=0 first_row=0 first_idx=0 first_delta=0 direct=-0.1952264 separate=-0.1952264 worst_row=0 worst_idx=0 worst_delta=0 direct=-0.1952264 separate=-0.1952264
ds4: dspark direct-q2 compare call=47 tokens=5 dim=4096 exact=yes max=0 rms=0 first_row=0 first_idx=0 first_delta=0 direct=-0.090015009 separate=-0.090015009 worst_row=0 worst_idx=0 worst_delta=0 direct=-0.090015009 separate=-0.090015009
ds4: dspark verify dispatch path=hybrid block=1 n=5 layers=43 total=936 attn_pre=43 mutate=353 heads=215 attn_out=43 ffn_pre=43 router=43 routed=86 shared=43 tail=62 avg_total=936.0
ds4: dspark verify dispatch-est path=hybrid block=1 n=5 layers=43 embed=5 attn=43 kv=43 comp=205 index=105 heads=215 output_hc=43 ffn_pre=43 router=43 routed_moe=43 ordered_sum=43 shared=43 post_hc=43 target_hidden=15 head=1 topk=1 read=2 total=936 avg_total=936.0
ds4: dspark timing decodeN-prefix drafted=5 committed=4 draft=17.644 ms snapshot=0.930 ms verify=111.106 ms prefix=2.300 ms total=132.151 ms
ds4: dspark verify dispatch path=hybrid block=2 n=5 layers=43 total=936 attn_pre=43 mutate=353 heads=215 attn_out=43 ffn_pre=43 router=43 routed=86 shared=43 tail=62 avg_total=936.0
ds4: dspark verify dispatch-est path=hybrid block=2 n=5 layers=43 embed=5 attn=43 kv=43 comp=205 index=105 heads=215 output_hc=43 ffn_pre=43 router=43 routed_moe=43 ordered_sum=43 shared=43 post_hc=43 target_hidden=15 head=1 topk=1 read=2 total=936 avg_total=936.0
ds4: dspark timing decodeN drafted=5 committed=5 draft=17.845 ms snapshot=0.795 ms verify=100.819 ms dspark_kv=1.661 ms total=121.231 ms
ds4: dspark verify dispatch path=hybrid block=3 n=5 layers=43 total=936 attn_pre=43 mutate=353 heads=215 attn_out=43 ffn_pre=43 router=43 routed=86 shared=43 tail=62 avg_total=936.0
ds4: dspark verify dispatch-est path=hybrid block=3 n=5 layers=43 embed=5 attn=43 kv=43 comp=205 index=105 heads=215 output_hc=43 ffn_pre=43 router=43 routed_moe=43 ordered_sum=43 shared=43 post_hc=43 target_hidden=15 head=1 topk=1 read=2 total=936 avg_total=936.0
ds4: dspark timing decodeN-prefix drafted=5 committed=3 draft=17.830 ms snapshot=0.714 ms verify=101.213 ms prefix=1.719 ms total=121.561 ms
ds4: dspark verify dispatch path=hybrid block=4 n=5 layers=43 total=936 attn_pre=43 mutate=353 heads=215 attn_out=43 ffn_pre=43 router=43 routed=86 shared=43 tail=62 avg_total=936.0
ds4: dspark verify dispatch-est path=hybrid block=4 n=5 layers=43 embed=5 attn=43 kv=43 comp=205 index=105 heads=215 output_hc=43 ffn_pre=43 router=43 routed_moe=43 ordered_sum=43 shared=43 post_hc=43 target_hidden=15 head=1 topk=1 read=2 total=936 avg_total=936.0
ds4: dspark timing decodeN-prefix drafted=5 committed=1 draft=17.485 ms snapshot=0.407 ms verify=100.036 ms prefix=1.863 ms total=119.871 ms
ds4: dspark verify dispatch path=hybrid block=5 n=5 layers=43 total=936 attn_pre=43 mutate=353 heads=215 attn_out=43 ffn_pre=43 router=43 routed=86 shared=43 tail=62 avg_total=936.0
ds4: dspark verify dispatch-est path=hybrid block=5 n=5 layers=43 embed=5 attn=43 kv=43 comp=205 index=105 heads=215 output_hc=43 ffn_pre=43 router=43 routed_moe=43 ordered_sum=43 shared=43 post_hc=43 target_hidden=15 head=1 topk=1 read=2 total=936 avg_total=936.0
ds4: dspark timing decodeN-prefix drafted=5 committed=3 draft=17.809 ms snapshot=0.342 ms verify=102.552 ms prefix=2.141 ms total=122.922 ms
ds4: dspark verify dispatch path=hybrid block=6 n=5 layers=43 total=936 attn_pre=43 mutate=353 heads=215 attn_out=43 ffn_pre=43 router=43 routed=86 shared=43 tail=62 avg_total=936.0
ds4: dspark verify dispatch-est path=hybrid block=6 n=5 layers=43 embed=5 attn=43 kv=43 comp=205 index=105 heads=215 output_hc=43 ffn_pre=43 router=43 routed_moe=43 ordered_sum=43 shared=43 post_hc=43 target_hidden=15 head=1 topk=1 read=2 total=936 avg_total=936.0
ds4: dspark timing decodeN drafted=5 committed=5 draft=17.613 ms snapshot=0.391 ms verify=100.575 ms dspark_kv=2.034 ms total=120.693 ms
ds4: dspark verify dispatch path=hybrid block=7 n=5 layers=43 total=936 attn_pre=43 mutate=353 heads=215 attn_out=43 ffn_pre=43 router=43 routed=86 shared=43 tail=62 avg_total=936.0
ds4: dspark verify dispatch-est path=hybrid block=7 n=5 layers=43 embed=5 attn=43 kv=43 comp=205 index=105 heads=215 output_hc=43 ffn_pre=43 router=43 routed_moe=43 ordered_sum=43 shared=43 post_hc=43 target_hidden=15 head=1 topk=1 read=2 total=936 avg_total=936.0
ds4: dspark timing decodeN drafted=5 committed=5 draft=17.658 ms snapshot=0.690 ms verify=98.599 ms dspark_kv=1.875 ms total=118.899 ms
ds4: dspark verify dispatch path=hybrid block=8 n=5 layers=43 total=936 attn_pre=43 mutate=353 heads=215 attn_out=43 ffn_pre=43 router=43 routed=86 shared=43 tail=62 avg_total=936.0
ds4: dspark verify dispatch-est path=hybrid block=8 n=5 layers=43 embed=5 attn=43 kv=43 comp=205 index=105 heads=215 output_hc=43 ffn_pre=43 router=43 routed_moe=43 ordered_sum=43 shared=43 post_hc=43 target_hidden=15 head=1 topk=1 read=2 total=936 avg_total=936.0
ds4: dspark timing decodeN drafted=5 committed=5 draft=17.916 ms snapshot=0.376 ms verify=102.280 ms dspark_kv=2.426 ms total=123.079 ms
ds4: dspark verify dispatch path=hybrid block=9 n=5 layers=43 total=936 attn_pre=43 mutate=353 heads=215 attn_out=43 ffn_pre=43 router=43 routed=86 shared=43 tail=62 avg_total=936.0
ds4: dspark verify dispatch-est path=hybrid block=9 n=5 layers=43 embed=5 attn=43 kv=43 comp=205 index=105 heads=215 output_hc=43 ffn_pre=43 router=43 routed_moe=43 ordered_sum=43 shared=43 post_hc=43 target_hidden=15 head=1 topk=1 read=2 total=936 avg_total=936.0
ds4: dspark timing decodeN drafted=5 committed=5 draft=17.802 ms snapshot=0.392 ms verify=100.310 ms dspark_kv=2.140 ms total=120.730 ms
ds4: dspark verify dispatch path=hybrid block=10 n=5 layers=43 total=936 attn_pre=43 mutate=353 heads=215 attn_out=43 ffn_pre=43 router=43 routed=86 shared=43 tail=62 avg_total=936.0
ds4: dspark verify dispatch-est path=hybrid block=10 n=5 layers=43 embed=5 attn=43 kv=43 comp=205 index=105 heads=215 output_hc=43 ffn_pre=43 router=43 routed_moe=43 ordered_sum=43 shared=43 post_hc=43 target_hidden=15 head=1 topk=1 read=2 total=936 avg_total=936.0
ds4: dspark timing decodeN drafted=5 committed=5 draft=17.573 ms snapshot=0.405 ms verify=103.293 ms dspark_kv=1.703 ms total=123.053 ms
ds4: dspark verify dispatch path=hybrid block=11 n=5 layers=43 total=936 attn_pre=43 mutate=353 heads=215 attn_out=43 ffn_pre=43 router=43 routed=86 shared=43 tail=62 avg_total=936.0
ds4: dspark verify dispatch-est path=hybrid block=11 n=5 layers=43 embed=5 attn=43 kv=43 comp=205 index=105 heads=215 output_hc=43 ffn_pre=43 router=43 routed_moe=43 ordered_sum=43 shared=43 post_hc=43 target_hidden=15 head=1 topk=1 read=2 total=936 avg_total=936.0
ds4: dspark timing decodeN drafted=5 committed=5 draft=18.528 ms snapshot=0.378 ms verify=100.773 ms dspark_kv=1.849 ms total=121.617 ms
ds4: dspark verify dispatch path=hybrid block=12 n=5 layers=43 total=936 attn_pre=43 mutate=353 heads=215 attn_out=43 ffn_pre=43 router=43 routed=86 shared=43 tail=62 avg_total=936.0
ds4: dspark verify dispatch-est path=hybrid block=12 n=5 layers=43 embed=5 attn=43 kv=43 comp=205 index=105 heads=215 output_hc=43 ffn_pre=43 router=43 routed_moe=43 ordered_sum=43 shared=43 post_hc=43 target_hidden=15 head=1 topk=1 read=2 total=936 avg_total=936.0
ds4: dspark timing decodeN-prefix drafted=5 committed=2 draft=17.832 ms snapshot=0.612 ms verify=102.729 ms prefix=1.485 ms total=122.753 ms
ds4: dspark verify dispatch path=hybrid block=13 n=5 layers=43 total=936 attn_pre=43 mutate=353 heads=215 attn_out=43 ffn_pre=43 router=43 routed=86 shared=43 tail=62 avg_total=936.0
ds4: dspark verify dispatch-est path=hybrid block=13 n=5 layers=43 embed=5 attn=43 kv=43 comp=205 index=105 heads=215 output_hc=43 ffn_pre=43 router=43 routed_moe=43 ordered_sum=43 shared=43 post_hc=43 target_hidden=15 head=1 topk=1 read=2 total=936 avg_total=936.0
ds4: dspark timing decodeN-prefix drafted=5 committed=4 draft=17.980 ms snapshot=0.369 ms verify=99.987 ms prefix=1.803 ms total=120.208 ms
ds4: dspark verify dispatch path=hybrid block=14 n=5 layers=43 total=936 attn_pre=43 mutate=353 heads=215 attn_out=43 ffn_pre=43 router=43 routed=86 shared=43 tail=62 avg_total=936.0
ds4: dspark verify dispatch-est path=hybrid block=14 n=5 layers=43 embed=5 attn=43 kv=43 comp=205 index=105 heads=215 output_hc=43 ffn_pre=43 router=43 routed_moe=43 ordered_sum=43 shared=43 post_hc=43 target_hidden=15 head=1 topk=1 read=2 total=936 avg_total=936.0
ds4: dspark timing decodeN drafted=5 committed=5 draft=18.221 ms snapshot=0.482 ms verify=100.653 ms dspark_kv=1.613 ms total=121.047 ms
ds4: dspark verify dispatch path=hybrid block=15 n=5 layers=43 total=936 attn_pre=43 mutate=353 heads=215 attn_out=43 ffn_pre=43 router=43 routed=86 shared=43 tail=62 avg_total=936.0
ds4: dspark verify dispatch-est path=hybrid block=15 n=5 layers=43 embed=5 attn=43 kv=43 comp=205 index=105 heads=215 output_hc=43 ffn_pre=43 router=43 routed_moe=43 ordered_sum=43 shared=43 post_hc=43 target_hidden=15 head=1 topk=1 read=2 total=936 avg_total=936.0
ds4: dspark timing decodeN drafted=5 committed=5 draft=17.505 ms snapshot=0.408 ms verify=100.801 ms dspark_kv=1.668 ms total=120.463 ms
ds4: dspark verify dispatch path=hybrid block=16 n=5 layers=43 total=936 attn_pre=43 mutate=353 heads=215 attn_out=43 ffn_pre=43 router=43 routed=86 shared=43 tail=62 avg_total=936.0
ds4: dspark verify dispatch-est path=hybrid block=16 n=5 layers=43 embed=5 attn=43 kv=43 comp=205 index=105 heads=215 output_hc=43 ffn_pre=43 router=43 routed_moe=43 ordered_sum=43 shared=43 post_hc=43 target_hidden=15 head=1 topk=1 read=2 total=936 avg_total=936.0
ds4: dspark timing decodeN drafted=5 committed=5 draft=17.885 ms snapshot=0.483 ms verify=101.274 ms dspark_kv=1.629 ms total=121.347 ms
ds4: dspark verify dispatch path=hybrid block=17 n=5 layers=43 total=936 attn_pre=43 mutate=353 heads=215 attn_out=43 ffn_pre=43 router=43 routed=86 shared=43 tail=62 avg_total=936.0
ds4: dspark verify dispatch-est path=hybrid block=17 n=5 layers=43 embed=5 attn=43 kv=43 comp=205 index=105 heads=215 output_hc=43 ffn_pre=43 router=43 routed_moe=43 ordered_sum=43 shared=43 post_hc=43 target_hidden=15 head=1 topk=1 read=2 total=936 avg_total=936.0
ds4: dspark timing decodeN drafted=5 committed=5 draft=17.756 ms snapshot=0.359 ms verify=102.426 ms dspark_kv=2.074 ms total=122.694 ms
ds4: dspark direct-q2 compare call=1678 tokens=2 dim=4096 exact=yes max=0 rms=0 first_row=0 first_idx=0 first_delta=0 direct=0.19850448 separate=0.19850448 worst_row=0 worst_idx=0 worst_delta=0 direct=0.19850448 separate=0.19850448
ds4: dspark direct-q2 compare call=1679 tokens=2 dim=4096 exact=yes max=0 rms=0 first_row=0 first_idx=0 first_delta=0 direct=0.12405806 separate=0.12405806 worst_row=0 worst_idx=0 worst_delta=0 direct=0.12405806 separate=0.12405806
ds4: dspark direct-q2 compare call=1680 tokens=2 dim=4096 exact=yes max=0 rms=0 first_row=0 first_idx=0 first_delta=0 direct=0.19120491 separate=0.19120491 worst_row=0 worst_idx=0 worst_delta=0 direct=0.19120491 separate=0.19120491
ds4: dspark direct-q2 compare call=1681 tokens=2 dim=4096 exact=yes max=0 rms=0 first_row=0 first_idx=0 first_delta=0 direct=-0.051822294 separate=-0.051822294 worst_row=0 worst_idx=0 worst_delta=0 direct=-0.051822294 separate=-0.051822294
ds4: dspark verify dispatch path=hybrid block=18 n=2 layers=43 total=609 attn_pre=43 mutate=167 heads=86 attn_out=43 ffn_pre=43 router=43 routed=86 shared=43 tail=53 avg_total=917.8
ds4: dspark verify dispatch-est path=hybrid block=18 n=2 layers=43 embed=2 attn=43 kv=43 comp=82 index=42 heads=86 output_hc=43 ffn_pre=43 router=43 routed_moe=43 ordered_sum=43 shared=43 post_hc=43 target_hidden=6 head=1 topk=1 read=2 total=609 avg_total=917.8
ds4: dspark timing decodeN drafted=2 committed=2 draft=9.486 ms snapshot=0.446 ms verify=61.394 ms dspark_kv=0.935 ms total=72.354 ms
ds4: ----------------------------------------
ds4: prefill: 7.23 t/s, generation: 29.69 t/s (96 tokens in 3.233s)
ds4: dspark perf: draft=279.1 tok/s, verify=59.7 proposed tok/s, verify-accepted=41.3 tok/s, block=100.80 ms (draft=17.43 verify=81.40 overhead=1.98 commit=1.50, tau=4.36, blocks=22)
ds4: vm pressure: app=86.96 GiB resident=65.95 GiB wired=99.86 GiB compressed=2.04 GiB logical=3.52 GiB swap=3.47/5.00 GiB pressure=88% free=0.19 GiB gpu=86.89 GiB gpu-compressed=0.00 GiB task-compressed=25.81 GiB decompressions=3864385
ds4: dspark acceptance: 69.2% (74/107 draft tokens)
ds4: dspark acceptance by position: 1=18/22 2=17/22 3=15/21 4=13/21 5=11/21
ds4: dspark avg scheduled: 4.86 draft tokens/block (22 blocks)
ds4: Flash-MoE resident slot bank: resident-slots=11008/11008 (100.0%, avg=256.0/layer) installed=72.56 GiB
