Here's a complete Space Invaders game in Pygame:

```python
import pygame
import random
import math

# Initialize Pygame
pygame.init()

# Constants
SCREEN_WIDTH = 800
SCREEN_HEIGHT = 600
FPS = 60

# Colors
BLACK = (0, 0, 0)
WHITE = (255, 255, 255)
GREEN = (0, 255, 0)
RED = (255, 0, 0)
YELLOW = (255, 255, 0)

class Player:
    def __init__(self):
        self.width = 30
        self.height = 30
        self.x = SCREEN_WIDTH // 2 - self.width // 2
        self.y = SCREEN_HEIGHT - 50
        self.speed = 5
        self.bullets = []
        self.lives = 3
        self.score = 0
        
    def update(self):
        # Handle movement
        keys = pygame.key.get_pressed()
        if keys[pygame.K_LEFT] and self.x > 0:
            self.x -= self.speed
        if keys[pygame.K_RIGHT] and self.x < SCREEN_WIDTH - self.width:
            self.x += self.speed
            
        # Update bullets
        for bullet in self.bullets[:]:
            bullet.y -= 10
            if bullet.y < 0:
                self.bullets.remove(bullet)
    
    def draw(self, screen):
        pygame.draw.rect(screen, GREEN, (self.x, self.y, self.width, self.height))
        for bullet in self.bullets:
            pygame.draw.rect(screen, RED, (bullet.x, bullet.y, bullet.width, bullet.height))
    
    def shoot(self):
        if len(self.bullets) < 10:  # Limit bullets
            self.bullets.append(Bullet(self.x + self.width // 2 - 2, self.y))

class Enemy:
    def __init__(self, x, y):
        self.width = 30
        self.height = 30
        self.x = x
        self.y = y
        self.speed = 2
        self.direction = 1  # 1 for right, -1 for left
        self.shoot_direction =
