ds4: warning: raw KV cap limits Metal prefill chunk (prefill_chunk=10000, raw_kv_rows=8704, raw_window=128, effective_chunk=8576; target raw cap for one chunk is 10240, also requires ctx >= that value)
ds4: context buffers 1053.29 MiB (ctx=10000, backend=metal, prefill_chunk=10000, raw_kv_rows=8704, compressed_kv_rows=2502)
ds4: Metal device Apple M5 Max, 128.00 GiB RAM
ds4: Metal lazy model views enabled (range 5.09..82702.74 MiB); model tensors will be wrapped per command batch
ds4: Metal mapped mmaped model as 0 overlapping shared buffers
ds4: metal backend initialized for graph diagnostics
ds4: prefill routed-MoE (requested): ANE hot + overlapped per-expert GPU gather/scatter cold  [per-token table path]
ds4: prefill quant scales (ANE env first): w_qscale=512 x_qscale=32 mid_qscale=32 w_scale=0.00195312 x_scale=0.03125 mid_scale=0.03125
ds4: prefill ANE (requested): dual-cluster=off workers=1 multi-active=on tiled-fused=on queue=8 refs=32..1024 batch=256 call_max_refs=256
ds4: prefill ctx-grow: on, block=2048 tokens
ds4: prefill chunk cap: 16384, graph_raw_cap=8704
ds4: using GPU graph generation with layer-major graph prefill
ds4: ANE i8w-i8x-tiled-fused cached async prefill B=256 H=4096 I=2048 w_scale=0.00195312 x_scale=0.03125 mid_scale=0.03125
ds4: resident routed MoE using ANE/GPU DeDup prefill (ANE refs >= 32, cold tail: classic GPU gather/scatter overlapped)
ds4: resident MPP/NAX prefill layer=0 mpp_groups=0 mpp_refs=0 fallback_groups=0 fallback_refs=0 ane_groups=256 ane_refs=50538 ane_min_refs=32 ane_max_refs=1024 ane_start_failures=0 ane_scatter_failures=0 cold_tail=gather_scatter_gpu_overlap
ds4: resident MPP/NAX prefill layer=1 mpp_groups=0 mpp_refs=0 fallback_groups=0 fallback_refs=0 ane_groups=256 ane_refs=50538 ane_min_refs=32 ane_max_refs=1024 ane_start_failures=0 ane_scatter_failures=0 cold_tail=gather_scatter_gpu_overlap
ds4: resident MPP/NAX prefill layer=2 mpp_groups=0 mpp_refs=0 fallback_groups=1 fallback_refs=26 ane_groups=255 ane_refs=50512 ane_min_refs=32 ane_max_refs=1024 ane_start_failures=0 ane_scatter_failures=0 cold_tail=gather_scatter_gpu_overlap
ds4: resident MPP/NAX prefill layer=3 mpp_groups=0 mpp_refs=0 fallback_groups=49 fallback_refs=6918 ane_groups=203 ane_refs=43620 ane_min_refs=32 ane_max_refs=1024 ane_start_failures=0 ane_scatter_failures=0 cold_tail=gather_scatter_gpu_overlap
ds4: resident MPP/NAX prefill layer=4 mpp_groups=0 mpp_refs=0 fallback_groups=89 fallback_refs=17698 ane_groups=145 ane_refs=32840 ane_min_refs=32 ane_max_refs=1024 ane_start_failures=0 ane_scatter_failures=0 cold_tail=gather_scatter_gpu_overlap
ds4: resident MPP/NAX prefill layer=5 mpp_groups=0 mpp_refs=0 fallback_groups=68 fallback_refs=10343 ane_groups=173 ane_refs=40195 ane_min_refs=32 ane_max_refs=1024 ane_start_failures=0 ane_scatter_failures=0 cold_tail=gather_scatter_gpu_overlap
ds4: resident MPP/NAX prefill layer=6 mpp_groups=0 mpp_refs=0 fallback_groups=81 fallback_refs=13254 ane_groups=151 ane_refs=37284 ane_min_refs=32 ane_max_refs=1024 ane_start_failures=0 ane_scatter_failures=0 cold_tail=gather_scatter_gpu_overlap
ds4: resident MPP/NAX prefill layer=7 mpp_groups=0 mpp_refs=0 fallback_groups=76 fallback_refs=15742 ane_groups=169 ane_refs=34796 ane_min_refs=32 ane_max_refs=1024 ane_start_failures=0 ane_scatter_failures=0 cold_tail=gather_scatter_gpu_overlap
ds4: resident MPP/NAX prefill layer=8 mpp_groups=0 mpp_refs=0 fallback_groups=78 fallback_refs=14470 ane_groups=162 ane_refs=36068 ane_min_refs=32 ane_max_refs=1024 ane_start_failures=0 ane_scatter_failures=0 cold_tail=gather_scatter_gpu_overlap
ds4: resident MPP/NAX prefill layer=9 mpp_groups=0 mpp_refs=0 fallback_groups=54 fallback_refs=7801 ane_groups=198 ane_refs=42737 ane_min_refs=32 ane_max_refs=1024 ane_start_failures=0 ane_scatter_failures=0 cold_tail=gather_scatter_gpu_overlap
ds4: resident MPP/NAX prefill layer=10 mpp_groups=0 mpp_refs=0 fallback_groups=57 fallback_refs=13080 ane_groups=182 ane_refs=37458 ane_min_refs=32 ane_max_refs=1024 ane_start_failures=0 ane_scatter_failures=0 cold_tail=gather_scatter_gpu_overlap
ds4: resident MPP/NAX prefill layer=11 mpp_groups=0 mpp_refs=0 fallback_groups=58 fallback_refs=6926 ane_groups=185 ane_refs=43612 ane_min_refs=32 ane_max_refs=1024 ane_start_failures=0 ane_scatter_failures=0 cold_tail=gather_scatter_gpu_overlap
ds4: resident MPP/NAX prefill layer=12 mpp_groups=0 mpp_refs=0 fallback_groups=85 fallback_refs=15530 ane_groups=144 ane_refs=35008 ane_min_refs=32 ane_max_refs=1024 ane_start_failures=0 ane_scatter_failures=0 cold_tail=gather_scatter_gpu_overlap
ds4: resident MPP/NAX prefill layer=13 mpp_groups=0 mpp_refs=0 fallback_groups=112 fallback_refs=20984 ane_groups=123 ane_refs=29554 ane_min_refs=32 ane_max_refs=1024 ane_start_failures=0 ane_scatter_failures=0 cold_tail=gather_scatter_gpu_overlap
ds4: resident MPP/NAX prefill layer=14 mpp_groups=0 mpp_refs=0 fallback_groups=104 fallback_refs=24064 ane_groups=115 ane_refs=26474 ane_min_refs=32 ane_max_refs=1024 ane_start_failures=0 ane_scatter_failures=0 cold_tail=gather_scatter_gpu_overlap
ds4: resident MPP/NAX prefill layer=15 mpp_groups=0 mpp_refs=0 fallback_groups=103 fallback_refs=23982 ane_groups=106 ane_refs=26556 ane_min_refs=32 ane_max_refs=1024 ane_start_failures=0 ane_scatter_failures=0 cold_tail=gather_scatter_gpu_overlap
ds4: resident MPP/NAX prefill layer=16 mpp_groups=0 mpp_refs=0 fallback_groups=90 fallback_refs=21651 ane_groups=121 ane_refs=28887 ane_min_refs=32 ane_max_refs=1024 ane_start_failures=0 ane_scatter_failures=0 cold_tail=gather_scatter_gpu_overlap
ds4: resident MPP/NAX prefill layer=17 mpp_groups=0 mpp_refs=0 fallback_groups=99 fallback_refs=25825 ane_groups=107 ane_refs=24713 ane_min_refs=32 ane_max_refs=1024 ane_start_failures=0 ane_scatter_failures=0 cold_tail=gather_scatter_gpu_overlap
ds4: resident MPP/NAX prefill layer=18 mpp_groups=0 mpp_refs=0 fallback_groups=99 fallback_refs=23053 ane_groups=108 ane_refs=27485 ane_min_refs=32 ane_max_refs=1024 ane_start_failures=0 ane_scatter_failures=0 cold_tail=gather_scatter_gpu_overlap
ds4: resident MPP/NAX prefill layer=19 mpp_groups=0 mpp_refs=0 fallback_groups=40 fallback_refs=5294 ane_groups=203 ane_refs=45244 ane_min_refs=32 ane_max_refs=1024 ane_start_failures=0 ane_scatter_failures=0 cold_tail=gather_scatter_gpu_overlap
ds4: resident MPP/NAX prefill layer=20 mpp_groups=0 mpp_refs=0 fallback_groups=88 fallback_refs=23699 ane_groups=108 ane_refs=26839 ane_min_refs=32 ane_max_refs=1024 ane_start_failures=0 ane_scatter_failures=0 cold_tail=gather_scatter_gpu_overlap
ds4: resident MPP/NAX prefill layer=21 mpp_groups=0 mpp_refs=0 fallback_groups=81 fallback_refs=17139 ane_groups=137 ane_refs=33399 ane_min_refs=32 ane_max_refs=1024 ane_start_failures=0 ane_scatter_failures=0 cold_tail=gather_scatter_gpu_overlap
ds4: resident MPP/NAX prefill layer=22 mpp_groups=0 mpp_refs=0 fallback_groups=78 fallback_refs=16038 ane_groups=143 ane_refs=34500 ane_min_refs=32 ane_max_refs=1024 ane_start_failures=0 ane_scatter_failures=0 cold_tail=gather_scatter_gpu_overlap
ds4: resident MPP/NAX prefill layer=23 mpp_groups=0 mpp_refs=0 fallback_groups=45 fallback_refs=6870 ane_groups=182 ane_refs=43668 ane_min_refs=32 ane_max_refs=1024 ane_start_failures=0 ane_scatter_failures=0 cold_tail=gather_scatter_gpu_overlap
ds4: resident MPP/NAX prefill layer=24 mpp_groups=0 mpp_refs=0 fallback_groups=80 fallback_refs=15846 ane_groups=135 ane_refs=34692 ane_min_refs=32 ane_max_refs=1024 ane_start_failures=0 ane_scatter_failures=0 cold_tail=gather_scatter_gpu_overlap
ds4: resident MPP/NAX prefill layer=25 mpp_groups=0 mpp_refs=0 fallback_groups=67 fallback_refs=6901 ane_groups=151 ane_refs=43637 ane_min_refs=32 ane_max_refs=1024 ane_start_failures=0 ane_scatter_failures=0 cold_tail=gather_scatter_gpu_overlap
ds4: resident MPP/NAX prefill layer=26 mpp_groups=0 mpp_refs=0 fallback_groups=101 fallback_refs=26116 ane_groups=106 ane_refs=24422 ane_min_refs=32 ane_max_refs=1024 ane_start_failures=0 ane_scatter_failures=0 cold_tail=gather_scatter_gpu_overlap
ds4: resident MPP/NAX prefill layer=27 mpp_groups=0 mpp_refs=0 fallback_groups=80 fallback_refs=21728 ane_groups=131 ane_refs=28810 ane_min_refs=32 ane_max_refs=1024 ane_start_failures=0 ane_scatter_failures=0 cold_tail=gather_scatter_gpu_overlap
ds4: resident MPP/NAX prefill layer=28 mpp_groups=0 mpp_refs=0 fallback_groups=78 fallback_refs=16627 ane_groups=130 ane_refs=33911 ane_min_refs=32 ane_max_refs=1024 ane_start_failures=0 ane_scatter_failures=0 cold_tail=gather_scatter_gpu_overlap
ds4: resident MPP/NAX prefill layer=29 mpp_groups=0 mpp_refs=0 fallback_groups=102 fallback_refs=25359 ane_groups=114 ane_refs=25179 ane_min_refs=32 ane_max_refs=1024 ane_start_failures=0 ane_scatter_failures=0 cold_tail=gather_scatter_gpu_overlap
ds4: resident MPP/NAX prefill layer=30 mpp_groups=0 mpp_refs=0 fallback_groups=83 fallback_refs=16209 ane_groups=129 ane_refs=34329 ane_min_refs=32 ane_max_refs=1024 ane_start_failures=0 ane_scatter_failures=0 cold_tail=gather_scatter_gpu_overlap
ds4: resident MPP/NAX prefill layer=31 mpp_groups=0 mpp_refs=0 fallback_groups=100 fallback_refs=19207 ane_groups=121 ane_refs=31331 ane_min_refs=32 ane_max_refs=1024 ane_start_failures=0 ane_scatter_failures=0 cold_tail=gather_scatter_gpu_overlap
ds4: resident MPP/NAX prefill layer=32 mpp_groups=0 mpp_refs=0 fallback_groups=96 fallback_refs=23561 ane_groups=107 ane_refs=26977 ane_min_refs=32 ane_max_refs=1024 ane_start_failures=0 ane_scatter_failures=0 cold_tail=gather_scatter_gpu_overlap
ds4: resident MPP/NAX prefill layer=33 mpp_groups=0 mpp_refs=0 fallback_groups=109 fallback_refs=26255 ane_groups=95 ane_refs=24283 ane_min_refs=32 ane_max_refs=1024 ane_start_failures=0 ane_scatter_failures=0 cold_tail=gather_scatter_gpu_overlap
ds4: resident MPP/NAX prefill layer=34 mpp_groups=0 mpp_refs=0 fallback_groups=113 fallback_refs=28742 ane_groups=97 ane_refs=21796 ane_min_refs=32 ane_max_refs=1024 ane_start_failures=0 ane_scatter_failures=0 cold_tail=gather_scatter_gpu_overlap
ds4: resident MPP/NAX prefill layer=35 mpp_groups=0 mpp_refs=0 fallback_groups=94 fallback_refs=21614 ane_groups=136 ane_refs=28924 ane_min_refs=32 ane_max_refs=1024 ane_start_failures=0 ane_scatter_failures=0 cold_tail=gather_scatter_gpu_overlap
ds4: resident MPP/NAX prefill layer=36 mpp_groups=0 mpp_refs=0 fallback_groups=110 fallback_refs=26182 ane_groups=89 ane_refs=24356 ane_min_refs=32 ane_max_refs=1024 ane_start_failures=0 ane_scatter_failures=0 cold_tail=gather_scatter_gpu_overlap
ds4: resident MPP/NAX prefill layer=37 mpp_groups=0 mpp_refs=0 fallback_groups=96 fallback_refs=20297 ane_groups=108 ane_refs=30241 ane_min_refs=32 ane_max_refs=1024 ane_start_failures=0 ane_scatter_failures=0 cold_tail=gather_scatter_gpu_overlap
ds4: resident MPP/NAX prefill layer=38 mpp_groups=0 mpp_refs=0 fallback_groups=95 fallback_refs=17222 ane_groups=118 ane_refs=33316 ane_min_refs=32 ane_max_refs=1024 ane_start_failures=0 ane_scatter_failures=0 cold_tail=gather_scatter_gpu_overlap
ds4: resident MPP/NAX prefill layer=39 mpp_groups=0 mpp_refs=0 fallback_groups=90 fallback_refs=16371 ane_groups=142 ane_refs=34167 ane_min_refs=32 ane_max_refs=1024 ane_start_failures=0 ane_scatter_failures=0 cold_tail=gather_scatter_gpu_overlap
ds4: resident MPP/NAX prefill layer=40 mpp_groups=0 mpp_refs=0 fallback_groups=81 fallback_refs=23809 ane_groups=118 ane_refs=26729 ane_min_refs=32 ane_max_refs=1024 ane_start_failures=0 ane_scatter_failures=0 cold_tail=gather_scatter_gpu_overlap
ds4: resident MPP/NAX prefill layer=41 mpp_groups=0 mpp_refs=0 fallback_groups=72 fallback_refs=14609 ane_groups=144 ane_refs=35929 ane_min_refs=32 ane_max_refs=1024 ane_start_failures=0 ane_scatter_failures=0 cold_tail=gather_scatter_gpu_overlap
ds4: resident MPP/NAX prefill layer=42 mpp_groups=0 mpp_refs=0 fallback_groups=67 fallback_refs=15577 ane_groups=155 ane_refs=34961 ane_min_refs=32 ane_max_refs=1024 ane_start_failures=0 ane_scatter_failures=0 cold_tail=gather_scatter_gpu_overlap
ds4: metal layer-major prefill total tokens=8423 encode=16497.268 ms execute=8536.004 ms read=0.038 ms total=25033.339 ms
ds4: prefill full: 8423 tokens in 25303.0 ms (332.9 t/s)
 aloud
ds4: ----------------------------------------
ds4: prefill: 332.87 t/s, generation: 9708.74 t/s
ds4: ANE prefill stats calls=6258 ok=6258 skipped_big_refs=0 compile_attempts=1 compile_failures=0 eval_calls=9163 eval_failures=0 write_failures=0 reopen_failures=0
ds4: ANE prefill timing dequant=35.579 ms input=1.426 ms ane_eval=52209.590 ms ane_eval_a=52209.590 ms ane_eval_b=0.000 ms ane_eval_c=0.000 ms ane_eval_d=0.000 ms ane_wall_est=52209.590 ms writeback=33.378 ms helper_avg=5.697871 ms ane_calls=9163 ane_call_avg=5.697871 ms
ds4: ANE prefill timing2 output_pack=31.730 ms measured_total=52311.703 ms
ds4: ANE prefill timing3 dequant_wait=13686.959 ms post_wait=0.000 ms x_zero=52.084 ms x_copy=108.753 ms out_zero=310.253 ms out_f16_copy=228.549 ms output_convert=31.730 ms output_gpu_encode=31.730 ms output_chunks=6258 output_elems=5982269440 output_convert_rate=188.537 Gelem/s
ds4: ANE prefill timing4 wait_predict=0.000 ms finish_join_ane=11055.218 ms finish_join_post=0.000 ms wait_predict_calls=0 finish_calls=6258
ds4: ANE prefill chunks refs=1460515 padded_refs=2345728 pad_util=62.26% le16=191 le64=1628 le128=1985 full=2921
ds4: ANE prefill batch_hist B256=9163 refs=1460515 util=62.3%
