ds4: context buffers 940.59 MiB (ctx=10000, backend=metal, prefill_chunk=4096, raw_kv_rows=8704, compressed_kv_rows=2502)
ds4: Metal device Apple M5 Max, 128.00 GiB RAM
ds4: Metal lazy model views enabled (range 5.09..82702.74 MiB); model tensors will be wrapped per command batch
ds4: Metal mapped mmaped model as 0 overlapping shared buffers
ds4: metal backend initialized for graph diagnostics
ds4: prefill routed-MoE (requested): ANE hot + overlapped per-expert GPU gather/scatter cold  [per-token table path]
ds4: prefill quant scales (ANE env first): w_qscale=512 x_qscale=32 mid_qscale=32 w_scale=0.00195312 x_scale=0.03125 mid_scale=0.03125
ds4: prefill ANE (requested): dual-cluster=off workers=1 multi-active=on tiled-fused=on queue=8 refs=256..1024 batch=256 call_max_refs=256
ds4: prefill ctx-grow: on, block=2048 tokens
ds4: prefill chunk cap: 4096, graph_raw_cap=8704
ds4: using GPU graph generation with layer-major graph prefill
ds4: using chunked GPU prefill (4096-token chunks for 8423 prompt tokens)
ds4: prefill chunk cap EFFECTIVE=4096 tokens (DS4_METAL_PREFILL_CHUNK=4096) (resident-NAX tiles this by scratch_cap; that tile gates the sync bridge)
ds4: ANE i8w-i8x-tiled-fused cached async prefill B=256 H=4096 I=2048 w_scale=0.00195312 x_scale=0.03125 mid_scale=0.03125
processing 8423 input tokens: 0/8423 (0.0%) batch=0.00 t/s avg=0.00 t/s
ds4: resident routed MoE using ANE/GPU DeDup prefill (ANE refs >= 256, cold tail: classic GPU gather/scatter overlapped)
ds4: resident MPP/NAX prefill layer=0 mpp_groups=0 mpp_refs=0 fallback_groups=255 fallback_refs=24307 ane_groups=1 ane_refs=269 ane_min_refs=256 ane_max_refs=1024 ane_start_failures=0 ane_scatter_failures=0 cold_tail=gather_scatter_gpu_overlap
ds4: gpu chunked prefill pos=0 tokens=4096 layer 0 encode=318.791 ms execute=0.021 ms
ds4: resident MPP/NAX prefill layer=1 mpp_groups=0 mpp_refs=0 fallback_groups=253 fallback_refs=23795 ane_groups=3 ane_refs=781 ane_min_refs=256 ane_max_refs=1024 ane_start_failures=0 ane_scatter_failures=0 cold_tail=gather_scatter_gpu_overlap
ds4: gpu chunked prefill pos=0 tokens=4096 layer 1 encode=231.733 ms execute=0.021 ms
ds4: resident MPP/NAX prefill layer=2 mpp_groups=0 mpp_refs=0 fallback_groups=251 fallback_refs=23197 ane_groups=5 ane_refs=1379 ane_min_refs=256 ane_max_refs=1024 ane_start_failures=0 ane_scatter_failures=0 cold_tail=gather_scatter_gpu_overlap
ds4: gpu chunked prefill pos=0 tokens=4096 layer 2 encode=311.969 ms execute=0.024 ms
ds4: resident MPP/NAX prefill layer=3 mpp_groups=0 mpp_refs=0 fallback_groups=230 fallback_refs=19379 ane_groups=13 ane_refs=5197 ane_min_refs=256 ane_max_refs=1024 ane_start_failures=0 ane_scatter_failures=0 cold_tail=gather_scatter_gpu_overlap
ds4: gpu chunked prefill pos=0 tokens=4096 layer 3 encode=236.635 ms execute=0.020 ms
ds4: resident MPP/NAX prefill layer=4 mpp_groups=0 mpp_refs=0 fallback_groups=219 fallback_refs=15436 ane_groups=19 ane_refs=9140 ane_min_refs=256 ane_max_refs=1024 ane_start_failures=0 ane_scatter_failures=0 cold_tail=gather_scatter_gpu_overlap
ds4: gpu chunked prefill pos=0 tokens=4096 layer 4 encode=313.923 ms execute=0.028 ms
ds4: resident MPP/NAX prefill layer=5 mpp_groups=0 mpp_refs=0 fallback_groups=236 fallback_refs=19564 ane_groups=12 ane_refs=5012 ane_min_refs=256 ane_max_refs=1024 ane_start_failures=0 ane_scatter_failures=0 cold_tail=gather_scatter_gpu_overlap
ds4: gpu chunked prefill pos=0 tokens=4096 layer 5 encode=243.849 ms execute=0.021 ms
ds4: resident MPP/NAX prefill layer=6 mpp_groups=0 mpp_refs=0 fallback_groups=226 fallback_refs=17725 ane_groups=16 ane_refs=6851 ane_min_refs=256 ane_max_refs=1024 ane_start_failures=0 ane_scatter_failures=0 cold_tail=gather_scatter_gpu_overlap
ds4: gpu chunked prefill pos=0 tokens=4096 layer 6 encode=296.990 ms execute=0.030 ms
ds4: resident MPP/NAX prefill layer=7 mpp_groups=0 mpp_refs=0 fallback_groups=235 fallback_refs=20292 ane_groups=10 ane_refs=4284 ane_min_refs=256 ane_max_refs=1024 ane_start_failures=0 ane_scatter_failures=0 cold_tail=gather_scatter_gpu_overlap
ds4: gpu chunked prefill pos=0 tokens=4096 layer 7 encode=223.610 ms execute=0.027 ms
ds4: resident MPP/NAX prefill layer=8 mpp_groups=0 mpp_refs=0 fallback_groups=221 fallback_refs=17746 ane_groups=16 ane_refs=6830 ane_min_refs=256 ane_max_refs=1024 ane_start_failures=0 ane_scatter_failures=0 cold_tail=gather_scatter_gpu_overlap
ds4: gpu chunked prefill pos=0 tokens=4096 layer 8 encode=297.406 ms execute=0.021 ms
ds4: resident MPP/NAX prefill layer=9 mpp_groups=0 mpp_refs=0 fallback_groups=232 fallback_refs=17147 ane_groups=19 ane_refs=7429 ane_min_refs=256 ane_max_refs=1024 ane_start_failures=0 ane_scatter_failures=0 cold_tail=gather_scatter_gpu_overlap
ds4: gpu chunked prefill pos=0 tokens=4096 layer 9 encode=233.452 ms execute=0.021 ms
ds4: resident MPP/NAX prefill layer=10 mpp_groups=0 mpp_refs=0 fallback_groups=225 fallback_refs=16544 ane_groups=17 ane_refs=8032 ane_min_refs=256 ane_max_refs=1024 ane_start_failures=0 ane_scatter_failures=0 cold_tail=gather_scatter_gpu_overlap
ds4: gpu chunked prefill pos=0 tokens=4096 layer 10 encode=304.233 ms execute=0.025 ms
ds4: resident MPP/NAX prefill layer=11 mpp_groups=0 mpp_refs=0 fallback_groups=231 fallback_refs=16367 ane_groups=20 ane_refs=8209 ane_min_refs=256 ane_max_refs=1024 ane_start_failures=0 ane_scatter_failures=0 cold_tail=gather_scatter_gpu_overlap
ds4: gpu chunked prefill pos=0 tokens=4096 layer 11 encode=231.589 ms execute=0.019 ms
ds4: resident MPP/NAX prefill layer=12 mpp_groups=0 mpp_refs=0 fallback_groups=203 fallback_refs=12439 ane_groups=29 ane_refs=12137 ane_min_refs=256 ane_max_refs=1024 ane_start_failures=0 ane_scatter_failures=0 cold_tail=gather_scatter_gpu_overlap
ds4: gpu chunked prefill pos=0 tokens=4096 layer 12 encode=307.111 ms execute=0.029 ms
ds4: resident MPP/NAX prefill layer=13 mpp_groups=0 mpp_refs=0 fallback_groups=219 fallback_refs=16452 ane_groups=18 ane_refs=8124 ane_min_refs=256 ane_max_refs=1024 ane_start_failures=0 ane_scatter_failures=0 cold_tail=gather_scatter_gpu_overlap
ds4: gpu chunked prefill pos=0 tokens=4096 layer 13 encode=226.054 ms execute=0.042 ms
ds4: resident MPP/NAX prefill layer=14 mpp_groups=0 mpp_refs=0 fallback_groups=203 fallback_refs=12409 ane_groups=25 ane_refs=12167 ane_min_refs=256 ane_max_refs=1024 ane_start_failures=0 ane_scatter_failures=0 cold_tail=gather_scatter_gpu_overlap
ds4: gpu chunked prefill pos=0 tokens=4096 layer 14 encode=304.432 ms execute=0.020 ms
ds4: resident MPP/NAX prefill layer=15 mpp_groups=0 mpp_refs=0 fallback_groups=195 fallback_refs=12031 ane_groups=30 ane_refs=12545 ane_min_refs=256 ane_max_refs=1024 ane_start_failures=0 ane_scatter_failures=0 cold_tail=gather_scatter_gpu_overlap
ds4: gpu chunked prefill pos=0 tokens=4096 layer 15 encode=236.560 ms execute=0.027 ms
ds4: resident MPP/NAX prefill layer=16 mpp_groups=0 mpp_refs=0 fallback_groups=198 fallback_refs=14465 ane_groups=26 ane_refs=10111 ane_min_refs=256 ane_max_refs=1024 ane_start_failures=0 ane_scatter_failures=0 cold_tail=gather_scatter_gpu_overlap
ds4: gpu chunked prefill pos=0 tokens=4096 layer 16 encode=292.142 ms execute=0.017 ms
ds4: resident MPP/NAX prefill layer=17 mpp_groups=0 mpp_refs=0 fallback_groups=198 fallback_refs=14223 ane_groups=19 ane_refs=10353 ane_min_refs=256 ane_max_refs=1024 ane_start_failures=0 ane_scatter_failures=0 cold_tail=gather_scatter_gpu_overlap
ds4: gpu chunked prefill pos=0 tokens=4096 layer 17 encode=226.533 ms execute=0.019 ms
ds4: resident MPP/NAX prefill layer=18 mpp_groups=0 mpp_refs=0 fallback_groups=204 fallback_refs=14304 ane_groups=22 ane_refs=10272 ane_min_refs=256 ane_max_refs=1024 ane_start_failures=0 ane_scatter_failures=0 cold_tail=gather_scatter_gpu_overlap
ds4: gpu chunked prefill pos=0 tokens=4096 layer 18 encode=288.643 ms execute=0.025 ms
ds4: resident MPP/NAX prefill layer=19 mpp_groups=0 mpp_refs=0 fallback_groups=216 fallback_refs=17560 ane_groups=19 ane_refs=7016 ane_min_refs=256 ane_max_refs=1024 ane_start_failures=0 ane_scatter_failures=0 cold_tail=gather_scatter_gpu_overlap
ds4: gpu chunked prefill pos=0 tokens=4096 layer 19 encode=230.165 ms execute=0.025 ms
ds4: resident MPP/NAX prefill layer=20 mpp_groups=0 mpp_refs=0 fallback_groups=201 fallback_refs=13741 ane_groups=23 ane_refs=10835 ane_min_refs=256 ane_max_refs=1024 ane_start_failures=0 ane_scatter_failures=0 cold_tail=gather_scatter_gpu_overlap
ds4: gpu chunked prefill pos=0 tokens=4096 layer 20 encode=297.322 ms execute=0.031 ms
ds4: resident MPP/NAX prefill layer=21 mpp_groups=0 mpp_refs=0 fallback_groups=198 fallback_refs=13592 ane_groups=27 ane_refs=10984 ane_min_refs=256 ane_max_refs=1024 ane_start_failures=0 ane_scatter_failures=0 cold_tail=gather_scatter_gpu_overlap
ds4: gpu chunked prefill pos=0 tokens=4096 layer 21 encode=245.021 ms execute=0.025 ms
ds4: resident MPP/NAX prefill layer=22 mpp_groups=0 mpp_refs=0 fallback_groups=208 fallback_refs=13573 ane_groups=26 ane_refs=11003 ane_min_refs=256 ane_max_refs=1024 ane_start_failures=0 ane_scatter_failures=0 cold_tail=gather_scatter_gpu_overlap
ds4: gpu chunked prefill pos=0 tokens=4096 layer 22 encode=301.738 ms execute=0.021 ms
ds4: resident MPP/NAX prefill layer=23 mpp_groups=0 mpp_refs=0 fallback_groups=201 fallback_refs=13703 ane_groups=27 ane_refs=10873 ane_min_refs=256 ane_max_refs=1024 ane_start_failures=0 ane_scatter_failures=0 cold_tail=gather_scatter_gpu_overlap
ds4: gpu chunked prefill pos=0 tokens=4096 layer 23 encode=235.221 ms execute=0.018 ms
ds4: resident MPP/NAX prefill layer=24 mpp_groups=0 mpp_refs=0 fallback_groups=191 fallback_refs=15745 ane_groups=21 ane_refs=8831 ane_min_refs=256 ane_max_refs=1024 ane_start_failures=0 ane_scatter_failures=0 cold_tail=gather_scatter_gpu_overlap
ds4: gpu chunked prefill pos=0 tokens=4096 layer 24 encode=314.565 ms execute=0.022 ms
ds4: resident MPP/NAX prefill layer=25 mpp_groups=0 mpp_refs=0 fallback_groups=208 fallback_refs=15355 ane_groups=23 ane_refs=9221 ane_min_refs=256 ane_max_refs=1024 ane_start_failures=0 ane_scatter_failures=0 cold_tail=gather_scatter_gpu_overlap
ds4: gpu chunked prefill pos=0 tokens=4096 layer 25 encode=229.639 ms execute=0.025 ms
ds4: resident MPP/NAX prefill layer=26 mpp_groups=0 mpp_refs=0 fallback_groups=200 fallback_refs=15367 ane_groups=23 ane_refs=9209 ane_min_refs=256 ane_max_refs=1024 ane_start_failures=0 ane_scatter_failures=0 cold_tail=gather_scatter_gpu_overlap
ds4: gpu chunked prefill pos=0 tokens=4096 layer 26 encode=304.074 ms execute=0.031 ms
ds4: resident MPP/NAX prefill layer=27 mpp_groups=0 mpp_refs=0 fallback_groups=203 fallback_refs=15189 ane_groups=26 ane_refs=9387 ane_min_refs=256 ane_max_refs=1024 ane_start_failures=0 ane_scatter_failures=0 cold_tail=gather_scatter_gpu_overlap
ds4: gpu chunked prefill pos=0 tokens=4096 layer 27 encode=239.347 ms execute=0.022 ms
ds4: resident MPP/NAX prefill layer=28 mpp_groups=0 mpp_refs=0 fallback_groups=199 fallback_refs=16238 ane_groups=23 ane_refs=8338 ane_min_refs=256 ane_max_refs=1024 ane_start_failures=0 ane_scatter_failures=0 cold_tail=gather_scatter_gpu_overlap
ds4: gpu chunked prefill pos=0 tokens=4096 layer 28 encode=308.727 ms execute=0.020 ms
ds4: resident MPP/NAX prefill layer=29 mpp_groups=0 mpp_refs=0 fallback_groups=208 fallback_refs=16314 ane_groups=19 ane_refs=8262 ane_min_refs=256 ane_max_refs=1024 ane_start_failures=0 ane_scatter_failures=0 cold_tail=gather_scatter_gpu_overlap
ds4: gpu chunked prefill pos=0 tokens=4096 layer 29 encode=231.101 ms execute=0.020 ms
ds4: resident MPP/NAX prefill layer=30 mpp_groups=0 mpp_refs=0 fallback_groups=204 fallback_refs=12449 ane_groups=27 ane_refs=12127 ane_min_refs=256 ane_max_refs=1024 ane_start_failures=0 ane_scatter_failures=0 cold_tail=gather_scatter_gpu_overlap
ds4: gpu chunked prefill pos=0 tokens=4096 layer 30 encode=318.903 ms execute=0.018 ms
ds4: resident MPP/NAX prefill layer=31 mpp_groups=0 mpp_refs=0 fallback_groups=218 fallback_refs=14389 ane_groups=23 ane_refs=10187 ane_min_refs=256 ane_max_refs=1024 ane_start_failures=0 ane_scatter_failures=0 cold_tail=gather_scatter_gpu_overlap
ds4: gpu chunked prefill pos=0 tokens=4096 layer 31 encode=243.771 ms execute=0.027 ms
ds4: resident MPP/NAX prefill layer=32 mpp_groups=0 mpp_refs=0 fallback_groups=201 fallback_refs=13356 ane_groups=26 ane_refs=11220 ane_min_refs=256 ane_max_refs=1024 ane_start_failures=0 ane_scatter_failures=0 cold_tail=gather_scatter_gpu_overlap
ds4: gpu chunked prefill pos=0 tokens=4096 layer 32 encode=315.730 ms execute=0.032 ms
ds4: resident MPP/NAX prefill layer=33 mpp_groups=0 mpp_refs=0 fallback_groups=205 fallback_refs=13688 ane_groups=24 ane_refs=10888 ane_min_refs=256 ane_max_refs=1024 ane_start_failures=0 ane_scatter_failures=0 cold_tail=gather_scatter_gpu_overlap
ds4: gpu chunked prefill pos=0 tokens=4096 layer 33 encode=232.976 ms execute=0.033 ms
ds4: resident MPP/NAX prefill layer=34 mpp_groups=0 mpp_refs=0 fallback_groups=206 fallback_refs=17599 ane_groups=18 ane_refs=6977 ane_min_refs=256 ane_max_refs=1024 ane_start_failures=0 ane_scatter_failures=0 cold_tail=gather_scatter_gpu_overlap
ds4: gpu chunked prefill pos=0 tokens=4096 layer 34 encode=297.920 ms execute=0.056 ms
ds4: resident MPP/NAX prefill layer=35 mpp_groups=0 mpp_refs=0 fallback_groups=217 fallback_refs=15063 ane_groups=24 ane_refs=9513 ane_min_refs=256 ane_max_refs=1024 ane_start_failures=0 ane_scatter_failures=0 cold_tail=gather_scatter_gpu_overlap
ds4: gpu chunked prefill pos=0 tokens=4096 layer 35 encode=247.200 ms execute=0.048 ms
ds4: resident MPP/NAX prefill layer=36 mpp_groups=0 mpp_refs=0 fallback_groups=201 fallback_refs=12318 ane_groups=24 ane_refs=12258 ane_min_refs=256 ane_max_refs=1024 ane_start_failures=0 ane_scatter_failures=0 cold_tail=gather_scatter_gpu_overlap
ds4: gpu chunked prefill pos=0 tokens=4096 layer 36 encode=306.169 ms execute=0.021 ms
ds4: resident MPP/NAX prefill layer=37 mpp_groups=0 mpp_refs=0 fallback_groups=216 fallback_refs=16778 ane_groups=18 ane_refs=7798 ane_min_refs=256 ane_max_refs=1024 ane_start_failures=0 ane_scatter_failures=0 cold_tail=gather_scatter_gpu_overlap
ds4: gpu chunked prefill pos=0 tokens=4096 layer 37 encode=233.000 ms execute=0.025 ms
ds4: resident MPP/NAX prefill layer=38 mpp_groups=0 mpp_refs=0 fallback_groups=215 fallback_refs=14766 ane_groups=23 ane_refs=9810 ane_min_refs=256 ane_max_refs=1024 ane_start_failures=0 ane_scatter_failures=0 cold_tail=gather_scatter_gpu_overlap
ds4: gpu chunked prefill pos=0 tokens=4096 layer 38 encode=305.359 ms execute=0.023 ms
ds4: resident MPP/NAX prefill layer=39 mpp_groups=0 mpp_refs=0 fallback_groups=220 fallback_refs=15046 ane_groups=22 ane_refs=9530 ane_min_refs=256 ane_max_refs=1024 ane_start_failures=0 ane_scatter_failures=0 cold_tail=gather_scatter_gpu_overlap
ds4: gpu chunked prefill pos=0 tokens=4096 layer 39 encode=244.410 ms execute=0.020 ms
ds4: resident MPP/NAX prefill layer=40 mpp_groups=0 mpp_refs=0 fallback_groups=202 fallback_refs=14726 ane_groups=22 ane_refs=9850 ane_min_refs=256 ane_max_refs=1024 ane_start_failures=0 ane_scatter_failures=0 cold_tail=gather_scatter_gpu_overlap
ds4: gpu chunked prefill pos=0 tokens=4096 layer 40 encode=300.201 ms execute=0.020 ms
ds4: resident MPP/NAX prefill layer=41 mpp_groups=0 mpp_refs=0 fallback_groups=209 fallback_refs=17301 ane_groups=17 ane_refs=7275 ane_min_refs=256 ane_max_refs=1024 ane_start_failures=0 ane_scatter_failures=0 cold_tail=gather_scatter_gpu_overlap
ds4: gpu chunked prefill pos=0 tokens=4096 layer 41 encode=232.131 ms execute=0.019 ms
ds4: resident MPP/NAX prefill layer=42 mpp_groups=0 mpp_refs=0 fallback_groups=212 fallback_refs=18398 ane_groups=17 ane_refs=6178 ane_min_refs=256 ane_max_refs=1024 ane_start_failures=0 ane_scatter_failures=0 cold_tail=gather_scatter_gpu_overlap
ds4: gpu chunked prefill pos=0 tokens=4096 layer 42 encode=300.853 ms execute=0.019 ms
processing 8423 input tokens: 4096/8423 (48.6%) batch=350.49 t/s avg=342.61 t/s
ds4: resident MPP/NAX prefill layer=0 mpp_groups=0 mpp_refs=0 fallback_groups=255 fallback_refs=24307 ane_groups=1 ane_refs=269 ane_min_refs=256 ane_max_refs=1024 ane_start_failures=0 ane_scatter_failures=0 cold_tail=gather_scatter_gpu_overlap
ds4: gpu chunked prefill pos=4096 tokens=4096 layer 0 encode=235.785 ms execute=0.017 ms
ds4: resident MPP/NAX prefill layer=1 mpp_groups=0 mpp_refs=0 fallback_groups=253 fallback_refs=23797 ane_groups=3 ane_refs=779 ane_min_refs=256 ane_max_refs=1024 ane_start_failures=0 ane_scatter_failures=0 cold_tail=gather_scatter_gpu_overlap
ds4: gpu chunked prefill pos=4096 tokens=4096 layer 1 encode=230.241 ms execute=0.050 ms
ds4: resident MPP/NAX prefill layer=2 mpp_groups=0 mpp_refs=0 fallback_groups=251 fallback_refs=23199 ane_groups=5 ane_refs=1377 ane_min_refs=256 ane_max_refs=1024 ane_start_failures=0 ane_scatter_failures=0 cold_tail=gather_scatter_gpu_overlap
ds4: gpu chunked prefill pos=4096 tokens=4096 layer 2 encode=332.938 ms execute=0.025 ms
ds4: resident MPP/NAX prefill layer=3 mpp_groups=0 mpp_refs=0 fallback_groups=222 fallback_refs=18839 ane_groups=17 ane_refs=5737 ane_min_refs=256 ane_max_refs=1024 ane_start_failures=0 ane_scatter_failures=0 cold_tail=gather_scatter_gpu_overlap
ds4: gpu chunked prefill pos=4096 tokens=4096 layer 3 encode=233.869 ms execute=0.040 ms
ds4: resident MPP/NAX prefill layer=4 mpp_groups=0 mpp_refs=0 fallback_groups=205 fallback_refs=14574 ane_groups=22 ane_refs=10002 ane_min_refs=256 ane_max_refs=1024 ane_start_failures=0 ane_scatter_failures=0 cold_tail=gather_scatter_gpu_overlap
ds4: gpu chunked prefill pos=4096 tokens=4096 layer 4 encode=335.093 ms execute=0.018 ms
ds4: resident MPP/NAX prefill layer=5 mpp_groups=0 mpp_refs=0 fallback_groups=226 fallback_refs=17566 ane_groups=18 ane_refs=7010 ane_min_refs=256 ane_max_refs=1024 ane_start_failures=0 ane_scatter_failures=0 cold_tail=gather_scatter_gpu_overlap
ds4: gpu chunked prefill pos=4096 tokens=4096 layer 5 encode=238.944 ms execute=0.021 ms
ds4: resident MPP/NAX prefill layer=6 mpp_groups=0 mpp_refs=0 fallback_groups=210 fallback_refs=15712 ane_groups=22 ane_refs=8864 ane_min_refs=256 ane_max_refs=1024 ane_start_failures=0 ane_scatter_failures=0 cold_tail=gather_scatter_gpu_overlap
ds4: gpu chunked prefill pos=4096 tokens=4096 layer 6 encode=331.381 ms execute=0.029 ms
ds4: resident MPP/NAX prefill layer=7 mpp_groups=0 mpp_refs=0 fallback_groups=205 fallback_refs=13513 ane_groups=25 ane_refs=11063 ane_min_refs=256 ane_max_refs=1024 ane_start_failures=0 ane_scatter_failures=0 cold_tail=gather_scatter_gpu_overlap
ds4: gpu chunked prefill pos=4096 tokens=4096 layer 7 encode=236.148 ms execute=0.025 ms
ds4: resident MPP/NAX prefill layer=8 mpp_groups=0 mpp_refs=0 fallback_groups=216 fallback_refs=17073 ane_groups=17 ane_refs=7503 ane_min_refs=256 ane_max_refs=1024 ane_start_failures=0 ane_scatter_failures=0 cold_tail=gather_scatter_gpu_overlap
ds4: gpu chunked prefill pos=4096 tokens=4096 layer 8 encode=321.766 ms execute=0.059 ms
ds4: resident MPP/NAX prefill layer=9 mpp_groups=0 mpp_refs=0 fallback_groups=216 fallback_refs=17821 ane_groups=21 ane_refs=6755 ane_min_refs=256 ane_max_refs=1024 ane_start_failures=0 ane_scatter_failures=0 cold_tail=gather_scatter_gpu_overlap
ds4: gpu chunked prefill pos=4096 tokens=4096 layer 9 encode=235.419 ms execute=0.023 ms
ds4: resident MPP/NAX prefill layer=10 mpp_groups=0 mpp_refs=0 fallback_groups=203 fallback_refs=12899 ane_groups=26 ane_refs=11677 ane_min_refs=256 ane_max_refs=1024 ane_start_failures=0 ane_scatter_failures=0 cold_tail=gather_scatter_gpu_overlap
ds4: gpu chunked prefill pos=4096 tokens=4096 layer 10 encode=331.781 ms execute=0.028 ms
ds4: resident MPP/NAX prefill layer=11 mpp_groups=0 mpp_refs=0 fallback_groups=210 fallback_refs=12958 ane_groups=29 ane_refs=11618 ane_min_refs=256 ane_max_refs=1024 ane_start_failures=0 ane_scatter_failures=0 cold_tail=gather_scatter_gpu_overlap
ds4: gpu chunked prefill pos=4096 tokens=4096 layer 11 encode=240.857 ms execute=0.026 ms
ds4: resident MPP/NAX prefill layer=12 mpp_groups=0 mpp_refs=0 fallback_groups=197 fallback_refs=13011 ane_groups=26 ane_refs=11565 ane_min_refs=256 ane_max_refs=1024 ane_start_failures=0 ane_scatter_failures=0 cold_tail=gather_scatter_gpu_overlap
ds4: gpu chunked prefill pos=4096 tokens=4096 layer 12 encode=338.275 ms execute=0.028 ms
ds4: resident MPP/NAX prefill layer=13 mpp_groups=0 mpp_refs=0 fallback_groups=204 fallback_refs=11170 ane_groups=26 ane_refs=13406 ane_min_refs=256 ane_max_refs=1024 ane_start_failures=0 ane_scatter_failures=0 cold_tail=gather_scatter_gpu_overlap
ds4: gpu chunked prefill pos=4096 tokens=4096 layer 13 encode=227.422 ms execute=0.026 ms
ds4: resident MPP/NAX prefill layer=14 mpp_groups=0 mpp_refs=0 fallback_groups=195 fallback_refs=9710 ane_groups=32 ane_refs=14866 ane_min_refs=256 ane_max_refs=1024 ane_start_failures=0 ane_scatter_failures=0 cold_tail=gather_scatter_gpu_overlap
ds4: gpu chunked prefill pos=4096 tokens=4096 layer 14 encode=331.474 ms execute=0.019 ms
ds4: resident MPP/NAX prefill layer=15 mpp_groups=0 mpp_refs=0 fallback_groups=193 fallback_refs=12084 ane_groups=28 ane_refs=12492 ane_min_refs=256 ane_max_refs=1024 ane_start_failures=0 ane_scatter_failures=0 cold_tail=gather_scatter_gpu_overlap
ds4: gpu chunked prefill pos=4096 tokens=4096 layer 15 encode=227.387 ms execute=0.021 ms
ds4: resident MPP/NAX prefill layer=16 mpp_groups=0 mpp_refs=0 fallback_groups=192 fallback_refs=13686 ane_groups=23 ane_refs=10890 ane_min_refs=256 ane_max_refs=1024 ane_start_failures=0 ane_scatter_failures=0 cold_tail=gather_scatter_gpu_overlap
ds4: gpu chunked prefill pos=4096 tokens=4096 layer 16 encode=322.780 ms execute=0.021 ms
ds4: resident MPP/NAX prefill layer=17 mpp_groups=0 mpp_refs=0 fallback_groups=188 fallback_refs=14302 ane_groups=23 ane_refs=10274 ane_min_refs=256 ane_max_refs=1024 ane_start_failures=0 ane_scatter_failures=0 cold_tail=gather_scatter_gpu_overlap
ds4: gpu chunked prefill pos=4096 tokens=4096 layer 17 encode=227.818 ms execute=0.022 ms
ds4: resident MPP/NAX prefill layer=18 mpp_groups=0 mpp_refs=0 fallback_groups=175 fallback_refs=12718 ane_groups=24 ane_refs=11858 ane_min_refs=256 ane_max_refs=1024 ane_start_failures=0 ane_scatter_failures=0 cold_tail=gather_scatter_gpu_overlap
ds4: gpu chunked prefill pos=4096 tokens=4096 layer 18 encode=313.381 ms execute=0.019 ms
ds4: resident MPP/NAX prefill layer=19 mpp_groups=0 mpp_refs=0 fallback_groups=206 fallback_refs=15945 ane_groups=21 ane_refs=8631 ane_min_refs=256 ane_max_refs=1024 ane_start_failures=0 ane_scatter_failures=0 cold_tail=gather_scatter_gpu_overlap
ds4: gpu chunked prefill pos=4096 tokens=4096 layer 19 encode=233.405 ms execute=0.022 ms
ds4: resident MPP/NAX prefill layer=20 mpp_groups=0 mpp_refs=0 fallback_groups=162 fallback_refs=13042 ane_groups=27 ane_refs=11534 ane_min_refs=256 ane_max_refs=1024 ane_start_failures=0 ane_scatter_failures=0 cold_tail=gather_scatter_gpu_overlap
ds4: gpu chunked prefill pos=4096 tokens=4096 layer 20 encode=313.970 ms execute=0.026 ms
ds4: resident MPP/NAX prefill layer=21 mpp_groups=0 mpp_refs=0 fallback_groups=171 fallback_refs=12258 ane_groups=24 ane_refs=12318 ane_min_refs=256 ane_max_refs=1024 ane_start_failures=0 ane_scatter_failures=0 cold_tail=gather_scatter_gpu_overlap
ds4: gpu chunked prefill pos=4096 tokens=4096 layer 21 encode=236.005 ms execute=0.022 ms
ds4: resident MPP/NAX prefill layer=22 mpp_groups=0 mpp_refs=0 fallback_groups=173 fallback_refs=12373 ane_groups=23 ane_refs=12203 ane_min_refs=256 ane_max_refs=1024 ane_start_failures=0 ane_scatter_failures=0 cold_tail=gather_scatter_gpu_overlap
ds4: gpu chunked prefill pos=4096 tokens=4096 layer 22 encode=309.875 ms execute=0.023 ms
ds4: resident MPP/NAX prefill layer=23 mpp_groups=0 mpp_refs=0 fallback_groups=183 fallback_refs=12941 ane_groups=24 ane_refs=11635 ane_min_refs=256 ane_max_refs=1024 ane_start_failures=0 ane_scatter_failures=0 cold_tail=gather_scatter_gpu_overlap
ds4: gpu chunked prefill pos=4096 tokens=4096 layer 23 encode=228.130 ms execute=0.025 ms
ds4: resident MPP/NAX prefill layer=24 mpp_groups=0 mpp_refs=0 fallback_groups=175 fallback_refs=12326 ane_groups=28 ane_refs=12250 ane_min_refs=256 ane_max_refs=1024 ane_start_failures=0 ane_scatter_failures=0 cold_tail=gather_scatter_gpu_overlap
ds4: gpu chunked prefill pos=4096 tokens=4096 layer 24 encode=329.941 ms execute=0.029 ms
ds4: resident MPP/NAX prefill layer=25 mpp_groups=0 mpp_refs=0 fallback_groups=188 fallback_refs=13741 ane_groups=26 ane_refs=10835 ane_min_refs=256 ane_max_refs=1024 ane_start_failures=0 ane_scatter_failures=0 cold_tail=gather_scatter_gpu_overlap
ds4: gpu chunked prefill pos=4096 tokens=4096 layer 25 encode=235.568 ms execute=0.019 ms
ds4: resident MPP/NAX prefill layer=26 mpp_groups=0 mpp_refs=0 fallback_groups=187 fallback_refs=15869 ane_groups=18 ane_refs=8707 ane_min_refs=256 ane_max_refs=1024 ane_start_failures=0 ane_scatter_failures=0 cold_tail=gather_scatter_gpu_overlap
ds4: gpu chunked prefill pos=4096 tokens=4096 layer 26 encode=312.937 ms execute=0.019 ms
ds4: resident MPP/NAX prefill layer=27 mpp_groups=0 mpp_refs=0 fallback_groups=187 fallback_refs=12944 ane_groups=25 ane_refs=11632 ane_min_refs=256 ane_max_refs=1024 ane_start_failures=0 ane_scatter_failures=0 cold_tail=gather_scatter_gpu_overlap
ds4: gpu chunked prefill pos=4096 tokens=4096 layer 27 encode=229.409 ms execute=0.017 ms
ds4: resident MPP/NAX prefill layer=28 mpp_groups=0 mpp_refs=0 fallback_groups=177 fallback_refs=11829 ane_groups=26 ane_refs=12747 ane_min_refs=256 ane_max_refs=1024 ane_start_failures=0 ane_scatter_failures=0 cold_tail=gather_scatter_gpu_overlap
ds4: gpu chunked prefill pos=4096 tokens=4096 layer 28 encode=324.826 ms execute=0.019 ms
ds4: resident MPP/NAX prefill layer=29 mpp_groups=0 mpp_refs=0 fallback_groups=168 fallback_refs=12434 ane_groups=28 ane_refs=12142 ane_min_refs=256 ane_max_refs=1024 ane_start_failures=0 ane_scatter_failures=0 cold_tail=gather_scatter_gpu_overlap
ds4: gpu chunked prefill pos=4096 tokens=4096 layer 29 encode=227.187 ms execute=0.026 ms
ds4: resident MPP/NAX prefill layer=30 mpp_groups=0 mpp_refs=0 fallback_groups=179 fallback_refs=11861 ane_groups=29 ane_refs=12715 ane_min_refs=256 ane_max_refs=1024 ane_start_failures=0 ane_scatter_failures=0 cold_tail=gather_scatter_gpu_overlap
ds4: gpu chunked prefill pos=4096 tokens=4096 layer 30 encode=318.930 ms execute=0.020 ms
ds4: resident MPP/NAX prefill layer=31 mpp_groups=0 mpp_refs=0 fallback_groups=177 fallback_refs=11326 ane_groups=27 ane_refs=13250 ane_min_refs=256 ane_max_refs=1024 ane_start_failures=0 ane_scatter_failures=0 cold_tail=gather_scatter_gpu_overlap
ds4: gpu chunked prefill pos=4096 tokens=4096 layer 31 encode=228.133 ms execute=0.022 ms
ds4: resident MPP/NAX prefill layer=32 mpp_groups=0 mpp_refs=0 fallback_groups=177 fallback_refs=13150 ane_groups=24 ane_refs=11426 ane_min_refs=256 ane_max_refs=1024 ane_start_failures=0 ane_scatter_failures=0 cold_tail=gather_scatter_gpu_overlap
ds4: gpu chunked prefill pos=4096 tokens=4096 layer 32 encode=326.249 ms execute=0.024 ms
ds4: resident MPP/NAX prefill layer=33 mpp_groups=0 mpp_refs=0 fallback_groups=176 fallback_refs=11387 ane_groups=24 ane_refs=13189 ane_min_refs=256 ane_max_refs=1024 ane_start_failures=0 ane_scatter_failures=0 cold_tail=gather_scatter_gpu_overlap
ds4: gpu chunked prefill pos=4096 tokens=4096 layer 33 encode=220.444 ms execute=0.025 ms
ds4: resident MPP/NAX prefill layer=34 mpp_groups=0 mpp_refs=0 fallback_groups=182 fallback_refs=15509 ane_groups=18 ane_refs=9067 ane_min_refs=256 ane_max_refs=1024 ane_start_failures=0 ane_scatter_failures=0 cold_tail=gather_scatter_gpu_overlap
ds4: gpu chunked prefill pos=4096 tokens=4096 layer 34 encode=329.073 ms execute=0.026 ms
ds4: resident MPP/NAX prefill layer=35 mpp_groups=0 mpp_refs=0 fallback_groups=177 fallback_refs=12013 ane_groups=26 ane_refs=12563 ane_min_refs=256 ane_max_refs=1024 ane_start_failures=0 ane_scatter_failures=0 cold_tail=gather_scatter_gpu_overlap
ds4: gpu chunked prefill pos=4096 tokens=4096 layer 35 encode=219.374 ms execute=0.025 ms
ds4: resident MPP/NAX prefill layer=36 mpp_groups=0 mpp_refs=0 fallback_groups=189 fallback_refs=10640 ane_groups=24 ane_refs=13936 ane_min_refs=256 ane_max_refs=1024 ane_start_failures=0 ane_scatter_failures=0 cold_tail=gather_scatter_gpu_overlap
ds4: gpu chunked prefill pos=4096 tokens=4096 layer 36 encode=334.467 ms execute=0.022 ms
ds4: resident MPP/NAX prefill layer=37 mpp_groups=0 mpp_refs=0 fallback_groups=176 fallback_refs=13940 ane_groups=23 ane_refs=10636 ane_min_refs=256 ane_max_refs=1024 ane_start_failures=0 ane_scatter_failures=0 cold_tail=gather_scatter_gpu_overlap
ds4: gpu chunked prefill pos=4096 tokens=4096 layer 37 encode=232.509 ms execute=0.022 ms
ds4: resident MPP/NAX prefill layer=38 mpp_groups=0 mpp_refs=0 fallback_groups=186 fallback_refs=11808 ane_groups=30 ane_refs=12768 ane_min_refs=256 ane_max_refs=1024 ane_start_failures=0 ane_scatter_failures=0 cold_tail=gather_scatter_gpu_overlap
ds4: gpu chunked prefill pos=4096 tokens=4096 layer 38 encode=333.459 ms execute=0.027 ms
ds4: resident MPP/NAX prefill layer=39 mpp_groups=0 mpp_refs=0 fallback_groups=199 fallback_refs=14902 ane_groups=21 ane_refs=9674 ane_min_refs=256 ane_max_refs=1024 ane_start_failures=0 ane_scatter_failures=0 cold_tail=gather_scatter_gpu_overlap
ds4: gpu chunked prefill pos=4096 tokens=4096 layer 39 encode=229.781 ms execute=0.037 ms
ds4: resident MPP/NAX prefill layer=40 mpp_groups=0 mpp_refs=0 fallback_groups=150 fallback_refs=12543 ane_groups=23 ane_refs=12033 ane_min_refs=256 ane_max_refs=1024 ane_start_failures=0 ane_scatter_failures=0 cold_tail=gather_scatter_gpu_overlap
ds4: gpu chunked prefill pos=4096 tokens=4096 layer 40 encode=305.882 ms execute=0.020 ms
ds4: resident MPP/NAX prefill layer=41 mpp_groups=0 mpp_refs=0 fallback_groups=153 fallback_refs=11700 ane_groups=30 ane_refs=12876 ane_min_refs=256 ane_max_refs=1024 ane_start_failures=0 ane_scatter_failures=0 cold_tail=gather_scatter_gpu_overlap
ds4: gpu chunked prefill pos=4096 tokens=4096 layer 41 encode=224.274 ms execute=0.024 ms
ds4: resident MPP/NAX prefill layer=42 mpp_groups=0 mpp_refs=0 fallback_groups=175 fallback_refs=14339 ane_groups=23 ane_refs=10237 ane_min_refs=256 ane_max_refs=1024 ane_start_failures=0 ane_scatter_failures=0 cold_tail=gather_scatter_gpu_overlap
ds4: gpu chunked prefill pos=4096 tokens=4096 layer 42 encode=324.604 ms execute=0.029 ms
processing 8423 input tokens: 8192/8423 (97.3%) batch=343.34 t/s avg=342.97 t/s
ds4: resident MPP/NAX prefill layer=0 mpp_groups=0 mpp_refs=0 fallback_groups=251 fallback_refs=1386 ane_groups=0 ane_refs=0 ane_min_refs=256 ane_max_refs=1024 ane_start_failures=0 ane_scatter_failures=0 cold_tail=gather_scatter_gpu_overlap
ds4: gpu chunked prefill pos=8192 tokens=231 layer 0 encode=59.589 ms execute=0.018 ms
ds4: resident MPP/NAX prefill layer=1 mpp_groups=0 mpp_refs=0 fallback_groups=254 fallback_refs=1386 ane_groups=0 ane_refs=0 ane_min_refs=256 ane_max_refs=1024 ane_start_failures=0 ane_scatter_failures=0 cold_tail=gather_scatter_gpu_overlap
ds4: gpu chunked prefill pos=8192 tokens=231 layer 1 encode=57.939 ms execute=0.020 ms
ds4: resident MPP/NAX prefill layer=2 mpp_groups=0 mpp_refs=0 fallback_groups=252 fallback_refs=1386 ane_groups=0 ane_refs=0 ane_min_refs=256 ane_max_refs=1024 ane_start_failures=0 ane_scatter_failures=0 cold_tail=gather_scatter_gpu_overlap
ds4: gpu chunked prefill pos=8192 tokens=231 layer 2 encode=73.304 ms execute=0.020 ms
ds4: resident MPP/NAX prefill layer=3 mpp_groups=0 mpp_refs=0 fallback_groups=193 fallback_refs=1386 ane_groups=0 ane_refs=0 ane_min_refs=256 ane_max_refs=1024 ane_start_failures=0 ane_scatter_failures=0 cold_tail=gather_scatter_gpu_overlap
ds4: gpu chunked prefill pos=8192 tokens=231 layer 3 encode=52.658 ms execute=0.022 ms
ds4: resident MPP/NAX prefill layer=4 mpp_groups=0 mpp_refs=0 fallback_groups=185 fallback_refs=1386 ane_groups=0 ane_refs=0 ane_min_refs=256 ane_max_refs=1024 ane_start_failures=0 ane_scatter_failures=0 cold_tail=gather_scatter_gpu_overlap
ds4: gpu chunked prefill pos=8192 tokens=231 layer 4 encode=59.413 ms execute=0.019 ms
ds4: resident MPP/NAX prefill layer=5 mpp_groups=0 mpp_refs=0 fallback_groups=196 fallback_refs=1386 ane_groups=0 ane_refs=0 ane_min_refs=256 ane_max_refs=1024 ane_start_failures=0 ane_scatter_failures=0 cold_tail=gather_scatter_gpu_overlap
ds4: gpu chunked prefill pos=8192 tokens=231 layer 5 encode=49.697 ms execute=0.019 ms
ds4: resident MPP/NAX prefill layer=6 mpp_groups=0 mpp_refs=0 fallback_groups=196 fallback_refs=1386 ane_groups=0 ane_refs=0 ane_min_refs=256 ane_max_refs=1024 ane_start_failures=0 ane_scatter_failures=0 cold_tail=gather_scatter_gpu_overlap
ds4: gpu chunked prefill pos=8192 tokens=231 layer 6 encode=63.095 ms execute=0.018 ms
ds4: resident MPP/NAX prefill layer=7 mpp_groups=0 mpp_refs=0 fallback_groups=180 fallback_refs=1386 ane_groups=0 ane_refs=0 ane_min_refs=256 ane_max_refs=1024 ane_start_failures=0 ane_scatter_failures=0 cold_tail=gather_scatter_gpu_overlap
ds4: gpu chunked prefill pos=8192 tokens=231 layer 7 encode=46.083 ms execute=0.035 ms
ds4: resident MPP/NAX prefill layer=8 mpp_groups=0 mpp_refs=0 fallback_groups=175 fallback_refs=1386 ane_groups=0 ane_refs=0 ane_min_refs=256 ane_max_refs=1024 ane_start_failures=0 ane_scatter_failures=0 cold_tail=gather_scatter_gpu_overlap
ds4: gpu chunked prefill pos=8192 tokens=231 layer 8 encode=53.568 ms execute=0.017 ms
ds4: resident MPP/NAX prefill layer=9 mpp_groups=0 mpp_refs=0 fallback_groups=194 fallback_refs=1386 ane_groups=0 ane_refs=0 ane_min_refs=256 ane_max_refs=1024 ane_start_failures=0 ane_scatter_failures=0 cold_tail=gather_scatter_gpu_overlap
ds4: gpu chunked prefill pos=8192 tokens=231 layer 9 encode=46.528 ms execute=0.015 ms
ds4: resident MPP/NAX prefill layer=10 mpp_groups=0 mpp_refs=0 fallback_groups=175 fallback_refs=1386 ane_groups=0 ane_refs=0 ane_min_refs=256 ane_max_refs=1024 ane_start_failures=0 ane_scatter_failures=0 cold_tail=gather_scatter_gpu_overlap
ds4: gpu chunked prefill pos=8192 tokens=231 layer 10 encode=58.736 ms execute=0.016 ms
ds4: resident MPP/NAX prefill layer=11 mpp_groups=0 mpp_refs=0 fallback_groups=176 fallback_refs=1386 ane_groups=0 ane_refs=0 ane_min_refs=256 ane_max_refs=1024 ane_start_failures=0 ane_scatter_failures=0 cold_tail=gather_scatter_gpu_overlap
ds4: gpu chunked prefill pos=8192 tokens=231 layer 11 encode=44.956 ms execute=0.019 ms
ds4: resident MPP/NAX prefill layer=12 mpp_groups=0 mpp_refs=0 fallback_groups=153 fallback_refs=1386 ane_groups=0 ane_refs=0 ane_min_refs=256 ane_max_refs=1024 ane_start_failures=0 ane_scatter_failures=0 cold_tail=gather_scatter_gpu_overlap
ds4: gpu chunked prefill pos=8192 tokens=231 layer 12 encode=53.623 ms execute=0.019 ms
ds4: resident MPP/NAX prefill layer=13 mpp_groups=0 mpp_refs=0 fallback_groups=148 fallback_refs=1386 ane_groups=0 ane_refs=0 ane_min_refs=256 ane_max_refs=1024 ane_start_failures=0 ane_scatter_failures=0 cold_tail=gather_scatter_gpu_overlap
ds4: gpu chunked prefill pos=8192 tokens=231 layer 13 encode=41.332 ms execute=0.023 ms
ds4: resident MPP/NAX prefill layer=14 mpp_groups=0 mpp_refs=0 fallback_groups=156 fallback_refs=1386 ane_groups=0 ane_refs=0 ane_min_refs=256 ane_max_refs=1024 ane_start_failures=0 ane_scatter_failures=0 cold_tail=gather_scatter_gpu_overlap
ds4: gpu chunked prefill pos=8192 tokens=231 layer 14 encode=52.655 ms execute=0.018 ms
ds4: resident MPP/NAX prefill layer=15 mpp_groups=0 mpp_refs=0 fallback_groups=145 fallback_refs=1386 ane_groups=0 ane_refs=0 ane_min_refs=256 ane_max_refs=1024 ane_start_failures=0 ane_scatter_failures=0 cold_tail=gather_scatter_gpu_overlap
ds4: gpu chunked prefill pos=8192 tokens=231 layer 15 encode=40.403 ms execute=0.015 ms
ds4: resident MPP/NAX prefill layer=16 mpp_groups=0 mpp_refs=0 fallback_groups=145 fallback_refs=1386 ane_groups=0 ane_refs=0 ane_min_refs=256 ane_max_refs=1024 ane_start_failures=0 ane_scatter_failures=0 cold_tail=gather_scatter_gpu_overlap
ds4: gpu chunked prefill pos=8192 tokens=231 layer 16 encode=48.567 ms execute=0.014 ms
ds4: resident MPP/NAX prefill layer=17 mpp_groups=0 mpp_refs=0 fallback_groups=153 fallback_refs=1386 ane_groups=0 ane_refs=0 ane_min_refs=256 ane_max_refs=1024 ane_start_failures=0 ane_scatter_failures=0 cold_tail=gather_scatter_gpu_overlap
ds4: gpu chunked prefill pos=8192 tokens=231 layer 17 encode=41.490 ms execute=0.021 ms
ds4: resident MPP/NAX prefill layer=18 mpp_groups=0 mpp_refs=0 fallback_groups=140 fallback_refs=1386 ane_groups=0 ane_refs=0 ane_min_refs=256 ane_max_refs=1024 ane_start_failures=0 ane_scatter_failures=0 cold_tail=gather_scatter_gpu_overlap
ds4: gpu chunked prefill pos=8192 tokens=231 layer 18 encode=49.524 ms execute=0.017 ms
ds4: resident MPP/NAX prefill layer=19 mpp_groups=0 mpp_refs=0 fallback_groups=189 fallback_refs=1386 ane_groups=0 ane_refs=0 ane_min_refs=256 ane_max_refs=1024 ane_start_failures=0 ane_scatter_failures=0 cold_tail=gather_scatter_gpu_overlap
ds4: gpu chunked prefill pos=8192 tokens=231 layer 19 encode=48.807 ms execute=0.018 ms
ds4: resident MPP/NAX prefill layer=20 mpp_groups=0 mpp_refs=0 fallback_groups=133 fallback_refs=1386 ane_groups=0 ane_refs=0 ane_min_refs=256 ane_max_refs=1024 ane_start_failures=0 ane_scatter_failures=0 cold_tail=gather_scatter_gpu_overlap
ds4: gpu chunked prefill pos=8192 tokens=231 layer 20 encode=49.527 ms execute=0.027 ms
ds4: resident MPP/NAX prefill layer=21 mpp_groups=0 mpp_refs=0 fallback_groups=150 fallback_refs=1386 ane_groups=0 ane_refs=0 ane_min_refs=256 ane_max_refs=1024 ane_start_failures=0 ane_scatter_failures=0 cold_tail=gather_scatter_gpu_overlap
ds4: gpu chunked prefill pos=8192 tokens=231 layer 21 encode=45.042 ms execute=0.019 ms
ds4: resident MPP/NAX prefill layer=22 mpp_groups=0 mpp_refs=0 fallback_groups=158 fallback_refs=1386 ane_groups=0 ane_refs=0 ane_min_refs=256 ane_max_refs=1024 ane_start_failures=0 ane_scatter_failures=0 cold_tail=gather_scatter_gpu_overlap
ds4: gpu chunked prefill pos=8192 tokens=231 layer 22 encode=52.436 ms execute=0.018 ms
ds4: resident MPP/NAX prefill layer=23 mpp_groups=0 mpp_refs=0 fallback_groups=166 fallback_refs=1386 ane_groups=0 ane_refs=0 ane_min_refs=256 ane_max_refs=1024 ane_start_failures=0 ane_scatter_failures=0 cold_tail=gather_scatter_gpu_overlap
ds4: gpu chunked prefill pos=8192 tokens=231 layer 23 encode=51.742 ms execute=0.019 ms
ds4: resident MPP/NAX prefill layer=24 mpp_groups=0 mpp_refs=0 fallback_groups=157 fallback_refs=1386 ane_groups=0 ane_refs=0 ane_min_refs=256 ane_max_refs=1024 ane_start_failures=0 ane_scatter_failures=0 cold_tail=gather_scatter_gpu_overlap
ds4: gpu chunked prefill pos=8192 tokens=231 layer 24 encode=57.750 ms execute=0.017 ms
ds4: resident MPP/NAX prefill layer=25 mpp_groups=0 mpp_refs=0 fallback_groups=177 fallback_refs=1386 ane_groups=0 ane_refs=0 ane_min_refs=256 ane_max_refs=1024 ane_start_failures=0 ane_scatter_failures=0 cold_tail=gather_scatter_gpu_overlap
ds4: gpu chunked prefill pos=8192 tokens=231 layer 25 encode=49.898 ms execute=0.017 ms
ds4: resident MPP/NAX prefill layer=26 mpp_groups=0 mpp_refs=0 fallback_groups=146 fallback_refs=1386 ane_groups=0 ane_refs=0 ane_min_refs=256 ane_max_refs=1024 ane_start_failures=0 ane_scatter_failures=0 cold_tail=gather_scatter_gpu_overlap
ds4: gpu chunked prefill pos=8192 tokens=231 layer 26 encode=51.078 ms execute=0.020 ms
ds4: resident MPP/NAX prefill layer=27 mpp_groups=0 mpp_refs=0 fallback_groups=165 fallback_refs=1386 ane_groups=0 ane_refs=0 ane_min_refs=256 ane_max_refs=1024 ane_start_failures=0 ane_scatter_failures=0 cold_tail=gather_scatter_gpu_overlap
ds4: gpu chunked prefill pos=8192 tokens=231 layer 27 encode=45.217 ms execute=0.022 ms
ds4: resident MPP/NAX prefill layer=28 mpp_groups=0 mpp_refs=0 fallback_groups=160 fallback_refs=1386 ane_groups=0 ane_refs=0 ane_min_refs=256 ane_max_refs=1024 ane_start_failures=0 ane_scatter_failures=0 cold_tail=gather_scatter_gpu_overlap
ds4: gpu chunked prefill pos=8192 tokens=231 layer 28 encode=54.947 ms execute=0.019 ms
ds4: resident MPP/NAX prefill layer=29 mpp_groups=0 mpp_refs=0 fallback_groups=153 fallback_refs=1386 ane_groups=0 ane_refs=0 ane_min_refs=256 ane_max_refs=1024 ane_start_failures=0 ane_scatter_failures=0 cold_tail=gather_scatter_gpu_overlap
ds4: gpu chunked prefill pos=8192 tokens=231 layer 29 encode=45.418 ms execute=0.017 ms
ds4: resident MPP/NAX prefill layer=30 mpp_groups=0 mpp_refs=0 fallback_groups=155 fallback_refs=1386 ane_groups=0 ane_refs=0 ane_min_refs=256 ane_max_refs=1024 ane_start_failures=0 ane_scatter_failures=0 cold_tail=gather_scatter_gpu_overlap
ds4: gpu chunked prefill pos=8192 tokens=231 layer 30 encode=54.237 ms execute=0.019 ms
ds4: resident MPP/NAX prefill layer=31 mpp_groups=0 mpp_refs=0 fallback_groups=158 fallback_refs=1386 ane_groups=0 ane_refs=0 ane_min_refs=256 ane_max_refs=1024 ane_start_failures=0 ane_scatter_failures=0 cold_tail=gather_scatter_gpu_overlap
ds4: gpu chunked prefill pos=8192 tokens=231 layer 31 encode=43.976 ms execute=0.018 ms
ds4: resident MPP/NAX prefill layer=32 mpp_groups=0 mpp_refs=0 fallback_groups=156 fallback_refs=1386 ane_groups=0 ane_refs=0 ane_min_refs=256 ane_max_refs=1024 ane_start_failures=0 ane_scatter_failures=0 cold_tail=gather_scatter_gpu_overlap
ds4: gpu chunked prefill pos=8192 tokens=231 layer 32 encode=61.728 ms execute=0.014 ms
ds4: resident MPP/NAX prefill layer=33 mpp_groups=0 mpp_refs=0 fallback_groups=149 fallback_refs=1386 ane_groups=0 ane_refs=0 ane_min_refs=256 ane_max_refs=1024 ane_start_failures=0 ane_scatter_failures=0 cold_tail=gather_scatter_gpu_overlap
ds4: gpu chunked prefill pos=8192 tokens=231 layer 33 encode=44.609 ms execute=0.019 ms
ds4: resident MPP/NAX prefill layer=34 mpp_groups=0 mpp_refs=0 fallback_groups=145 fallback_refs=1386 ane_groups=0 ane_refs=0 ane_min_refs=256 ane_max_refs=1024 ane_start_failures=0 ane_scatter_failures=0 cold_tail=gather_scatter_gpu_overlap
ds4: gpu chunked prefill pos=8192 tokens=231 layer 34 encode=55.381 ms execute=0.018 ms
ds4: resident MPP/NAX prefill layer=35 mpp_groups=0 mpp_refs=0 fallback_groups=154 fallback_refs=1386 ane_groups=0 ane_refs=0 ane_min_refs=256 ane_max_refs=1024 ane_start_failures=0 ane_scatter_failures=0 cold_tail=gather_scatter_gpu_overlap
ds4: gpu chunked prefill pos=8192 tokens=231 layer 35 encode=45.074 ms execute=0.017 ms
ds4: resident MPP/NAX prefill layer=36 mpp_groups=0 mpp_refs=0 fallback_groups=158 fallback_refs=1386 ane_groups=0 ane_refs=0 ane_min_refs=256 ane_max_refs=1024 ane_start_failures=0 ane_scatter_failures=0 cold_tail=gather_scatter_gpu_overlap
ds4: gpu chunked prefill pos=8192 tokens=231 layer 36 encode=62.044 ms execute=0.018 ms
ds4: resident MPP/NAX prefill layer=37 mpp_groups=0 mpp_refs=0 fallback_groups=149 fallback_refs=1386 ane_groups=0 ane_refs=0 ane_min_refs=256 ane_max_refs=1024 ane_start_failures=0 ane_scatter_failures=0 cold_tail=gather_scatter_gpu_overlap
ds4: gpu chunked prefill pos=8192 tokens=231 layer 37 encode=46.890 ms execute=0.020 ms
ds4: resident MPP/NAX prefill layer=38 mpp_groups=0 mpp_refs=0 fallback_groups=158 fallback_refs=1386 ane_groups=0 ane_refs=0 ane_min_refs=256 ane_max_refs=1024 ane_start_failures=0 ane_scatter_failures=0 cold_tail=gather_scatter_gpu_overlap
ds4: gpu chunked prefill pos=8192 tokens=231 layer 38 encode=57.725 ms execute=0.018 ms
ds4: resident MPP/NAX prefill layer=39 mpp_groups=0 mpp_refs=0 fallback_groups=167 fallback_refs=1386 ane_groups=0 ane_refs=0 ane_min_refs=256 ane_max_refs=1024 ane_start_failures=0 ane_scatter_failures=0 cold_tail=gather_scatter_gpu_overlap
ds4: gpu chunked prefill pos=8192 tokens=231 layer 39 encode=46.446 ms execute=0.015 ms
ds4: resident MPP/NAX prefill layer=40 mpp_groups=0 mpp_refs=0 fallback_groups=120 fallback_refs=1386 ane_groups=0 ane_refs=0 ane_min_refs=256 ane_max_refs=1024 ane_start_failures=0 ane_scatter_failures=0 cold_tail=gather_scatter_gpu_overlap
ds4: gpu chunked prefill pos=8192 tokens=231 layer 40 encode=50.759 ms execute=0.016 ms
ds4: resident MPP/NAX prefill layer=41 mpp_groups=0 mpp_refs=0 fallback_groups=147 fallback_refs=1386 ane_groups=0 ane_refs=0 ane_min_refs=256 ane_max_refs=1024 ane_start_failures=0 ane_scatter_failures=0 cold_tail=gather_scatter_gpu_overlap
ds4: gpu chunked prefill pos=8192 tokens=231 layer 41 encode=46.960 ms execute=0.018 ms
ds4: resident MPP/NAX prefill layer=42 mpp_groups=0 mpp_refs=0 fallback_groups=139 fallback_refs=1386 ane_groups=0 ane_refs=0 ane_min_refs=256 ane_max_refs=1024 ane_start_failures=0 ane_scatter_failures=0 cold_tail=gather_scatter_gpu_overlap
ds4: gpu chunked prefill pos=8192 tokens=231 layer 42 encode=56.834 ms execute=0.016 ms
processing 8423 input tokens: 8423/8423 (100.0%) batch=103.71 t/s avg=322.56 t/s
ds4: gpu chunked prefill start=0 tokens=8423 chunk=4096 encode=25760.173 ms execute=9.512 ms read=0.010 ms total=25852.060 ms
ds4: prefill full: 8423 tokens in 26117.0 ms (322.5 t/s)
We
ds4: ----------------------------------------
ds4: prefill: 322.51 t/s, generation: 11111.11 t/s
ds4: ANE prefill stats calls=1842 ok=1842 skipped_big_refs=0 compile_attempts=1 compile_failures=0 eval_calls=4292 eval_failures=0 write_failures=0 reopen_failures=0
ds4: ANE prefill timing dequant=11.755 ms input=0.550 ms ane_eval=29004.369 ms ane_eval_a=29004.369 ms ane_eval_b=0.000 ms ane_eval_c=0.000 ms ane_eval_d=0.000 ms ane_wall_est=29004.369 ms writeback=10.266 ms helper_avg=6.757775 ms ane_calls=4292 ane_call_avg=6.757775 ms
ds4: ANE prefill timing2 output_pack=9.549 ms measured_total=29036.489 ms
ds4: ANE prefill timing3 dequant_wait=4050.952 ms post_wait=0.000 ms x_zero=24.730 ms x_copy=69.511 ms out_zero=224.516 ms out_f16_copy=138.644 ms output_convert=9.549 ms output_gpu_encode=9.549 ms output_chunks=1842 output_elems=3332919296 output_convert_rate=349.033 Gelem/s
ds4: ANE prefill timing4 wait_predict=0.000 ms finish_join_ane=4943.172 ms finish_join_post=0.000 ms wait_predict_calls=0 finish_calls=1842
ds4: ANE prefill chunks refs=813701 padded_refs=1098752 pad_util=74.06% le16=203 le64=529 le128=481 full=2465
ds4: ANE prefill batch_hist B256=4292 refs=813701 util=74.1%
