ds4: warning: raw KV cap limits Metal prefill chunk (prefill_chunk=10000, raw_kv_rows=8704, raw_window=128, effective_chunk=8576; target raw cap for one chunk is 10240, also requires ctx >= that value)
ds4: context buffers 1053.29 MiB (ctx=10000, backend=metal, prefill_chunk=10000, raw_kv_rows=8704, compressed_kv_rows=2502)
ds4: Metal device Apple M5 Max, 128.00 GiB RAM
ds4: Metal lazy model views enabled (range 5.09..82702.74 MiB); model tensors will be wrapped per command batch
ds4: Metal mapped mmaped model as 0 overlapping shared buffers
ds4: metal backend initialized for graph diagnostics
ds4: prefill routed-MoE (requested): ANE hot + overlapped per-expert GPU gather/scatter cold  [per-token table path]
ds4: prefill quant scales (ANE env first): w_qscale=512 x_qscale=32 mid_qscale=32 w_scale=0.00195312 x_scale=0.03125 mid_scale=0.03125
ds4: prefill ANE (requested): dual-cluster=off workers=1 multi-active=on tiled-fused=on queue=8 refs=64..1024 batch=256 call_max_refs=256
ds4: prefill ctx-grow: on, block=2048 tokens
ds4: prefill chunk cap: 16384, graph_raw_cap=8704
ds4: using GPU graph generation with layer-major graph prefill
ds4: ANE i8w-i8x-tiled-fused cached async prefill B=256 H=4096 I=2048 w_scale=0.00195312 x_scale=0.03125 mid_scale=0.03125
ds4: resident routed MoE using ANE/GPU DeDup prefill (ANE refs >= 64, cold tail: classic GPU gather/scatter overlapped)
ds4: resident MPP/NAX prefill layer=0 mpp_groups=0 mpp_refs=0 fallback_groups=10 fallback_refs=499 ane_groups=246 ane_refs=50039 ane_min_refs=64 ane_max_refs=1024 ane_start_failures=0 ane_scatter_failures=0 cold_tail=gather_scatter_gpu_overlap
ds4: resident MPP/NAX prefill layer=1 mpp_groups=0 mpp_refs=0 fallback_groups=5 fallback_refs=236 ane_groups=251 ane_refs=50302 ane_min_refs=64 ane_max_refs=1024 ane_start_failures=0 ane_scatter_failures=0 cold_tail=gather_scatter_gpu_overlap
ds4: resident MPP/NAX prefill layer=2 mpp_groups=0 mpp_refs=0 fallback_groups=7 fallback_refs=312 ane_groups=249 ane_refs=50226 ane_min_refs=64 ane_max_refs=1024 ane_start_failures=0 ane_scatter_failures=0 cold_tail=gather_scatter_gpu_overlap
ds4: resident MPP/NAX prefill layer=3 mpp_groups=0 mpp_refs=0 fallback_groups=83 fallback_refs=8876 ane_groups=167 ane_refs=41662 ane_min_refs=64 ane_max_refs=1024 ane_start_failures=0 ane_scatter_failures=0 cold_tail=gather_scatter_gpu_overlap
ds4: resident MPP/NAX prefill layer=4 mpp_groups=0 mpp_refs=0 fallback_groups=106 fallback_refs=18127 ane_groups=123 ane_refs=32411 ane_min_refs=64 ane_max_refs=1024 ane_start_failures=0 ane_scatter_failures=0 cold_tail=gather_scatter_gpu_overlap
ds4: resident MPP/NAX prefill layer=5 mpp_groups=0 mpp_refs=0 fallback_groups=88 fallback_refs=11396 ane_groups=152 ane_refs=39142 ane_min_refs=64 ane_max_refs=1024 ane_start_failures=0 ane_scatter_failures=0 cold_tail=gather_scatter_gpu_overlap
ds4: resident MPP/NAX prefill layer=6 mpp_groups=0 mpp_refs=0 fallback_groups=102 fallback_refs=13277 ane_groups=132 ane_refs=37261 ane_min_refs=64 ane_max_refs=1024 ane_start_failures=0 ane_scatter_failures=0 cold_tail=gather_scatter_gpu_overlap
ds4: resident MPP/NAX prefill layer=7 mpp_groups=0 mpp_refs=0 fallback_groups=106 fallback_refs=17547 ane_groups=138 ane_refs=32991 ane_min_refs=64 ane_max_refs=1024 ane_start_failures=0 ane_scatter_failures=0 cold_tail=gather_scatter_gpu_overlap
ds4: resident MPP/NAX prefill layer=8 mpp_groups=0 mpp_refs=0 fallback_groups=106 fallback_refs=15558 ane_groups=134 ane_refs=34980 ane_min_refs=64 ane_max_refs=1024 ane_start_failures=0 ane_scatter_failures=0 cold_tail=gather_scatter_gpu_overlap
ds4: resident MPP/NAX prefill layer=9 mpp_groups=0 mpp_refs=0 fallback_groups=86 fallback_refs=9590 ane_groups=163 ane_refs=40948 ane_min_refs=64 ane_max_refs=1024 ane_start_failures=0 ane_scatter_failures=0 cold_tail=gather_scatter_gpu_overlap
ds4: resident MPP/NAX prefill layer=10 mpp_groups=0 mpp_refs=0 fallback_groups=85 fallback_refs=14775 ane_groups=150 ane_refs=35763 ane_min_refs=64 ane_max_refs=1024 ane_start_failures=0 ane_scatter_failures=0 cold_tail=gather_scatter_gpu_overlap
ds4: resident MPP/NAX prefill layer=11 mpp_groups=0 mpp_refs=0 fallback_groups=100 fallback_refs=12142 ane_groups=144 ane_refs=38396 ane_min_refs=64 ane_max_refs=1024 ane_start_failures=0 ane_scatter_failures=0 cold_tail=gather_scatter_gpu_overlap
ds4: resident MPP/NAX prefill layer=12 mpp_groups=0 mpp_refs=0 fallback_groups=113 fallback_refs=16546 ane_groups=121 ane_refs=33992 ane_min_refs=64 ane_max_refs=1024 ane_start_failures=0 ane_scatter_failures=0 cold_tail=gather_scatter_gpu_overlap
ds4: resident MPP/NAX prefill layer=13 mpp_groups=0 mpp_refs=0 fallback_groups=148 fallback_refs=22491 ane_groups=89 ane_refs=28047 ane_min_refs=64 ane_max_refs=1024 ane_start_failures=0 ane_scatter_failures=0 cold_tail=gather_scatter_gpu_overlap
ds4: resident MPP/NAX prefill layer=14 mpp_groups=0 mpp_refs=0 fallback_groups=141 fallback_refs=25291 ane_groups=83 ane_refs=25247 ane_min_refs=64 ane_max_refs=1024 ane_start_failures=0 ane_scatter_failures=0 cold_tail=gather_scatter_gpu_overlap
ds4: resident MPP/NAX prefill layer=15 mpp_groups=0 mpp_refs=0 fallback_groups=139 fallback_refs=27483 ane_groups=76 ane_refs=23055 ane_min_refs=64 ane_max_refs=1024 ane_start_failures=0 ane_scatter_failures=0 cold_tail=gather_scatter_gpu_overlap
ds4: resident MPP/NAX prefill layer=16 mpp_groups=0 mpp_refs=0 fallback_groups=119 fallback_refs=23827 ane_groups=88 ane_refs=26711 ane_min_refs=64 ane_max_refs=1024 ane_start_failures=0 ane_scatter_failures=0 cold_tail=gather_scatter_gpu_overlap
ds4: resident MPP/NAX prefill layer=17 mpp_groups=0 mpp_refs=0 fallback_groups=123 fallback_refs=26923 ane_groups=86 ane_refs=23615 ane_min_refs=64 ane_max_refs=1024 ane_start_failures=0 ane_scatter_failures=0 cold_tail=gather_scatter_gpu_overlap
ds4: resident MPP/NAX prefill layer=18 mpp_groups=0 mpp_refs=0 fallback_groups=122 fallback_refs=26640 ane_groups=84 ane_refs=23898 ane_min_refs=64 ane_max_refs=1024 ane_start_failures=0 ane_scatter_failures=0 cold_tail=gather_scatter_gpu_overlap
ds4: resident MPP/NAX prefill layer=19 mpp_groups=0 mpp_refs=0 fallback_groups=77 fallback_refs=6706 ane_groups=168 ane_refs=43832 ane_min_refs=64 ane_max_refs=1024 ane_start_failures=0 ane_scatter_failures=0 cold_tail=gather_scatter_gpu_overlap
ds4: resident MPP/NAX prefill layer=20 mpp_groups=0 mpp_refs=0 fallback_groups=111 fallback_refs=23459 ane_groups=86 ane_refs=27079 ane_min_refs=64 ane_max_refs=1024 ane_start_failures=0 ane_scatter_failures=0 cold_tail=gather_scatter_gpu_overlap
ds4: resident MPP/NAX prefill layer=21 mpp_groups=0 mpp_refs=0 fallback_groups=106 fallback_refs=16433 ane_groups=109 ane_refs=34105 ane_min_refs=64 ane_max_refs=1024 ane_start_failures=0 ane_scatter_failures=0 cold_tail=gather_scatter_gpu_overlap
ds4: resident MPP/NAX prefill layer=22 mpp_groups=0 mpp_refs=0 fallback_groups=114 fallback_refs=19356 ane_groups=103 ane_refs=31182 ane_min_refs=64 ane_max_refs=1024 ane_start_failures=0 ane_scatter_failures=0 cold_tail=gather_scatter_gpu_overlap
ds4: resident MPP/NAX prefill layer=23 mpp_groups=0 mpp_refs=0 fallback_groups=73 fallback_refs=7477 ane_groups=156 ane_refs=43061 ane_min_refs=64 ane_max_refs=1024 ane_start_failures=0 ane_scatter_failures=0 cold_tail=gather_scatter_gpu_overlap
ds4: resident MPP/NAX prefill layer=24 mpp_groups=0 mpp_refs=0 fallback_groups=105 fallback_refs=18181 ane_groups=111 ane_refs=32357 ane_min_refs=64 ane_max_refs=1024 ane_start_failures=0 ane_scatter_failures=0 cold_tail=gather_scatter_gpu_overlap
ds4: resident MPP/NAX prefill layer=25 mpp_groups=0 mpp_refs=0 fallback_groups=96 fallback_refs=6930 ane_groups=125 ane_refs=43608 ane_min_refs=64 ane_max_refs=1024 ane_start_failures=0 ane_scatter_failures=0 cold_tail=gather_scatter_gpu_overlap
ds4: resident MPP/NAX prefill layer=26 mpp_groups=0 mpp_refs=0 fallback_groups=121 fallback_refs=28602 ane_groups=84 ane_refs=21936 ane_min_refs=64 ane_max_refs=1024 ane_start_failures=0 ane_scatter_failures=0 cold_tail=gather_scatter_gpu_overlap
ds4: resident MPP/NAX prefill layer=27 mpp_groups=0 mpp_refs=0 fallback_groups=111 fallback_refs=24739 ane_groups=102 ane_refs=25799 ane_min_refs=64 ane_max_refs=1024 ane_start_failures=0 ane_scatter_failures=0 cold_tail=gather_scatter_gpu_overlap
ds4: resident MPP/NAX prefill layer=28 mpp_groups=0 mpp_refs=0 fallback_groups=120 fallback_refs=23989 ane_groups=91 ane_refs=26549 ane_min_refs=64 ane_max_refs=1024 ane_start_failures=0 ane_scatter_failures=0 cold_tail=gather_scatter_gpu_overlap
ds4: resident MPP/NAX prefill layer=29 mpp_groups=0 mpp_refs=0 fallback_groups=141 fallback_refs=28097 ane_groups=75 ane_refs=22441 ane_min_refs=64 ane_max_refs=1024 ane_start_failures=0 ane_scatter_failures=0 cold_tail=gather_scatter_gpu_overlap
ds4: resident MPP/NAX prefill layer=30 mpp_groups=0 mpp_refs=0 fallback_groups=112 fallback_refs=16885 ane_groups=97 ane_refs=33653 ane_min_refs=64 ane_max_refs=1024 ane_start_failures=0 ane_scatter_failures=0 cold_tail=gather_scatter_gpu_overlap
ds4: resident MPP/NAX prefill layer=31 mpp_groups=0 mpp_refs=0 fallback_groups=128 fallback_refs=20434 ane_groups=96 ane_refs=30104 ane_min_refs=64 ane_max_refs=1024 ane_start_failures=0 ane_scatter_failures=0 cold_tail=gather_scatter_gpu_overlap
ds4: resident MPP/NAX prefill layer=32 mpp_groups=0 mpp_refs=0 fallback_groups=123 fallback_refs=26904 ane_groups=81 ane_refs=23634 ane_min_refs=64 ane_max_refs=1024 ane_start_failures=0 ane_scatter_failures=0 cold_tail=gather_scatter_gpu_overlap
ds4: resident MPP/NAX prefill layer=33 mpp_groups=0 mpp_refs=0 fallback_groups=121 fallback_refs=25517 ane_groups=81 ane_refs=25021 ane_min_refs=64 ane_max_refs=1024 ane_start_failures=0 ane_scatter_failures=0 cold_tail=gather_scatter_gpu_overlap
ds4: resident MPP/NAX prefill layer=34 mpp_groups=0 mpp_refs=0 fallback_groups=134 fallback_refs=30581 ane_groups=79 ane_refs=19957 ane_min_refs=64 ane_max_refs=1024 ane_start_failures=0 ane_scatter_failures=0 cold_tail=gather_scatter_gpu_overlap
ds4: resident MPP/NAX prefill layer=35 mpp_groups=0 mpp_refs=0 fallback_groups=133 fallback_refs=24175 ane_groups=98 ane_refs=26363 ane_min_refs=64 ane_max_refs=1024 ane_start_failures=0 ane_scatter_failures=0 cold_tail=gather_scatter_gpu_overlap
ds4: resident MPP/NAX prefill layer=36 mpp_groups=0 mpp_refs=0 fallback_groups=125 fallback_refs=28762 ane_groups=69 ane_refs=21776 ane_min_refs=64 ane_max_refs=1024 ane_start_failures=0 ane_scatter_failures=0 cold_tail=gather_scatter_gpu_overlap
ds4: resident MPP/NAX prefill layer=37 mpp_groups=0 mpp_refs=0 fallback_groups=112 fallback_refs=20573 ane_groups=93 ane_refs=29965 ane_min_refs=64 ane_max_refs=1024 ane_start_failures=0 ane_scatter_failures=0 cold_tail=gather_scatter_gpu_overlap
ds4: resident MPP/NAX prefill layer=38 mpp_groups=0 mpp_refs=0 fallback_groups=120 fallback_refs=17683 ane_groups=91 ane_refs=32855 ane_min_refs=64 ane_max_refs=1024 ane_start_failures=0 ane_scatter_failures=0 cold_tail=gather_scatter_gpu_overlap
ds4: resident MPP/NAX prefill layer=39 mpp_groups=0 mpp_refs=0 fallback_groups=129 fallback_refs=19422 ane_groups=105 ane_refs=31116 ane_min_refs=64 ane_max_refs=1024 ane_start_failures=0 ane_scatter_failures=0 cold_tail=gather_scatter_gpu_overlap
ds4: resident MPP/NAX prefill layer=40 mpp_groups=0 mpp_refs=0 fallback_groups=104 fallback_refs=22746 ane_groups=98 ane_refs=27792 ane_min_refs=64 ane_max_refs=1024 ane_start_failures=0 ane_scatter_failures=0 cold_tail=gather_scatter_gpu_overlap
ds4: resident MPP/NAX prefill layer=41 mpp_groups=0 mpp_refs=0 fallback_groups=94 fallback_refs=14391 ane_groups=125 ane_refs=36147 ane_min_refs=64 ane_max_refs=1024 ane_start_failures=0 ane_scatter_failures=0 cold_tail=gather_scatter_gpu_overlap
ds4: resident MPP/NAX prefill layer=42 mpp_groups=0 mpp_refs=0 fallback_groups=103 fallback_refs=18484 ane_groups=120 ane_refs=32054 ane_min_refs=64 ane_max_refs=1024 ane_start_failures=0 ane_scatter_failures=0 cold_tail=gather_scatter_gpu_overlap
ds4: metal layer-major prefill total tokens=8423 encode=15621.006 ms execute=8536.571 ms read=0.038 ms total=24157.638 ms
ds4: prefill full: 8423 tokens in 24434.4 ms (344.7 t/s)
 to
ds4: ----------------------------------------
ds4: prefill: 344.70 t/s, generation: 10000.00 t/s
ds4: ANE prefill stats calls=5119 ok=5119 skipped_big_refs=0 compile_attempts=1 compile_failures=0 eval_calls=7980 eval_failures=0 write_failures=0 reopen_failures=0
ds4: ANE prefill timing dequant=29.610 ms input=1.281 ms ane_eval=45919.163 ms ane_eval_a=45919.163 ms ane_eval_b=0.000 ms ane_eval_c=0.000 ms ane_eval_d=0.000 ms ane_wall_est=45919.163 ms writeback=27.971 ms helper_avg=5.754281 ms ane_calls=7980 ane_call_avg=5.754281 ms
ds4: ANE prefill timing2 output_pack=26.498 ms measured_total=46004.523 ms
ds4: ANE prefill timing3 dequant_wait=11331.235 ms post_wait=0.000 ms x_zero=44.944 ms x_copy=107.219 ms out_zero=287.114 ms out_f16_copy=224.630 ms output_convert=26.498 ms output_gpu_encode=26.498 ms output_chunks=5119 output_elems=5697830912 output_convert_rate=215.029 Gelem/s
ds4: ANE prefill timing4 wait_predict=0.000 ms finish_join_ane=9632.136 ms finish_join_post=0.000 ms wait_predict_calls=0 finish_calls=5119
ds4: ANE prefill chunks refs=1391072 padded_refs=2042880 pad_util=68.09% le16=197 le64=547 le128=1952 full=2875
ds4: ANE prefill batch_hist B256=7980 refs=1391072 util=68.1%
