ds4: context buffers 537.24 MiB (ctx=8192, backend=metal, prefill_chunk=4096, raw_kv_rows=4352, compressed_kv_rows=2050)
ds4: Metal device Apple M5 Max, 128.00 GiB RAM
ds4: Metal model views created in 2.896 ms, residency requested in 392.659 ms, warmup 3.168 ms (mapped 82697.67 MiB from offset 5.08 MiB)
ds4: Metal mapped mmaped model as 2 overlapping shared buffers
ds4: metal backend initialized for graph diagnostics
ds4: using GPU graph generation with layer-major graph prefill
ds4: using chunked GPU prefill (4096-token chunks for 7522 prompt tokens)
ds4-fusion[batch]: owned_commit+wait=1 flush=0 enc_end=2 wait=1
processing 7522 input tokens: 0/7522 (0.0%) batch=0.00 t/s avg=0.00 t/s
ds4-fusion[batch]: owned_commit+wait=2 flush=0 enc_end=3 wait=2
ds4-fusion[batch]: owned_commit+wait=1 flush=0 enc_end=1 wait=1
ds4-fusion[batch]: owned_commit+wait=1 flush=0 enc_end=1 wait=1
ds4-fusion[batch]: owned_commit+wait=1 flush=0 enc_end=1 wait=1
ds4-fusion[batch]: owned_commit+wait=1 flush=0 enc_end=1 wait=1
ds4-fusion[batch]: owned_commit+wait=1 flush=0 enc_end=1 wait=1
ds4-fusion[batch]: owned_commit+wait=1 flush=0 enc_end=1 wait=1
ds4-fusion[batch]: owned_commit+wait=1 flush=0 enc_end=1 wait=1
ds4-fusion[batch]: owned_commit+wait=1 flush=0 enc_end=1 wait=1
ds4-fusion[batch]: owned_commit+wait=1 flush=0 enc_end=1 wait=1
ds4-fusion[batch]: owned_commit+wait=1 flush=0 enc_end=1 wait=1
ds4-fusion[batch]: owned_commit+wait=1 flush=0 enc_end=1 wait=1
ds4-fusion[batch]: owned_commit+wait=1 flush=0 enc_end=1 wait=1
ds4-fusion[batch]: owned_commit+wait=1 flush=0 enc_end=1 wait=1
ds4-fusion[batch]: owned_commit+wait=1 flush=0 enc_end=1 wait=1
ds4-fusion[batch]: owned_commit+wait=1 flush=0 enc_end=1 wait=1
ds4-fusion[batch]: owned_commit+wait=1 flush=0 enc_end=1 wait=1
ds4-fusion[batch]: owned_commit+wait=1 flush=0 enc_end=1 wait=1
ds4-fusion[batch]: owned_commit+wait=1 flush=0 enc_end=1 wait=1
ds4-fusion[batch]: owned_commit+wait=1 flush=0 enc_end=1 wait=1
ds4-fusion[batch]: owned_commit+wait=1 flush=0 enc_end=1 wait=1
ds4-fusion[batch]: owned_commit+wait=1 flush=0 enc_end=1 wait=1
ds4-fusion[batch]: owned_commit+wait=1 flush=0 enc_end=1 wait=1
ds4-fusion[batch]: owned_commit+wait=1 flush=0 enc_end=1 wait=1
ds4-fusion[batch]: owned_commit+wait=1 flush=0 enc_end=1 wait=1
ds4-fusion[batch]: owned_commit+wait=1 flush=0 enc_end=1 wait=1
ds4-fusion[batch]: owned_commit+wait=1 flush=0 enc_end=1 wait=1
ds4-fusion[batch]: owned_commit+wait=1 flush=0 enc_end=1 wait=1
ds4-fusion[batch]: owned_commit+wait=1 flush=0 enc_end=1 wait=1
ds4-fusion[batch]: owned_commit+wait=1 flush=0 enc_end=1 wait=1
ds4-fusion[batch]: owned_commit+wait=1 flush=0 enc_end=1 wait=1
ds4-fusion[batch]: owned_commit+wait=1 flush=0 enc_end=1 wait=1
ds4-fusion[batch]: owned_commit+wait=1 flush=0 enc_end=1 wait=1
ds4-fusion[batch]: owned_commit+wait=1 flush=0 enc_end=1 wait=1
ds4-fusion[batch]: owned_commit+wait=1 flush=0 enc_end=1 wait=1
ds4-fusion[batch]: owned_commit+wait=1 flush=0 enc_end=1 wait=1
ds4-fusion[batch]: owned_commit+wait=1 flush=0 enc_end=1 wait=1
ds4-fusion[batch]: owned_commit+wait=1 flush=0 enc_end=1 wait=1
ds4-fusion[batch]: owned_commit+wait=1 flush=0 enc_end=1 wait=1
ds4-fusion[batch]: owned_commit+wait=1 flush=0 enc_end=1 wait=1
ds4-fusion[batch]: owned_commit+wait=1 flush=0 enc_end=1 wait=1
ds4-fusion[batch]: owned_commit+wait=1 flush=0 enc_end=1 wait=1
ds4-fusion[batch]: owned_commit+wait=1 flush=0 enc_end=1 wait=1
ds4-fusion[batch]: owned_commit+wait=1 flush=0 enc_end=1 wait=1
processing 7522 input tokens: 4096/7522 (54.5%) batch=400.59 t/s avg=400.19 t/s
ds4-fusion[batch]: owned_commit+wait=2 flush=0 enc_end=3 wait=2
ds4-fusion[batch]: owned_commit+wait=1 flush=0 enc_end=1 wait=1
ds4-fusion[batch]: owned_commit+wait=1 flush=0 enc_end=1 wait=1
ds4-fusion[batch]: owned_commit+wait=1 flush=0 enc_end=1 wait=1
ds4-fusion[batch]: owned_commit+wait=1 flush=0 enc_end=1 wait=1
ds4-fusion[batch]: owned_commit+wait=1 flush=0 enc_end=1 wait=1
ds4-fusion[batch]: owned_commit+wait=1 flush=0 enc_end=1 wait=1
ds4-fusion[batch]: owned_commit+wait=1 flush=0 enc_end=1 wait=1
ds4-fusion[batch]: owned_commit+wait=1 flush=0 enc_end=1 wait=1
ds4-fusion[batch]: owned_commit+wait=1 flush=0 enc_end=1 wait=1
ds4-fusion[batch]: owned_commit+wait=1 flush=0 enc_end=1 wait=1
ds4-fusion[batch]: owned_commit+wait=1 flush=0 enc_end=1 wait=1
ds4-fusion[batch]: owned_commit+wait=1 flush=0 enc_end=1 wait=1
ds4-fusion[batch]: owned_commit+wait=1 flush=0 enc_end=1 wait=1
ds4-fusion[batch]: owned_commit+wait=1 flush=0 enc_end=1 wait=1
ds4-fusion[batch]: owned_commit+wait=1 flush=0 enc_end=1 wait=1
ds4-fusion[batch]: owned_commit+wait=1 flush=0 enc_end=1 wait=1
ds4-fusion[batch]: owned_commit+wait=1 flush=0 enc_end=1 wait=1
ds4-fusion[batch]: owned_commit+wait=1 flush=0 enc_end=1 wait=1
ds4-fusion[batch]: owned_commit+wait=1 flush=0 enc_end=1 wait=1
ds4-fusion[batch]: owned_commit+wait=1 flush=0 enc_end=1 wait=1
ds4-fusion[batch]: owned_commit+wait=1 flush=0 enc_end=1 wait=1
ds4-fusion[batch]: owned_commit+wait=1 flush=0 enc_end=1 wait=1
ds4-fusion[batch]: owned_commit+wait=1 flush=0 enc_end=1 wait=1
ds4-fusion[batch]: owned_commit+wait=1 flush=0 enc_end=1 wait=1
ds4-fusion[batch]: owned_commit+wait=1 flush=0 enc_end=1 wait=1
ds4-fusion[batch]: owned_commit+wait=1 flush=0 enc_end=1 wait=1
ds4-fusion[batch]: owned_commit+wait=1 flush=0 enc_end=1 wait=1
ds4-fusion[batch]: owned_commit+wait=1 flush=0 enc_end=1 wait=1
ds4-fusion[batch]: owned_commit+wait=1 flush=0 enc_end=1 wait=1
ds4-fusion[batch]: owned_commit+wait=1 flush=0 enc_end=1 wait=1
ds4-fusion[batch]: owned_commit+wait=1 flush=0 enc_end=1 wait=1
ds4-fusion[batch]: owned_commit+wait=1 flush=0 enc_end=1 wait=1
ds4-fusion[batch]: owned_commit+wait=1 flush=0 enc_end=1 wait=1
ds4-fusion[batch]: owned_commit+wait=1 flush=0 enc_end=1 wait=1
ds4-fusion[batch]: owned_commit+wait=1 flush=0 enc_end=1 wait=1
ds4-fusion[batch]: owned_commit+wait=1 flush=0 enc_end=1 wait=1
ds4-fusion[batch]: owned_commit+wait=1 flush=0 enc_end=1 wait=1
ds4-fusion[batch]: owned_commit+wait=1 flush=0 enc_end=1 wait=1
ds4-fusion[batch]: owned_commit+wait=1 flush=0 enc_end=1 wait=1
ds4-fusion[batch]: owned_commit+wait=1 flush=0 enc_end=1 wait=1
ds4-fusion[batch]: owned_commit+wait=1 flush=0 enc_end=1 wait=1
ds4-fusion[batch]: owned_commit+wait=1 flush=0 enc_end=1 wait=1
ds4-fusion[batch]: owned_commit+wait=1 flush=0 enc_end=1 wait=1
processing 7522 input tokens: 7522/7522 (100.0%) batch=319.08 t/s avg=358.66 t/s
ds4-fusion[batch]: owned_commit+wait=1 flush=0 enc_end=1 wait=1
Weds4-fusion[batch]: owned_commit+wait=1 flush=1 enc_end=2 wait=2
 are
ds4: prefill: 358.68 t/s, generation: 51.06 t/s
