ds4: detected DS4 sidecar package: -m /Users/anemll/Models/flash/dsv4-iq2xxs-expert-major/dense/model-dense.gguf, --moe-sidecar /Users/anemll/Models/flash/dsv4-iq2xxs-expert-major, --moe-mode slot-bank
ds4: applied sidecar tuning profile [Apple M5 Max] from ds4_profile.json (51 env defaults set, 0 kept from environment)
ds4: warning: raw KV cap limits Metal prefill chunk (prefill_chunk=4096, raw_kv_rows=4096, raw_window=128, effective_chunk=3968; target raw cap for one chunk is 4352, also requires ctx >= that value)
ds4: context buffers 429.99 MiB (ctx=4096, backend=metal, prefill_chunk=4096, raw_kv_rows=4096, compressed_kv_rows=1026)
ds4: Flash-MoE sidecar loaded: /Users/anemll/Models/flash/dsv4-iq2xxs-expert-major (slot-bank=256, expert-record 6.75 MiB)
ds4: Flash-MoE expert mmap cache: off; expert reads: pread
ds4: Metal device Apple M5 Max, 128.00 GiB RAM, GPU working-set budget 107.52 GiB (raise with: sudo sysctl iogpu.wired_limit_mb=<MB>)
ds4: drift-patch flags hc_stable=on norm_unify=on kv_raw_f32=off rope_exp2_log2=off math_safe=off tensor_matmul=off
ds4: MXFP4 native library (MSL 4.1): repack=ok selected-repack=ok selected-plane-copy=ok scale-plane matmul=ok selected-matmul=ok decode2=pair/sum6 batch-decode2=pair/sum6 batch-strided=pair/sum6 hybrid-down=sum6 chunked-decode2=pair/sum6
ds4: DS4_MXFP4_NATIVE=1: native MXFP4 available (MPP 4.1 scale-plane matmul2d)
ds4: DSpark resident expert cache: ranges=9 bytes=9.56 GiB (persistent; debug opt-out requires DS4_DSPARK_ALLOW_NONRESIDENT=1)
ds4: DSpark sidecar Metal residency requested: buffers=9 bytes=9.56 GiB
ds4: DSpark draft package loaded: /Users/anemll/Models/DSv4-Flash-DSpark-draft (block=5 verify=5 active=5 scheduler=static conf=0.000 noise=128799 target_layers=40,41,42 markov_rank=256 records=81 mapped=10.12 GiB)
ds4: DSpark draft records: F32=41 F16=6 FP8_E4M3=25 MXFP4_NATIVE=9
ds4: DSpark draft inference enabled: MPP 4.1 FP8/MXFP4 draft kernels, fused routed-MoE per draft layer, persistent resident experts, greedy Markov head, strict_v1 verifier
ds4: Flash-MoE using mmap-backed dense/shared weights without full-model Metal residency warmup
ds4: Metal model views created in 0.277 ms, residency requested in 0.000 ms, warmup 0.000 ms (mapped 8393.67 MiB from offset 5.06 MiB)
ds4: Metal mapped mmaped model as 1 overlapping shared buffers
ds4: metal backend initialized for graph diagnostics
ds4: prefill routed-MoE (requested): mul_mm_id (grouped GPU / ALU)  [grouped path]
ds4: prefill quant scales (ANE env first): w_qscale=512 x_qscale=32 mid_qscale=32 w_scale=0.00195312 x_scale=0.03125 mid_scale=0.03125
ds4: prefill ctx-grow: on, block=16384 tokens
ds4: prefill chunk cap: 16384, graph_raw_cap=auto
ds4: Flash-MoE resident mixed slot-bank load: layers=43 slots=256 bytes=72.56 GiB (one dot per layer)
ds4: Flash-MoE resident prepare: ........................................... 72.56/72.56 GiB (43 layers)
ds4: Flash-MoE resident preload: ........................................... 72.56/72.56 GiB (43 layers)
ds4: Flash-MoE preloaded mixed slot bank: layers=43 slots=256 identity-mapped experts=256
ds4: Flash-MoE slot-bank Metal residency requested: buffers=43 bytes=72.56 GiB
ds4: Flash-MoE slot-bank pages touched: buffers=43 bytes=72.56 GiB
ds4: Flash-MoE slot banks allocated: layers=43 slots=256 gpu-bank=72.6GB Dense: 8.2GB Context: 0.4GB Total <<<< 81.2GB >>>>
ds4: Flash-MoE slot bank layout: mixed expert-major
ds4: warning: very large Flash-MoE slot bank can collapse decode throughput (slots=256, gpu-bank=72.56 GiB). The wired bank competes with the OS file cache that serves decode-miss reads of the sidecar; when the sidecar is larger than RAM, smaller banks decode faster. Compare --moe-slot-bank 32/48/64 or use --ssd-cache auto.
ds4: prefill compute: routed experts = ANE i8i8 (W8A8) | dense proj = Q8 direct-RHS NAX; K-quant dense = fused mul_mm_id batch
ds4: prefill I/O: io-split=4 async-pread=on pread-threads=4 readahead=12 bank-prefetch=3 slot-cache-topk=0 xlayer=auto<=6k-tok topk=128
ds4: decode  I/O: io-split=4 router-prefetch=off scratch-prefetch=off max-loads=0 layer-stride=1 miss-direct-slot-pread=on prefetch-direct-slot-pread=off did-modify=on shared-down=on reset-after-prefill=off realloc-after-prefill=off restore-after-prefill=off resident=slot-bank slots=256
ds4: Flash-MoE banked kernels using M5 simdgroup_matrix fast path (prefetch=3, banks=4)
ds4: WARNING: prefill chunk 4096 clamped to 3968 by raw-KV cap (raw_cap=4096, window=128). Set DS4_METAL_GRAPH_RAW_CAP >= 4224 (window + chunk) — or unset it to auto-size — to honor the chunk.
processing 19 input tokens: 0/19 (0.0%) batch=0.00 t/s avg=0.00 t/s
processing 19 input tokens: 0/19 (0.0%) batch=0.00 t/s avg=0.00 t/s
processing 19 input tokens: 0/19 (0.0%) batch=0.00 t/s avg=0.00 t/s
processing 19 input tokens: 1/19 (5.3%) batch=26.13 t/s avg=0.43 t/s
processing 19 input tokens: 1/19 (5.3%) batch=0.00 t/s avg=0.43 t/s
processing 19 input tokens: 2/19 (10.5%) batch=51.93 t/s avg=0.85 t/s
processing 19 input tokens: 2/19 (10.5%) batch=0.00 t/s avg=0.84 t/s
processing 19 input tokens: 3/19 (15.8%) batch=51.34 t/s avg=1.25 t/s
processing 19 input tokens: 3/19 (15.8%) batch=0.00 t/s avg=1.24 t/s
processing 19 input tokens: 3/19 (15.8%) batch=0.00 t/s avg=1.23 t/s
processing 19 input tokens: 4/19 (21.1%) batch=46.22 t/s avg=1.63 t/s
processing 19 input tokens: 4/19 (21.1%) batch=0.00 t/s avg=1.61 t/s
processing 19 input tokens: 5/19 (26.3%) batch=48.02 t/s avg=2.00 t/s
processing 19 input tokens: 5/19 (26.3%) batch=0.00 t/s avg=1.98 t/s
processing 19 input tokens: 6/19 (31.6%) batch=50.51 t/s avg=2.36 t/s
processing 19 input tokens: 6/19 (31.6%) batch=0.00 t/s avg=2.34 t/s
processing 19 input tokens: 7/19 (36.8%) batch=55.40 t/s avg=2.72 t/s
processing 19 input tokens: 7/19 (36.8%) batch=0.00 t/s avg=2.70 t/s
processing 19 input tokens: 7/19 (36.8%) batch=0.00 t/s avg=2.68 t/s
processing 19 input tokens: 8/19 (42.1%) batch=51.90 t/s avg=3.04 t/s
processing 19 input tokens: 8/19 (42.1%) batch=0.00 t/s avg=3.01 t/s
processing 19 input tokens: 9/19 (47.4%) batch=53.32 t/s avg=3.36 t/s
processing 19 input tokens: 9/19 (47.4%) batch=0.00 t/s avg=3.34 t/s
processing 19 input tokens: 10/19 (52.6%) batch=48.21 t/s avg=3.68 t/s
processing 19 input tokens: 10/19 (52.6%) batch=0.00 t/s avg=3.65 t/s
processing 19 input tokens: 11/19 (57.9%) batch=55.90 t/s avg=3.99 t/s
processing 19 input tokens: 11/19 (57.9%) batch=0.00 t/s avg=3.96 t/s
processing 19 input tokens: 11/19 (57.9%) batch=0.00 t/s avg=3.94 t/s
processing 19 input tokens: 12/19 (63.2%) batch=48.16 t/s avg=4.27 t/s
processing 19 input tokens: 12/19 (63.2%) batch=0.00 t/s avg=4.24 t/s
processing 19 input tokens: 13/19 (68.4%) batch=46.33 t/s avg=4.55 t/s
processing 19 input tokens: 13/19 (68.4%) batch=0.00 t/s avg=4.52 t/s
processing 19 input tokens: 14/19 (73.7%) batch=49.39 t/s avg=4.84 t/s
processing 19 input tokens: 14/19 (73.7%) batch=0.00 t/s avg=4.81 t/s
processing 19 input tokens: 15/19 (78.9%) batch=53.35 t/s avg=5.12 t/s
processing 19 input tokens: 15/19 (78.9%) batch=0.00 t/s avg=5.08 t/s
processing 19 input tokens: 15/19 (78.9%) batch=0.00 t/s avg=5.04 t/s
processing 19 input tokens: 16/19 (84.2%) batch=47.37 t/s avg=5.34 t/s
processing 19 input tokens: 16/19 (84.2%) batch=0.00 t/s avg=5.30 t/s
processing 19 input tokens: 17/19 (89.5%) batch=47.47 t/s avg=5.60 t/s
processing 19 input tokens: 17/19 (89.5%) batch=0.00 t/s avg=5.55 t/s
processing 19 input tokens: 18/19 (94.7%) batch=49.26 t/s avg=5.84 t/s
processing 19 input tokens: 18/19 (94.7%) batch=0.00 t/s avg=5.80 t/s
processing 19 input tokens: 19/19 (100.0%) batch=44.12 t/s avg=6.08 t/s
ds4: dspark draft FP8 rows5 kernel enabled
ds4: [mxfp4-native] two-dispatch plane decode arm engaged (dspark-strided, experts=6)
ds4: Flash-MoE mixed resident bank using fused GPU-selected decode path (slot id == expert id)
ds4: dspark verifier strict_v1 active=5 prefixN=1
ds4: dspark verifier Q8 rows5 shared-exact kernel enabled
ds4: dspark verifier microbatch KV FP8/raw-store rows enabled
ds4: dspark hybrid FFN-pre verifier using exact F16 rows path
ds4: dspark hybrid row-router verifier using exact F16 logits rows path
ds4: dspark hybrid row-router verifier using exact selector rows path
ds4: dspark row-routed direct Q2 down ordered-sum enabled
ds4: dspark hybrid row-routed verifier using row-exact tiny batch path
ds4: dspark hybrid shared verifier using exact fused rows path
ds4: dspark hybrid shared verifier using exact shared-down+HC rows path
ds4: dspark hybrid attention verifier using exact F16 compressor rows path
ds4: dspark hybrid attention verifier using exact F16 indexer-compressor rows path
ds4: dspark hybrid verifier deferring plain attention heads to batch call
ds4: dspark hybrid verifier using rows-exact flash attention heads
ds4: dspark verifier using experimental varmap rows5 attention kernel
ds4: varmap-attn compare layer=2 pos=20 rows=5 max=1.85006 rms=0.144656 first_row=0 first_idx=0 first_delta=0.00341216 cand=-0.122877 ref=-0.126289 worst_row=3 worst_idx=25071 worst_delta=1.85006 cand=0.522437 ref=2.3725
ds4: varmap-attn compare layer=3 pos=20 rows=5 max=0 rms=0 first_row=0 first_idx=0 first_delta=0 cand=-0.142865 ref=-0.142865 worst_row=0 worst_idx=0 worst_delta=0 cand=-0.142865 ref=-0.142865
ds4: varmap-attn compare layer=4 pos=20 rows=5 max=1.25043 rms=0.0834855 first_row=0 first_idx=0 first_delta=0.00590193 cand=-0.0274499 ref=-0.0333518 worst_row=2 worst_idx=1914 worst_delta=1.25043 cand=0.326437 ref=1.57687
ds4: varmap-attn compare layer=5 pos=20 rows=5 max=0 rms=0 first_row=0 first_idx=0 first_delta=0 cand=-0.0141814 ref=-0.0141814 worst_row=0 worst_idx=0 worst_delta=0 cand=-0.0141814 ref=-0.0141814
ds4: varmap-attn compare layer=6 pos=20 rows=5 max=2.95756 rms=0.148909 first_row=0 first_idx=0 first_delta=0.162838 cand=0.0821533 ref=0.244991 worst_row=2 worst_idx=15558 worst_delta=2.95756 cand=-0.0425889 ref=-3.00015
ds4: varmap-attn compare layer=7 pos=20 rows=5 max=0 rms=0 first_row=0 first_idx=0 first_delta=0 cand=0.0721426 ref=0.0721426 worst_row=0 worst_idx=0 worst_delta=0 cand=0.0721426 ref=0.0721426
ds4: varmap-attn compare layer=8 pos=20 rows=5 max=1.86424 rms=0.202216 first_row=0 first_idx=0 first_delta=0.150664 cand=-0.158833 ref=-0.309497 worst_row=0 worst_idx=31578 worst_delta=1.86424 cand=0.372076 ref=2.23631
ds4: varmap-attn compare layer=9 pos=20 rows=5 max=0 rms=0 first_row=0 first_idx=0 first_delta=0 cand=-0.171705 ref=-0.171705 worst_row=0 worst_idx=0 worst_delta=0 cand=-0.171705 ref=-0.171705
ds4: varmap-attn compare layer=10 pos=20 rows=5 max=2.06962 rms=0.246555 first_row=0 first_idx=0 first_delta=0.160773 cand=0.175182 ref=0.014409 worst_row=4 worst_idx=12432 worst_delta=2.06962 cand=-0.142972 ref=-2.21259
ds4: varmap-attn compare layer=11 pos=20 rows=5 max=0 rms=0 first_row=0 first_idx=0 first_delta=0 cand=-0.0561091 ref=-0.0561091 worst_row=0 worst_idx=0 worst_delta=0 cand=-0.0561091 ref=-0.0561091
ds4: varmap-attn compare layer=12 pos=20 rows=5 max=1.93648 rms=0.257301 first_row=0 first_idx=0 first_delta=0.378648 cand=0.168135 ref=0.546783 worst_row=0 worst_idx=9265 worst_delta=1.93648 cand=-0.0954548 ref=-2.03193
ds4: varmap-attn compare layer=13 pos=20 rows=5 max=0 rms=0 first_row=0 first_idx=0 first_delta=0 cand=0.158871 ref=0.158871 worst_row=0 worst_idx=0 worst_delta=0 cand=0.158871 ref=0.158871
ds4: varmap-attn compare layer=14 pos=20 rows=5 max=1.85179 rms=0.170094 first_row=0 first_idx=0 first_delta=0.140814 cand=0.310816 ref=0.170003 worst_row=3 worst_idx=819 worst_delta=1.85179 cand=-0.73195 ref=-2.58374
ds4: varmap-attn compare layer=15 pos=20 rows=5 max=0 rms=0 first_row=0 first_idx=0 first_delta=0 cand=-0.6751 ref=-0.6751 worst_row=0 worst_idx=0 worst_delta=0 cand=-0.6751 ref=-0.6751
ds4: varmap-attn compare layer=16 pos=20 rows=5 max=1.92562 rms=0.197707 first_row=0 first_idx=0 first_delta=0.121325 cand=-0.269348 ref=-0.390673 worst_row=3 worst_idx=12319 worst_delta=1.92562 cand=-0.409577 ref=-2.33519
ds4: varmap-attn compare layer=17 pos=20 rows=5 max=0 rms=0 first_row=0 first_idx=0 first_delta=0 cand=0.0921035 ref=0.0921035 worst_row=0 worst_idx=0 worst_delta=0 cand=0.0921035 ref=0.0921035
ds4: varmap-attn compare layer=18 pos=20 rows=5 max=2.09358 rms=0.197097 first_row=0 first_idx=0 first_delta=0.000635326 cand=-0.0674334 ref=-0.0667981 worst_row=1 worst_idx=11525 worst_delta=2.09358 cand=-0.138921 ref=-2.2325
ds4: varmap-attn compare layer=19 pos=20 rows=5 max=0 rms=0 first_row=0 first_idx=0 first_delta=0 cand=0.115017 ref=0.115017 worst_row=0 worst_idx=0 worst_delta=0 cand=0.115017 ref=0.115017
ds4: varmap-attn compare layer=20 pos=20 rows=5 max=2.37556 rms=0.244346 first_row=0 first_idx=0 first_delta=0.173745 cand=0.146838 ref=-0.0269066 worst_row=3 worst_idx=5222 worst_delta=2.37556 cand=-0.0467806 ref=-2.42234
ds4: varmap-attn compare layer=21 pos=20 rows=5 max=0 rms=0 first_row=0 first_idx=0 first_delta=0 cand=0.388311 ref=0.388311 worst_row=0 worst_idx=0 worst_delta=0 cand=0.388311 ref=0.388311
ds4: varmap-attn compare layer=22 pos=20 rows=5 max=2.00621 rms=0.151356 first_row=0 first_idx=0 first_delta=0.0242459 cand=-0.310602 ref=-0.286356 worst_row=1 worst_idx=12835 worst_delta=2.00621 cand=1.52281 ref=3.52902
ds4: varmap-attn compare layer=23 pos=20 rows=5 max=0 rms=0 first_row=0 first_idx=0 first_delta=0 cand=-0.542601 ref=-0.542601 worst_row=0 worst_idx=0 worst_delta=0 cand=-0.542601 ref=-0.542601
ds4: varmap-attn compare layer=24 pos=20 rows=5 max=6.445 rms=0.36121 first_row=0 first_idx=0 first_delta=0.0409828 cand=-0.0759563 ref=-0.116939 worst_row=4 worst_idx=30285 worst_delta=6.445 cand=-0.149252 ref=-6.59425
ds4: varmap-attn compare layer=25 pos=20 rows=5 max=0 rms=0 first_row=0 first_idx=0 first_delta=0 cand=0.0427181 ref=0.0427181 worst_row=0 worst_idx=0 worst_delta=0 cand=0.0427181 ref=0.0427181
ds4: varmap-attn compare layer=26 pos=20 rows=5 max=4.97069 rms=0.269516 first_row=0 first_idx=0 first_delta=0.0894195 cand=-0.198142 ref=-0.108723 worst_row=0 worst_idx=17793 worst_delta=4.97069 cand=0.399745 ref=5.37044
ds4: varmap-attn compare layer=27 pos=20 rows=5 max=0 rms=0 first_row=0 first_idx=0 first_delta=0 cand=-0.1112 ref=-0.1112 worst_row=0 worst_idx=0 worst_delta=0 cand=-0.1112 ref=-0.1112
ds4: varmap-attn compare layer=28 pos=20 rows=5 max=3.04526 rms=0.28662 first_row=0 first_idx=0 first_delta=0.32818 cand=-0.0482705 ref=-0.37645 worst_row=0 worst_idx=4014 worst_delta=3.04526 cand=-0.194537 ref=-3.2398
ds4: varmap-attn compare layer=29 pos=20 rows=5 max=0 rms=0 first_row=0 first_idx=0 first_delta=0 cand=0.11609 ref=0.11609 worst_row=0 worst_idx=0 worst_delta=0 cand=0.11609 ref=0.11609
ds4: varmap-attn compare layer=30 pos=20 rows=5 max=7.37378 rms=0.307524 first_row=0 first_idx=0 first_delta=0.0226443 cand=-0.0795437 ref=-0.102188 worst_row=4 worst_idx=17998 worst_delta=7.37378 cand=-0.470664 ref=-7.84444
ds4: varmap-attn compare layer=31 pos=20 rows=5 max=0 rms=0 first_row=0 first_idx=0 first_delta=0 cand=-0.143441 ref=-0.143441 worst_row=0 worst_idx=0 worst_delta=0 cand=-0.143441 ref=-0.143441
ds4: varmap-attn compare layer=32 pos=20 rows=5 max=3.77228 rms=0.334042 first_row=0 first_idx=0 first_delta=0.238996 cand=0.038272 ref=-0.200724 worst_row=1 worst_idx=13957 worst_delta=3.77228 cand=-0.0233269 ref=-3.79561
ds4: varmap-attn compare layer=33 pos=20 rows=5 max=0 rms=0 first_row=0 first_idx=0 first_delta=0 cand=-0.152026 ref=-0.152026 worst_row=0 worst_idx=0 worst_delta=0 cand=-0.152026 ref=-0.152026
ds4: varmap-attn compare layer=34 pos=20 rows=5 max=3.83214 rms=0.260037 first_row=0 first_idx=0 first_delta=0.302902 cand=-0.520448 ref=-0.217545 worst_row=3 worst_idx=9204 worst_delta=3.83214 cand=-0.185771 ref=-4.01791
ds4: varmap-attn compare layer=35 pos=20 rows=5 max=0 rms=0 first_row=0 first_idx=0 first_delta=0 cand=-0.656619 ref=-0.656619 worst_row=0 worst_idx=0 worst_delta=0 cand=-0.656619 ref=-0.656619
ds4: varmap-attn compare layer=36 pos=20 rows=5 max=2.49953 rms=0.229291 first_row=0 first_idx=0 first_delta=0.110484 cand=-0.215648 ref=-0.105164 worst_row=1 worst_idx=31468 worst_delta=2.49953 cand=-0.0504159 ref=-2.54995
ds4: varmap-attn compare layer=37 pos=20 rows=5 max=0 rms=0 first_row=0 first_idx=0 first_delta=0 cand=-0.121013 ref=-0.121013 worst_row=0 worst_idx=0 worst_delta=0 cand=-0.121013 ref=-0.121013
ds4: varmap-attn compare layer=38 pos=20 rows=5 max=4.34727 rms=0.372134 first_row=0 first_idx=0 first_delta=0.502736 cand=-0.216692 ref=-0.719427 worst_row=3 worst_idx=5807 worst_delta=4.34727 cand=0.177741 ref=4.52501
ds4: varmap-attn compare layer=39 pos=20 rows=5 max=0 rms=0 first_row=0 first_idx=0 first_delta=0 cand=1.11573 ref=1.11573 worst_row=0 worst_idx=0 worst_delta=0 cand=1.11573 ref=1.11573
ds4: varmap-attn compare layer=40 pos=20 rows=5 max=4.9218 rms=0.331201 first_row=0 first_idx=0 first_delta=0.125605 cand=-1.29568 ref=-1.42129 worst_row=4 worst_idx=30668 worst_delta=4.9218 cand=-0.0393879 ref=4.88241
ds4: varmap-attn compare layer=41 pos=20 rows=5 max=0 rms=0 first_row=0 first_idx=0 first_delta=0 cand=1.14763 ref=1.14763 worst_row=0 worst_idx=0 worst_delta=0 cand=1.14763 ref=1.14763
ds4: varmap-attn compare layer=42 pos=20 rows=5 max=3.81123 rms=0.203801 first_row=0 first_idx=0 first_delta=0.134657 cand=-0.0278112 ref=0.106846 worst_row=2 worst_idx=29858 worst_delta=3.81123 cand=0.111718 ref=3.92295
ds4: varmap-attn compare layer=2 pos=25 rows=5 max=2.657 rms=0.17093 first_row=0 first_idx=0 first_delta=0.0206871 cand=0.262011 ref=0.282698 worst_row=2 worst_idx=12783 worst_delta=2.657 cand=0.193166 ref=2.85017
ds4: varmap-attn compare layer=3 pos=25 rows=5 max=0 rms=0 first_row=0 first_idx=0 first_delta=0 cand=0.070438 ref=0.070438 worst_row=0 worst_idx=0 worst_delta=0 cand=0.070438 ref=0.070438
ds4: varmap-attn compare layer=4 pos=25 rows=5 max=1.42583 rms=0.0792276 first_row=0 first_idx=0 first_delta=0.00786185 cand=0.107013 ref=0.0991515 worst_row=3 worst_idx=3840 worst_delta=1.42583 cand=0.0206703 ref=-1.40516
ds4: varmap-attn compare layer=5 pos=25 rows=5 max=0 rms=0 first_row=0 first_idx=0 first_delta=0 cand=-0.161595 ref=-0.161595 worst_row=0 worst_idx=0 worst_delta=0 cand=-0.161595 ref=-0.161595
ds4: varmap-attn compare layer=6 pos=25 rows=5 max=1.88666 rms=0.131829 first_row=0 first_idx=0 first_delta=0.00707218 cand=0.170575 ref=0.177647 worst_row=3 worst_idx=6964 worst_delta=1.88666 cand=-0.0206106 ref=1.86605
ds4: varmap-attn compare layer=7 pos=25 rows=5 max=0 rms=0 first_row=0 first_idx=0 first_delta=0 cand=-0.112761 ref=-0.112761 worst_row=0 worst_idx=0 worst_delta=0 cand=-0.112761 ref=-0.112761
ds4: varmap-attn compare layer=8 pos=25 rows=5 max=1.86396 rms=0.191431 first_row=0 first_idx=0 first_delta=0.0778082 cand=0.681418 ref=0.60361 worst_row=0 worst_idx=24592 worst_delta=1.86396 cand=-0.0869325 ref=-1.95089
ds4: varmap-attn compare layer=9 pos=25 rows=5 max=0 rms=0 first_row=0 first_idx=0 first_delta=0 cand=0.193379 ref=0.193379 worst_row=0 worst_idx=0 worst_delta=0 cand=0.193379 ref=0.193379
ds4: varmap-attn compare layer=10 pos=25 rows=5 max=2.08723 rms=0.199087 first_row=0 first_idx=0 first_delta=0.0607478 cand=0.0692973 ref=0.130045 worst_row=0 worst_idx=22672 worst_delta=2.08723 cand=-0.164343 ref=-2.25157
ds4: varmap-attn compare layer=11 pos=25 rows=5 max=0 rms=0 first_row=0 first_idx=0 first_delta=0 cand=-0.0217533 ref=-0.0217533 worst_row=0 worst_idx=0 worst_delta=0 cand=-0.0217533 ref=-0.0217533
ds4: varmap-attn compare layer=12 pos=25 rows=5 max=2.17047 rms=0.259541 first_row=0 first_idx=0 first_delta=0.222658 cand=0.0286719 ref=0.25133 worst_row=0 worst_idx=9265 worst_delta=2.17047 cand=-0.0699116 ref=-2.24038
ds4: varmap-attn compare layer=13 pos=25 rows=5 max=0 rms=0 first_row=0 first_idx=0 first_delta=0 cand=0.0782844 ref=0.0782844 worst_row=0 worst_idx=0 worst_delta=0 cand=0.0782844 ref=0.0782844
ds4: varmap-attn compare layer=14 pos=25 rows=5 max=2.26615 rms=0.203191 first_row=0 first_idx=0 first_delta=0.472496 cand=-0.499962 ref=-0.972458 worst_row=0 worst_idx=16179 worst_delta=2.26615 cand=-1.09813 ref=-3.36427
ds4: varmap-attn compare layer=15 pos=25 rows=5 max=0 rms=0 first_row=0 first_idx=0 first_delta=0 cand=-0.545828 ref=-0.545828 worst_row=0 worst_idx=0 worst_delta=0 cand=-0.545828 ref=-0.545828
ds4: varmap-attn compare layer=16 pos=25 rows=5 max=1.86734 rms=0.192825 first_row=0 first_idx=0 first_delta=0.288549 cand=-0.956324 ref=-1.24487 worst_row=1 worst_idx=30751 worst_delta=1.86734 cand=-0.465249 ref=-2.33259
ds4: varmap-attn compare layer=17 pos=25 rows=5 max=0 rms=0 first_row=0 first_idx=0 first_delta=0 cand=0.775507 ref=0.775507 worst_row=0 worst_idx=0 worst_delta=0 cand=0.775507 ref=0.775507
ds4: varmap-attn compare layer=18 pos=25 rows=5 max=2.47876 rms=0.194702 first_row=0 first_idx=0 first_delta=0.00270501 cand=-0.119982 ref=-0.122687 worst_row=0 worst_idx=21506 worst_delta=2.47876 cand=-0.31479 ref=-2.79355
ds4: varmap-attn compare layer=19 pos=25 rows=5 max=0 rms=0 first_row=0 first_idx=0 first_delta=0 cand=-0.0476193 ref=-0.0476193 worst_row=0 worst_idx=0 worst_delta=0 cand=-0.0476193 ref=-0.0476193
ds4: varmap-attn compare layer=20 pos=25 rows=5 max=2.68702 rms=0.247913 first_row=0 first_idx=0 first_delta=0.159711 cand=-0.302869 ref=-0.46258 worst_row=0 worst_idx=14950 worst_delta=2.68702 cand=-0.5571 ref=-3.24412
ds4: varmap-attn compare layer=21 pos=25 rows=5 max=0 rms=0 first_row=0 first_idx=0 first_delta=0 cand=0.285003 ref=0.285003 worst_row=0 worst_idx=0 worst_delta=0 cand=0.285003 ref=0.285003
ds4: varmap-attn compare layer=22 pos=25 rows=5 max=2.64768 rms=0.136588 first_row=0 first_idx=0 first_delta=0.000627577 cand=-0.646454 ref=-0.645826 worst_row=1 worst_idx=4131 worst_delta=2.64768 cand=1.38616 ref=4.03384
ds4: varmap-attn compare layer=23 pos=25 rows=5 max=0 rms=0 first_row=0 first_idx=0 first_delta=0 cand=-0.0912381 ref=-0.0912381 worst_row=0 worst_idx=0 worst_delta=0 cand=-0.0912381 ref=-0.0912381
ds4: varmap-attn compare layer=24 pos=25 rows=5 max=5.34799 rms=0.349223 first_row=0 first_idx=0 first_delta=0.0752813 cand=-0.237981 ref=-0.313262 worst_row=4 worst_idx=9805 worst_delta=5.34799 cand=-0.323898 ref=-5.67189
ds4: varmap-attn compare layer=25 pos=25 rows=5 max=0 rms=0 first_row=0 first_idx=0 first_delta=0 cand=0.0798185 ref=0.0798185 worst_row=0 worst_idx=0 worst_delta=0 cand=0.0798185 ref=0.0798185
ds4: varmap-attn compare layer=26 pos=25 rows=5 max=5.43734 rms=0.310187 first_row=0 first_idx=0 first_delta=0.14869 cand=-0.393336 ref=-0.244646 worst_row=0 worst_idx=17793 worst_delta=5.43734 cand=0.28307 ref=5.72041
ds4: varmap-attn compare layer=27 pos=25 rows=5 max=0 rms=0 first_row=0 first_idx=0 first_delta=0 cand=-0.370773 ref=-0.370773 worst_row=0 worst_idx=0 worst_delta=0 cand=-0.370773 ref=-0.370773
ds4: varmap-attn compare layer=28 pos=25 rows=5 max=2.58511 rms=0.269476 first_row=0 first_idx=0 first_delta=0.346074 cand=-0.067105 ref=-0.413179 worst_row=2 worst_idx=4014 worst_delta=2.58511 cand=-0.126444 ref=-2.71155
ds4: varmap-attn compare layer=29 pos=25 rows=5 max=0 rms=0 first_row=0 first_idx=0 first_delta=0 cand=0.288282 ref=0.288282 worst_row=0 worst_idx=0 worst_delta=0 cand=0.288282 ref=0.288282
ds4: varmap-attn compare layer=30 pos=25 rows=5 max=7.67906 rms=0.284278 first_row=0 first_idx=0 first_delta=0.0179319 cand=-0.051422 ref=-0.0334901 worst_row=4 worst_idx=18510 worst_delta=7.67906 cand=-0.234136 ref=-7.9132
ds4: varmap-attn compare layer=31 pos=25 rows=5 max=0 rms=0 first_row=0 first_idx=0 first_delta=0 cand=-0.159187 ref=-0.159187 worst_row=0 worst_idx=0 worst_delta=0 cand=-0.159187 ref=-0.159187
ds4: varmap-attn compare layer=32 pos=25 rows=5 max=2.82365 rms=0.349992 first_row=0 first_idx=0 first_delta=0.293374 cand=-0.0741197 ref=-0.367494 worst_row=1 worst_idx=15073 worst_delta=2.82365 cand=0.00808791 ref=2.83174
ds4: varmap-attn compare layer=33 pos=25 rows=5 max=0 rms=0 first_row=0 first_idx=0 first_delta=0 cand=-0.231484 ref=-0.231484 worst_row=0 worst_idx=0 worst_delta=0 cand=-0.231484 ref=-0.231484
ds4: varmap-attn compare layer=34 pos=25 rows=5 max=2.75205 rms=0.258885 first_row=0 first_idx=0 first_delta=0.174747 cand=0.574187 ref=0.748935 worst_row=2 worst_idx=9204 worst_delta=2.75205 cand=-0.424695 ref=-3.17675
ds4: varmap-attn compare layer=35 pos=25 rows=5 max=0 rms=0 first_row=0 first_idx=0 first_delta=0 cand=-0.754432 ref=-0.754432 worst_row=0 worst_idx=0 worst_delta=0 cand=-0.754432 ref=-0.754432
ds4: varmap-attn compare layer=36 pos=25 rows=5 max=2.27795 rms=0.226328 first_row=0 first_idx=0 first_delta=0.088232 cand=-0.251415 ref=-0.163183 worst_row=1 worst_idx=10988 worst_delta=2.27795 cand=-0.00849534 ref=-2.28645
ds4: varmap-attn compare layer=37 pos=25 rows=5 max=0 rms=0 first_row=0 first_idx=0 first_delta=0 cand=0.0917779 ref=0.0917779 worst_row=0 worst_idx=0 worst_delta=0 cand=0.0917779 ref=0.0917779
ds4: varmap-attn compare layer=38 pos=25 rows=5 max=2.79413 rms=0.269256 first_row=0 first_idx=0 first_delta=0.105879 cand=0.337895 ref=0.232016 worst_row=0 worst_idx=28847 worst_delta=2.79413 cand=0.466342 ref=3.26047
ds4: varmap-attn compare layer=39 pos=25 rows=5 max=0 rms=0 first_row=0 first_idx=0 first_delta=0 cand=0.965805 ref=0.965805 worst_row=0 worst_idx=0 worst_delta=0 cand=0.965805 ref=0.965805
ds4: varmap-attn compare layer=40 pos=25 rows=5 max=3.32991 rms=0.37517 first_row=0 first_idx=0 first_delta=0.168052 cand=-0.698879 ref=-0.86693 worst_row=0 worst_idx=30533 worst_delta=3.32991 cand=0.194785 ref=3.52469
ds4: varmap-attn compare layer=41 pos=25 rows=5 max=0 rms=0 first_row=0 first_idx=0 first_delta=0 cand=0.39359 ref=0.39359 worst_row=0 worst_idx=0 worst_delta=0 cand=0.39359 ref=0.39359
ds4: varmap-attn compare layer=42 pos=25 rows=5 max=3.41908 rms=0.189897 first_row=0 first_idx=0 first_delta=0.0929721 cand=-0.139718 ref=-0.0467454 worst_row=3 worst_idx=7613 worst_delta=3.41908 cand=-0.0853151 ref=-3.50439
ds4: varmap-attn compare layer=2 pos=31 rows=4 max=2.15086 rms=0.157051 first_row=0 first_idx=0 first_delta=0.0180914 cand=0.0656063 ref=0.0475149 worst_row=3 worst_idx=7147 worst_delta=2.15086 cand=-0.0764642 ref=-2.22732
ds4: varmap-attn compare layer=3 pos=31 rows=4 max=0 rms=0 first_row=0 first_idx=0 first_delta=0 cand=0.106887 ref=0.106887 worst_row=0 worst_idx=0 worst_delta=0 cand=0.106887 ref=0.106887
ds4: varmap-attn compare layer=4 pos=31 rows=4 max=1.79126 rms=0.083371 first_row=0 first_idx=0 first_delta=0.036626 cand=0.0472089 ref=0.010583 worst_row=0 worst_idx=14526 worst_delta=1.79126 cand=0.0184628 ref=-1.7728
ds4: varmap-attn compare layer=5 pos=31 rows=4 max=0 rms=0 first_row=0 first_idx=0 first_delta=0 cand=0.112098 ref=0.112098 worst_row=0 worst_idx=0 worst_delta=0 cand=0.112098 ref=0.112098
ds4: varmap-attn compare layer=6 pos=31 rows=4 max=3.03458 rms=0.140532 first_row=0 first_idx=0 first_delta=0.0345789 cand=0.128828 ref=0.163407 worst_row=0 worst_idx=15558 worst_delta=3.03458 cand=-0.0175546 ref=-3.05213
ds4: varmap-attn compare layer=7 pos=31 rows=4 max=0 rms=0 first_row=0 first_idx=0 first_delta=0 cand=0.0642123 ref=0.0642123 worst_row=0 worst_idx=0 worst_delta=0 cand=0.0642123 ref=0.0642123
ds4: varmap-attn compare layer=8 pos=31 rows=4 max=2.40021 rms=0.211501 first_row=0 first_idx=0 first_delta=0.0942625 cand=-0.0556768 ref=-0.149939 worst_row=0 worst_idx=31578 worst_delta=2.40021 cand=0.0982946 ref=2.4985
ds4: varmap-attn compare layer=9 pos=31 rows=4 max=0 rms=0 first_row=0 first_idx=0 first_delta=0 cand=0.101252 ref=0.101252 worst_row=0 worst_idx=0 worst_delta=0 cand=0.101252 ref=0.101252
ds4: varmap-attn compare layer=10 pos=31 rows=4 max=2.179 rms=0.256147 first_row=0 first_idx=0 first_delta=0.0241064 cand=0.227492 ref=0.203385 worst_row=0 worst_idx=28816 worst_delta=2.179 cand=-0.105818 ref=-2.28482
ds4: varmap-attn compare layer=11 pos=31 rows=4 max=0 rms=0 first_row=0 first_idx=0 first_delta=0 cand=-0.426346 ref=-0.426346 worst_row=0 worst_idx=0 worst_delta=0 cand=-0.426346 ref=-0.426346
ds4: varmap-attn compare layer=12 pos=31 rows=4 max=2.03749 rms=0.264074 first_row=0 first_idx=0 first_delta=0.239082 cand=0.365302 ref=0.604383 worst_row=2 worst_idx=9265 worst_delta=2.03749 cand=-0.0588474 ref=-2.09634
ds4: varmap-attn compare layer=13 pos=31 rows=4 max=0 rms=0 first_row=0 first_idx=0 first_delta=0 cand=0.183615 ref=0.183615 worst_row=0 worst_idx=0 worst_delta=0 cand=0.183615 ref=0.183615
ds4: varmap-attn compare layer=14 pos=31 rows=4 max=2.58011 rms=0.198221 first_row=0 first_idx=0 first_delta=0.242543 cand=0.243952 ref=0.00140927 worst_row=2 worst_idx=679 worst_delta=2.58011 cand=0.249048 ref=2.82916
ds4: varmap-attn compare layer=15 pos=31 rows=4 max=0 rms=0 first_row=0 first_idx=0 first_delta=0 cand=-1.05116 ref=-1.05116 worst_row=0 worst_idx=0 worst_delta=0 cand=-1.05116 ref=-1.05116
ds4: varmap-attn compare layer=16 pos=31 rows=4 max=2.80549 rms=0.209798 first_row=0 first_idx=0 first_delta=0.0724135 cand=-0.0416596 ref=-0.114073 worst_row=2 worst_idx=2591 worst_delta=2.80549 cand=-0.0914841 ref=-2.89698
ds4: varmap-attn compare layer=17 pos=31 rows=4 max=0 rms=0 first_row=0 first_idx=0 first_delta=0 cand=0.180262 ref=0.180262 worst_row=0 worst_idx=0 worst_delta=0 cand=0.180262 ref=0.180262
ds4: varmap-attn compare layer=18 pos=31 rows=4 max=1.61719 rms=0.171221 first_row=0 first_idx=0 first_delta=0.00541432 cand=0.0747895 ref=0.0693752 worst_row=3 worst_idx=15874 worst_delta=1.61719 cand=-0.151076 ref=-1.76826
ds4: varmap-attn compare layer=19 pos=31 rows=4 max=0 rms=0 first_row=0 first_idx=0 first_delta=0 cand=0.0855855 ref=0.0855855 worst_row=0 worst_idx=0 worst_delta=0 cand=0.0855855 ref=0.0855855
ds4: varmap-attn compare layer=20 pos=31 rows=4 max=1.96964 rms=0.174737 first_row=0 first_idx=0 first_delta=0.0788148 cand=0.380702 ref=0.301887 worst_row=2 worst_idx=5222 worst_delta=1.96964 cand=-0.134562 ref=-2.1042
ds4: varmap-attn compare layer=21 pos=31 rows=4 max=0 rms=0 first_row=0 first_idx=0 first_delta=0 cand=0.393308 ref=0.393308 worst_row=0 worst_idx=0 worst_delta=0 cand=0.393308 ref=0.393308
ds4: varmap-attn compare layer=22 pos=31 rows=4 max=0.827464 rms=0.0620429 first_row=0 first_idx=0 first_delta=0.0144905 cand=-0.426262 ref=-0.411771 worst_row=2 worst_idx=9763 worst_delta=0.827464 cand=1.86835 ref=2.69581
ds4: varmap-attn compare layer=23 pos=31 rows=4 max=0 rms=0 first_row=0 first_idx=0 first_delta=0 cand=-0.422592 ref=-0.422592 worst_row=0 worst_idx=0 worst_delta=0 cand=-0.422592 ref=-0.422592
ds4: varmap-attn compare layer=24 pos=31 rows=4 max=6.61596 rms=0.428497 first_row=0 first_idx=0 first_delta=0.177706 cand=-0.0514443 ref=-0.22915 worst_row=3 worst_idx=30285 worst_delta=6.61596 cand=-0.11505 ref=-6.73101
ds4: varmap-attn compare layer=25 pos=31 rows=4 max=0 rms=0 first_row=0 first_idx=0 first_delta=0 cand=0.0884165 ref=0.0884165 worst_row=0 worst_idx=0 worst_delta=0 cand=0.0884165 ref=0.0884165
ds4: varmap-attn compare layer=26 pos=31 rows=4 max=4.62373 rms=0.236237 first_row=0 first_idx=0 first_delta=0.113968 cand=-0.221146 ref=-0.107178 worst_row=2 worst_idx=17793 worst_delta=4.62373 cand=0.375524 ref=4.99925
ds4: varmap-attn compare layer=27 pos=31 rows=4 max=0 rms=0 first_row=0 first_idx=0 first_delta=0 cand=-0.143428 ref=-0.143428 worst_row=0 worst_idx=0 worst_delta=0 cand=-0.143428 ref=-0.143428
ds4: varmap-attn compare layer=28 pos=31 rows=4 max=4.74315 rms=0.247032 first_row=0 first_idx=0 first_delta=0.126383 cand=-0.0899378 ref=-0.216321 worst_row=0 worst_idx=29614 worst_delta=4.74315 cand=-0.0924154 ref=-4.83557
ds4: varmap-attn compare layer=29 pos=31 rows=4 max=0 rms=0 first_row=0 first_idx=0 first_delta=0 cand=0.236834 ref=0.236834 worst_row=0 worst_idx=0 worst_delta=0 cand=0.236834 ref=0.236834
ds4: varmap-attn compare layer=30 pos=31 rows=4 max=6.76421 rms=0.33216 first_row=0 first_idx=0 first_delta=0.0186157 cand=-0.0880783 ref=-0.0694626 worst_row=2 worst_idx=18510 worst_delta=6.76421 cand=-0.343633 ref=-7.10784
ds4: varmap-attn compare layer=31 pos=31 rows=4 max=0 rms=0 first_row=0 first_idx=0 first_delta=0 cand=0.0814647 ref=0.0814647 worst_row=0 worst_idx=0 worst_delta=0 cand=0.0814647 ref=0.0814647
ds4: varmap-attn compare layer=32 pos=31 rows=4 max=2.30275 rms=0.324778 first_row=0 first_idx=0 first_delta=0.588709 cand=0.0216939 ref=-0.567015 worst_row=1 worst_idx=13957 worst_delta=2.30275 cand=-0.0548543 ref=-2.3576
ds4: varmap-attn compare layer=33 pos=31 rows=4 max=0 rms=0 first_row=0 first_idx=0 first_delta=0 cand=-0.26592 ref=-0.26592 worst_row=0 worst_idx=0 worst_delta=0 cand=-0.26592 ref=-0.26592
ds4: varmap-attn compare layer=34 pos=31 rows=4 max=2.79282 rms=0.265858 first_row=0 first_idx=0 first_delta=0.328208 cand=0.242775 ref=0.570983 worst_row=2 worst_idx=9204 worst_delta=2.79282 cand=-0.137018 ref=-2.92984
ds4: varmap-attn compare layer=35 pos=31 rows=4 max=0 rms=0 first_row=0 first_idx=0 first_delta=0 cand=-1.11618 ref=-1.11618 worst_row=0 worst_idx=0 worst_delta=0 cand=-1.11618 ref=-1.11618
ds4: varmap-attn compare layer=36 pos=31 rows=4 max=2.38487 rms=0.226859 first_row=0 first_idx=0 first_delta=0.0105545 cand=-0.264187 ref=-0.253632 worst_row=0 worst_idx=12196 worst_delta=2.38487 cand=-0.0311258 ref=-2.416
ds4: varmap-attn compare layer=37 pos=31 rows=4 max=0 rms=0 first_row=0 first_idx=0 first_delta=0 cand=-0.113915 ref=-0.113915 worst_row=0 worst_idx=0 worst_delta=0 cand=-0.113915 ref=-0.113915
ds4: varmap-attn compare layer=38 pos=31 rows=4 max=3.20277 rms=0.316942 first_row=0 first_idx=0 first_delta=0.030656 cand=-0.20729 ref=-0.176634 worst_row=0 worst_idx=20143 worst_delta=3.20277 cand=0.608576 ref=3.81135
ds4: varmap-attn compare layer=39 pos=31 rows=4 max=0 rms=0 first_row=0 first_idx=0 first_delta=0 cand=0.84897 ref=0.84897 worst_row=0 worst_idx=0 worst_delta=0 cand=0.84897 ref=0.84897
ds4: varmap-attn compare layer=40 pos=31 rows=4 max=6.3412 rms=0.38967 first_row=0 first_idx=0 first_delta=0.225278 cand=-1.20958 ref=-1.43486 worst_row=0 worst_idx=30668 worst_delta=6.3412 cand=-0.0205278 ref=6.32067
ds4: varmap-attn compare layer=41 pos=31 rows=4 max=0 rms=0 first_row=0 first_idx=0 first_delta=0 cand=0.237466 ref=0.237466 worst_row=0 worst_idx=0 worst_delta=0 cand=0.237466 ref=0.237466
ds4: varmap-attn compare layer=42 pos=31 rows=4 max=3.52048 rms=0.199352 first_row=0 first_idx=0 first_delta=0.134516 cand=-0.151312 ref=-0.0167963 worst_row=3 worst_idx=1981 worst_delta=3.52048 cand=0.0121786 ref=-3.5083
ds4: ----------------------------------------
ds4: prefill: 5.59 t/s, generation: 29.89 t/s (16 tokens in 0.535s)
ds4: dspark acceptance: 85.7% (12/14 draft tokens)
ds4: dspark acceptance by position: 1=3/3 2=3/3 3=3/3 4=2/3 5=1/2
ds4: dspark avg scheduled: 4.67 draft tokens/block (3 blocks)
