Here is a self-contained HTML file that recreates the classic 1978 Space Invaders arcade experience. It includes the iconic sprite designs, wave-based gameplay, and authentic mechanics like the player laser, enemy bombs, and the defender base.
```html
<!DOCTYPE html>
<html lang="en">
<head>
  <meta charset="UTF-8">
  <meta name="viewport" content="width=device-width, initial-scale=1.0">
  <title>Space Invaders · 1978 Taito Cabinet</title>
  <style>
    * {
      box-sizing: border-box;
      margin: 0;
      padding: 0;
    }
    body {
      background: #111;
      display: flex;
      justify-content: center;
      align-items: center;
      min-height: 100vh;
      font-family: 'Courier New', monospace;
    }
    .cabinet {
      background: #222;
      border-radius: 24px 24px 12px 12px;
      box-shadow: 0 0 0 4px #3a3a3a, 0 0 20px rgba(0,0,0,0.8);
      padding: 20px 20px 30px;
      display: flex;
      flex-direction: column;
      align-items: center;
    }
    .bezel {
      background: #0a0a0a;
      border: 4px solid #333;
      border-radius: 12px;
      padding: 12px 10px 10px;
      box-shadow: inset 0 0 20px #000;
    }
    canvas {
      display: block;
      background: #000;
      width: 600px;
      height: 600px;
      image-rendering: pixelated;
      margin: 0 auto;
      border: 2px solid
