ds4: warning: raw KV cap limits Metal prefill chunk (prefill_chunk=10000, raw_kv_rows=8704, raw_window=128, effective_chunk=8576; target raw cap for one chunk is 10240, also requires ctx >= that value)
ds4: context buffers 1053.29 MiB (ctx=10000, backend=metal, prefill_chunk=10000, raw_kv_rows=8704, compressed_kv_rows=2502)
ds4: Flash-MoE sidecar loaded: /Users/anemll/Models/flash/dsv4-iq2xxs-expert-major (slot-bank=99, expert-record 6.75 MiB)
ds4: Metal device Apple M5 Max, 128.00 GiB RAM
ds4: Flash-MoE using mmap-backed dense/shared weights without full-model Metal residency warmup
ds4: Metal model views created in 0.314 ms, residency requested in 0.000 ms, warmup 0.000 ms (mapped 8393.67 MiB from offset 5.06 MiB)
ds4: Metal mapped mmaped model as 1 overlapping shared buffers
ds4: metal backend initialized for graph diagnostics
ds4: prefill routed-MoE (requested): mul_mm_id (grouped GPU / ALU)  [grouped path]
ds4: prefill quant scales (ANE env first): w_qscale=512 x_qscale=32 mid_qscale=32 w_scale=0.00195312 x_scale=0.03125 mid_scale=0.03125
ds4: prefill ctx-grow: on, block=2048 tokens
ds4: prefill chunk cap: 16384, graph_raw_cap=8704
ds4: Flash-MoE slot banks allocated: layers=43 slots=99 gpu-bank=28734.75 MiB
ds4: prefill compute: routed experts = ANE i8i8 (W8A8) | dense proj = fp16-NAX (half x half)
ds4: prefill I/O: io-split=4 async-pread=on pread-threads=4 readahead=12 bank-prefetch=3 xlayer=auto<=6k-tok topk=49
ds4: decode  I/O: io-split=4 temporal-prefetch=on slots=99
ds4: Flash-MoE banked kernels using M5 simdgroup_matrix fast path (prefetch=3, banks=4)
ds4: WARNING: prefill chunk 10000 clamped to 8576 by raw-KV cap (raw_cap=8704, window=128). Set DS4_METAL_GRAPH_RAW_CAP >= 10128 (window + chunk) — or unset it to auto-size — to honor the chunk.
ds4: prefill chunk cap EFFECTIVE=8576 tokens (DS4_METAL_PREFILL_CHUNK=16384), CLAMPED by raw-KV-cap (ctx-grow) (resident-NAX tiles this by scratch_cap; that tile gates the sync bridge)
ds4: ANE i8w-i8x-tiled-fused cached async prefill B=256 H=4096 I=2048 w_scale=0.00195312 x_scale=0.03125 mid_scale=0.03125
ds4: Flash-MoE prefill layer=0 tokens=8423 unique=256 refs=50538 sync=13.848 ms plan=0.555 ms stage/compute=274.098 ms misses=256
ds4: Flash-MoE hybrid prefill layer=0 ane_groups=124 ane_refs=29318 gpu_i8_groups=0 gpu_i8_refs=0 fp32_groups=0 ane_min_refs=128 concurrent=1 ane_pipeline=1 output_queue=4 async_ane=124 gpu_overlap=132 finishes=124 waits=248
ds4: Flash-MoE overlap plan layer=0 exec_groups=256 planned_ane_groups=124 planned_ane_refs=29318 planned_gpu_groups=132 planned_gpu_refs=21220 tail_gpu_groups=0 tail_gpu_refs=0 planned_ssd_groups=256 est_gpu=29668.0 est_ane=20266.7 est_idle=31.69% wall=266.139 ms actual_ane_groups=124 actual_ane_refs=29318 actual_gpu_groups=0 actual_gpu_refs=0 finishes=124 waits=248 overlap_gpu_groups=132
ds4: Flash-MoE prefill layer=1 tokens=8423 unique=256 refs=50538 sync=6.825 ms plan=0.343 ms stage/compute=254.348 ms misses=256
ds4: Flash-MoE hybrid prefill layer=1 ane_groups=123 ane_refs=29395 gpu_i8_groups=0 gpu_i8_refs=0 fp32_groups=0 ane_min_refs=128 concurrent=1 ane_pipeline=1 output_queue=4 async_ane=123 gpu_overlap=133 finishes=123 waits=246
ds4: Flash-MoE overlap plan layer=1 exec_groups=256 planned_ane_groups=123 planned_ane_refs=29395 planned_gpu_groups=133 planned_gpu_refs=21143 tail_gpu_groups=0 tail_gpu_refs=0 planned_ssd_groups=256 est_gpu=29655.0 est_ane=20106.7 est_idle=32.20% wall=252.985 ms actual_ane_groups=123 actual_ane_refs=29395 actual_gpu_groups=0 actual_gpu_refs=0 finishes=123 waits=246 overlap_gpu_groups=133
ds4: Flash-MoE prefill layer=2 tokens=8423 unique=256 refs=50538 sync=6.783 ms plan=0.395 ms stage/compute=251.416 ms misses=256
ds4: Flash-MoE hybrid prefill layer=2 ane_groups=117 ane_refs=28767 gpu_i8_groups=0 gpu_i8_refs=0 fp32_groups=0 ane_min_refs=128 concurrent=1 ane_pipeline=1 output_queue=4 async_ane=117 gpu_overlap=139 finishes=117 waits=234
ds4: Flash-MoE overlap plan layer=2 exec_groups=256 planned_ane_groups=117 planned_ane_refs=28767 planned_gpu_groups=139 planned_gpu_refs=21771 tail_gpu_groups=0 tail_gpu_refs=0 planned_ssd_groups=256 est_gpu=30667.0 est_ane=19141.5 est_idle=37.58% wall=250.055 ms actual_ane_groups=117 actual_ane_refs=28767 actual_gpu_groups=0 actual_gpu_refs=0 finishes=117 waits=234 overlap_gpu_groups=139
ds4: Flash-MoE prefill layer=3 tokens=8423 unique=248 refs=50538 sync=7.817 ms plan=0.363 ms stage/compute=273.763 ms misses=248
ds4: Flash-MoE hybrid prefill layer=3 ane_groups=90 ane_refs=32919 gpu_i8_groups=0 gpu_i8_refs=0 fp32_groups=0 ane_min_refs=128 concurrent=1 ane_pipeline=1 output_queue=4 async_ane=90 gpu_overlap=158 finishes=90 waits=180
ds4: Flash-MoE overlap plan layer=3 exec_groups=248 planned_ane_groups=90 planned_ane_refs=32919 planned_gpu_groups=158 planned_gpu_refs=17619 tail_gpu_groups=0 tail_gpu_refs=0 planned_ssd_groups=248 est_gpu=27731.0 est_ane=14844.8 est_idle=46.47% wall=272.088 ms actual_ane_groups=90 actual_ane_refs=32919 actual_gpu_groups=0 actual_gpu_refs=0 finishes=90 waits=180 overlap_gpu_groups=158
ds4: Flash-MoE prefill layer=4 tokens=8423 unique=241 refs=50538 sync=7.318 ms plan=0.380 ms stage/compute=266.814 ms misses=241
ds4: Flash-MoE hybrid prefill layer=4 ane_groups=79 ane_refs=34220 gpu_i8_groups=0 gpu_i8_refs=0 fp32_groups=0 ane_min_refs=128 concurrent=1 ane_pipeline=1 output_queue=4 async_ane=79 gpu_overlap=162 finishes=79 waits=158
ds4: Flash-MoE overlap plan layer=4 exec_groups=241 planned_ane_groups=79 planned_ane_refs=34220 planned_gpu_groups=162 planned_gpu_refs=16318 tail_gpu_groups=0 tail_gpu_refs=0 planned_ssd_groups=241 est_gpu=26686.0 est_ane=13077.0 est_idle=51.00% wall=265.502 ms actual_ane_groups=79 actual_ane_refs=34220 actual_gpu_groups=0 actual_gpu_refs=0 finishes=79 waits=158 overlap_gpu_groups=162
ds4: Flash-MoE prefill layer=5 tokens=8423 unique=249 refs=50538 sync=7.263 ms plan=0.347 ms stage/compute=281.412 ms misses=249
ds4: Flash-MoE hybrid prefill layer=5 ane_groups=80 ane_refs=32841 gpu_i8_groups=0 gpu_i8_refs=0 fp32_groups=0 ane_min_refs=128 concurrent=1 ane_pipeline=1 output_queue=4 async_ane=80 gpu_overlap=169 finishes=80 waits=160
ds4: Flash-MoE overlap plan layer=5 exec_groups=249 planned_ane_groups=80 planned_ane_refs=32841 planned_gpu_groups=169 planned_gpu_refs=17697 tail_gpu_groups=0 tail_gpu_refs=0 planned_ssd_groups=249 est_gpu=28513.0 est_ane=13211.2 est_idle=53.67% wall=279.899 ms actual_ane_groups=80 actual_ane_refs=32841 actual_gpu_groups=0 actual_gpu_refs=0 finishes=80 waits=160 overlap_gpu_groups=169
ds4: Flash-MoE prefill layer=6 tokens=8423 unique=243 refs=50538 sync=7.303 ms plan=0.400 ms stage/compute=265.711 ms misses=243
ds4: Flash-MoE hybrid prefill layer=6 ane_groups=76 ane_refs=34833 gpu_i8_groups=0 gpu_i8_refs=0 fp32_groups=0 ane_min_refs=128 concurrent=1 ane_pipeline=1 output_queue=4 async_ane=76 gpu_overlap=167 finishes=76 waits=152
ds4: Flash-MoE overlap plan layer=6 exec_groups=243 planned_ane_groups=76 planned_ane_refs=34833 planned_gpu_groups=167 planned_gpu_refs=15705 tail_gpu_groups=0 tail_gpu_refs=0 planned_ssd_groups=243 est_gpu=26393.0 est_ane=12599.6 est_idle=52.26% wall=264.431 ms actual_ane_groups=76 actual_ane_refs=34833 actual_gpu_groups=0 actual_gpu_refs=0 finishes=76 waits=152 overlap_gpu_groups=167
ds4: Flash-MoE prefill layer=7 tokens=8423 unique=246 refs=50538 sync=7.244 ms plan=0.342 ms stage/compute=281.798 ms misses=246
ds4: Flash-MoE hybrid prefill layer=7 ane_groups=70 ane_refs=34132 gpu_i8_groups=0 gpu_i8_refs=0 fp32_groups=0 ane_min_refs=128 concurrent=1 ane_pipeline=1 output_queue=4 async_ane=70 gpu_overlap=176 finishes=70 waits=140
ds4: Flash-MoE overlap plan layer=7 exec_groups=246 planned_ane_groups=70 planned_ane_refs=34132 planned_gpu_groups=176 planned_gpu_refs=16406 tail_gpu_groups=0 tail_gpu_refs=0 planned_ssd_groups=246 est_gpu=27670.0 est_ane=11629.3 est_idle=57.97% wall=280.287 ms actual_ane_groups=70 actual_ane_refs=34132 actual_gpu_groups=0 actual_gpu_refs=0 finishes=70 waits=140 overlap_gpu_groups=176
ds4: Flash-MoE prefill layer=8 tokens=8423 unique=245 refs=50538 sync=7.385 ms plan=0.333 ms stage/compute=275.999 ms misses=245
ds4: Flash-MoE hybrid prefill layer=8 ane_groups=70 ane_refs=34353 gpu_i8_groups=0 gpu_i8_refs=0 fp32_groups=0 ane_min_refs=128 concurrent=1 ane_pipeline=1 output_queue=4 async_ane=70 gpu_overlap=175 finishes=70 waits=140
ds4: Flash-MoE overlap plan layer=8 exec_groups=245 planned_ane_groups=70 planned_ane_refs=34353 planned_gpu_groups=175 planned_gpu_refs=16185 tail_gpu_groups=0 tail_gpu_refs=0 planned_ssd_groups=245 est_gpu=27385.0 est_ane=11631.8 est_idle=57.52% wall=274.599 ms actual_ane_groups=70 actual_ane_refs=34353 actual_gpu_groups=0 actual_gpu_refs=0 finishes=70 waits=140 overlap_gpu_groups=175
ds4: Flash-MoE prefill layer=9 tokens=8423 unique=250 refs=50538 sync=7.255 ms plan=0.342 ms stage/compute=274.371 ms misses=250
ds4: Flash-MoE hybrid prefill layer=9 ane_groups=78 ane_refs=32789 gpu_i8_groups=0 gpu_i8_refs=0 fp32_groups=0 ane_min_refs=128 concurrent=1 ane_pipeline=1 output_queue=4 async_ane=78 gpu_overlap=172 finishes=78 waits=156
ds4: Flash-MoE overlap plan layer=9 exec_groups=250 planned_ane_groups=78 planned_ane_refs=32789 planned_gpu_groups=172 planned_gpu_refs=17749 tail_gpu_groups=0 tail_gpu_refs=0 planned_ssd_groups=250 est_gpu=28757.0 est_ane=12904.1 est_idle=55.13% wall=273.075 ms actual_ane_groups=78 actual_ane_refs=32789 actual_gpu_groups=0 actual_gpu_refs=0 finishes=78 waits=156 overlap_gpu_groups=172
ds4: Flash-MoE prefill layer=10 tokens=8423 unique=239 refs=50538 sync=7.274 ms plan=0.337 ms stage/compute=266.050 ms misses=239
ds4: Flash-MoE hybrid prefill layer=10 ane_groups=76 ane_refs=33524 gpu_i8_groups=0 gpu_i8_refs=0 fp32_groups=0 ane_min_refs=128 concurrent=1 ane_pipeline=1 output_queue=4 async_ane=76 gpu_overlap=163 finishes=76 waits=152
ds4: Flash-MoE overlap plan layer=10 exec_groups=239 planned_ane_groups=76 planned_ane_refs=33524 planned_gpu_groups=163 planned_gpu_refs=17014 tail_gpu_groups=0 tail_gpu_refs=0 planned_ssd_groups=239 est_gpu=27446.0 est_ane=12586.7 est_idle=54.14% wall=264.757 ms actual_ane_groups=76 actual_ane_refs=33524 actual_gpu_groups=0 actual_gpu_refs=0 finishes=76 waits=152 overlap_gpu_groups=163
ds4: Flash-MoE prefill layer=11 tokens=8423 unique=248 refs=50538 sync=7.224 ms plan=0.369 ms stage/compute=268.958 ms misses=248
ds4: Flash-MoE hybrid prefill layer=11 ane_groups=82 ane_refs=33923 gpu_i8_groups=0 gpu_i8_refs=0 fp32_groups=0 ane_min_refs=128 concurrent=1 ane_pipeline=1 output_queue=4 async_ane=82 gpu_overlap=166 finishes=82 waits=164
ds4: Flash-MoE overlap plan layer=11 exec_groups=248 planned_ane_groups=82 planned_ane_refs=33923 planned_gpu_groups=166 planned_gpu_refs=16615 tail_gpu_groups=0 tail_gpu_refs=0 planned_ssd_groups=248 est_gpu=27239.0 est_ane=13551.8 est_idle=50.25% wall=267.652 ms actual_ane_groups=82 actual_ane_refs=33923 actual_gpu_groups=0 actual_gpu_refs=0 finishes=82 waits=164 overlap_gpu_groups=166
ds4: Flash-MoE prefill layer=12 tokens=8423 unique=235 refs=50538 sync=7.830 ms plan=0.368 ms stage/compute=258.093 ms misses=235
ds4: Flash-MoE hybrid prefill layer=12 ane_groups=70 ane_refs=35442 gpu_i8_groups=0 gpu_i8_refs=0 fp32_groups=0 ane_min_refs=128 concurrent=1 ane_pipeline=1 output_queue=4 async_ane=70 gpu_overlap=165 finishes=70 waits=140
ds4: Flash-MoE overlap plan layer=12 exec_groups=235 planned_ane_groups=70 planned_ane_refs=35442 planned_gpu_groups=165 planned_gpu_refs=15096 tail_gpu_groups=0 tail_gpu_refs=0 planned_ssd_groups=235 est_gpu=25656.0 est_ane=11642.2 est_idle=54.62% wall=256.794 ms actual_ane_groups=70 actual_ane_refs=35442 actual_gpu_groups=0 actual_gpu_refs=0 finishes=70 waits=140 overlap_gpu_groups=165
ds4: Flash-MoE prefill layer=13 tokens=8423 unique=232 refs=50538 sync=7.269 ms plan=0.349 ms stage/compute=267.772 ms misses=232
ds4: Flash-MoE hybrid prefill layer=13 ane_groups=65 ane_refs=36206 gpu_i8_groups=0 gpu_i8_refs=0 fp32_groups=0 ane_min_refs=128 concurrent=1 ane_pipeline=1 output_queue=4 async_ane=65 gpu_overlap=167 finishes=65 waits=130
ds4: Flash-MoE overlap plan layer=13 exec_groups=232 planned_ane_groups=65 planned_ane_refs=36206 planned_gpu_groups=167 planned_gpu_refs=14332 tail_gpu_groups=0 tail_gpu_refs=0 planned_ssd_groups=232 est_gpu=25020.0 est_ane=10847.4 est_idle=56.65% wall=266.468 ms actual_ane_groups=65 actual_ane_refs=36206 actual_gpu_groups=0 actual_gpu_refs=0 finishes=65 waits=130 overlap_gpu_groups=167
ds4: Flash-MoE prefill layer=14 tokens=8423 unique=232 refs=50538 sync=7.508 ms plan=0.344 ms stage/compute=263.672 ms misses=232
ds4: Flash-MoE hybrid prefill layer=14 ane_groups=61 ane_refs=36875 gpu_i8_groups=0 gpu_i8_refs=0 fp32_groups=0 ane_min_refs=128 concurrent=1 ane_pipeline=1 output_queue=4 async_ane=61 gpu_overlap=171 finishes=61 waits=122
ds4: Flash-MoE overlap plan layer=14 exec_groups=232 planned_ane_groups=61 planned_ane_refs=36875 planned_gpu_groups=171 planned_gpu_refs=13663 tail_gpu_groups=0 tail_gpu_refs=0 planned_ssd_groups=232 est_gpu=24607.0 est_ane=10194.4 est_idle=58.57% wall=262.401 ms actual_ane_groups=61 actual_ane_refs=36875 actual_gpu_groups=0 actual_gpu_refs=0 finishes=61 waits=122 overlap_gpu_groups=171
ds4: Flash-MoE prefill layer=15 tokens=8423 unique=223 refs=50538 sync=7.235 ms plan=0.400 ms stage/compute=266.621 ms misses=223
ds4: Flash-MoE hybrid prefill layer=15 ane_groups=54 ane_refs=37808 gpu_i8_groups=0 gpu_i8_refs=0 fp32_groups=0 ane_min_refs=128 concurrent=1 ane_pipeline=1 output_queue=4 async_ane=54 gpu_overlap=169 finishes=54 waits=108
ds4: Flash-MoE overlap plan layer=15 exec_groups=223 planned_ane_groups=54 planned_ane_refs=37808 planned_gpu_groups=169 planned_gpu_refs=12730 tail_gpu_groups=0 tail_gpu_refs=0 planned_ssd_groups=223 est_gpu=23546.0 est_ane=9089.9 est_idle=61.39% wall=265.261 ms actual_ane_groups=54 actual_ane_refs=37808 actual_gpu_groups=0 actual_gpu_refs=0 finishes=54 waits=108 overlap_gpu_groups=169
ds4: Flash-MoE prefill layer=16 tokens=8423 unique=213 refs=50538 sync=7.220 ms plan=0.385 ms stage/compute=258.460 ms misses=213
ds4: Flash-MoE hybrid prefill layer=16 ane_groups=60 ane_refs=37714 gpu_i8_groups=0 gpu_i8_refs=0 fp32_groups=0 ane_min_refs=128 concurrent=1 ane_pipeline=1 output_queue=4 async_ane=60 gpu_overlap=153 finishes=60 waits=120
ds4: Flash-MoE overlap plan layer=16 exec_groups=213 planned_ane_groups=60 planned_ane_refs=37714 planned_gpu_groups=153 planned_gpu_refs=12824 tail_gpu_groups=0 tail_gpu_refs=0 planned_ssd_groups=213 est_gpu=22616.0 est_ane=10042.2 est_idle=55.60% wall=256.916 ms actual_ane_groups=60 actual_ane_refs=37714 actual_gpu_groups=0 actual_gpu_refs=0 finishes=60 waits=120 overlap_gpu_groups=153
ds4: Flash-MoE prefill layer=17 tokens=8423 unique=215 refs=50538 sync=7.210 ms plan=0.336 ms stage/compute=278.448 ms misses=215
ds4: Flash-MoE hybrid prefill layer=17 ane_groups=59 ane_refs=36970 gpu_i8_groups=0 gpu_i8_refs=0 fp32_groups=0 ane_min_refs=128 concurrent=1 ane_pipeline=1 output_queue=4 async_ane=59 gpu_overlap=156 finishes=59 waits=118
ds4: Flash-MoE overlap plan layer=17 exec_groups=215 planned_ane_groups=59 planned_ane_refs=36970 planned_gpu_groups=156 planned_gpu_refs=13568 tail_gpu_groups=0 tail_gpu_refs=0 planned_ssd_groups=215 est_gpu=23552.0 est_ane=9887.4 est_idle=58.02% wall=277.043 ms actual_ane_groups=59 actual_ane_refs=36970 actual_gpu_groups=0 actual_gpu_refs=0 finishes=59 waits=118 overlap_gpu_groups=156
ds4: Flash-MoE prefill layer=18 tokens=8423 unique=220 refs=50538 sync=7.587 ms plan=0.377 ms stage/compute=266.034 ms misses=220
ds4: Flash-MoE hybrid prefill layer=18 ane_groups=60 ane_refs=36973 gpu_i8_groups=0 gpu_i8_refs=0 fp32_groups=0 ane_min_refs=128 concurrent=1 ane_pipeline=1 output_queue=4 async_ane=60 gpu_overlap=160 finishes=60 waits=120
ds4: Flash-MoE overlap plan layer=18 exec_groups=220 planned_ane_groups=60 planned_ane_refs=36973 planned_gpu_groups=160 planned_gpu_refs=13565 tail_gpu_groups=0 tail_gpu_refs=0 planned_ssd_groups=220 est_gpu=23805.0 est_ane=10039.6 est_idle=57.83% wall=264.734 ms actual_ane_groups=60 actual_ane_refs=36973 actual_gpu_groups=0 actual_gpu_refs=0 finishes=60 waits=120 overlap_gpu_groups=160
ds4: Flash-MoE prefill layer=19 tokens=8423 unique=243 refs=50538 sync=7.231 ms plan=0.366 ms stage/compute=253.388 ms misses=243
ds4: Flash-MoE hybrid prefill layer=19 ane_groups=89 ane_refs=32959 gpu_i8_groups=0 gpu_i8_refs=0 fp32_groups=0 ane_min_refs=128 concurrent=1 ane_pipeline=1 output_queue=4 async_ane=89 gpu_overlap=154 finishes=89 waits=178
ds4: Flash-MoE overlap plan layer=19 exec_groups=243 planned_ane_groups=89 planned_ane_refs=32959 planned_gpu_groups=154 planned_gpu_refs=17579 tail_gpu_groups=0 tail_gpu_refs=0 planned_ssd_groups=243 est_gpu=27435.0 est_ane=14671.8 est_idle=46.52% wall=251.919 ms actual_ane_groups=89 actual_ane_refs=32959 actual_gpu_groups=0 actual_gpu_refs=0 finishes=89 waits=178 overlap_gpu_groups=154
ds4: Flash-MoE prefill layer=20 tokens=8423 unique=221 refs=50538 sync=7.239 ms plan=0.404 ms stage/compute=285.387 ms misses=221
ds4: Flash-MoE hybrid prefill layer=20 ane_groups=58 ane_refs=36646 gpu_i8_groups=0 gpu_i8_refs=0 fp32_groups=0 ane_min_refs=128 concurrent=1 ane_pipeline=1 output_queue=4 async_ane=58 gpu_overlap=163 finishes=58 waits=116
ds4: Flash-MoE overlap plan layer=20 exec_groups=221 planned_ane_groups=58 planned_ane_refs=36646 planned_gpu_groups=163 planned_gpu_refs=13892 tail_gpu_groups=0 tail_gpu_refs=0 planned_ssd_groups=221 est_gpu=24324.0 est_ane=9717.0 est_idle=60.05% wall=284.078 ms actual_ane_groups=58 actual_ane_refs=36646 actual_gpu_groups=0 actual_gpu_refs=0 finishes=58 waits=116 overlap_gpu_groups=163
ds4: Flash-MoE prefill layer=21 tokens=8423 unique=226 refs=50538 sync=7.252 ms plan=0.307 ms stage/compute=258.784 ms misses=226
ds4: Flash-MoE hybrid prefill layer=21 ane_groups=66 ane_refs=35616 gpu_i8_groups=0 gpu_i8_refs=0 fp32_groups=0 ane_min_refs=128 concurrent=1 ane_pipeline=1 output_queue=4 async_ane=66 gpu_overlap=160 finishes=66 waits=132
ds4: Flash-MoE overlap plan layer=21 exec_groups=226 planned_ane_groups=66 planned_ane_refs=35616 planned_gpu_groups=160 planned_gpu_refs=14922 tail_gpu_groups=0 tail_gpu_refs=0 planned_ssd_groups=226 est_gpu=25162.0 est_ane=10994.4 est_idle=56.31% wall=257.447 ms actual_ane_groups=66 actual_ane_refs=35616 actual_gpu_groups=0 actual_gpu_refs=0 finishes=66 waits=132 overlap_gpu_groups=160
ds4: Flash-MoE prefill layer=22 tokens=8423 unique=229 refs=50538 sync=7.280 ms plan=0.358 ms stage/compute=272.956 ms misses=229
ds4: Flash-MoE hybrid prefill layer=22 ane_groups=64 ane_refs=36311 gpu_i8_groups=0 gpu_i8_refs=0 fp32_groups=0 ane_min_refs=128 concurrent=1 ane_pipeline=1 output_queue=4 async_ane=64 gpu_overlap=165 finishes=64 waits=128
ds4: Flash-MoE overlap plan layer=22 exec_groups=229 planned_ane_groups=64 planned_ane_refs=36311 planned_gpu_groups=165 planned_gpu_refs=14227 tail_gpu_groups=0 tail_gpu_refs=0 planned_ssd_groups=229 est_gpu=24787.0 est_ane=10677.0 est_idle=56.92% wall=271.422 ms actual_ane_groups=64 actual_ane_refs=36311 actual_gpu_groups=0 actual_gpu_refs=0 finishes=64 waits=128 overlap_gpu_groups=165
ds4: Flash-MoE prefill layer=23 tokens=8423 unique=237 refs=50538 sync=7.268 ms plan=0.326 ms stage/compute=256.029 ms misses=237
ds4: Flash-MoE hybrid prefill layer=23 ane_groups=80 ane_refs=34576 gpu_i8_groups=0 gpu_i8_refs=0 fp32_groups=0 ane_min_refs=128 concurrent=1 ane_pipeline=1 output_queue=4 async_ane=80 gpu_overlap=157 finishes=80 waits=160
ds4: Flash-MoE overlap plan layer=23 exec_groups=237 planned_ane_groups=80 planned_ane_refs=34576 planned_gpu_groups=157 planned_gpu_refs=15962 tail_gpu_groups=0 tail_gpu_refs=0 planned_ssd_groups=237 est_gpu=26010.0 est_ane=13242.2 est_idle=49.09% wall=254.699 ms actual_ane_groups=80 actual_ane_refs=34576 actual_gpu_groups=0 actual_gpu_refs=0 finishes=80 waits=160 overlap_gpu_groups=157
ds4: Flash-MoE prefill layer=24 tokens=8423 unique=216 refs=50538 sync=7.329 ms plan=0.368 ms stage/compute=254.097 ms misses=216
ds4: Flash-MoE hybrid prefill layer=24 ane_groups=69 ane_refs=36896 gpu_i8_groups=0 gpu_i8_refs=0 fp32_groups=0 ane_min_refs=128 concurrent=1 ane_pipeline=1 output_queue=4 async_ane=69 gpu_overlap=147 finishes=69 waits=138
ds4: Flash-MoE overlap plan layer=24 exec_groups=216 planned_ane_groups=69 planned_ane_refs=36896 planned_gpu_groups=147 planned_gpu_refs=13642 tail_gpu_groups=0 tail_gpu_refs=0 planned_ssd_groups=216 est_gpu=23050.0 est_ane=11500.3 est_idle=50.11% wall=252.797 ms actual_ane_groups=69 actual_ane_refs=36896 actual_gpu_groups=0 actual_gpu_refs=0 finishes=69 waits=138 overlap_gpu_groups=147
ds4: Flash-MoE prefill layer=25 tokens=8423 unique=235 refs=50538 sync=7.297 ms plan=0.357 ms stage/compute=253.783 ms misses=235
ds4: Flash-MoE hybrid prefill layer=25 ane_groups=75 ane_refs=35990 gpu_i8_groups=0 gpu_i8_refs=0 fp32_groups=0 ane_min_refs=128 concurrent=1 ane_pipeline=1 output_queue=4 async_ane=75 gpu_overlap=160 finishes=75 waits=150
ds4: Flash-MoE overlap plan layer=25 exec_groups=235 planned_ane_groups=75 planned_ane_refs=35990 planned_gpu_groups=160 planned_gpu_refs=14548 tail_gpu_groups=0 tail_gpu_refs=0 planned_ssd_groups=235 est_gpu=24788.0 est_ane=12460.3 est_idle=49.73% wall=252.249 ms actual_ane_groups=75 actual_ane_refs=35990 actual_gpu_groups=0 actual_gpu_refs=0 finishes=75 waits=150 overlap_gpu_groups=160
ds4: Flash-MoE prefill layer=26 tokens=8423 unique=212 refs=50538 sync=7.327 ms plan=0.349 ms stage/compute=273.735 ms misses=212
ds4: Flash-MoE hybrid prefill layer=26 ane_groups=54 ane_refs=38179 gpu_i8_groups=0 gpu_i8_refs=0 fp32_groups=0 ane_min_refs=128 concurrent=1 ane_pipeline=1 output_queue=4 async_ane=54 gpu_overlap=158 finishes=54 waits=108
ds4: Flash-MoE overlap plan layer=26 exec_groups=212 planned_ane_groups=54 planned_ane_refs=38179 planned_gpu_groups=158 planned_gpu_refs=12359 tail_gpu_groups=0 tail_gpu_refs=0 planned_ssd_groups=212 est_gpu=22471.0 est_ane=9092.5 est_idle=59.54% wall=272.439 ms actual_ane_groups=54 actual_ane_refs=38179 actual_gpu_groups=0 actual_gpu_refs=0 finishes=54 waits=108 overlap_gpu_groups=158
ds4: Flash-MoE prefill layer=27 tokens=8423 unique=229 refs=50538 sync=7.249 ms plan=0.349 ms stage/compute=268.778 ms misses=229
ds4: Flash-MoE hybrid prefill layer=27 ane_groups=65 ane_refs=35846 gpu_i8_groups=0 gpu_i8_refs=0 fp32_groups=0 ane_min_refs=128 concurrent=1 ane_pipeline=1 output_queue=4 async_ane=65 gpu_overlap=164 finishes=65 waits=130
ds4: Flash-MoE overlap plan layer=27 exec_groups=229 planned_ane_groups=65 planned_ane_refs=35846 planned_gpu_groups=164 planned_gpu_refs=14692 tail_gpu_groups=0 tail_gpu_refs=0 planned_ssd_groups=229 est_gpu=25188.0 est_ane=10849.9 est_idle=56.92% wall=267.476 ms actual_ane_groups=65 actual_ane_refs=35846 actual_gpu_groups=0 actual_gpu_refs=0 finishes=65 waits=130 overlap_gpu_groups=164
ds4: Flash-MoE prefill layer=28 tokens=8423 unique=224 refs=50538 sync=7.226 ms plan=0.357 ms stage/compute=257.879 ms misses=224
ds4: Flash-MoE hybrid prefill layer=28 ane_groups=66 ane_refs=36357 gpu_i8_groups=0 gpu_i8_refs=0 fp32_groups=0 ane_min_refs=128 concurrent=1 ane_pipeline=1 output_queue=4 async_ane=66 gpu_overlap=158 finishes=66 waits=132
ds4: Flash-MoE overlap plan layer=28 exec_groups=224 planned_ane_groups=66 planned_ane_refs=36357 planned_gpu_groups=158 planned_gpu_refs=14181 tail_gpu_groups=0 tail_gpu_refs=0 planned_ssd_groups=224 est_gpu=24293.0 est_ane=11007.4 est_idle=54.69% wall=256.554 ms actual_ane_groups=66 actual_ane_refs=36357 actual_gpu_groups=0 actual_gpu_refs=0 finishes=66 waits=132 overlap_gpu_groups=158
ds4: Flash-MoE prefill layer=29 tokens=8423 unique=222 refs=50538 sync=7.234 ms plan=0.373 ms stage/compute=267.058 ms misses=222
ds4: Flash-MoE hybrid prefill layer=29 ane_groups=59 ane_refs=37163 gpu_i8_groups=0 gpu_i8_refs=0 fp32_groups=0 ane_min_refs=128 concurrent=1 ane_pipeline=1 output_queue=4 async_ane=59 gpu_overlap=163 finishes=59 waits=118
ds4: Flash-MoE overlap plan layer=29 exec_groups=222 planned_ane_groups=59 planned_ane_refs=37163 planned_gpu_groups=163 planned_gpu_refs=13375 tail_gpu_groups=0 tail_gpu_refs=0 planned_ssd_groups=222 est_gpu=23807.0 est_ane=9879.6 est_idle=58.50% wall=265.652 ms actual_ane_groups=59 actual_ane_refs=37163 actual_gpu_groups=0 actual_gpu_refs=0 finishes=59 waits=118 overlap_gpu_groups=163
ds4: Flash-MoE prefill layer=30 tokens=8423 unique=225 refs=50538 sync=7.249 ms plan=0.324 ms stage/compute=265.510 ms misses=225
ds4: Flash-MoE hybrid prefill layer=30 ane_groups=66 ane_refs=36380 gpu_i8_groups=0 gpu_i8_refs=0 fp32_groups=0 ane_min_refs=128 concurrent=1 ane_pipeline=1 output_queue=4 async_ane=66 gpu_overlap=159 finishes=66 waits=132
ds4: Flash-MoE overlap plan layer=30 exec_groups=225 planned_ane_groups=66 planned_ane_refs=36380 planned_gpu_groups=159 planned_gpu_refs=14158 tail_gpu_groups=0 tail_gpu_refs=0 planned_ssd_groups=225 est_gpu=24334.0 est_ane=11004.8 est_idle=54.78% wall=264.226 ms actual_ane_groups=66 actual_ane_refs=36380 actual_gpu_groups=0 actual_gpu_refs=0 finishes=66 waits=132 overlap_gpu_groups=159
ds4: Flash-MoE prefill layer=31 tokens=8423 unique=237 refs=50538 sync=7.233 ms plan=0.332 ms stage/compute=262.552 ms misses=237
ds4: Flash-MoE hybrid prefill layer=31 ane_groups=66 ane_refs=36652 gpu_i8_groups=0 gpu_i8_refs=0 fp32_groups=0 ane_min_refs=128 concurrent=1 ane_pipeline=1 output_queue=4 async_ane=66 gpu_overlap=171 finishes=66 waits=132
ds4: Flash-MoE overlap plan layer=31 exec_groups=237 planned_ane_groups=66 planned_ane_refs=36652 planned_gpu_groups=171 planned_gpu_refs=13886 tail_gpu_groups=0 tail_gpu_refs=0 planned_ssd_groups=237 est_gpu=24830.0 est_ane=11009.9 est_idle=55.66% wall=261.188 ms actual_ane_groups=66 actual_ane_refs=36652 actual_gpu_groups=0 actual_gpu_refs=0 finishes=66 waits=132 overlap_gpu_groups=171
ds4: Flash-MoE prefill layer=32 tokens=8423 unique=219 refs=50538 sync=7.228 ms plan=0.368 ms stage/compute=267.520 ms misses=219
ds4: Flash-MoE hybrid prefill layer=32 ane_groups=58 ane_refs=37867 gpu_i8_groups=0 gpu_i8_refs=0 fp32_groups=0 ane_min_refs=128 concurrent=1 ane_pipeline=1 output_queue=4 async_ane=58 gpu_overlap=161 finishes=58 waits=116
ds4: Flash-MoE overlap plan layer=32 exec_groups=219 planned_ane_groups=58 planned_ane_refs=37867 planned_gpu_groups=161 planned_gpu_refs=12671 tail_gpu_groups=0 tail_gpu_refs=0 planned_ssd_groups=219 est_gpu=22975.0 est_ane=9737.7 est_idle=57.62% wall=266.103 ms actual_ane_groups=58 actual_ane_refs=37867 actual_gpu_groups=0 actual_gpu_refs=0 finishes=58 waits=116 overlap_gpu_groups=161
ds4: Flash-MoE prefill layer=33 tokens=8423 unique=222 refs=50538 sync=7.218 ms plan=0.387 ms stage/compute=276.475 ms misses=222
ds4: Flash-MoE hybrid prefill layer=33 ane_groups=53 ane_refs=37501 gpu_i8_groups=0 gpu_i8_refs=0 fp32_groups=0 ane_min_refs=128 concurrent=1 ane_pipeline=1 output_queue=4 async_ane=53 gpu_overlap=169 finishes=53 waits=106
ds4: Flash-MoE overlap plan layer=33 exec_groups=222 planned_ane_groups=53 planned_ane_refs=37501 planned_gpu_groups=169 planned_gpu_refs=13037 tail_gpu_groups=0 tail_gpu_refs=0 planned_ssd_groups=222 est_gpu=23853.0 est_ane=8922.2 est_idle=62.60% wall=275.147 ms actual_ane_groups=53 actual_ane_refs=37501 actual_gpu_groups=0 actual_gpu_refs=0 finishes=53 waits=106 overlap_gpu_groups=169
ds4: Flash-MoE prefill layer=34 tokens=8423 unique=214 refs=50538 sync=7.287 ms plan=0.392 ms stage/compute=293.815 ms misses=214
ds4: Flash-MoE hybrid prefill layer=34 ane_groups=51 ane_refs=38737 gpu_i8_groups=0 gpu_i8_refs=0 fp32_groups=0 ane_min_refs=128 concurrent=1 ane_pipeline=1 output_queue=4 async_ane=51 gpu_overlap=163 finishes=51 waits=102
ds4: Flash-MoE overlap plan layer=34 exec_groups=214 planned_ane_groups=51 planned_ane_refs=38737 planned_gpu_groups=163 planned_gpu_refs=11801 tail_gpu_groups=0 tail_gpu_refs=0 planned_ssd_groups=214 est_gpu=22233.0 est_ane=8615.1 est_idle=61.25% wall=292.569 ms actual_ane_groups=51 actual_ane_refs=38737 actual_gpu_groups=0 actual_gpu_refs=0 finishes=51 waits=102 overlap_gpu_groups=163
ds4: Flash-MoE prefill layer=35 tokens=8423 unique=233 refs=50538 sync=7.249 ms plan=0.491 ms stage/compute=280.859 ms misses=233
ds4: Flash-MoE hybrid prefill layer=35 ane_groups=60 ane_refs=36210 gpu_i8_groups=0 gpu_i8_refs=0 fp32_groups=0 ane_min_refs=128 concurrent=1 ane_pipeline=1 output_queue=4 async_ane=60 gpu_overlap=173 finishes=60 waits=120
ds4: Flash-MoE overlap plan layer=35 exec_groups=233 planned_ane_groups=60 planned_ane_refs=36210 planned_gpu_groups=173 planned_gpu_refs=14328 tail_gpu_groups=0 tail_gpu_refs=0 planned_ssd_groups=233 est_gpu=25400.0 est_ane=10034.4 est_idle=60.49% wall=279.498 ms actual_ane_groups=60 actual_ane_refs=36210 actual_gpu_groups=0 actual_gpu_refs=0 finishes=60 waits=120 overlap_gpu_groups=173
ds4: Flash-MoE prefill layer=36 tokens=8423 unique=210 refs=50538 sync=7.253 ms plan=0.342 ms stage/compute=270.423 ms misses=210
ds4: Flash-MoE hybrid prefill layer=36 ane_groups=52 ane_refs=39005 gpu_i8_groups=0 gpu_i8_refs=0 fp32_groups=0 ane_min_refs=128 concurrent=1 ane_pipeline=1 output_queue=4 async_ane=52 gpu_overlap=158 finishes=52 waits=104
ds4: Flash-MoE overlap plan layer=36 exec_groups=210 planned_ane_groups=52 planned_ane_refs=39005 planned_gpu_groups=158 planned_gpu_refs=11533 tail_gpu_groups=0 tail_gpu_refs=0 planned_ssd_groups=210 est_gpu=21645.0 est_ane=8782.9 est_idle=59.42% wall=269.069 ms actual_ane_groups=52 actual_ane_refs=39005 actual_gpu_groups=0 actual_gpu_refs=0 finishes=52 waits=104 overlap_gpu_groups=158
ds4: Flash-MoE prefill layer=37 tokens=8423 unique=219 refs=50538 sync=7.288 ms plan=0.386 ms stage/compute=287.435 ms misses=219
ds4: Flash-MoE hybrid prefill layer=37 ane_groups=60 ane_refs=37960 gpu_i8_groups=0 gpu_i8_refs=0 fp32_groups=0 ane_min_refs=128 concurrent=1 ane_pipeline=1 output_queue=4 async_ane=60 gpu_overlap=159 finishes=60 waits=120
ds4: Flash-MoE overlap plan layer=37 exec_groups=219 planned_ane_groups=60 planned_ane_refs=37960 planned_gpu_groups=159 planned_gpu_refs=12578 tail_gpu_groups=0 tail_gpu_refs=0 planned_ssd_groups=219 est_gpu=22754.0 est_ane=10060.3 est_idle=55.79% wall=286.159 ms actual_ane_groups=60 actual_ane_refs=37960 actual_gpu_groups=0 actual_gpu_refs=0 finishes=60 waits=120 overlap_gpu_groups=159
ds4: Flash-MoE prefill layer=38 tokens=8423 unique=222 refs=50538 sync=7.302 ms plan=0.392 ms stage/compute=275.867 ms misses=222
ds4: Flash-MoE hybrid prefill layer=38 ane_groups=60 ane_refs=37254 gpu_i8_groups=0 gpu_i8_refs=0 fp32_groups=0 ane_min_refs=128 concurrent=1 ane_pipeline=1 output_queue=4 async_ane=60 gpu_overlap=162 finishes=60 waits=120
ds4: Flash-MoE overlap plan layer=38 exec_groups=222 planned_ane_groups=60 planned_ane_refs=37254 planned_gpu_groups=162 planned_gpu_refs=13284 tail_gpu_groups=0 tail_gpu_refs=0 planned_ssd_groups=222 est_gpu=23652.0 est_ane=10044.8 est_idle=57.53% wall=274.552 ms actual_ane_groups=60 actual_ane_refs=37254 actual_gpu_groups=0 actual_gpu_refs=0 finishes=60 waits=120 overlap_gpu_groups=162
ds4: Flash-MoE prefill layer=39 tokens=8423 unique=242 refs=50538 sync=7.427 ms plan=0.339 ms stage/compute=277.804 ms misses=242
ds4: Flash-MoE hybrid prefill layer=39 ane_groups=65 ane_refs=35415 gpu_i8_groups=0 gpu_i8_refs=0 fp32_groups=0 ane_min_refs=128 concurrent=1 ane_pipeline=1 output_queue=4 async_ane=65 gpu_overlap=177 finishes=65 waits=130
ds4: Flash-MoE overlap plan layer=39 exec_groups=242 planned_ane_groups=65 planned_ane_refs=35415 planned_gpu_groups=177 planned_gpu_refs=15123 tail_gpu_groups=0 tail_gpu_refs=0 planned_ssd_groups=242 est_gpu=26451.0 est_ane=10839.6 est_idle=59.02% wall=276.435 ms actual_ane_groups=65 actual_ane_refs=35415 actual_gpu_groups=0 actual_gpu_refs=0 finishes=65 waits=130 overlap_gpu_groups=177
ds4: Flash-MoE prefill layer=40 tokens=8423 unique=213 refs=50538 sync=7.234 ms plan=0.321 ms stage/compute=303.995 ms misses=213
ds4: Flash-MoE hybrid prefill layer=40 ane_groups=50 ane_refs=37630 gpu_i8_groups=0 gpu_i8_refs=0 fp32_groups=0 ane_min_refs=128 concurrent=1 ane_pipeline=1 output_queue=4 async_ane=50 gpu_overlap=163 finishes=50 waits=100
ds4: Flash-MoE overlap plan layer=40 exec_groups=213 planned_ane_groups=50 planned_ane_refs=37630 planned_gpu_groups=163 planned_gpu_refs=12908 tail_gpu_groups=0 tail_gpu_refs=0 planned_ssd_groups=213 est_gpu=23340.0 est_ane=8447.4 est_idle=63.81% wall=302.697 ms actual_ane_groups=50 actual_ane_refs=37630 actual_gpu_groups=0 actual_gpu_refs=0 finishes=50 waits=100 overlap_gpu_groups=163
ds4: Flash-MoE prefill layer=41 tokens=8423 unique=229 refs=50538 sync=7.240 ms plan=0.332 ms stage/compute=267.691 ms misses=229
ds4: Flash-MoE hybrid prefill layer=41 ane_groups=69 ane_refs=35535 gpu_i8_groups=0 gpu_i8_refs=0 fp32_groups=0 ane_min_refs=128 concurrent=1 ane_pipeline=1 output_queue=4 async_ane=69 gpu_overlap=160 finishes=69 waits=138
ds4: Flash-MoE overlap plan layer=41 exec_groups=229 planned_ane_groups=69 planned_ane_refs=35535 planned_gpu_groups=160 planned_gpu_refs=15003 tail_gpu_groups=0 tail_gpu_refs=0 planned_ssd_groups=229 est_gpu=25243.0 est_ane=11492.5 est_idle=54.47% wall=266.215 ms actual_ane_groups=69 actual_ane_refs=35535 actual_gpu_groups=0 actual_gpu_refs=0 finishes=69 waits=138 overlap_gpu_groups=160
ds4: Flash-MoE prefill layer=42 tokens=8423 unique=226 refs=50538 sync=7.353 ms plan=0.375 ms stage/compute=272.917 ms misses=226
ds4: Flash-MoE hybrid prefill layer=42 ane_groups=72 ane_refs=36050 gpu_i8_groups=0 gpu_i8_refs=0 fp32_groups=0 ane_min_refs=128 concurrent=1 ane_pipeline=1 output_queue=4 async_ane=72 gpu_overlap=154 finishes=72 waits=144
ds4: Flash-MoE overlap plan layer=42 exec_groups=226 planned_ane_groups=72 planned_ane_refs=36050 planned_gpu_groups=154 planned_gpu_refs=14488 tail_gpu_groups=0 tail_gpu_refs=0 planned_ssd_groups=226 est_gpu=24344.0 est_ane=11969.9 est_idle=50.83% wall=271.470 ms actual_ane_groups=72 actual_ane_refs=36050 actual_gpu_groups=0 actual_gpu_refs=0 finishes=72 waits=144 overlap_gpu_groups=154
ds4: metal layer-major prefill total tokens=8423 encode=12381.652 ms execute=9297.942 ms read=0.048 ms total=21679.657 ms
ds4: prefill full: 8423 tokens in 22023.8 ms (382.4 t/s)
We
ds4: ----------------------------------------
ds4: prefill: 382.43 t/s, generation: 1.44 t/s
ds4: Flash-MoE slot-bank stats hits=0 misses=10210 hit-rate=0.0% resident-slots=258/4257 (6.1%, avg=6.0/layer min=6 max=6 of 99) installed=68917.50 MiB
ds4: Flash-MoE decode prefetch calls=43 loads=258 bytes=1741.50 MiB pread=121.169 ms upload=100.607 ms overlap-flushes=43
ds4: Flash-MoE prefill dedup refs=2173134 unique=9952 saved=2163182 (99.5%) reuse=218.36x
ds4: Flash-MoE prefill stage stats calls=9952 bytes=67176.00 MiB pread=2904.093 ms upload=1329.484 ms gate=413.866 ms up=416.350 ms down=499.268 ms scatter=18.857 ms stage_rate=15867.43 MiB/s pread_rate=23131.49 MiB/s upload_rate=50527.87 MiB/s
ds4: Flash-MoE prefill pread issue stats span=21409.612 ms active=13.56% span_rate=3137.66 MiB/s issue_gap=18913.164 ms post_stage_gap=9908.891 ms same_layer_issue=8872.313 ms same_layer_post=3.328 ms cross_layer_issue=10040.851 ms cross_layer_post=9905.563 ms max_issue=334.366 ms max_post=326.747 ms issue_gaps=8829 post_gaps=45 issue_gt1=1384 issue_gt5=277 issue_gt20=76 post_gt1=44 post_gt5=42 post_gt20=42
ds4: Flash-MoE prefill pread bucket le16 calls=2036 refs=12914 bytes=13743.00 MiB pread=572.056 ms issue_gap=474.552 ms post_stage_gap=3.328 ms pread_rate=24023.87 MiB/s
ds4: Flash-MoE prefill pread bucket le32 calls=880 refs=20802 bytes=5940.00 MiB pread=172.813 ms issue_gap=419.090 ms post_stage_gap=0.000 ms pread_rate=34372.41 MiB/s
ds4: Flash-MoE prefill pread bucket le64 calls=1177 refs=55842 bytes=7944.75 MiB pread=249.189 ms issue_gap=613.529 ms post_stage_gap=0.000 ms pread_rate=31882.43 MiB/s
ds4: Flash-MoE prefill pread bucket le128 calls=1498 refs=142508 bytes=10111.50 MiB pread=401.114 ms issue_gap=1941.312 ms post_stage_gap=0.000 ms pread_rate=25208.54 MiB/s
ds4: Flash-MoE prefill pread bucket le256 calls=1910 refs=353049 bytes=12892.50 MiB pread=609.296 ms issue_gap=2895.889 ms post_stage_gap=0.000 ms pread_rate=21159.67 MiB/s
ds4: Flash-MoE prefill pread bucket le512 calls=1423 refs=509182 bytes=9605.25 MiB pread=456.596 ms issue_gap=2109.826 ms post_stage_gap=0.000 ms pread_rate=21036.65 MiB/s
ds4: Flash-MoE prefill pread bucket gt512 calls=1028 refs=1078837 bytes=6939.00 MiB pread=443.029 ms issue_gap=10458.966 ms post_stage_gap=9905.563 ms pread_rate=15662.63 MiB/s
ds4: ANE prefill stats calls=3021 ok=3021 skipped_big_refs=0 compile_attempts=1 compile_failures=0 eval_calls=7343 eval_failures=0 write_failures=0 reopen_failures=0
ds4: ANE prefill timing dequant=24.864 ms input=1.225 ms ane_eval=34402.511 ms ane_eval_a=34402.511 ms ane_eval_b=0.000 ms ane_eval_c=0.000 ms ane_eval_d=0.000 ms ane_wall_est=34402.511 ms writeback=15.274 ms helper_avg=4.685076 ms ane_calls=7343 ane_call_avg=4.685076 ms
ds4: ANE prefill timing2 output_pack=14.346 ms measured_total=34458.220 ms
ds4: ANE prefill timing3 dequant_wait=2096.186 ms post_wait=0.000 ms x_zero=40.697 ms x_copy=132.221 ms out_zero=382.471 ms out_f16_copy=287.680 ms output_convert=14.346 ms output_gpu_encode=14.346 ms output_chunks=3021 output_elems=6257610752 output_convert_rate=436.192 Gelem/s
ds4: ANE prefill timing4 wait_predict=0.000 ms finish_join_ane=3326.558 ms finish_join_post=0.000 ms wait_predict_calls=0 finish_calls=3021
ds4: ANE prefill chunks refs=1527737 padded_refs=1879808 pad_util=81.27% le16=178 le64=460 le128=508 full=4335
ds4: ANE prefill batch_hist B256=7343 refs=1527737 util=81.3%
