ds4: warning: raw KV cap limits Metal prefill chunk (prefill_chunk=2048, raw_kv_rows=2048, raw_window=128, effective_chunk=1920; target raw cap for one chunk is 2304, also requires ctx >= that value)
ds4: context buffers 207.09 MiB (ctx=2048, backend=metal, prefill_chunk=2048, raw_kv_rows=2048, compressed_kv_rows=514)
ds4: Flash-MoE sidecar loaded: /Users/anemll/Models/flash/dsv4-iq2xxs-expert-major (slot-bank=99, expert-record 6.75 MiB)
ds4: Metal device Apple M5 Max, 128.00 GiB RAM
ds4: Flash-MoE using mmap-backed dense/shared weights without full-model Metal residency warmup
ds4: Metal model views created in 0.557 ms, residency requested in 0.001 ms, warmup 0.000 ms (mapped 8393.67 MiB from offset 5.06 MiB)
ds4: Metal mapped mmaped model as 1 overlapping shared buffers
ds4: metal backend initialized for graph diagnostics
ds4: prefill routed-MoE (requested): mul_mm_id (grouped GPU / ALU)  [grouped path]
ds4: prefill quant scales (ANE env first): w_qscale=512 x_qscale=32 mid_qscale=32 w_scale=0.00195312 x_scale=0.03125 mid_scale=0.03125
ds4: prefill ctx-grow: on, block=2048 tokens
ds4: prefill chunk cap: 16384, graph_raw_cap=8704
ds4: Flash-MoE slot banks allocated: layers=43 slots=99 gpu-bank=28734.75 MiB
ds4: prefill compute: routed experts = ANE i8i8 (W8A8) | dense proj = fp16-NAX (half x half)
ds4: prefill I/O: io-split=4 async-pread=on pread-threads=4 readahead=12 bank-prefetch=3 xlayer=auto<=6k-tok topk=49
ds4: decode  I/O: io-split=4 temporal-prefetch=on slots=99
ds4: Flash-MoE banked kernels using M5 simdgroup_matrix fast path (prefetch=3, banks=4)
ds4: WARNING: prefill chunk 2048 clamped to 1920 by raw-KV cap (raw_cap=2048, window=128). Set DS4_METAL_GRAPH_RAW_CAP >= 2176 (window + chunk) — or unset it to auto-size — to honor the chunk.
ds4: prefill chunk cap EFFECTIVE=1920 tokens (DS4_METAL_PREFILL_CHUNK=16384), CLAMPED by raw-KV-cap (ctx-grow) (resident-NAX tiles this by scratch_cap; that tile gates the sync bridge)
ds4: ANE i8w-i8x-tiled-fused cached async prefill B=256 H=4096 I=2048 w_scale=0.00195312 x_scale=0.03125 mid_scale=0.03125
ds4: Flash-MoE prefill layer=0 tokens=149 unique=238 refs=894 sync=38.505 ms plan=1.243 ms stage/compute=101.111 ms misses=238
ds4: Flash-MoE hybrid prefill layer=0 ane_groups=0 ane_refs=0 gpu_i8_groups=0 gpu_i8_refs=0 fp32_groups=0 ane_min_refs=64 concurrent=1 ane_pipeline=1 output_queue=4 async_ane=0 gpu_overlap=0 finishes=0 waits=0
ds4: Flash-MoE overlap plan layer=0 exec_groups=238 planned_ane_groups=0 planned_ane_refs=0 planned_gpu_groups=238 planned_gpu_refs=894 tail_gpu_groups=0 tail_gpu_refs=0 planned_ssd_groups=238 est_gpu=16126.0 est_ane=0.0 est_idle=100.00% wall=100.607 ms actual_ane_groups=0 actual_ane_refs=0 actual_gpu_groups=0 actual_gpu_refs=0 finishes=0 waits=0 overlap_gpu_groups=0
ds4: Flash-MoE prefill layer=1 tokens=149 unique=227 refs=894 sync=13.289 ms plan=0.383 ms stage/compute=92.737 ms misses=227
ds4: Flash-MoE hybrid prefill layer=1 ane_groups=0 ane_refs=0 gpu_i8_groups=0 gpu_i8_refs=0 fp32_groups=0 ane_min_refs=64 concurrent=1 ane_pipeline=1 output_queue=4 async_ane=0 gpu_overlap=0 finishes=0 waits=0
ds4: Flash-MoE overlap plan layer=1 exec_groups=227 planned_ane_groups=0 planned_ane_refs=0 planned_gpu_groups=227 planned_gpu_refs=894 tail_gpu_groups=0 tail_gpu_refs=0 planned_ssd_groups=227 est_gpu=15422.0 est_ane=0.0 est_idle=100.00% wall=92.489 ms actual_ane_groups=0 actual_ane_refs=0 actual_gpu_groups=0 actual_gpu_refs=0 finishes=0 waits=0 overlap_gpu_groups=0
ds4: Flash-MoE async pread canceled queued=0 reading=1 ready=3 finished=1
ds4: Flash-MoE prefill layer=2 tokens=149 unique=226 refs=894 sync=14.180 ms plan=0.428 ms stage/compute=97.867 ms misses=226
ds4: Flash-MoE hybrid prefill layer=2 ane_groups=0 ane_refs=0 gpu_i8_groups=0 gpu_i8_refs=0 fp32_groups=0 ane_min_refs=64 concurrent=1 ane_pipeline=1 output_queue=4 async_ane=0 gpu_overlap=0 finishes=0 waits=0
ds4: Flash-MoE overlap plan layer=2 exec_groups=226 planned_ane_groups=0 planned_ane_refs=0 planned_gpu_groups=226 planned_gpu_refs=894 tail_gpu_groups=0 tail_gpu_refs=0 planned_ssd_groups=226 est_gpu=15358.0 est_ane=0.0 est_idle=100.00% wall=97.629 ms actual_ane_groups=0 actual_ane_refs=0 actual_gpu_groups=0 actual_gpu_refs=0 finishes=0 waits=0 overlap_gpu_groups=0
ds4: Flash-MoE async pread canceled queued=0 reading=1 ready=7 finished=1
ds4: Flash-MoE prefill layer=3 tokens=149 unique=141 refs=894 sync=11.752 ms plan=0.350 ms stage/compute=74.380 ms misses=141
ds4: Flash-MoE hybrid prefill layer=3 ane_groups=0 ane_refs=0 gpu_i8_groups=0 gpu_i8_refs=0 fp32_groups=0 ane_min_refs=64 concurrent=1 ane_pipeline=1 output_queue=4 async_ane=0 gpu_overlap=0 finishes=0 waits=0
ds4: Flash-MoE overlap plan layer=3 exec_groups=141 planned_ane_groups=0 planned_ane_refs=0 planned_gpu_groups=141 planned_gpu_refs=894 tail_gpu_groups=0 tail_gpu_refs=0 planned_ssd_groups=141 est_gpu=9918.0 est_ane=0.0 est_idle=100.00% wall=74.188 ms actual_ane_groups=0 actual_ane_refs=0 actual_gpu_groups=0 actual_gpu_refs=0 finishes=0 waits=0 overlap_gpu_groups=0
ds4: Flash-MoE async pread canceled queued=4 reading=2 ready=27 finished=2
ds4: Flash-MoE prefill layer=4 tokens=149 unique=124 refs=894 sync=13.535 ms plan=0.305 ms stage/compute=58.235 ms misses=124
ds4: Flash-MoE hybrid prefill layer=4 ane_groups=0 ane_refs=0 gpu_i8_groups=0 gpu_i8_refs=0 fp32_groups=0 ane_min_refs=64 concurrent=1 ane_pipeline=1 output_queue=4 async_ane=0 gpu_overlap=0 finishes=0 waits=0
ds4: Flash-MoE overlap plan layer=4 exec_groups=124 planned_ane_groups=0 planned_ane_refs=0 planned_gpu_groups=124 planned_gpu_refs=894 tail_gpu_groups=0 tail_gpu_refs=0 planned_ssd_groups=124 est_gpu=8830.0 est_ane=0.0 est_idle=100.00% wall=58.075 ms actual_ane_groups=0 actual_ane_refs=0 actual_gpu_groups=0 actual_gpu_refs=0 finishes=0 waits=0 overlap_gpu_groups=0
ds4: Flash-MoE async pread canceled queued=4 reading=2 ready=57 finished=2
ds4: Flash-MoE prefill layer=5 tokens=149 unique=135 refs=894 sync=7.662 ms plan=0.332 ms stage/compute=60.313 ms misses=135
ds4: Flash-MoE hybrid prefill layer=5 ane_groups=0 ane_refs=0 gpu_i8_groups=0 gpu_i8_refs=0 fp32_groups=0 ane_min_refs=64 concurrent=1 ane_pipeline=1 output_queue=4 async_ane=0 gpu_overlap=0 finishes=0 waits=0
ds4: Flash-MoE overlap plan layer=5 exec_groups=135 planned_ane_groups=0 planned_ane_refs=0 planned_gpu_groups=135 planned_gpu_refs=894 tail_gpu_groups=0 tail_gpu_refs=0 planned_ssd_groups=135 est_gpu=9534.0 est_ane=0.0 est_idle=100.00% wall=60.144 ms actual_ane_groups=0 actual_ane_refs=0 actual_gpu_groups=0 actual_gpu_refs=0 finishes=0 waits=0 overlap_gpu_groups=0
ds4: Flash-MoE async pread canceled queued=8 reading=3 ready=76 finished=3
ds4: Flash-MoE prefill layer=6 tokens=149 unique=118 refs=894 sync=9.083 ms plan=0.412 ms stage/compute=52.360 ms misses=118
ds4: Flash-MoE hybrid prefill layer=6 ane_groups=1 ane_refs=85 gpu_i8_groups=0 gpu_i8_refs=0 fp32_groups=0 ane_min_refs=64 concurrent=1 ane_pipeline=1 output_queue=4 async_ane=1 gpu_overlap=117 finishes=1 waits=2
ds4: Flash-MoE overlap plan layer=6 exec_groups=118 planned_ane_groups=1 planned_ane_refs=85 planned_gpu_groups=117 planned_gpu_refs=809 tail_gpu_groups=0 tail_gpu_refs=0 planned_ssd_groups=118 est_gpu=8297.0 est_ane=162.6 est_idle=98.04% wall=52.196 ms actual_ane_groups=1 actual_ane_refs=85 actual_gpu_groups=0 actual_gpu_refs=0 finishes=1 waits=2 overlap_gpu_groups=117
ds4: Flash-MoE async pread canceled queued=9 reading=4 ready=101 finished=4
ds4: Flash-MoE prefill layer=7 tokens=149 unique=114 refs=894 sync=7.135 ms plan=0.277 ms stage/compute=50.502 ms misses=114
ds4: Flash-MoE hybrid prefill layer=7 ane_groups=1 ane_refs=101 gpu_i8_groups=0 gpu_i8_refs=0 fp32_groups=0 ane_min_refs=64 concurrent=1 ane_pipeline=1 output_queue=4 async_ane=1 gpu_overlap=113 finishes=1 waits=2
ds4: Flash-MoE overlap plan layer=7 exec_groups=114 planned_ane_groups=1 planned_ane_refs=101 planned_gpu_groups=113 planned_gpu_refs=793 tail_gpu_groups=0 tail_gpu_refs=0 planned_ssd_groups=114 est_gpu=8025.0 est_ane=162.6 est_idle=97.97% wall=50.363 ms actual_ane_groups=1 actual_ane_refs=101 actual_gpu_groups=0 actual_gpu_refs=0 finishes=1 waits=2 overlap_gpu_groups=113
ds4: Flash-MoE async pread canceled queued=15 reading=6 ready=118 finished=6
ds4: Flash-MoE prefill layer=8 tokens=149 unique=118 refs=894 sync=8.587 ms plan=0.256 ms stage/compute=50.956 ms misses=118
ds4: Flash-MoE hybrid prefill layer=8 ane_groups=0 ane_refs=0 gpu_i8_groups=0 gpu_i8_refs=0 fp32_groups=0 ane_min_refs=64 concurrent=1 ane_pipeline=1 output_queue=4 async_ane=0 gpu_overlap=0 finishes=0 waits=0
ds4: Flash-MoE overlap plan layer=8 exec_groups=118 planned_ane_groups=0 planned_ane_refs=0 planned_gpu_groups=118 planned_gpu_refs=894 tail_gpu_groups=0 tail_gpu_refs=0 planned_ssd_groups=118 est_gpu=8446.0 est_ane=0.0 est_idle=100.00% wall=50.802 ms actual_ane_groups=0 actual_ane_refs=0 actual_gpu_groups=0 actual_gpu_refs=0 finishes=0 waits=0 overlap_gpu_groups=0
ds4: Flash-MoE async pread canceled queued=17 reading=7 ready=144 finished=7
ds4: Flash-MoE prefill layer=9 tokens=149 unique=141 refs=894 sync=6.567 ms plan=0.325 ms stage/compute=60.240 ms misses=141
ds4: Flash-MoE hybrid prefill layer=9 ane_groups=1 ane_refs=79 gpu_i8_groups=0 gpu_i8_refs=0 fp32_groups=0 ane_min_refs=64 concurrent=1 ane_pipeline=1 output_queue=4 async_ane=1 gpu_overlap=140 finishes=1 waits=2
ds4: Flash-MoE overlap plan layer=9 exec_groups=141 planned_ane_groups=1 planned_ane_refs=79 planned_gpu_groups=140 planned_gpu_refs=815 tail_gpu_groups=0 tail_gpu_refs=0 planned_ssd_groups=141 est_gpu=9775.0 est_ane=162.6 est_idle=98.34% wall=60.020 ms actual_ane_groups=1 actual_ane_refs=79 actual_gpu_groups=0 actual_gpu_refs=0 finishes=1 waits=2 overlap_gpu_groups=140
ds4: Flash-MoE async pread canceled queued=22 reading=8 ready=159 finished=8
ds4: Flash-MoE prefill layer=10 tokens=149 unique=143 refs=894 sync=8.349 ms plan=0.284 ms stage/compute=59.134 ms misses=143
ds4: Flash-MoE hybrid prefill layer=10 ane_groups=1 ane_refs=64 gpu_i8_groups=0 gpu_i8_refs=0 fp32_groups=0 ane_min_refs=64 concurrent=1 ane_pipeline=1 output_queue=4 async_ane=1 gpu_overlap=142 finishes=1 waits=2
ds4: Flash-MoE overlap plan layer=10 exec_groups=143 planned_ane_groups=1 planned_ane_refs=64 planned_gpu_groups=142 planned_gpu_refs=830 tail_gpu_groups=0 tail_gpu_refs=0 planned_ssd_groups=143 est_gpu=9918.0 est_ane=162.6 est_idle=98.36% wall=58.919 ms actual_ane_groups=1 actual_ane_refs=64 actual_gpu_groups=0 actual_gpu_refs=0 finishes=1 waits=2 overlap_gpu_groups=142
ds4: Flash-MoE async pread canceled queued=23 reading=9 ready=172 finished=9
ds4: Flash-MoE prefill layer=11 tokens=149 unique=130 refs=894 sync=6.808 ms plan=0.293 ms stage/compute=58.230 ms misses=130
ds4: Flash-MoE hybrid prefill layer=11 ane_groups=0 ane_refs=0 gpu_i8_groups=0 gpu_i8_refs=0 fp32_groups=0 ane_min_refs=64 concurrent=1 ane_pipeline=1 output_queue=4 async_ane=0 gpu_overlap=0 finishes=0 waits=0
ds4: Flash-MoE overlap plan layer=11 exec_groups=130 planned_ane_groups=0 planned_ane_refs=0 planned_gpu_groups=130 planned_gpu_refs=894 tail_gpu_groups=0 tail_gpu_refs=0 planned_ssd_groups=130 est_gpu=9214.0 est_ane=0.0 est_idle=100.00% wall=58.075 ms actual_ane_groups=0 actual_ane_refs=0 actual_gpu_groups=0 actual_gpu_refs=0 finishes=0 waits=0 overlap_gpu_groups=0
ds4: Flash-MoE async pread canceled queued=32 reading=9 ready=183 finished=9
ds4: Flash-MoE prefill layer=12 tokens=149 unique=115 refs=894 sync=9.681 ms plan=0.280 ms stage/compute=54.103 ms misses=115
ds4: Flash-MoE hybrid prefill layer=12 ane_groups=0 ane_refs=0 gpu_i8_groups=0 gpu_i8_refs=0 fp32_groups=0 ane_min_refs=64 concurrent=1 ane_pipeline=1 output_queue=4 async_ane=0 gpu_overlap=0 finishes=0 waits=0
ds4: Flash-MoE overlap plan layer=12 exec_groups=115 planned_ane_groups=0 planned_ane_refs=0 planned_gpu_groups=115 planned_gpu_refs=894 tail_gpu_groups=0 tail_gpu_refs=0 planned_ssd_groups=115 est_gpu=8254.0 est_ane=0.0 est_idle=100.00% wall=53.950 ms actual_ane_groups=0 actual_ane_refs=0 actual_gpu_groups=0 actual_gpu_refs=0 finishes=0 waits=0 overlap_gpu_groups=0
ds4: Flash-MoE async pread canceled queued=36 reading=10 ready=205 finished=10
ds4: Flash-MoE prefill layer=13 tokens=149 unique=114 refs=894 sync=8.425 ms plan=0.265 ms stage/compute=57.724 ms misses=114
ds4: Flash-MoE hybrid prefill layer=13 ane_groups=0 ane_refs=0 gpu_i8_groups=0 gpu_i8_refs=0 fp32_groups=0 ane_min_refs=64 concurrent=1 ane_pipeline=1 output_queue=4 async_ane=0 gpu_overlap=0 finishes=0 waits=0
ds4: Flash-MoE overlap plan layer=13 exec_groups=114 planned_ane_groups=0 planned_ane_refs=0 planned_gpu_groups=114 planned_gpu_refs=894 tail_gpu_groups=0 tail_gpu_refs=0 planned_ssd_groups=114 est_gpu=8190.0 est_ane=0.0 est_idle=100.00% wall=57.586 ms actual_ane_groups=0 actual_ane_refs=0 actual_gpu_groups=0 actual_gpu_refs=0 finishes=0 waits=0 overlap_gpu_groups=0
ds4: Flash-MoE async pread canceled queued=40 reading=11 ready=223 finished=11
ds4: Flash-MoE prefill layer=14 tokens=149 unique=117 refs=894 sync=12.732 ms plan=0.321 ms stage/compute=59.459 ms misses=117
ds4: Flash-MoE hybrid prefill layer=14 ane_groups=1 ane_refs=71 gpu_i8_groups=0 gpu_i8_refs=0 fp32_groups=0 ane_min_refs=64 concurrent=1 ane_pipeline=1 output_queue=4 async_ane=1 gpu_overlap=116 finishes=1 waits=2
ds4: Flash-MoE overlap plan layer=14 exec_groups=117 planned_ane_groups=1 planned_ane_refs=71 planned_gpu_groups=116 planned_gpu_refs=823 tail_gpu_groups=0 tail_gpu_refs=0 planned_ssd_groups=117 est_gpu=8247.0 est_ane=162.6 est_idle=98.03% wall=59.319 ms actual_ane_groups=1 actual_ane_refs=71 actual_gpu_groups=0 actual_gpu_refs=0 finishes=1 waits=2 overlap_gpu_groups=116
ds4: Flash-MoE async pread canceled queued=40 reading=11 ready=253 finished=11
ds4: Flash-MoE prefill layer=15 tokens=149 unique=104 refs=894 sync=9.174 ms plan=0.325 ms stage/compute=47.831 ms misses=104
ds4: Flash-MoE hybrid prefill layer=15 ane_groups=1 ane_refs=100 gpu_i8_groups=0 gpu_i8_refs=0 fp32_groups=0 ane_min_refs=64 concurrent=1 ane_pipeline=1 output_queue=4 async_ane=1 gpu_overlap=103 finishes=1 waits=2
ds4: Flash-MoE overlap plan layer=15 exec_groups=104 planned_ane_groups=1 planned_ane_refs=100 planned_gpu_groups=103 planned_gpu_refs=794 tail_gpu_groups=0 tail_gpu_refs=0 planned_ssd_groups=104 est_gpu=7386.0 est_ane=162.6 est_idle=97.80% wall=47.680 ms actual_ane_groups=1 actual_ane_refs=100 actual_gpu_groups=0 actual_gpu_refs=0 finishes=1 waits=2 overlap_gpu_groups=103
ds4: Flash-MoE async pread canceled queued=43 reading=12 ready=275 finished=12
ds4: Flash-MoE prefill layer=16 tokens=149 unique=111 refs=894 sync=8.450 ms plan=0.313 ms stage/compute=45.261 ms misses=111
ds4: Flash-MoE hybrid prefill layer=16 ane_groups=1 ane_refs=76 gpu_i8_groups=0 gpu_i8_refs=0 fp32_groups=0 ane_min_refs=64 concurrent=1 ane_pipeline=1 output_queue=4 async_ane=1 gpu_overlap=110 finishes=1 waits=2
ds4: Flash-MoE overlap plan layer=16 exec_groups=111 planned_ane_groups=1 planned_ane_refs=76 planned_gpu_groups=110 planned_gpu_refs=818 tail_gpu_groups=0 tail_gpu_refs=0 planned_ssd_groups=111 est_gpu=7858.0 est_ane=162.6 est_idle=97.93% wall=45.127 ms actual_ane_groups=1 actual_ane_refs=76 actual_gpu_groups=0 actual_gpu_refs=0 finishes=1 waits=2 overlap_gpu_groups=110
ds4: Flash-MoE async pread canceled queued=51 reading=13 ready=300 finished=13
ds4: Flash-MoE prefill layer=17 tokens=149 unique=122 refs=894 sync=5.203 ms plan=0.290 ms stage/compute=47.065 ms misses=122
ds4: Flash-MoE hybrid prefill layer=17 ane_groups=0 ane_refs=0 gpu_i8_groups=0 gpu_i8_refs=0 fp32_groups=0 ane_min_refs=64 concurrent=1 ane_pipeline=1 output_queue=4 async_ane=0 gpu_overlap=0 finishes=0 waits=0
ds4: Flash-MoE overlap plan layer=17 exec_groups=122 planned_ane_groups=0 planned_ane_refs=0 planned_gpu_groups=122 planned_gpu_refs=894 tail_gpu_groups=0 tail_gpu_refs=0 planned_ssd_groups=122 est_gpu=8702.0 est_ane=0.0 est_idle=100.00% wall=46.920 ms actual_ane_groups=0 actual_ane_refs=0 actual_gpu_groups=0 actual_gpu_refs=0 finishes=0 waits=0 overlap_gpu_groups=0
ds4: Flash-MoE async pread canceled queued=62 reading=14 ready=314 finished=14
ds4: Flash-MoE prefill layer=18 tokens=149 unique=121 refs=894 sync=6.108 ms plan=0.291 ms stage/compute=46.538 ms misses=121
ds4: Flash-MoE hybrid prefill layer=18 ane_groups=0 ane_refs=0 gpu_i8_groups=0 gpu_i8_refs=0 fp32_groups=0 ane_min_refs=64 concurrent=1 ane_pipeline=1 output_queue=4 async_ane=0 gpu_overlap=0 finishes=0 waits=0
ds4: Flash-MoE overlap plan layer=18 exec_groups=121 planned_ane_groups=0 planned_ane_refs=0 planned_gpu_groups=121 planned_gpu_refs=894 tail_gpu_groups=0 tail_gpu_refs=0 planned_ssd_groups=121 est_gpu=8638.0 est_ane=0.0 est_idle=100.00% wall=46.337 ms actual_ane_groups=0 actual_ane_refs=0 actual_gpu_groups=0 actual_gpu_refs=0 finishes=0 waits=0 overlap_gpu_groups=0
ds4: Flash-MoE async pread canceled queued=71 reading=15 ready=332 finished=15
ds4: Flash-MoE prefill layer=19 tokens=149 unique=144 refs=894 sync=4.926 ms plan=0.269 ms stage/compute=52.726 ms misses=144
ds4: Flash-MoE hybrid prefill layer=19 ane_groups=0 ane_refs=0 gpu_i8_groups=0 gpu_i8_refs=0 fp32_groups=0 ane_min_refs=64 concurrent=1 ane_pipeline=1 output_queue=4 async_ane=0 gpu_overlap=0 finishes=0 waits=0
ds4: Flash-MoE overlap plan layer=19 exec_groups=144 planned_ane_groups=0 planned_ane_refs=0 planned_gpu_groups=144 planned_gpu_refs=894 tail_gpu_groups=0 tail_gpu_refs=0 planned_ssd_groups=144 est_gpu=10110.0 est_ane=0.0 est_idle=100.00% wall=52.525 ms actual_ane_groups=0 actual_ane_refs=0 actual_gpu_groups=0 actual_gpu_refs=0 finishes=0 waits=0 overlap_gpu_groups=0
ds4: Flash-MoE async pread canceled queued=78 reading=16 ready=341 finished=16
ds4: Flash-MoE prefill layer=20 tokens=149 unique=131 refs=894 sync=6.123 ms plan=0.351 ms stage/compute=48.935 ms misses=131
ds4: Flash-MoE hybrid prefill layer=20 ane_groups=1 ane_refs=104 gpu_i8_groups=0 gpu_i8_refs=0 fp32_groups=0 ane_min_refs=64 concurrent=1 ane_pipeline=1 output_queue=4 async_ane=1 gpu_overlap=130 finishes=1 waits=2
ds4: Flash-MoE overlap plan layer=20 exec_groups=131 planned_ane_groups=1 planned_ane_refs=104 planned_gpu_groups=130 planned_gpu_refs=790 tail_gpu_groups=0 tail_gpu_refs=0 planned_ssd_groups=131 est_gpu=9110.0 est_ane=162.6 est_idle=98.22% wall=48.731 ms actual_ane_groups=1 actual_ane_refs=104 actual_gpu_groups=0 actual_gpu_refs=0 finishes=1 waits=2 overlap_gpu_groups=130
ds4: Flash-MoE async pread canceled queued=81 reading=16 ready=359 finished=16
ds4: Flash-MoE prefill layer=21 tokens=149 unique=131 refs=894 sync=4.927 ms plan=0.306 ms stage/compute=51.209 ms misses=131
ds4: Flash-MoE hybrid prefill layer=21 ane_groups=0 ane_refs=0 gpu_i8_groups=0 gpu_i8_refs=0 fp32_groups=0 ane_min_refs=64 concurrent=1 ane_pipeline=1 output_queue=4 async_ane=0 gpu_overlap=0 finishes=0 waits=0
ds4: Flash-MoE overlap plan layer=21 exec_groups=131 planned_ane_groups=0 planned_ane_refs=0 planned_gpu_groups=131 planned_gpu_refs=894 tail_gpu_groups=0 tail_gpu_refs=0 planned_ssd_groups=131 est_gpu=9278.0 est_ane=0.0 est_idle=100.00% wall=51.025 ms actual_ane_groups=0 actual_ane_refs=0 actual_gpu_groups=0 actual_gpu_refs=0 finishes=0 waits=0 overlap_gpu_groups=0
ds4: Flash-MoE async pread canceled queued=89 reading=16 ready=379 finished=16
ds4: Flash-MoE prefill layer=22 tokens=149 unique=132 refs=894 sync=6.568 ms plan=0.362 ms stage/compute=50.889 ms misses=132
ds4: Flash-MoE hybrid prefill layer=22 ane_groups=0 ane_refs=0 gpu_i8_groups=0 gpu_i8_refs=0 fp32_groups=0 ane_min_refs=64 concurrent=1 ane_pipeline=1 output_queue=4 async_ane=0 gpu_overlap=0 finishes=0 waits=0
ds4: Flash-MoE overlap plan layer=22 exec_groups=132 planned_ane_groups=0 planned_ane_refs=0 planned_gpu_groups=132 planned_gpu_refs=894 tail_gpu_groups=0 tail_gpu_refs=0 planned_ssd_groups=132 est_gpu=9342.0 est_ane=0.0 est_idle=100.00% wall=50.707 ms actual_ane_groups=0 actual_ane_refs=0 actual_gpu_groups=0 actual_gpu_refs=0 finishes=0 waits=0 overlap_gpu_groups=0
ds4: Flash-MoE async pread canceled queued=90 reading=16 ready=401 finished=16
ds4: Flash-MoE prefill layer=23 tokens=149 unique=122 refs=894 sync=6.050 ms plan=0.272 ms stage/compute=51.512 ms misses=122
ds4: Flash-MoE hybrid prefill layer=23 ane_groups=1 ane_refs=71 gpu_i8_groups=0 gpu_i8_refs=0 fp32_groups=0 ane_min_refs=64 concurrent=1 ane_pipeline=1 output_queue=4 async_ane=1 gpu_overlap=121 finishes=1 waits=2
ds4: Flash-MoE overlap plan layer=23 exec_groups=122 planned_ane_groups=1 planned_ane_refs=71 planned_gpu_groups=121 planned_gpu_refs=823 tail_gpu_groups=0 tail_gpu_refs=0 planned_ssd_groups=122 est_gpu=8567.0 est_ane=162.6 est_idle=98.10% wall=51.359 ms actual_ane_groups=1 actual_ane_refs=71 actual_gpu_groups=0 actual_gpu_refs=0 finishes=1 waits=2 overlap_gpu_groups=121
ds4: Flash-MoE async pread canceled queued=97 reading=17 ready=422 finished=17
ds4: Flash-MoE prefill layer=24 tokens=149 unique=123 refs=894 sync=9.604 ms plan=0.311 ms stage/compute=54.913 ms misses=123
ds4: Flash-MoE hybrid prefill layer=24 ane_groups=1 ane_refs=68 gpu_i8_groups=0 gpu_i8_refs=0 fp32_groups=0 ane_min_refs=64 concurrent=1 ane_pipeline=1 output_queue=4 async_ane=1 gpu_overlap=122 finishes=1 waits=2
ds4: Flash-MoE overlap plan layer=24 exec_groups=123 planned_ane_groups=1 planned_ane_refs=68 planned_gpu_groups=122 planned_gpu_refs=826 tail_gpu_groups=0 tail_gpu_refs=0 planned_ssd_groups=123 est_gpu=8634.0 est_ane=162.6 est_idle=98.12% wall=54.763 ms actual_ane_groups=1 actual_ane_refs=68 actual_gpu_groups=0 actual_gpu_refs=0 finishes=1 waits=2 overlap_gpu_groups=122
ds4: Flash-MoE async pread canceled queued=97 reading=17 ready=447 finished=17
ds4: Flash-MoE prefill layer=25 tokens=149 unique=138 refs=894 sync=9.407 ms plan=0.266 ms stage/compute=66.686 ms misses=138
ds4: Flash-MoE hybrid prefill layer=25 ane_groups=0 ane_refs=0 gpu_i8_groups=0 gpu_i8_refs=0 fp32_groups=0 ane_min_refs=64 concurrent=1 ane_pipeline=1 output_queue=4 async_ane=0 gpu_overlap=0 finishes=0 waits=0
ds4: Flash-MoE overlap plan layer=25 exec_groups=138 planned_ane_groups=0 planned_ane_refs=0 planned_gpu_groups=138 planned_gpu_refs=894 tail_gpu_groups=0 tail_gpu_refs=0 planned_ssd_groups=138 est_gpu=9726.0 est_ane=0.0 est_idle=100.00% wall=66.519 ms actual_ane_groups=0 actual_ane_refs=0 actual_gpu_groups=0 actual_gpu_refs=0 finishes=0 waits=0 overlap_gpu_groups=0
ds4: Flash-MoE async pread canceled queued=97 reading=19 ready=469 finished=19
ds4: Flash-MoE prefill layer=26 tokens=149 unique=104 refs=894 sync=12.317 ms plan=0.346 ms stage/compute=49.087 ms misses=104
ds4: Flash-MoE hybrid prefill layer=26 ane_groups=1 ane_refs=107 gpu_i8_groups=0 gpu_i8_refs=0 fp32_groups=0 ane_min_refs=64 concurrent=1 ane_pipeline=1 output_queue=4 async_ane=1 gpu_overlap=103 finishes=1 waits=2
ds4: Flash-MoE overlap plan layer=26 exec_groups=104 planned_ane_groups=1 planned_ane_refs=107 planned_gpu_groups=103 planned_gpu_refs=787 tail_gpu_groups=0 tail_gpu_refs=0 planned_ssd_groups=104 est_gpu=7379.0 est_ane=162.6 est_idle=97.80% wall=48.958 ms actual_ane_groups=1 actual_ane_refs=107 actual_gpu_groups=0 actual_gpu_refs=0 finishes=1 waits=2 overlap_gpu_groups=103
ds4: Flash-MoE async pread canceled queued=97 reading=19 ready=497 finished=19
ds4: Flash-MoE prefill layer=27 tokens=149 unique=142 refs=894 sync=7.911 ms plan=0.294 ms stage/compute=57.903 ms misses=142
ds4: Flash-MoE hybrid prefill layer=27 ane_groups=1 ane_refs=108 gpu_i8_groups=0 gpu_i8_refs=0 fp32_groups=0 ane_min_refs=64 concurrent=1 ane_pipeline=1 output_queue=4 async_ane=1 gpu_overlap=141 finishes=1 waits=2
ds4: Flash-MoE overlap plan layer=27 exec_groups=142 planned_ane_groups=1 planned_ane_refs=108 planned_gpu_groups=141 planned_gpu_refs=786 tail_gpu_groups=0 tail_gpu_refs=0 planned_ssd_groups=142 est_gpu=9810.0 est_ane=162.6 est_idle=98.34% wall=57.735 ms actual_ane_groups=1 actual_ane_refs=108 actual_gpu_groups=0 actual_gpu_refs=0 finishes=1 waits=2 overlap_gpu_groups=141
ds4: Flash-MoE async pread canceled queued=100 reading=20 ready=516 finished=20
ds4: Flash-MoE prefill layer=28 tokens=149 unique=131 refs=894 sync=7.713 ms plan=0.263 ms stage/compute=49.403 ms misses=131
ds4: Flash-MoE hybrid prefill layer=28 ane_groups=1 ane_refs=84 gpu_i8_groups=0 gpu_i8_refs=0 fp32_groups=0 ane_min_refs=64 concurrent=1 ane_pipeline=1 output_queue=4 async_ane=1 gpu_overlap=130 finishes=1 waits=2
ds4: Flash-MoE overlap plan layer=28 exec_groups=131 planned_ane_groups=1 planned_ane_refs=84 planned_gpu_groups=130 planned_gpu_refs=810 tail_gpu_groups=0 tail_gpu_refs=0 planned_ssd_groups=131 est_gpu=9130.0 est_ane=162.6 est_idle=98.22% wall=49.249 ms actual_ane_groups=1 actual_ane_refs=84 actual_gpu_groups=0 actual_gpu_refs=0 finishes=1 waits=2 overlap_gpu_groups=130
ds4: Flash-MoE async pread canceled queued=103 reading=21 ready=539 finished=21
ds4: Flash-MoE prefill layer=29 tokens=149 unique=137 refs=894 sync=5.325 ms plan=0.272 ms stage/compute=51.186 ms misses=137
ds4: Flash-MoE hybrid prefill layer=29 ane_groups=1 ane_refs=111 gpu_i8_groups=0 gpu_i8_refs=0 fp32_groups=0 ane_min_refs=64 concurrent=1 ane_pipeline=1 output_queue=4 async_ane=1 gpu_overlap=136 finishes=1 waits=2
ds4: Flash-MoE overlap plan layer=29 exec_groups=137 planned_ane_groups=1 planned_ane_refs=111 planned_gpu_groups=136 planned_gpu_refs=783 tail_gpu_groups=0 tail_gpu_refs=0 planned_ssd_groups=137 est_gpu=9487.0 est_ane=162.6 est_idle=98.29% wall=51.003 ms actual_ane_groups=1 actual_ane_refs=111 actual_gpu_groups=0 actual_gpu_refs=0 finishes=1 waits=2 overlap_gpu_groups=136
ds4: Flash-MoE async pread canceled queued=112 reading=23 ready=553 finished=23
ds4: Flash-MoE prefill layer=30 tokens=149 unique=134 refs=894 sync=6.465 ms plan=0.412 ms stage/compute=51.467 ms misses=134
ds4: Flash-MoE hybrid prefill layer=30 ane_groups=0 ane_refs=0 gpu_i8_groups=0 gpu_i8_refs=0 fp32_groups=0 ane_min_refs=64 concurrent=1 ane_pipeline=1 output_queue=4 async_ane=0 gpu_overlap=0 finishes=0 waits=0
ds4: Flash-MoE overlap plan layer=30 exec_groups=134 planned_ane_groups=0 planned_ane_refs=0 planned_gpu_groups=134 planned_gpu_refs=894 tail_gpu_groups=0 tail_gpu_refs=0 planned_ssd_groups=134 est_gpu=9470.0 est_ane=0.0 est_idle=100.00% wall=51.157 ms actual_ane_groups=0 actual_ane_refs=0 actual_gpu_groups=0 actual_gpu_refs=0 finishes=0 waits=0 overlap_gpu_groups=0
ds4: Flash-MoE async pread canceled queued=118 reading=24 ready=567 finished=24
ds4: Flash-MoE prefill layer=31 tokens=149 unique=152 refs=894 sync=5.205 ms plan=0.263 ms stage/compute=58.334 ms misses=152
ds4: Flash-MoE hybrid prefill layer=31 ane_groups=0 ane_refs=0 gpu_i8_groups=0 gpu_i8_refs=0 fp32_groups=0 ane_min_refs=64 concurrent=1 ane_pipeline=1 output_queue=4 async_ane=0 gpu_overlap=0 finishes=0 waits=0
ds4: Flash-MoE overlap plan layer=31 exec_groups=152 planned_ane_groups=0 planned_ane_refs=0 planned_gpu_groups=152 planned_gpu_refs=894 tail_gpu_groups=0 tail_gpu_refs=0 planned_ssd_groups=152 est_gpu=10622.0 est_ane=0.0 est_idle=100.00% wall=58.146 ms actual_ane_groups=0 actual_ane_refs=0 actual_gpu_groups=0 actual_gpu_refs=0 finishes=0 waits=0 overlap_gpu_groups=0
ds4: Flash-MoE async pread canceled queued=122 reading=25 ready=585 finished=25
ds4: Flash-MoE prefill layer=32 tokens=149 unique=126 refs=894 sync=6.478 ms plan=0.294 ms stage/compute=48.851 ms misses=126
ds4: Flash-MoE hybrid prefill layer=32 ane_groups=1 ane_refs=109 gpu_i8_groups=0 gpu_i8_refs=0 fp32_groups=0 ane_min_refs=64 concurrent=1 ane_pipeline=1 output_queue=4 async_ane=1 gpu_overlap=125 finishes=1 waits=2
ds4: Flash-MoE overlap plan layer=32 exec_groups=126 planned_ane_groups=1 planned_ane_refs=109 planned_gpu_groups=125 planned_gpu_refs=785 tail_gpu_groups=0 tail_gpu_refs=0 planned_ssd_groups=126 est_gpu=8785.0 est_ane=162.6 est_idle=98.15% wall=48.701 ms actual_ane_groups=1 actual_ane_refs=109 actual_gpu_groups=0 actual_gpu_refs=0 finishes=1 waits=2 overlap_gpu_groups=125
ds4: Flash-MoE async pread canceled queued=126 reading=26 ready=607 finished=26
ds4: Flash-MoE prefill layer=33 tokens=149 unique=127 refs=894 sync=5.645 ms plan=0.283 ms stage/compute=53.471 ms misses=127
ds4: Flash-MoE hybrid prefill layer=33 ane_groups=0 ane_refs=0 gpu_i8_groups=0 gpu_i8_refs=0 fp32_groups=0 ane_min_refs=64 concurrent=1 ane_pipeline=1 output_queue=4 async_ane=0 gpu_overlap=0 finishes=0 waits=0
ds4: Flash-MoE overlap plan layer=33 exec_groups=127 planned_ane_groups=0 planned_ane_refs=0 planned_gpu_groups=127 planned_gpu_refs=894 tail_gpu_groups=0 tail_gpu_refs=0 planned_ssd_groups=127 est_gpu=9022.0 est_ane=0.0 est_idle=100.00% wall=53.303 ms actual_ane_groups=0 actual_ane_refs=0 actual_gpu_groups=0 actual_gpu_refs=0 finishes=0 waits=0 overlap_gpu_groups=0
ds4: Flash-MoE async pread canceled queued=129 reading=27 ready=626 finished=27
ds4: Flash-MoE prefill layer=34 tokens=149 unique=140 refs=894 sync=8.182 ms plan=0.425 ms stage/compute=58.739 ms misses=140
ds4: Flash-MoE hybrid prefill layer=34 ane_groups=1 ane_refs=66 gpu_i8_groups=0 gpu_i8_refs=0 fp32_groups=0 ane_min_refs=64 concurrent=1 ane_pipeline=1 output_queue=4 async_ane=1 gpu_overlap=139 finishes=1 waits=2
ds4: Flash-MoE overlap plan layer=34 exec_groups=140 planned_ane_groups=1 planned_ane_refs=66 planned_gpu_groups=139 planned_gpu_refs=828 tail_gpu_groups=0 tail_gpu_refs=0 planned_ssd_groups=140 est_gpu=9724.0 est_ane=162.6 est_idle=98.33% wall=58.576 ms actual_ane_groups=1 actual_ane_refs=66 actual_gpu_groups=0 actual_gpu_refs=0 finishes=1 waits=2 overlap_gpu_groups=139
ds4: Flash-MoE async pread canceled queued=129 reading=27 ready=648 finished=27
ds4: Flash-MoE prefill layer=35 tokens=149 unique=142 refs=894 sync=8.282 ms plan=0.288 ms stage/compute=71.277 ms misses=142
ds4: Flash-MoE hybrid prefill layer=35 ane_groups=0 ane_refs=0 gpu_i8_groups=0 gpu_i8_refs=0 fp32_groups=0 ane_min_refs=64 concurrent=1 ane_pipeline=1 output_queue=4 async_ane=0 gpu_overlap=0 finishes=0 waits=0
ds4: Flash-MoE overlap plan layer=35 exec_groups=142 planned_ane_groups=0 planned_ane_refs=0 planned_gpu_groups=142 planned_gpu_refs=894 tail_gpu_groups=0 tail_gpu_refs=0 planned_ssd_groups=142 est_gpu=9982.0 est_ane=0.0 est_idle=100.00% wall=71.106 ms actual_ane_groups=0 actual_ane_refs=0 actual_gpu_groups=0 actual_gpu_refs=0 finishes=0 waits=0 overlap_gpu_groups=0
ds4: Flash-MoE async pread canceled queued=129 reading=28 ready=669 finished=28
ds4: Flash-MoE prefill layer=36 tokens=149 unique=119 refs=894 sync=16.145 ms plan=0.386 ms stage/compute=55.233 ms misses=119
ds4: Flash-MoE hybrid prefill layer=36 ane_groups=1 ane_refs=66 gpu_i8_groups=0 gpu_i8_refs=0 fp32_groups=0 ane_min_refs=64 concurrent=1 ane_pipeline=1 output_queue=4 async_ane=1 gpu_overlap=118 finishes=1 waits=2
ds4: Flash-MoE overlap plan layer=36 exec_groups=119 planned_ane_groups=1 planned_ane_refs=66 planned_gpu_groups=118 planned_gpu_refs=828 tail_gpu_groups=0 tail_gpu_refs=0 planned_ssd_groups=119 est_gpu=8380.0 est_ane=162.6 est_idle=98.06% wall=55.075 ms actual_ane_groups=1 actual_ane_refs=66 actual_gpu_groups=0 actual_gpu_refs=0 finishes=1 waits=2 overlap_gpu_groups=118
ds4: Flash-MoE async pread canceled queued=129 reading=28 ready=692 finished=28
ds4: Flash-MoE prefill layer=37 tokens=149 unique=139 refs=894 sync=7.637 ms plan=0.350 ms stage/compute=61.324 ms misses=139
ds4: Flash-MoE hybrid prefill layer=37 ane_groups=1 ane_refs=86 gpu_i8_groups=0 gpu_i8_refs=0 fp32_groups=0 ane_min_refs=64 concurrent=1 ane_pipeline=1 output_queue=4 async_ane=1 gpu_overlap=138 finishes=1 waits=2
ds4: Flash-MoE overlap plan layer=37 exec_groups=139 planned_ane_groups=1 planned_ane_refs=86 planned_gpu_groups=138 planned_gpu_refs=808 tail_gpu_groups=0 tail_gpu_refs=0 planned_ssd_groups=139 est_gpu=9640.0 est_ane=162.6 est_idle=98.31% wall=61.161 ms actual_ane_groups=1 actual_ane_refs=86 actual_gpu_groups=0 actual_gpu_refs=0 finishes=1 waits=2 overlap_gpu_groups=138
ds4: Flash-MoE async pread canceled queued=130 reading=29 ready=713 finished=29
ds4: Flash-MoE prefill layer=38 tokens=149 unique=128 refs=894 sync=9.212 ms plan=0.331 ms stage/compute=50.615 ms misses=128
ds4: Flash-MoE hybrid prefill layer=38 ane_groups=1 ane_refs=67 gpu_i8_groups=0 gpu_i8_refs=0 fp32_groups=0 ane_min_refs=64 concurrent=1 ane_pipeline=1 output_queue=4 async_ane=1 gpu_overlap=127 finishes=1 waits=2
ds4: Flash-MoE overlap plan layer=38 exec_groups=128 planned_ane_groups=1 planned_ane_refs=67 planned_gpu_groups=127 planned_gpu_refs=827 tail_gpu_groups=0 tail_gpu_refs=0 planned_ssd_groups=128 est_gpu=8955.0 est_ane=162.6 est_idle=98.18% wall=50.464 ms actual_ane_groups=1 actual_ane_refs=67 actual_gpu_groups=0 actual_gpu_refs=0 finishes=1 waits=2 overlap_gpu_groups=127
ds4: Flash-MoE async pread canceled queued=130 reading=29 ready=736 finished=29
ds4: Flash-MoE prefill layer=39 tokens=149 unique=143 refs=894 sync=4.964 ms plan=0.303 ms stage/compute=55.034 ms misses=143
ds4: Flash-MoE hybrid prefill layer=39 ane_groups=0 ane_refs=0 gpu_i8_groups=0 gpu_i8_refs=0 fp32_groups=0 ane_min_refs=64 concurrent=1 ane_pipeline=1 output_queue=4 async_ane=0 gpu_overlap=0 finishes=0 waits=0
ds4: Flash-MoE overlap plan layer=39 exec_groups=143 planned_ane_groups=0 planned_ane_refs=0 planned_gpu_groups=143 planned_gpu_refs=894 tail_gpu_groups=0 tail_gpu_refs=0 planned_ssd_groups=143 est_gpu=10046.0 est_ane=0.0 est_idle=100.00% wall=54.820 ms actual_ane_groups=0 actual_ane_refs=0 actual_gpu_groups=0 actual_gpu_refs=0 finishes=0 waits=0 overlap_gpu_groups=0
ds4: Flash-MoE async pread canceled queued=137 reading=30 ready=752 finished=30
ds4: Flash-MoE prefill layer=40 tokens=149 unique=116 refs=894 sync=6.029 ms plan=0.256 ms stage/compute=42.838 ms misses=116
ds4: Flash-MoE hybrid prefill layer=40 ane_groups=2 ane_refs=194 gpu_i8_groups=0 gpu_i8_refs=0 fp32_groups=0 ane_min_refs=64 concurrent=1 ane_pipeline=1 output_queue=4 async_ane=2 gpu_overlap=114 finishes=2 waits=4
ds4: Flash-MoE overlap plan layer=40 exec_groups=116 planned_ane_groups=2 planned_ane_refs=194 planned_gpu_groups=114 planned_gpu_refs=700 tail_gpu_groups=0 tail_gpu_refs=0 planned_ssd_groups=116 est_gpu=7996.0 est_ane=325.2 est_idle=95.93% wall=42.695 ms actual_ane_groups=2 actual_ane_refs=194 actual_gpu_groups=0 actual_gpu_refs=0 finishes=2 waits=4 overlap_gpu_groups=114
ds4: Flash-MoE async pread canceled queued=141 reading=31 ready=774 finished=31
ds4: Flash-MoE prefill layer=41 tokens=149 unique=133 refs=894 sync=4.853 ms plan=0.337 ms stage/compute=48.926 ms misses=133
ds4: Flash-MoE hybrid prefill layer=41 ane_groups=1 ane_refs=99 gpu_i8_groups=0 gpu_i8_refs=0 fp32_groups=0 ane_min_refs=64 concurrent=1 ane_pipeline=1 output_queue=4 async_ane=1 gpu_overlap=132 finishes=1 waits=2
ds4: Flash-MoE overlap plan layer=41 exec_groups=133 planned_ane_groups=1 planned_ane_refs=99 planned_gpu_groups=132 planned_gpu_refs=795 tail_gpu_groups=0 tail_gpu_refs=0 planned_ssd_groups=133 est_gpu=9243.0 est_ane=162.6 est_idle=98.24% wall=48.742 ms actual_ane_groups=1 actual_ane_refs=99 actual_gpu_groups=0 actual_gpu_refs=0 finishes=1 waits=2 overlap_gpu_groups=132
ds4: Flash-MoE async pread canceled queued=144 reading=33 ready=788 finished=33
ds4: Flash-MoE prefill layer=42 tokens=149 unique=127 refs=894 sync=6.192 ms plan=0.304 ms stage/compute=46.551 ms misses=127
ds4: Flash-MoE hybrid prefill layer=42 ane_groups=0 ane_refs=0 gpu_i8_groups=0 gpu_i8_refs=0 fp32_groups=0 ane_min_refs=64 concurrent=1 ane_pipeline=1 output_queue=4 async_ane=0 gpu_overlap=0 finishes=0 waits=0
ds4: Flash-MoE overlap plan layer=42 exec_groups=127 planned_ane_groups=0 planned_ane_refs=0 planned_gpu_groups=127 planned_gpu_refs=894 tail_gpu_groups=0 tail_gpu_refs=0 planned_ssd_groups=127 est_gpu=9022.0 est_ane=0.0 est_idle=100.00% wall=46.403 ms actual_ane_groups=0 actual_ane_refs=0 actual_gpu_groups=0 actual_gpu_refs=0 finishes=0 waits=0 overlap_gpu_groups=0
ds4: Flash-MoE async pread canceled queued=147 reading=34 ready=803 finished=34
ds4: gpu graph prefill total tokens=149 encode=2871.260 ms execute=1.941 ms read=0.036 ms total=2873.237 ms
ds4: prefill full: 149 tokens in 3204.6 ms (46.5 t/s)
We
ds4: ----------------------------------------
ds4: prefill: 46.50 t/s, generation: 1.39 t/s
ds4: Flash-MoE cross-layer prefetch layers=42 experts_queued=2058 (avg=49.0/layer)
ds4: Flash-MoE slot-bank stats hits=0 misses=6078 hit-rate=0.0% resident-slots=258/4257 (6.1%, avg=6.0/layer min=6 max=6 of 99) installed=41026.50 MiB
ds4: Flash-MoE decode prefetch calls=43 loads=258 bytes=1741.50 MiB pread=121.491 ms upload=100.153 ms overlap-flushes=43
ds4: Flash-MoE prefill dedup refs=38442 unique=5820 saved=32622 (84.9%) reuse=6.61x
ds4: Flash-MoE prefill stage stats calls=5820 bytes=39285.00 MiB pread=1463.519 ms upload=665.414 ms gate=209.816 ms up=203.238 ms down=252.360 ms scatter=5.152 ms stage_rate=18452.91 MiB/s pread_rate=26842.84 MiB/s upload_rate=59038.43 MiB/s
ds4: Flash-MoE prefill pread issue stats span=2824.584 ms active=51.81% span_rate=13908.24 MiB/s issue_gap=29233.867 ms post_stage_gap=365.127 ms same_layer_issue=28504.727 ms same_layer_post=1.945 ms cross_layer_issue=729.140 ms cross_layer_post=363.182 ms max_issue=103.259 ms max_post=17.332 ms issue_gaps=4299 post_gaps=45 issue_gt1=929 issue_gt5=811 issue_gt20=600 post_gt1=42 post_gt5=37 post_gt20=0
ds4: Flash-MoE prefill pread bucket le16 calls=5305 refs=20058 bytes=35808.75 MiB pread=1346.333 ms issue_gap=28112.532 ms post_stage_gap=14.575 ms pread_rate=26597.25 MiB/s
ds4: Flash-MoE prefill pread bucket le32 calls=302 refs=6941 bytes=2038.50 MiB pread=68.057 ms issue_gap=271.303 ms post_stage_gap=15.782 ms pread_rate=29952.83 MiB/s
ds4: Flash-MoE prefill pread bucket le64 calls=167 refs=7604 bytes=1127.25 MiB pread=39.737 ms issue_gap=486.957 ms post_stage_gap=121.567 ms pread_rate=28367.77 MiB/s
ds4: Flash-MoE prefill pread bucket le128 calls=46 refs=3839 bytes=310.50 MiB pread=9.392 ms issue_gap=363.075 ms post_stage_gap=213.203 ms pread_rate=33060.05 MiB/s
ds4: ANE prefill stats calls=22 ok=22 skipped_big_refs=0 compile_attempts=1 compile_failures=0 eval_calls=22 eval_failures=0 write_failures=0 reopen_failures=0
ds4: ANE prefill timing dequant=0.430 ms input=0.006 ms ane_eval=47.842 ms ane_eval_a=47.842 ms ane_eval_b=0.000 ms ane_eval_c=0.000 ms ane_eval_d=0.000 ms ane_wall_est=47.842 ms writeback=0.159 ms helper_avg=2.174636 ms ane_calls=22 ane_call_avg=2.174636 ms
ds4: ANE prefill timing2 output_pack=0.145 ms measured_total=48.582 ms
ds4: ANE prefill timing3 dequant_wait=20.203 ms post_wait=0.000 ms x_zero=0.454 ms x_copy=0.383 ms out_zero=1.247 ms out_f16_copy=0.618 ms output_convert=0.145 ms output_gpu_encode=0.145 ms output_chunks=22 output_elems=7847936 output_convert_rate=54.124 Gelem/s
ds4: ANE prefill timing4 wait_predict=0.000 ms finish_join_ane=0.180 ms finish_join_post=0.000 ms wait_predict_calls=0 finish_calls=22
ds4: ANE prefill chunks refs=1916 padded_refs=5632 pad_util=34.02% le16=0 le64=1 le128=21 full=0
ds4: ANE prefill batch_hist B256=22 refs=1916 util=34.0%
