ds4: profile prefill_by_tokens: 99999:nax_int8
ds4: applied tuning profile [Apple M5 Max] from ds4_profile.json (10 env defaults set, 0 kept from environment)
ds4: context buffers 1488.81 MiB (ctx=40000, backend=metal, prefill_chunk=16384, raw_kv_rows=16640, compressed_kv_rows=514/10002 max, grow_block=2048)
ds4: Metal device Apple M5 Max, 128.00 GiB RAM, GPU working-set budget 107.52 GiB (raise with: sudo sysctl iogpu.wired_limit_mb=<MB>)
ds4: drift-patch flags hc_stable=on norm_unify=on kv_raw_f32=off rope_exp2_log2=off math_safe=off tensor_matmul=off
ds4: MXFP4 native library (MSL 4.1): repack=ok selected-repack=ok selected-plane-copy=ok scale-plane matmul=ok selected-matmul=ok decode2=pair/sum6 batch-decode2=pair/sum6 batch-strided=pair/sum6 hybrid-down=sum6 chunked-decode2=pair/sum6
ds4: DSpark resident expert cache: ranges=9 bytes=9.56 GiB (persistent; debug opt-out requires DS4_DSPARK_ALLOW_NONRESIDENT=1)
ds4: DSpark sidecar Metal residency requested: buffers=9 bytes=9.56 GiB
ds4: DSpark draft package loaded: /Users/anemll/Models/DSv4-Flash-DSpark-draft (block=5 verify=5 active=5 scheduler=confidence conf=0.400 noise=128799 target_layers=40,41,42 markov_rank=256 records=81 mapped=10.12 GiB)
ds4: DSpark draft records: F32=41 F16=6 FP8_E4M3=25 MXFP4_NATIVE=9
ds4: DSpark draft inference enabled: MPP 4.1 FP8/MXFP4 draft kernels, fused routed-MoE per draft layer, persistent resident experts, greedy Markov head, strict_v1 verifier
ds4: Metal model views created in 2.438 ms, residency requested in 799.649 ms, warmup 15.453 ms (mapped 82697.67 MiB from offset 5.08 MiB)
ds4: Metal mapped mmaped model as 2 overlapping shared buffers
ds4: metal backend initialized for graph diagnostics
ds4: resident MPP/NAX prewarm: 10.4 ms total (paid before prefill timer)
ds4: prefill routed-MoE (requested): int8 matmul2d (compact-bridge fused-dequant)  [grouped path]
ds4: prefill quant scales (MPP/NAX env first): w_qscale=512 x_qscale=32 mid_qscale=32 w_scale=0.00195312 x_scale=0.03125 mid_scale=0.03125
ds4: prefill ctx-grow: on, block=2048 tokens
ds4: prefill chunk cap: 16384, graph_raw_cap=auto
ds4: startup timing: engine=12.511s profile=0.000s model=0.005s sidecar=0.000s weights=0.001s dspark=11.676s backend=0.818s prewarm=0.011s
ds4: session startup timing: total=0.005s raw-graph=0.004s flash-moe=0.000s steering=0.000s draft-scratch=yes
processing 55 input tokens: 0/55 (0.0%) batch=0.00 t/s avg=0.00 t/s
processing 55 input tokens: 1/55 (1.8%) batch=39.92 t/s avg=38.76 t/s
processing 55 input tokens: 2/55 (3.6%) batch=8.97 t/s avg=14.56 t/s
processing 55 input tokens: 3/55 (5.5%) batch=8.74 t/s avg=11.92 t/s
processing 55 input tokens: 5/55 (9.1%) batch=17.44 t/s avg=13.65 t/s
processing 55 input tokens: 6/55 (10.9%) batch=15.16 t/s avg=13.88 t/s
processing 55 input tokens: 7/55 (12.7%) batch=18.53 t/s avg=14.39 t/s
processing 55 input tokens: 8/55 (14.5%) batch=15.98 t/s avg=14.58 t/s
processing 55 input tokens: 10/55 (18.2%) batch=34.58 t/s avg=16.48 t/s
processing 55 input tokens: 11/55 (20.0%) batch=18.74 t/s avg=16.66 t/s
processing 55 input tokens: 12/55 (21.8%) batch=18.58 t/s avg=16.81 t/s
processing 55 input tokens: 14/55 (25.5%) batch=29.14 t/s avg=17.89 t/s
processing 55 input tokens: 15/55 (27.3%) batch=14.20 t/s avg=17.59 t/s
processing 55 input tokens: 16/55 (29.1%) batch=18.08 t/s avg=17.62 t/s
processing 55 input tokens: 17/55 (30.9%) batch=19.58 t/s avg=17.72 t/s
processing 55 input tokens: 19/55 (34.5%) batch=34.18 t/s avg=18.67 t/s
processing 55 input tokens: 20/55 (36.4%) batch=19.40 t/s avg=18.70 t/s
processing 55 input tokens: 21/55 (38.2%) batch=17.26 t/s avg=18.63 t/s
processing 55 input tokens: 23/55 (41.8%) batch=36.38 t/s avg=19.45 t/s
processing 55 input tokens: 24/55 (43.6%) batch=18.48 t/s avg=19.41 t/s
processing 55 input tokens: 25/55 (45.5%) batch=17.83 t/s avg=19.34 t/s
processing 55 input tokens: 26/55 (47.3%) batch=12.63 t/s avg=18.95 t/s
processing 55 input tokens: 28/55 (50.9%) batch=35.21 t/s avg=19.60 t/s
processing 55 input tokens: 29/55 (52.7%) batch=16.03 t/s avg=19.45 t/s
processing 55 input tokens: 30/55 (54.5%) batch=16.40 t/s avg=19.33 t/s
processing 55 input tokens: 31/55 (56.4%) batch=18.00 t/s avg=19.29 t/s
processing 55 input tokens: 33/55 (60.0%) batch=45.05 t/s avg=19.98 t/s
processing 55 input tokens: 34/55 (61.8%) batch=19.64 t/s avg=19.97 t/s
processing 55 input tokens: 35/55 (63.6%) batch=22.57 t/s avg=20.03 t/s
processing 55 input tokens: 37/55 (67.3%) batch=36.82 t/s avg=20.54 t/s
processing 55 input tokens: 38/55 (69.1%) batch=17.92 t/s avg=20.46 t/s
processing 55 input tokens: 39/55 (70.9%) batch=18.18 t/s avg=20.40 t/s
processing 55 input tokens: 40/55 (72.7%) batch=16.93 t/s avg=20.29 t/s
processing 55 input tokens: 42/55 (76.4%) batch=35.70 t/s avg=20.72 t/s
processing 55 input tokens: 43/55 (78.2%) batch=21.16 t/s avg=20.73 t/s
processing 55 input tokens: 44/55 (80.0%) batch=20.30 t/s avg=20.72 t/s
processing 55 input tokens: 46/55 (83.6%) batch=34.86 t/s avg=21.09 t/s
processing 55 input tokens: 47/55 (85.5%) batch=13.26 t/s avg=20.83 t/s
processing 55 input tokens: 48/55 (87.3%) batch=19.46 t/s avg=20.80 t/s
processing 55 input tokens: 49/55 (89.1%) batch=14.31 t/s avg=20.61 t/s
processing 55 input tokens: 51/55 (92.7%) batch=37.97 t/s avg=20.98 t/s
processing 55 input tokens: 52/55 (94.5%) batch=14.64 t/s avg=20.81 t/s
processing 55 input tokens: 53/55 (96.4%) batch=18.85 t/s avg=20.77 t/s
processing 55 input tokens: 55/55 (100.0%) batch=34.84 t/s avg=21.08 t/s
ds4: dspark draft FP8 rows5 kernel enabled
ds4: dspark draft FP8 strided rows5 kernel enabled
ds4: [mxfp4-native] two-dispatch plane decode arm engaged (dspark-strided, experts=6)
ds4: dspark verifier strict_v1 active=5 prefixN=1
ds4: dspark verifier Q8 rows5 shared-exact kernel enabled
ds4: dspark verifier microbatch KV FP8/raw-store rows enabled
ds4: dspark hybrid FFN-pre verifier using exact F16 rows path
ds4: dspark hybrid row-router verifier using exact F16 logits rows path
ds4: dspark hybrid row-router verifier using exact selector rows path
ds4: routed MoE exact ordered expert-sum kernel enabled
ds4: dspark hybrid row-routed verifier using monolithic row-exact tiny batch path
ds4: dspark hybrid shared verifier using exact fused rows path
ds4: dspark hybrid shared verifier using exact shared-down+HC rows path
ds4: dspark hybrid attention verifier using exact F16 compressor rows path
ds4: dspark hybrid attention verifier using exact F16 indexer-compressor rows path
ds4: dspark hybrid verifier deferring plain attention heads to batch call
ds4: dspark hybrid verifier using rows-exact flash attention heads
ds4: dspark verifier using experimental varmap rows5 attention kernel
ds4: decode-progress: tokens=1000 window=39.48 t/s (1000 tokens in 25.328s) cumulative=39.48 t/s elapsed=25.328s
ds4: decode-progress: tokens=2000 window=36.72 t/s (1000 tokens in 27.234s) cumulative=38.05 t/s elapsed=52.562s
ds4: ----------------------------------------
ds4: prefill: 19.10 t/s, generation: 36.95 t/s (2500 tokens in 67.651s)
ds4: ttf: first-output=15.635s total=83.159s (engine=12.511s session=0.005s prompt=0.000s prefill=2.879s decode=67.651s)
ds4: dspark perf: draft=396.5 tok/s, verify=66.4 proposed tok/s, verify-accepted=43.9 tok/s, block=74.54 ms (draft=10.48 verify=62.59 overhead=1.47 commit=1.12, tau=2.75, blocks=667)
ds4: dspark verify GPU-busy: 60.77 ms/block of 62.59 ms verify (97.1% active, 2.9% idle)
ds4: dspark draft-overlap upper-bound: 42.9 tok/s (1.16x block decode, hides 10.48 ms/block)
ds4: vm pressure: app=11.43 GiB resident=5.60 GiB wired=97.12 GiB compressed=17.16 GiB logical=30.42 GiB swap=12.18/13.00 GiB pressure=94% free=0.28 GiB gpu=11.36 GiB gpu-compressed=0.00 GiB task-compressed=9.42 GiB decompressions=617402
ds4: dspark acceptance: 66.1% (1832/2771 draft tokens)
ds4: dspark acceptance by position: 1=512/635 2=438/600 3=357/555 4=288/513 5=237/468
ds4: dspark conditional acceptance: 1=80.6% (512/635) 2|1=89.6% (438/489) 3|1-2=86.4% (357/413) 4|1-3=86.0% (288/335) 5|1-4=88.8% (237/267)
ds4: dspark full-accept: 51.7% (328/635 blocks), first-miss: 19.4% (123/635 blocks)
ds4: dspark avg scheduled: 4.36 draft tokens/block (635 blocks)
ds4: dspark conf-calib reliability (bin pred-mean realized n):
ds4:   [0.4-0.5) pred=0.451 realized=0.296 n=152
ds4:   [0.5-0.6) pred=0.554 realized=0.401 n=182
ds4:   [0.6-0.7) pred=0.651 realized=0.457 n=234
ds4:   [0.7-0.8) pred=0.750 realized=0.542 n=271
ds4:   [0.8-0.9) pred=0.853 realized=0.670 n=448
ds4:   [0.9-1.0) pred=0.976 realized=0.782 n=1484
ds4: dspark conf-calib ECE=0.1891 samples=2771
real 83.39
user 4.51
sys 6.97
