ds4: profile prefill_by_tokens: 99999:nax_int8
ds4: applied tuning profile [Apple M5 Max] from ds4_profile.json (10 env defaults set, 0 kept from environment)
ds4: context buffers 1488.81 MiB (ctx=40000, backend=metal, prefill_chunk=16384, raw_kv_rows=16640, compressed_kv_rows=514/10002 max, grow_block=2048)
ds4: Metal device Apple M5 Max, 128.00 GiB RAM, GPU working-set budget 107.52 GiB (raise with: sudo sysctl iogpu.wired_limit_mb=<MB>)
ds4: drift-patch flags hc_stable=on norm_unify=on kv_raw_f32=off rope_exp2_log2=off math_safe=off tensor_matmul=off
ds4: MXFP4 native library (MSL 4.1): repack=ok selected-repack=ok selected-plane-copy=ok scale-plane matmul=ok selected-matmul=ok decode2=pair/sum6 batch-decode2=pair/sum6 batch-strided=pair/sum6 hybrid-down=sum6 chunked-decode2=pair/sum6
ds4: DSpark resident expert cache: ranges=9 bytes=9.56 GiB (persistent; debug opt-out requires DS4_DSPARK_ALLOW_NONRESIDENT=1)
ds4: DSpark sidecar Metal residency requested: buffers=9 bytes=9.56 GiB
ds4: DSpark draft package loaded: /Users/anemll/Models/DSv4-Flash-DSpark-draft (block=5 verify=5 active=5 scheduler=confidence conf=0.900 noise=128799 target_layers=40,41,42 markov_rank=256 records=81 mapped=10.12 GiB)
ds4: DSpark draft records: F32=41 F16=6 FP8_E4M3=25 MXFP4_NATIVE=9
ds4: DSpark draft inference enabled: MPP 4.1 FP8/MXFP4 draft kernels, fused routed-MoE per draft layer, persistent resident experts, greedy Markov head, strict_v1 verifier
ds4: Metal model views created in 3.199 ms, residency requested in 878.025 ms, warmup 4.992 ms (mapped 82697.67 MiB from offset 5.08 MiB)
ds4: Metal mapped mmaped model as 2 overlapping shared buffers
ds4: metal backend initialized for graph diagnostics
ds4: resident MPP/NAX prewarm: 2.8 ms total (paid before prefill timer)
ds4: prefill routed-MoE (requested): int8 matmul2d (compact-bridge fused-dequant)  [grouped path]
ds4: prefill quant scales (MPP/NAX env first): w_qscale=512 x_qscale=32 mid_qscale=32 w_scale=0.00195312 x_scale=0.03125 mid_scale=0.03125
ds4: prefill ctx-grow: on, block=2048 tokens
ds4: prefill chunk cap: 16384, graph_raw_cap=auto
ds4: startup timing: engine=6.301s profile=0.000s model=0.005s sidecar=0.000s weights=0.000s dspark=5.406s backend=0.886s prewarm=0.003s
ds4: session startup timing: total=0.005s raw-graph=0.005s flash-moe=0.000s steering=0.000s draft-scratch=yes
processing 55 input tokens: 0/55 (0.0%) batch=0.00 t/s avg=0.00 t/s
processing 55 input tokens: 1/55 (1.8%) batch=61.93 t/s avg=61.34 t/s
processing 55 input tokens: 2/55 (3.6%) batch=9.11 t/s avg=15.87 t/s
processing 55 input tokens: 3/55 (5.5%) batch=8.81 t/s avg=12.52 t/s
processing 55 input tokens: 5/55 (9.1%) batch=17.43 t/s avg=14.11 t/s
processing 55 input tokens: 6/55 (10.9%) batch=15.24 t/s avg=14.29 t/s
processing 55 input tokens: 7/55 (12.7%) batch=18.58 t/s avg=14.78 t/s
processing 55 input tokens: 8/55 (14.5%) batch=15.91 t/s avg=14.91 t/s
processing 55 input tokens: 10/55 (18.2%) batch=34.72 t/s avg=16.83 t/s
processing 55 input tokens: 11/55 (20.0%) batch=18.69 t/s avg=16.98 t/s
processing 55 input tokens: 12/55 (21.8%) batch=18.58 t/s avg=17.11 t/s
processing 55 input tokens: 14/55 (25.5%) batch=29.21 t/s avg=18.18 t/s
processing 55 input tokens: 15/55 (27.3%) batch=14.19 t/s avg=17.85 t/s
processing 55 input tokens: 16/55 (29.1%) batch=18.01 t/s avg=17.86 t/s
processing 55 input tokens: 17/55 (30.9%) batch=19.58 t/s avg=17.95 t/s
processing 55 input tokens: 19/55 (34.5%) batch=34.16 t/s avg=18.89 t/s
processing 55 input tokens: 20/55 (36.4%) batch=19.36 t/s avg=18.92 t/s
processing 55 input tokens: 21/55 (38.2%) batch=17.29 t/s avg=18.83 t/s
processing 55 input tokens: 23/55 (41.8%) batch=36.60 t/s avg=19.66 t/s
processing 55 input tokens: 24/55 (43.6%) batch=18.60 t/s avg=19.62 t/s
processing 55 input tokens: 25/55 (45.5%) batch=17.87 t/s avg=19.54 t/s
processing 55 input tokens: 26/55 (47.3%) batch=12.62 t/s avg=19.14 t/s
processing 55 input tokens: 28/55 (50.9%) batch=35.03 t/s avg=19.78 t/s
processing 55 input tokens: 29/55 (52.7%) batch=16.07 t/s avg=19.62 t/s
processing 55 input tokens: 30/55 (54.5%) batch=16.40 t/s avg=19.49 t/s
processing 55 input tokens: 31/55 (56.4%) batch=18.08 t/s avg=19.44 t/s
processing 55 input tokens: 33/55 (60.0%) batch=44.91 t/s avg=20.14 t/s
processing 55 input tokens: 34/55 (61.8%) batch=19.58 t/s avg=20.12 t/s
processing 55 input tokens: 35/55 (63.6%) batch=22.37 t/s avg=20.18 t/s
processing 55 input tokens: 37/55 (67.3%) batch=36.97 t/s avg=20.69 t/s
processing 55 input tokens: 38/55 (69.1%) batch=18.14 t/s avg=20.61 t/s
processing 55 input tokens: 39/55 (70.9%) batch=18.21 t/s avg=20.54 t/s
processing 55 input tokens: 40/55 (72.7%) batch=16.83 t/s avg=20.43 t/s
processing 55 input tokens: 42/55 (76.4%) batch=36.14 t/s avg=20.86 t/s
processing 55 input tokens: 43/55 (78.2%) batch=21.26 t/s avg=20.87 t/s
processing 55 input tokens: 44/55 (80.0%) batch=20.28 t/s avg=20.85 t/s
processing 55 input tokens: 46/55 (83.6%) batch=34.72 t/s avg=21.22 t/s
processing 55 input tokens: 47/55 (85.5%) batch=13.28 t/s avg=20.96 t/s
processing 55 input tokens: 48/55 (87.3%) batch=19.38 t/s avg=20.92 t/s
processing 55 input tokens: 49/55 (89.1%) batch=14.25 t/s avg=20.72 t/s
processing 55 input tokens: 51/55 (92.7%) batch=37.72 t/s avg=21.10 t/s
processing 55 input tokens: 52/55 (94.5%) batch=14.67 t/s avg=20.92 t/s
processing 55 input tokens: 53/55 (96.4%) batch=18.78 t/s avg=20.87 t/s
processing 55 input tokens: 55/55 (100.0%) batch=34.85 t/s avg=21.18 t/s
ds4: dspark draft FP8 rows5 kernel enabled
ds4: dspark draft FP8 strided rows5 kernel enabled
ds4: [mxfp4-native] two-dispatch plane decode arm engaged (dspark-strided, experts=6)
ds4: dspark verifier strict_v1 active=2 prefixN=1
ds4: dspark verifier Q8 rows5 shared-exact kernel enabled
ds4: dspark verifier microbatch KV FP8/raw-store rows enabled
ds4: dspark hybrid FFN-pre verifier using exact F16 rows path
ds4: dspark hybrid row-router verifier using exact F16 logits rows path
ds4: dspark hybrid row-router verifier using exact selector rows path
ds4: dspark hybrid row-routed verifier using monolithic row-exact tiny batch path
ds4: dspark hybrid shared verifier using exact fused rows path
ds4: dspark hybrid shared verifier using exact shared-down+HC rows path
ds4: dspark hybrid attention verifier using exact F16 compressor rows path
ds4: dspark hybrid attention verifier using exact F16 indexer-compressor rows path
ds4: dspark hybrid verifier deferring plain attention heads to batch call
ds4: dspark hybrid verifier using rows-exact flash attention heads
ds4: dspark verifier using experimental varmap rows5 attention kernel
ds4: routed MoE exact ordered expert-sum kernel enabled
ds4: decode-progress: tokens=1000 window=37.73 t/s (1000 tokens in 26.503s) cumulative=37.73 t/s elapsed=26.503s
ds4: decode-progress: tokens=2000 window=36.16 t/s (1000 tokens in 27.654s) cumulative=36.93 t/s elapsed=54.157s
ds4: ----------------------------------------
ds4: prefill: 19.19 t/s, generation: 36.14 t/s (2500 tokens in 69.171s)
ds4: ttf: first-output=9.434s total=78.472s (engine=6.301s session=0.005s prompt=0.002s prefill=2.866s decode=69.171s)
ds4: dspark perf: draft=153.3 tok/s, verify=55.1 proposed tok/s, verify-accepted=49.0 tok/s, block=40.46 ms (draft=10.51 verify=29.23 overhead=0.71 commit=0.51, tau=1.43, blocks=1028)
ds4: dspark verify GPU-busy: 25.64 ms/block of 29.23 ms verify (87.7% active, 12.3% idle)
ds4: dspark draft-overlap upper-bound: 47.8 tok/s (1.35x block decode, hides 10.51 ms/block)
ds4: vm pressure: app=11.41 GiB resident=6.56 GiB wired=97.19 GiB compressed=17.49 GiB logical=30.96 GiB swap=13.13/14.00 GiB pressure=94% free=0.26 GiB gpu=11.33 GiB gpu-compressed=0.03 GiB task-compressed=9.49 GiB decompressions=679273
ds4: dspark acceptance: 88.8% (1472/1657 draft tokens)
ds4: dspark acceptance by position: 1=536/599 2=411/461 3=249/284 4=172/195 5=104/118
ds4: dspark conditional acceptance: 1=89.5% (536/599) 2|1=98.8% (411/416) 3|1-2=98.8% (249/252) 4|1-3=100.0% (172/172) 5|1-4=98.1% (104/106)
ds4: dspark full-accept: 87.8% (526/599 blocks), first-miss: 10.5% (63/599 blocks)
ds4: dspark avg scheduled: 2.77 draft tokens/block (599 blocks)
ds4: dspark conf-calib reliability (bin pred-mean realized n):
ds4:   [0.9-1.0) pred=0.980 realized=0.888 n=1657
ds4: dspark conf-calib ECE=0.0916 samples=1657
real 78.72
user 4.72
sys 4.97
