ds4: profile prefill_by_tokens: 99999:nax_int8
ds4: applied tuning profile [Apple M5 Max] from ds4_profile.json (10 env defaults set, 0 kept from environment)
ds4: context buffers 1488.81 MiB (ctx=40000, backend=metal, prefill_chunk=16384, raw_kv_rows=16640, compressed_kv_rows=514/10002 max, grow_block=2048)
ds4: Metal device Apple M5 Max, 128.00 GiB RAM, GPU working-set budget 107.52 GiB (raise with: sudo sysctl iogpu.wired_limit_mb=<MB>)
ds4: drift-patch flags hc_stable=on norm_unify=on kv_raw_f32=off rope_exp2_log2=off math_safe=off tensor_matmul=off
ds4: MXFP4 native library (MSL 4.1): repack=ok selected-repack=ok selected-plane-copy=ok scale-plane matmul=ok selected-matmul=ok decode2=pair/sum6 batch-decode2=pair/sum6 batch-strided=pair/sum6 hybrid-down=sum6 chunked-decode2=pair/sum6
ds4: DSpark resident expert cache: ranges=9 bytes=9.56 GiB (persistent; debug opt-out requires DS4_DSPARK_ALLOW_NONRESIDENT=1)
ds4: DSpark sidecar Metal residency requested: buffers=9 bytes=9.56 GiB
ds4: DSpark draft package loaded: /Users/anemll/Models/DSv4-Flash-DSpark-draft (block=5 verify=5 active=5 scheduler=static conf=0.400 noise=128799 target_layers=40,41,42 markov_rank=256 records=81 mapped=10.12 GiB)
ds4: DSpark draft records: F32=41 F16=6 FP8_E4M3=25 MXFP4_NATIVE=9
ds4: DSpark draft inference enabled: MPP 4.1 FP8/MXFP4 draft kernels, fused routed-MoE per draft layer, persistent resident experts, greedy Markov head, strict_v1 verifier
ds4: Metal model views created in 2.202 ms, residency requested in 446.523 ms, warmup 2.984 ms (mapped 82697.67 MiB from offset 5.08 MiB)
ds4: Metal mapped mmaped model as 2 overlapping shared buffers
ds4: metal backend initialized for graph diagnostics
ds4: resident MPP/NAX prewarm: 5.6 ms total (paid before prefill timer)
ds4: prefill routed-MoE (requested): int8 matmul2d (compact-bridge fused-dequant)  [grouped path]
ds4: prefill quant scales (MPP/NAX env first): w_qscale=512 x_qscale=32 mid_qscale=32 w_scale=0.00195312 x_scale=0.03125 mid_scale=0.03125
ds4: prefill ctx-grow: on, block=2048 tokens
ds4: prefill chunk cap: 16384, graph_raw_cap=auto
ds4: startup timing: engine=1.857s profile=0.000s model=0.006s sidecar=0.000s weights=0.000s dspark=1.393s backend=0.452s prewarm=0.006s
ds4: session startup timing: total=0.004s raw-graph=0.004s flash-moe=0.000s steering=0.000s draft-scratch=yes
processing 57 input tokens: 0/57 (0.0%) batch=0.00 t/s avg=0.00 t/s
processing 57 input tokens: 1/57 (1.8%) batch=66.34 t/s avg=65.64 t/s
processing 57 input tokens: 2/57 (3.5%) batch=8.61 t/s avg=15.22 t/s
processing 57 input tokens: 3/57 (5.3%) batch=8.56 t/s avg=12.09 t/s
processing 57 input tokens: 5/57 (8.8%) batch=17.29 t/s avg=13.74 t/s
processing 57 input tokens: 6/57 (10.5%) batch=14.33 t/s avg=13.84 t/s
processing 57 input tokens: 7/57 (12.3%) batch=17.53 t/s avg=14.27 t/s
processing 57 input tokens: 9/57 (15.8%) batch=31.07 t/s avg=16.21 t/s
processing 57 input tokens: 10/57 (17.5%) batch=17.91 t/s avg=16.37 t/s
processing 57 input tokens: 11/57 (19.3%) batch=17.84 t/s avg=16.49 t/s
processing 57 input tokens: 13/57 (22.8%) batch=34.87 t/s avg=17.95 t/s
processing 57 input tokens: 14/57 (24.6%) batch=14.77 t/s avg=17.68 t/s
processing 57 input tokens: 15/57 (26.3%) batch=14.44 t/s avg=17.42 t/s
processing 57 input tokens: 17/57 (29.8%) batch=36.20 t/s avg=18.55 t/s
processing 57 input tokens: 18/57 (31.6%) batch=20.16 t/s avg=18.63 t/s
processing 57 input tokens: 19/57 (33.3%) batch=17.88 t/s avg=18.59 t/s
processing 57 input tokens: 21/57 (36.8%) batch=37.11 t/s avg=19.52 t/s
processing 57 input tokens: 22/57 (38.6%) batch=18.25 t/s avg=19.46 t/s
processing 57 input tokens: 23/57 (40.4%) batch=18.08 t/s avg=19.39 t/s
processing 57 input tokens: 25/57 (43.9%) batch=38.27 t/s avg=20.19 t/s
processing 57 input tokens: 26/57 (45.6%) batch=18.26 t/s avg=20.11 t/s
processing 57 input tokens: 27/57 (47.4%) batch=12.11 t/s avg=19.63 t/s
processing 57 input tokens: 29/57 (50.9%) batch=35.48 t/s avg=20.25 t/s
processing 57 input tokens: 30/57 (52.6%) batch=15.84 t/s avg=20.07 t/s
processing 57 input tokens: 31/57 (54.4%) batch=16.61 t/s avg=19.93 t/s
processing 57 input tokens: 33/57 (57.9%) batch=35.72 t/s avg=20.48 t/s
processing 57 input tokens: 34/57 (59.6%) batch=21.04 t/s avg=20.50 t/s
processing 57 input tokens: 35/57 (61.4%) batch=21.04 t/s avg=20.51 t/s
processing 57 input tokens: 37/57 (64.9%) batch=44.65 t/s avg=21.13 t/s
processing 57 input tokens: 38/57 (66.7%) batch=17.91 t/s avg=21.03 t/s
processing 57 input tokens: 39/57 (68.4%) batch=17.59 t/s avg=20.92 t/s
processing 57 input tokens: 41/57 (71.9%) batch=36.54 t/s avg=21.37 t/s
processing 57 input tokens: 42/57 (73.7%) batch=16.69 t/s avg=21.23 t/s
processing 57 input tokens: 43/57 (75.4%) batch=16.89 t/s avg=21.10 t/s
processing 57 input tokens: 45/57 (78.9%) batch=36.95 t/s avg=21.51 t/s
processing 57 input tokens: 46/57 (80.7%) batch=17.78 t/s avg=21.41 t/s
processing 57 input tokens: 47/57 (82.5%) batch=16.04 t/s avg=21.26 t/s
processing 57 input tokens: 49/57 (86.0%) batch=25.81 t/s avg=21.42 t/s
processing 57 input tokens: 50/57 (87.7%) batch=20.18 t/s avg=21.39 t/s
processing 57 input tokens: 51/57 (89.5%) batch=15.54 t/s avg=21.23 t/s
processing 57 input tokens: 53/57 (93.0%) batch=36.50 t/s avg=21.57 t/s
processing 57 input tokens: 54/57 (94.7%) batch=13.52 t/s avg=21.34 t/s
processing 57 input tokens: 55/57 (96.5%) batch=19.79 t/s avg=21.31 t/s
processing 57 input tokens: 57/57 (100.0%) batch=33.02 t/s avg=21.58 t/s
ds4: dspark draft FP8 rows5 kernel enabled
ds4: dspark draft FP8 strided rows5 kernel enabled
ds4: [mxfp4-native] two-dispatch plane decode arm engaged (dspark-strided, experts=6)
ds4: dspark frontier rows-6 verify enabled (first token + 5 drafts)
ds4: dspark verifier Q8 rows5 shared-exact kernel enabled
ds4: dspark verifier microbatch KV FP8/raw-store rows enabled
ds4: dspark hybrid FFN-pre verifier using exact F16 rows path
ds4: dspark hybrid row-router verifier using exact F16 logits rows path
ds4: dspark hybrid row-router verifier using exact selector rows path
ds4: dspark hybrid shared verifier using exact fused rows path
ds4: dspark hybrid shared verifier using exact shared-down+HC rows path
ds4: dspark hybrid attention verifier using exact F16 compressor rows path
ds4: dspark hybrid attention verifier using exact F16 indexer-compressor rows path
ds4: dspark hybrid verifier deferring plain attention heads to batch call
ds4: dspark hybrid verifier using rows-exact flash attention heads
ds4: dspark verifier using experimental varmap rows5 attention kernel
ds4: routed MoE exact ordered expert-sum kernel enabled
ds4: dspark hybrid row-routed verifier using monolithic row-exact tiny batch path
ds4: ----------------------------------------
ds4: prefill: 20.09 t/s, generation: 32.53 t/s (4954 tokens in 152.294s)
ds4: ttf: first-output=4.931s total=157.122s (engine=1.857s session=0.004s prompt=0.000s prefill=2.837s decode=152.294s)
ds4: dspark perf: draft=609.2 tok/s, verify=50.7 proposed tok/s, verify-accepted=36.1 tok/s, block=130.69 ms (draft=9.83 verify=118.22 overhead=2.64 commit=2.23, tau=4.27, blocks=1161)
ds4: dspark verify GPU-busy: 116.95 ms/block of 118.22 ms verify (98.9% active, 1.1% idle)
ds4: dspark draft-overlap upper-bound: 35.3 tok/s (1.08x block decode, hides 9.83 ms/block)
ds4: vm pressure: app=11.52 GiB resident=18.83 GiB wired=96.75 GiB compressed=1.49 GiB logical=3.01 GiB swap=3.62/5.00 GiB pressure=80% free=0.40 GiB gpu=11.41 GiB gpu-compressed=0.00 GiB task-compressed=0.00 GiB decompressions=0
ds4: dspark acceptance: 71.3% (4955/6954 draft tokens)
ds4: dspark acceptance by position: 1=1161/1161 2=1010/1161 3=885/1161 4=743/1159 5=633/1157 6=523/1155
ds4: dspark conditional acceptance: 1=100.0% (1161/1161) 2|1=87.0% (1010/1161) 3|1-2=87.6% (885/1010) 4|1-3=84.0% (743/884) 5|1-4=85.2% (633/743) 6|1-5=82.6% (523/633)
ds4: dspark full-accept: 45.1% (524/1161 blocks), first-miss: 0.0% (0/1161 blocks)
ds4: dspark avg scheduled: 5.99 draft tokens/block (1161 blocks)
