ds4: profile prefill_by_tokens: 99999:nax_int8
ds4: applied tuning profile [Apple M5 Max] from ds4_profile.json (10 env defaults set, 0 kept from environment)
ds4: context buffers 1488.81 MiB (ctx=40000, backend=metal, prefill_chunk=16384, raw_kv_rows=16640, compressed_kv_rows=514/10002 max, grow_block=2048)
ds4: Metal device Apple M5 Max, 128.00 GiB RAM, GPU working-set budget 107.52 GiB (raise with: sudo sysctl iogpu.wired_limit_mb=<MB>)
ds4: drift-patch flags hc_stable=on norm_unify=on kv_raw_f32=off rope_exp2_log2=off math_safe=off tensor_matmul=off
ds4: MXFP4 native library (MSL 4.1): repack=ok selected-repack=ok selected-plane-copy=ok scale-plane matmul=ok selected-matmul=ok decode2=pair/sum6 batch-decode2=pair/sum6 batch-strided=pair/sum6 hybrid-down=sum6 chunked-decode2=pair/sum6
ds4: DSpark resident expert cache: ranges=9 bytes=9.56 GiB (persistent; debug opt-out requires DS4_DSPARK_ALLOW_NONRESIDENT=1)
ds4: DSpark sidecar Metal residency requested: buffers=9 bytes=9.56 GiB
ds4: DSpark draft package loaded: /Users/anemll/Models/DSv4-Flash-DSpark-draft (block=5 verify=5 active=5 scheduler=static conf=0.400 noise=128799 target_layers=40,41,42 markov_rank=256 records=81 mapped=10.12 GiB)
ds4: DSpark draft records: F32=41 F16=6 FP8_E4M3=25 MXFP4_NATIVE=9
ds4: DSpark draft inference enabled: MPP 4.1 FP8/MXFP4 draft kernels, fused routed-MoE per draft layer, persistent resident experts, greedy Markov head, strict_v1 verifier
ds4: Metal model views created in 2.230 ms, residency requested in 452.262 ms, warmup 2.983 ms (mapped 82697.67 MiB from offset 5.08 MiB)
ds4: Metal mapped mmaped model as 2 overlapping shared buffers
ds4: metal backend initialized for graph diagnostics
ds4: resident MPP/NAX prewarm: 2.7 ms total (paid before prefill timer)
ds4: prefill routed-MoE (requested): int8 matmul2d (compact-bridge fused-dequant)  [grouped path]
ds4: prefill quant scales (MPP/NAX env first): w_qscale=512 x_qscale=32 mid_qscale=32 w_scale=0.00195312 x_scale=0.03125 mid_scale=0.03125
ds4: prefill ctx-grow: on, block=2048 tokens
ds4: prefill chunk cap: 16384, graph_raw_cap=auto
ds4: startup timing: engine=1.939s profile=0.000s model=0.005s sidecar=0.000s weights=0.000s dspark=1.473s backend=0.458s prewarm=0.003s
ds4: session startup timing: total=0.004s raw-graph=0.004s flash-moe=0.000s steering=0.000s draft-scratch=yes
processing 57 input tokens: 0/57 (0.0%) batch=0.00 t/s avg=0.00 t/s
processing 57 input tokens: 1/57 (1.8%) batch=65.98 t/s avg=65.22 t/s
processing 57 input tokens: 2/57 (3.5%) batch=9.04 t/s avg=15.88 t/s
processing 57 input tokens: 3/57 (5.3%) batch=8.64 t/s avg=12.41 t/s
processing 57 input tokens: 5/57 (8.8%) batch=17.37 t/s avg=14.01 t/s
processing 57 input tokens: 6/57 (10.5%) batch=14.49 t/s avg=14.09 t/s
processing 57 input tokens: 7/57 (12.3%) batch=17.63 t/s avg=14.51 t/s
processing 57 input tokens: 9/57 (15.8%) batch=31.46 t/s avg=16.48 t/s
processing 57 input tokens: 10/57 (17.5%) batch=17.98 t/s avg=16.62 t/s
processing 57 input tokens: 11/57 (19.3%) batch=17.98 t/s avg=16.73 t/s
processing 57 input tokens: 13/57 (22.8%) batch=35.18 t/s avg=18.20 t/s
processing 57 input tokens: 14/57 (24.6%) batch=14.82 t/s avg=17.91 t/s
processing 57 input tokens: 15/57 (26.3%) batch=14.57 t/s avg=17.64 t/s
processing 57 input tokens: 17/57 (29.8%) batch=36.18 t/s avg=18.77 t/s
processing 57 input tokens: 18/57 (31.6%) batch=20.64 t/s avg=18.87 t/s
processing 57 input tokens: 19/57 (33.3%) batch=17.86 t/s avg=18.81 t/s
processing 57 input tokens: 21/57 (36.8%) batch=37.34 t/s avg=19.74 t/s
processing 57 input tokens: 22/57 (38.6%) batch=18.25 t/s avg=19.67 t/s
processing 57 input tokens: 23/57 (40.4%) batch=18.24 t/s avg=19.60 t/s
processing 57 input tokens: 25/57 (43.9%) batch=38.48 t/s avg=20.40 t/s
processing 57 input tokens: 26/57 (45.6%) batch=18.39 t/s avg=20.32 t/s
processing 57 input tokens: 27/57 (47.4%) batch=12.36 t/s avg=19.85 t/s
processing 57 input tokens: 29/57 (50.9%) batch=35.94 t/s avg=20.48 t/s
processing 57 input tokens: 30/57 (52.6%) batch=15.99 t/s avg=20.29 t/s
processing 57 input tokens: 31/57 (54.4%) batch=16.76 t/s avg=20.15 t/s
processing 57 input tokens: 33/57 (57.9%) batch=35.75 t/s avg=20.70 t/s
processing 57 input tokens: 34/57 (59.6%) batch=21.13 t/s avg=20.71 t/s
processing 57 input tokens: 35/57 (61.4%) batch=20.98 t/s avg=20.72 t/s
processing 57 input tokens: 37/57 (64.9%) batch=45.30 t/s avg=21.35 t/s
processing 57 input tokens: 38/57 (66.7%) batch=17.83 t/s avg=21.24 t/s
processing 57 input tokens: 39/57 (68.4%) batch=17.83 t/s avg=21.13 t/s
processing 57 input tokens: 41/57 (71.9%) batch=36.37 t/s avg=21.57 t/s
processing 57 input tokens: 42/57 (73.7%) batch=16.82 t/s avg=21.43 t/s
processing 57 input tokens: 43/57 (75.4%) batch=16.93 t/s avg=21.30 t/s
processing 57 input tokens: 45/57 (78.9%) batch=37.21 t/s avg=21.71 t/s
processing 57 input tokens: 46/57 (80.7%) batch=17.79 t/s avg=21.61 t/s
processing 57 input tokens: 47/57 (82.5%) batch=16.10 t/s avg=21.45 t/s
processing 57 input tokens: 49/57 (86.0%) batch=26.20 t/s avg=21.61 t/s
processing 57 input tokens: 50/57 (87.7%) batch=20.39 t/s avg=21.58 t/s
processing 57 input tokens: 51/57 (89.5%) batch=15.63 t/s avg=21.42 t/s
processing 57 input tokens: 53/57 (93.0%) batch=36.73 t/s avg=21.77 t/s
processing 57 input tokens: 54/57 (94.7%) batch=13.61 t/s avg=21.53 t/s
processing 57 input tokens: 55/57 (96.5%) batch=19.92 t/s avg=21.50 t/s
processing 57 input tokens: 57/57 (100.0%) batch=33.30 t/s avg=21.77 t/s
ds4: dspark draft FP8 rows5 kernel enabled
ds4: dspark draft FP8 strided rows5 kernel enabled
ds4: [mxfp4-native] two-dispatch plane decode arm engaged (dspark-strided, experts=6)
ds4: dspark verifier strict_v1 active=5 prefixN=1
ds4: dspark verifier Q8 rows5 shared-exact kernel enabled
ds4: dspark verifier microbatch KV FP8/raw-store rows enabled
ds4: dspark hybrid FFN-pre verifier using exact F16 rows path
ds4: dspark hybrid row-router verifier using exact F16 logits rows path
ds4: dspark hybrid row-router verifier using exact selector rows path
ds4: routed MoE exact ordered expert-sum kernel enabled
ds4: dspark hybrid row-routed verifier using monolithic row-exact tiny batch path
ds4: dspark hybrid shared verifier using exact fused rows path
ds4: dspark hybrid shared verifier using exact shared-down+HC rows path
ds4: dspark hybrid attention verifier using exact F16 compressor rows path
ds4: dspark hybrid attention verifier using exact F16 indexer-compressor rows path
ds4: dspark hybrid verifier deferring plain attention heads to batch call
ds4: dspark hybrid verifier using rows-exact flash attention heads
ds4: dspark verifier using experimental varmap rows5 attention kernel
ds4: ----------------------------------------
ds4: prefill: 20.32 t/s, generation: 32.89 t/s (5000 tokens in 152.020s)
ds4: ttf: first-output=5.008s total=156.899s (engine=1.939s session=0.004s prompt=0.000s prefill=2.806s decode=152.020s)
ds4: dspark perf: draft=495.9 tok/s, verify=72.7 proposed tok/s, verify-accepted=38.4 tok/s, block=80.26 ms (draft=10.08 verify=68.77 overhead=1.41 commit=1.11, tau=2.64, blocks=1733)
ds4: dspark verify GPU-busy: 67.94 ms/block of 68.77 ms verify (98.8% active, 1.2% idle)
ds4: dspark draft-overlap upper-bound: 37.6 tok/s (1.14x block decode, hides 10.08 ms/block)
ds4: vm pressure: app=11.49 GiB resident=19.27 GiB wired=96.76 GiB compressed=1.48 GiB logical=2.99 GiB swap=3.62/5.00 GiB pressure=80% free=0.34 GiB gpu=11.39 GiB gpu-compressed=0.00 GiB task-compressed=0.00 GiB decompressions=0
ds4: dspark acceptance: 69.8% (4578/6555 draft tokens)
ds4: dspark acceptance by position: 1=1200/1311 2=1049/1311 3=901/1311 4=766/1311 5=662/1311
ds4: dspark conditional acceptance: 1=91.5% (1200/1311) 2|1=87.4% (1049/1200) 3|1-2=85.9% (901/1049) 4|1-3=85.0% (766/901) 5|1-4=86.4% (662/766)
ds4: dspark full-accept: 50.5% (662/1311 blocks), first-miss: 8.5% (111/1311 blocks)
ds4: dspark avg scheduled: 5.00 draft tokens/block (1311 blocks)
