ds4: detected DS4 sidecar package: -m /Users/anemll/Models/flash/dsv4-iq2xxs-expert-major/dense/model-dense.gguf, --moe-sidecar /Users/anemll/Models/flash/dsv4-iq2xxs-expert-major, --moe-mode slot-bank
ds4: applied sidecar tuning profile [Apple M5 Max] from ds4_profile.json (49 env defaults set, 2 kept from environment)
ds4: warning: raw KV cap limits Metal prefill chunk (prefill_chunk=4096, raw_kv_rows=4096, raw_window=128, effective_chunk=3968; target raw cap for one chunk is 4352, also requires ctx >= that value)
ds4: context buffers 387.12 MiB (ctx=4096, backend=metal, prefill_chunk=4096, raw_kv_rows=4096, compressed_kv_rows=514/1026 max, grow_block=2048)
ds4: Flash-MoE sidecar loaded: /Users/anemll/Models/flash/dsv4-iq2xxs-expert-major (slot-bank=256, expert-record 6.75 MiB)
ds4: Flash-MoE expert mmap cache: off; expert reads: pread
ds4: Metal device Apple M5 Max, 128.00 GiB RAM, GPU working-set budget 107.52 GiB (raise with: sudo sysctl iogpu.wired_limit_mb=<MB>)
ds4: drift-patch flags hc_stable=on norm_unify=on kv_raw_f32=off rope_exp2_log2=off math_safe=off tensor_matmul=off
ds4: MXFP4 native library (MSL 4.1): repack=ok selected-repack=ok selected-plane-copy=ok scale-plane matmul=ok selected-matmul=ok decode2=pair/sum6 batch-decode2=pair/sum6 batch-strided=pair/sum6 hybrid-down=sum6 chunked-decode2=pair/sum6
ds4: DS4_MXFP4_NATIVE=1: native MXFP4 available (MPP 4.1 scale-plane matmul2d)
ds4: DSpark resident expert cache: ranges=9 bytes=9.56 GiB (persistent; debug opt-out requires DS4_DSPARK_ALLOW_NONRESIDENT=1)
ds4: DSpark sidecar Metal residency requested: buffers=9 bytes=9.56 GiB
ds4: DSpark draft package loaded: /Users/anemll/Models/DSv4-Flash-DSpark-draft (block=5 verify=5 active=5 scheduler=confidence conf=0.400 noise=128799 target_layers=40,41,42 markov_rank=256 records=81 mapped=10.12 GiB)
ds4: DSpark draft records: F32=41 F16=6 FP8_E4M3=25 MXFP4_NATIVE=9
ds4: DSpark draft inference enabled: MPP 4.1 FP8/MXFP4 draft kernels, fused routed-MoE per draft layer, persistent resident experts, greedy Markov head, strict_v1 verifier
ds4: Flash-MoE using mmap-backed dense/shared weights without full-model Metal residency warmup
ds4: Metal model views created in 0.284 ms, residency requested in 0.000 ms, warmup 0.000 ms (mapped 8393.67 MiB from offset 5.06 MiB)
ds4: Metal mapped mmaped model as 1 overlapping shared buffers
ds4: metal backend initialized for graph diagnostics
ds4: prefill routed-MoE (requested): mul_mm_id (grouped GPU / ALU)  [grouped path]
ds4: prefill quant scales (ANE env first): w_qscale=512 x_qscale=32 mid_qscale=32 w_scale=0.00195312 x_scale=0.03125 mid_scale=0.03125
ds4: prefill ctx-grow: on, block=2048 tokens
ds4: prefill chunk cap: 16384, graph_raw_cap=auto
ds4: Flash-MoE resident mixed slot-bank load: layers=43 slots=256 bytes=72.56 GiB (one dot per layer)
ds4: Flash-MoE resident prepare: ........................................... 72.56/72.56 GiB (43 layers)
ds4: Flash-MoE resident preload: ........................................... 72.56/72.56 GiB (43 layers)
ds4: Flash-MoE preloaded mixed slot bank: layers=43 slots=256 identity-mapped experts=256
ds4: Flash-MoE slot-bank Metal residency requested: buffers=43 bytes=72.56 GiB
ds4: Flash-MoE slot-bank pages touched: buffers=43 bytes=72.56 GiB
ds4: Flash-MoE slot banks allocated: layers=43 slots=256 gpu-bank=72.6GB Dense: 8.2GB Context: 0.4GB Total <<<< 81.2GB >>>>
ds4: Flash-MoE slot bank layout: mixed expert-major
ds4: warning: very large Flash-MoE slot bank can collapse decode throughput (slots=256, gpu-bank=72.56 GiB). The wired bank competes with the OS file cache that serves decode-miss reads of the sidecar; when the sidecar is larger than RAM, smaller banks decode faster. Compare --moe-slot-bank 32/48/64 or use --ssd-cache auto.
ds4: prefill compute: routed experts = ANE i8i8 (W8A8) | dense proj = Q8 direct-RHS NAX; K-quant dense = fused mul_mm_id batch
ds4: prefill I/O: io-split=4 async-pread=on pread-threads=4 readahead=12 bank-prefetch=3 slot-cache-topk=0 xlayer=auto<=6k-tok topk=128
ds4: decode  I/O: io-split=4 router-prefetch=off scratch-prefetch=off max-loads=0 layer-stride=1 miss-direct-slot-pread=on prefetch-direct-slot-pread=off did-modify=on shared-down=on reset-after-prefill=off realloc-after-prefill=off restore-after-prefill=off resident=slot-bank slots=256
ds4: Flash-MoE banked kernels using M5 simdgroup_matrix fast path (prefetch=3, banks=4)
ds4: WARNING: prefill chunk 4096 clamped to 3968 by raw-KV cap (raw_cap=4096, window=128). Set DS4_METAL_GRAPH_RAW_CAP >= 4224 (window + chunk) — or unset it to auto-size — to honor the chunk.
ds4: prefill chunk cap EFFECTIVE=3968 tokens (DS4_METAL_PREFILL_CHUNK=16384), CLAMPED by raw-KV-cap (ctx-grow) (resident-NAX tiles this by scratch_cap; that tile gates the sync bridge)
processing 60 input tokens: 0/60 (0.0%) batch=0.00 t/s avg=0.00 t/s
ds4: ANE i8w-i8x-tiled-fused cached async prefill B=256 H=4096 I=2048 w_scale=0.00195312 x_scale=0.03125 mid_scale=0.03125
processing 60 input tokens: 1/60 (1.7%) batch=0.46 t/s avg=0.46 t/s
processing 60 input tokens: 2/60 (3.3%) batch=15.07 t/s avg=0.89 t/s
processing 60 input tokens: 4/60 (6.7%) batch=31.23 t/s avg=1.73 t/s
processing 60 input tokens: 5/60 (8.3%) batch=29.33 t/s avg=2.13 t/s
processing 60 input tokens: 6/60 (10.0%) batch=29.77 t/s avg=2.52 t/s
processing 60 input tokens: 8/60 (13.3%) batch=59.54 t/s avg=3.31 t/s
processing 60 input tokens: 9/60 (15.0%) batch=30.23 t/s avg=3.67 t/s
processing 60 input tokens: 11/60 (18.3%) batch=61.95 t/s avg=4.43 t/s
processing 60 input tokens: 12/60 (20.0%) batch=29.78 t/s avg=4.77 t/s
processing 60 input tokens: 13/60 (21.7%) batch=25.68 t/s avg=5.09 t/s
processing 60 input tokens: 15/60 (25.0%) batch=52.89 t/s avg=5.79 t/s
processing 60 input tokens: 16/60 (26.7%) batch=34.78 t/s avg=6.10 t/s
processing 60 input tokens: 18/60 (30.0%) batch=66.88 t/s avg=6.79 t/s
processing 60 input tokens: 19/60 (31.7%) batch=33.23 t/s avg=7.09 t/s
processing 60 input tokens: 20/60 (33.3%) batch=34.18 t/s avg=7.38 t/s
processing 60 input tokens: 22/60 (36.7%) batch=63.91 t/s avg=8.02 t/s
processing 60 input tokens: 23/60 (38.3%) batch=30.25 t/s avg=8.29 t/s
processing 60 input tokens: 25/60 (41.7%) batch=69.79 t/s avg=8.92 t/s
processing 60 input tokens: 26/60 (43.3%) batch=30.49 t/s avg=9.17 t/s
processing 60 input tokens: 27/60 (45.0%) batch=23.57 t/s avg=9.38 t/s
processing 60 input tokens: 29/60 (48.3%) batch=61.92 t/s avg=9.96 t/s
processing 60 input tokens: 30/60 (50.0%) batch=28.56 t/s avg=10.18 t/s
processing 60 input tokens: 32/60 (53.3%) batch=58.70 t/s avg=10.74 t/s
processing 60 input tokens: 33/60 (55.0%) batch=32.35 t/s avg=10.96 t/s
processing 60 input tokens: 34/60 (56.7%) batch=32.76 t/s avg=11.18 t/s
processing 60 input tokens: 36/60 (60.0%) batch=71.16 t/s avg=11.73 t/s
processing 60 input tokens: 37/60 (61.7%) batch=34.22 t/s avg=11.94 t/s
processing 60 input tokens: 39/60 (65.0%) batch=63.24 t/s avg=12.46 t/s
processing 60 input tokens: 40/60 (66.7%) batch=30.90 t/s avg=12.65 t/s
processing 60 input tokens: 41/60 (68.3%) batch=31.49 t/s avg=12.84 t/s
processing 60 input tokens: 43/60 (71.7%) batch=63.99 t/s avg=13.33 t/s
processing 60 input tokens: 44/60 (73.3%) batch=30.45 t/s avg=13.50 t/s
processing 60 input tokens: 46/60 (76.7%) batch=69.79 t/s avg=13.99 t/s
processing 60 input tokens: 47/60 (78.3%) batch=33.71 t/s avg=14.17 t/s
processing 60 input tokens: 48/60 (80.0%) batch=29.81 t/s avg=14.33 t/s
processing 60 input tokens: 50/60 (83.3%) batch=48.53 t/s avg=14.74 t/s
processing 60 input tokens: 51/60 (85.0%) batch=30.75 t/s avg=14.89 t/s
processing 60 input tokens: 53/60 (88.3%) batch=51.82 t/s avg=15.31 t/s
processing 60 input tokens: 54/60 (90.0%) batch=32.81 t/s avg=15.46 t/s
processing 60 input tokens: 55/60 (91.7%) batch=27.06 t/s avg=15.58 t/s
processing 60 input tokens: 57/60 (95.0%) batch=66.64 t/s avg=16.01 t/s
processing 60 input tokens: 58/60 (96.7%) batch=28.94 t/s avg=16.14 t/s
processing 60 input tokens: 60/60 (100.0%) batch=55.63 t/s avg=16.53 t/s
ds4: prefill full: 60 tokens in 3632.8 ms (16.5 t/s)
ds4: dspark draft FP8 rows5 kernel enabled
ds4: dspark draft FP8 strided rows5 kernel enabled
ds4: [mxfp4-native] two-dispatch plane decode arm engaged (dspark-strided, experts=6)
ds4: DSpark draft warmup: cap=5 rows=5 in 161.2 ms (paid before decode timer)
ds4: dspark force accept enabled (ungated non-target-greedy diagnostic; may repeat)
ds4: dspark verifier Q8 rows5 shared-exact kernel enabled
ds4: dspark verifier microbatch KV FP8/raw-store rows enabled
ds4: dspark hybrid FFN-pre verifier using exact F16 rows path
ds4: dspark hybrid row-router verifier using exact F16 logits rows path
ds4: dspark hybrid row-router verifier using exact selector rows path
ds4: dspark row-routed direct Q2 down unordered sum6 enabled (non-byte diagnostic)
ds4: dspark hybrid row-routed verifier using row-exact tiny batch path
ds4: dspark hybrid shared verifier using exact fused rows path
ds4: dspark hybrid shared verifier using exact shared-down+HC rows path
ds4: dspark hybrid attention verifier using exact F16 compressor rows path
ds4: dspark hybrid attention verifier using exact F16 indexer-compressor rows path
ds4: dspark hybrid verifier deferring plain attention heads to MMA batch call
ds4: dspark relaxed loop guard rejected non-argmax token=510 target=223 ngram=3 token_count_guard=1 accepted_prefix=1
ds4: Flash-MoE mixed resident bank using fused GPU-selected decode path (slot id == expert id)
ds4: dspark verifier strict_v1 active=5 prefixN=1
ds4: dspark relaxed loop guard rejected non-argmax token=617 target=72 ngram=3 token_count_guard=0 accepted_prefix=1
ds4: dspark relaxed loop guard rejected non-argmax token=510 target=72 ngram=3 token_count_guard=1 accepted_prefix=1
ds4: dspark relaxed loop guard rejected non-argmax token=510 target=14 ngram=3 token_count_guard=1 accepted_prefix=1
ds4: dspark relaxed loop guard rejected non-argmax token=617 target=72 ngram=3 token_count_guard=0 accepted_prefix=1
ds4: dspark relaxed loop guard rejected non-argmax token=18 target=4623 ngram=3 token_count_guard=1 accepted_prefix=1
ds4: dspark relaxed loop guard rejected non-argmax token=18 target=4623 ngram=3 token_count_guard=1 accepted_prefix=1
ds4: dspark relaxed loop guard rejected non-argmax token=510 target=20 ngram=3 token_count_guard=1 accepted_prefix=1
ds4: dspark relaxed loop guard rejected non-argmax token=9491 target=18953 ngram=3 token_count_guard=0 accepted_prefix=1
ds4: dspark relaxed loop guard rejected non-argmax token=617 target=72 ngram=3 token_count_guard=0 accepted_prefix=1
ds4: dspark relaxed loop guard rejected non-argmax token=27036 target=50167 ngram=3 token_count_guard=0 accepted_prefix=1
ds4: dspark relaxed loop guard rejected non-argmax token=510 target=40128 ngram=3 token_count_guard=1 accepted_prefix=1
ds4: dspark relaxed loop guard rejected non-argmax token=510 target=40128 ngram=3 token_count_guard=1 accepted_prefix=1
ds4: dspark relaxed loop guard rejected non-argmax token=6485 target=33751 ngram=3 token_count_guard=0 accepted_prefix=1
ds4: ----------------------------------------
ds4: prefill: 15.62 t/s, generation: 33.50 t/s (500 tokens in 14.926s)
ds4: dspark perf: draft=389.4 tok/s, verify=61.6 proposed tok/s, verify-accepted=44.9 tok/s, block=96.23 ms (draft=12.67 verify=80.06 overhead=3.51 commit=1.81, tau=3.59, blocks=135)
ds4: dspark verify GPU-busy: 82.78 ms/block of 80.06 ms verify (103.4% active, -3.4% idle)
ds4: vm pressure: app=83.47 GiB resident=66.91 GiB wired=96.12 GiB compressed=0.88 GiB logical=1.41 GiB swap=4.79/6.00 GiB pressure=85% free=2.58 GiB gpu=83.38 GiB gpu-compressed=0.00 GiB task-compressed=24.88 GiB decompressions=3809223
ds4: dspark acceptance: 67.7% (451/666 draft tokens)
ds4: dspark acceptance by position: 1=120/135 2=103/134 3=89/133 4=74/132 5=65/132
ds4: dspark conditional acceptance: 1=88.9% (120/135) 2|1=85.8% (103/120) 3|1-2=87.3% (89/102) 4|1-3=83.1% (74/89) 5|1-4=87.8% (65/74)
ds4: dspark full-accept: 48.9% (66/135 blocks), first-miss: 11.1% (15/135 blocks)
ds4: dspark avg scheduled: 4.93 draft tokens/block (135 blocks)
ds4: Flash-MoE resident slot bank: resident-slots=11008/11008 (100.0%, avg=256.0/layer) installed=72.56 GiB
