ds4: context buffers 7970.36 MiB (ctx=98192, backend=metal, prefill_chunk=32000, raw_kv_rows=8192, compressed_kv_rows=24550)
ds4: Flash-MoE sidecar loaded: /Users/anemll/Models/flash/dsv4-iq2xxs-expert-major (slot-bank=32, expert-record 6.75 MiB)
ds4: Metal device Apple M5 Max, 128.00 GiB RAM
ds4: Flash-MoE using mmap-backed dense/shared weights without full-model Metal residency warmup
ds4: Metal model views created in 0.325 ms, residency requested in 0.000 ms, warmup 0.000 ms (mapped 8393.67 MiB from offset 5.06 MiB)
ds4: Metal mapped mmaped model as 1 overlapping shared buffers
ds4: metal backend initialized for graph diagnostics
ds4: Flash-MoE slot banks allocated: layers=43 slots=32 gpu-bank=9288.00 MiB
ds4: DS4_FLASH_MOE_PREFETCH=4 clamped to 3 (only 4 prefill banks allocated)
ds4: Flash-MoE banked kernels using M5 simdgroup_matrix fast path (prefetch=3, banks=4)
ds4: ANE i8w-i8x-tiled-fused cached async prefill B=256 H=4096 I=2048 w_scale=0.00195312 x_scale=0.03125 mid_scale=0.03125
ds4: ANE i8w-i8x-tiled-fused cached async prefill B=512 H=4096 I=2048 w_scale=0.00195312 x_scale=0.03125 mid_scale=0.03125
processing 8423 input tokens: 0/8423 (0.0%) batch=0.00 t/s avg=0.00 t/s
ds4: Flash-MoE prefill layer=0 tokens=8064 unique=256 refs=48384 sync=432.775 ms plan=1.176 ms stage/compute=438.015 ms misses=257
ds4: Flash-MoE hybrid prefill layer=0 ane_groups=21 ane_refs=5290 gpu_i8_groups=236 gpu_i8_refs=43094 fp32_groups=0 ane_min_refs=128 concurrent=1 ane_pipeline=1 async_ane=21 gpu_overlap=236 finishes=21 waits=42
ds4: Flash-MoE overlap plan layer=0 exec_groups=257 planned_ane_groups=21 planned_ane_refs=5290 planned_gpu_groups=236 planned_gpu_refs=43094 tail_gpu_groups=1 tail_gpu_refs=19 planned_ssd_groups=256 est_gpu=58198.0 est_ane=14530.9 est_idle=75.03% wall=430.147 ms actual_ane_groups=21 actual_ane_refs=5290 actual_gpu_groups=236 actual_gpu_refs=43094 finishes=21 waits=42 overlap_gpu_groups=236
ds4: Flash-MoE prefill layer=1 tokens=8064 unique=256 refs=48384 sync=170.876 ms plan=0.386 ms stage/compute=394.563 ms misses=258
ds4: Flash-MoE hybrid prefill layer=1 ane_groups=21 ane_refs=5472 gpu_i8_groups=237 gpu_i8_refs=42912 fp32_groups=0 ane_min_refs=128 concurrent=1 ane_pipeline=1 async_ane=21 gpu_overlap=237 finishes=21 waits=42
ds4: Flash-MoE overlap plan layer=1 exec_groups=258 planned_ane_groups=21 planned_ane_refs=5472 planned_gpu_groups=237 planned_gpu_refs=42912 tail_gpu_groups=2 tail_gpu_refs=8 planned_ssd_groups=256 est_gpu=58080.0 est_ane=14996.4 est_idle=74.18% wall=393.361 ms actual_ane_groups=21 actual_ane_refs=5472 actual_gpu_groups=237 actual_gpu_refs=42912 finishes=21 waits=42 overlap_gpu_groups=237
ds4: Flash-MoE prefill layer=2 tokens=8064 unique=256 refs=48384 sync=443.407 ms plan=0.397 ms stage/compute=399.105 ms misses=261
ds4: Flash-MoE hybrid prefill layer=2 ane_groups=21 ane_refs=5472 gpu_i8_groups=240 gpu_i8_refs=42912 fp32_groups=0 ane_min_refs=128 concurrent=1 ane_pipeline=1 async_ane=21 gpu_overlap=240 finishes=21 waits=42
ds4: Flash-MoE overlap plan layer=2 exec_groups=261 planned_ane_groups=21 planned_ane_refs=5472 planned_gpu_groups=240 planned_gpu_refs=42912 tail_gpu_groups=5 tail_gpu_refs=155 planned_ssd_groups=256 est_gpu=58272.0 est_ane=14530.9 est_idle=75.06% wall=397.844 ms actual_ane_groups=21 actual_ane_refs=5472 actual_gpu_groups=240 actual_gpu_refs=42912 finishes=21 waits=42 overlap_gpu_groups=240
ds4: Flash-MoE prefill layer=3 tokens=8064 unique=245 refs=48384 sync=187.369 ms plan=0.385 ms stage/compute=402.158 ms misses=254
ds4: Flash-MoE hybrid prefill layer=3 ane_groups=19 ane_refs=8116 gpu_i8_groups=235 gpu_i8_refs=40268 fp32_groups=0 ane_min_refs=128 concurrent=1 ane_pipeline=1 async_ane=19 gpu_overlap=235 finishes=19 waits=38
ds4: Flash-MoE overlap plan layer=3 exec_groups=254 planned_ane_groups=19 planned_ane_refs=8116 planned_gpu_groups=235 planned_gpu_refs=40268 tail_gpu_groups=9 tail_gpu_refs=791 planned_ssd_groups=245 est_gpu=55308.0 est_ane=18865.5 est_idle=65.89% wall=401.086 ms actual_ane_groups=19 actual_ane_refs=8116 actual_gpu_groups=235 actual_gpu_refs=40268 finishes=19 waits=38 overlap_gpu_groups=235
ds4: Flash-MoE prefill layer=4 tokens=8064 unique=241 refs=48384 sync=360.669 ms plan=0.354 ms stage/compute=407.907 ms misses=252
ds4: Flash-MoE hybrid prefill layer=4 ane_groups=18 ane_refs=9426 gpu_i8_groups=234 gpu_i8_refs=38958 fp32_groups=0 ane_min_refs=128 concurrent=1 ane_pipeline=1 async_ane=18 gpu_overlap=234 finishes=18 waits=36
ds4: Flash-MoE overlap plan layer=4 exec_groups=252 planned_ane_groups=18 planned_ane_refs=9426 planned_gpu_groups=234 planned_gpu_refs=38958 tail_gpu_groups=11 tail_gpu_refs=746 planned_ssd_groups=241 est_gpu=53934.0 est_ane=21963.6 est_idle=59.28% wall=406.731 ms actual_ane_groups=18 actual_ane_refs=9426 actual_gpu_groups=234 actual_gpu_refs=38958 finishes=18 waits=36 overlap_gpu_groups=234
ds4: Flash-MoE prefill layer=5 tokens=8064 unique=250 refs=48384 sync=187.103 ms plan=0.379 ms stage/compute=413.434 ms misses=258
ds4: Flash-MoE hybrid prefill layer=5 ane_groups=19 ane_refs=8292 gpu_i8_groups=239 gpu_i8_refs=40092 fp32_groups=0 ane_min_refs=128 concurrent=1 ane_pipeline=1 async_ane=19 gpu_overlap=239 finishes=19 waits=38
ds4: Flash-MoE overlap plan layer=5 exec_groups=258 planned_ane_groups=19 planned_ane_refs=8292 planned_gpu_groups=239 planned_gpu_refs=40092 tail_gpu_groups=8 tail_gpu_refs=990 planned_ssd_groups=250 est_gpu=55388.0 est_ane=20727.3 est_idle=62.58% wall=412.173 ms actual_ane_groups=19 actual_ane_refs=8292 actual_gpu_groups=239 actual_gpu_refs=40092 finishes=19 waits=38 overlap_gpu_groups=239
ds4: Flash-MoE prefill layer=6 tokens=8064 unique=243 refs=48384 sync=353.706 ms plan=0.364 ms stage/compute=403.533 ms misses=252
ds4: Flash-MoE hybrid prefill layer=6 ane_groups=20 ane_refs=8868 gpu_i8_groups=232 gpu_i8_refs=39516 fp32_groups=0 ane_min_refs=128 concurrent=1 ane_pipeline=1 async_ane=20 gpu_overlap=232 finishes=20 waits=40
ds4: Flash-MoE overlap plan layer=6 exec_groups=252 planned_ane_groups=20 planned_ane_refs=8868 planned_gpu_groups=232 planned_gpu_refs=39516 tail_gpu_groups=9 tail_gpu_refs=687 planned_ssd_groups=243 est_gpu=54364.0 est_ane=21352.7 est_idle=60.72% wall=402.246 ms actual_ane_groups=20 actual_ane_refs=8868 actual_gpu_groups=232 actual_gpu_refs=39516 finishes=20 waits=40 overlap_gpu_groups=232
ds4: Flash-MoE prefill layer=7 tokens=8064 unique=249 refs=48384 sync=188.128 ms plan=0.366 ms stage/compute=422.398 ms misses=259
ds4: Flash-MoE hybrid prefill layer=7 ane_groups=16 ane_refs=9956 gpu_i8_groups=243 gpu_i8_refs=38428 fp32_groups=0 ane_min_refs=128 concurrent=1 ane_pipeline=1 async_ane=16 gpu_overlap=243 finishes=16 waits=32
ds4: Flash-MoE overlap plan layer=7 exec_groups=259 planned_ane_groups=16 planned_ane_refs=9956 planned_gpu_groups=243 planned_gpu_refs=38428 tail_gpu_groups=10 tail_gpu_refs=815 planned_ssd_groups=249 est_gpu=53980.0 est_ane=22574.5 est_idle=58.18% wall=421.146 ms actual_ane_groups=16 actual_ane_refs=9956 actual_gpu_groups=243 actual_gpu_refs=38428 finishes=16 waits=32 overlap_gpu_groups=243
ds4: Flash-MoE prefill layer=8 tokens=8064 unique=242 refs=48384 sync=357.211 ms plan=0.376 ms stage/compute=408.463 ms misses=250
ds4: Flash-MoE hybrid prefill layer=8 ane_groups=15 ane_refs=9082 gpu_i8_groups=235 gpu_i8_refs=39302 fp32_groups=0 ane_min_refs=128 concurrent=1 ane_pipeline=1 async_ane=15 gpu_overlap=235 finishes=15 waits=30
ds4: Flash-MoE overlap plan layer=8 exec_groups=250 planned_ane_groups=15 planned_ane_refs=9082 planned_gpu_groups=235 planned_gpu_refs=39302 tail_gpu_groups=8 tail_gpu_refs=1145 planned_ssd_groups=242 est_gpu=54342.0 est_ane=20552.7 est_idle=62.18% wall=407.239 ms actual_ane_groups=15 actual_ane_refs=9082 actual_gpu_groups=235 actual_gpu_refs=39302 finishes=15 waits=30 overlap_gpu_groups=235
ds4: Flash-MoE prefill layer=9 tokens=8064 unique=251 refs=48384 sync=186.921 ms plan=0.409 ms stage/compute=413.732 ms misses=263
ds4: Flash-MoE hybrid prefill layer=9 ane_groups=20 ane_refs=8413 gpu_i8_groups=243 gpu_i8_refs=39971 fp32_groups=0 ane_min_refs=128 concurrent=1 ane_pipeline=1 async_ane=20 gpu_overlap=243 finishes=20 waits=40
ds4: Flash-MoE overlap plan layer=9 exec_groups=263 planned_ane_groups=20 planned_ane_refs=8413 planned_gpu_groups=243 planned_gpu_refs=39971 tail_gpu_groups=12 tail_gpu_refs=1329 planned_ssd_groups=251 est_gpu=55523.0 est_ane=20421.8 est_idle=63.22% wall=412.492 ms actual_ane_groups=20 actual_ane_refs=8413 actual_gpu_groups=243 actual_gpu_refs=39971 finishes=20 waits=40 overlap_gpu_groups=243
ds4: Flash-MoE prefill layer=10 tokens=8064 unique=243 refs=48384 sync=356.335 ms plan=0.352 ms stage/compute=381.738 ms misses=254
ds4: Flash-MoE hybrid prefill layer=10 ane_groups=18 ane_refs=8819 gpu_i8_groups=236 gpu_i8_refs=39565 fp32_groups=0 ane_min_refs=128 concurrent=1 ane_pipeline=1 async_ane=18 gpu_overlap=236 finishes=18 waits=36
ds4: Flash-MoE overlap plan layer=10 exec_groups=254 planned_ane_groups=18 planned_ane_refs=8819 planned_gpu_groups=236 planned_gpu_refs=39565 tail_gpu_groups=11 tail_gpu_refs=1366 planned_ssd_groups=243 est_gpu=54669.0 est_ane=21032.7 est_idle=61.53% wall=380.516 ms actual_ane_groups=18 actual_ane_refs=8819 actual_gpu_groups=236 actual_gpu_refs=39565 finishes=18 waits=36 overlap_gpu_groups=236
ds4: Flash-MoE prefill layer=11 tokens=8064 unique=251 refs=48384 sync=186.999 ms plan=0.357 ms stage/compute=403.905 ms misses=267
ds4: Flash-MoE hybrid prefill layer=11 ane_groups=16 ane_refs=8697 gpu_i8_groups=251 gpu_i8_refs=39687 fp32_groups=0 ane_min_refs=128 concurrent=1 ane_pipeline=1 async_ane=16 gpu_overlap=251 finishes=16 waits=32
ds4: Flash-MoE overlap plan layer=11 exec_groups=267 planned_ane_groups=16 planned_ane_refs=8697 planned_gpu_groups=251 planned_gpu_refs=39687 tail_gpu_groups=16 tail_gpu_refs=1567 planned_ssd_groups=251 est_gpu=55751.0 est_ane=19781.8 est_idle=64.52% wall=402.675 ms actual_ane_groups=16 actual_ane_refs=8697 actual_gpu_groups=251 actual_gpu_refs=39687 finishes=16 waits=32 overlap_gpu_groups=251
ds4: Flash-MoE prefill layer=12 tokens=8064 unique=233 refs=48384 sync=379.354 ms plan=0.360 ms stage/compute=390.395 ms misses=250
ds4: Flash-MoE hybrid prefill layer=12 ane_groups=17 ane_refs=9962 gpu_i8_groups=233 gpu_i8_refs=38422 fp32_groups=0 ane_min_refs=128 concurrent=1 ane_pipeline=1 async_ane=17 gpu_overlap=233 finishes=17 waits=34
ds4: Flash-MoE overlap plan layer=12 exec_groups=250 planned_ane_groups=17 planned_ane_refs=9962 planned_gpu_groups=233 planned_gpu_refs=38422 tail_gpu_groups=17 tail_gpu_refs=1598 planned_ssd_groups=233 est_gpu=53334.0 est_ane=22269.1 est_idle=58.25% wall=389.231 ms actual_ane_groups=17 actual_ane_refs=9962 actual_gpu_groups=233 actual_gpu_refs=38422 finishes=17 waits=34 overlap_gpu_groups=233
ds4: Flash-MoE prefill layer=13 tokens=8064 unique=244 refs=48384 sync=186.477 ms plan=0.370 ms stage/compute=396.944 ms misses=252
ds4: Flash-MoE hybrid prefill layer=13 ane_groups=15 ane_refs=9491 gpu_i8_groups=237 gpu_i8_refs=38893 fp32_groups=0 ane_min_refs=128 concurrent=1 ane_pipeline=1 async_ane=15 gpu_overlap=237 finishes=15 waits=30
ds4: Flash-MoE overlap plan layer=13 exec_groups=252 planned_ane_groups=15 planned_ane_refs=9491 planned_gpu_groups=237 planned_gpu_refs=38893 tail_gpu_groups=8 tail_gpu_refs=993 planned_ssd_groups=244 est_gpu=54061.0 est_ane=22414.5 est_idle=58.54% wall=395.704 ms actual_ane_groups=15 actual_ane_refs=9491 actual_gpu_groups=237 actual_gpu_refs=38893 finishes=15 waits=30 overlap_gpu_groups=237
ds4: Flash-MoE prefill layer=14 tokens=8064 unique=240 refs=48384 sync=379.634 ms plan=0.409 ms stage/compute=384.942 ms misses=253
ds4: Flash-MoE hybrid prefill layer=14 ane_groups=17 ane_refs=10362 gpu_i8_groups=236 gpu_i8_refs=38022 fp32_groups=0 ane_min_refs=128 concurrent=1 ane_pipeline=1 async_ane=17 gpu_overlap=236 finishes=17 waits=34
ds4: Flash-MoE overlap plan layer=14 exec_groups=253 planned_ane_groups=17 planned_ane_refs=10362 planned_gpu_groups=236 planned_gpu_refs=38022 tail_gpu_groups=13 tail_gpu_refs=1722 planned_ssd_groups=240 est_gpu=53126.0 est_ane=23200.0 est_idle=56.33% wall=383.695 ms actual_ane_groups=17 actual_ane_refs=10362 actual_gpu_groups=236 actual_gpu_refs=38022 finishes=17 waits=34 overlap_gpu_groups=236
ds4: Flash-MoE prefill layer=15 tokens=8064 unique=243 refs=48384 sync=189.510 ms plan=0.363 ms stage/compute=395.158 ms misses=256
ds4: Flash-MoE hybrid prefill layer=15 ane_groups=18 ane_refs=10450 gpu_i8_groups=238 gpu_i8_refs=37934 fp32_groups=0 ane_min_refs=128 concurrent=1 ane_pipeline=1 async_ane=18 gpu_overlap=238 finishes=18 waits=36
ds4: Flash-MoE overlap plan layer=15 exec_groups=256 planned_ane_groups=18 planned_ane_refs=10450 planned_gpu_groups=238 planned_gpu_refs=37934 tail_gpu_groups=13 tail_gpu_refs=1653 planned_ssd_groups=243 est_gpu=53166.0 est_ane=24290.9 est_idle=54.31% wall=394.019 ms actual_ane_groups=18 actual_ane_refs=10450 actual_gpu_groups=238 actual_gpu_refs=37934 finishes=18 waits=36 overlap_gpu_groups=238
ds4: Flash-MoE prefill layer=16 tokens=8064 unique=242 refs=48384 sync=355.532 ms plan=0.356 ms stage/compute=396.453 ms misses=256
ds4: Flash-MoE hybrid prefill layer=16 ane_groups=18 ane_refs=9864 gpu_i8_groups=238 gpu_i8_refs=38520 fp32_groups=0 ane_min_refs=128 concurrent=1 ane_pipeline=1 async_ane=18 gpu_overlap=238 finishes=18 waits=36
ds4: Flash-MoE overlap plan layer=16 exec_groups=256 planned_ane_groups=18 planned_ane_refs=9864 planned_gpu_groups=238 planned_gpu_refs=38520 tail_gpu_groups=14 tail_gpu_refs=1292 planned_ssd_groups=242 est_gpu=53752.0 est_ane=23360.0 est_idle=56.54% wall=395.213 ms actual_ane_groups=18 actual_ane_refs=9864 actual_gpu_groups=238 actual_gpu_refs=38520 finishes=18 waits=36 overlap_gpu_groups=238
ds4: Flash-MoE prefill layer=17 tokens=8064 unique=243 refs=48384 sync=186.663 ms plan=0.365 ms stage/compute=391.616 ms misses=255
ds4: Flash-MoE hybrid prefill layer=17 ane_groups=19 ane_refs=10010 gpu_i8_groups=236 gpu_i8_refs=38374 fp32_groups=0 ane_min_refs=128 concurrent=1 ane_pipeline=1 async_ane=19 gpu_overlap=236 finishes=19 waits=38
ds4: Flash-MoE overlap plan layer=17 exec_groups=255 planned_ane_groups=19 planned_ane_refs=10010 planned_gpu_groups=236 planned_gpu_refs=38374 tail_gpu_groups=12 tail_gpu_refs=986 planned_ssd_groups=243 est_gpu=53478.0 est_ane=23520.0 est_idle=56.02% wall=390.491 ms actual_ane_groups=19 actual_ane_refs=10010 actual_gpu_groups=236 actual_gpu_refs=38374 finishes=19 waits=38 overlap_gpu_groups=236
ds4: Flash-MoE prefill layer=18 tokens=8064 unique=241 refs=48384 sync=354.919 ms plan=0.385 ms stage/compute=407.716 ms misses=254
ds4: Flash-MoE hybrid prefill layer=18 ane_groups=18 ane_refs=11531 gpu_i8_groups=236 gpu_i8_refs=36853 fp32_groups=0 ane_min_refs=128 concurrent=1 ane_pipeline=1 async_ane=18 gpu_overlap=236 finishes=18 waits=36
ds4: Flash-MoE overlap plan layer=18 exec_groups=254 planned_ane_groups=18 planned_ane_refs=11531 planned_gpu_groups=236 planned_gpu_refs=36853 tail_gpu_groups=13 tail_gpu_refs=1504 planned_ssd_groups=241 est_gpu=51957.0 est_ane=25221.8 est_idle=51.46% wall=406.483 ms actual_ane_groups=18 actual_ane_refs=11531 actual_gpu_groups=236 actual_gpu_refs=36853 finishes=18 waits=36 overlap_gpu_groups=236
ds4: Flash-MoE prefill layer=19 tokens=8064 unique=242 refs=48384 sync=188.223 ms plan=0.373 ms stage/compute=375.087 ms misses=255
ds4: Flash-MoE hybrid prefill layer=19 ane_groups=19 ane_refs=8277 gpu_i8_groups=236 gpu_i8_refs=40107 fp32_groups=0 ane_min_refs=128 concurrent=1 ane_pipeline=1 async_ane=19 gpu_overlap=236 finishes=19 waits=38
ds4: Flash-MoE overlap plan layer=19 exec_groups=255 planned_ane_groups=19 planned_ane_refs=8277 planned_gpu_groups=236 planned_gpu_refs=40107 tail_gpu_groups=13 tail_gpu_refs=1366 planned_ssd_groups=242 est_gpu=55211.0 est_ane=19796.4 est_idle=64.14% wall=373.930 ms actual_ane_groups=19 actual_ane_refs=8277 actual_gpu_groups=236 actual_gpu_refs=40107 finishes=19 waits=38 overlap_gpu_groups=236
ds4: Flash-MoE prefill layer=20 tokens=8064 unique=239 refs=48384 sync=380.082 ms plan=0.438 ms stage/compute=387.665 ms misses=253
ds4: Flash-MoE hybrid prefill layer=20 ane_groups=17 ane_refs=10321 gpu_i8_groups=236 gpu_i8_refs=38063 fp32_groups=0 ane_min_refs=128 concurrent=1 ane_pipeline=1 async_ane=17 gpu_overlap=236 finishes=17 waits=34
ds4: Flash-MoE overlap plan layer=20 exec_groups=253 planned_ane_groups=17 planned_ane_refs=10321 planned_gpu_groups=236 planned_gpu_refs=38063 tail_gpu_groups=14 tail_gpu_refs=1643 planned_ssd_groups=239 est_gpu=53167.0 est_ane=23200.0 est_idle=56.36% wall=386.490 ms actual_ane_groups=17 actual_ane_refs=10321 actual_gpu_groups=236 actual_gpu_refs=38063 finishes=17 waits=34 overlap_gpu_groups=236
ds4: Flash-MoE prefill layer=21 tokens=8064 unique=242 refs=48384 sync=186.099 ms plan=0.386 ms stage/compute=375.973 ms misses=257
ds4: Flash-MoE hybrid prefill layer=21 ane_groups=19 ane_refs=9123 gpu_i8_groups=238 gpu_i8_refs=39261 fp32_groups=0 ane_min_refs=128 concurrent=1 ane_pipeline=1 async_ane=19 gpu_overlap=238 finishes=19 waits=38
ds4: Flash-MoE overlap plan layer=21 exec_groups=257 planned_ane_groups=19 planned_ane_refs=9123 planned_gpu_groups=238 planned_gpu_refs=39261 tail_gpu_groups=15 tail_gpu_refs=2176 planned_ssd_groups=242 est_gpu=54493.0 est_ane=21192.7 est_idle=61.11% wall=374.731 ms actual_ane_groups=19 actual_ane_refs=9123 actual_gpu_groups=238 actual_gpu_refs=39261 finishes=19 waits=38 overlap_gpu_groups=238
ds4: Flash-MoE prefill layer=22 tokens=8064 unique=248 refs=48384 sync=360.962 ms plan=0.366 ms stage/compute=403.073 ms misses=262
ds4: Flash-MoE hybrid prefill layer=22 ane_groups=19 ane_refs=10312 gpu_i8_groups=243 gpu_i8_refs=38072 fp32_groups=0 ane_min_refs=128 concurrent=1 ane_pipeline=1 async_ane=19 gpu_overlap=243 finishes=19 waits=38
ds4: Flash-MoE overlap plan layer=22 exec_groups=262 planned_ane_groups=19 planned_ane_refs=10312 planned_gpu_groups=243 planned_gpu_refs=38072 tail_gpu_groups=14 tail_gpu_refs=1025 planned_ssd_groups=248 est_gpu=53624.0 est_ane=23985.5 est_idle=55.27% wall=401.872 ms actual_ane_groups=19 actual_ane_refs=10312 actual_gpu_groups=243 actual_gpu_refs=38072 finishes=19 waits=38 overlap_gpu_groups=243
ds4: Flash-MoE prefill layer=23 tokens=8064 unique=241 refs=48384 sync=189.340 ms plan=0.379 ms stage/compute=373.063 ms misses=257
ds4: Flash-MoE hybrid prefill layer=23 ane_groups=19 ane_refs=8182 gpu_i8_groups=238 gpu_i8_refs=40202 fp32_groups=0 ane_min_refs=128 concurrent=1 ane_pipeline=1 async_ane=19 gpu_overlap=238 finishes=19 waits=38
ds4: Flash-MoE overlap plan layer=23 exec_groups=257 planned_ane_groups=19 planned_ane_refs=8182 planned_gpu_groups=238 planned_gpu_refs=40202 tail_gpu_groups=16 tail_gpu_refs=1720 planned_ssd_groups=241 est_gpu=55434.0 est_ane=19796.4 est_idle=64.29% wall=371.896 ms actual_ane_groups=19 actual_ane_refs=8182 actual_gpu_groups=238 actual_gpu_refs=40202 finishes=19 waits=38 overlap_gpu_groups=238
ds4: Flash-MoE prefill layer=24 tokens=8064 unique=238 refs=48384 sync=358.361 ms plan=0.368 ms stage/compute=379.425 ms misses=251
ds4: Flash-MoE hybrid prefill layer=24 ane_groups=17 ane_refs=9423 gpu_i8_groups=234 gpu_i8_refs=38961 fp32_groups=0 ane_min_refs=128 concurrent=1 ane_pipeline=1 async_ane=17 gpu_overlap=234 finishes=17 waits=34
ds4: Flash-MoE overlap plan layer=24 exec_groups=251 planned_ane_groups=17 planned_ane_refs=9423 planned_gpu_groups=234 planned_gpu_refs=38961 tail_gpu_groups=13 tail_gpu_refs=919 planned_ssd_groups=238 est_gpu=53937.0 est_ane=21803.6 est_idle=59.58% wall=378.272 ms actual_ane_groups=17 actual_ane_refs=9423 actual_gpu_groups=234 actual_gpu_refs=38961 finishes=17 waits=34 overlap_gpu_groups=234
ds4: Flash-MoE prefill layer=25 tokens=8064 unique=247 refs=48384 sync=186.967 ms plan=0.344 ms stage/compute=385.483 ms misses=265
ds4: Flash-MoE hybrid prefill layer=25 ane_groups=20 ane_refs=9193 gpu_i8_groups=245 gpu_i8_refs=39191 fp32_groups=0 ane_min_refs=128 concurrent=1 ane_pipeline=1 async_ane=20 gpu_overlap=245 finishes=20 waits=40
ds4: Flash-MoE overlap plan layer=25 exec_groups=265 planned_ane_groups=20 planned_ane_refs=9193 planned_gpu_groups=245 planned_gpu_refs=39191 tail_gpu_groups=18 tail_gpu_refs=1653 planned_ssd_groups=247 est_gpu=54871.0 est_ane=21352.7 est_idle=61.09% wall=384.155 ms actual_ane_groups=20 actual_ane_refs=9193 actual_gpu_groups=245 actual_gpu_refs=39191 finishes=20 waits=40 overlap_gpu_groups=245
ds4: Flash-MoE prefill layer=26 tokens=8064 unique=238 refs=48384 sync=352.569 ms plan=0.346 ms stage/compute=374.563 ms misses=249
ds4: Flash-MoE hybrid prefill layer=26 ane_groups=17 ane_refs=10666 gpu_i8_groups=232 gpu_i8_refs=37718 fp32_groups=0 ane_min_refs=128 concurrent=1 ane_pipeline=1 async_ane=17 gpu_overlap=232 finishes=17 waits=34
ds4: Flash-MoE overlap plan layer=26 exec_groups=249 planned_ane_groups=17 planned_ane_refs=10666 planned_gpu_groups=232 planned_gpu_refs=37718 tail_gpu_groups=11 tail_gpu_refs=521 planned_ssd_groups=238 est_gpu=52566.0 est_ane=24130.9 est_idle=54.09% wall=373.391 ms actual_ane_groups=17 actual_ane_refs=10666 actual_gpu_groups=232 actual_gpu_refs=37718 finishes=17 waits=34 overlap_gpu_groups=232
ds4: Flash-MoE prefill layer=27 tokens=8064 unique=245 refs=48384 sync=186.830 ms plan=0.339 ms stage/compute=382.273 ms misses=257
ds4: Flash-MoE hybrid prefill layer=27 ane_groups=17 ane_refs=8366 gpu_i8_groups=240 gpu_i8_refs=40018 fp32_groups=0 ane_min_refs=128 concurrent=1 ane_pipeline=1 async_ane=17 gpu_overlap=240 finishes=17 waits=34
ds4: Flash-MoE overlap plan layer=27 exec_groups=257 planned_ane_groups=17 planned_ane_refs=8366 planned_gpu_groups=240 planned_gpu_refs=40018 tail_gpu_groups=12 tail_gpu_refs=1106 planned_ssd_groups=245 est_gpu=55378.0 est_ane=19941.8 est_idle=63.99% wall=381.028 ms actual_ane_groups=17 actual_ane_refs=8366 actual_gpu_groups=240 actual_gpu_refs=40018 finishes=17 waits=34 overlap_gpu_groups=240
ds4: Flash-MoE prefill layer=28 tokens=8064 unique=242 refs=48384 sync=355.904 ms plan=0.398 ms stage/compute=388.909 ms misses=254
ds4: Flash-MoE hybrid prefill layer=28 ane_groups=17 ane_refs=8854 gpu_i8_groups=237 gpu_i8_refs=39530 fp32_groups=0 ane_min_refs=128 concurrent=1 ane_pipeline=1 async_ane=17 gpu_overlap=237 finishes=17 waits=34
ds4: Flash-MoE overlap plan layer=28 exec_groups=254 planned_ane_groups=17 planned_ane_refs=8854 planned_gpu_groups=237 planned_gpu_refs=39530 tail_gpu_groups=12 tail_gpu_refs=1005 planned_ssd_groups=242 est_gpu=54698.0 est_ane=20872.7 est_idle=61.84% wall=387.716 ms actual_ane_groups=17 actual_ane_refs=8854 actual_gpu_groups=237 actual_gpu_refs=39530 finishes=17 waits=34 overlap_gpu_groups=237
ds4: Flash-MoE prefill layer=29 tokens=8064 unique=248 refs=48384 sync=187.832 ms plan=0.356 ms stage/compute=407.318 ms misses=264
ds4: Flash-MoE hybrid prefill layer=29 ane_groups=20 ane_refs=9351 gpu_i8_groups=244 gpu_i8_refs=39033 fp32_groups=0 ane_min_refs=128 concurrent=1 ane_pipeline=1 async_ane=20 gpu_overlap=244 finishes=20 waits=40
ds4: Flash-MoE overlap plan layer=29 exec_groups=264 planned_ane_groups=20 planned_ane_refs=9351 planned_gpu_groups=244 planned_gpu_refs=39033 tail_gpu_groups=16 tail_gpu_refs=1654 planned_ssd_groups=248 est_gpu=54649.0 est_ane=21818.2 est_idle=60.08% wall=406.159 ms actual_ane_groups=20 actual_ane_refs=9351 actual_gpu_groups=244 actual_gpu_refs=39033 finishes=20 waits=40 overlap_gpu_groups=244
ds4: Flash-MoE prefill layer=30 tokens=8064 unique=242 refs=48384 sync=357.015 ms plan=0.389 ms stage/compute=388.774 ms misses=262
ds4: Flash-MoE hybrid prefill layer=30 ane_groups=22 ane_refs=9850 gpu_i8_groups=240 gpu_i8_refs=38534 fp32_groups=0 ane_min_refs=128 concurrent=1 ane_pipeline=1 async_ane=22 gpu_overlap=240 finishes=22 waits=44
ds4: Flash-MoE overlap plan layer=30 exec_groups=262 planned_ane_groups=22 planned_ane_refs=9850 planned_gpu_groups=240 planned_gpu_refs=38534 tail_gpu_groups=20 tail_gpu_refs=1909 planned_ssd_groups=242 est_gpu=53894.0 est_ane=23069.1 est_idle=57.20% wall=387.505 ms actual_ane_groups=22 actual_ane_refs=9850 actual_gpu_groups=240 actual_gpu_refs=38534 finishes=22 waits=44 overlap_gpu_groups=240
ds4: Flash-MoE prefill layer=31 tokens=8064 unique=247 refs=48384 sync=186.992 ms plan=0.276 ms stage/compute=391.996 ms misses=260
ds4: Flash-MoE hybrid prefill layer=31 ane_groups=20 ane_refs=9977 gpu_i8_groups=240 gpu_i8_refs=38407 fp32_groups=0 ane_min_refs=128 concurrent=1 ane_pipeline=1 async_ane=20 gpu_overlap=240 finishes=20 waits=40
ds4: Flash-MoE overlap plan layer=31 exec_groups=260 planned_ane_groups=20 planned_ane_refs=9977 planned_gpu_groups=240 planned_gpu_refs=38407 tail_gpu_groups=13 tail_gpu_refs=1252 planned_ssd_groups=247 est_gpu=53767.0 est_ane=23680.0 est_idle=55.96% wall=390.802 ms actual_ane_groups=20 actual_ane_refs=9977 actual_gpu_groups=240 actual_gpu_refs=38407 finishes=20 waits=40 overlap_gpu_groups=240
ds4: Flash-MoE prefill layer=32 tokens=8064 unique=242 refs=48384 sync=358.256 ms plan=0.390 ms stage/compute=388.042 ms misses=256
ds4: Flash-MoE hybrid prefill layer=32 ane_groups=19 ane_refs=9564 gpu_i8_groups=237 gpu_i8_refs=38820 fp32_groups=0 ane_min_refs=128 concurrent=1 ane_pipeline=1 async_ane=19 gpu_overlap=237 finishes=19 waits=38
ds4: Flash-MoE overlap plan layer=32 exec_groups=256 planned_ane_groups=19 planned_ane_refs=9564 planned_gpu_groups=237 planned_gpu_refs=38820 tail_gpu_groups=14 tail_gpu_refs=1175 planned_ssd_groups=242 est_gpu=53988.0 est_ane=22589.1 est_idle=58.16% wall=386.879 ms actual_ane_groups=19 actual_ane_refs=9564 actual_gpu_groups=237 actual_gpu_refs=38820 finishes=19 waits=38 overlap_gpu_groups=237
ds4: Flash-MoE prefill layer=33 tokens=8064 unique=244 refs=48384 sync=189.631 ms plan=0.359 ms stage/compute=393.566 ms misses=257
ds4: Flash-MoE hybrid prefill layer=33 ane_groups=17 ane_refs=9470 gpu_i8_groups=240 gpu_i8_refs=38914 fp32_groups=0 ane_min_refs=128 concurrent=1 ane_pipeline=1 async_ane=17 gpu_overlap=240 finishes=17 waits=34
ds4: Flash-MoE overlap plan layer=33 exec_groups=257 planned_ane_groups=17 planned_ane_refs=9470 planned_gpu_groups=240 planned_gpu_refs=38914 tail_gpu_groups=13 tail_gpu_refs=1507 planned_ssd_groups=244 est_gpu=54274.0 est_ane=21338.2 est_idle=60.68% wall=392.325 ms actual_ane_groups=17 actual_ane_refs=9470 actual_gpu_groups=240 actual_gpu_refs=38914 finishes=17 waits=34 overlap_gpu_groups=240
ds4: Flash-MoE prefill layer=34 tokens=8064 unique=245 refs=48384 sync=356.830 ms plan=0.260 ms stage/compute=403.204 ms misses=256
ds4: Flash-MoE hybrid prefill layer=34 ane_groups=17 ane_refs=9783 gpu_i8_groups=239 gpu_i8_refs=38601 fp32_groups=0 ane_min_refs=128 concurrent=1 ane_pipeline=1 async_ane=17 gpu_overlap=239 finishes=17 waits=34
ds4: Flash-MoE overlap plan layer=34 exec_groups=256 planned_ane_groups=17 planned_ane_refs=9783 planned_gpu_groups=239 planned_gpu_refs=38601 tail_gpu_groups=11 tail_gpu_refs=1467 planned_ssd_groups=245 est_gpu=53897.0 est_ane=22269.1 est_idle=58.68% wall=402.010 ms actual_ane_groups=17 actual_ane_refs=9783 actual_gpu_groups=239 actual_gpu_refs=38601 finishes=17 waits=34 overlap_gpu_groups=239
ds4: Flash-MoE prefill layer=35 tokens=8064 unique=246 refs=48384 sync=187.810 ms plan=0.342 ms stage/compute=383.046 ms misses=253
ds4: Flash-MoE hybrid prefill layer=35 ane_groups=13 ane_refs=8230 gpu_i8_groups=240 gpu_i8_refs=40154 fp32_groups=0 ane_min_refs=128 concurrent=1 ane_pipeline=1 async_ane=13 gpu_overlap=240 finishes=13 waits=26
ds4: Flash-MoE overlap plan layer=35 exec_groups=253 planned_ane_groups=13 planned_ane_refs=8230 planned_gpu_groups=240 planned_gpu_refs=40154 tail_gpu_groups=7 tail_gpu_refs=937 planned_ssd_groups=246 est_gpu=55514.0 est_ane=19301.8 est_idle=65.23% wall=381.777 ms actual_ane_groups=13 actual_ane_refs=8230 actual_gpu_groups=240 actual_gpu_refs=40154 finishes=13 waits=26 overlap_gpu_groups=240
ds4: Flash-MoE prefill layer=36 tokens=8064 unique=248 refs=48384 sync=354.839 ms plan=0.389 ms stage/compute=405.393 ms misses=263
ds4: Flash-MoE hybrid prefill layer=36 ane_groups=20 ane_refs=11066 gpu_i8_groups=243 gpu_i8_refs=37318 fp32_groups=0 ane_min_refs=128 concurrent=1 ane_pipeline=1 async_ane=20 gpu_overlap=243 finishes=20 waits=40
ds4: Flash-MoE overlap plan layer=36 exec_groups=263 planned_ane_groups=20 planned_ane_refs=11066 planned_gpu_groups=243 planned_gpu_refs=37318 tail_gpu_groups=15 tail_gpu_refs=1425 planned_ssd_groups=248 est_gpu=52870.0 est_ane=25076.4 est_idle=52.57% wall=404.155 ms actual_ane_groups=20 actual_ane_refs=11066 actual_gpu_groups=243 actual_gpu_refs=37318 finishes=20 waits=40 overlap_gpu_groups=243
ds4: Flash-MoE prefill layer=37 tokens=8064 unique=249 refs=48384 sync=186.896 ms plan=0.334 ms stage/compute=418.909 ms misses=266
ds4: Flash-MoE hybrid prefill layer=37 ane_groups=16 ane_refs=9766 gpu_i8_groups=250 gpu_i8_refs=38618 fp32_groups=0 ane_min_refs=128 concurrent=1 ane_pipeline=1 async_ane=16 gpu_overlap=250 finishes=16 waits=32
ds4: Flash-MoE overlap plan layer=37 exec_groups=266 planned_ane_groups=16 planned_ane_refs=9766 planned_gpu_groups=250 planned_gpu_refs=38618 tail_gpu_groups=17 tail_gpu_refs=1383 planned_ssd_groups=249 est_gpu=54618.0 est_ane=22109.1 est_idle=59.52% wall=417.740 ms actual_ane_groups=16 actual_ane_refs=9766 actual_gpu_groups=250 actual_gpu_refs=38618 finishes=16 waits=32 overlap_gpu_groups=250
ds4: Flash-MoE prefill layer=38 tokens=8064 unique=246 refs=48384 sync=352.215 ms plan=0.417 ms stage/compute=404.150 ms misses=259
ds4: Flash-MoE hybrid prefill layer=38 ane_groups=18 ane_refs=9909 gpu_i8_groups=241 gpu_i8_refs=38475 fp32_groups=0 ane_min_refs=128 concurrent=1 ane_pipeline=1 async_ane=18 gpu_overlap=241 finishes=18 waits=36
ds4: Flash-MoE overlap plan layer=38 exec_groups=259 planned_ane_groups=18 planned_ane_refs=9909 planned_gpu_groups=241 planned_gpu_refs=38475 tail_gpu_groups=13 tail_gpu_refs=1019 planned_ssd_groups=246 est_gpu=53899.0 est_ane=22429.1 est_idle=58.39% wall=402.871 ms actual_ane_groups=18 actual_ane_refs=9909 actual_gpu_groups=241 actual_gpu_refs=38475 finishes=18 waits=36 overlap_gpu_groups=241
ds4: Flash-MoE prefill layer=39 tokens=8064 unique=252 refs=48384 sync=187.626 ms plan=0.335 ms stage/compute=411.843 ms misses=263
ds4: Flash-MoE hybrid prefill layer=39 ane_groups=17 ane_refs=9391 gpu_i8_groups=246 gpu_i8_refs=38993 fp32_groups=0 ane_min_refs=128 concurrent=1 ane_pipeline=1 async_ane=17 gpu_overlap=246 finishes=17 waits=34
ds4: Flash-MoE overlap plan layer=39 exec_groups=263 planned_ane_groups=17 planned_ane_refs=9391 planned_gpu_groups=246 planned_gpu_refs=38993 tail_gpu_groups=11 tail_gpu_refs=1438 planned_ssd_groups=252 est_gpu=54737.0 est_ane=21338.2 est_idle=61.02% wall=410.646 ms actual_ane_groups=17 actual_ane_refs=9391 actual_gpu_groups=246 actual_gpu_refs=38993 finishes=17 waits=34 overlap_gpu_groups=246
ds4: Flash-MoE prefill layer=40 tokens=8064 unique=232 refs=48384 sync=382.195 ms plan=0.368 ms stage/compute=450.615 ms misses=241
ds4: Flash-MoE hybrid prefill layer=40 ane_groups=17 ane_refs=11139 gpu_i8_groups=224 gpu_i8_refs=37245 fp32_groups=0 ane_min_refs=128 concurrent=1 ane_pipeline=1 async_ane=17 gpu_overlap=224 finishes=17 waits=34
ds4: Flash-MoE overlap plan layer=40 exec_groups=241 planned_ane_groups=17 planned_ane_refs=11139 planned_gpu_groups=224 planned_gpu_refs=37245 tail_gpu_groups=9 tail_gpu_refs=668 planned_ssd_groups=232 est_gpu=51581.0 est_ane=25061.8 est_idle=51.41% wall=449.444 ms actual_ane_groups=17 actual_ane_refs=11139 actual_gpu_groups=224 actual_gpu_refs=37245 finishes=17 waits=34 overlap_gpu_groups=224
ds4: Flash-MoE prefill layer=41 tokens=8064 unique=235 refs=48384 sync=185.773 ms plan=0.361 ms stage/compute=449.612 ms misses=249
ds4: Flash-MoE hybrid prefill layer=41 ane_groups=21 ane_refs=10509 gpu_i8_groups=228 gpu_i8_refs=37875 fp32_groups=0 ane_min_refs=128 concurrent=1 ane_pipeline=1 async_ane=21 gpu_overlap=228 finishes=21 waits=42
ds4: Flash-MoE overlap plan layer=41 exec_groups=249 planned_ane_groups=21 planned_ane_refs=10509 planned_gpu_groups=228 planned_gpu_refs=37875 tail_gpu_groups=14 tail_gpu_refs=1108 planned_ssd_groups=235 est_gpu=52467.0 est_ane=24305.5 est_idle=53.67% wall=448.377 ms actual_ane_groups=21 actual_ane_refs=10509 actual_gpu_groups=228 actual_gpu_refs=37875 finishes=21 waits=42 overlap_gpu_groups=228
ds4: Flash-MoE prefill layer=42 tokens=8064 unique=235 refs=48384 sync=375.634 ms plan=0.380 ms stage/compute=449.655 ms misses=249
ds4: Flash-MoE hybrid prefill layer=42 ane_groups=19 ane_refs=9443 gpu_i8_groups=230 gpu_i8_refs=38941 fp32_groups=0 ane_min_refs=128 concurrent=1 ane_pipeline=1 async_ane=19 gpu_overlap=230 finishes=19 waits=38
ds4: Flash-MoE overlap plan layer=42 exec_groups=249 planned_ane_groups=19 planned_ane_refs=9443 planned_gpu_groups=230 planned_gpu_refs=38941 tail_gpu_groups=14 tail_gpu_refs=968 planned_ssd_groups=235 est_gpu=53661.0 est_ane=21658.2 est_idle=59.64% wall=448.465 ms actual_ane_groups=19 actual_ane_refs=9443 actual_gpu_groups=230 actual_gpu_refs=38941 finishes=19 waits=38 overlap_gpu_groups=230
processing 8423 input tokens: 8064/8423 (95.7%) batch=255.49 t/s avg=249.26 t/s
ds4: Flash-MoE prefill layer=0 tokens=359 unique=255 refs=2154 sync=9.574 ms plan=0.323 ms stage/compute=428.449 ms misses=255
ds4: Flash-MoE hybrid prefill layer=0 ane_groups=0 ane_refs=0 gpu_i8_groups=255 gpu_i8_refs=2154 fp32_groups=0 ane_min_refs=128 concurrent=1 ane_pipeline=1 async_ane=0 gpu_overlap=0 finishes=0 waits=0
ds4: Flash-MoE overlap plan layer=0 exec_groups=255 planned_ane_groups=0 planned_ane_refs=0 planned_gpu_groups=255 planned_gpu_refs=2154 tail_gpu_groups=0 tail_gpu_refs=0 planned_ssd_groups=255 est_gpu=18474.0 est_ane=0.0 est_idle=100.00% wall=428.211 ms actual_ane_groups=0 actual_ane_refs=0 actual_gpu_groups=255 actual_gpu_refs=2154 finishes=0 waits=0 overlap_gpu_groups=0
ds4: Flash-MoE prefill layer=1 tokens=359 unique=256 refs=2154 sync=9.412 ms plan=0.343 ms stage/compute=426.241 ms misses=256
ds4: Flash-MoE hybrid prefill layer=1 ane_groups=0 ane_refs=0 gpu_i8_groups=256 gpu_i8_refs=2154 fp32_groups=0 ane_min_refs=128 concurrent=1 ane_pipeline=1 async_ane=0 gpu_overlap=0 finishes=0 waits=0
ds4: Flash-MoE overlap plan layer=1 exec_groups=256 planned_ane_groups=0 planned_ane_refs=0 planned_gpu_groups=256 planned_gpu_refs=2154 tail_gpu_groups=0 tail_gpu_refs=0 planned_ssd_groups=256 est_gpu=18538.0 est_ane=0.0 est_idle=100.00% wall=425.996 ms actual_ane_groups=0 actual_ane_refs=0 actual_gpu_groups=256 actual_gpu_refs=2154 finishes=0 waits=0 overlap_gpu_groups=0
ds4: Flash-MoE prefill layer=2 tokens=359 unique=255 refs=2154 sync=53.510 ms plan=0.342 ms stage/compute=425.672 ms misses=255
ds4: Flash-MoE hybrid prefill layer=2 ane_groups=0 ane_refs=0 gpu_i8_groups=255 gpu_i8_refs=2154 fp32_groups=0 ane_min_refs=128 concurrent=1 ane_pipeline=1 async_ane=0 gpu_overlap=0 finishes=0 waits=0
ds4: Flash-MoE overlap plan layer=2 exec_groups=255 planned_ane_groups=0 planned_ane_refs=0 planned_gpu_groups=255 planned_gpu_refs=2154 tail_gpu_groups=0 tail_gpu_refs=0 planned_ssd_groups=255 est_gpu=18474.0 est_ane=0.0 est_idle=100.00% wall=425.431 ms actual_ane_groups=0 actual_ane_refs=0 actual_gpu_groups=255 actual_gpu_refs=2154 finishes=0 waits=0 overlap_gpu_groups=0
ds4: Flash-MoE prefill layer=3 tokens=359 unique=214 refs=2154 sync=10.953 ms plan=0.319 ms stage/compute=358.932 ms misses=214
ds4: Flash-MoE hybrid prefill layer=3 ane_groups=0 ane_refs=0 gpu_i8_groups=214 gpu_i8_refs=2154 fp32_groups=0 ane_min_refs=128 concurrent=1 ane_pipeline=1 async_ane=0 gpu_overlap=0 finishes=0 waits=0
ds4: Flash-MoE overlap plan layer=3 exec_groups=214 planned_ane_groups=0 planned_ane_refs=0 planned_gpu_groups=214 planned_gpu_refs=2154 tail_gpu_groups=0 tail_gpu_refs=0 planned_ssd_groups=214 est_gpu=15850.0 est_ane=0.0 est_idle=100.00% wall=358.749 ms actual_ane_groups=0 actual_ane_refs=0 actual_gpu_groups=214 actual_gpu_refs=2154 finishes=0 waits=0 overlap_gpu_groups=0
ds4: Flash-MoE prefill layer=4 tokens=359 unique=203 refs=2154 sync=24.747 ms plan=0.311 ms stage/compute=343.274 ms misses=203
ds4: Flash-MoE hybrid prefill layer=4 ane_groups=0 ane_refs=0 gpu_i8_groups=203 gpu_i8_refs=2154 fp32_groups=0 ane_min_refs=128 concurrent=1 ane_pipeline=1 async_ane=0 gpu_overlap=0 finishes=0 waits=0
ds4: Flash-MoE overlap plan layer=4 exec_groups=203 planned_ane_groups=0 planned_ane_refs=0 planned_gpu_groups=203 planned_gpu_refs=2154 tail_gpu_groups=0 tail_gpu_refs=0 planned_ssd_groups=203 est_gpu=15146.0 est_ane=0.0 est_idle=100.00% wall=343.083 ms actual_ane_groups=0 actual_ane_refs=0 actual_gpu_groups=203 actual_gpu_refs=2154 finishes=0 waits=0 overlap_gpu_groups=0
ds4: Flash-MoE prefill layer=5 tokens=359 unique=220 refs=2154 sync=10.842 ms plan=0.321 ms stage/compute=368.271 ms misses=220
ds4: Flash-MoE hybrid prefill layer=5 ane_groups=0 ane_refs=0 gpu_i8_groups=220 gpu_i8_refs=2154 fp32_groups=0 ane_min_refs=128 concurrent=1 ane_pipeline=1 async_ane=0 gpu_overlap=0 finishes=0 waits=0
ds4: Flash-MoE overlap plan layer=5 exec_groups=220 planned_ane_groups=0 planned_ane_refs=0 planned_gpu_groups=220 planned_gpu_refs=2154 tail_gpu_groups=0 tail_gpu_refs=0 planned_ssd_groups=220 est_gpu=16234.0 est_ane=0.0 est_idle=100.00% wall=368.101 ms actual_ane_groups=0 actual_ane_refs=0 actual_gpu_groups=220 actual_gpu_refs=2154 finishes=0 waits=0 overlap_gpu_groups=0
ds4: Flash-MoE prefill layer=6 tokens=359 unique=196 refs=2154 sync=24.671 ms plan=0.304 ms stage/compute=331.137 ms misses=196
ds4: Flash-MoE hybrid prefill layer=6 ane_groups=0 ane_refs=0 gpu_i8_groups=196 gpu_i8_refs=2154 fp32_groups=0 ane_min_refs=128 concurrent=1 ane_pipeline=1 async_ane=0 gpu_overlap=0 finishes=0 waits=0
ds4: Flash-MoE overlap plan layer=6 exec_groups=196 planned_ane_groups=0 planned_ane_refs=0 planned_gpu_groups=196 planned_gpu_refs=2154 tail_gpu_groups=0 tail_gpu_refs=0 planned_ssd_groups=196 est_gpu=14698.0 est_ane=0.0 est_idle=100.00% wall=330.961 ms actual_ane_groups=0 actual_ane_refs=0 actual_gpu_groups=196 actual_gpu_refs=2154 finishes=0 waits=0 overlap_gpu_groups=0
ds4: Flash-MoE prefill layer=7 tokens=359 unique=195 refs=2154 sync=10.738 ms plan=0.256 ms stage/compute=329.565 ms misses=195
ds4: Flash-MoE hybrid prefill layer=7 ane_groups=0 ane_refs=0 gpu_i8_groups=195 gpu_i8_refs=2154 fp32_groups=0 ane_min_refs=128 concurrent=1 ane_pipeline=1 async_ane=0 gpu_overlap=0 finishes=0 waits=0
ds4: Flash-MoE overlap plan layer=7 exec_groups=195 planned_ane_groups=0 planned_ane_refs=0 planned_gpu_groups=195 planned_gpu_refs=2154 tail_gpu_groups=0 tail_gpu_refs=0 planned_ssd_groups=195 est_gpu=14634.0 est_ane=0.0 est_idle=100.00% wall=329.404 ms actual_ane_groups=0 actual_ane_refs=0 actual_gpu_groups=195 actual_gpu_refs=2154 finishes=0 waits=0 overlap_gpu_groups=0
ds4: Flash-MoE prefill layer=8 tokens=359 unique=200 refs=2154 sync=24.794 ms plan=0.323 ms stage/compute=337.674 ms misses=200
ds4: Flash-MoE hybrid prefill layer=8 ane_groups=0 ane_refs=0 gpu_i8_groups=200 gpu_i8_refs=2154 fp32_groups=0 ane_min_refs=128 concurrent=1 ane_pipeline=1 async_ane=0 gpu_overlap=0 finishes=0 waits=0
ds4: Flash-MoE overlap plan layer=8 exec_groups=200 planned_ane_groups=0 planned_ane_refs=0 planned_gpu_groups=200 planned_gpu_refs=2154 tail_gpu_groups=0 tail_gpu_refs=0 planned_ssd_groups=200 est_gpu=14954.0 est_ane=0.0 est_idle=100.00% wall=337.480 ms actual_ane_groups=0 actual_ane_refs=0 actual_gpu_groups=200 actual_gpu_refs=2154 finishes=0 waits=0 overlap_gpu_groups=0
ds4: Flash-MoE prefill layer=9 tokens=359 unique=211 refs=2154 sync=10.734 ms plan=0.386 ms stage/compute=343.927 ms misses=211
ds4: Flash-MoE hybrid prefill layer=9 ane_groups=0 ane_refs=0 gpu_i8_groups=211 gpu_i8_refs=2154 fp32_groups=0 ane_min_refs=128 concurrent=1 ane_pipeline=1 async_ane=0 gpu_overlap=0 finishes=0 waits=0
ds4: Flash-MoE overlap plan layer=9 exec_groups=211 planned_ane_groups=0 planned_ane_refs=0 planned_gpu_groups=211 planned_gpu_refs=2154 tail_gpu_groups=0 tail_gpu_refs=0 planned_ssd_groups=211 est_gpu=15658.0 est_ane=0.0 est_idle=100.00% wall=343.752 ms actual_ane_groups=0 actual_ane_refs=0 actual_gpu_groups=211 actual_gpu_refs=2154 finishes=0 waits=0 overlap_gpu_groups=0
ds4: Flash-MoE prefill layer=10 tokens=359 unique=193 refs=2154 sync=24.885 ms plan=0.299 ms stage/compute=248.876 ms misses=193
ds4: Flash-MoE hybrid prefill layer=10 ane_groups=0 ane_refs=0 gpu_i8_groups=193 gpu_i8_refs=2154 fp32_groups=0 ane_min_refs=128 concurrent=1 ane_pipeline=1 async_ane=0 gpu_overlap=0 finishes=0 waits=0
ds4: Flash-MoE overlap plan layer=10 exec_groups=193 planned_ane_groups=0 planned_ane_refs=0 planned_gpu_groups=193 planned_gpu_refs=2154 tail_gpu_groups=0 tail_gpu_refs=0 planned_ssd_groups=193 est_gpu=14506.0 est_ane=0.0 est_idle=100.00% wall=248.717 ms actual_ane_groups=0 actual_ane_refs=0 actual_gpu_groups=193 actual_gpu_refs=2154 finishes=0 waits=0 overlap_gpu_groups=0
ds4: Flash-MoE prefill layer=11 tokens=359 unique=196 refs=2154 sync=10.734 ms plan=0.319 ms stage/compute=251.663 ms misses=196
ds4: Flash-MoE hybrid prefill layer=11 ane_groups=0 ane_refs=0 gpu_i8_groups=196 gpu_i8_refs=2154 fp32_groups=0 ane_min_refs=128 concurrent=1 ane_pipeline=1 async_ane=0 gpu_overlap=0 finishes=0 waits=0
ds4: Flash-MoE overlap plan layer=11 exec_groups=196 planned_ane_groups=0 planned_ane_refs=0 planned_gpu_groups=196 planned_gpu_refs=2154 tail_gpu_groups=0 tail_gpu_refs=0 planned_ssd_groups=196 est_gpu=14698.0 est_ane=0.0 est_idle=100.00% wall=251.504 ms actual_ane_groups=0 actual_ane_refs=0 actual_gpu_groups=196 actual_gpu_refs=2154 finishes=0 waits=0 overlap_gpu_groups=0
ds4: Flash-MoE prefill layer=12 tokens=359 unique=172 refs=2154 sync=24.833 ms plan=0.348 ms stage/compute=224.256 ms misses=172
ds4: Flash-MoE hybrid prefill layer=12 ane_groups=0 ane_refs=0 gpu_i8_groups=172 gpu_i8_refs=2154 fp32_groups=0 ane_min_refs=128 concurrent=1 ane_pipeline=1 async_ane=0 gpu_overlap=0 finishes=0 waits=0
ds4: Flash-MoE overlap plan layer=12 exec_groups=172 planned_ane_groups=0 planned_ane_refs=0 planned_gpu_groups=172 planned_gpu_refs=2154 tail_gpu_groups=0 tail_gpu_refs=0 planned_ssd_groups=172 est_gpu=13162.0 est_ane=0.0 est_idle=100.00% wall=224.058 ms actual_ane_groups=0 actual_ane_refs=0 actual_gpu_groups=172 actual_gpu_refs=2154 finishes=0 waits=0 overlap_gpu_groups=0
ds4: Flash-MoE prefill layer=13 tokens=359 unique=191 refs=2154 sync=10.761 ms plan=0.357 ms stage/compute=248.609 ms misses=191
ds4: Flash-MoE hybrid prefill layer=13 ane_groups=0 ane_refs=0 gpu_i8_groups=191 gpu_i8_refs=2154 fp32_groups=0 ane_min_refs=128 concurrent=1 ane_pipeline=1 async_ane=0 gpu_overlap=0 finishes=0 waits=0
ds4: Flash-MoE overlap plan layer=13 exec_groups=191 planned_ane_groups=0 planned_ane_refs=0 planned_gpu_groups=191 planned_gpu_refs=2154 tail_gpu_groups=0 tail_gpu_refs=0 planned_ssd_groups=191 est_gpu=14378.0 est_ane=0.0 est_idle=100.00% wall=248.444 ms actual_ane_groups=0 actual_ane_refs=0 actual_gpu_groups=191 actual_gpu_refs=2154 finishes=0 waits=0 overlap_gpu_groups=0
ds4: Flash-MoE prefill layer=14 tokens=359 unique=197 refs=2154 sync=24.601 ms plan=0.374 ms stage/compute=254.316 ms misses=197
ds4: Flash-MoE hybrid prefill layer=14 ane_groups=0 ane_refs=0 gpu_i8_groups=197 gpu_i8_refs=2154 fp32_groups=0 ane_min_refs=128 concurrent=1 ane_pipeline=1 async_ane=0 gpu_overlap=0 finishes=0 waits=0
ds4: Flash-MoE overlap plan layer=14 exec_groups=197 planned_ane_groups=0 planned_ane_refs=0 planned_gpu_groups=197 planned_gpu_refs=2154 tail_gpu_groups=0 tail_gpu_refs=0 planned_ssd_groups=197 est_gpu=14762.0 est_ane=0.0 est_idle=100.00% wall=254.145 ms actual_ane_groups=0 actual_ane_refs=0 actual_gpu_groups=197 actual_gpu_refs=2154 finishes=0 waits=0 overlap_gpu_groups=0
ds4: Flash-MoE prefill layer=15 tokens=359 unique=183 refs=2154 sync=10.803 ms plan=0.380 ms stage/compute=239.165 ms misses=183
ds4: Flash-MoE hybrid prefill layer=15 ane_groups=0 ane_refs=0 gpu_i8_groups=183 gpu_i8_refs=2154 fp32_groups=0 ane_min_refs=128 concurrent=1 ane_pipeline=1 async_ane=0 gpu_overlap=0 finishes=0 waits=0
ds4: Flash-MoE overlap plan layer=15 exec_groups=183 planned_ane_groups=0 planned_ane_refs=0 planned_gpu_groups=183 planned_gpu_refs=2154 tail_gpu_groups=0 tail_gpu_refs=0 planned_ssd_groups=183 est_gpu=13866.0 est_ane=0.0 est_idle=100.00% wall=238.981 ms actual_ane_groups=0 actual_ane_refs=0 actual_gpu_groups=183 actual_gpu_refs=2154 finishes=0 waits=0 overlap_gpu_groups=0
ds4: Flash-MoE prefill layer=16 tokens=359 unique=180 refs=2154 sync=24.741 ms plan=0.360 ms stage/compute=231.378 ms misses=180
ds4: Flash-MoE hybrid prefill layer=16 ane_groups=0 ane_refs=0 gpu_i8_groups=180 gpu_i8_refs=2154 fp32_groups=0 ane_min_refs=128 concurrent=1 ane_pipeline=1 async_ane=0 gpu_overlap=0 finishes=0 waits=0
ds4: Flash-MoE overlap plan layer=16 exec_groups=180 planned_ane_groups=0 planned_ane_refs=0 planned_gpu_groups=180 planned_gpu_refs=2154 tail_gpu_groups=0 tail_gpu_refs=0 planned_ssd_groups=180 est_gpu=13674.0 est_ane=0.0 est_idle=100.00% wall=231.221 ms actual_ane_groups=0 actual_ane_refs=0 actual_gpu_groups=180 actual_gpu_refs=2154 finishes=0 waits=0 overlap_gpu_groups=0
ds4: Flash-MoE prefill layer=17 tokens=359 unique=189 refs=2154 sync=10.769 ms plan=0.312 ms stage/compute=243.510 ms misses=189
ds4: Flash-MoE hybrid prefill layer=17 ane_groups=0 ane_refs=0 gpu_i8_groups=189 gpu_i8_refs=2154 fp32_groups=0 ane_min_refs=128 concurrent=1 ane_pipeline=1 async_ane=0 gpu_overlap=0 finishes=0 waits=0
ds4: Flash-MoE overlap plan layer=17 exec_groups=189 planned_ane_groups=0 planned_ane_refs=0 planned_gpu_groups=189 planned_gpu_refs=2154 tail_gpu_groups=0 tail_gpu_refs=0 planned_ssd_groups=189 est_gpu=14250.0 est_ane=0.0 est_idle=100.00% wall=243.353 ms actual_ane_groups=0 actual_ane_refs=0 actual_gpu_groups=189 actual_gpu_refs=2154 finishes=0 waits=0 overlap_gpu_groups=0
ds4: Flash-MoE prefill layer=18 tokens=359 unique=180 refs=2154 sync=24.632 ms plan=0.297 ms stage/compute=239.781 ms misses=180
ds4: Flash-MoE hybrid prefill layer=18 ane_groups=0 ane_refs=0 gpu_i8_groups=180 gpu_i8_refs=2154 fp32_groups=0 ane_min_refs=128 concurrent=1 ane_pipeline=1 async_ane=0 gpu_overlap=0 finishes=0 waits=0
ds4: Flash-MoE overlap plan layer=18 exec_groups=180 planned_ane_groups=0 planned_ane_refs=0 planned_gpu_groups=180 planned_gpu_refs=2154 tail_gpu_groups=0 tail_gpu_refs=0 planned_ssd_groups=180 est_gpu=13674.0 est_ane=0.0 est_idle=100.00% wall=239.609 ms actual_ane_groups=0 actual_ane_refs=0 actual_gpu_groups=180 actual_gpu_refs=2154 finishes=0 waits=0 overlap_gpu_groups=0
ds4: Flash-MoE prefill layer=19 tokens=359 unique=209 refs=2154 sync=10.970 ms plan=0.311 ms stage/compute=271.683 ms misses=209
ds4: Flash-MoE hybrid prefill layer=19 ane_groups=0 ane_refs=0 gpu_i8_groups=209 gpu_i8_refs=2154 fp32_groups=0 ane_min_refs=128 concurrent=1 ane_pipeline=1 async_ane=0 gpu_overlap=0 finishes=0 waits=0
ds4: Flash-MoE overlap plan layer=19 exec_groups=209 planned_ane_groups=0 planned_ane_refs=0 planned_gpu_groups=209 planned_gpu_refs=2154 tail_gpu_groups=0 tail_gpu_refs=0 planned_ssd_groups=209 est_gpu=15530.0 est_ane=0.0 est_idle=100.00% wall=271.501 ms actual_ane_groups=0 actual_ane_refs=0 actual_gpu_groups=209 actual_gpu_refs=2154 finishes=0 waits=0 overlap_gpu_groups=0
ds4: Flash-MoE prefill layer=20 tokens=359 unique=171 refs=2154 sync=24.747 ms plan=0.353 ms stage/compute=216.467 ms misses=171
ds4: Flash-MoE hybrid prefill layer=20 ane_groups=0 ane_refs=0 gpu_i8_groups=171 gpu_i8_refs=2154 fp32_groups=0 ane_min_refs=128 concurrent=1 ane_pipeline=1 async_ane=0 gpu_overlap=0 finishes=0 waits=0
ds4: Flash-MoE overlap plan layer=20 exec_groups=171 planned_ane_groups=0 planned_ane_refs=0 planned_gpu_groups=171 planned_gpu_refs=2154 tail_gpu_groups=0 tail_gpu_refs=0 planned_ssd_groups=171 est_gpu=13098.0 est_ane=0.0 est_idle=100.00% wall=216.301 ms actual_ane_groups=0 actual_ane_refs=0 actual_gpu_groups=171 actual_gpu_refs=2154 finishes=0 waits=0 overlap_gpu_groups=0
ds4: Flash-MoE prefill layer=21 tokens=359 unique=188 refs=2154 sync=10.763 ms plan=0.303 ms stage/compute=232.143 ms misses=188
ds4: Flash-MoE hybrid prefill layer=21 ane_groups=0 ane_refs=0 gpu_i8_groups=188 gpu_i8_refs=2154 fp32_groups=0 ane_min_refs=128 concurrent=1 ane_pipeline=1 async_ane=0 gpu_overlap=0 finishes=0 waits=0
ds4: Flash-MoE overlap plan layer=21 exec_groups=188 planned_ane_groups=0 planned_ane_refs=0 planned_gpu_groups=188 planned_gpu_refs=2154 tail_gpu_groups=0 tail_gpu_refs=0 planned_ssd_groups=188 est_gpu=14186.0 est_ane=0.0 est_idle=100.00% wall=231.972 ms actual_ane_groups=0 actual_ane_refs=0 actual_gpu_groups=188 actual_gpu_refs=2154 finishes=0 waits=0 overlap_gpu_groups=0
ds4: Flash-MoE prefill layer=22 tokens=359 unique=187 refs=2154 sync=24.688 ms plan=0.377 ms stage/compute=227.233 ms misses=187
ds4: Flash-MoE hybrid prefill layer=22 ane_groups=0 ane_refs=0 gpu_i8_groups=187 gpu_i8_refs=2154 fp32_groups=0 ane_min_refs=128 concurrent=1 ane_pipeline=1 async_ane=0 gpu_overlap=0 finishes=0 waits=0
ds4: Flash-MoE overlap plan layer=22 exec_groups=187 planned_ane_groups=0 planned_ane_refs=0 planned_gpu_groups=187 planned_gpu_refs=2154 tail_gpu_groups=0 tail_gpu_refs=0 planned_ssd_groups=187 est_gpu=14122.0 est_ane=0.0 est_idle=100.00% wall=227.070 ms actual_ane_groups=0 actual_ane_refs=0 actual_gpu_groups=187 actual_gpu_refs=2154 finishes=0 waits=0 overlap_gpu_groups=0
ds4: Flash-MoE prefill layer=23 tokens=359 unique=203 refs=2154 sync=10.821 ms plan=0.313 ms stage/compute=246.978 ms misses=203
ds4: Flash-MoE hybrid prefill layer=23 ane_groups=0 ane_refs=0 gpu_i8_groups=203 gpu_i8_refs=2154 fp32_groups=0 ane_min_refs=128 concurrent=1 ane_pipeline=1 async_ane=0 gpu_overlap=0 finishes=0 waits=0
ds4: Flash-MoE overlap plan layer=23 exec_groups=203 planned_ane_groups=0 planned_ane_refs=0 planned_gpu_groups=203 planned_gpu_refs=2154 tail_gpu_groups=0 tail_gpu_refs=0 planned_ssd_groups=203 est_gpu=15146.0 est_ane=0.0 est_idle=100.00% wall=246.812 ms actual_ane_groups=0 actual_ane_refs=0 actual_gpu_groups=203 actual_gpu_refs=2154 finishes=0 waits=0 overlap_gpu_groups=0
ds4: Flash-MoE prefill layer=24 tokens=359 unique=185 refs=2154 sync=25.685 ms plan=0.303 ms stage/compute=229.514 ms misses=185
ds4: Flash-MoE hybrid prefill layer=24 ane_groups=0 ane_refs=0 gpu_i8_groups=185 gpu_i8_refs=2154 fp32_groups=0 ane_min_refs=128 concurrent=1 ane_pipeline=1 async_ane=0 gpu_overlap=0 finishes=0 waits=0
ds4: Flash-MoE overlap plan layer=24 exec_groups=185 planned_ane_groups=0 planned_ane_refs=0 planned_gpu_groups=185 planned_gpu_refs=2154 tail_gpu_groups=0 tail_gpu_refs=0 planned_ssd_groups=185 est_gpu=13994.0 est_ane=0.0 est_idle=100.00% wall=229.360 ms actual_ane_groups=0 actual_ane_refs=0 actual_gpu_groups=185 actual_gpu_refs=2154 finishes=0 waits=0 overlap_gpu_groups=0
ds4: Flash-MoE prefill layer=25 tokens=359 unique=200 refs=2154 sync=10.774 ms plan=0.312 ms stage/compute=244.354 ms misses=200
ds4: Flash-MoE hybrid prefill layer=25 ane_groups=0 ane_refs=0 gpu_i8_groups=200 gpu_i8_refs=2154 fp32_groups=0 ane_min_refs=128 concurrent=1 ane_pipeline=1 async_ane=0 gpu_overlap=0 finishes=0 waits=0
ds4: Flash-MoE overlap plan layer=25 exec_groups=200 planned_ane_groups=0 planned_ane_refs=0 planned_gpu_groups=200 planned_gpu_refs=2154 tail_gpu_groups=0 tail_gpu_refs=0 planned_ssd_groups=200 est_gpu=14954.0 est_ane=0.0 est_idle=100.00% wall=244.161 ms actual_ane_groups=0 actual_ane_refs=0 actual_gpu_groups=200 actual_gpu_refs=2154 finishes=0 waits=0 overlap_gpu_groups=0
ds4: Flash-MoE prefill layer=26 tokens=359 unique=180 refs=2154 sync=24.572 ms plan=0.309 ms stage/compute=225.369 ms misses=180
ds4: Flash-MoE hybrid prefill layer=26 ane_groups=0 ane_refs=0 gpu_i8_groups=180 gpu_i8_refs=2154 fp32_groups=0 ane_min_refs=128 concurrent=1 ane_pipeline=1 async_ane=0 gpu_overlap=0 finishes=0 waits=0
ds4: Flash-MoE overlap plan layer=26 exec_groups=180 planned_ane_groups=0 planned_ane_refs=0 planned_gpu_groups=180 planned_gpu_refs=2154 tail_gpu_groups=0 tail_gpu_refs=0 planned_ssd_groups=180 est_gpu=13674.0 est_ane=0.0 est_idle=100.00% wall=225.202 ms actual_ane_groups=0 actual_ane_refs=0 actual_gpu_groups=180 actual_gpu_refs=2154 finishes=0 waits=0 overlap_gpu_groups=0
ds4: Flash-MoE prefill layer=27 tokens=359 unique=195 refs=2154 sync=10.911 ms plan=0.317 ms stage/compute=240.220 ms misses=195
ds4: Flash-MoE hybrid prefill layer=27 ane_groups=0 ane_refs=0 gpu_i8_groups=195 gpu_i8_refs=2154 fp32_groups=0 ane_min_refs=128 concurrent=1 ane_pipeline=1 async_ane=0 gpu_overlap=0 finishes=0 waits=0
ds4: Flash-MoE overlap plan layer=27 exec_groups=195 planned_ane_groups=0 planned_ane_refs=0 planned_gpu_groups=195 planned_gpu_refs=2154 tail_gpu_groups=0 tail_gpu_refs=0 planned_ssd_groups=195 est_gpu=14634.0 est_ane=0.0 est_idle=100.00% wall=240.039 ms actual_ane_groups=0 actual_ane_refs=0 actual_gpu_groups=195 actual_gpu_refs=2154 finishes=0 waits=0 overlap_gpu_groups=0
ds4: Flash-MoE prefill layer=28 tokens=359 unique=188 refs=2154 sync=24.554 ms plan=0.341 ms stage/compute=235.473 ms misses=188
ds4: Flash-MoE hybrid prefill layer=28 ane_groups=0 ane_refs=0 gpu_i8_groups=188 gpu_i8_refs=2154 fp32_groups=0 ane_min_refs=128 concurrent=1 ane_pipeline=1 async_ane=0 gpu_overlap=0 finishes=0 waits=0
ds4: Flash-MoE overlap plan layer=28 exec_groups=188 planned_ane_groups=0 planned_ane_refs=0 planned_gpu_groups=188 planned_gpu_refs=2154 tail_gpu_groups=0 tail_gpu_refs=0 planned_ssd_groups=188 est_gpu=14186.0 est_ane=0.0 est_idle=100.00% wall=235.309 ms actual_ane_groups=0 actual_ane_refs=0 actual_gpu_groups=188 actual_gpu_refs=2154 finishes=0 waits=0 overlap_gpu_groups=0
ds4: Flash-MoE prefill layer=29 tokens=359 unique=188 refs=2154 sync=10.812 ms plan=0.301 ms stage/compute=239.684 ms misses=188
ds4: Flash-MoE hybrid prefill layer=29 ane_groups=0 ane_refs=0 gpu_i8_groups=188 gpu_i8_refs=2154 fp32_groups=0 ane_min_refs=128 concurrent=1 ane_pipeline=1 async_ane=0 gpu_overlap=0 finishes=0 waits=0
ds4: Flash-MoE overlap plan layer=29 exec_groups=188 planned_ane_groups=0 planned_ane_refs=0 planned_gpu_groups=188 planned_gpu_refs=2154 tail_gpu_groups=0 tail_gpu_refs=0 planned_ssd_groups=188 est_gpu=14186.0 est_ane=0.0 est_idle=100.00% wall=239.514 ms actual_ane_groups=0 actual_ane_refs=0 actual_gpu_groups=188 actual_gpu_refs=2154 finishes=0 waits=0 overlap_gpu_groups=0
ds4: Flash-MoE prefill layer=30 tokens=359 unique=190 refs=2154 sync=24.915 ms plan=0.348 ms stage/compute=240.181 ms misses=190
ds4: Flash-MoE hybrid prefill layer=30 ane_groups=0 ane_refs=0 gpu_i8_groups=190 gpu_i8_refs=2154 fp32_groups=0 ane_min_refs=128 concurrent=1 ane_pipeline=1 async_ane=0 gpu_overlap=0 finishes=0 waits=0
ds4: Flash-MoE overlap plan layer=30 exec_groups=190 planned_ane_groups=0 planned_ane_refs=0 planned_gpu_groups=190 planned_gpu_refs=2154 tail_gpu_groups=0 tail_gpu_refs=0 planned_ssd_groups=190 est_gpu=14314.0 est_ane=0.0 est_idle=100.00% wall=240.003 ms actual_ane_groups=0 actual_ane_refs=0 actual_gpu_groups=190 actual_gpu_refs=2154 finishes=0 waits=0 overlap_gpu_groups=0
ds4: Flash-MoE prefill layer=31 tokens=359 unique=193 refs=2154 sync=10.775 ms plan=0.373 ms stage/compute=244.137 ms misses=193
ds4: Flash-MoE hybrid prefill layer=31 ane_groups=0 ane_refs=0 gpu_i8_groups=193 gpu_i8_refs=2154 fp32_groups=0 ane_min_refs=128 concurrent=1 ane_pipeline=1 async_ane=0 gpu_overlap=0 finishes=0 waits=0
ds4: Flash-MoE overlap plan layer=31 exec_groups=193 planned_ane_groups=0 planned_ane_refs=0 planned_gpu_groups=193 planned_gpu_refs=2154 tail_gpu_groups=0 tail_gpu_refs=0 planned_ssd_groups=193 est_gpu=14506.0 est_ane=0.0 est_idle=100.00% wall=243.959 ms actual_ane_groups=0 actual_ane_refs=0 actual_gpu_groups=193 actual_gpu_refs=2154 finishes=0 waits=0 overlap_gpu_groups=0
ds4: Flash-MoE prefill layer=32 tokens=359 unique=186 refs=2154 sync=25.106 ms plan=0.346 ms stage/compute=237.308 ms misses=186
ds4: Flash-MoE hybrid prefill layer=32 ane_groups=0 ane_refs=0 gpu_i8_groups=186 gpu_i8_refs=2154 fp32_groups=0 ane_min_refs=128 concurrent=1 ane_pipeline=1 async_ane=0 gpu_overlap=0 finishes=0 waits=0
ds4: Flash-MoE overlap plan layer=32 exec_groups=186 planned_ane_groups=0 planned_ane_refs=0 planned_gpu_groups=186 planned_gpu_refs=2154 tail_gpu_groups=0 tail_gpu_refs=0 planned_ssd_groups=186 est_gpu=14058.0 est_ane=0.0 est_idle=100.00% wall=237.145 ms actual_ane_groups=0 actual_ane_refs=0 actual_gpu_groups=186 actual_gpu_refs=2154 finishes=0 waits=0 overlap_gpu_groups=0
ds4: Flash-MoE prefill layer=33 tokens=359 unique=174 refs=2154 sync=10.801 ms plan=0.326 ms stage/compute=221.625 ms misses=174
ds4: Flash-MoE hybrid prefill layer=33 ane_groups=0 ane_refs=0 gpu_i8_groups=174 gpu_i8_refs=2154 fp32_groups=0 ane_min_refs=128 concurrent=1 ane_pipeline=1 async_ane=0 gpu_overlap=0 finishes=0 waits=0
ds4: Flash-MoE overlap plan layer=33 exec_groups=174 planned_ane_groups=0 planned_ane_refs=0 planned_gpu_groups=174 planned_gpu_refs=2154 tail_gpu_groups=0 tail_gpu_refs=0 planned_ssd_groups=174 est_gpu=13290.0 est_ane=0.0 est_idle=100.00% wall=221.472 ms actual_ane_groups=0 actual_ane_refs=0 actual_gpu_groups=174 actual_gpu_refs=2154 finishes=0 waits=0 overlap_gpu_groups=0
ds4: Flash-MoE prefill layer=34 tokens=359 unique=177 refs=2154 sync=25.024 ms plan=0.320 ms stage/compute=226.482 ms misses=177
ds4: Flash-MoE hybrid prefill layer=34 ane_groups=0 ane_refs=0 gpu_i8_groups=177 gpu_i8_refs=2154 fp32_groups=0 ane_min_refs=128 concurrent=1 ane_pipeline=1 async_ane=0 gpu_overlap=0 finishes=0 waits=0
ds4: Flash-MoE overlap plan layer=34 exec_groups=177 planned_ane_groups=0 planned_ane_refs=0 planned_gpu_groups=177 planned_gpu_refs=2154 tail_gpu_groups=0 tail_gpu_refs=0 planned_ssd_groups=177 est_gpu=13482.0 est_ane=0.0 est_idle=100.00% wall=226.328 ms actual_ane_groups=0 actual_ane_refs=0 actual_gpu_groups=177 actual_gpu_refs=2154 finishes=0 waits=0 overlap_gpu_groups=0
ds4: Flash-MoE prefill layer=35 tokens=359 unique=191 refs=2154 sync=10.799 ms plan=0.347 ms stage/compute=237.276 ms misses=191
ds4: Flash-MoE hybrid prefill layer=35 ane_groups=0 ane_refs=0 gpu_i8_groups=191 gpu_i8_refs=2154 fp32_groups=0 ane_min_refs=128 concurrent=1 ane_pipeline=1 async_ane=0 gpu_overlap=0 finishes=0 waits=0
ds4: Flash-MoE overlap plan layer=35 exec_groups=191 planned_ane_groups=0 planned_ane_refs=0 planned_gpu_groups=191 planned_gpu_refs=2154 tail_gpu_groups=0 tail_gpu_refs=0 planned_ssd_groups=191 est_gpu=14378.0 est_ane=0.0 est_idle=100.00% wall=237.103 ms actual_ane_groups=0 actual_ane_refs=0 actual_gpu_groups=191 actual_gpu_refs=2154 finishes=0 waits=0 overlap_gpu_groups=0
ds4: Flash-MoE prefill layer=36 tokens=359 unique=186 refs=2154 sync=25.123 ms plan=0.342 ms stage/compute=244.858 ms misses=186
ds4: Flash-MoE hybrid prefill layer=36 ane_groups=0 ane_refs=0 gpu_i8_groups=186 gpu_i8_refs=2154 fp32_groups=0 ane_min_refs=128 concurrent=1 ane_pipeline=1 async_ane=0 gpu_overlap=0 finishes=0 waits=0
ds4: Flash-MoE overlap plan layer=36 exec_groups=186 planned_ane_groups=0 planned_ane_refs=0 planned_gpu_groups=186 planned_gpu_refs=2154 tail_gpu_groups=0 tail_gpu_refs=0 planned_ssd_groups=186 est_gpu=14058.0 est_ane=0.0 est_idle=100.00% wall=244.694 ms actual_ane_groups=0 actual_ane_refs=0 actual_gpu_groups=186 actual_gpu_refs=2154 finishes=0 waits=0 overlap_gpu_groups=0
ds4: Flash-MoE prefill layer=37 tokens=359 unique=185 refs=2154 sync=10.876 ms plan=0.358 ms stage/compute=245.732 ms misses=185
ds4: Flash-MoE hybrid prefill layer=37 ane_groups=0 ane_refs=0 gpu_i8_groups=185 gpu_i8_refs=2154 fp32_groups=0 ane_min_refs=128 concurrent=1 ane_pipeline=1 async_ane=0 gpu_overlap=0 finishes=0 waits=0
ds4: Flash-MoE overlap plan layer=37 exec_groups=185 planned_ane_groups=0 planned_ane_refs=0 planned_gpu_groups=185 planned_gpu_refs=2154 tail_gpu_groups=0 tail_gpu_refs=0 planned_ssd_groups=185 est_gpu=13994.0 est_ane=0.0 est_idle=100.00% wall=245.547 ms actual_ane_groups=0 actual_ane_refs=0 actual_gpu_groups=185 actual_gpu_refs=2154 finishes=0 waits=0 overlap_gpu_groups=0
ds4: Flash-MoE prefill layer=38 tokens=359 unique=194 refs=2154 sync=24.989 ms plan=0.324 ms stage/compute=258.633 ms misses=194
ds4: Flash-MoE hybrid prefill layer=38 ane_groups=0 ane_refs=0 gpu_i8_groups=194 gpu_i8_refs=2154 fp32_groups=0 ane_min_refs=128 concurrent=1 ane_pipeline=1 async_ane=0 gpu_overlap=0 finishes=0 waits=0
ds4: Flash-MoE overlap plan layer=38 exec_groups=194 planned_ane_groups=0 planned_ane_refs=0 planned_gpu_groups=194 planned_gpu_refs=2154 tail_gpu_groups=0 tail_gpu_refs=0 planned_ssd_groups=194 est_gpu=14570.0 est_ane=0.0 est_idle=100.00% wall=258.448 ms actual_ane_groups=0 actual_ane_refs=0 actual_gpu_groups=194 actual_gpu_refs=2154 finishes=0 waits=0 overlap_gpu_groups=0
ds4: Flash-MoE prefill layer=39 tokens=359 unique=196 refs=2154 sync=10.858 ms plan=0.328 ms stage/compute=263.351 ms misses=196
ds4: Flash-MoE hybrid prefill layer=39 ane_groups=0 ane_refs=0 gpu_i8_groups=196 gpu_i8_refs=2154 fp32_groups=0 ane_min_refs=128 concurrent=1 ane_pipeline=1 async_ane=0 gpu_overlap=0 finishes=0 waits=0
ds4: Flash-MoE overlap plan layer=39 exec_groups=196 planned_ane_groups=0 planned_ane_refs=0 planned_gpu_groups=196 planned_gpu_refs=2154 tail_gpu_groups=0 tail_gpu_refs=0 planned_ssd_groups=196 est_gpu=14698.0 est_ane=0.0 est_idle=100.00% wall=263.171 ms actual_ane_groups=0 actual_ane_refs=0 actual_gpu_groups=196 actual_gpu_refs=2154 finishes=0 waits=0 overlap_gpu_groups=0
ds4: Flash-MoE prefill layer=40 tokens=359 unique=143 refs=2154 sync=24.834 ms plan=0.317 ms stage/compute=209.667 ms misses=143
ds4: Flash-MoE hybrid prefill layer=40 ane_groups=0 ane_refs=0 gpu_i8_groups=143 gpu_i8_refs=2154 fp32_groups=0 ane_min_refs=128 concurrent=1 ane_pipeline=1 async_ane=0 gpu_overlap=0 finishes=0 waits=0
ds4: Flash-MoE overlap plan layer=40 exec_groups=143 planned_ane_groups=0 planned_ane_refs=0 planned_gpu_groups=143 planned_gpu_refs=2154 tail_gpu_groups=0 tail_gpu_refs=0 planned_ssd_groups=143 est_gpu=11306.0 est_ane=0.0 est_idle=100.00% wall=209.543 ms actual_ane_groups=0 actual_ane_refs=0 actual_gpu_groups=143 actual_gpu_refs=2154 finishes=0 waits=0 overlap_gpu_groups=0
ds4: Flash-MoE prefill layer=41 tokens=359 unique=163 refs=2154 sync=10.872 ms plan=0.322 ms stage/compute=233.245 ms misses=163
ds4: Flash-MoE hybrid prefill layer=41 ane_groups=0 ane_refs=0 gpu_i8_groups=163 gpu_i8_refs=2154 fp32_groups=0 ane_min_refs=128 concurrent=1 ane_pipeline=1 async_ane=0 gpu_overlap=0 finishes=0 waits=0
ds4: Flash-MoE overlap plan layer=41 exec_groups=163 planned_ane_groups=0 planned_ane_refs=0 planned_gpu_groups=163 planned_gpu_refs=2154 tail_gpu_groups=0 tail_gpu_refs=0 planned_ssd_groups=163 est_gpu=12586.0 est_ane=0.0 est_idle=100.00% wall=233.091 ms actual_ane_groups=0 actual_ane_refs=0 actual_gpu_groups=163 actual_gpu_refs=2154 finishes=0 waits=0 overlap_gpu_groups=0
ds4: Flash-MoE prefill layer=42 tokens=359 unique=177 refs=2154 sync=24.950 ms plan=0.401 ms stage/compute=248.297 ms misses=177
ds4: Flash-MoE hybrid prefill layer=42 ane_groups=0 ane_refs=0 gpu_i8_groups=177 gpu_i8_refs=2154 fp32_groups=0 ane_min_refs=128 concurrent=1 ane_pipeline=1 async_ane=0 gpu_overlap=0 finishes=0 waits=0
ds4: Flash-MoE overlap plan layer=42 exec_groups=177 planned_ane_groups=0 planned_ane_refs=0 planned_gpu_groups=177 planned_gpu_refs=2154 tail_gpu_groups=0 tail_gpu_refs=0 planned_ssd_groups=177 est_gpu=13482.0 est_ane=0.0 est_idle=100.00% wall=248.139 ms actual_ane_groups=0 actual_ane_refs=0 actual_gpu_groups=177 actual_gpu_refs=2154 finishes=0 waits=0 overlap_gpu_groups=0
processing 8423 input tokens: 8423/8423 (100.0%) batch=28.64 t/s avg=187.65 t/s
ds4: Flash-MoE layer=0 sync=2.073 ms remap/install=5.539 ms misses=6
ds4: Flash-MoE layer=1 sync=6.820 ms remap/install=5.445 ms misses=6
ds4: Flash-MoE layer=2 sync=5.657 ms remap/install=5.034 ms misses=6
ds4: Flash-MoE layer=3 sync=4.758 ms remap/install=5.451 ms misses=6
ds4: Flash-MoE layer=4 sync=4.951 ms remap/install=5.414 ms misses=6
ds4: Flash-MoE layer=5 sync=5.453 ms remap/install=5.463 ms misses=6
ds4: Flash-MoE layer=6 sync=5.985 ms remap/install=5.281 ms misses=6
ds4: Flash-MoE layer=7 sync=5.607 ms remap/install=7.908 ms misses=6
ds4: Flash-MoE layer=8 sync=6.069 ms remap/install=5.633 ms misses=6
ds4: Flash-MoE layer=9 sync=5.448 ms remap/install=5.529 ms misses=6
ds4: Flash-MoE layer=10 sync=6.191 ms remap/install=5.060 ms misses=6
ds4: Flash-MoE layer=11 sync=5.469 ms remap/install=4.299 ms misses=6
ds4: Flash-MoE layer=12 sync=6.365 ms remap/install=4.354 ms misses=6
ds4: Flash-MoE layer=13 sync=5.689 ms remap/install=4.236 ms misses=6
ds4: Flash-MoE layer=14 sync=6.160 ms remap/install=4.103 ms misses=6
ds4: Flash-MoE layer=15 sync=5.389 ms remap/install=4.015 ms misses=6
ds4: Flash-MoE layer=16 sync=6.466 ms remap/install=4.105 ms misses=6
ds4: Flash-MoE layer=17 sync=5.767 ms remap/install=4.077 ms misses=6
ds4: Flash-MoE layer=18 sync=5.978 ms remap/install=4.057 ms misses=6
ds4: Flash-MoE layer=19 sync=5.523 ms remap/install=4.149 ms misses=6
ds4: Flash-MoE layer=20 sync=6.267 ms remap/install=4.247 ms misses=6
ds4: Flash-MoE layer=21 sync=5.634 ms remap/install=6.816 ms misses=6
ds4: Flash-MoE layer=22 sync=6.829 ms remap/install=3.977 ms misses=6
ds4: Flash-MoE layer=23 sync=5.965 ms remap/install=4.285 ms misses=6
ds4: Flash-MoE layer=24 sync=6.705 ms remap/install=3.946 ms misses=6
ds4: Flash-MoE layer=25 sync=5.659 ms remap/install=4.008 ms misses=6
ds4: Flash-MoE layer=26 sync=6.852 ms remap/install=4.457 ms misses=6
ds4: Flash-MoE layer=27 sync=5.850 ms remap/install=4.405 ms misses=6
ds4: Flash-MoE layer=28 sync=6.778 ms remap/install=4.255 ms misses=6
ds4: Flash-MoE layer=29 sync=5.835 ms remap/install=4.456 ms misses=6
ds4: Flash-MoE layer=30 sync=7.335 ms remap/install=4.277 ms misses=6
ds4: Flash-MoE layer=31 sync=6.714 ms remap/install=4.306 ms misses=6
ds4: Flash-MoE layer=32 sync=8.709 ms remap/install=6.356 ms misses=6
ds4: Flash-MoE layer=33 sync=7.832 ms remap/install=4.784 ms misses=6
ds4: Flash-MoE layer=34 sync=10.979 ms remap/install=4.817 ms misses=6
ds4: Flash-MoE layer=35 sync=7.758 ms remap/install=4.296 ms misses=6
ds4: Flash-MoE layer=36 sync=9.638 ms remap/install=4.349 ms misses=6
ds4: Flash-MoE layer=37 sync=6.569 ms remap/install=4.282 ms misses=6
ds4: Flash-MoE layer=38 sync=6.690 ms remap/install=4.315 ms misses=6
ds4: Flash-MoE layer=39 sync=5.820 ms remap/install=4.489 ms misses=6
ds4: Flash-MoE layer=40 sync=6.058 ms remap/install=4.651 ms misses=6
ds4: Flash-MoE layer=41 sync=8.135 ms remap/install=7.935 ms misses=6
ds4: Flash-MoE layer=42 sync=8.934 ms remap/install=4.479 ms misses=6
We
ds4: prefill: 187.65 t/s, generation: 2.01 t/s
ds4: Flash-MoE slot-bank stats hits=0 misses=19612 hit-rate=0.0% installed=132381.00 MiB
ds4: Flash-MoE prefill dedup refs=2173134 unique=18837 saved=2154297 (99.1%) reuse=115.37x
ds4: ANE prefill stats calls=783 ok=783 skipped_big_refs=0 compile_attempts=2 compile_failures=0 eval_calls=1017 eval_failures=0 write_failures=0 reopen_failures=0
ds4: ANE prefill timing dequant=7.374 ms input=0.278 ms ane_eval=2570.327 ms writeback=9.339 ms helper_avg=2.527362 ms ane_calls=1017 ane_call_avg=2.527362 ms
ds4: ANE prefill timing2 output_pack=1425.273 ms measured_total=4012.591 ms
ds4: ANE prefill chunks refs=397738 padded_refs=441344 pad_util=90.12% le16=1 le64=1 le128=3 full=439
ds4: ANE prefill batch_hist B256=310 refs=69471 util=87.5% B512=707 refs=328267 util=90.7%
