ds4: context buffers 7970.36 MiB (ctx=98192, backend=metal, prefill_chunk=32000, raw_kv_rows=8192, compressed_kv_rows=24550)
ds4: Flash-MoE sidecar loaded: /Users/anemll/Models/flash/dsv4-iq2xxs-expert-major (slot-bank=32, expert-record 6.75 MiB)
ds4: Metal device Apple M5 Max, 128.00 GiB RAM
ds4: Flash-MoE using mmap-backed dense/shared weights without full-model Metal residency warmup
ds4: Metal model views created in 0.312 ms, residency requested in 0.000 ms, warmup 0.000 ms (mapped 8393.67 MiB from offset 5.06 MiB)
ds4: Metal mapped mmaped model as 1 overlapping shared buffers
ds4: metal backend initialized for graph diagnostics
ds4: Flash-MoE slot banks allocated: layers=43 slots=32 gpu-bank=9288.00 MiB
ds4: Flash-MoE banked kernels using M5 simdgroup_matrix fast path (prefetch=3, banks=4)
ds4: ANE i8w-i8x-tiled-fused cached async prefill B=256 H=4096 I=2048 w_scale=0.00195312 x_scale=0.03125 mid_scale=0.03125
ds4: ANE i8w-i8x-tiled-fused cached async prefill B=512 H=4096 I=2048 w_scale=0.00195312 x_scale=0.03125 mid_scale=0.03125
processing 8423 input tokens: 0/8423 (0.0%) batch=0.00 t/s avg=0.00 t/s
ds4: Flash-MoE prefill layer=0 tokens=8064 unique=256 refs=48384 sync=431.804 ms plan=0.937 ms stage/compute=438.121 ms misses=257
ds4: Flash-MoE hybrid prefill layer=0 ane_groups=21 ane_refs=5290 gpu_i8_groups=236 gpu_i8_refs=43094 fp32_groups=0 ane_min_refs=128 concurrent=1 ane_pipeline=1 async_ane=21 gpu_overlap=236 finishes=21 waits=42
ds4: Flash-MoE overlap plan layer=0 exec_groups=257 planned_ane_groups=21 planned_ane_refs=5290 planned_gpu_groups=236 planned_gpu_refs=43094 tail_gpu_groups=1 tail_gpu_refs=19 planned_ssd_groups=256 est_gpu=58198.0 est_ane=14530.9 est_idle=75.03% wall=431.166 ms actual_ane_groups=21 actual_ane_refs=5290 actual_gpu_groups=236 actual_gpu_refs=43094 finishes=21 waits=42 overlap_gpu_groups=236
ds4: Flash-MoE prefill layer=1 tokens=8064 unique=256 refs=48384 sync=172.920 ms plan=0.363 ms stage/compute=390.890 ms misses=258
ds4: Flash-MoE hybrid prefill layer=1 ane_groups=21 ane_refs=5472 gpu_i8_groups=237 gpu_i8_refs=42912 fp32_groups=0 ane_min_refs=128 concurrent=1 ane_pipeline=1 async_ane=21 gpu_overlap=237 finishes=21 waits=42
ds4: Flash-MoE overlap plan layer=1 exec_groups=258 planned_ane_groups=21 planned_ane_refs=5472 planned_gpu_groups=237 planned_gpu_refs=42912 tail_gpu_groups=2 tail_gpu_refs=8 planned_ssd_groups=256 est_gpu=58080.0 est_ane=14996.4 est_idle=74.18% wall=389.646 ms actual_ane_groups=21 actual_ane_refs=5472 actual_gpu_groups=237 actual_gpu_refs=42912 finishes=21 waits=42 overlap_gpu_groups=237
ds4: Flash-MoE prefill layer=2 tokens=8064 unique=256 refs=48384 sync=446.592 ms plan=0.369 ms stage/compute=399.523 ms misses=261
ds4: Flash-MoE hybrid prefill layer=2 ane_groups=21 ane_refs=5472 gpu_i8_groups=240 gpu_i8_refs=42912 fp32_groups=0 ane_min_refs=128 concurrent=1 ane_pipeline=1 async_ane=21 gpu_overlap=240 finishes=21 waits=42
ds4: Flash-MoE overlap plan layer=2 exec_groups=261 planned_ane_groups=21 planned_ane_refs=5472 planned_gpu_groups=240 planned_gpu_refs=42912 tail_gpu_groups=5 tail_gpu_refs=155 planned_ssd_groups=256 est_gpu=58272.0 est_ane=14530.9 est_idle=75.06% wall=398.253 ms actual_ane_groups=21 actual_ane_refs=5472 actual_gpu_groups=240 actual_gpu_refs=42912 finishes=21 waits=42 overlap_gpu_groups=240
ds4: Flash-MoE prefill layer=3 tokens=8064 unique=245 refs=48384 sync=190.176 ms plan=0.387 ms stage/compute=403.019 ms misses=254
ds4: Flash-MoE hybrid prefill layer=3 ane_groups=19 ane_refs=8086 gpu_i8_groups=235 gpu_i8_refs=40298 fp32_groups=0 ane_min_refs=128 concurrent=1 ane_pipeline=1 async_ane=19 gpu_overlap=235 finishes=19 waits=38
ds4: Flash-MoE overlap plan layer=3 exec_groups=254 planned_ane_groups=19 planned_ane_refs=8086 planned_gpu_groups=235 planned_gpu_refs=40298 tail_gpu_groups=9 tail_gpu_refs=788 planned_ssd_groups=245 est_gpu=55338.0 est_ane=18865.5 est_idle=65.91% wall=401.811 ms actual_ane_groups=19 actual_ane_refs=8086 actual_gpu_groups=235 actual_gpu_refs=40298 finishes=19 waits=38 overlap_gpu_groups=235
ds4: Flash-MoE prefill layer=4 tokens=8064 unique=240 refs=48384 sync=354.276 ms plan=0.351 ms stage/compute=405.280 ms misses=251
ds4: Flash-MoE hybrid prefill layer=4 ane_groups=18 ane_refs=9443 gpu_i8_groups=233 gpu_i8_refs=38941 fp32_groups=0 ane_min_refs=128 concurrent=1 ane_pipeline=1 async_ane=18 gpu_overlap=233 finishes=18 waits=36
ds4: Flash-MoE overlap plan layer=4 exec_groups=251 planned_ane_groups=18 planned_ane_refs=9443 planned_gpu_groups=233 planned_gpu_refs=38941 tail_gpu_groups=11 tail_gpu_refs=736 planned_ssd_groups=240 est_gpu=53853.0 est_ane=21963.6 est_idle=59.22% wall=404.089 ms actual_ane_groups=18 actual_ane_refs=9443 actual_gpu_groups=233 actual_gpu_refs=38941 finishes=18 waits=36 overlap_gpu_groups=233
ds4: Flash-MoE prefill layer=5 tokens=8064 unique=250 refs=48384 sync=186.562 ms plan=0.248 ms stage/compute=407.917 ms misses=258
ds4: Flash-MoE hybrid prefill layer=5 ane_groups=19 ane_refs=8274 gpu_i8_groups=239 gpu_i8_refs=40110 fp32_groups=0 ane_min_refs=128 concurrent=1 ane_pipeline=1 async_ane=19 gpu_overlap=239 finishes=19 waits=38
ds4: Flash-MoE overlap plan layer=5 exec_groups=258 planned_ane_groups=19 planned_ane_refs=8274 planned_gpu_groups=239 planned_gpu_refs=40110 tail_gpu_groups=8 tail_gpu_refs=965 planned_ssd_groups=250 est_gpu=55406.0 est_ane=20727.3 est_idle=62.59% wall=406.584 ms actual_ane_groups=19 actual_ane_refs=8274 actual_gpu_groups=239 actual_gpu_refs=40110 finishes=19 waits=38 overlap_gpu_groups=239
ds4: Flash-MoE prefill layer=6 tokens=8064 unique=245 refs=48384 sync=355.267 ms plan=0.369 ms stage/compute=412.538 ms misses=255
ds4: Flash-MoE hybrid prefill layer=6 ane_groups=19 ane_refs=8741 gpu_i8_groups=236 gpu_i8_refs=39643 fp32_groups=0 ane_min_refs=128 concurrent=1 ane_pipeline=1 async_ane=19 gpu_overlap=236 finishes=19 waits=38
ds4: Flash-MoE overlap plan layer=6 exec_groups=255 planned_ane_groups=19 planned_ane_refs=8741 planned_gpu_groups=236 planned_gpu_refs=39643 tail_gpu_groups=10 tail_gpu_refs=689 planned_ssd_groups=245 est_gpu=54747.0 est_ane=20727.3 est_idle=62.14% wall=411.276 ms actual_ane_groups=19 actual_ane_refs=8741 actual_gpu_groups=236 actual_gpu_refs=39643 finishes=19 waits=38 overlap_gpu_groups=236
ds4: Flash-MoE prefill layer=7 tokens=8064 unique=249 refs=48384 sync=186.983 ms plan=0.363 ms stage/compute=426.416 ms misses=259
ds4: Flash-MoE hybrid prefill layer=7 ane_groups=16 ane_refs=9926 gpu_i8_groups=243 gpu_i8_refs=38458 fp32_groups=0 ane_min_refs=128 concurrent=1 ane_pipeline=1 async_ane=16 gpu_overlap=243 finishes=16 waits=32
ds4: Flash-MoE overlap plan layer=7 exec_groups=259 planned_ane_groups=16 planned_ane_refs=9926 planned_gpu_groups=243 planned_gpu_refs=38458 tail_gpu_groups=10 tail_gpu_refs=734 planned_ssd_groups=249 est_gpu=54010.0 est_ane=22574.5 est_idle=58.20% wall=425.230 ms actual_ane_groups=16 actual_ane_refs=9926 actual_gpu_groups=243 actual_gpu_refs=38458 finishes=16 waits=32 overlap_gpu_groups=243
ds4: Flash-MoE prefill layer=8 tokens=8064 unique=242 refs=48384 sync=375.861 ms plan=0.423 ms stage/compute=413.603 ms misses=251
ds4: Flash-MoE hybrid prefill layer=8 ane_groups=15 ane_refs=9054 gpu_i8_groups=236 gpu_i8_refs=39330 fp32_groups=0 ane_min_refs=128 concurrent=1 ane_pipeline=1 async_ane=15 gpu_overlap=236 finishes=15 waits=30
ds4: Flash-MoE overlap plan layer=8 exec_groups=251 planned_ane_groups=15 planned_ane_refs=9054 planned_gpu_groups=236 planned_gpu_refs=39330 tail_gpu_groups=9 tail_gpu_refs=1159 planned_ssd_groups=242 est_gpu=54434.0 est_ane=20552.7 est_idle=62.24% wall=412.381 ms actual_ane_groups=15 actual_ane_refs=9054 actual_gpu_groups=236 actual_gpu_refs=39330 finishes=15 waits=30 overlap_gpu_groups=236
ds4: Flash-MoE prefill layer=9 tokens=8064 unique=250 refs=48384 sync=188.246 ms plan=0.352 ms stage/compute=413.841 ms misses=264
ds4: Flash-MoE hybrid prefill layer=9 ane_groups=20 ane_refs=8643 gpu_i8_groups=244 gpu_i8_refs=39741 fp32_groups=0 ane_min_refs=128 concurrent=1 ane_pipeline=1 async_ane=20 gpu_overlap=244 finishes=20 waits=40
ds4: Flash-MoE overlap plan layer=9 exec_groups=264 planned_ane_groups=20 planned_ane_refs=8643 planned_gpu_groups=244 planned_gpu_refs=39741 tail_gpu_groups=14 tail_gpu_refs=1448 planned_ssd_groups=250 est_gpu=55357.0 est_ane=20421.8 est_idle=63.11% wall=412.625 ms actual_ane_groups=20 actual_ane_refs=8643 actual_gpu_groups=244 actual_gpu_refs=39741 finishes=20 waits=40 overlap_gpu_groups=244
ds4: Flash-MoE prefill layer=10 tokens=8064 unique=242 refs=48384 sync=374.489 ms plan=0.334 ms stage/compute=389.948 ms misses=253
ds4: Flash-MoE hybrid prefill layer=10 ane_groups=18 ane_refs=8658 gpu_i8_groups=235 gpu_i8_refs=39726 fp32_groups=0 ane_min_refs=128 concurrent=1 ane_pipeline=1 async_ane=18 gpu_overlap=235 finishes=18 waits=36
ds4: Flash-MoE overlap plan layer=10 exec_groups=253 planned_ane_groups=18 planned_ane_refs=8658 planned_gpu_groups=235 planned_gpu_refs=39726 tail_gpu_groups=11 tail_gpu_refs=1426 planned_ssd_groups=242 est_gpu=54766.0 est_ane=20567.3 est_idle=62.45% wall=388.844 ms actual_ane_groups=18 actual_ane_refs=8658 actual_gpu_groups=235 actual_gpu_refs=39726 finishes=18 waits=36 overlap_gpu_groups=235
ds4: Flash-MoE prefill layer=11 tokens=8064 unique=251 refs=48384 sync=188.730 ms plan=0.342 ms stage/compute=410.433 ms misses=266
ds4: Flash-MoE hybrid prefill layer=11 ane_groups=16 ane_refs=8850 gpu_i8_groups=250 gpu_i8_refs=39534 fp32_groups=0 ane_min_refs=128 concurrent=1 ane_pipeline=1 async_ane=16 gpu_overlap=250 finishes=16 waits=32
ds4: Flash-MoE overlap plan layer=11 exec_groups=266 planned_ane_groups=16 planned_ane_refs=8850 planned_gpu_groups=250 planned_gpu_refs=39534 tail_gpu_groups=15 tail_gpu_refs=1596 planned_ssd_groups=251 est_gpu=55534.0 est_ane=20247.3 est_idle=63.54% wall=409.249 ms actual_ane_groups=16 actual_ane_refs=8850 actual_gpu_groups=250 actual_gpu_refs=39534 finishes=16 waits=32 overlap_gpu_groups=250
ds4: Flash-MoE prefill layer=12 tokens=8064 unique=236 refs=48384 sync=357.363 ms plan=0.348 ms stage/compute=385.048 ms misses=251
ds4: Flash-MoE hybrid prefill layer=12 ane_groups=21 ane_refs=10704 gpu_i8_groups=230 gpu_i8_refs=37680 fp32_groups=0 ane_min_refs=128 concurrent=1 ane_pipeline=1 async_ane=21 gpu_overlap=230 finishes=21 waits=42
ds4: Flash-MoE overlap plan layer=12 exec_groups=251 planned_ane_groups=21 planned_ane_refs=10704 planned_gpu_groups=230 planned_gpu_refs=37680 tail_gpu_groups=15 tail_gpu_refs=1504 planned_ssd_groups=236 est_gpu=52400.0 est_ane=24770.9 est_idle=52.73% wall=383.879 ms actual_ane_groups=21 actual_ane_refs=10704 actual_gpu_groups=230 actual_gpu_refs=37680 finishes=21 waits=42 overlap_gpu_groups=230
ds4: Flash-MoE prefill layer=13 tokens=8064 unique=245 refs=48384 sync=185.872 ms plan=0.373 ms stage/compute=396.669 ms misses=254
ds4: Flash-MoE hybrid prefill layer=13 ane_groups=17 ane_refs=9947 gpu_i8_groups=237 gpu_i8_refs=38437 fp32_groups=0 ane_min_refs=128 concurrent=1 ane_pipeline=1 async_ane=17 gpu_overlap=237 finishes=17 waits=34
ds4: Flash-MoE overlap plan layer=13 exec_groups=254 planned_ane_groups=17 planned_ane_refs=9947 planned_gpu_groups=237 planned_gpu_refs=38437 tail_gpu_groups=9 tail_gpu_refs=1007 planned_ssd_groups=245 est_gpu=53605.0 est_ane=23200.0 est_idle=56.72% wall=395.510 ms actual_ane_groups=17 actual_ane_refs=9947 actual_gpu_groups=237 actual_gpu_refs=38437 finishes=17 waits=34 overlap_gpu_groups=237
ds4: Flash-MoE prefill layer=14 tokens=8064 unique=238 refs=48384 sync=374.845 ms plan=0.374 ms stage/compute=379.350 ms misses=250
ds4: Flash-MoE hybrid prefill layer=14 ane_groups=16 ane_refs=9998 gpu_i8_groups=234 gpu_i8_refs=38386 fp32_groups=0 ane_min_refs=128 concurrent=1 ane_pipeline=1 async_ane=16 gpu_overlap=234 finishes=16 waits=32
ds4: Flash-MoE overlap plan layer=14 exec_groups=250 planned_ane_groups=16 planned_ane_refs=9998 planned_gpu_groups=234 planned_gpu_refs=38386 tail_gpu_groups=12 tail_gpu_refs=1578 planned_ssd_groups=238 est_gpu=53362.0 est_ane=22574.5 est_idle=57.70% wall=378.140 ms actual_ane_groups=16 actual_ane_refs=9998 actual_gpu_groups=234 actual_gpu_refs=38386 finishes=16 waits=32 overlap_gpu_groups=234
ds4: Flash-MoE prefill layer=15 tokens=8064 unique=242 refs=48384 sync=185.233 ms plan=0.415 ms stage/compute=396.037 ms misses=257
ds4: Flash-MoE hybrid prefill layer=15 ane_groups=17 ane_refs=10140 gpu_i8_groups=240 gpu_i8_refs=38244 fp32_groups=0 ane_min_refs=128 concurrent=1 ane_pipeline=1 async_ane=17 gpu_overlap=240 finishes=17 waits=34
ds4: Flash-MoE overlap plan layer=15 exec_groups=257 planned_ane_groups=17 planned_ane_refs=10140 planned_gpu_groups=240 planned_gpu_refs=38244 tail_gpu_groups=15 tail_gpu_refs=1418 planned_ssd_groups=242 est_gpu=53604.0 est_ane=24130.9 est_idle=54.98% wall=394.793 ms actual_ane_groups=17 actual_ane_refs=10140 actual_gpu_groups=240 actual_gpu_refs=38244 finishes=17 waits=34 overlap_gpu_groups=240
ds4: Flash-MoE prefill layer=16 tokens=8064 unique=238 refs=48384 sync=352.609 ms plan=0.349 ms stage/compute=385.624 ms misses=252
ds4: Flash-MoE hybrid prefill layer=16 ane_groups=17 ane_refs=9730 gpu_i8_groups=235 gpu_i8_refs=38654 fp32_groups=0 ane_min_refs=128 concurrent=1 ane_pipeline=1 async_ane=17 gpu_overlap=235 finishes=17 waits=34
ds4: Flash-MoE overlap plan layer=16 exec_groups=252 planned_ane_groups=17 planned_ane_refs=9730 planned_gpu_groups=235 planned_gpu_refs=38654 tail_gpu_groups=14 tail_gpu_refs=1601 planned_ssd_groups=238 est_gpu=53694.0 est_ane=22269.1 est_idle=58.53% wall=384.434 ms actual_ane_groups=17 actual_ane_refs=9730 actual_gpu_groups=235 actual_gpu_refs=38654 finishes=17 waits=34 overlap_gpu_groups=235
ds4: Flash-MoE prefill layer=17 tokens=8064 unique=245 refs=48384 sync=186.858 ms plan=0.355 ms stage/compute=398.975 ms misses=257
ds4: Flash-MoE hybrid prefill layer=17 ane_groups=18 ane_refs=9854 gpu_i8_groups=239 gpu_i8_refs=38530 fp32_groups=0 ane_min_refs=128 concurrent=1 ane_pipeline=1 async_ane=18 gpu_overlap=239 finishes=18 waits=36
ds4: Flash-MoE overlap plan layer=17 exec_groups=257 planned_ane_groups=18 planned_ane_refs=9854 planned_gpu_groups=239 planned_gpu_refs=38530 tail_gpu_groups=12 tail_gpu_refs=850 planned_ssd_groups=245 est_gpu=53826.0 est_ane=22894.5 est_idle=57.47% wall=397.648 ms actual_ane_groups=18 actual_ane_refs=9854 actual_gpu_groups=239 actual_gpu_refs=38530 finishes=18 waits=36 overlap_gpu_groups=239
ds4: Flash-MoE prefill layer=18 tokens=8064 unique=243 refs=48384 sync=354.259 ms plan=0.325 ms stage/compute=402.039 ms misses=255
ds4: Flash-MoE hybrid prefill layer=18 ane_groups=16 ane_refs=11063 gpu_i8_groups=239 gpu_i8_refs=37321 fp32_groups=0 ane_min_refs=128 concurrent=1 ane_pipeline=1 async_ane=16 gpu_overlap=239 finishes=16 waits=32
ds4: Flash-MoE overlap plan layer=18 exec_groups=255 planned_ane_groups=16 planned_ane_refs=11063 planned_gpu_groups=239 planned_gpu_refs=37321 tail_gpu_groups=12 tail_gpu_refs=1451 planned_ssd_groups=243 est_gpu=52617.0 est_ane=23970.9 est_idle=54.44% wall=400.879 ms actual_ane_groups=16 actual_ane_refs=11063 actual_gpu_groups=239 actual_gpu_refs=37321 finishes=16 waits=32 overlap_gpu_groups=239
ds4: Flash-MoE prefill layer=19 tokens=8064 unique=243 refs=48384 sync=188.967 ms plan=0.358 ms stage/compute=385.390 ms misses=257
ds4: Flash-MoE hybrid prefill layer=19 ane_groups=20 ane_refs=8521 gpu_i8_groups=237 gpu_i8_refs=39863 fp32_groups=0 ane_min_refs=128 concurrent=1 ane_pipeline=1 async_ane=20 gpu_overlap=237 finishes=20 waits=40
ds4: Flash-MoE overlap plan layer=19 exec_groups=257 planned_ane_groups=20 planned_ane_refs=8521 planned_gpu_groups=237 planned_gpu_refs=39863 tail_gpu_groups=14 tail_gpu_refs=1271 planned_ssd_groups=243 est_gpu=55031.0 est_ane=20421.8 est_idle=62.89% wall=384.126 ms actual_ane_groups=20 actual_ane_refs=8521 actual_gpu_groups=237 actual_gpu_refs=39863 finishes=20 waits=40 overlap_gpu_groups=237
ds4: Flash-MoE prefill layer=20 tokens=8064 unique=236 refs=48384 sync=382.642 ms plan=0.374 ms stage/compute=393.213 ms misses=256
ds4: Flash-MoE hybrid prefill layer=20 ane_groups=16 ane_refs=10060 gpu_i8_groups=240 gpu_i8_refs=38324 fp32_groups=0 ane_min_refs=128 concurrent=1 ane_pipeline=1 async_ane=16 gpu_overlap=240 finishes=16 waits=32
ds4: Flash-MoE overlap plan layer=20 exec_groups=256 planned_ane_groups=16 planned_ane_refs=10060 planned_gpu_groups=240 planned_gpu_refs=38324 tail_gpu_groups=20 tail_gpu_refs=2265 planned_ssd_groups=236 est_gpu=53684.0 est_ane=22109.1 est_idle=58.82% wall=391.982 ms actual_ane_groups=16 actual_ane_refs=10060 actual_gpu_groups=240 actual_gpu_refs=38324 finishes=16 waits=32 overlap_gpu_groups=240
ds4: Flash-MoE prefill layer=21 tokens=8064 unique=244 refs=48384 sync=187.981 ms plan=0.365 ms stage/compute=390.015 ms misses=258
ds4: Flash-MoE hybrid prefill layer=21 ane_groups=20 ane_refs=9138 gpu_i8_groups=238 gpu_i8_refs=39246 fp32_groups=0 ane_min_refs=128 concurrent=1 ane_pipeline=1 async_ane=20 gpu_overlap=238 finishes=20 waits=40
ds4: Flash-MoE overlap plan layer=21 exec_groups=258 planned_ane_groups=20 planned_ane_refs=9138 planned_gpu_groups=238 planned_gpu_refs=39246 tail_gpu_groups=14 tail_gpu_refs=1994 planned_ssd_groups=244 est_gpu=54478.0 est_ane=22283.6 est_idle=59.10% wall=388.762 ms actual_ane_groups=20 actual_ane_refs=9138 actual_gpu_groups=238 actual_gpu_refs=39246 finishes=20 waits=40 overlap_gpu_groups=238
ds4: Flash-MoE prefill layer=22 tokens=8064 unique=247 refs=48384 sync=355.166 ms plan=0.348 ms stage/compute=393.434 ms misses=263
ds4: Flash-MoE hybrid prefill layer=22 ane_groups=20 ane_refs=10536 gpu_i8_groups=243 gpu_i8_refs=37848 fp32_groups=0 ane_min_refs=128 concurrent=1 ane_pipeline=1 async_ane=20 gpu_overlap=243 finishes=20 waits=40
ds4: Flash-MoE overlap plan layer=22 exec_groups=263 planned_ane_groups=20 planned_ane_refs=10536 planned_gpu_groups=243 planned_gpu_refs=37848 tail_gpu_groups=16 tail_gpu_refs=1526 planned_ssd_groups=247 est_gpu=53400.0 est_ane=23680.0 est_idle=55.66% wall=392.166 ms actual_ane_groups=20 actual_ane_refs=10536 actual_gpu_groups=243 actual_gpu_refs=37848 finishes=20 waits=40 overlap_gpu_groups=243
ds4: Flash-MoE prefill layer=23 tokens=8064 unique=244 refs=48384 sync=187.214 ms plan=0.355 ms stage/compute=379.116 ms misses=258
ds4: Flash-MoE hybrid prefill layer=23 ane_groups=18 ane_refs=8013 gpu_i8_groups=240 gpu_i8_refs=40371 fp32_groups=0 ane_min_refs=128 concurrent=1 ane_pipeline=1 async_ane=18 gpu_overlap=240 finishes=18 waits=36
ds4: Flash-MoE overlap plan layer=23 exec_groups=258 planned_ane_groups=18 planned_ane_refs=8013 planned_gpu_groups=240 planned_gpu_refs=40371 tail_gpu_groups=14 tail_gpu_refs=1780 planned_ssd_groups=244 est_gpu=55731.0 est_ane=19170.9 est_idle=65.60% wall=377.852 ms actual_ane_groups=18 actual_ane_refs=8013 actual_gpu_groups=240 actual_gpu_refs=40371 finishes=18 waits=36 overlap_gpu_groups=240
ds4: Flash-MoE prefill layer=24 tokens=8064 unique=240 refs=48384 sync=354.641 ms plan=0.400 ms stage/compute=383.755 ms misses=254
ds4: Flash-MoE hybrid prefill layer=24 ane_groups=18 ane_refs=9301 gpu_i8_groups=236 gpu_i8_refs=39083 fp32_groups=0 ane_min_refs=128 concurrent=1 ane_pipeline=1 async_ane=18 gpu_overlap=236 finishes=18 waits=36
ds4: Flash-MoE overlap plan layer=24 exec_groups=254 planned_ane_groups=18 planned_ane_refs=9301 planned_gpu_groups=236 planned_gpu_refs=39083 tail_gpu_groups=14 tail_gpu_refs=1356 planned_ssd_groups=240 est_gpu=54187.0 est_ane=21963.6 est_idle=59.47% wall=382.495 ms actual_ane_groups=18 actual_ane_refs=9301 actual_gpu_groups=236 actual_gpu_refs=39083 finishes=18 waits=36 overlap_gpu_groups=236
ds4: Flash-MoE prefill layer=25 tokens=8064 unique=248 refs=48384 sync=188.056 ms plan=0.330 ms stage/compute=383.777 ms misses=264
ds4: Flash-MoE hybrid prefill layer=25 ane_groups=20 ane_refs=9173 gpu_i8_groups=244 gpu_i8_refs=39211 fp32_groups=0 ane_min_refs=128 concurrent=1 ane_pipeline=1 async_ane=20 gpu_overlap=244 finishes=20 waits=40
ds4: Flash-MoE overlap plan layer=25 exec_groups=264 planned_ane_groups=20 planned_ane_refs=9173 planned_gpu_groups=244 planned_gpu_refs=39211 tail_gpu_groups=16 tail_gpu_refs=1560 planned_ssd_groups=248 est_gpu=54827.0 est_ane=21352.7 est_idle=61.05% wall=382.595 ms actual_ane_groups=20 actual_ane_refs=9173 actual_gpu_groups=244 actual_gpu_refs=39211 finishes=20 waits=40 overlap_gpu_groups=244
ds4: Flash-MoE prefill layer=26 tokens=8064 unique=234 refs=48384 sync=375.946 ms plan=0.473 ms stage/compute=374.605 ms misses=243
ds4: Flash-MoE hybrid prefill layer=26 ane_groups=16 ane_refs=10437 gpu_i8_groups=227 gpu_i8_refs=37947 fp32_groups=0 ane_min_refs=128 concurrent=1 ane_pipeline=1 async_ane=16 gpu_overlap=227 finishes=16 waits=32
ds4: Flash-MoE overlap plan layer=26 exec_groups=243 planned_ane_groups=16 planned_ane_refs=10437 planned_gpu_groups=227 planned_gpu_refs=37947 tail_gpu_groups=9 tail_gpu_refs=591 planned_ssd_groups=234 est_gpu=52475.0 est_ane=23505.5 est_idle=55.21% wall=373.405 ms actual_ane_groups=16 actual_ane_refs=10437 actual_gpu_groups=227 actual_gpu_refs=37947 finishes=16 waits=32 overlap_gpu_groups=227
ds4: Flash-MoE prefill layer=27 tokens=8064 unique=245 refs=48384 sync=184.809 ms plan=0.396 ms stage/compute=375.545 ms misses=255
ds4: Flash-MoE hybrid prefill layer=27 ane_groups=18 ane_refs=8606 gpu_i8_groups=237 gpu_i8_refs=39778 fp32_groups=0 ane_min_refs=128 concurrent=1 ane_pipeline=1 async_ane=18 gpu_overlap=237 finishes=18 waits=36
ds4: Flash-MoE overlap plan layer=27 exec_groups=255 planned_ane_groups=18 planned_ane_refs=8606 planned_gpu_groups=237 planned_gpu_refs=39778 tail_gpu_groups=10 tail_gpu_refs=1240 planned_ssd_groups=245 est_gpu=54946.0 est_ane=20101.8 est_idle=63.42% wall=374.273 ms actual_ane_groups=18 actual_ane_refs=8606 actual_gpu_groups=237 actual_gpu_refs=39778 finishes=18 waits=36 overlap_gpu_groups=237
ds4: Flash-MoE prefill layer=28 tokens=8064 unique=239 refs=48384 sync=349.153 ms plan=0.342 ms stage/compute=373.682 ms misses=250
ds4: Flash-MoE hybrid prefill layer=28 ane_groups=18 ane_refs=8820 gpu_i8_groups=232 gpu_i8_refs=39564 fp32_groups=0 ane_min_refs=128 concurrent=1 ane_pipeline=1 async_ane=18 gpu_overlap=232 finishes=18 waits=36
ds4: Flash-MoE overlap plan layer=28 exec_groups=250 planned_ane_groups=18 planned_ane_refs=8820 planned_gpu_groups=232 planned_gpu_refs=39564 tail_gpu_groups=11 tail_gpu_refs=1023 planned_ssd_groups=239 est_gpu=54412.0 est_ane=20567.3 est_idle=62.20% wall=372.408 ms actual_ane_groups=18 actual_ane_refs=8820 actual_gpu_groups=232 actual_gpu_refs=39564 finishes=18 waits=36 overlap_gpu_groups=232
ds4: Flash-MoE prefill layer=29 tokens=8064 unique=246 refs=48384 sync=184.943 ms plan=0.340 ms stage/compute=396.279 ms misses=259
ds4: Flash-MoE hybrid prefill layer=29 ane_groups=20 ane_refs=9590 gpu_i8_groups=239 gpu_i8_refs=38794 fp32_groups=0 ane_min_refs=128 concurrent=1 ane_pipeline=1 async_ane=20 gpu_overlap=239 finishes=20 waits=40
ds4: Flash-MoE overlap plan layer=29 exec_groups=259 planned_ane_groups=20 planned_ane_refs=9590 planned_gpu_groups=239 planned_gpu_refs=38794 tail_gpu_groups=13 tail_gpu_refs=1361 planned_ssd_groups=246 est_gpu=54090.0 est_ane=22283.6 est_idle=58.80% wall=395.068 ms actual_ane_groups=20 actual_ane_refs=9590 actual_gpu_groups=239 actual_gpu_refs=38794 finishes=20 waits=40 overlap_gpu_groups=239
ds4: Flash-MoE prefill layer=30 tokens=8064 unique=239 refs=48384 sync=350.169 ms plan=0.441 ms stage/compute=384.261 ms misses=260
ds4: Flash-MoE hybrid prefill layer=30 ane_groups=19 ane_refs=9265 gpu_i8_groups=241 gpu_i8_refs=39119 fp32_groups=0 ane_min_refs=128 concurrent=1 ane_pipeline=1 async_ane=19 gpu_overlap=241 finishes=19 waits=38
ds4: Flash-MoE overlap plan layer=30 exec_groups=260 planned_ane_groups=19 planned_ane_refs=9265 planned_gpu_groups=241 planned_gpu_refs=39119 tail_gpu_groups=21 tail_gpu_refs=1976 planned_ssd_groups=239 est_gpu=54543.0 est_ane=21658.2 est_idle=60.29% wall=383.088 ms actual_ane_groups=19 actual_ane_refs=9265 actual_gpu_groups=241 actual_gpu_refs=39119 finishes=19 waits=38 overlap_gpu_groups=241
ds4: Flash-MoE prefill layer=31 tokens=8064 unique=250 refs=48384 sync=184.731 ms plan=0.355 ms stage/compute=394.725 ms misses=262
ds4: Flash-MoE hybrid prefill layer=31 ane_groups=18 ane_refs=9407 gpu_i8_groups=244 gpu_i8_refs=38977 fp32_groups=0 ane_min_refs=128 concurrent=1 ane_pipeline=1 async_ane=18 gpu_overlap=244 finishes=18 waits=36
ds4: Flash-MoE overlap plan layer=31 exec_groups=262 planned_ane_groups=18 planned_ane_refs=9407 planned_gpu_groups=244 planned_gpu_refs=38977 tail_gpu_groups=12 tail_gpu_refs=1415 planned_ssd_groups=250 est_gpu=54593.0 est_ane=22429.1 est_idle=58.92% wall=393.458 ms actual_ane_groups=18 actual_ane_refs=9407 actual_gpu_groups=244 actual_gpu_refs=38977 finishes=18 waits=36 overlap_gpu_groups=244
ds4: Flash-MoE prefill layer=32 tokens=8064 unique=242 refs=48384 sync=371.301 ms plan=0.374 ms stage/compute=383.023 ms misses=254
ds4: Flash-MoE hybrid prefill layer=32 ane_groups=17 ane_refs=8822 gpu_i8_groups=237 gpu_i8_refs=39562 fp32_groups=0 ane_min_refs=128 concurrent=1 ane_pipeline=1 async_ane=17 gpu_overlap=237 finishes=17 waits=34
ds4: Flash-MoE overlap plan layer=32 exec_groups=254 planned_ane_groups=17 planned_ane_refs=8822 planned_gpu_groups=237 planned_gpu_refs=39562 tail_gpu_groups=12 tail_gpu_refs=1338 planned_ssd_groups=242 est_gpu=54730.0 est_ane=20872.7 est_idle=61.86% wall=381.766 ms actual_ane_groups=17 actual_ane_refs=8822 actual_gpu_groups=237 actual_gpu_refs=39562 finishes=17 waits=34 overlap_gpu_groups=237
ds4: Flash-MoE prefill layer=33 tokens=8064 unique=246 refs=48384 sync=185.134 ms plan=0.346 ms stage/compute=388.786 ms misses=257
ds4: Flash-MoE hybrid prefill layer=33 ane_groups=17 ane_refs=9358 gpu_i8_groups=240 gpu_i8_refs=39026 fp32_groups=0 ane_min_refs=128 concurrent=1 ane_pipeline=1 async_ane=17 gpu_overlap=240 finishes=17 waits=34
ds4: Flash-MoE overlap plan layer=33 exec_groups=257 planned_ane_groups=17 planned_ane_refs=9358 planned_gpu_groups=240 planned_gpu_refs=39026 tail_gpu_groups=11 tail_gpu_refs=1193 planned_ssd_groups=246 est_gpu=54386.0 est_ane=20872.7 est_idle=61.62% wall=387.581 ms actual_ane_groups=17 actual_ane_refs=9358 actual_gpu_groups=240 actual_gpu_refs=39026 finishes=17 waits=34 overlap_gpu_groups=240
ds4: Flash-MoE prefill layer=34 tokens=8064 unique=245 refs=48384 sync=350.194 ms plan=0.351 ms stage/compute=407.358 ms misses=258
ds4: Flash-MoE hybrid prefill layer=34 ane_groups=17 ane_refs=9577 gpu_i8_groups=241 gpu_i8_refs=38807 fp32_groups=0 ane_min_refs=128 concurrent=1 ane_pipeline=1 async_ane=17 gpu_overlap=241 finishes=17 waits=34
ds4: Flash-MoE overlap plan layer=34 exec_groups=258 planned_ane_groups=17 planned_ane_refs=9577 planned_gpu_groups=241 planned_gpu_refs=38807 tail_gpu_groups=13 tail_gpu_refs=1450 planned_ssd_groups=245 est_gpu=54231.0 est_ane=22269.1 est_idle=58.94% wall=406.132 ms actual_ane_groups=17 actual_ane_refs=9577 actual_gpu_groups=241 actual_gpu_refs=38807 finishes=17 waits=34 overlap_gpu_groups=241
ds4: Flash-MoE prefill layer=35 tokens=8064 unique=250 refs=48384 sync=185.266 ms plan=0.355 ms stage/compute=389.811 ms misses=258
ds4: Flash-MoE hybrid prefill layer=35 ane_groups=15 ane_refs=8774 gpu_i8_groups=243 gpu_i8_refs=39610 fp32_groups=0 ane_min_refs=128 concurrent=1 ane_pipeline=1 async_ane=15 gpu_overlap=243 finishes=15 waits=30
ds4: Flash-MoE overlap plan layer=35 exec_groups=258 planned_ane_groups=15 planned_ane_refs=8774 planned_gpu_groups=243 planned_gpu_refs=39610 tail_gpu_groups=8 tail_gpu_refs=1048 planned_ssd_groups=250 est_gpu=55162.0 est_ane=20087.3 est_idle=63.58% wall=388.635 ms actual_ane_groups=15 actual_ane_refs=8774 actual_gpu_groups=243 actual_gpu_refs=39610 finishes=15 waits=30 overlap_gpu_groups=243
ds4: Flash-MoE prefill layer=36 tokens=8064 unique=249 refs=48384 sync=350.139 ms plan=0.390 ms stage/compute=416.993 ms misses=263
ds4: Flash-MoE hybrid prefill layer=36 ane_groups=19 ane_refs=10636 gpu_i8_groups=244 gpu_i8_refs=37748 fp32_groups=0 ane_min_refs=128 concurrent=1 ane_pipeline=1 async_ane=19 gpu_overlap=244 finishes=19 waits=38
ds4: Flash-MoE overlap plan layer=36 exec_groups=263 planned_ane_groups=19 planned_ane_refs=10636 planned_gpu_groups=244 planned_gpu_refs=37748 tail_gpu_groups=14 tail_gpu_refs=1302 planned_ssd_groups=249 est_gpu=53364.0 est_ane=24916.4 est_idle=53.31% wall=415.709 ms actual_ane_groups=19 actual_ane_refs=10636 actual_gpu_groups=244 actual_gpu_refs=37748 finishes=19 waits=38 overlap_gpu_groups=244
ds4: Flash-MoE prefill layer=37 tokens=8064 unique=247 refs=48384 sync=185.741 ms plan=0.371 ms stage/compute=416.721 ms misses=263
ds4: Flash-MoE hybrid prefill layer=37 ane_groups=15 ane_refs=9529 gpu_i8_groups=248 gpu_i8_refs=38855 fp32_groups=0 ane_min_refs=128 concurrent=1 ane_pipeline=1 async_ane=15 gpu_overlap=248 finishes=15 waits=30
ds4: Flash-MoE overlap plan layer=37 exec_groups=263 planned_ane_groups=15 planned_ane_refs=9529 planned_gpu_groups=248 planned_gpu_refs=38855 tail_gpu_groups=16 tail_gpu_refs=1482 planned_ssd_groups=247 est_gpu=54727.0 est_ane=21483.6 est_idle=60.74% wall=415.440 ms actual_ane_groups=15 actual_ane_refs=9529 actual_gpu_groups=248 actual_gpu_refs=38855 finishes=15 waits=30 overlap_gpu_groups=248
ds4: Flash-MoE prefill layer=38 tokens=8064 unique=247 refs=48384 sync=371.876 ms plan=0.410 ms stage/compute=406.256 ms misses=259
ds4: Flash-MoE hybrid prefill layer=38 ane_groups=17 ane_refs=9314 gpu_i8_groups=242 gpu_i8_refs=39070 fp32_groups=0 ane_min_refs=128 concurrent=1 ane_pipeline=1 async_ane=17 gpu_overlap=242 finishes=17 waits=34
ds4: Flash-MoE overlap plan layer=38 exec_groups=259 planned_ane_groups=17 planned_ane_refs=9314 planned_gpu_groups=242 planned_gpu_refs=39070 tail_gpu_groups=12 tail_gpu_refs=1276 planned_ssd_groups=247 est_gpu=54558.0 est_ane=20872.7 est_idle=61.74% wall=405.013 ms actual_ane_groups=17 actual_ane_refs=9314 actual_gpu_groups=242 actual_gpu_refs=39070 finishes=17 waits=34 overlap_gpu_groups=242
ds4: Flash-MoE prefill layer=39 tokens=8064 unique=253 refs=48384 sync=185.457 ms plan=0.331 ms stage/compute=405.021 ms misses=262
ds4: Flash-MoE hybrid prefill layer=39 ane_groups=17 ane_refs=9662 gpu_i8_groups=245 gpu_i8_refs=38722 fp32_groups=0 ane_min_refs=128 concurrent=1 ane_pipeline=1 async_ane=17 gpu_overlap=245 finishes=17 waits=34
ds4: Flash-MoE overlap plan layer=39 exec_groups=262 planned_ane_groups=17 planned_ane_refs=9662 planned_gpu_groups=245 planned_gpu_refs=38722 tail_gpu_groups=9 tail_gpu_refs=948 planned_ssd_groups=253 est_gpu=54402.0 est_ane=22269.1 est_idle=59.07% wall=403.854 ms actual_ane_groups=17 actual_ane_refs=9662 actual_gpu_groups=245 actual_gpu_refs=38722 finishes=17 waits=34 overlap_gpu_groups=245
ds4: Flash-MoE prefill layer=40 tokens=8064 unique=233 refs=48384 sync=373.857 ms plan=0.353 ms stage/compute=441.475 ms misses=240
ds4: Flash-MoE hybrid prefill layer=40 ane_groups=17 ane_refs=10805 gpu_i8_groups=223 gpu_i8_refs=37579 fp32_groups=0 ane_min_refs=128 concurrent=1 ane_pipeline=1 async_ane=17 gpu_overlap=223 finishes=17 waits=34
ds4: Flash-MoE overlap plan layer=40 exec_groups=240 planned_ane_groups=17 planned_ane_refs=10805 planned_gpu_groups=223 planned_gpu_refs=37579 tail_gpu_groups=7 tail_gpu_refs=572 planned_ssd_groups=233 est_gpu=51851.0 est_ane=25061.8 est_idle=51.67% wall=440.339 ms actual_ane_groups=17 actual_ane_refs=10805 actual_gpu_groups=223 actual_gpu_refs=37579 finishes=17 waits=34 overlap_gpu_groups=223
ds4: Flash-MoE prefill layer=41 tokens=8064 unique=238 refs=48384 sync=184.951 ms plan=0.340 ms stage/compute=459.253 ms misses=252
ds4: Flash-MoE hybrid prefill layer=41 ane_groups=19 ane_refs=9853 gpu_i8_groups=233 gpu_i8_refs=38531 fp32_groups=0 ane_min_refs=128 concurrent=1 ane_pipeline=1 async_ane=19 gpu_overlap=233 finishes=19 waits=38
ds4: Flash-MoE overlap plan layer=41 exec_groups=252 planned_ane_groups=19 planned_ane_refs=9853 planned_gpu_groups=233 planned_gpu_refs=38531 tail_gpu_groups=14 tail_gpu_refs=1250 planned_ssd_groups=238 est_gpu=53443.0 est_ane=22589.1 est_idle=57.73% wall=458.071 ms actual_ane_groups=19 actual_ane_refs=9853 actual_gpu_groups=233 actual_gpu_refs=38531 finishes=19 waits=38 overlap_gpu_groups=233
ds4: Flash-MoE prefill layer=42 tokens=8064 unique=235 refs=48384 sync=375.556 ms plan=0.377 ms stage/compute=446.045 ms misses=250
ds4: Flash-MoE hybrid prefill layer=42 ane_groups=18 ane_refs=9322 gpu_i8_groups=232 gpu_i8_refs=39062 fp32_groups=0 ane_min_refs=128 concurrent=1 ane_pipeline=1 async_ane=18 gpu_overlap=232 finishes=18 waits=36
ds4: Flash-MoE overlap plan layer=42 exec_groups=250 planned_ane_groups=18 planned_ane_refs=9322 planned_gpu_groups=232 planned_gpu_refs=39062 tail_gpu_groups=15 tail_gpu_refs=1052 planned_ssd_groups=235 est_gpu=53910.0 est_ane=21032.7 est_idle=60.99% wall=444.764 ms actual_ane_groups=18 actual_ane_refs=9322 actual_gpu_groups=232 actual_gpu_refs=39062 finishes=18 waits=36 overlap_gpu_groups=232
processing 8423 input tokens: 8064/8423 (95.7%) batch=254.80 t/s avg=247.31 t/s
ds4: Flash-MoE prefill layer=0 tokens=359 unique=255 refs=2154 sync=9.737 ms plan=0.333 ms stage/compute=426.473 ms misses=255
ds4: Flash-MoE hybrid prefill layer=0 ane_groups=0 ane_refs=0 gpu_i8_groups=255 gpu_i8_refs=2154 fp32_groups=0 ane_min_refs=128 concurrent=1 ane_pipeline=1 async_ane=0 gpu_overlap=0 finishes=0 waits=0
ds4: Flash-MoE overlap plan layer=0 exec_groups=255 planned_ane_groups=0 planned_ane_refs=0 planned_gpu_groups=255 planned_gpu_refs=2154 tail_gpu_groups=0 tail_gpu_refs=0 planned_ssd_groups=255 est_gpu=18474.0 est_ane=0.0 est_idle=100.00% wall=426.243 ms actual_ane_groups=0 actual_ane_refs=0 actual_gpu_groups=255 actual_gpu_refs=2154 finishes=0 waits=0 overlap_gpu_groups=0
ds4: Flash-MoE prefill layer=1 tokens=359 unique=256 refs=2154 sync=9.452 ms plan=0.308 ms stage/compute=421.158 ms misses=256
ds4: Flash-MoE hybrid prefill layer=1 ane_groups=0 ane_refs=0 gpu_i8_groups=256 gpu_i8_refs=2154 fp32_groups=0 ane_min_refs=128 concurrent=1 ane_pipeline=1 async_ane=0 gpu_overlap=0 finishes=0 waits=0
ds4: Flash-MoE overlap plan layer=1 exec_groups=256 planned_ane_groups=0 planned_ane_refs=0 planned_gpu_groups=256 planned_gpu_refs=2154 tail_gpu_groups=0 tail_gpu_refs=0 planned_ssd_groups=256 est_gpu=18538.0 est_ane=0.0 est_idle=100.00% wall=420.933 ms actual_ane_groups=0 actual_ane_refs=0 actual_gpu_groups=256 actual_gpu_refs=2154 finishes=0 waits=0 overlap_gpu_groups=0
ds4: Flash-MoE prefill layer=2 tokens=359 unique=255 refs=2154 sync=51.091 ms plan=0.387 ms stage/compute=422.376 ms misses=255
ds4: Flash-MoE hybrid prefill layer=2 ane_groups=0 ane_refs=0 gpu_i8_groups=255 gpu_i8_refs=2154 fp32_groups=0 ane_min_refs=128 concurrent=1 ane_pipeline=1 async_ane=0 gpu_overlap=0 finishes=0 waits=0
ds4: Flash-MoE overlap plan layer=2 exec_groups=255 planned_ane_groups=0 planned_ane_refs=0 planned_gpu_groups=255 planned_gpu_refs=2154 tail_gpu_groups=0 tail_gpu_refs=0 planned_ssd_groups=255 est_gpu=18474.0 est_ane=0.0 est_idle=100.00% wall=422.159 ms actual_ane_groups=0 actual_ane_refs=0 actual_gpu_groups=255 actual_gpu_refs=2154 finishes=0 waits=0 overlap_gpu_groups=0
ds4: Flash-MoE prefill layer=3 tokens=359 unique=213 refs=2154 sync=10.833 ms plan=0.329 ms stage/compute=355.485 ms misses=213
ds4: Flash-MoE hybrid prefill layer=3 ane_groups=0 ane_refs=0 gpu_i8_groups=213 gpu_i8_refs=2154 fp32_groups=0 ane_min_refs=128 concurrent=1 ane_pipeline=1 async_ane=0 gpu_overlap=0 finishes=0 waits=0
ds4: Flash-MoE overlap plan layer=3 exec_groups=213 planned_ane_groups=0 planned_ane_refs=0 planned_gpu_groups=213 planned_gpu_refs=2154 tail_gpu_groups=0 tail_gpu_refs=0 planned_ssd_groups=213 est_gpu=15786.0 est_ane=0.0 est_idle=100.00% wall=355.295 ms actual_ane_groups=0 actual_ane_refs=0 actual_gpu_groups=213 actual_gpu_refs=2154 finishes=0 waits=0 overlap_gpu_groups=0
ds4: Flash-MoE prefill layer=4 tokens=359 unique=201 refs=2154 sync=24.725 ms plan=0.353 ms stage/compute=339.263 ms misses=201
ds4: Flash-MoE hybrid prefill layer=4 ane_groups=0 ane_refs=0 gpu_i8_groups=201 gpu_i8_refs=2154 fp32_groups=0 ane_min_refs=128 concurrent=1 ane_pipeline=1 async_ane=0 gpu_overlap=0 finishes=0 waits=0
ds4: Flash-MoE overlap plan layer=4 exec_groups=201 planned_ane_groups=0 planned_ane_refs=0 planned_gpu_groups=201 planned_gpu_refs=2154 tail_gpu_groups=0 tail_gpu_refs=0 planned_ssd_groups=201 est_gpu=15018.0 est_ane=0.0 est_idle=100.00% wall=339.094 ms actual_ane_groups=0 actual_ane_refs=0 actual_gpu_groups=201 actual_gpu_refs=2154 finishes=0 waits=0 overlap_gpu_groups=0
ds4: Flash-MoE prefill layer=5 tokens=359 unique=220 refs=2154 sync=10.903 ms plan=0.337 ms stage/compute=367.913 ms misses=220
ds4: Flash-MoE hybrid prefill layer=5 ane_groups=0 ane_refs=0 gpu_i8_groups=220 gpu_i8_refs=2154 fp32_groups=0 ane_min_refs=128 concurrent=1 ane_pipeline=1 async_ane=0 gpu_overlap=0 finishes=0 waits=0
ds4: Flash-MoE overlap plan layer=5 exec_groups=220 planned_ane_groups=0 planned_ane_refs=0 planned_gpu_groups=220 planned_gpu_refs=2154 tail_gpu_groups=0 tail_gpu_refs=0 planned_ssd_groups=220 est_gpu=16234.0 est_ane=0.0 est_idle=100.00% wall=367.729 ms actual_ane_groups=0 actual_ane_refs=0 actual_gpu_groups=220 actual_gpu_refs=2154 finishes=0 waits=0 overlap_gpu_groups=0
ds4: Flash-MoE prefill layer=6 tokens=359 unique=199 refs=2154 sync=24.752 ms plan=0.385 ms stage/compute=333.274 ms misses=199
ds4: Flash-MoE hybrid prefill layer=6 ane_groups=0 ane_refs=0 gpu_i8_groups=199 gpu_i8_refs=2154 fp32_groups=0 ane_min_refs=128 concurrent=1 ane_pipeline=1 async_ane=0 gpu_overlap=0 finishes=0 waits=0
ds4: Flash-MoE overlap plan layer=6 exec_groups=199 planned_ane_groups=0 planned_ane_refs=0 planned_gpu_groups=199 planned_gpu_refs=2154 tail_gpu_groups=0 tail_gpu_refs=0 planned_ssd_groups=199 est_gpu=14890.0 est_ane=0.0 est_idle=100.00% wall=333.071 ms actual_ane_groups=0 actual_ane_refs=0 actual_gpu_groups=199 actual_gpu_refs=2154 finishes=0 waits=0 overlap_gpu_groups=0
ds4: Flash-MoE prefill layer=7 tokens=359 unique=203 refs=2154 sync=10.812 ms plan=0.319 ms stage/compute=339.923 ms misses=203
ds4: Flash-MoE hybrid prefill layer=7 ane_groups=0 ane_refs=0 gpu_i8_groups=203 gpu_i8_refs=2154 fp32_groups=0 ane_min_refs=128 concurrent=1 ane_pipeline=1 async_ane=0 gpu_overlap=0 finishes=0 waits=0
ds4: Flash-MoE overlap plan layer=7 exec_groups=203 planned_ane_groups=0 planned_ane_refs=0 planned_gpu_groups=203 planned_gpu_refs=2154 tail_gpu_groups=0 tail_gpu_refs=0 planned_ssd_groups=203 est_gpu=15146.0 est_ane=0.0 est_idle=100.00% wall=339.739 ms actual_ane_groups=0 actual_ane_refs=0 actual_gpu_groups=203 actual_gpu_refs=2154 finishes=0 waits=0 overlap_gpu_groups=0
ds4: Flash-MoE prefill layer=8 tokens=359 unique=201 refs=2154 sync=24.624 ms plan=0.356 ms stage/compute=335.483 ms misses=201
ds4: Flash-MoE hybrid prefill layer=8 ane_groups=0 ane_refs=0 gpu_i8_groups=201 gpu_i8_refs=2154 fp32_groups=0 ane_min_refs=128 concurrent=1 ane_pipeline=1 async_ane=0 gpu_overlap=0 finishes=0 waits=0
ds4: Flash-MoE overlap plan layer=8 exec_groups=201 planned_ane_groups=0 planned_ane_refs=0 planned_gpu_groups=201 planned_gpu_refs=2154 tail_gpu_groups=0 tail_gpu_refs=0 planned_ssd_groups=201 est_gpu=15018.0 est_ane=0.0 est_idle=100.00% wall=335.317 ms actual_ane_groups=0 actual_ane_refs=0 actual_gpu_groups=201 actual_gpu_refs=2154 finishes=0 waits=0 overlap_gpu_groups=0
ds4: Flash-MoE prefill layer=9 tokens=359 unique=209 refs=2154 sync=10.786 ms plan=0.350 ms stage/compute=317.438 ms misses=209
ds4: Flash-MoE hybrid prefill layer=9 ane_groups=0 ane_refs=0 gpu_i8_groups=209 gpu_i8_refs=2154 fp32_groups=0 ane_min_refs=128 concurrent=1 ane_pipeline=1 async_ane=0 gpu_overlap=0 finishes=0 waits=0
ds4: Flash-MoE overlap plan layer=9 exec_groups=209 planned_ane_groups=0 planned_ane_refs=0 planned_gpu_groups=209 planned_gpu_refs=2154 tail_gpu_groups=0 tail_gpu_refs=0 planned_ssd_groups=209 est_gpu=15530.0 est_ane=0.0 est_idle=100.00% wall=317.265 ms actual_ane_groups=0 actual_ane_refs=0 actual_gpu_groups=209 actual_gpu_refs=2154 finishes=0 waits=0 overlap_gpu_groups=0
ds4: Flash-MoE prefill layer=10 tokens=359 unique=190 refs=2154 sync=24.711 ms plan=0.309 ms stage/compute=243.437 ms misses=190
ds4: Flash-MoE hybrid prefill layer=10 ane_groups=0 ane_refs=0 gpu_i8_groups=190 gpu_i8_refs=2154 fp32_groups=0 ane_min_refs=128 concurrent=1 ane_pipeline=1 async_ane=0 gpu_overlap=0 finishes=0 waits=0
ds4: Flash-MoE overlap plan layer=10 exec_groups=190 planned_ane_groups=0 planned_ane_refs=0 planned_gpu_groups=190 planned_gpu_refs=2154 tail_gpu_groups=0 tail_gpu_refs=0 planned_ssd_groups=190 est_gpu=14314.0 est_ane=0.0 est_idle=100.00% wall=243.281 ms actual_ane_groups=0 actual_ane_refs=0 actual_gpu_groups=190 actual_gpu_refs=2154 finishes=0 waits=0 overlap_gpu_groups=0
ds4: Flash-MoE prefill layer=11 tokens=359 unique=196 refs=2154 sync=10.868 ms plan=0.297 ms stage/compute=248.346 ms misses=196
ds4: Flash-MoE hybrid prefill layer=11 ane_groups=0 ane_refs=0 gpu_i8_groups=196 gpu_i8_refs=2154 fp32_groups=0 ane_min_refs=128 concurrent=1 ane_pipeline=1 async_ane=0 gpu_overlap=0 finishes=0 waits=0
ds4: Flash-MoE overlap plan layer=11 exec_groups=196 planned_ane_groups=0 planned_ane_refs=0 planned_gpu_groups=196 planned_gpu_refs=2154 tail_gpu_groups=0 tail_gpu_refs=0 planned_ssd_groups=196 est_gpu=14698.0 est_ane=0.0 est_idle=100.00% wall=248.175 ms actual_ane_groups=0 actual_ane_refs=0 actual_gpu_groups=196 actual_gpu_refs=2154 finishes=0 waits=0 overlap_gpu_groups=0
ds4: Flash-MoE prefill layer=12 tokens=359 unique=172 refs=2154 sync=24.755 ms plan=0.324 ms stage/compute=221.202 ms misses=172
ds4: Flash-MoE hybrid prefill layer=12 ane_groups=0 ane_refs=0 gpu_i8_groups=172 gpu_i8_refs=2154 fp32_groups=0 ane_min_refs=128 concurrent=1 ane_pipeline=1 async_ane=0 gpu_overlap=0 finishes=0 waits=0
ds4: Flash-MoE overlap plan layer=12 exec_groups=172 planned_ane_groups=0 planned_ane_refs=0 planned_gpu_groups=172 planned_gpu_refs=2154 tail_gpu_groups=0 tail_gpu_refs=0 planned_ssd_groups=172 est_gpu=13162.0 est_ane=0.0 est_idle=100.00% wall=221.017 ms actual_ane_groups=0 actual_ane_refs=0 actual_gpu_groups=172 actual_gpu_refs=2154 finishes=0 waits=0 overlap_gpu_groups=0
ds4: Flash-MoE prefill layer=13 tokens=359 unique=187 refs=2154 sync=10.785 ms plan=0.310 ms stage/compute=239.148 ms misses=187
ds4: Flash-MoE hybrid prefill layer=13 ane_groups=0 ane_refs=0 gpu_i8_groups=187 gpu_i8_refs=2154 fp32_groups=0 ane_min_refs=128 concurrent=1 ane_pipeline=1 async_ane=0 gpu_overlap=0 finishes=0 waits=0
ds4: Flash-MoE overlap plan layer=13 exec_groups=187 planned_ane_groups=0 planned_ane_refs=0 planned_gpu_groups=187 planned_gpu_refs=2154 tail_gpu_groups=0 tail_gpu_refs=0 planned_ssd_groups=187 est_gpu=14122.0 est_ane=0.0 est_idle=100.00% wall=238.972 ms actual_ane_groups=0 actual_ane_refs=0 actual_gpu_groups=187 actual_gpu_refs=2154 finishes=0 waits=0 overlap_gpu_groups=0
ds4: Flash-MoE prefill layer=14 tokens=359 unique=190 refs=2154 sync=25.059 ms plan=0.325 ms stage/compute=241.063 ms misses=190
ds4: Flash-MoE hybrid prefill layer=14 ane_groups=0 ane_refs=0 gpu_i8_groups=190 gpu_i8_refs=2154 fp32_groups=0 ane_min_refs=128 concurrent=1 ane_pipeline=1 async_ane=0 gpu_overlap=0 finishes=0 waits=0
ds4: Flash-MoE overlap plan layer=14 exec_groups=190 planned_ane_groups=0 planned_ane_refs=0 planned_gpu_groups=190 planned_gpu_refs=2154 tail_gpu_groups=0 tail_gpu_refs=0 planned_ssd_groups=190 est_gpu=14314.0 est_ane=0.0 est_idle=100.00% wall=240.897 ms actual_ane_groups=0 actual_ane_refs=0 actual_gpu_groups=190 actual_gpu_refs=2154 finishes=0 waits=0 overlap_gpu_groups=0
ds4: Flash-MoE prefill layer=15 tokens=359 unique=186 refs=2154 sync=10.769 ms plan=0.369 ms stage/compute=239.629 ms misses=186
ds4: Flash-MoE hybrid prefill layer=15 ane_groups=0 ane_refs=0 gpu_i8_groups=186 gpu_i8_refs=2154 fp32_groups=0 ane_min_refs=128 concurrent=1 ane_pipeline=1 async_ane=0 gpu_overlap=0 finishes=0 waits=0
ds4: Flash-MoE overlap plan layer=15 exec_groups=186 planned_ane_groups=0 planned_ane_refs=0 planned_gpu_groups=186 planned_gpu_refs=2154 tail_gpu_groups=0 tail_gpu_refs=0 planned_ssd_groups=186 est_gpu=14058.0 est_ane=0.0 est_idle=100.00% wall=239.473 ms actual_ane_groups=0 actual_ane_refs=0 actual_gpu_groups=186 actual_gpu_refs=2154 finishes=0 waits=0 overlap_gpu_groups=0
ds4: Flash-MoE prefill layer=16 tokens=359 unique=180 refs=2154 sync=24.756 ms plan=0.340 ms stage/compute=229.452 ms misses=180
ds4: Flash-MoE hybrid prefill layer=16 ane_groups=0 ane_refs=0 gpu_i8_groups=180 gpu_i8_refs=2154 fp32_groups=0 ane_min_refs=128 concurrent=1 ane_pipeline=1 async_ane=0 gpu_overlap=0 finishes=0 waits=0
ds4: Flash-MoE overlap plan layer=16 exec_groups=180 planned_ane_groups=0 planned_ane_refs=0 planned_gpu_groups=180 planned_gpu_refs=2154 tail_gpu_groups=0 tail_gpu_refs=0 planned_ssd_groups=180 est_gpu=13674.0 est_ane=0.0 est_idle=100.00% wall=229.295 ms actual_ane_groups=0 actual_ane_refs=0 actual_gpu_groups=180 actual_gpu_refs=2154 finishes=0 waits=0 overlap_gpu_groups=0
ds4: Flash-MoE prefill layer=17 tokens=359 unique=186 refs=2154 sync=10.798 ms plan=0.323 ms stage/compute=238.432 ms misses=186
ds4: Flash-MoE hybrid prefill layer=17 ane_groups=0 ane_refs=0 gpu_i8_groups=186 gpu_i8_refs=2154 fp32_groups=0 ane_min_refs=128 concurrent=1 ane_pipeline=1 async_ane=0 gpu_overlap=0 finishes=0 waits=0
ds4: Flash-MoE overlap plan layer=17 exec_groups=186 planned_ane_groups=0 planned_ane_refs=0 planned_gpu_groups=186 planned_gpu_refs=2154 tail_gpu_groups=0 tail_gpu_refs=0 planned_ssd_groups=186 est_gpu=14058.0 est_ane=0.0 est_idle=100.00% wall=238.252 ms actual_ane_groups=0 actual_ane_refs=0 actual_gpu_groups=186 actual_gpu_refs=2154 finishes=0 waits=0 overlap_gpu_groups=0
ds4: Flash-MoE prefill layer=18 tokens=359 unique=169 refs=2154 sync=24.785 ms plan=0.350 ms stage/compute=218.610 ms misses=169
ds4: Flash-MoE hybrid prefill layer=18 ane_groups=0 ane_refs=0 gpu_i8_groups=169 gpu_i8_refs=2154 fp32_groups=0 ane_min_refs=128 concurrent=1 ane_pipeline=1 async_ane=0 gpu_overlap=0 finishes=0 waits=0
ds4: Flash-MoE overlap plan layer=18 exec_groups=169 planned_ane_groups=0 planned_ane_refs=0 planned_gpu_groups=169 planned_gpu_refs=2154 tail_gpu_groups=0 tail_gpu_refs=0 planned_ssd_groups=169 est_gpu=12970.0 est_ane=0.0 est_idle=100.00% wall=218.446 ms actual_ane_groups=0 actual_ane_refs=0 actual_gpu_groups=169 actual_gpu_refs=2154 finishes=0 waits=0 overlap_gpu_groups=0
ds4: Flash-MoE prefill layer=19 tokens=359 unique=212 refs=2154 sync=10.759 ms plan=0.371 ms stage/compute=271.330 ms misses=212
ds4: Flash-MoE hybrid prefill layer=19 ane_groups=0 ane_refs=0 gpu_i8_groups=212 gpu_i8_refs=2154 fp32_groups=0 ane_min_refs=128 concurrent=1 ane_pipeline=1 async_ane=0 gpu_overlap=0 finishes=0 waits=0
ds4: Flash-MoE overlap plan layer=19 exec_groups=212 planned_ane_groups=0 planned_ane_refs=0 planned_gpu_groups=212 planned_gpu_refs=2154 tail_gpu_groups=0 tail_gpu_refs=0 planned_ssd_groups=212 est_gpu=15722.0 est_ane=0.0 est_idle=100.00% wall=271.161 ms actual_ane_groups=0 actual_ane_refs=0 actual_gpu_groups=212 actual_gpu_refs=2154 finishes=0 waits=0 overlap_gpu_groups=0
ds4: Flash-MoE prefill layer=20 tokens=359 unique=165 refs=2154 sync=24.718 ms plan=0.328 ms stage/compute=204.932 ms misses=165
ds4: Flash-MoE hybrid prefill layer=20 ane_groups=0 ane_refs=0 gpu_i8_groups=165 gpu_i8_refs=2154 fp32_groups=0 ane_min_refs=128 concurrent=1 ane_pipeline=1 async_ane=0 gpu_overlap=0 finishes=0 waits=0
ds4: Flash-MoE overlap plan layer=20 exec_groups=165 planned_ane_groups=0 planned_ane_refs=0 planned_gpu_groups=165 planned_gpu_refs=2154 tail_gpu_groups=0 tail_gpu_refs=0 planned_ssd_groups=165 est_gpu=12714.0 est_ane=0.0 est_idle=100.00% wall=204.764 ms actual_ane_groups=0 actual_ane_refs=0 actual_gpu_groups=165 actual_gpu_refs=2154 finishes=0 waits=0 overlap_gpu_groups=0
ds4: Flash-MoE prefill layer=21 tokens=359 unique=187 refs=2154 sync=10.768 ms plan=0.329 ms stage/compute=227.814 ms misses=187
ds4: Flash-MoE hybrid prefill layer=21 ane_groups=0 ane_refs=0 gpu_i8_groups=187 gpu_i8_refs=2154 fp32_groups=0 ane_min_refs=128 concurrent=1 ane_pipeline=1 async_ane=0 gpu_overlap=0 finishes=0 waits=0
ds4: Flash-MoE overlap plan layer=21 exec_groups=187 planned_ane_groups=0 planned_ane_refs=0 planned_gpu_groups=187 planned_gpu_refs=2154 tail_gpu_groups=0 tail_gpu_refs=0 planned_ssd_groups=187 est_gpu=14122.0 est_ane=0.0 est_idle=100.00% wall=227.664 ms actual_ane_groups=0 actual_ane_refs=0 actual_gpu_groups=187 actual_gpu_refs=2154 finishes=0 waits=0 overlap_gpu_groups=0
ds4: Flash-MoE prefill layer=22 tokens=359 unique=187 refs=2154 sync=24.811 ms plan=0.374 ms stage/compute=232.141 ms misses=187
ds4: Flash-MoE hybrid prefill layer=22 ane_groups=0 ane_refs=0 gpu_i8_groups=187 gpu_i8_refs=2154 fp32_groups=0 ane_min_refs=128 concurrent=1 ane_pipeline=1 async_ane=0 gpu_overlap=0 finishes=0 waits=0
ds4: Flash-MoE overlap plan layer=22 exec_groups=187 planned_ane_groups=0 planned_ane_refs=0 planned_gpu_groups=187 planned_gpu_refs=2154 tail_gpu_groups=0 tail_gpu_refs=0 planned_ssd_groups=187 est_gpu=14122.0 est_ane=0.0 est_idle=100.00% wall=231.963 ms actual_ane_groups=0 actual_ane_refs=0 actual_gpu_groups=187 actual_gpu_refs=2154 finishes=0 waits=0 overlap_gpu_groups=0
ds4: Flash-MoE prefill layer=23 tokens=359 unique=198 refs=2154 sync=10.783 ms plan=0.335 ms stage/compute=245.202 ms misses=198
ds4: Flash-MoE hybrid prefill layer=23 ane_groups=0 ane_refs=0 gpu_i8_groups=198 gpu_i8_refs=2154 fp32_groups=0 ane_min_refs=128 concurrent=1 ane_pipeline=1 async_ane=0 gpu_overlap=0 finishes=0 waits=0
ds4: Flash-MoE overlap plan layer=23 exec_groups=198 planned_ane_groups=0 planned_ane_refs=0 planned_gpu_groups=198 planned_gpu_refs=2154 tail_gpu_groups=0 tail_gpu_refs=0 planned_ssd_groups=198 est_gpu=14826.0 est_ane=0.0 est_idle=100.00% wall=245.026 ms actual_ane_groups=0 actual_ane_refs=0 actual_gpu_groups=198 actual_gpu_refs=2154 finishes=0 waits=0 overlap_gpu_groups=0
ds4: Flash-MoE prefill layer=24 tokens=359 unique=182 refs=2154 sync=24.698 ms plan=0.415 ms stage/compute=221.695 ms misses=182
ds4: Flash-MoE hybrid prefill layer=24 ane_groups=0 ane_refs=0 gpu_i8_groups=182 gpu_i8_refs=2154 fp32_groups=0 ane_min_refs=128 concurrent=1 ane_pipeline=1 async_ane=0 gpu_overlap=0 finishes=0 waits=0
ds4: Flash-MoE overlap plan layer=24 exec_groups=182 planned_ane_groups=0 planned_ane_refs=0 planned_gpu_groups=182 planned_gpu_refs=2154 tail_gpu_groups=0 tail_gpu_refs=0 planned_ssd_groups=182 est_gpu=13802.0 est_ane=0.0 est_idle=100.00% wall=221.522 ms actual_ane_groups=0 actual_ane_refs=0 actual_gpu_groups=182 actual_gpu_refs=2154 finishes=0 waits=0 overlap_gpu_groups=0
ds4: Flash-MoE prefill layer=25 tokens=359 unique=198 refs=2154 sync=10.882 ms plan=0.342 ms stage/compute=237.943 ms misses=198
ds4: Flash-MoE hybrid prefill layer=25 ane_groups=0 ane_refs=0 gpu_i8_groups=198 gpu_i8_refs=2154 fp32_groups=0 ane_min_refs=128 concurrent=1 ane_pipeline=1 async_ane=0 gpu_overlap=0 finishes=0 waits=0
ds4: Flash-MoE overlap plan layer=25 exec_groups=198 planned_ane_groups=0 planned_ane_refs=0 planned_gpu_groups=198 planned_gpu_refs=2154 tail_gpu_groups=0 tail_gpu_refs=0 planned_ssd_groups=198 est_gpu=14826.0 est_ane=0.0 est_idle=100.00% wall=237.776 ms actual_ane_groups=0 actual_ane_refs=0 actual_gpu_groups=198 actual_gpu_refs=2154 finishes=0 waits=0 overlap_gpu_groups=0
ds4: Flash-MoE prefill layer=26 tokens=359 unique=184 refs=2154 sync=24.963 ms plan=0.318 ms stage/compute=233.666 ms misses=184
ds4: Flash-MoE hybrid prefill layer=26 ane_groups=0 ane_refs=0 gpu_i8_groups=184 gpu_i8_refs=2154 fp32_groups=0 ane_min_refs=128 concurrent=1 ane_pipeline=1 async_ane=0 gpu_overlap=0 finishes=0 waits=0
ds4: Flash-MoE overlap plan layer=26 exec_groups=184 planned_ane_groups=0 planned_ane_refs=0 planned_gpu_groups=184 planned_gpu_refs=2154 tail_gpu_groups=0 tail_gpu_refs=0 planned_ssd_groups=184 est_gpu=13930.0 est_ane=0.0 est_idle=100.00% wall=233.504 ms actual_ane_groups=0 actual_ane_refs=0 actual_gpu_groups=184 actual_gpu_refs=2154 finishes=0 waits=0 overlap_gpu_groups=0
ds4: Flash-MoE prefill layer=27 tokens=359 unique=195 refs=2154 sync=10.766 ms plan=0.374 ms stage/compute=243.609 ms misses=195
ds4: Flash-MoE hybrid prefill layer=27 ane_groups=0 ane_refs=0 gpu_i8_groups=195 gpu_i8_refs=2154 fp32_groups=0 ane_min_refs=128 concurrent=1 ane_pipeline=1 async_ane=0 gpu_overlap=0 finishes=0 waits=0
ds4: Flash-MoE overlap plan layer=27 exec_groups=195 planned_ane_groups=0 planned_ane_refs=0 planned_gpu_groups=195 planned_gpu_refs=2154 tail_gpu_groups=0 tail_gpu_refs=0 planned_ssd_groups=195 est_gpu=14634.0 est_ane=0.0 est_idle=100.00% wall=243.444 ms actual_ane_groups=0 actual_ane_refs=0 actual_gpu_groups=195 actual_gpu_refs=2154 finishes=0 waits=0 overlap_gpu_groups=0
ds4: Flash-MoE prefill layer=28 tokens=359 unique=185 refs=2154 sync=24.791 ms plan=0.375 ms stage/compute=228.663 ms misses=185
ds4: Flash-MoE hybrid prefill layer=28 ane_groups=0 ane_refs=0 gpu_i8_groups=185 gpu_i8_refs=2154 fp32_groups=0 ane_min_refs=128 concurrent=1 ane_pipeline=1 async_ane=0 gpu_overlap=0 finishes=0 waits=0
ds4: Flash-MoE overlap plan layer=28 exec_groups=185 planned_ane_groups=0 planned_ane_refs=0 planned_gpu_groups=185 planned_gpu_refs=2154 tail_gpu_groups=0 tail_gpu_refs=0 planned_ssd_groups=185 est_gpu=13994.0 est_ane=0.0 est_idle=100.00% wall=228.512 ms actual_ane_groups=0 actual_ane_refs=0 actual_gpu_groups=185 actual_gpu_refs=2154 finishes=0 waits=0 overlap_gpu_groups=0
ds4: Flash-MoE prefill layer=29 tokens=359 unique=187 refs=2154 sync=10.890 ms plan=0.332 ms stage/compute=242.475 ms misses=187
ds4: Flash-MoE hybrid prefill layer=29 ane_groups=0 ane_refs=0 gpu_i8_groups=187 gpu_i8_refs=2154 fp32_groups=0 ane_min_refs=128 concurrent=1 ane_pipeline=1 async_ane=0 gpu_overlap=0 finishes=0 waits=0
ds4: Flash-MoE overlap plan layer=29 exec_groups=187 planned_ane_groups=0 planned_ane_refs=0 planned_gpu_groups=187 planned_gpu_refs=2154 tail_gpu_groups=0 tail_gpu_refs=0 planned_ssd_groups=187 est_gpu=14122.0 est_ane=0.0 est_idle=100.00% wall=242.304 ms actual_ane_groups=0 actual_ane_refs=0 actual_gpu_groups=187 actual_gpu_refs=2154 finishes=0 waits=0 overlap_gpu_groups=0
ds4: Flash-MoE prefill layer=30 tokens=359 unique=184 refs=2154 sync=25.361 ms plan=0.330 ms stage/compute=231.365 ms misses=184
ds4: Flash-MoE hybrid prefill layer=30 ane_groups=0 ane_refs=0 gpu_i8_groups=184 gpu_i8_refs=2154 fp32_groups=0 ane_min_refs=128 concurrent=1 ane_pipeline=1 async_ane=0 gpu_overlap=0 finishes=0 waits=0
ds4: Flash-MoE overlap plan layer=30 exec_groups=184 planned_ane_groups=0 planned_ane_refs=0 planned_gpu_groups=184 planned_gpu_refs=2154 tail_gpu_groups=0 tail_gpu_refs=0 planned_ssd_groups=184 est_gpu=13930.0 est_ane=0.0 est_idle=100.00% wall=231.201 ms actual_ane_groups=0 actual_ane_refs=0 actual_gpu_groups=184 actual_gpu_refs=2154 finishes=0 waits=0 overlap_gpu_groups=0
ds4: Flash-MoE prefill layer=31 tokens=359 unique=195 refs=2154 sync=10.778 ms plan=0.345 ms stage/compute=251.941 ms misses=195
ds4: Flash-MoE hybrid prefill layer=31 ane_groups=0 ane_refs=0 gpu_i8_groups=195 gpu_i8_refs=2154 fp32_groups=0 ane_min_refs=128 concurrent=1 ane_pipeline=1 async_ane=0 gpu_overlap=0 finishes=0 waits=0
ds4: Flash-MoE overlap plan layer=31 exec_groups=195 planned_ane_groups=0 planned_ane_refs=0 planned_gpu_groups=195 planned_gpu_refs=2154 tail_gpu_groups=0 tail_gpu_refs=0 planned_ssd_groups=195 est_gpu=14634.0 est_ane=0.0 est_idle=100.00% wall=251.757 ms actual_ane_groups=0 actual_ane_refs=0 actual_gpu_groups=195 actual_gpu_refs=2154 finishes=0 waits=0 overlap_gpu_groups=0
ds4: Flash-MoE prefill layer=32 tokens=359 unique=190 refs=2154 sync=24.936 ms plan=0.348 ms stage/compute=244.443 ms misses=190
ds4: Flash-MoE hybrid prefill layer=32 ane_groups=0 ane_refs=0 gpu_i8_groups=190 gpu_i8_refs=2154 fp32_groups=0 ane_min_refs=128 concurrent=1 ane_pipeline=1 async_ane=0 gpu_overlap=0 finishes=0 waits=0
ds4: Flash-MoE overlap plan layer=32 exec_groups=190 planned_ane_groups=0 planned_ane_refs=0 planned_gpu_groups=190 planned_gpu_refs=2154 tail_gpu_groups=0 tail_gpu_refs=0 planned_ssd_groups=190 est_gpu=14314.0 est_ane=0.0 est_idle=100.00% wall=244.263 ms actual_ane_groups=0 actual_ane_refs=0 actual_gpu_groups=190 actual_gpu_refs=2154 finishes=0 waits=0 overlap_gpu_groups=0
ds4: Flash-MoE prefill layer=33 tokens=359 unique=187 refs=2154 sync=10.866 ms plan=0.337 ms stage/compute=241.894 ms misses=187
ds4: Flash-MoE hybrid prefill layer=33 ane_groups=0 ane_refs=0 gpu_i8_groups=187 gpu_i8_refs=2154 fp32_groups=0 ane_min_refs=128 concurrent=1 ane_pipeline=1 async_ane=0 gpu_overlap=0 finishes=0 waits=0
ds4: Flash-MoE overlap plan layer=33 exec_groups=187 planned_ane_groups=0 planned_ane_refs=0 planned_gpu_groups=187 planned_gpu_refs=2154 tail_gpu_groups=0 tail_gpu_refs=0 planned_ssd_groups=187 est_gpu=14122.0 est_ane=0.0 est_idle=100.00% wall=241.725 ms actual_ane_groups=0 actual_ane_refs=0 actual_gpu_groups=187 actual_gpu_refs=2154 finishes=0 waits=0 overlap_gpu_groups=0
ds4: Flash-MoE prefill layer=34 tokens=359 unique=181 refs=2154 sync=24.896 ms plan=0.302 ms stage/compute=234.958 ms misses=181
ds4: Flash-MoE hybrid prefill layer=34 ane_groups=0 ane_refs=0 gpu_i8_groups=181 gpu_i8_refs=2154 fp32_groups=0 ane_min_refs=128 concurrent=1 ane_pipeline=1 async_ane=0 gpu_overlap=0 finishes=0 waits=0
ds4: Flash-MoE overlap plan layer=34 exec_groups=181 planned_ane_groups=0 planned_ane_refs=0 planned_gpu_groups=181 planned_gpu_refs=2154 tail_gpu_groups=0 tail_gpu_refs=0 planned_ssd_groups=181 est_gpu=13738.0 est_ane=0.0 est_idle=100.00% wall=234.794 ms actual_ane_groups=0 actual_ane_refs=0 actual_gpu_groups=181 actual_gpu_refs=2154 finishes=0 waits=0 overlap_gpu_groups=0
ds4: Flash-MoE prefill layer=35 tokens=359 unique=190 refs=2154 sync=10.868 ms plan=0.426 ms stage/compute=241.732 ms misses=190
ds4: Flash-MoE hybrid prefill layer=35 ane_groups=0 ane_refs=0 gpu_i8_groups=190 gpu_i8_refs=2154 fp32_groups=0 ane_min_refs=128 concurrent=1 ane_pipeline=1 async_ane=0 gpu_overlap=0 finishes=0 waits=0
ds4: Flash-MoE overlap plan layer=35 exec_groups=190 planned_ane_groups=0 planned_ane_refs=0 planned_gpu_groups=190 planned_gpu_refs=2154 tail_gpu_groups=0 tail_gpu_refs=0 planned_ssd_groups=190 est_gpu=14314.0 est_ane=0.0 est_idle=100.00% wall=241.557 ms actual_ane_groups=0 actual_ane_refs=0 actual_gpu_groups=190 actual_gpu_refs=2154 finishes=0 waits=0 overlap_gpu_groups=0
ds4: Flash-MoE prefill layer=36 tokens=359 unique=190 refs=2154 sync=25.026 ms plan=0.347 ms stage/compute=255.922 ms misses=190
ds4: Flash-MoE hybrid prefill layer=36 ane_groups=0 ane_refs=0 gpu_i8_groups=190 gpu_i8_refs=2154 fp32_groups=0 ane_min_refs=128 concurrent=1 ane_pipeline=1 async_ane=0 gpu_overlap=0 finishes=0 waits=0
ds4: Flash-MoE overlap plan layer=36 exec_groups=190 planned_ane_groups=0 planned_ane_refs=0 planned_gpu_groups=190 planned_gpu_refs=2154 tail_gpu_groups=0 tail_gpu_refs=0 planned_ssd_groups=190 est_gpu=14314.0 est_ane=0.0 est_idle=100.00% wall=255.752 ms actual_ane_groups=0 actual_ane_refs=0 actual_gpu_groups=190 actual_gpu_refs=2154 finishes=0 waits=0 overlap_gpu_groups=0
ds4: Flash-MoE prefill layer=37 tokens=359 unique=190 refs=2154 sync=10.901 ms plan=0.297 ms stage/compute=252.998 ms misses=190
ds4: Flash-MoE hybrid prefill layer=37 ane_groups=0 ane_refs=0 gpu_i8_groups=190 gpu_i8_refs=2154 fp32_groups=0 ane_min_refs=128 concurrent=1 ane_pipeline=1 async_ane=0 gpu_overlap=0 finishes=0 waits=0
ds4: Flash-MoE overlap plan layer=37 exec_groups=190 planned_ane_groups=0 planned_ane_refs=0 planned_gpu_groups=190 planned_gpu_refs=2154 tail_gpu_groups=0 tail_gpu_refs=0 planned_ssd_groups=190 est_gpu=14314.0 est_ane=0.0 est_idle=100.00% wall=252.838 ms actual_ane_groups=0 actual_ane_refs=0 actual_gpu_groups=190 actual_gpu_refs=2154 finishes=0 waits=0 overlap_gpu_groups=0
ds4: Flash-MoE prefill layer=38 tokens=359 unique=197 refs=2154 sync=25.029 ms plan=0.349 ms stage/compute=263.142 ms misses=197
ds4: Flash-MoE hybrid prefill layer=38 ane_groups=0 ane_refs=0 gpu_i8_groups=197 gpu_i8_refs=2154 fp32_groups=0 ane_min_refs=128 concurrent=1 ane_pipeline=1 async_ane=0 gpu_overlap=0 finishes=0 waits=0
ds4: Flash-MoE overlap plan layer=38 exec_groups=197 planned_ane_groups=0 planned_ane_refs=0 planned_gpu_groups=197 planned_gpu_refs=2154 tail_gpu_groups=0 tail_gpu_refs=0 planned_ssd_groups=197 est_gpu=14762.0 est_ane=0.0 est_idle=100.00% wall=262.981 ms actual_ane_groups=0 actual_ane_refs=0 actual_gpu_groups=197 actual_gpu_refs=2154 finishes=0 waits=0 overlap_gpu_groups=0
ds4: Flash-MoE prefill layer=39 tokens=359 unique=195 refs=2154 sync=10.863 ms plan=0.367 ms stage/compute=263.051 ms misses=195
ds4: Flash-MoE hybrid prefill layer=39 ane_groups=0 ane_refs=0 gpu_i8_groups=195 gpu_i8_refs=2154 fp32_groups=0 ane_min_refs=128 concurrent=1 ane_pipeline=1 async_ane=0 gpu_overlap=0 finishes=0 waits=0
ds4: Flash-MoE overlap plan layer=39 exec_groups=195 planned_ane_groups=0 planned_ane_refs=0 planned_gpu_groups=195 planned_gpu_refs=2154 tail_gpu_groups=0 tail_gpu_refs=0 planned_ssd_groups=195 est_gpu=14634.0 est_ane=0.0 est_idle=100.00% wall=262.856 ms actual_ane_groups=0 actual_ane_refs=0 actual_gpu_groups=195 actual_gpu_refs=2154 finishes=0 waits=0 overlap_gpu_groups=0
ds4: Flash-MoE prefill layer=40 tokens=359 unique=142 refs=2154 sync=24.884 ms plan=0.370 ms stage/compute=204.766 ms misses=142
ds4: Flash-MoE hybrid prefill layer=40 ane_groups=0 ane_refs=0 gpu_i8_groups=142 gpu_i8_refs=2154 fp32_groups=0 ane_min_refs=128 concurrent=1 ane_pipeline=1 async_ane=0 gpu_overlap=0 finishes=0 waits=0
ds4: Flash-MoE overlap plan layer=40 exec_groups=142 planned_ane_groups=0 planned_ane_refs=0 planned_gpu_groups=142 planned_gpu_refs=2154 tail_gpu_groups=0 tail_gpu_refs=0 planned_ssd_groups=142 est_gpu=11242.0 est_ane=0.0 est_idle=100.00% wall=204.608 ms actual_ane_groups=0 actual_ane_refs=0 actual_gpu_groups=142 actual_gpu_refs=2154 finishes=0 waits=0 overlap_gpu_groups=0
ds4: Flash-MoE prefill layer=41 tokens=359 unique=161 refs=2154 sync=10.805 ms plan=0.302 ms stage/compute=226.193 ms misses=161
ds4: Flash-MoE hybrid prefill layer=41 ane_groups=0 ane_refs=0 gpu_i8_groups=161 gpu_i8_refs=2154 fp32_groups=0 ane_min_refs=128 concurrent=1 ane_pipeline=1 async_ane=0 gpu_overlap=0 finishes=0 waits=0
ds4: Flash-MoE overlap plan layer=41 exec_groups=161 planned_ane_groups=0 planned_ane_refs=0 planned_gpu_groups=161 planned_gpu_refs=2154 tail_gpu_groups=0 tail_gpu_refs=0 planned_ssd_groups=161 est_gpu=12458.0 est_ane=0.0 est_idle=100.00% wall=226.055 ms actual_ane_groups=0 actual_ane_refs=0 actual_gpu_groups=161 actual_gpu_refs=2154 finishes=0 waits=0 overlap_gpu_groups=0
ds4: Flash-MoE prefill layer=42 tokens=359 unique=170 refs=2154 sync=24.945 ms plan=0.331 ms stage/compute=237.108 ms misses=170
ds4: Flash-MoE hybrid prefill layer=42 ane_groups=0 ane_refs=0 gpu_i8_groups=170 gpu_i8_refs=2154 fp32_groups=0 ane_min_refs=128 concurrent=1 ane_pipeline=1 async_ane=0 gpu_overlap=0 finishes=0 waits=0
ds4: Flash-MoE overlap plan layer=42 exec_groups=170 planned_ane_groups=0 planned_ane_refs=0 planned_gpu_groups=170 planned_gpu_refs=2154 tail_gpu_groups=0 tail_gpu_refs=0 planned_ssd_groups=170 est_gpu=13034.0 est_ane=0.0 est_idle=100.00% wall=236.944 ms actual_ane_groups=0 actual_ane_refs=0 actual_gpu_groups=170 actual_gpu_refs=2154 finishes=0 waits=0 overlap_gpu_groups=0
processing 8423 input tokens: 8423/8423 (100.0%) batch=28.82 t/s avg=186.92 t/s
ds4: Flash-MoE layer=0 sync=2.155 ms remap/install=5.361 ms misses=6
ds4: Flash-MoE layer=1 sync=6.477 ms remap/install=5.477 ms misses=6
ds4: Flash-MoE layer=2 sync=6.577 ms remap/install=5.392 ms misses=6
ds4: Flash-MoE layer=3 sync=5.756 ms remap/install=5.445 ms misses=6
ds4: Flash-MoE layer=4 sync=6.598 ms remap/install=5.205 ms misses=6
ds4: Flash-MoE layer=5 sync=5.923 ms remap/install=5.324 ms misses=6
ds4: Flash-MoE layer=6 sync=6.108 ms remap/install=5.432 ms misses=6
ds4: Flash-MoE layer=7 sync=5.723 ms remap/install=5.484 ms misses=6
ds4: Flash-MoE layer=8 sync=6.369 ms remap/install=5.626 ms misses=6
ds4: Flash-MoE layer=9 sync=5.573 ms remap/install=5.755 ms misses=6
ds4: Flash-MoE layer=10 sync=5.848 ms remap/install=4.958 ms misses=6
ds4: Flash-MoE layer=11 sync=5.349 ms remap/install=4.029 ms misses=6
ds4: Flash-MoE layer=12 sync=6.107 ms remap/install=4.089 ms misses=6
ds4: Flash-MoE layer=13 sync=5.396 ms remap/install=4.066 ms misses=6
ds4: Flash-MoE layer=14 sync=6.644 ms remap/install=4.050 ms misses=6
ds4: Flash-MoE layer=15 sync=5.347 ms remap/install=4.070 ms misses=6
ds4: Flash-MoE layer=16 sync=6.533 ms remap/install=4.022 ms misses=6
ds4: Flash-MoE layer=17 sync=6.121 ms remap/install=4.045 ms misses=6
ds4: Flash-MoE layer=18 sync=6.825 ms remap/install=4.077 ms misses=6
ds4: Flash-MoE layer=19 sync=5.460 ms remap/install=4.048 ms misses=6
ds4: Flash-MoE layer=20 sync=6.068 ms remap/install=4.064 ms misses=6
ds4: Flash-MoE layer=21 sync=5.650 ms remap/install=3.815 ms misses=6
ds4: Flash-MoE layer=22 sync=6.001 ms remap/install=3.710 ms misses=6
ds4: Flash-MoE layer=23 sync=5.575 ms remap/install=4.106 ms misses=6
ds4: Flash-MoE layer=24 sync=6.545 ms remap/install=3.818 ms misses=6
ds4: Flash-MoE layer=25 sync=5.454 ms remap/install=3.931 ms misses=6
ds4: Flash-MoE layer=26 sync=6.123 ms remap/install=4.293 ms misses=6
ds4: Flash-MoE layer=27 sync=6.103 ms remap/install=4.264 ms misses=6
ds4: Flash-MoE layer=28 sync=6.954 ms remap/install=4.310 ms misses=6
ds4: Flash-MoE layer=29 sync=6.302 ms remap/install=4.406 ms misses=6
ds4: Flash-MoE layer=30 sync=7.082 ms remap/install=4.318 ms misses=6
ds4: Flash-MoE layer=31 sync=6.343 ms remap/install=4.184 ms misses=6
ds4: Flash-MoE layer=32 sync=7.578 ms remap/install=4.316 ms misses=6
ds4: Flash-MoE layer=33 sync=6.080 ms remap/install=4.187 ms misses=6
ds4: Flash-MoE layer=34 sync=9.230 ms remap/install=4.240 ms misses=6
ds4: Flash-MoE layer=35 sync=8.012 ms remap/install=4.753 ms misses=6
ds4: Flash-MoE layer=36 sync=7.491 ms remap/install=4.557 ms misses=6
ds4: Flash-MoE layer=37 sync=5.981 ms remap/install=4.471 ms misses=6
ds4: Flash-MoE layer=38 sync=9.604 ms remap/install=6.213 ms misses=6
ds4: Flash-MoE layer=39 sync=9.247 ms remap/install=7.916 ms misses=6
ds4: Flash-MoE layer=40 sync=11.633 ms remap/install=6.297 ms misses=6
ds4: Flash-MoE layer=41 sync=8.667 ms remap/install=5.100 ms misses=6
ds4: Flash-MoE layer=42 sync=9.932 ms remap/install=4.523 ms misses=6
We
ds4: prefill: 186.91 t/s, generation: 1.99 t/s
ds4: Flash-MoE slot-bank stats hits=0 misses=19596 hit-rate=0.0% installed=132273.00 MiB
ds4: Flash-MoE prefill dedup refs=2173134 unique=18829 saved=2154305 (99.1%) reuse=115.41x
ds4: ANE prefill stats calls=774 ok=774 skipped_big_refs=0 compile_attempts=2 compile_failures=0 eval_calls=1005 eval_failures=0 write_failures=0 reopen_failures=0
ds4: ANE prefill timing dequant=7.014 ms input=0.321 ms ane_eval=2537.883 ms writeback=3.460 ms helper_avg=2.525257 ms ane_calls=1005 ane_call_avg=2.525257 ms
ds4: ANE prefill timing2 output_pack=0.000 ms measured_total=2548.678 ms
ds4: ANE prefill chunks refs=393864 padded_refs=436992 pad_util=90.13% le16=1 le64=3 le128=1 full=426
ds4: ANE prefill batch_hist B256=303 refs=67987 util=87.6% B512=702 refs=325877 util=90.7%
