ds4: context buffers 7970.36 MiB (ctx=98192, backend=metal, prefill_chunk=32000, raw_kv_rows=8192, compressed_kv_rows=24550)
ds4: Flash-MoE sidecar loaded: /Users/anemll/Models/flash/dsv4-iq2xxs-expert-major (slot-bank=32, expert-record 6.75 MiB)
ds4: Metal device Apple M5 Max, 128.00 GiB RAM
ds4: Flash-MoE using mmap-backed dense/shared weights without full-model Metal residency warmup
ds4: Metal model views created in 0.343 ms, residency requested in 0.000 ms, warmup 0.000 ms (mapped 8393.67 MiB from offset 5.06 MiB)
ds4: Metal mapped mmaped model as 1 overlapping shared buffers
ds4: metal backend initialized for graph diagnostics
ds4: Flash-MoE slot banks allocated: layers=43 slots=32 gpu-bank=9288.00 MiB
ds4: Flash-MoE banked kernels using M5 simdgroup_matrix fast path (prefetch=3, banks=4)
ds4: ANE i8w-i8x-tiled-fused cached async prefill B=256 H=4096 I=2048 w_scale=0.00195312 x_scale=0.03125 mid_scale=0.03125
ds4: ANE i8w-i8x-tiled-fused cached async prefill B=512 H=4096 I=2048 w_scale=0.00195312 x_scale=0.03125 mid_scale=0.03125
processing 8423 input tokens: 0/8423 (0.0%) batch=0.00 t/s avg=0.00 t/s
ds4: Flash-MoE prefill layer=0 tokens=8064 unique=256 refs=48384 sync=425.871 ms plan=0.868 ms stage/compute=428.475 ms misses=257
ds4: Flash-MoE hybrid prefill layer=0 ane_groups=21 ane_refs=5290 gpu_i8_groups=236 gpu_i8_refs=43094 fp32_groups=0 ane_min_refs=128 concurrent=1 ane_pipeline=1 async_ane=21 gpu_overlap=236 finishes=21 waits=42
ds4: Flash-MoE overlap plan layer=0 exec_groups=257 planned_ane_groups=21 planned_ane_refs=5290 planned_gpu_groups=236 planned_gpu_refs=43094 tail_gpu_groups=1 tail_gpu_refs=19 planned_ssd_groups=256 est_gpu=58198.0 est_ane=14530.9 est_idle=75.03% wall=421.786 ms actual_ane_groups=21 actual_ane_refs=5290 actual_gpu_groups=236 actual_gpu_refs=43094 finishes=21 waits=42 overlap_gpu_groups=236
ds4: Flash-MoE prefill layer=1 tokens=8064 unique=256 refs=48384 sync=170.268 ms plan=0.356 ms stage/compute=395.442 ms misses=258
ds4: Flash-MoE hybrid prefill layer=1 ane_groups=21 ane_refs=5472 gpu_i8_groups=237 gpu_i8_refs=42912 fp32_groups=0 ane_min_refs=128 concurrent=1 ane_pipeline=1 async_ane=21 gpu_overlap=237 finishes=21 waits=42
ds4: Flash-MoE overlap plan layer=1 exec_groups=258 planned_ane_groups=21 planned_ane_refs=5472 planned_gpu_groups=237 planned_gpu_refs=42912 tail_gpu_groups=2 tail_gpu_refs=8 planned_ssd_groups=256 est_gpu=58080.0 est_ane=14996.4 est_idle=74.18% wall=394.229 ms actual_ane_groups=21 actual_ane_refs=5472 actual_gpu_groups=237 actual_gpu_refs=42912 finishes=21 waits=42 overlap_gpu_groups=237
ds4: Flash-MoE prefill layer=2 tokens=8064 unique=256 refs=48384 sync=439.714 ms plan=0.385 ms stage/compute=398.917 ms misses=261
ds4: Flash-MoE hybrid prefill layer=2 ane_groups=21 ane_refs=5472 gpu_i8_groups=240 gpu_i8_refs=42912 fp32_groups=0 ane_min_refs=128 concurrent=1 ane_pipeline=1 async_ane=21 gpu_overlap=240 finishes=21 waits=42
ds4: Flash-MoE overlap plan layer=2 exec_groups=261 planned_ane_groups=21 planned_ane_refs=5472 planned_gpu_groups=240 planned_gpu_refs=42912 tail_gpu_groups=5 tail_gpu_refs=155 planned_ssd_groups=256 est_gpu=58272.0 est_ane=14530.9 est_idle=75.06% wall=397.662 ms actual_ane_groups=21 actual_ane_refs=5472 actual_gpu_groups=240 actual_gpu_refs=42912 finishes=21 waits=42 overlap_gpu_groups=240
ds4: Flash-MoE prefill layer=3 tokens=8064 unique=245 refs=48384 sync=188.646 ms plan=0.416 ms stage/compute=407.331 ms misses=254
ds4: Flash-MoE hybrid prefill layer=3 ane_groups=19 ane_refs=8114 gpu_i8_groups=235 gpu_i8_refs=40270 fp32_groups=0 ane_min_refs=128 concurrent=1 ane_pipeline=1 async_ane=19 gpu_overlap=235 finishes=19 waits=38
ds4: Flash-MoE overlap plan layer=3 exec_groups=254 planned_ane_groups=19 planned_ane_refs=8114 planned_gpu_groups=235 planned_gpu_refs=40270 tail_gpu_groups=9 tail_gpu_refs=788 planned_ssd_groups=245 est_gpu=55310.0 est_ane=18865.5 est_idle=65.89% wall=406.102 ms actual_ane_groups=19 actual_ane_refs=8114 actual_gpu_groups=235 actual_gpu_refs=40270 finishes=19 waits=38 overlap_gpu_groups=235
ds4: Flash-MoE prefill layer=4 tokens=8064 unique=241 refs=48384 sync=355.497 ms plan=0.372 ms stage/compute=412.354 ms misses=253
ds4: Flash-MoE hybrid prefill layer=4 ane_groups=18 ane_refs=9441 gpu_i8_groups=235 gpu_i8_refs=38943 fp32_groups=0 ane_min_refs=128 concurrent=1 ane_pipeline=1 async_ane=18 gpu_overlap=235 finishes=18 waits=36
ds4: Flash-MoE overlap plan layer=4 exec_groups=253 planned_ane_groups=18 planned_ane_refs=9441 planned_gpu_groups=235 planned_gpu_refs=38943 tail_gpu_groups=12 tail_gpu_refs=753 planned_ssd_groups=241 est_gpu=53983.0 est_ane=21963.6 est_idle=59.31% wall=411.108 ms actual_ane_groups=18 actual_ane_refs=9441 actual_gpu_groups=235 actual_gpu_refs=38943 finishes=18 waits=36 overlap_gpu_groups=235
ds4: Flash-MoE prefill layer=5 tokens=8064 unique=250 refs=48384 sync=187.823 ms plan=0.372 ms stage/compute=411.173 ms misses=257
ds4: Flash-MoE hybrid prefill layer=5 ane_groups=19 ane_refs=8275 gpu_i8_groups=238 gpu_i8_refs=40109 fp32_groups=0 ane_min_refs=128 concurrent=1 ane_pipeline=1 async_ane=19 gpu_overlap=238 finishes=19 waits=38
ds4: Flash-MoE overlap plan layer=5 exec_groups=257 planned_ane_groups=19 planned_ane_refs=8275 planned_gpu_groups=238 planned_gpu_refs=40109 tail_gpu_groups=7 tail_gpu_refs=954 planned_ssd_groups=250 est_gpu=55341.0 est_ane=20727.3 est_idle=62.55% wall=409.898 ms actual_ane_groups=19 actual_ane_refs=8275 actual_gpu_groups=238 actual_gpu_refs=40109 finishes=19 waits=38 overlap_gpu_groups=238
ds4: Flash-MoE prefill layer=6 tokens=8064 unique=244 refs=48384 sync=355.160 ms plan=0.382 ms stage/compute=406.755 ms misses=254
ds4: Flash-MoE hybrid prefill layer=6 ane_groups=20 ane_refs=8915 gpu_i8_groups=234 gpu_i8_refs=39469 fp32_groups=0 ane_min_refs=128 concurrent=1 ane_pipeline=1 async_ane=20 gpu_overlap=234 finishes=20 waits=40
ds4: Flash-MoE overlap plan layer=6 exec_groups=254 planned_ane_groups=20 planned_ane_refs=8915 planned_gpu_groups=234 planned_gpu_refs=39469 tail_gpu_groups=10 tail_gpu_refs=722 planned_ssd_groups=244 est_gpu=54445.0 est_ane=21352.7 est_idle=60.78% wall=405.489 ms actual_ane_groups=20 actual_ane_refs=8915 actual_gpu_groups=234 actual_gpu_refs=39469 finishes=20 waits=40 overlap_gpu_groups=234
ds4: Flash-MoE prefill layer=7 tokens=8064 unique=250 refs=48384 sync=188.905 ms plan=0.374 ms stage/compute=428.592 ms misses=260
ds4: Flash-MoE hybrid prefill layer=7 ane_groups=16 ane_refs=9947 gpu_i8_groups=244 gpu_i8_refs=38437 fp32_groups=0 ane_min_refs=128 concurrent=1 ane_pipeline=1 async_ane=16 gpu_overlap=244 finishes=16 waits=32
ds4: Flash-MoE overlap plan layer=7 exec_groups=260 planned_ane_groups=16 planned_ane_refs=9947 planned_gpu_groups=244 planned_gpu_refs=38437 tail_gpu_groups=10 tail_gpu_refs=789 planned_ssd_groups=250 est_gpu=54053.0 est_ane=22574.5 est_idle=58.24% wall=427.335 ms actual_ane_groups=16 actual_ane_refs=9947 actual_gpu_groups=244 actual_gpu_refs=38437 finishes=16 waits=32 overlap_gpu_groups=244
ds4: Flash-MoE prefill layer=8 tokens=8064 unique=241 refs=48384 sync=353.984 ms plan=0.356 ms stage/compute=411.229 ms misses=249
ds4: Flash-MoE hybrid prefill layer=8 ane_groups=15 ane_refs=8934 gpu_i8_groups=234 gpu_i8_refs=39450 fp32_groups=0 ane_min_refs=128 concurrent=1 ane_pipeline=1 async_ane=15 gpu_overlap=234 finishes=15 waits=30
ds4: Flash-MoE overlap plan layer=8 exec_groups=249 planned_ane_groups=15 planned_ane_refs=8934 planned_gpu_groups=234 planned_gpu_refs=39450 tail_gpu_groups=8 tail_gpu_refs=1123 planned_ssd_groups=241 est_gpu=54426.0 est_ane=20087.3 est_idle=63.09% wall=409.899 ms actual_ane_groups=15 actual_ane_refs=8934 actual_gpu_groups=234 actual_gpu_refs=39450 finishes=15 waits=30 overlap_gpu_groups=234
ds4: Flash-MoE prefill layer=9 tokens=8064 unique=251 refs=48384 sync=187.524 ms plan=0.370 ms stage/compute=423.392 ms misses=266
ds4: Flash-MoE hybrid prefill layer=9 ane_groups=20 ane_refs=8484 gpu_i8_groups=246 gpu_i8_refs=39900 fp32_groups=0 ane_min_refs=128 concurrent=1 ane_pipeline=1 async_ane=20 gpu_overlap=246 finishes=20 waits=40
ds4: Flash-MoE overlap plan layer=9 exec_groups=266 planned_ane_groups=20 planned_ane_refs=8484 planned_gpu_groups=246 planned_gpu_refs=39900 tail_gpu_groups=15 tail_gpu_refs=1585 planned_ssd_groups=251 est_gpu=55644.0 est_ane=20887.3 est_idle=62.46% wall=422.128 ms actual_ane_groups=20 actual_ane_refs=8484 actual_gpu_groups=246 actual_gpu_refs=39900 finishes=20 waits=40 overlap_gpu_groups=246
ds4: Flash-MoE prefill layer=10 tokens=8064 unique=245 refs=48384 sync=357.586 ms plan=0.447 ms stage/compute=398.035 ms misses=257
ds4: Flash-MoE hybrid prefill layer=10 ane_groups=17 ane_refs=8389 gpu_i8_groups=240 gpu_i8_refs=39995 fp32_groups=0 ane_min_refs=128 concurrent=1 ane_pipeline=1 async_ane=17 gpu_overlap=240 finishes=17 waits=34
ds4: Flash-MoE overlap plan layer=10 exec_groups=257 planned_ane_groups=17 planned_ane_refs=8389 planned_gpu_groups=240 planned_gpu_refs=39995 tail_gpu_groups=12 tail_gpu_refs=1656 planned_ssd_groups=245 est_gpu=55355.0 est_ane=19941.8 est_idle=63.97% wall=396.841 ms actual_ane_groups=17 actual_ane_refs=8389 actual_gpu_groups=240 actual_gpu_refs=39995 finishes=17 waits=34 overlap_gpu_groups=240
ds4: Flash-MoE prefill layer=11 tokens=8064 unique=249 refs=48384 sync=189.289 ms plan=0.422 ms stage/compute=401.061 ms misses=263
ds4: Flash-MoE hybrid prefill layer=11 ane_groups=16 ane_refs=8785 gpu_i8_groups=247 gpu_i8_refs=39599 fp32_groups=0 ane_min_refs=128 concurrent=1 ane_pipeline=1 async_ane=16 gpu_overlap=247 finishes=16 waits=32
ds4: Flash-MoE overlap plan layer=11 exec_groups=263 planned_ane_groups=16 planned_ane_refs=8785 planned_gpu_groups=247 planned_gpu_refs=39599 tail_gpu_groups=14 tail_gpu_refs=1632 planned_ssd_groups=249 est_gpu=55407.0 est_ane=20247.3 est_idle=63.46% wall=399.830 ms actual_ane_groups=16 actual_ane_refs=8785 actual_gpu_groups=247 actual_gpu_refs=39599 finishes=16 waits=32 overlap_gpu_groups=247
ds4: Flash-MoE prefill layer=12 tokens=8064 unique=236 refs=48384 sync=373.968 ms plan=0.379 ms stage/compute=393.712 ms misses=252
ds4: Flash-MoE hybrid prefill layer=12 ane_groups=18 ane_refs=10258 gpu_i8_groups=234 gpu_i8_refs=38126 fp32_groups=0 ane_min_refs=128 concurrent=1 ane_pipeline=1 async_ane=18 gpu_overlap=234 finishes=18 waits=36
ds4: Flash-MoE overlap plan layer=12 exec_groups=252 planned_ane_groups=18 planned_ane_refs=10258 planned_gpu_groups=234 planned_gpu_refs=38126 tail_gpu_groups=16 tail_gpu_refs=1583 planned_ssd_groups=236 est_gpu=53102.0 est_ane=22894.5 est_idle=56.89% wall=392.402 ms actual_ane_groups=18 actual_ane_refs=10258 actual_gpu_groups=234 actual_gpu_refs=38126 finishes=18 waits=36 overlap_gpu_groups=234
ds4: Flash-MoE prefill layer=13 tokens=8064 unique=245 refs=48384 sync=184.769 ms plan=0.353 ms stage/compute=392.717 ms misses=254
ds4: Flash-MoE hybrid prefill layer=13 ane_groups=16 ane_refs=9761 gpu_i8_groups=238 gpu_i8_refs=38623 fp32_groups=0 ane_min_refs=128 concurrent=1 ane_pipeline=1 async_ane=16 gpu_overlap=238 finishes=16 waits=32
ds4: Flash-MoE overlap plan layer=13 exec_groups=254 planned_ane_groups=16 planned_ane_refs=9761 planned_gpu_groups=238 planned_gpu_refs=38623 tail_gpu_groups=9 tail_gpu_refs=999 planned_ssd_groups=245 est_gpu=53855.0 est_ane=23040.0 est_idle=57.22% wall=391.429 ms actual_ane_groups=16 actual_ane_refs=9761 actual_gpu_groups=238 actual_gpu_refs=38623 finishes=16 waits=32 overlap_gpu_groups=238
ds4: Flash-MoE prefill layer=14 tokens=8064 unique=242 refs=48384 sync=375.199 ms plan=0.365 ms stage/compute=381.124 ms misses=253
ds4: Flash-MoE hybrid prefill layer=14 ane_groups=16 ane_refs=9911 gpu_i8_groups=237 gpu_i8_refs=38473 fp32_groups=0 ane_min_refs=128 concurrent=1 ane_pipeline=1 async_ane=16 gpu_overlap=237 finishes=16 waits=32
ds4: Flash-MoE overlap plan layer=14 exec_groups=253 planned_ane_groups=16 planned_ane_refs=9911 planned_gpu_groups=237 planned_gpu_refs=38473 tail_gpu_groups=11 tail_gpu_refs=1404 planned_ssd_groups=242 est_gpu=53641.0 est_ane=22109.1 est_idle=58.78% wall=379.979 ms actual_ane_groups=16 actual_ane_refs=9911 actual_gpu_groups=237 actual_gpu_refs=38473 finishes=16 waits=32 overlap_gpu_groups=237
ds4: Flash-MoE prefill layer=15 tokens=8064 unique=241 refs=48384 sync=184.502 ms plan=0.395 ms stage/compute=387.527 ms misses=256
ds4: Flash-MoE hybrid prefill layer=15 ane_groups=19 ane_refs=10502 gpu_i8_groups=237 gpu_i8_refs=37882 fp32_groups=0 ane_min_refs=128 concurrent=1 ane_pipeline=1 async_ane=19 gpu_overlap=237 finishes=19 waits=38
ds4: Flash-MoE overlap plan layer=15 exec_groups=256 planned_ane_groups=19 planned_ane_refs=10502 planned_gpu_groups=237 planned_gpu_refs=37882 tail_gpu_groups=15 tail_gpu_refs=1627 planned_ssd_groups=241 est_gpu=53050.0 est_ane=24450.9 est_idle=53.91% wall=386.392 ms actual_ane_groups=19 actual_ane_refs=10502 actual_gpu_groups=237 actual_gpu_refs=37882 finishes=19 waits=38 overlap_gpu_groups=237
ds4: Flash-MoE prefill layer=16 tokens=8064 unique=242 refs=48384 sync=351.462 ms plan=0.347 ms stage/compute=394.857 ms misses=258
ds4: Flash-MoE hybrid prefill layer=16 ane_groups=18 ane_refs=9646 gpu_i8_groups=240 gpu_i8_refs=38738 fp32_groups=0 ane_min_refs=128 concurrent=1 ane_pipeline=1 async_ane=18 gpu_overlap=240 finishes=18 waits=36
ds4: Flash-MoE overlap plan layer=16 exec_groups=258 planned_ane_groups=18 planned_ane_refs=9646 planned_gpu_groups=240 planned_gpu_refs=38738 tail_gpu_groups=16 tail_gpu_refs=1407 planned_ssd_groups=242 est_gpu=54098.0 est_ane=23360.0 est_idle=56.82% wall=393.608 ms actual_ane_groups=18 actual_ane_refs=9646 actual_gpu_groups=240 actual_gpu_refs=38738 finishes=18 waits=36 overlap_gpu_groups=240
ds4: Flash-MoE prefill layer=17 tokens=8064 unique=243 refs=48384 sync=185.967 ms plan=0.379 ms stage/compute=389.625 ms misses=255
ds4: Flash-MoE hybrid prefill layer=17 ane_groups=20 ane_refs=10387 gpu_i8_groups=235 gpu_i8_refs=37997 fp32_groups=0 ane_min_refs=128 concurrent=1 ane_pipeline=1 async_ane=20 gpu_overlap=235 finishes=20 waits=40
ds4: Flash-MoE overlap plan layer=17 exec_groups=255 planned_ane_groups=20 planned_ane_refs=10387 planned_gpu_groups=235 planned_gpu_refs=37997 tail_gpu_groups=12 tail_gpu_refs=1033 planned_ssd_groups=243 est_gpu=53037.0 est_ane=24610.9 est_idle=53.60% wall=388.405 ms actual_ane_groups=20 actual_ane_refs=10387 actual_gpu_groups=235 actual_gpu_refs=37997 finishes=20 waits=40 overlap_gpu_groups=235
ds4: Flash-MoE prefill layer=18 tokens=8064 unique=239 refs=48384 sync=350.089 ms plan=0.368 ms stage/compute=400.871 ms misses=251
ds4: Flash-MoE hybrid prefill layer=18 ane_groups=17 ane_refs=11110 gpu_i8_groups=234 gpu_i8_refs=37274 fp32_groups=0 ane_min_refs=128 concurrent=1 ane_pipeline=1 async_ane=17 gpu_overlap=234 finishes=17 waits=34
ds4: Flash-MoE overlap plan layer=18 exec_groups=251 planned_ane_groups=17 planned_ane_refs=11110 planned_gpu_groups=234 planned_gpu_refs=37274 tail_gpu_groups=12 tail_gpu_refs=1531 planned_ssd_groups=239 est_gpu=52250.0 est_ane=24596.4 est_idle=52.93% wall=399.710 ms actual_ane_groups=17 actual_ane_refs=11110 actual_gpu_groups=234 actual_gpu_refs=37274 finishes=17 waits=34 overlap_gpu_groups=234
ds4: Flash-MoE prefill layer=19 tokens=8064 unique=241 refs=48384 sync=184.516 ms plan=0.398 ms stage/compute=372.731 ms misses=255
ds4: Flash-MoE hybrid prefill layer=19 ane_groups=20 ane_refs=8598 gpu_i8_groups=235 gpu_i8_refs=39786 fp32_groups=0 ane_min_refs=128 concurrent=1 ane_pipeline=1 async_ane=20 gpu_overlap=235 finishes=20 waits=40
ds4: Flash-MoE overlap plan layer=19 exec_groups=255 planned_ane_groups=20 planned_ane_refs=8598 planned_gpu_groups=235 planned_gpu_refs=39786 tail_gpu_groups=14 tail_gpu_refs=1335 planned_ssd_groups=241 est_gpu=54826.0 est_ane=20887.3 est_idle=61.90% wall=371.463 ms actual_ane_groups=20 actual_ane_refs=8598 actual_gpu_groups=235 actual_gpu_refs=39786 finishes=20 waits=40 overlap_gpu_groups=235
ds4: Flash-MoE prefill layer=20 tokens=8064 unique=238 refs=48384 sync=375.600 ms plan=0.332 ms stage/compute=392.859 ms misses=255
ds4: Flash-MoE hybrid prefill layer=20 ane_groups=16 ane_refs=10049 gpu_i8_groups=239 gpu_i8_refs=38335 fp32_groups=0 ane_min_refs=128 concurrent=1 ane_pipeline=1 async_ane=16 gpu_overlap=239 finishes=16 waits=32
ds4: Flash-MoE overlap plan layer=20 exec_groups=255 planned_ane_groups=16 planned_ane_refs=10049 planned_gpu_groups=239 planned_gpu_refs=38335 tail_gpu_groups=17 tail_gpu_refs=2048 planned_ssd_groups=238 est_gpu=53631.0 est_ane=22574.5 est_idle=57.91% wall=391.696 ms actual_ane_groups=16 actual_ane_refs=10049 actual_gpu_groups=239 actual_gpu_refs=38335 finishes=16 waits=32 overlap_gpu_groups=239
ds4: Flash-MoE prefill layer=21 tokens=8064 unique=245 refs=48384 sync=184.790 ms plan=0.355 ms stage/compute=383.802 ms misses=258
ds4: Flash-MoE hybrid prefill layer=21 ane_groups=22 ane_refs=9768 gpu_i8_groups=236 gpu_i8_refs=38616 fp32_groups=0 ane_min_refs=128 concurrent=1 ane_pipeline=1 async_ane=22 gpu_overlap=236 finishes=22 waits=44
ds4: Flash-MoE overlap plan layer=21 exec_groups=258 planned_ane_groups=22 planned_ane_refs=9768 planned_gpu_groups=236 planned_gpu_refs=38616 tail_gpu_groups=13 tail_gpu_refs=1937 planned_ssd_groups=245 est_gpu=53720.0 est_ane=23069.1 est_idle=57.06% wall=382.533 ms actual_ane_groups=22 actual_ane_refs=9768 actual_gpu_groups=236 actual_gpu_refs=38616 finishes=22 waits=44 overlap_gpu_groups=236
ds4: Flash-MoE prefill layer=22 tokens=8064 unique=247 refs=48384 sync=350.904 ms plan=0.403 ms stage/compute=389.970 ms misses=260
ds4: Flash-MoE hybrid prefill layer=22 ane_groups=19 ane_refs=10109 gpu_i8_groups=241 gpu_i8_refs=38275 fp32_groups=0 ane_min_refs=128 concurrent=1 ane_pipeline=1 async_ane=19 gpu_overlap=241 finishes=19 waits=38
ds4: Flash-MoE overlap plan layer=22 exec_groups=260 planned_ane_groups=19 planned_ane_refs=10109 planned_gpu_groups=241 planned_gpu_refs=38275 tail_gpu_groups=13 tail_gpu_refs=1368 planned_ssd_groups=247 est_gpu=53699.0 est_ane=23520.0 est_idle=56.20% wall=388.722 ms actual_ane_groups=19 actual_ane_refs=10109 actual_gpu_groups=241 actual_gpu_refs=38275 finishes=19 waits=38 overlap_gpu_groups=241
ds4: Flash-MoE prefill layer=23 tokens=8064 unique=243 refs=48384 sync=186.669 ms plan=0.375 ms stage/compute=375.628 ms misses=257
ds4: Flash-MoE hybrid prefill layer=23 ane_groups=19 ane_refs=8408 gpu_i8_groups=238 gpu_i8_refs=39976 fp32_groups=0 ane_min_refs=128 concurrent=1 ane_pipeline=1 async_ane=19 gpu_overlap=238 finishes=19 waits=38
ds4: Flash-MoE overlap plan layer=23 exec_groups=257 planned_ane_groups=19 planned_ane_refs=8408 planned_gpu_groups=238 planned_gpu_refs=39976 tail_gpu_groups=14 tail_gpu_refs=1183 planned_ssd_groups=243 est_gpu=55208.0 est_ane=20727.3 est_idle=62.46% wall=374.345 ms actual_ane_groups=19 actual_ane_refs=8408 actual_gpu_groups=238 actual_gpu_refs=39976 finishes=19 waits=38 overlap_gpu_groups=238
ds4: Flash-MoE prefill layer=24 tokens=8064 unique=237 refs=48384 sync=349.184 ms plan=0.352 ms stage/compute=376.421 ms misses=250
ds4: Flash-MoE hybrid prefill layer=24 ane_groups=16 ane_refs=9322 gpu_i8_groups=234 gpu_i8_refs=39062 fp32_groups=0 ane_min_refs=128 concurrent=1 ane_pipeline=1 async_ane=16 gpu_overlap=234 finishes=16 waits=32
ds4: Flash-MoE overlap plan layer=24 exec_groups=250 planned_ane_groups=16 planned_ane_refs=9322 planned_gpu_groups=234 planned_gpu_refs=39062 tail_gpu_groups=13 tail_gpu_refs=1058 planned_ssd_groups=237 est_gpu=54038.0 est_ane=21178.2 est_idle=60.81% wall=375.248 ms actual_ane_groups=16 actual_ane_refs=9322 actual_gpu_groups=234 actual_gpu_refs=39062 finishes=16 waits=32 overlap_gpu_groups=234
ds4: Flash-MoE prefill layer=25 tokens=8064 unique=243 refs=48384 sync=184.988 ms plan=0.414 ms stage/compute=376.708 ms misses=261
ds4: Flash-MoE hybrid prefill layer=25 ane_groups=21 ane_refs=9483 gpu_i8_groups=240 gpu_i8_refs=38901 fp32_groups=0 ane_min_refs=128 concurrent=1 ane_pipeline=1 async_ane=21 gpu_overlap=240 finishes=21 waits=42
ds4: Flash-MoE overlap plan layer=25 exec_groups=261 planned_ane_groups=21 planned_ane_refs=9483 planned_gpu_groups=240 planned_gpu_refs=38901 tail_gpu_groups=18 tail_gpu_refs=1799 planned_ssd_groups=243 est_gpu=54261.0 est_ane=21978.2 est_idle=59.50% wall=375.472 ms actual_ane_groups=21 actual_ane_refs=9483 actual_gpu_groups=240 actual_gpu_refs=38901 finishes=21 waits=42 overlap_gpu_groups=240
ds4: Flash-MoE prefill layer=26 tokens=8064 unique=238 refs=48384 sync=349.739 ms plan=0.361 ms stage/compute=379.103 ms misses=250
ds4: Flash-MoE hybrid prefill layer=26 ane_groups=17 ane_refs=10468 gpu_i8_groups=233 gpu_i8_refs=37916 fp32_groups=0 ane_min_refs=128 concurrent=1 ane_pipeline=1 async_ane=17 gpu_overlap=233 finishes=17 waits=34
ds4: Flash-MoE overlap plan layer=26 exec_groups=250 planned_ane_groups=17 planned_ane_refs=10468 planned_gpu_groups=233 planned_gpu_refs=37916 tail_gpu_groups=12 tail_gpu_refs=828 planned_ssd_groups=238 est_gpu=52828.0 est_ane=23200.0 est_idle=56.08% wall=377.883 ms actual_ane_groups=17 actual_ane_refs=10468 actual_gpu_groups=233 actual_gpu_refs=37916 finishes=17 waits=34 overlap_gpu_groups=233
ds4: Flash-MoE prefill layer=27 tokens=8064 unique=244 refs=48384 sync=184.792 ms plan=0.349 ms stage/compute=373.342 ms misses=254
ds4: Flash-MoE hybrid prefill layer=27 ane_groups=19 ane_refs=9101 gpu_i8_groups=235 gpu_i8_refs=39283 fp32_groups=0 ane_min_refs=128 concurrent=1 ane_pipeline=1 async_ane=19 gpu_overlap=235 finishes=19 waits=38
ds4: Flash-MoE overlap plan layer=27 exec_groups=254 planned_ane_groups=19 planned_ane_refs=9101 planned_gpu_groups=235 planned_gpu_refs=39283 tail_gpu_groups=10 tail_gpu_refs=842 planned_ssd_groups=244 est_gpu=54323.0 est_ane=21192.7 est_idle=60.99% wall=372.070 ms actual_ane_groups=19 actual_ane_refs=9101 actual_gpu_groups=235 actual_gpu_refs=39283 finishes=19 waits=38 overlap_gpu_groups=235
ds4: Flash-MoE prefill layer=28 tokens=8064 unique=242 refs=48384 sync=349.808 ms plan=0.365 ms stage/compute=385.096 ms misses=253
ds4: Flash-MoE hybrid prefill layer=28 ane_groups=16 ane_refs=8443 gpu_i8_groups=237 gpu_i8_refs=39941 fp32_groups=0 ane_min_refs=128 concurrent=1 ane_pipeline=1 async_ane=16 gpu_overlap=237 finishes=16 waits=32
ds4: Flash-MoE overlap plan layer=28 exec_groups=253 planned_ane_groups=16 planned_ane_refs=8443 planned_gpu_groups=237 planned_gpu_refs=39941 tail_gpu_groups=11 tail_gpu_refs=928 planned_ssd_groups=242 est_gpu=55109.0 est_ane=19781.8 est_idle=64.10% wall=383.767 ms actual_ane_groups=16 actual_ane_refs=8443 actual_gpu_groups=237 actual_gpu_refs=39941 finishes=16 waits=32 overlap_gpu_groups=237
ds4: Flash-MoE prefill layer=29 tokens=8064 unique=246 refs=48384 sync=185.086 ms plan=0.339 ms stage/compute=396.221 ms misses=260
ds4: Flash-MoE hybrid prefill layer=29 ane_groups=19 ane_refs=9393 gpu_i8_groups=241 gpu_i8_refs=38991 fp32_groups=0 ane_min_refs=128 concurrent=1 ane_pipeline=1 async_ane=19 gpu_overlap=241 finishes=19 waits=38
ds4: Flash-MoE overlap plan layer=29 exec_groups=260 planned_ane_groups=19 planned_ane_refs=9393 planned_gpu_groups=241 planned_gpu_refs=38991 tail_gpu_groups=14 tail_gpu_refs=1673 planned_ssd_groups=246 est_gpu=54415.0 est_ane=22123.6 est_idle=59.34% wall=394.915 ms actual_ane_groups=19 actual_ane_refs=9393 actual_gpu_groups=241 actual_gpu_refs=38991 finishes=19 waits=38 overlap_gpu_groups=241
ds4: Flash-MoE prefill layer=30 tokens=8064 unique=243 refs=48384 sync=374.887 ms plan=0.377 ms stage/compute=399.878 ms misses=262
ds4: Flash-MoE hybrid prefill layer=30 ane_groups=21 ane_refs=9613 gpu_i8_groups=241 gpu_i8_refs=38771 fp32_groups=0 ane_min_refs=128 concurrent=1 ane_pipeline=1 async_ane=21 gpu_overlap=241 finishes=21 waits=42
ds4: Flash-MoE overlap plan layer=30 exec_groups=262 planned_ane_groups=21 planned_ane_refs=9613 planned_gpu_groups=241 planned_gpu_refs=38771 tail_gpu_groups=19 tail_gpu_refs=2247 planned_ssd_groups=243 est_gpu=54195.0 est_ane=22443.6 est_idle=58.59% wall=398.680 ms actual_ane_groups=21 actual_ane_refs=9613 actual_gpu_groups=241 actual_gpu_refs=38771 finishes=21 waits=42 overlap_gpu_groups=241
ds4: Flash-MoE prefill layer=31 tokens=8064 unique=248 refs=48384 sync=185.252 ms plan=0.416 ms stage/compute=392.081 ms misses=261
ds4: Flash-MoE hybrid prefill layer=31 ane_groups=18 ane_refs=9431 gpu_i8_groups=243 gpu_i8_refs=38953 fp32_groups=0 ane_min_refs=128 concurrent=1 ane_pipeline=1 async_ane=18 gpu_overlap=243 finishes=18 waits=36
ds4: Flash-MoE overlap plan layer=31 exec_groups=261 planned_ane_groups=18 planned_ane_refs=9431 planned_gpu_groups=243 planned_gpu_refs=38953 tail_gpu_groups=13 tail_gpu_refs=1333 planned_ssd_groups=248 est_gpu=54505.0 est_ane=22429.1 est_idle=58.85% wall=390.790 ms actual_ane_groups=18 actual_ane_refs=9431 actual_gpu_groups=243 actual_gpu_refs=38953 finishes=18 waits=36 overlap_gpu_groups=243
ds4: Flash-MoE prefill layer=32 tokens=8064 unique=242 refs=48384 sync=350.539 ms plan=0.349 ms stage/compute=385.756 ms misses=254
ds4: Flash-MoE hybrid prefill layer=32 ane_groups=18 ane_refs=9402 gpu_i8_groups=236 gpu_i8_refs=38982 fp32_groups=0 ane_min_refs=128 concurrent=1 ane_pipeline=1 async_ane=18 gpu_overlap=236 finishes=18 waits=36
ds4: Flash-MoE overlap plan layer=32 exec_groups=254 planned_ane_groups=18 planned_ane_refs=9402 planned_gpu_groups=236 planned_gpu_refs=38982 tail_gpu_groups=12 tail_gpu_refs=1247 planned_ssd_groups=242 est_gpu=54086.0 est_ane=21963.6 est_idle=59.39% wall=384.581 ms actual_ane_groups=18 actual_ane_refs=9402 actual_gpu_groups=236 actual_gpu_refs=38982 finishes=18 waits=36 overlap_gpu_groups=236
ds4: Flash-MoE prefill layer=33 tokens=8064 unique=249 refs=48384 sync=185.107 ms plan=0.381 ms stage/compute=397.218 ms misses=263
ds4: Flash-MoE hybrid prefill layer=33 ane_groups=16 ane_refs=9203 gpu_i8_groups=247 gpu_i8_refs=39181 fp32_groups=0 ane_min_refs=128 concurrent=1 ane_pipeline=1 async_ane=16 gpu_overlap=247 finishes=16 waits=32
ds4: Flash-MoE overlap plan layer=33 exec_groups=263 planned_ane_groups=16 planned_ane_refs=9203 planned_gpu_groups=247 planned_gpu_refs=39181 tail_gpu_groups=14 tail_gpu_refs=1657 planned_ssd_groups=249 est_gpu=54989.0 est_ane=20712.7 est_idle=62.33% wall=395.958 ms actual_ane_groups=16 actual_ane_refs=9203 actual_gpu_groups=247 actual_gpu_refs=39181 finishes=16 waits=32 overlap_gpu_groups=247
ds4: Flash-MoE prefill layer=34 tokens=8064 unique=245 refs=48384 sync=352.678 ms plan=0.346 ms stage/compute=402.380 ms misses=259
ds4: Flash-MoE hybrid prefill layer=34 ane_groups=16 ane_refs=9333 gpu_i8_groups=243 gpu_i8_refs=39051 fp32_groups=0 ane_min_refs=128 concurrent=1 ane_pipeline=1 async_ane=16 gpu_overlap=243 finishes=16 waits=32
ds4: Flash-MoE overlap plan layer=34 exec_groups=259 planned_ane_groups=16 planned_ane_refs=9333 planned_gpu_groups=243 planned_gpu_refs=39051 tail_gpu_groups=14 tail_gpu_refs=1875 planned_ssd_groups=245 est_gpu=54603.0 est_ane=21643.6 est_idle=60.36% wall=400.489 ms actual_ane_groups=16 actual_ane_refs=9333 actual_gpu_groups=243 actual_gpu_refs=39051 finishes=16 waits=32 overlap_gpu_groups=243
ds4: Flash-MoE prefill layer=35 tokens=8064 unique=248 refs=48384 sync=185.581 ms plan=0.401 ms stage/compute=396.108 ms misses=256
ds4: Flash-MoE hybrid prefill layer=35 ane_groups=14 ane_refs=8671 gpu_i8_groups=242 gpu_i8_refs=39713 fp32_groups=0 ane_min_refs=128 concurrent=1 ane_pipeline=1 async_ane=14 gpu_overlap=242 finishes=14 waits=28
ds4: Flash-MoE overlap plan layer=35 exec_groups=256 planned_ane_groups=14 planned_ane_refs=8671 planned_gpu_groups=242 planned_gpu_refs=39713 tail_gpu_groups=8 tail_gpu_refs=944 planned_ssd_groups=248 est_gpu=55201.0 est_ane=20392.7 est_idle=63.06% wall=394.832 ms actual_ane_groups=14 actual_ane_refs=8671 actual_gpu_groups=242 actual_gpu_refs=39713 finishes=14 waits=28 overlap_gpu_groups=242
ds4: Flash-MoE prefill layer=36 tokens=8064 unique=249 refs=48384 sync=375.862 ms plan=0.358 ms stage/compute=414.288 ms misses=264
ds4: Flash-MoE hybrid prefill layer=36 ane_groups=18 ane_refs=10580 gpu_i8_groups=246 gpu_i8_refs=37804 fp32_groups=0 ane_min_refs=128 concurrent=1 ane_pipeline=1 async_ane=18 gpu_overlap=246 finishes=18 waits=36
ds4: Flash-MoE overlap plan layer=36 exec_groups=264 planned_ane_groups=18 planned_ane_refs=10580 planned_gpu_groups=246 planned_gpu_refs=37804 tail_gpu_groups=15 tail_gpu_refs=1074 planned_ssd_groups=249 est_gpu=53548.0 est_ane=24290.9 est_idle=54.64% wall=413.097 ms actual_ane_groups=18 actual_ane_refs=10580 actual_gpu_groups=246 actual_gpu_refs=37804 finishes=18 waits=36 overlap_gpu_groups=246
ds4: Flash-MoE prefill layer=37 tokens=8064 unique=249 refs=48384 sync=185.167 ms plan=0.371 ms stage/compute=410.139 ms misses=264
ds4: Flash-MoE hybrid prefill layer=37 ane_groups=17 ane_refs=10250 gpu_i8_groups=247 gpu_i8_refs=38134 fp32_groups=0 ane_min_refs=128 concurrent=1 ane_pipeline=1 async_ane=17 gpu_overlap=247 finishes=17 waits=34
ds4: Flash-MoE overlap plan layer=37 exec_groups=264 planned_ane_groups=17 planned_ane_refs=10250 planned_gpu_groups=247 planned_gpu_refs=38134 tail_gpu_groups=15 tail_gpu_refs=1384 planned_ssd_groups=249 est_gpu=53942.0 est_ane=22734.5 est_idle=57.85% wall=408.877 ms actual_ane_groups=17 actual_ane_refs=10250 actual_gpu_groups=247 actual_gpu_refs=38134 finishes=17 waits=34 overlap_gpu_groups=247
ds4: Flash-MoE prefill layer=38 tokens=8064 unique=249 refs=48384 sync=375.517 ms plan=0.353 ms stage/compute=403.945 ms misses=263
ds4: Flash-MoE hybrid prefill layer=38 ane_groups=20 ane_refs=10316 gpu_i8_groups=243 gpu_i8_refs=38068 fp32_groups=0 ane_min_refs=128 concurrent=1 ane_pipeline=1 async_ane=20 gpu_overlap=243 finishes=20 waits=40
ds4: Flash-MoE overlap plan layer=38 exec_groups=263 planned_ane_groups=20 planned_ane_refs=10316 planned_gpu_groups=243 planned_gpu_refs=38068 tail_gpu_groups=14 tail_gpu_refs=1024 planned_ssd_groups=249 est_gpu=53620.0 est_ane=23680.0 est_idle=55.84% wall=402.705 ms actual_ane_groups=20 actual_ane_refs=10316 actual_gpu_groups=243 actual_gpu_refs=38068 finishes=20 waits=40 overlap_gpu_groups=243
ds4: Flash-MoE prefill layer=39 tokens=8064 unique=251 refs=48384 sync=186.630 ms plan=0.381 ms stage/compute=404.168 ms misses=255
ds4: Flash-MoE hybrid prefill layer=39 ane_groups=16 ane_refs=9143 gpu_i8_groups=239 gpu_i8_refs=39241 fp32_groups=0 ane_min_refs=128 concurrent=1 ane_pipeline=1 async_ane=16 gpu_overlap=239 finishes=16 waits=32
ds4: Flash-MoE overlap plan layer=39 exec_groups=255 planned_ane_groups=16 planned_ane_refs=9143 planned_gpu_groups=239 planned_gpu_refs=39241 tail_gpu_groups=4 tail_gpu_refs=452 planned_ssd_groups=251 est_gpu=54537.0 est_ane=22109.1 est_idle=59.46% wall=402.880 ms actual_ane_groups=16 actual_ane_refs=9143 actual_gpu_groups=239 actual_gpu_refs=39241 finishes=16 waits=32 overlap_gpu_groups=239
ds4: Flash-MoE prefill layer=40 tokens=8064 unique=234 refs=48384 sync=349.719 ms plan=0.442 ms stage/compute=414.154 ms misses=244
ds4: Flash-MoE hybrid prefill layer=40 ane_groups=18 ane_refs=11341 gpu_i8_groups=226 gpu_i8_refs=37043 fp32_groups=0 ane_min_refs=128 concurrent=1 ane_pipeline=1 async_ane=18 gpu_overlap=226 finishes=18 waits=36
ds4: Flash-MoE overlap plan layer=40 exec_groups=244 planned_ane_groups=18 planned_ane_refs=11341 planned_gpu_groups=226 planned_gpu_refs=37043 tail_gpu_groups=10 tail_gpu_refs=869 planned_ssd_groups=234 est_gpu=51507.0 est_ane=25687.3 est_idle=50.13% wall=412.887 ms actual_ane_groups=18 actual_ane_refs=11341 actual_gpu_groups=226 actual_gpu_refs=37043 finishes=18 waits=36 overlap_gpu_groups=226
ds4: Flash-MoE prefill layer=41 tokens=8064 unique=236 refs=48384 sync=185.691 ms plan=0.398 ms stage/compute=455.017 ms misses=248
ds4: Flash-MoE hybrid prefill layer=41 ane_groups=21 ane_refs=10444 gpu_i8_groups=227 gpu_i8_refs=37940 fp32_groups=0 ane_min_refs=128 concurrent=1 ane_pipeline=1 async_ane=21 gpu_overlap=227 finishes=21 waits=42
ds4: Flash-MoE overlap plan layer=41 exec_groups=248 planned_ane_groups=21 planned_ane_refs=10444 planned_gpu_groups=227 planned_gpu_refs=37940 tail_gpu_groups=12 tail_gpu_refs=1124 planned_ssd_groups=236 est_gpu=52468.0 est_ane=24305.5 est_idle=53.68% wall=453.744 ms actual_ane_groups=21 actual_ane_refs=10444 actual_gpu_groups=227 actual_gpu_refs=37940 finishes=21 waits=42 overlap_gpu_groups=227
ds4: Flash-MoE prefill layer=42 tokens=8064 unique=236 refs=48384 sync=349.948 ms plan=0.400 ms stage/compute=456.996 ms misses=250
ds4: Flash-MoE hybrid prefill layer=42 ane_groups=18 ane_refs=9235 gpu_i8_groups=232 gpu_i8_refs=39149 fp32_groups=0 ane_min_refs=128 concurrent=1 ane_pipeline=1 async_ane=18 gpu_overlap=232 finishes=18 waits=36
ds4: Flash-MoE overlap plan layer=42 exec_groups=250 planned_ane_groups=18 planned_ane_refs=9235 planned_gpu_groups=232 planned_gpu_refs=39149 tail_gpu_groups=14 tail_gpu_refs=1051 planned_ssd_groups=236 est_gpu=53997.0 est_ane=21032.7 est_idle=61.05% wall=455.847 ms actual_ane_groups=18 actual_ane_refs=9235 actual_gpu_groups=232 actual_gpu_refs=39149 finishes=18 waits=36 overlap_gpu_groups=232
processing 8423 input tokens: 8064/8423 (95.7%) batch=256.95 t/s avg=250.65 t/s
ds4: Flash-MoE prefill layer=0 tokens=359 unique=255 refs=2154 sync=10.103 ms plan=0.345 ms stage/compute=429.153 ms misses=255
ds4: Flash-MoE hybrid prefill layer=0 ane_groups=0 ane_refs=0 gpu_i8_groups=255 gpu_i8_refs=2154 fp32_groups=0 ane_min_refs=128 concurrent=1 ane_pipeline=1 async_ane=0 gpu_overlap=0 finishes=0 waits=0
ds4: Flash-MoE overlap plan layer=0 exec_groups=255 planned_ane_groups=0 planned_ane_refs=0 planned_gpu_groups=255 planned_gpu_refs=2154 tail_gpu_groups=0 tail_gpu_refs=0 planned_ssd_groups=255 est_gpu=18474.0 est_ane=0.0 est_idle=100.00% wall=428.954 ms actual_ane_groups=0 actual_ane_refs=0 actual_gpu_groups=255 actual_gpu_refs=2154 finishes=0 waits=0 overlap_gpu_groups=0
ds4: Flash-MoE prefill layer=1 tokens=359 unique=256 refs=2154 sync=9.473 ms plan=0.343 ms stage/compute=423.506 ms misses=256
ds4: Flash-MoE hybrid prefill layer=1 ane_groups=0 ane_refs=0 gpu_i8_groups=256 gpu_i8_refs=2154 fp32_groups=0 ane_min_refs=128 concurrent=1 ane_pipeline=1 async_ane=0 gpu_overlap=0 finishes=0 waits=0
ds4: Flash-MoE overlap plan layer=1 exec_groups=256 planned_ane_groups=0 planned_ane_refs=0 planned_gpu_groups=256 planned_gpu_refs=2154 tail_gpu_groups=0 tail_gpu_refs=0 planned_ssd_groups=256 est_gpu=18538.0 est_ane=0.0 est_idle=100.00% wall=423.319 ms actual_ane_groups=0 actual_ane_refs=0 actual_gpu_groups=256 actual_gpu_refs=2154 finishes=0 waits=0 overlap_gpu_groups=0
ds4: Flash-MoE prefill layer=2 tokens=359 unique=255 refs=2154 sync=51.957 ms plan=0.374 ms stage/compute=426.765 ms misses=255
ds4: Flash-MoE hybrid prefill layer=2 ane_groups=0 ane_refs=0 gpu_i8_groups=255 gpu_i8_refs=2154 fp32_groups=0 ane_min_refs=128 concurrent=1 ane_pipeline=1 async_ane=0 gpu_overlap=0 finishes=0 waits=0
ds4: Flash-MoE overlap plan layer=2 exec_groups=255 planned_ane_groups=0 planned_ane_refs=0 planned_gpu_groups=255 planned_gpu_refs=2154 tail_gpu_groups=0 tail_gpu_refs=0 planned_ssd_groups=255 est_gpu=18474.0 est_ane=0.0 est_idle=100.00% wall=426.497 ms actual_ane_groups=0 actual_ane_refs=0 actual_gpu_groups=255 actual_gpu_refs=2154 finishes=0 waits=0 overlap_gpu_groups=0
ds4: Flash-MoE prefill layer=3 tokens=359 unique=214 refs=2154 sync=10.921 ms plan=0.329 ms stage/compute=361.068 ms misses=214
ds4: Flash-MoE hybrid prefill layer=3 ane_groups=0 ane_refs=0 gpu_i8_groups=214 gpu_i8_refs=2154 fp32_groups=0 ane_min_refs=128 concurrent=1 ane_pipeline=1 async_ane=0 gpu_overlap=0 finishes=0 waits=0
ds4: Flash-MoE overlap plan layer=3 exec_groups=214 planned_ane_groups=0 planned_ane_refs=0 planned_gpu_groups=214 planned_gpu_refs=2154 tail_gpu_groups=0 tail_gpu_refs=0 planned_ssd_groups=214 est_gpu=15850.0 est_ane=0.0 est_idle=100.00% wall=360.876 ms actual_ane_groups=0 actual_ane_refs=0 actual_gpu_groups=214 actual_gpu_refs=2154 finishes=0 waits=0 overlap_gpu_groups=0
ds4: Flash-MoE prefill layer=4 tokens=359 unique=206 refs=2154 sync=24.866 ms plan=0.326 ms stage/compute=348.358 ms misses=206
ds4: Flash-MoE hybrid prefill layer=4 ane_groups=0 ane_refs=0 gpu_i8_groups=206 gpu_i8_refs=2154 fp32_groups=0 ane_min_refs=128 concurrent=1 ane_pipeline=1 async_ane=0 gpu_overlap=0 finishes=0 waits=0
ds4: Flash-MoE overlap plan layer=4 exec_groups=206 planned_ane_groups=0 planned_ane_refs=0 planned_gpu_groups=206 planned_gpu_refs=2154 tail_gpu_groups=0 tail_gpu_refs=0 planned_ssd_groups=206 est_gpu=15338.0 est_ane=0.0 est_idle=100.00% wall=348.183 ms actual_ane_groups=0 actual_ane_refs=0 actual_gpu_groups=206 actual_gpu_refs=2154 finishes=0 waits=0 overlap_gpu_groups=0
ds4: Flash-MoE prefill layer=5 tokens=359 unique=221 refs=2154 sync=10.927 ms plan=0.366 ms stage/compute=372.582 ms misses=221
ds4: Flash-MoE hybrid prefill layer=5 ane_groups=0 ane_refs=0 gpu_i8_groups=221 gpu_i8_refs=2154 fp32_groups=0 ane_min_refs=128 concurrent=1 ane_pipeline=1 async_ane=0 gpu_overlap=0 finishes=0 waits=0
ds4: Flash-MoE overlap plan layer=5 exec_groups=221 planned_ane_groups=0 planned_ane_refs=0 planned_gpu_groups=221 planned_gpu_refs=2154 tail_gpu_groups=0 tail_gpu_refs=0 planned_ssd_groups=221 est_gpu=16298.0 est_ane=0.0 est_idle=100.00% wall=372.392 ms actual_ane_groups=0 actual_ane_refs=0 actual_gpu_groups=221 actual_gpu_refs=2154 finishes=0 waits=0 overlap_gpu_groups=0
ds4: Flash-MoE prefill layer=6 tokens=359 unique=198 refs=2154 sync=24.652 ms plan=0.360 ms stage/compute=333.604 ms misses=198
ds4: Flash-MoE hybrid prefill layer=6 ane_groups=0 ane_refs=0 gpu_i8_groups=198 gpu_i8_refs=2154 fp32_groups=0 ane_min_refs=128 concurrent=1 ane_pipeline=1 async_ane=0 gpu_overlap=0 finishes=0 waits=0
ds4: Flash-MoE overlap plan layer=6 exec_groups=198 planned_ane_groups=0 planned_ane_refs=0 planned_gpu_groups=198 planned_gpu_refs=2154 tail_gpu_groups=0 tail_gpu_refs=0 planned_ssd_groups=198 est_gpu=14826.0 est_ane=0.0 est_idle=100.00% wall=333.427 ms actual_ane_groups=0 actual_ane_refs=0 actual_gpu_groups=198 actual_gpu_refs=2154 finishes=0 waits=0 overlap_gpu_groups=0
ds4: Flash-MoE prefill layer=7 tokens=359 unique=201 refs=2154 sync=10.782 ms plan=0.329 ms stage/compute=337.999 ms misses=201
ds4: Flash-MoE hybrid prefill layer=7 ane_groups=0 ane_refs=0 gpu_i8_groups=201 gpu_i8_refs=2154 fp32_groups=0 ane_min_refs=128 concurrent=1 ane_pipeline=1 async_ane=0 gpu_overlap=0 finishes=0 waits=0
ds4: Flash-MoE overlap plan layer=7 exec_groups=201 planned_ane_groups=0 planned_ane_refs=0 planned_gpu_groups=201 planned_gpu_refs=2154 tail_gpu_groups=0 tail_gpu_refs=0 planned_ssd_groups=201 est_gpu=15018.0 est_ane=0.0 est_idle=100.00% wall=337.819 ms actual_ane_groups=0 actual_ane_refs=0 actual_gpu_groups=201 actual_gpu_refs=2154 finishes=0 waits=0 overlap_gpu_groups=0
ds4: Flash-MoE prefill layer=8 tokens=359 unique=198 refs=2154 sync=24.737 ms plan=0.367 ms stage/compute=331.123 ms misses=198
ds4: Flash-MoE hybrid prefill layer=8 ane_groups=0 ane_refs=0 gpu_i8_groups=198 gpu_i8_refs=2154 fp32_groups=0 ane_min_refs=128 concurrent=1 ane_pipeline=1 async_ane=0 gpu_overlap=0 finishes=0 waits=0
ds4: Flash-MoE overlap plan layer=8 exec_groups=198 planned_ane_groups=0 planned_ane_refs=0 planned_gpu_groups=198 planned_gpu_refs=2154 tail_gpu_groups=0 tail_gpu_refs=0 planned_ssd_groups=198 est_gpu=14826.0 est_ane=0.0 est_idle=100.00% wall=330.941 ms actual_ane_groups=0 actual_ane_refs=0 actual_gpu_groups=198 actual_gpu_refs=2154 finishes=0 waits=0 overlap_gpu_groups=0
ds4: Flash-MoE prefill layer=9 tokens=359 unique=210 refs=2154 sync=10.772 ms plan=0.295 ms stage/compute=339.957 ms misses=210
ds4: Flash-MoE hybrid prefill layer=9 ane_groups=0 ane_refs=0 gpu_i8_groups=210 gpu_i8_refs=2154 fp32_groups=0 ane_min_refs=128 concurrent=1 ane_pipeline=1 async_ane=0 gpu_overlap=0 finishes=0 waits=0
ds4: Flash-MoE overlap plan layer=9 exec_groups=210 planned_ane_groups=0 planned_ane_refs=0 planned_gpu_groups=210 planned_gpu_refs=2154 tail_gpu_groups=0 tail_gpu_refs=0 planned_ssd_groups=210 est_gpu=15594.0 est_ane=0.0 est_idle=100.00% wall=339.775 ms actual_ane_groups=0 actual_ane_refs=0 actual_gpu_groups=210 actual_gpu_refs=2154 finishes=0 waits=0 overlap_gpu_groups=0
ds4: Flash-MoE prefill layer=10 tokens=359 unique=194 refs=2154 sync=24.636 ms plan=0.327 ms stage/compute=250.220 ms misses=194
ds4: Flash-MoE hybrid prefill layer=10 ane_groups=0 ane_refs=0 gpu_i8_groups=194 gpu_i8_refs=2154 fp32_groups=0 ane_min_refs=128 concurrent=1 ane_pipeline=1 async_ane=0 gpu_overlap=0 finishes=0 waits=0
ds4: Flash-MoE overlap plan layer=10 exec_groups=194 planned_ane_groups=0 planned_ane_refs=0 planned_gpu_groups=194 planned_gpu_refs=2154 tail_gpu_groups=0 tail_gpu_refs=0 planned_ssd_groups=194 est_gpu=14570.0 est_ane=0.0 est_idle=100.00% wall=250.050 ms actual_ane_groups=0 actual_ane_refs=0 actual_gpu_groups=194 actual_gpu_refs=2154 finishes=0 waits=0 overlap_gpu_groups=0
ds4: Flash-MoE prefill layer=11 tokens=359 unique=196 refs=2154 sync=10.887 ms plan=0.286 ms stage/compute=247.836 ms misses=196
ds4: Flash-MoE hybrid prefill layer=11 ane_groups=0 ane_refs=0 gpu_i8_groups=196 gpu_i8_refs=2154 fp32_groups=0 ane_min_refs=128 concurrent=1 ane_pipeline=1 async_ane=0 gpu_overlap=0 finishes=0 waits=0
ds4: Flash-MoE overlap plan layer=11 exec_groups=196 planned_ane_groups=0 planned_ane_refs=0 planned_gpu_groups=196 planned_gpu_refs=2154 tail_gpu_groups=0 tail_gpu_refs=0 planned_ssd_groups=196 est_gpu=14698.0 est_ane=0.0 est_idle=100.00% wall=247.650 ms actual_ane_groups=0 actual_ane_refs=0 actual_gpu_groups=196 actual_gpu_refs=2154 finishes=0 waits=0 overlap_gpu_groups=0
ds4: Flash-MoE prefill layer=12 tokens=359 unique=173 refs=2154 sync=24.638 ms plan=0.356 ms stage/compute=222.690 ms misses=173
ds4: Flash-MoE hybrid prefill layer=12 ane_groups=0 ane_refs=0 gpu_i8_groups=173 gpu_i8_refs=2154 fp32_groups=0 ane_min_refs=128 concurrent=1 ane_pipeline=1 async_ane=0 gpu_overlap=0 finishes=0 waits=0
ds4: Flash-MoE overlap plan layer=12 exec_groups=173 planned_ane_groups=0 planned_ane_refs=0 planned_gpu_groups=173 planned_gpu_refs=2154 tail_gpu_groups=0 tail_gpu_refs=0 planned_ssd_groups=173 est_gpu=13226.0 est_ane=0.0 est_idle=100.00% wall=222.508 ms actual_ane_groups=0 actual_ane_refs=0 actual_gpu_groups=173 actual_gpu_refs=2154 finishes=0 waits=0 overlap_gpu_groups=0
ds4: Flash-MoE prefill layer=13 tokens=359 unique=189 refs=2154 sync=10.753 ms plan=0.360 ms stage/compute=242.397 ms misses=189
ds4: Flash-MoE hybrid prefill layer=13 ane_groups=0 ane_refs=0 gpu_i8_groups=189 gpu_i8_refs=2154 fp32_groups=0 ane_min_refs=128 concurrent=1 ane_pipeline=1 async_ane=0 gpu_overlap=0 finishes=0 waits=0
ds4: Flash-MoE overlap plan layer=13 exec_groups=189 planned_ane_groups=0 planned_ane_refs=0 planned_gpu_groups=189 planned_gpu_refs=2154 tail_gpu_groups=0 tail_gpu_refs=0 planned_ssd_groups=189 est_gpu=14250.0 est_ane=0.0 est_idle=100.00% wall=242.224 ms actual_ane_groups=0 actual_ane_refs=0 actual_gpu_groups=189 actual_gpu_refs=2154 finishes=0 waits=0 overlap_gpu_groups=0
ds4: Flash-MoE prefill layer=14 tokens=359 unique=193 refs=2154 sync=25.319 ms plan=0.325 ms stage/compute=248.850 ms misses=193
ds4: Flash-MoE hybrid prefill layer=14 ane_groups=0 ane_refs=0 gpu_i8_groups=193 gpu_i8_refs=2154 fp32_groups=0 ane_min_refs=128 concurrent=1 ane_pipeline=1 async_ane=0 gpu_overlap=0 finishes=0 waits=0
ds4: Flash-MoE overlap plan layer=14 exec_groups=193 planned_ane_groups=0 planned_ane_refs=0 planned_gpu_groups=193 planned_gpu_refs=2154 tail_gpu_groups=0 tail_gpu_refs=0 planned_ssd_groups=193 est_gpu=14506.0 est_ane=0.0 est_idle=100.00% wall=248.679 ms actual_ane_groups=0 actual_ane_refs=0 actual_gpu_groups=193 actual_gpu_refs=2154 finishes=0 waits=0 overlap_gpu_groups=0
ds4: Flash-MoE prefill layer=15 tokens=359 unique=181 refs=2154 sync=10.798 ms plan=0.300 ms stage/compute=233.404 ms misses=181
ds4: Flash-MoE hybrid prefill layer=15 ane_groups=0 ane_refs=0 gpu_i8_groups=181 gpu_i8_refs=2154 fp32_groups=0 ane_min_refs=128 concurrent=1 ane_pipeline=1 async_ane=0 gpu_overlap=0 finishes=0 waits=0
ds4: Flash-MoE overlap plan layer=15 exec_groups=181 planned_ane_groups=0 planned_ane_refs=0 planned_gpu_groups=181 planned_gpu_refs=2154 tail_gpu_groups=0 tail_gpu_refs=0 planned_ssd_groups=181 est_gpu=13738.0 est_ane=0.0 est_idle=100.00% wall=233.234 ms actual_ane_groups=0 actual_ane_refs=0 actual_gpu_groups=181 actual_gpu_refs=2154 finishes=0 waits=0 overlap_gpu_groups=0
ds4: Flash-MoE prefill layer=16 tokens=359 unique=178 refs=2154 sync=24.759 ms plan=0.342 ms stage/compute=228.221 ms misses=178
ds4: Flash-MoE hybrid prefill layer=16 ane_groups=0 ane_refs=0 gpu_i8_groups=178 gpu_i8_refs=2154 fp32_groups=0 ane_min_refs=128 concurrent=1 ane_pipeline=1 async_ane=0 gpu_overlap=0 finishes=0 waits=0
ds4: Flash-MoE overlap plan layer=16 exec_groups=178 planned_ane_groups=0 planned_ane_refs=0 planned_gpu_groups=178 planned_gpu_refs=2154 tail_gpu_groups=0 tail_gpu_refs=0 planned_ssd_groups=178 est_gpu=13546.0 est_ane=0.0 est_idle=100.00% wall=228.045 ms actual_ane_groups=0 actual_ane_refs=0 actual_gpu_groups=178 actual_gpu_refs=2154 finishes=0 waits=0 overlap_gpu_groups=0
ds4: Flash-MoE prefill layer=17 tokens=359 unique=182 refs=2154 sync=10.668 ms plan=0.299 ms stage/compute=235.703 ms misses=182
ds4: Flash-MoE hybrid prefill layer=17 ane_groups=0 ane_refs=0 gpu_i8_groups=182 gpu_i8_refs=2154 fp32_groups=0 ane_min_refs=128 concurrent=1 ane_pipeline=1 async_ane=0 gpu_overlap=0 finishes=0 waits=0
ds4: Flash-MoE overlap plan layer=17 exec_groups=182 planned_ane_groups=0 planned_ane_refs=0 planned_gpu_groups=182 planned_gpu_refs=2154 tail_gpu_groups=0 tail_gpu_refs=0 planned_ssd_groups=182 est_gpu=13802.0 est_ane=0.0 est_idle=100.00% wall=235.536 ms actual_ane_groups=0 actual_ane_refs=0 actual_gpu_groups=182 actual_gpu_refs=2154 finishes=0 waits=0 overlap_gpu_groups=0
ds4: Flash-MoE prefill layer=18 tokens=359 unique=166 refs=2154 sync=24.778 ms plan=0.369 ms stage/compute=214.866 ms misses=166
ds4: Flash-MoE hybrid prefill layer=18 ane_groups=0 ane_refs=0 gpu_i8_groups=166 gpu_i8_refs=2154 fp32_groups=0 ane_min_refs=128 concurrent=1 ane_pipeline=1 async_ane=0 gpu_overlap=0 finishes=0 waits=0
ds4: Flash-MoE overlap plan layer=18 exec_groups=166 planned_ane_groups=0 planned_ane_refs=0 planned_gpu_groups=166 planned_gpu_refs=2154 tail_gpu_groups=0 tail_gpu_refs=0 planned_ssd_groups=166 est_gpu=12778.0 est_ane=0.0 est_idle=100.00% wall=214.704 ms actual_ane_groups=0 actual_ane_refs=0 actual_gpu_groups=166 actual_gpu_refs=2154 finishes=0 waits=0 overlap_gpu_groups=0
ds4: Flash-MoE prefill layer=19 tokens=359 unique=215 refs=2154 sync=10.782 ms plan=0.319 ms stage/compute=271.943 ms misses=215
ds4: Flash-MoE hybrid prefill layer=19 ane_groups=0 ane_refs=0 gpu_i8_groups=215 gpu_i8_refs=2154 fp32_groups=0 ane_min_refs=128 concurrent=1 ane_pipeline=1 async_ane=0 gpu_overlap=0 finishes=0 waits=0
ds4: Flash-MoE overlap plan layer=19 exec_groups=215 planned_ane_groups=0 planned_ane_refs=0 planned_gpu_groups=215 planned_gpu_refs=2154 tail_gpu_groups=0 tail_gpu_refs=0 planned_ssd_groups=215 est_gpu=15914.0 est_ane=0.0 est_idle=100.00% wall=271.759 ms actual_ane_groups=0 actual_ane_refs=0 actual_gpu_groups=215 actual_gpu_refs=2154 finishes=0 waits=0 overlap_gpu_groups=0
ds4: Flash-MoE prefill layer=20 tokens=359 unique=172 refs=2154 sync=24.681 ms plan=0.343 ms stage/compute=219.094 ms misses=172
ds4: Flash-MoE hybrid prefill layer=20 ane_groups=0 ane_refs=0 gpu_i8_groups=172 gpu_i8_refs=2154 fp32_groups=0 ane_min_refs=128 concurrent=1 ane_pipeline=1 async_ane=0 gpu_overlap=0 finishes=0 waits=0
ds4: Flash-MoE overlap plan layer=20 exec_groups=172 planned_ane_groups=0 planned_ane_refs=0 planned_gpu_groups=172 planned_gpu_refs=2154 tail_gpu_groups=0 tail_gpu_refs=0 planned_ssd_groups=172 est_gpu=13162.0 est_ane=0.0 est_idle=100.00% wall=218.942 ms actual_ane_groups=0 actual_ane_refs=0 actual_gpu_groups=172 actual_gpu_refs=2154 finishes=0 waits=0 overlap_gpu_groups=0
ds4: Flash-MoE prefill layer=21 tokens=359 unique=184 refs=2154 sync=10.752 ms plan=0.354 ms stage/compute=228.047 ms misses=184
ds4: Flash-MoE hybrid prefill layer=21 ane_groups=0 ane_refs=0 gpu_i8_groups=184 gpu_i8_refs=2154 fp32_groups=0 ane_min_refs=128 concurrent=1 ane_pipeline=1 async_ane=0 gpu_overlap=0 finishes=0 waits=0
ds4: Flash-MoE overlap plan layer=21 exec_groups=184 planned_ane_groups=0 planned_ane_refs=0 planned_gpu_groups=184 planned_gpu_refs=2154 tail_gpu_groups=0 tail_gpu_refs=0 planned_ssd_groups=184 est_gpu=13930.0 est_ane=0.0 est_idle=100.00% wall=227.885 ms actual_ane_groups=0 actual_ane_refs=0 actual_gpu_groups=184 actual_gpu_refs=2154 finishes=0 waits=0 overlap_gpu_groups=0
ds4: Flash-MoE prefill layer=22 tokens=359 unique=187 refs=2154 sync=24.663 ms plan=0.285 ms stage/compute=230.580 ms misses=187
ds4: Flash-MoE hybrid prefill layer=22 ane_groups=0 ane_refs=0 gpu_i8_groups=187 gpu_i8_refs=2154 fp32_groups=0 ane_min_refs=128 concurrent=1 ane_pipeline=1 async_ane=0 gpu_overlap=0 finishes=0 waits=0
ds4: Flash-MoE overlap plan layer=22 exec_groups=187 planned_ane_groups=0 planned_ane_refs=0 planned_gpu_groups=187 planned_gpu_refs=2154 tail_gpu_groups=0 tail_gpu_refs=0 planned_ssd_groups=187 est_gpu=14122.0 est_ane=0.0 est_idle=100.00% wall=230.412 ms actual_ane_groups=0 actual_ane_refs=0 actual_gpu_groups=187 actual_gpu_refs=2154 finishes=0 waits=0 overlap_gpu_groups=0
ds4: Flash-MoE prefill layer=23 tokens=359 unique=203 refs=2154 sync=10.747 ms plan=0.411 ms stage/compute=252.321 ms misses=203
ds4: Flash-MoE hybrid prefill layer=23 ane_groups=0 ane_refs=0 gpu_i8_groups=203 gpu_i8_refs=2154 fp32_groups=0 ane_min_refs=128 concurrent=1 ane_pipeline=1 async_ane=0 gpu_overlap=0 finishes=0 waits=0
ds4: Flash-MoE overlap plan layer=23 exec_groups=203 planned_ane_groups=0 planned_ane_refs=0 planned_gpu_groups=203 planned_gpu_refs=2154 tail_gpu_groups=0 tail_gpu_refs=0 planned_ssd_groups=203 est_gpu=15146.0 est_ane=0.0 est_idle=100.00% wall=252.161 ms actual_ane_groups=0 actual_ane_refs=0 actual_gpu_groups=203 actual_gpu_refs=2154 finishes=0 waits=0 overlap_gpu_groups=0
ds4: Flash-MoE prefill layer=24 tokens=359 unique=191 refs=2154 sync=24.670 ms plan=0.378 ms stage/compute=238.992 ms misses=191
ds4: Flash-MoE hybrid prefill layer=24 ane_groups=0 ane_refs=0 gpu_i8_groups=191 gpu_i8_refs=2154 fp32_groups=0 ane_min_refs=128 concurrent=1 ane_pipeline=1 async_ane=0 gpu_overlap=0 finishes=0 waits=0
ds4: Flash-MoE overlap plan layer=24 exec_groups=191 planned_ane_groups=0 planned_ane_refs=0 planned_gpu_groups=191 planned_gpu_refs=2154 tail_gpu_groups=0 tail_gpu_refs=0 planned_ssd_groups=191 est_gpu=14378.0 est_ane=0.0 est_idle=100.00% wall=238.826 ms actual_ane_groups=0 actual_ane_refs=0 actual_gpu_groups=191 actual_gpu_refs=2154 finishes=0 waits=0 overlap_gpu_groups=0
ds4: Flash-MoE prefill layer=25 tokens=359 unique=194 refs=2154 sync=10.810 ms plan=0.310 ms stage/compute=235.181 ms misses=194
ds4: Flash-MoE hybrid prefill layer=25 ane_groups=0 ane_refs=0 gpu_i8_groups=194 gpu_i8_refs=2154 fp32_groups=0 ane_min_refs=128 concurrent=1 ane_pipeline=1 async_ane=0 gpu_overlap=0 finishes=0 waits=0
ds4: Flash-MoE overlap plan layer=25 exec_groups=194 planned_ane_groups=0 planned_ane_refs=0 planned_gpu_groups=194 planned_gpu_refs=2154 tail_gpu_groups=0 tail_gpu_refs=0 planned_ssd_groups=194 est_gpu=14570.0 est_ane=0.0 est_idle=100.00% wall=235.013 ms actual_ane_groups=0 actual_ane_refs=0 actual_gpu_groups=194 actual_gpu_refs=2154 finishes=0 waits=0 overlap_gpu_groups=0
ds4: Flash-MoE prefill layer=26 tokens=359 unique=171 refs=2154 sync=24.716 ms plan=0.358 ms stage/compute=213.180 ms misses=171
ds4: Flash-MoE hybrid prefill layer=26 ane_groups=0 ane_refs=0 gpu_i8_groups=171 gpu_i8_refs=2154 fp32_groups=0 ane_min_refs=128 concurrent=1 ane_pipeline=1 async_ane=0 gpu_overlap=0 finishes=0 waits=0
ds4: Flash-MoE overlap plan layer=26 exec_groups=171 planned_ane_groups=0 planned_ane_refs=0 planned_gpu_groups=171 planned_gpu_refs=2154 tail_gpu_groups=0 tail_gpu_refs=0 planned_ssd_groups=171 est_gpu=13098.0 est_ane=0.0 est_idle=100.00% wall=213.015 ms actual_ane_groups=0 actual_ane_refs=0 actual_gpu_groups=171 actual_gpu_refs=2154 finishes=0 waits=0 overlap_gpu_groups=0
ds4: Flash-MoE prefill layer=27 tokens=359 unique=198 refs=2154 sync=10.852 ms plan=0.294 ms stage/compute=243.021 ms misses=198
ds4: Flash-MoE hybrid prefill layer=27 ane_groups=0 ane_refs=0 gpu_i8_groups=198 gpu_i8_refs=2154 fp32_groups=0 ane_min_refs=128 concurrent=1 ane_pipeline=1 async_ane=0 gpu_overlap=0 finishes=0 waits=0
ds4: Flash-MoE overlap plan layer=27 exec_groups=198 planned_ane_groups=0 planned_ane_refs=0 planned_gpu_groups=198 planned_gpu_refs=2154 tail_gpu_groups=0 tail_gpu_refs=0 planned_ssd_groups=198 est_gpu=14826.0 est_ane=0.0 est_idle=100.00% wall=242.839 ms actual_ane_groups=0 actual_ane_refs=0 actual_gpu_groups=198 actual_gpu_refs=2154 finishes=0 waits=0 overlap_gpu_groups=0
ds4: Flash-MoE prefill layer=28 tokens=359 unique=190 refs=2154 sync=24.731 ms plan=0.347 ms stage/compute=235.292 ms misses=190
ds4: Flash-MoE hybrid prefill layer=28 ane_groups=0 ane_refs=0 gpu_i8_groups=190 gpu_i8_refs=2154 fp32_groups=0 ane_min_refs=128 concurrent=1 ane_pipeline=1 async_ane=0 gpu_overlap=0 finishes=0 waits=0
ds4: Flash-MoE overlap plan layer=28 exec_groups=190 planned_ane_groups=0 planned_ane_refs=0 planned_gpu_groups=190 planned_gpu_refs=2154 tail_gpu_groups=0 tail_gpu_refs=0 planned_ssd_groups=190 est_gpu=14314.0 est_ane=0.0 est_idle=100.00% wall=235.140 ms actual_ane_groups=0 actual_ane_refs=0 actual_gpu_groups=190 actual_gpu_refs=2154 finishes=0 waits=0 overlap_gpu_groups=0
ds4: Flash-MoE prefill layer=29 tokens=359 unique=185 refs=2154 sync=10.909 ms plan=0.313 ms stage/compute=240.483 ms misses=185
ds4: Flash-MoE hybrid prefill layer=29 ane_groups=0 ane_refs=0 gpu_i8_groups=185 gpu_i8_refs=2154 fp32_groups=0 ane_min_refs=128 concurrent=1 ane_pipeline=1 async_ane=0 gpu_overlap=0 finishes=0 waits=0
ds4: Flash-MoE overlap plan layer=29 exec_groups=185 planned_ane_groups=0 planned_ane_refs=0 planned_gpu_groups=185 planned_gpu_refs=2154 tail_gpu_groups=0 tail_gpu_refs=0 planned_ssd_groups=185 est_gpu=13994.0 est_ane=0.0 est_idle=100.00% wall=240.333 ms actual_ane_groups=0 actual_ane_refs=0 actual_gpu_groups=185 actual_gpu_refs=2154 finishes=0 waits=0 overlap_gpu_groups=0
ds4: Flash-MoE prefill layer=30 tokens=359 unique=185 refs=2154 sync=25.042 ms plan=0.361 ms stage/compute=239.211 ms misses=185
ds4: Flash-MoE hybrid prefill layer=30 ane_groups=0 ane_refs=0 gpu_i8_groups=185 gpu_i8_refs=2154 fp32_groups=0 ane_min_refs=128 concurrent=1 ane_pipeline=1 async_ane=0 gpu_overlap=0 finishes=0 waits=0
ds4: Flash-MoE overlap plan layer=30 exec_groups=185 planned_ane_groups=0 planned_ane_refs=0 planned_gpu_groups=185 planned_gpu_refs=2154 tail_gpu_groups=0 tail_gpu_refs=0 planned_ssd_groups=185 est_gpu=13994.0 est_ane=0.0 est_idle=100.00% wall=239.048 ms actual_ane_groups=0 actual_ane_refs=0 actual_gpu_groups=185 actual_gpu_refs=2154 finishes=0 waits=0 overlap_gpu_groups=0
ds4: Flash-MoE prefill layer=31 tokens=359 unique=186 refs=2154 sync=10.833 ms plan=0.335 ms stage/compute=230.669 ms misses=186
ds4: Flash-MoE hybrid prefill layer=31 ane_groups=0 ane_refs=0 gpu_i8_groups=186 gpu_i8_refs=2154 fp32_groups=0 ane_min_refs=128 concurrent=1 ane_pipeline=1 async_ane=0 gpu_overlap=0 finishes=0 waits=0
ds4: Flash-MoE overlap plan layer=31 exec_groups=186 planned_ane_groups=0 planned_ane_refs=0 planned_gpu_groups=186 planned_gpu_refs=2154 tail_gpu_groups=0 tail_gpu_refs=0 planned_ssd_groups=186 est_gpu=14058.0 est_ane=0.0 est_idle=100.00% wall=230.506 ms actual_ane_groups=0 actual_ane_refs=0 actual_gpu_groups=186 actual_gpu_refs=2154 finishes=0 waits=0 overlap_gpu_groups=0
ds4: Flash-MoE prefill layer=32 tokens=359 unique=190 refs=2154 sync=25.158 ms plan=0.306 ms stage/compute=239.986 ms misses=190
ds4: Flash-MoE hybrid prefill layer=32 ane_groups=0 ane_refs=0 gpu_i8_groups=190 gpu_i8_refs=2154 fp32_groups=0 ane_min_refs=128 concurrent=1 ane_pipeline=1 async_ane=0 gpu_overlap=0 finishes=0 waits=0
ds4: Flash-MoE overlap plan layer=32 exec_groups=190 planned_ane_groups=0 planned_ane_refs=0 planned_gpu_groups=190 planned_gpu_refs=2154 tail_gpu_groups=0 tail_gpu_refs=0 planned_ssd_groups=190 est_gpu=14314.0 est_ane=0.0 est_idle=100.00% wall=239.821 ms actual_ane_groups=0 actual_ane_refs=0 actual_gpu_groups=190 actual_gpu_refs=2154 finishes=0 waits=0 overlap_gpu_groups=0
ds4: Flash-MoE prefill layer=33 tokens=359 unique=181 refs=2154 sync=10.799 ms plan=0.298 ms stage/compute=233.160 ms misses=181
ds4: Flash-MoE hybrid prefill layer=33 ane_groups=0 ane_refs=0 gpu_i8_groups=181 gpu_i8_refs=2154 fp32_groups=0 ane_min_refs=128 concurrent=1 ane_pipeline=1 async_ane=0 gpu_overlap=0 finishes=0 waits=0
ds4: Flash-MoE overlap plan layer=33 exec_groups=181 planned_ane_groups=0 planned_ane_refs=0 planned_gpu_groups=181 planned_gpu_refs=2154 tail_gpu_groups=0 tail_gpu_refs=0 planned_ssd_groups=181 est_gpu=13738.0 est_ane=0.0 est_idle=100.00% wall=233.007 ms actual_ane_groups=0 actual_ane_refs=0 actual_gpu_groups=181 actual_gpu_refs=2154 finishes=0 waits=0 overlap_gpu_groups=0
ds4: Flash-MoE prefill layer=34 tokens=359 unique=177 refs=2154 sync=24.883 ms plan=0.322 ms stage/compute=229.854 ms misses=177
ds4: Flash-MoE hybrid prefill layer=34 ane_groups=0 ane_refs=0 gpu_i8_groups=177 gpu_i8_refs=2154 fp32_groups=0 ane_min_refs=128 concurrent=1 ane_pipeline=1 async_ane=0 gpu_overlap=0 finishes=0 waits=0
ds4: Flash-MoE overlap plan layer=34 exec_groups=177 planned_ane_groups=0 planned_ane_refs=0 planned_gpu_groups=177 planned_gpu_refs=2154 tail_gpu_groups=0 tail_gpu_refs=0 planned_ssd_groups=177 est_gpu=13482.0 est_ane=0.0 est_idle=100.00% wall=229.685 ms actual_ane_groups=0 actual_ane_refs=0 actual_gpu_groups=177 actual_gpu_refs=2154 finishes=0 waits=0 overlap_gpu_groups=0
ds4: Flash-MoE prefill layer=35 tokens=359 unique=190 refs=2154 sync=10.882 ms plan=0.338 ms stage/compute=241.428 ms misses=190
ds4: Flash-MoE hybrid prefill layer=35 ane_groups=0 ane_refs=0 gpu_i8_groups=190 gpu_i8_refs=2154 fp32_groups=0 ane_min_refs=128 concurrent=1 ane_pipeline=1 async_ane=0 gpu_overlap=0 finishes=0 waits=0
ds4: Flash-MoE overlap plan layer=35 exec_groups=190 planned_ane_groups=0 planned_ane_refs=0 planned_gpu_groups=190 planned_gpu_refs=2154 tail_gpu_groups=0 tail_gpu_refs=0 planned_ssd_groups=190 est_gpu=14314.0 est_ane=0.0 est_idle=100.00% wall=241.245 ms actual_ane_groups=0 actual_ane_refs=0 actual_gpu_groups=190 actual_gpu_refs=2154 finishes=0 waits=0 overlap_gpu_groups=0
ds4: Flash-MoE prefill layer=36 tokens=359 unique=186 refs=2154 sync=25.069 ms plan=0.312 ms stage/compute=249.449 ms misses=186
ds4: Flash-MoE hybrid prefill layer=36 ane_groups=0 ane_refs=0 gpu_i8_groups=186 gpu_i8_refs=2154 fp32_groups=0 ane_min_refs=128 concurrent=1 ane_pipeline=1 async_ane=0 gpu_overlap=0 finishes=0 waits=0
ds4: Flash-MoE overlap plan layer=36 exec_groups=186 planned_ane_groups=0 planned_ane_refs=0 planned_gpu_groups=186 planned_gpu_refs=2154 tail_gpu_groups=0 tail_gpu_refs=0 planned_ssd_groups=186 est_gpu=14058.0 est_ane=0.0 est_idle=100.00% wall=249.282 ms actual_ane_groups=0 actual_ane_refs=0 actual_gpu_groups=186 actual_gpu_refs=2154 finishes=0 waits=0 overlap_gpu_groups=0
ds4: Flash-MoE prefill layer=37 tokens=359 unique=189 refs=2154 sync=10.947 ms plan=0.335 ms stage/compute=249.100 ms misses=189
ds4: Flash-MoE hybrid prefill layer=37 ane_groups=0 ane_refs=0 gpu_i8_groups=189 gpu_i8_refs=2154 fp32_groups=0 ane_min_refs=128 concurrent=1 ane_pipeline=1 async_ane=0 gpu_overlap=0 finishes=0 waits=0
ds4: Flash-MoE overlap plan layer=37 exec_groups=189 planned_ane_groups=0 planned_ane_refs=0 planned_gpu_groups=189 planned_gpu_refs=2154 tail_gpu_groups=0 tail_gpu_refs=0 planned_ssd_groups=189 est_gpu=14250.0 est_ane=0.0 est_idle=100.00% wall=248.936 ms actual_ane_groups=0 actual_ane_refs=0 actual_gpu_groups=189 actual_gpu_refs=2154 finishes=0 waits=0 overlap_gpu_groups=0
ds4: Flash-MoE prefill layer=38 tokens=359 unique=192 refs=2154 sync=24.887 ms plan=0.339 ms stage/compute=257.697 ms misses=192
ds4: Flash-MoE hybrid prefill layer=38 ane_groups=0 ane_refs=0 gpu_i8_groups=192 gpu_i8_refs=2154 fp32_groups=0 ane_min_refs=128 concurrent=1 ane_pipeline=1 async_ane=0 gpu_overlap=0 finishes=0 waits=0
ds4: Flash-MoE overlap plan layer=38 exec_groups=192 planned_ane_groups=0 planned_ane_refs=0 planned_gpu_groups=192 planned_gpu_refs=2154 tail_gpu_groups=0 tail_gpu_refs=0 planned_ssd_groups=192 est_gpu=14442.0 est_ane=0.0 est_idle=100.00% wall=257.514 ms actual_ane_groups=0 actual_ane_refs=0 actual_gpu_groups=192 actual_gpu_refs=2154 finishes=0 waits=0 overlap_gpu_groups=0
ds4: Flash-MoE prefill layer=39 tokens=359 unique=192 refs=2154 sync=10.875 ms plan=0.284 ms stage/compute=260.410 ms misses=192
ds4: Flash-MoE hybrid prefill layer=39 ane_groups=0 ane_refs=0 gpu_i8_groups=192 gpu_i8_refs=2154 fp32_groups=0 ane_min_refs=128 concurrent=1 ane_pipeline=1 async_ane=0 gpu_overlap=0 finishes=0 waits=0
ds4: Flash-MoE overlap plan layer=39 exec_groups=192 planned_ane_groups=0 planned_ane_refs=0 planned_gpu_groups=192 planned_gpu_refs=2154 tail_gpu_groups=0 tail_gpu_refs=0 planned_ssd_groups=192 est_gpu=14442.0 est_ane=0.0 est_idle=100.00% wall=260.240 ms actual_ane_groups=0 actual_ane_refs=0 actual_gpu_groups=192 actual_gpu_refs=2154 finishes=0 waits=0 overlap_gpu_groups=0
ds4: Flash-MoE prefill layer=40 tokens=359 unique=145 refs=2154 sync=24.918 ms plan=0.332 ms stage/compute=206.925 ms misses=145
ds4: Flash-MoE hybrid prefill layer=40 ane_groups=0 ane_refs=0 gpu_i8_groups=145 gpu_i8_refs=2154 fp32_groups=0 ane_min_refs=128 concurrent=1 ane_pipeline=1 async_ane=0 gpu_overlap=0 finishes=0 waits=0
ds4: Flash-MoE overlap plan layer=40 exec_groups=145 planned_ane_groups=0 planned_ane_refs=0 planned_gpu_groups=145 planned_gpu_refs=2154 tail_gpu_groups=0 tail_gpu_refs=0 planned_ssd_groups=145 est_gpu=11434.0 est_ane=0.0 est_idle=100.00% wall=206.772 ms actual_ane_groups=0 actual_ane_refs=0 actual_gpu_groups=145 actual_gpu_refs=2154 finishes=0 waits=0 overlap_gpu_groups=0
ds4: Flash-MoE prefill layer=41 tokens=359 unique=167 refs=2154 sync=10.888 ms plan=0.327 ms stage/compute=237.364 ms misses=167
ds4: Flash-MoE hybrid prefill layer=41 ane_groups=0 ane_refs=0 gpu_i8_groups=167 gpu_i8_refs=2154 fp32_groups=0 ane_min_refs=128 concurrent=1 ane_pipeline=1 async_ane=0 gpu_overlap=0 finishes=0 waits=0
ds4: Flash-MoE overlap plan layer=41 exec_groups=167 planned_ane_groups=0 planned_ane_refs=0 planned_gpu_groups=167 planned_gpu_refs=2154 tail_gpu_groups=0 tail_gpu_refs=0 planned_ssd_groups=167 est_gpu=12842.0 est_ane=0.0 est_idle=100.00% wall=237.207 ms actual_ane_groups=0 actual_ane_refs=0 actual_gpu_groups=167 actual_gpu_refs=2154 finishes=0 waits=0 overlap_gpu_groups=0
ds4: Flash-MoE prefill layer=42 tokens=359 unique=175 refs=2154 sync=24.859 ms plan=0.402 ms stage/compute=247.671 ms misses=175
ds4: Flash-MoE hybrid prefill layer=42 ane_groups=0 ane_refs=0 gpu_i8_groups=175 gpu_i8_refs=2154 fp32_groups=0 ane_min_refs=128 concurrent=1 ane_pipeline=1 async_ane=0 gpu_overlap=0 finishes=0 waits=0
ds4: Flash-MoE overlap plan layer=42 exec_groups=175 planned_ane_groups=0 planned_ane_refs=0 planned_gpu_groups=175 planned_gpu_refs=2154 tail_gpu_groups=0 tail_gpu_refs=0 planned_ssd_groups=175 est_gpu=13354.0 est_ane=0.0 est_idle=100.00% wall=247.508 ms actual_ane_groups=0 actual_ane_refs=0 actual_gpu_groups=175 actual_gpu_refs=2154 finishes=0 waits=0 overlap_gpu_groups=0
processing 8423 input tokens: 8423/8423 (100.0%) batch=28.72 t/s avg=188.56 t/s
ds4: Flash-MoE layer=0 sync=2.133 ms remap/install=5.517 ms misses=6
ds4: Flash-MoE layer=1 sync=5.136 ms remap/install=5.653 ms misses=6
ds4: Flash-MoE layer=2 sync=5.909 ms remap/install=4.991 ms misses=6
ds4: Flash-MoE layer=3 sync=4.506 ms remap/install=5.488 ms misses=6
ds4: Flash-MoE layer=4 sync=6.484 ms remap/install=5.143 ms misses=6
ds4: Flash-MoE layer=5 sync=5.283 ms remap/install=5.389 ms misses=6
ds4: Flash-MoE layer=6 sync=6.072 ms remap/install=5.475 ms misses=6
ds4: Flash-MoE layer=7 sync=5.503 ms remap/install=5.612 ms misses=6
ds4: Flash-MoE layer=8 sync=6.338 ms remap/install=6.209 ms misses=6
ds4: Flash-MoE layer=9 sync=5.439 ms remap/install=5.689 ms misses=6
ds4: Flash-MoE layer=10 sync=6.459 ms remap/install=4.559 ms misses=6
ds4: Flash-MoE layer=11 sync=5.628 ms remap/install=4.139 ms misses=6
ds4: Flash-MoE layer=12 sync=6.234 ms remap/install=4.001 ms misses=6
ds4: Flash-MoE layer=13 sync=5.592 ms remap/install=4.082 ms misses=6
ds4: Flash-MoE layer=14 sync=6.127 ms remap/install=4.110 ms misses=6
ds4: Flash-MoE layer=15 sync=5.361 ms remap/install=4.153 ms misses=6
ds4: Flash-MoE layer=16 sync=6.882 ms remap/install=3.969 ms misses=6
ds4: Flash-MoE layer=17 sync=6.243 ms remap/install=4.213 ms misses=6
ds4: Flash-MoE layer=18 sync=6.446 ms remap/install=3.987 ms misses=6
ds4: Flash-MoE layer=19 sync=5.507 ms remap/install=3.996 ms misses=6
ds4: Flash-MoE layer=20 sync=6.268 ms remap/install=4.310 ms misses=6
ds4: Flash-MoE layer=21 sync=5.709 ms remap/install=7.624 ms misses=6
ds4: Flash-MoE layer=22 sync=6.479 ms remap/install=4.042 ms misses=6
ds4: Flash-MoE layer=23 sync=5.781 ms remap/install=3.878 ms misses=6
ds4: Flash-MoE layer=24 sync=6.483 ms remap/install=3.917 ms misses=6
ds4: Flash-MoE layer=25 sync=5.825 ms remap/install=4.099 ms misses=6
ds4: Flash-MoE layer=26 sync=7.520 ms remap/install=4.470 ms misses=6
ds4: Flash-MoE layer=27 sync=6.714 ms remap/install=4.376 ms misses=6
ds4: Flash-MoE layer=28 sync=7.588 ms remap/install=4.528 ms misses=6
ds4: Flash-MoE layer=29 sync=7.236 ms remap/install=4.149 ms misses=6
ds4: Flash-MoE layer=30 sync=7.946 ms remap/install=4.174 ms misses=6
ds4: Flash-MoE layer=31 sync=7.175 ms remap/install=3.902 ms misses=6
ds4: Flash-MoE layer=32 sync=8.634 ms remap/install=4.192 ms misses=6
ds4: Flash-MoE layer=33 sync=7.380 ms remap/install=7.791 ms misses=6
ds4: Flash-MoE layer=34 sync=10.659 ms remap/install=4.455 ms misses=6
ds4: Flash-MoE layer=35 sync=7.424 ms remap/install=3.916 ms misses=6
ds4: Flash-MoE layer=36 sync=6.934 ms remap/install=4.754 ms misses=6
ds4: Flash-MoE layer=37 sync=6.065 ms remap/install=4.316 ms misses=6
ds4: Flash-MoE layer=38 sync=9.050 ms remap/install=4.268 ms misses=6
ds4: Flash-MoE layer=39 sync=8.522 ms remap/install=4.541 ms misses=6
ds4: Flash-MoE layer=40 sync=8.683 ms remap/install=4.849 ms misses=6
ds4: Flash-MoE layer=41 sync=7.613 ms remap/install=8.007 ms misses=6
ds4: Flash-MoE layer=42 sync=10.198 ms remap/install=4.521 ms misses=6
We
ds4: prefill: 188.55 t/s, generation: 1.98 t/s
ds4: Flash-MoE slot-bank stats hits=0 misses=19593 hit-rate=0.0% installed=132252.75 MiB
ds4: Flash-MoE prefill dedup refs=2173134 unique=18826 saved=2154308 (99.1%) reuse=115.43x
ds4: ANE prefill stats calls=782 ok=782 skipped_big_refs=0 compile_attempts=2 compile_failures=0 eval_calls=1018 eval_failures=0 write_failures=0 reopen_failures=0
ds4: ANE prefill timing dequant=7.041 ms input=0.278 ms ane_eval=2557.385 ms writeback=3.482 ms helper_avg=2.512166 ms ane_calls=1018 ane_call_avg=2.512166 ms
ds4: ANE prefill timing2 output_pack=0.000 ms measured_total=2568.186 ms
ds4: ANE prefill chunks refs=397197 padded_refs=442368 pad_util=89.79% le16=1 le64=2 le128=2 full=424
ds4: ANE prefill batch_hist B256=308 refs=68550 util=86.9% B512=710 refs=328647 util=90.4%
