ds4: context buffers 7970.36 MiB (ctx=98192, backend=metal, prefill_chunk=32000, raw_kv_rows=8192, compressed_kv_rows=24550)
ds4: Flash-MoE sidecar loaded: /Users/anemll/Models/flash/dsv4-iq2xxs-expert-major (slot-bank=32, expert-record 6.75 MiB)
ds4: Metal device Apple M5 Max, 128.00 GiB RAM
ds4: Flash-MoE using mmap-backed dense/shared weights without full-model Metal residency warmup
ds4: Metal model views created in 0.257 ms, residency requested in 0.000 ms, warmup 0.000 ms (mapped 8393.67 MiB from offset 5.06 MiB)
ds4: Metal mapped mmaped model as 1 overlapping shared buffers
ds4: metal backend initialized for graph diagnostics
ds4: Flash-MoE slot banks allocated: layers=43 slots=32 gpu-bank=9288.00 MiB
ds4: Flash-MoE banked kernels using M5 simdgroup_matrix fast path (prefetch=3, banks=4)
ds4: ANE i8w-i8x-tiled-fused cached async prefill B=256 H=4096 I=2048 w_scale=0.00195312 x_scale=0.03125 mid_scale=0.03125
ds4: ANE i8w-i8x-tiled-fused cached async prefill B=512 H=4096 I=2048 w_scale=0.00195312 x_scale=0.03125 mid_scale=0.03125
processing 8423 input tokens: 0/8423 (0.0%) batch=0.00 t/s avg=0.00 t/s
ds4: Flash-MoE prefill layer=0 tokens=8064 unique=256 refs=48384 sync=419.671 ms plan=1.028 ms stage/compute=442.427 ms misses=257
ds4: Flash-MoE hybrid prefill layer=0 ane_groups=21 ane_refs=5290 gpu_i8_groups=236 gpu_i8_refs=43094 fp32_groups=0 ane_min_refs=128 concurrent=1 ane_pipeline=1 async_ane=21 gpu_overlap=236 finishes=21 waits=42
ds4: Flash-MoE overlap plan layer=0 exec_groups=257 planned_ane_groups=21 planned_ane_refs=5290 planned_gpu_groups=236 planned_gpu_refs=43094 tail_gpu_groups=1 tail_gpu_refs=19 planned_ssd_groups=256 est_gpu=58198.0 est_ane=14530.9 est_idle=75.03% wall=434.126 ms actual_ane_groups=21 actual_ane_refs=5290 actual_gpu_groups=236 actual_gpu_refs=43094 finishes=21 waits=42 overlap_gpu_groups=236
ds4: Flash-MoE prefill layer=1 tokens=8064 unique=256 refs=48384 sync=170.341 ms plan=0.359 ms stage/compute=398.409 ms misses=258
ds4: Flash-MoE hybrid prefill layer=1 ane_groups=21 ane_refs=5472 gpu_i8_groups=237 gpu_i8_refs=42912 fp32_groups=0 ane_min_refs=128 concurrent=1 ane_pipeline=1 async_ane=21 gpu_overlap=237 finishes=21 waits=42
ds4: Flash-MoE overlap plan layer=1 exec_groups=258 planned_ane_groups=21 planned_ane_refs=5472 planned_gpu_groups=237 planned_gpu_refs=42912 tail_gpu_groups=2 tail_gpu_refs=8 planned_ssd_groups=256 est_gpu=58080.0 est_ane=14996.4 est_idle=74.18% wall=397.140 ms actual_ane_groups=21 actual_ane_refs=5472 actual_gpu_groups=237 actual_gpu_refs=42912 finishes=21 waits=42 overlap_gpu_groups=237
ds4: Flash-MoE prefill layer=2 tokens=8064 unique=256 refs=48384 sync=440.518 ms plan=0.352 ms stage/compute=406.589 ms misses=261
ds4: Flash-MoE hybrid prefill layer=2 ane_groups=21 ane_refs=5472 gpu_i8_groups=240 gpu_i8_refs=42912 fp32_groups=0 ane_min_refs=128 concurrent=1 ane_pipeline=1 async_ane=21 gpu_overlap=240 finishes=21 waits=42
ds4: Flash-MoE overlap plan layer=2 exec_groups=261 planned_ane_groups=21 planned_ane_refs=5472 planned_gpu_groups=240 planned_gpu_refs=42912 tail_gpu_groups=5 tail_gpu_refs=155 planned_ssd_groups=256 est_gpu=58272.0 est_ane=14530.9 est_idle=75.06% wall=405.388 ms actual_ane_groups=21 actual_ane_refs=5472 actual_gpu_groups=240 actual_gpu_refs=42912 finishes=21 waits=42 overlap_gpu_groups=240
ds4: Flash-MoE prefill layer=3 tokens=8064 unique=245 refs=48384 sync=188.092 ms plan=0.358 ms stage/compute=416.558 ms misses=254
ds4: Flash-MoE hybrid prefill layer=3 ane_groups=19 ane_refs=8112 gpu_i8_groups=235 gpu_i8_refs=40272 fp32_groups=0 ane_min_refs=128 concurrent=1 ane_pipeline=1 async_ane=19 gpu_overlap=235 finishes=19 waits=38
ds4: Flash-MoE overlap plan layer=3 exec_groups=254 planned_ane_groups=19 planned_ane_refs=8112 planned_gpu_groups=235 planned_gpu_refs=40272 tail_gpu_groups=9 tail_gpu_refs=791 planned_ssd_groups=245 est_gpu=55312.0 est_ane=18865.5 est_idle=65.89% wall=415.266 ms actual_ane_groups=19 actual_ane_refs=8112 actual_gpu_groups=235 actual_gpu_refs=40272 finishes=19 waits=38 overlap_gpu_groups=235
ds4: Flash-MoE prefill layer=4 tokens=8064 unique=241 refs=48384 sync=352.705 ms plan=0.330 ms stage/compute=419.603 ms misses=252
ds4: Flash-MoE hybrid prefill layer=4 ane_groups=18 ane_refs=9451 gpu_i8_groups=234 gpu_i8_refs=38933 fp32_groups=0 ane_min_refs=128 concurrent=1 ane_pipeline=1 async_ane=18 gpu_overlap=234 finishes=18 waits=36
ds4: Flash-MoE overlap plan layer=4 exec_groups=252 planned_ane_groups=18 planned_ane_refs=9451 planned_gpu_groups=234 planned_gpu_refs=38933 tail_gpu_groups=11 tail_gpu_refs=739 planned_ssd_groups=241 est_gpu=53909.0 est_ane=21963.6 est_idle=59.26% wall=418.267 ms actual_ane_groups=18 actual_ane_refs=9451 actual_gpu_groups=234 actual_gpu_refs=38933 finishes=18 waits=36 overlap_gpu_groups=234
ds4: Flash-MoE prefill layer=5 tokens=8064 unique=250 refs=48384 sync=187.230 ms plan=0.376 ms stage/compute=419.458 ms misses=258
ds4: Flash-MoE hybrid prefill layer=5 ane_groups=19 ane_refs=8325 gpu_i8_groups=239 gpu_i8_refs=40059 fp32_groups=0 ane_min_refs=128 concurrent=1 ane_pipeline=1 async_ane=19 gpu_overlap=239 finishes=19 waits=38
ds4: Flash-MoE overlap plan layer=5 exec_groups=258 planned_ane_groups=19 planned_ane_refs=8325 planned_gpu_groups=239 planned_gpu_refs=40059 tail_gpu_groups=8 tail_gpu_refs=978 planned_ssd_groups=250 est_gpu=55355.0 est_ane=20727.3 est_idle=62.56% wall=418.275 ms actual_ane_groups=19 actual_ane_refs=8325 actual_gpu_groups=239 actual_gpu_refs=40059 finishes=19 waits=38 overlap_gpu_groups=239
ds4: Flash-MoE prefill layer=6 tokens=8064 unique=246 refs=48384 sync=352.987 ms plan=0.365 ms stage/compute=415.679 ms misses=256
ds4: Flash-MoE hybrid prefill layer=6 ane_groups=20 ane_refs=8929 gpu_i8_groups=236 gpu_i8_refs=39455 fp32_groups=0 ane_min_refs=128 concurrent=1 ane_pipeline=1 async_ane=20 gpu_overlap=236 finishes=20 waits=40
ds4: Flash-MoE overlap plan layer=6 exec_groups=256 planned_ane_groups=20 planned_ane_refs=8929 planned_gpu_groups=236 planned_gpu_refs=39455 tail_gpu_groups=10 tail_gpu_refs=651 planned_ssd_groups=246 est_gpu=54559.0 est_ane=21352.7 est_idle=60.86% wall=414.457 ms actual_ane_groups=20 actual_ane_refs=8929 actual_gpu_groups=236 actual_gpu_refs=39455 finishes=20 waits=40 overlap_gpu_groups=236
ds4: Flash-MoE prefill layer=7 tokens=8064 unique=252 refs=48384 sync=186.735 ms plan=0.350 ms stage/compute=433.497 ms misses=262
ds4: Flash-MoE hybrid prefill layer=7 ane_groups=16 ane_refs=10005 gpu_i8_groups=246 gpu_i8_refs=38379 fp32_groups=0 ane_min_refs=128 concurrent=1 ane_pipeline=1 async_ane=16 gpu_overlap=246 finishes=16 waits=32
ds4: Flash-MoE overlap plan layer=7 exec_groups=262 planned_ane_groups=16 planned_ane_refs=10005 planned_gpu_groups=246 planned_gpu_refs=38379 tail_gpu_groups=10 tail_gpu_refs=827 planned_ssd_groups=252 est_gpu=54123.0 est_ane=22574.5 est_idle=58.29% wall=432.162 ms actual_ane_groups=16 actual_ane_refs=10005 actual_gpu_groups=246 actual_gpu_refs=38379 finishes=16 waits=32 overlap_gpu_groups=246
ds4: Flash-MoE prefill layer=8 tokens=8064 unique=241 refs=48384 sync=354.533 ms plan=0.391 ms stage/compute=413.917 ms misses=249
ds4: Flash-MoE hybrid prefill layer=8 ane_groups=16 ane_refs=9119 gpu_i8_groups=233 gpu_i8_refs=39265 fp32_groups=0 ane_min_refs=128 concurrent=1 ane_pipeline=1 async_ane=16 gpu_overlap=233 finishes=16 waits=32
ds4: Flash-MoE overlap plan layer=8 exec_groups=249 planned_ane_groups=16 planned_ane_refs=9119 planned_gpu_groups=233 planned_gpu_refs=39265 tail_gpu_groups=8 tail_gpu_refs=1075 planned_ssd_groups=241 est_gpu=54177.0 est_ane=20712.7 est_idle=61.77% wall=412.741 ms actual_ane_groups=16 actual_ane_refs=9119 actual_gpu_groups=233 actual_gpu_refs=39265 finishes=16 waits=32 overlap_gpu_groups=233
ds4: Flash-MoE prefill layer=9 tokens=8064 unique=250 refs=48384 sync=188.993 ms plan=0.390 ms stage/compute=425.006 ms misses=263
ds4: Flash-MoE hybrid prefill layer=9 ane_groups=19 ane_refs=8337 gpu_i8_groups=244 gpu_i8_refs=40047 fp32_groups=0 ane_min_refs=128 concurrent=1 ane_pipeline=1 async_ane=19 gpu_overlap=244 finishes=19 waits=38
ds4: Flash-MoE overlap plan layer=9 exec_groups=263 planned_ane_groups=19 planned_ane_refs=8337 planned_gpu_groups=244 planned_gpu_refs=40047 tail_gpu_groups=13 tail_gpu_refs=1658 planned_ssd_groups=250 est_gpu=55663.0 est_ane=19330.9 est_idle=65.27% wall=423.744 ms actual_ane_groups=19 actual_ane_refs=8337 actual_gpu_groups=244 actual_gpu_refs=40047 finishes=19 waits=38 overlap_gpu_groups=244
ds4: Flash-MoE prefill layer=10 tokens=8064 unique=245 refs=48384 sync=351.913 ms plan=0.340 ms stage/compute=415.858 ms misses=256
ds4: Flash-MoE hybrid prefill layer=10 ane_groups=18 ane_refs=8804 gpu_i8_groups=238 gpu_i8_refs=39580 fp32_groups=0 ane_min_refs=128 concurrent=1 ane_pipeline=1 async_ane=18 gpu_overlap=238 finishes=18 waits=36
ds4: Flash-MoE overlap plan layer=10 exec_groups=256 planned_ane_groups=18 planned_ane_refs=8804 planned_gpu_groups=238 planned_gpu_refs=39580 tail_gpu_groups=11 tail_gpu_refs=1622 planned_ssd_groups=245 est_gpu=54812.0 est_ane=20101.8 est_idle=63.33% wall=414.628 ms actual_ane_groups=18 actual_ane_refs=8804 actual_gpu_groups=238 actual_gpu_refs=39580 finishes=18 waits=36 overlap_gpu_groups=238
ds4: Flash-MoE prefill layer=11 tokens=8064 unique=252 refs=48384 sync=188.266 ms plan=0.349 ms stage/compute=420.919 ms misses=267
ds4: Flash-MoE hybrid prefill layer=11 ane_groups=16 ane_refs=8689 gpu_i8_groups=251 gpu_i8_refs=39695 fp32_groups=0 ane_min_refs=128 concurrent=1 ane_pipeline=1 async_ane=16 gpu_overlap=251 finishes=16 waits=32
ds4: Flash-MoE overlap plan layer=11 exec_groups=267 planned_ane_groups=16 planned_ane_refs=8689 planned_gpu_groups=251 planned_gpu_refs=39695 tail_gpu_groups=15 tail_gpu_refs=1588 planned_ssd_groups=252 est_gpu=55759.0 est_ane=19781.8 est_idle=64.52% wall=419.637 ms actual_ane_groups=16 actual_ane_refs=8689 actual_gpu_groups=251 actual_gpu_refs=39695 finishes=16 waits=32 overlap_gpu_groups=251
ds4: Flash-MoE prefill layer=12 tokens=8064 unique=233 refs=48384 sync=376.949 ms plan=0.445 ms stage/compute=401.616 ms misses=250
ds4: Flash-MoE hybrid prefill layer=12 ane_groups=19 ane_refs=10471 gpu_i8_groups=231 gpu_i8_refs=37913 fp32_groups=0 ane_min_refs=128 concurrent=1 ane_pipeline=1 async_ane=19 gpu_overlap=231 finishes=19 waits=38
ds4: Flash-MoE overlap plan layer=12 exec_groups=250 planned_ane_groups=19 planned_ane_refs=10471 planned_gpu_groups=231 planned_gpu_refs=37913 tail_gpu_groups=17 tail_gpu_refs=1473 planned_ssd_groups=233 est_gpu=52697.0 est_ane=23520.0 est_idle=55.37% wall=400.455 ms actual_ane_groups=19 actual_ane_refs=10471 actual_gpu_groups=231 actual_gpu_refs=37913 finishes=19 waits=38 overlap_gpu_groups=231
ds4: Flash-MoE prefill layer=13 tokens=8064 unique=242 refs=48384 sync=188.148 ms plan=0.373 ms stage/compute=401.077 ms misses=251
ds4: Flash-MoE hybrid prefill layer=13 ane_groups=16 ane_refs=9678 gpu_i8_groups=235 gpu_i8_refs=38706 fp32_groups=0 ane_min_refs=128 concurrent=1 ane_pipeline=1 async_ane=16 gpu_overlap=235 finishes=16 waits=32
ds4: Flash-MoE overlap plan layer=13 exec_groups=251 planned_ane_groups=16 planned_ane_refs=9678 planned_gpu_groups=235 planned_gpu_refs=38706 tail_gpu_groups=9 tail_gpu_refs=1175 planned_ssd_groups=242 est_gpu=53746.0 est_ane=22574.5 est_idle=58.00% wall=399.883 ms actual_ane_groups=16 actual_ane_refs=9678 actual_gpu_groups=235 actual_gpu_refs=38706 finishes=16 waits=32 overlap_gpu_groups=235
ds4: Flash-MoE prefill layer=14 tokens=8064 unique=239 refs=48384 sync=351.998 ms plan=0.334 ms stage/compute=393.935 ms misses=249
ds4: Flash-MoE hybrid prefill layer=14 ane_groups=14 ane_refs=9553 gpu_i8_groups=235 gpu_i8_refs=38831 fp32_groups=0 ane_min_refs=128 concurrent=1 ane_pipeline=1 async_ane=14 gpu_overlap=235 finishes=14 waits=28
ds4: Flash-MoE overlap plan layer=14 exec_groups=249 planned_ane_groups=14 planned_ane_refs=9553 planned_gpu_groups=235 planned_gpu_refs=38831 tail_gpu_groups=10 tail_gpu_refs=1163 planned_ssd_groups=239 est_gpu=53871.0 est_ane=21789.1 est_idle=59.55% wall=392.840 ms actual_ane_groups=14 actual_ane_refs=9553 actual_gpu_groups=235 actual_gpu_refs=38831 finishes=14 waits=28 overlap_gpu_groups=235
ds4: Flash-MoE prefill layer=15 tokens=8064 unique=244 refs=48384 sync=186.939 ms plan=0.371 ms stage/compute=417.122 ms misses=258
ds4: Flash-MoE hybrid prefill layer=15 ane_groups=18 ane_refs=10431 gpu_i8_groups=240 gpu_i8_refs=37953 fp32_groups=0 ane_min_refs=128 concurrent=1 ane_pipeline=1 async_ane=18 gpu_overlap=240 finishes=18 waits=36
ds4: Flash-MoE overlap plan layer=15 exec_groups=258 planned_ane_groups=18 planned_ane_refs=10431 planned_gpu_groups=240 planned_gpu_refs=37953 tail_gpu_groups=14 tail_gpu_refs=1679 planned_ssd_groups=244 est_gpu=53313.0 est_ane=24290.9 est_idle=54.44% wall=416.031 ms actual_ane_groups=18 actual_ane_refs=10431 actual_gpu_groups=240 actual_gpu_refs=37953 finishes=18 waits=36 overlap_gpu_groups=240
ds4: Flash-MoE prefill layer=16 tokens=8064 unique=238 refs=48384 sync=376.030 ms plan=0.447 ms stage/compute=415.623 ms misses=255
ds4: Flash-MoE hybrid prefill layer=16 ane_groups=18 ane_refs=9958 gpu_i8_groups=237 gpu_i8_refs=38426 fp32_groups=0 ane_min_refs=128 concurrent=1 ane_pipeline=1 async_ane=18 gpu_overlap=237 finishes=18 waits=36
ds4: Flash-MoE overlap plan layer=16 exec_groups=255 planned_ane_groups=18 planned_ane_refs=9958 planned_gpu_groups=237 planned_gpu_refs=38426 tail_gpu_groups=17 tail_gpu_refs=1879 planned_ssd_groups=238 est_gpu=53594.0 est_ane=22894.5 est_idle=57.28% wall=414.423 ms actual_ane_groups=18 actual_ane_refs=9958 actual_gpu_groups=237 actual_gpu_refs=38426 finishes=18 waits=36 overlap_gpu_groups=237
ds4: Flash-MoE prefill layer=17 tokens=8064 unique=242 refs=48384 sync=187.895 ms plan=0.353 ms stage/compute=412.431 ms misses=255
ds4: Flash-MoE hybrid prefill layer=17 ane_groups=18 ane_refs=9853 gpu_i8_groups=237 gpu_i8_refs=38531 fp32_groups=0 ane_min_refs=128 concurrent=1 ane_pipeline=1 async_ane=18 gpu_overlap=237 finishes=18 waits=36
ds4: Flash-MoE overlap plan layer=17 exec_groups=255 planned_ane_groups=18 planned_ane_refs=9853 planned_gpu_groups=237 planned_gpu_refs=38531 tail_gpu_groups=13 tail_gpu_refs=973 planned_ssd_groups=242 est_gpu=53699.0 est_ane=22894.5 est_idle=57.37% wall=411.212 ms actual_ane_groups=18 actual_ane_refs=9853 actual_gpu_groups=237 actual_gpu_refs=38531 finishes=18 waits=36 overlap_gpu_groups=237
ds4: Flash-MoE prefill layer=18 tokens=8064 unique=238 refs=48384 sync=377.862 ms plan=0.360 ms stage/compute=416.117 ms misses=250
ds4: Flash-MoE hybrid prefill layer=18 ane_groups=17 ane_refs=11124 gpu_i8_groups=233 gpu_i8_refs=37260 fp32_groups=0 ane_min_refs=128 concurrent=1 ane_pipeline=1 async_ane=17 gpu_overlap=233 finishes=17 waits=34
ds4: Flash-MoE overlap plan layer=18 exec_groups=250 planned_ane_groups=17 planned_ane_refs=11124 planned_gpu_groups=233 planned_gpu_refs=37260 tail_gpu_groups=12 tail_gpu_refs=1536 planned_ssd_groups=238 est_gpu=52172.0 est_ane=25061.8 est_idle=51.96% wall=415.006 ms actual_ane_groups=17 actual_ane_refs=11124 actual_gpu_groups=233 actual_gpu_refs=37260 finishes=17 waits=34 overlap_gpu_groups=233
ds4: Flash-MoE prefill layer=19 tokens=8064 unique=242 refs=48384 sync=186.021 ms plan=0.353 ms stage/compute=391.993 ms misses=256
ds4: Flash-MoE hybrid prefill layer=19 ane_groups=19 ane_refs=8246 gpu_i8_groups=237 gpu_i8_refs=40138 fp32_groups=0 ane_min_refs=128 concurrent=1 ane_pipeline=1 async_ane=19 gpu_overlap=237 finishes=19 waits=38
ds4: Flash-MoE overlap plan layer=19 exec_groups=256 planned_ane_groups=19 planned_ane_refs=8246 planned_gpu_groups=237 planned_gpu_refs=40138 tail_gpu_groups=14 tail_gpu_refs=1445 planned_ssd_groups=242 est_gpu=55306.0 est_ane=19796.4 est_idle=64.21% wall=390.596 ms actual_ane_groups=19 actual_ane_refs=8246 actual_gpu_groups=237 actual_gpu_refs=40138 finishes=19 waits=38 overlap_gpu_groups=237
ds4: Flash-MoE prefill layer=20 tokens=8064 unique=239 refs=48384 sync=374.084 ms plan=0.418 ms stage/compute=418.546 ms misses=256
ds4: Flash-MoE hybrid prefill layer=20 ane_groups=16 ane_refs=9968 gpu_i8_groups=240 gpu_i8_refs=38416 fp32_groups=0 ane_min_refs=128 concurrent=1 ane_pipeline=1 async_ane=16 gpu_overlap=240 finishes=16 waits=32
ds4: Flash-MoE overlap plan layer=20 exec_groups=256 planned_ane_groups=16 planned_ane_refs=9968 planned_gpu_groups=240 planned_gpu_refs=38416 tail_gpu_groups=17 tail_gpu_refs=1868 planned_ssd_groups=239 est_gpu=53776.0 est_ane=22574.5 est_idle=58.02% wall=417.280 ms actual_ane_groups=16 actual_ane_refs=9968 actual_gpu_groups=240 actual_gpu_refs=38416 finishes=16 waits=32 overlap_gpu_groups=240
ds4: Flash-MoE prefill layer=21 tokens=8064 unique=246 refs=48384 sync=186.149 ms plan=0.441 ms stage/compute=412.356 ms misses=261
ds4: Flash-MoE hybrid prefill layer=21 ane_groups=19 ane_refs=8967 gpu_i8_groups=242 gpu_i8_refs=39417 fp32_groups=0 ane_min_refs=128 concurrent=1 ane_pipeline=1 async_ane=19 gpu_overlap=242 finishes=19 waits=38
ds4: Flash-MoE overlap plan layer=21 exec_groups=261 planned_ane_groups=19 planned_ane_refs=8967 planned_gpu_groups=242 planned_gpu_refs=39417 tail_gpu_groups=15 tail_gpu_refs=2310 planned_ssd_groups=246 est_gpu=54905.0 est_ane=20727.3 est_idle=62.25% wall=411.198 ms actual_ane_groups=19 actual_ane_refs=8967 actual_gpu_groups=242 actual_gpu_refs=39417 finishes=19 waits=38 overlap_gpu_groups=242
ds4: Flash-MoE prefill layer=22 tokens=8064 unique=247 refs=48384 sync=377.302 ms plan=0.365 ms stage/compute=410.949 ms misses=262
ds4: Flash-MoE hybrid prefill layer=22 ane_groups=19 ane_refs=10344 gpu_i8_groups=243 gpu_i8_refs=38040 fp32_groups=0 ane_min_refs=128 concurrent=1 ane_pipeline=1 async_ane=19 gpu_overlap=243 finishes=19 waits=38
ds4: Flash-MoE overlap plan layer=22 exec_groups=262 planned_ane_groups=19 planned_ane_refs=10344 planned_gpu_groups=243 planned_gpu_refs=38040 tail_gpu_groups=15 tail_gpu_refs=1333 planned_ssd_groups=247 est_gpu=53592.0 est_ane=23054.5 est_idle=56.98% wall=409.736 ms actual_ane_groups=19 actual_ane_refs=10344 actual_gpu_groups=243 actual_gpu_refs=38040 finishes=19 waits=38 overlap_gpu_groups=243
ds4: Flash-MoE prefill layer=23 tokens=8064 unique=243 refs=48384 sync=186.317 ms plan=0.375 ms stage/compute=395.904 ms misses=256
ds4: Flash-MoE hybrid prefill layer=23 ane_groups=20 ane_refs=8685 gpu_i8_groups=236 gpu_i8_refs=39699 fp32_groups=0 ane_min_refs=128 concurrent=1 ane_pipeline=1 async_ane=20 gpu_overlap=236 finishes=20 waits=40
ds4: Flash-MoE overlap plan layer=23 exec_groups=256 planned_ane_groups=20 planned_ane_refs=8685 planned_gpu_groups=236 planned_gpu_refs=39699 tail_gpu_groups=13 tail_gpu_refs=981 planned_ssd_groups=243 est_gpu=54803.0 est_ane=21352.7 est_idle=61.04% wall=394.614 ms actual_ane_groups=20 actual_ane_refs=8685 actual_gpu_groups=236 actual_gpu_refs=39699 finishes=20 waits=40 overlap_gpu_groups=236
ds4: Flash-MoE prefill layer=24 tokens=8064 unique=235 refs=48384 sync=354.068 ms plan=0.376 ms stage/compute=385.901 ms misses=249
ds4: Flash-MoE hybrid prefill layer=24 ane_groups=17 ane_refs=9187 gpu_i8_groups=232 gpu_i8_refs=39197 fp32_groups=0 ane_min_refs=128 concurrent=1 ane_pipeline=1 async_ane=17 gpu_overlap=232 finishes=17 waits=34
ds4: Flash-MoE overlap plan layer=24 exec_groups=249 planned_ane_groups=17 planned_ane_refs=9187 planned_gpu_groups=232 planned_gpu_refs=39197 tail_gpu_groups=14 tail_gpu_refs=1105 planned_ssd_groups=235 est_gpu=54045.0 est_ane=20872.7 est_idle=61.38% wall=384.649 ms actual_ane_groups=17 actual_ane_refs=9187 actual_gpu_groups=232 actual_gpu_refs=39197 finishes=17 waits=34 overlap_gpu_groups=232
ds4: Flash-MoE prefill layer=25 tokens=8064 unique=246 refs=48384 sync=187.258 ms plan=0.381 ms stage/compute=401.774 ms misses=263
ds4: Flash-MoE hybrid prefill layer=25 ane_groups=20 ane_refs=9202 gpu_i8_groups=243 gpu_i8_refs=39182 fp32_groups=0 ane_min_refs=128 concurrent=1 ane_pipeline=1 async_ane=20 gpu_overlap=243 finishes=20 waits=40
ds4: Flash-MoE overlap plan layer=25 exec_groups=263 planned_ane_groups=20 planned_ane_refs=9202 planned_gpu_groups=243 planned_gpu_refs=39182 tail_gpu_groups=17 tail_gpu_refs=1728 planned_ssd_groups=246 est_gpu=54734.0 est_ane=21352.7 est_idle=60.99% wall=400.560 ms actual_ane_groups=20 actual_ane_refs=9202 actual_gpu_groups=243 actual_gpu_refs=39182 finishes=20 waits=40 overlap_gpu_groups=243
ds4: Flash-MoE prefill layer=26 tokens=8064 unique=234 refs=48384 sync=356.189 ms plan=0.347 ms stage/compute=397.767 ms misses=246
ds4: Flash-MoE hybrid prefill layer=26 ane_groups=17 ane_refs=10536 gpu_i8_groups=229 gpu_i8_refs=37848 fp32_groups=0 ane_min_refs=128 concurrent=1 ane_pipeline=1 async_ane=17 gpu_overlap=229 finishes=17 waits=34
ds4: Flash-MoE overlap plan layer=26 exec_groups=246 planned_ane_groups=17 planned_ane_refs=10536 planned_gpu_groups=229 planned_gpu_refs=37848 tail_gpu_groups=12 tail_gpu_refs=1092 planned_ssd_groups=234 est_gpu=52504.0 est_ane=23665.5 est_idle=54.93% wall=396.526 ms actual_ane_groups=17 actual_ane_refs=10536 actual_gpu_groups=229 actual_gpu_refs=37848 finishes=17 waits=34 overlap_gpu_groups=229
ds4: Flash-MoE prefill layer=27 tokens=8064 unique=245 refs=48384 sync=188.244 ms plan=0.317 ms stage/compute=395.942 ms misses=258
ds4: Flash-MoE hybrid prefill layer=27 ane_groups=18 ane_refs=8508 gpu_i8_groups=240 gpu_i8_refs=39876 fp32_groups=0 ane_min_refs=128 concurrent=1 ane_pipeline=1 async_ane=18 gpu_overlap=240 finishes=18 waits=36
ds4: Flash-MoE overlap plan layer=27 exec_groups=258 planned_ane_groups=18 planned_ane_refs=8508 planned_gpu_groups=240 planned_gpu_refs=39876 tail_gpu_groups=13 tail_gpu_refs=1693 planned_ssd_groups=245 est_gpu=55236.0 est_ane=19636.4 est_idle=64.45% wall=394.779 ms actual_ane_groups=18 actual_ane_refs=8508 actual_gpu_groups=240 actual_gpu_refs=39876 finishes=18 waits=36 overlap_gpu_groups=240
ds4: Flash-MoE prefill layer=28 tokens=8064 unique=240 refs=48384 sync=353.597 ms plan=0.400 ms stage/compute=400.684 ms misses=252
ds4: Flash-MoE hybrid prefill layer=28 ane_groups=16 ane_refs=8569 gpu_i8_groups=236 gpu_i8_refs=39815 fp32_groups=0 ane_min_refs=128 concurrent=1 ane_pipeline=1 async_ane=16 gpu_overlap=236 finishes=16 waits=32
ds4: Flash-MoE overlap plan layer=28 exec_groups=252 planned_ane_groups=16 planned_ane_refs=8569 planned_gpu_groups=236 planned_gpu_refs=39815 tail_gpu_groups=12 tail_gpu_refs=912 planned_ssd_groups=240 est_gpu=54919.0 est_ane=20247.3 est_idle=63.13% wall=399.457 ms actual_ane_groups=16 actual_ane_refs=8569 actual_gpu_groups=236 actual_gpu_refs=39815 finishes=16 waits=32 overlap_gpu_groups=236
ds4: Flash-MoE prefill layer=29 tokens=8064 unique=248 refs=48384 sync=188.679 ms plan=0.401 ms stage/compute=421.209 ms misses=263
ds4: Flash-MoE hybrid prefill layer=29 ane_groups=21 ane_refs=9951 gpu_i8_groups=242 gpu_i8_refs=38433 fp32_groups=0 ane_min_refs=128 concurrent=1 ane_pipeline=1 async_ane=21 gpu_overlap=242 finishes=21 waits=42
ds4: Flash-MoE overlap plan layer=29 exec_groups=263 planned_ane_groups=21 planned_ane_refs=9951 planned_gpu_groups=242 planned_gpu_refs=38433 tail_gpu_groups=15 tail_gpu_refs=1736 planned_ssd_groups=248 est_gpu=53921.0 est_ane=22909.1 est_idle=57.51% wall=419.956 ms actual_ane_groups=21 actual_ane_refs=9951 actual_gpu_groups=242 actual_gpu_refs=38433 finishes=21 waits=42 overlap_gpu_groups=242
ds4: Flash-MoE prefill layer=30 tokens=8064 unique=244 refs=48384 sync=376.728 ms plan=0.356 ms stage/compute=422.707 ms misses=265
ds4: Flash-MoE hybrid prefill layer=30 ane_groups=20 ane_refs=9188 gpu_i8_groups=245 gpu_i8_refs=39196 fp32_groups=0 ane_min_refs=128 concurrent=1 ane_pipeline=1 async_ane=20 gpu_overlap=245 finishes=20 waits=40
ds4: Flash-MoE overlap plan layer=30 exec_groups=265 planned_ane_groups=20 planned_ane_refs=9188 planned_gpu_groups=245 planned_gpu_refs=39196 tail_gpu_groups=21 tail_gpu_refs=2302 planned_ssd_groups=244 est_gpu=54876.0 est_ane=21352.7 est_idle=61.09% wall=421.566 ms actual_ane_groups=20 actual_ane_refs=9188 actual_gpu_groups=245 actual_gpu_refs=39196 finishes=20 waits=40 overlap_gpu_groups=245
ds4: Flash-MoE prefill layer=31 tokens=8064 unique=246 refs=48384 sync=187.583 ms plan=0.356 ms stage/compute=418.850 ms misses=260
ds4: Flash-MoE hybrid prefill layer=31 ane_groups=19 ane_refs=9811 gpu_i8_groups=241 gpu_i8_refs=38573 fp32_groups=0 ane_min_refs=128 concurrent=1 ane_pipeline=1 async_ane=19 gpu_overlap=241 finishes=19 waits=38
ds4: Flash-MoE overlap plan layer=31 exec_groups=260 planned_ane_groups=19 planned_ane_refs=9811 planned_gpu_groups=241 planned_gpu_refs=38573 tail_gpu_groups=14 tail_gpu_refs=1319 planned_ssd_groups=246 est_gpu=53997.0 est_ane=23520.0 est_idle=56.44% wall=417.599 ms actual_ane_groups=19 actual_ane_refs=9811 actual_gpu_groups=241 actual_gpu_refs=38573 finishes=19 waits=38 overlap_gpu_groups=241
ds4: Flash-MoE prefill layer=32 tokens=8064 unique=245 refs=48384 sync=375.413 ms plan=0.378 ms stage/compute=407.956 ms misses=256
ds4: Flash-MoE hybrid prefill layer=32 ane_groups=17 ane_refs=9077 gpu_i8_groups=239 gpu_i8_refs=39307 fp32_groups=0 ane_min_refs=128 concurrent=1 ane_pipeline=1 async_ane=17 gpu_overlap=239 finishes=17 waits=34
ds4: Flash-MoE overlap plan layer=32 exec_groups=256 planned_ane_groups=17 planned_ane_refs=9077 planned_gpu_groups=239 planned_gpu_refs=39307 tail_gpu_groups=11 tail_gpu_refs=1128 planned_ssd_groups=245 est_gpu=54603.0 est_ane=21803.6 est_idle=60.07% wall=406.721 ms actual_ane_groups=17 actual_ane_refs=9077 actual_gpu_groups=239 actual_gpu_refs=39307 finishes=17 waits=34 overlap_gpu_groups=239
ds4: Flash-MoE prefill layer=33 tokens=8064 unique=248 refs=48384 sync=185.275 ms plan=0.396 ms stage/compute=423.881 ms misses=262
ds4: Flash-MoE hybrid prefill layer=33 ane_groups=17 ane_refs=9296 gpu_i8_groups=245 gpu_i8_refs=39088 fp32_groups=0 ane_min_refs=128 concurrent=1 ane_pipeline=1 async_ane=17 gpu_overlap=245 finishes=17 waits=34
ds4: Flash-MoE overlap plan layer=33 exec_groups=262 planned_ane_groups=17 planned_ane_refs=9296 planned_gpu_groups=245 planned_gpu_refs=39088 tail_gpu_groups=14 tail_gpu_refs=1331 planned_ssd_groups=248 est_gpu=54768.0 est_ane=20872.7 est_idle=61.89% wall=422.722 ms actual_ane_groups=17 actual_ane_refs=9296 actual_gpu_groups=245 actual_gpu_refs=39088 finishes=17 waits=34 overlap_gpu_groups=245
ds4: Flash-MoE prefill layer=34 tokens=8064 unique=245 refs=48384 sync=374.850 ms plan=0.379 ms stage/compute=418.575 ms misses=257
ds4: Flash-MoE hybrid prefill layer=34 ane_groups=16 ane_refs=9684 gpu_i8_groups=241 gpu_i8_refs=38700 fp32_groups=0 ane_min_refs=128 concurrent=1 ane_pipeline=1 async_ane=16 gpu_overlap=241 finishes=16 waits=32
ds4: Flash-MoE overlap plan layer=34 exec_groups=257 planned_ane_groups=16 planned_ane_refs=9684 planned_gpu_groups=241 planned_gpu_refs=38700 tail_gpu_groups=12 tail_gpu_refs=1439 planned_ssd_groups=245 est_gpu=54124.0 est_ane=21643.6 est_idle=60.01% wall=417.330 ms actual_ane_groups=16 actual_ane_refs=9684 actual_gpu_groups=241 actual_gpu_refs=38700 finishes=16 waits=32 overlap_gpu_groups=241
ds4: Flash-MoE prefill layer=35 tokens=8064 unique=248 refs=48384 sync=185.629 ms plan=0.407 ms stage/compute=402.967 ms misses=256
ds4: Flash-MoE hybrid prefill layer=35 ane_groups=13 ane_refs=8236 gpu_i8_groups=243 gpu_i8_refs=40148 fp32_groups=0 ane_min_refs=128 concurrent=1 ane_pipeline=1 async_ane=13 gpu_overlap=243 finishes=13 waits=26
ds4: Flash-MoE overlap plan layer=35 exec_groups=256 planned_ane_groups=13 planned_ane_refs=8236 planned_gpu_groups=243 planned_gpu_refs=40148 tail_gpu_groups=8 tail_gpu_refs=935 planned_ssd_groups=248 est_gpu=55700.0 est_ane=19301.8 est_idle=65.35% wall=401.749 ms actual_ane_groups=13 actual_ane_refs=8236 actual_gpu_groups=243 actual_gpu_refs=40148 finishes=13 waits=26 overlap_gpu_groups=243
ds4: Flash-MoE prefill layer=36 tokens=8064 unique=249 refs=48384 sync=373.819 ms plan=0.346 ms stage/compute=432.824 ms misses=260
ds4: Flash-MoE hybrid prefill layer=36 ane_groups=16 ane_refs=10326 gpu_i8_groups=244 gpu_i8_refs=38058 fp32_groups=0 ane_min_refs=128 concurrent=1 ane_pipeline=1 async_ane=16 gpu_overlap=244 finishes=16 waits=32
ds4: Flash-MoE overlap plan layer=36 exec_groups=260 planned_ane_groups=16 planned_ane_refs=10326 planned_gpu_groups=244 planned_gpu_refs=38058 tail_gpu_groups=11 tail_gpu_refs=990 planned_ssd_groups=249 est_gpu=53674.0 est_ane=23505.5 est_idle=56.21% wall=431.631 ms actual_ane_groups=16 actual_ane_refs=10326 actual_gpu_groups=244 actual_gpu_refs=38058 finishes=16 waits=32 overlap_gpu_groups=244
ds4: Flash-MoE prefill layer=37 tokens=8064 unique=248 refs=48384 sync=185.490 ms plan=0.436 ms stage/compute=442.531 ms misses=265
ds4: Flash-MoE hybrid prefill layer=37 ane_groups=17 ane_refs=10013 gpu_i8_groups=248 gpu_i8_refs=38371 fp32_groups=0 ane_min_refs=128 concurrent=1 ane_pipeline=1 async_ane=17 gpu_overlap=248 finishes=17 waits=34
ds4: Flash-MoE overlap plan layer=37 exec_groups=265 planned_ane_groups=17 planned_ane_refs=10013 planned_gpu_groups=248 planned_gpu_refs=38371 tail_gpu_groups=17 tail_gpu_refs=1284 planned_ssd_groups=248 est_gpu=54243.0 est_ane=23200.0 est_idle=57.23% wall=441.342 ms actual_ane_groups=17 actual_ane_refs=10013 actual_gpu_groups=248 actual_gpu_refs=38371 finishes=17 waits=34 overlap_gpu_groups=248
ds4: Flash-MoE prefill layer=38 tokens=8064 unique=249 refs=48384 sync=376.615 ms plan=0.395 ms stage/compute=430.867 ms misses=263
ds4: Flash-MoE hybrid prefill layer=38 ane_groups=20 ane_refs=10119 gpu_i8_groups=243 gpu_i8_refs=38265 fp32_groups=0 ane_min_refs=128 concurrent=1 ane_pipeline=1 async_ane=20 gpu_overlap=243 finishes=20 waits=40
ds4: Flash-MoE overlap plan layer=38 exec_groups=263 planned_ane_groups=20 planned_ane_refs=10119 planned_gpu_groups=243 planned_gpu_refs=38265 tail_gpu_groups=14 tail_gpu_refs=1281 planned_ssd_groups=249 est_gpu=53817.0 est_ane=23214.5 est_idle=56.86% wall=429.604 ms actual_ane_groups=20 actual_ane_refs=10119 actual_gpu_groups=243 actual_gpu_refs=38265 finishes=20 waits=40 overlap_gpu_groups=243
ds4: Flash-MoE prefill layer=39 tokens=8064 unique=252 refs=48384 sync=185.181 ms plan=0.349 ms stage/compute=481.796 ms misses=263
ds4: Flash-MoE hybrid prefill layer=39 ane_groups=17 ane_refs=9117 gpu_i8_groups=246 gpu_i8_refs=39267 fp32_groups=0 ane_min_refs=128 concurrent=1 ane_pipeline=1 async_ane=17 gpu_overlap=246 finishes=17 waits=34
ds4: Flash-MoE overlap plan layer=39 exec_groups=263 planned_ane_groups=17 planned_ane_refs=9117 planned_gpu_groups=246 planned_gpu_refs=39267 tail_gpu_groups=11 tail_gpu_refs=1347 planned_ssd_groups=252 est_gpu=55011.0 est_ane=21803.6 est_idle=60.36% wall=480.515 ms actual_ane_groups=17 actual_ane_refs=9117 actual_gpu_groups=246 actual_gpu_refs=39267 finishes=17 waits=34 overlap_gpu_groups=246
ds4: Flash-MoE prefill layer=40 tokens=8064 unique=231 refs=48384 sync=349.754 ms plan=0.327 ms stage/compute=449.158 ms misses=241
ds4: Flash-MoE hybrid prefill layer=40 ane_groups=17 ane_refs=11052 gpu_i8_groups=224 gpu_i8_refs=37332 fp32_groups=0 ane_min_refs=128 concurrent=1 ane_pipeline=1 async_ane=17 gpu_overlap=224 finishes=17 waits=34
ds4: Flash-MoE overlap plan layer=40 exec_groups=241 planned_ane_groups=17 planned_ane_refs=11052 planned_gpu_groups=224 planned_gpu_refs=37332 tail_gpu_groups=10 tail_gpu_refs=805 planned_ssd_groups=231 est_gpu=51668.0 est_ane=24596.4 est_idle=52.40% wall=448.002 ms actual_ane_groups=17 actual_ane_refs=11052 actual_gpu_groups=224 actual_gpu_refs=37332 finishes=17 waits=34 overlap_gpu_groups=224
ds4: Flash-MoE prefill layer=41 tokens=8064 unique=236 refs=48384 sync=186.883 ms plan=0.355 ms stage/compute=459.714 ms misses=250
ds4: Flash-MoE hybrid prefill layer=41 ane_groups=21 ane_refs=10514 gpu_i8_groups=229 gpu_i8_refs=37870 fp32_groups=0 ane_min_refs=128 concurrent=1 ane_pipeline=1 async_ane=21 gpu_overlap=229 finishes=21 waits=42
ds4: Flash-MoE overlap plan layer=41 exec_groups=250 planned_ane_groups=21 planned_ane_refs=10514 planned_gpu_groups=229 planned_gpu_refs=37870 tail_gpu_groups=14 tail_gpu_refs=963 planned_ssd_groups=236 est_gpu=52526.0 est_ane=24305.5 est_idle=53.73% wall=458.473 ms actual_ane_groups=21 actual_ane_refs=10514 actual_gpu_groups=229 actual_gpu_refs=37870 finishes=21 waits=42 overlap_gpu_groups=229
ds4: Flash-MoE prefill layer=42 tokens=8064 unique=235 refs=48384 sync=350.567 ms plan=0.399 ms stage/compute=450.177 ms misses=249
ds4: Flash-MoE hybrid prefill layer=42 ane_groups=18 ane_refs=9172 gpu_i8_groups=231 gpu_i8_refs=39212 fp32_groups=0 ane_min_refs=128 concurrent=1 ane_pipeline=1 async_ane=18 gpu_overlap=231 finishes=18 waits=36
ds4: Flash-MoE overlap plan layer=42 exec_groups=249 planned_ane_groups=18 planned_ane_refs=9172 planned_gpu_groups=231 planned_gpu_refs=39212 tail_gpu_groups=14 tail_gpu_refs=1007 planned_ssd_groups=235 est_gpu=53996.0 est_ane=21032.7 est_idle=61.05% wall=448.904 ms actual_ane_groups=18 actual_ane_refs=9172 actual_gpu_groups=231 actual_gpu_refs=39212 finishes=18 waits=36 overlap_gpu_groups=231
processing 8423 input tokens: 8064/8423 (95.7%) batch=248.53 t/s avg=242.69 t/s
ds4: Flash-MoE prefill layer=0 tokens=359 unique=255 refs=2154 sync=10.037 ms plan=0.301 ms stage/compute=430.945 ms misses=255
ds4: Flash-MoE hybrid prefill layer=0 ane_groups=0 ane_refs=0 gpu_i8_groups=255 gpu_i8_refs=2154 fp32_groups=0 ane_min_refs=128 concurrent=1 ane_pipeline=1 async_ane=0 gpu_overlap=0 finishes=0 waits=0
ds4: Flash-MoE overlap plan layer=0 exec_groups=255 planned_ane_groups=0 planned_ane_refs=0 planned_gpu_groups=255 planned_gpu_refs=2154 tail_gpu_groups=0 tail_gpu_refs=0 planned_ssd_groups=255 est_gpu=18474.0 est_ane=0.0 est_idle=100.00% wall=430.766 ms actual_ane_groups=0 actual_ane_refs=0 actual_gpu_groups=255 actual_gpu_refs=2154 finishes=0 waits=0 overlap_gpu_groups=0
ds4: Flash-MoE prefill layer=1 tokens=359 unique=256 refs=2154 sync=9.478 ms plan=0.374 ms stage/compute=423.875 ms misses=256
ds4: Flash-MoE hybrid prefill layer=1 ane_groups=0 ane_refs=0 gpu_i8_groups=256 gpu_i8_refs=2154 fp32_groups=0 ane_min_refs=128 concurrent=1 ane_pipeline=1 async_ane=0 gpu_overlap=0 finishes=0 waits=0
ds4: Flash-MoE overlap plan layer=1 exec_groups=256 planned_ane_groups=0 planned_ane_refs=0 planned_gpu_groups=256 planned_gpu_refs=2154 tail_gpu_groups=0 tail_gpu_refs=0 planned_ssd_groups=256 est_gpu=18538.0 est_ane=0.0 est_idle=100.00% wall=423.693 ms actual_ane_groups=0 actual_ane_refs=0 actual_gpu_groups=256 actual_gpu_refs=2154 finishes=0 waits=0 overlap_gpu_groups=0
ds4: Flash-MoE prefill layer=2 tokens=359 unique=255 refs=2154 sync=49.824 ms plan=0.265 ms stage/compute=426.425 ms misses=255
ds4: Flash-MoE hybrid prefill layer=2 ane_groups=0 ane_refs=0 gpu_i8_groups=255 gpu_i8_refs=2154 fp32_groups=0 ane_min_refs=128 concurrent=1 ane_pipeline=1 async_ane=0 gpu_overlap=0 finishes=0 waits=0
ds4: Flash-MoE overlap plan layer=2 exec_groups=255 planned_ane_groups=0 planned_ane_refs=0 planned_gpu_groups=255 planned_gpu_refs=2154 tail_gpu_groups=0 tail_gpu_refs=0 planned_ssd_groups=255 est_gpu=18474.0 est_ane=0.0 est_idle=100.00% wall=426.246 ms actual_ane_groups=0 actual_ane_refs=0 actual_gpu_groups=255 actual_gpu_refs=2154 finishes=0 waits=0 overlap_gpu_groups=0
ds4: Flash-MoE prefill layer=3 tokens=359 unique=214 refs=2154 sync=10.842 ms plan=0.300 ms stage/compute=356.424 ms misses=214
ds4: Flash-MoE hybrid prefill layer=3 ane_groups=0 ane_refs=0 gpu_i8_groups=214 gpu_i8_refs=2154 fp32_groups=0 ane_min_refs=128 concurrent=1 ane_pipeline=1 async_ane=0 gpu_overlap=0 finishes=0 waits=0
ds4: Flash-MoE overlap plan layer=3 exec_groups=214 planned_ane_groups=0 planned_ane_refs=0 planned_gpu_groups=214 planned_gpu_refs=2154 tail_gpu_groups=0 tail_gpu_refs=0 planned_ssd_groups=214 est_gpu=15850.0 est_ane=0.0 est_idle=100.00% wall=356.252 ms actual_ane_groups=0 actual_ane_refs=0 actual_gpu_groups=214 actual_gpu_refs=2154 finishes=0 waits=0 overlap_gpu_groups=0
ds4: Flash-MoE prefill layer=4 tokens=359 unique=204 refs=2154 sync=24.966 ms plan=0.369 ms stage/compute=342.909 ms misses=204
ds4: Flash-MoE hybrid prefill layer=4 ane_groups=0 ane_refs=0 gpu_i8_groups=204 gpu_i8_refs=2154 fp32_groups=0 ane_min_refs=128 concurrent=1 ane_pipeline=1 async_ane=0 gpu_overlap=0 finishes=0 waits=0
ds4: Flash-MoE overlap plan layer=4 exec_groups=204 planned_ane_groups=0 planned_ane_refs=0 planned_gpu_groups=204 planned_gpu_refs=2154 tail_gpu_groups=0 tail_gpu_refs=0 planned_ssd_groups=204 est_gpu=15210.0 est_ane=0.0 est_idle=100.00% wall=342.755 ms actual_ane_groups=0 actual_ane_refs=0 actual_gpu_groups=204 actual_gpu_refs=2154 finishes=0 waits=0 overlap_gpu_groups=0
ds4: Flash-MoE prefill layer=5 tokens=359 unique=219 refs=2154 sync=10.860 ms plan=0.350 ms stage/compute=363.928 ms misses=219
ds4: Flash-MoE hybrid prefill layer=5 ane_groups=0 ane_refs=0 gpu_i8_groups=219 gpu_i8_refs=2154 fp32_groups=0 ane_min_refs=128 concurrent=1 ane_pipeline=1 async_ane=0 gpu_overlap=0 finishes=0 waits=0
ds4: Flash-MoE overlap plan layer=5 exec_groups=219 planned_ane_groups=0 planned_ane_refs=0 planned_gpu_groups=219 planned_gpu_refs=2154 tail_gpu_groups=0 tail_gpu_refs=0 planned_ssd_groups=219 est_gpu=16170.0 est_ane=0.0 est_idle=100.00% wall=363.740 ms actual_ane_groups=0 actual_ane_refs=0 actual_gpu_groups=219 actual_gpu_refs=2154 finishes=0 waits=0 overlap_gpu_groups=0
ds4: Flash-MoE prefill layer=6 tokens=359 unique=197 refs=2154 sync=25.186 ms plan=0.357 ms stage/compute=330.723 ms misses=197
ds4: Flash-MoE hybrid prefill layer=6 ane_groups=0 ane_refs=0 gpu_i8_groups=197 gpu_i8_refs=2154 fp32_groups=0 ane_min_refs=128 concurrent=1 ane_pipeline=1 async_ane=0 gpu_overlap=0 finishes=0 waits=0
ds4: Flash-MoE overlap plan layer=6 exec_groups=197 planned_ane_groups=0 planned_ane_refs=0 planned_gpu_groups=197 planned_gpu_refs=2154 tail_gpu_groups=0 tail_gpu_refs=0 planned_ssd_groups=197 est_gpu=14762.0 est_ane=0.0 est_idle=100.00% wall=330.572 ms actual_ane_groups=0 actual_ane_refs=0 actual_gpu_groups=197 actual_gpu_refs=2154 finishes=0 waits=0 overlap_gpu_groups=0
ds4: Flash-MoE prefill layer=7 tokens=359 unique=197 refs=2154 sync=10.798 ms plan=0.333 ms stage/compute=328.927 ms misses=197
ds4: Flash-MoE hybrid prefill layer=7 ane_groups=0 ane_refs=0 gpu_i8_groups=197 gpu_i8_refs=2154 fp32_groups=0 ane_min_refs=128 concurrent=1 ane_pipeline=1 async_ane=0 gpu_overlap=0 finishes=0 waits=0
ds4: Flash-MoE overlap plan layer=7 exec_groups=197 planned_ane_groups=0 planned_ane_refs=0 planned_gpu_groups=197 planned_gpu_refs=2154 tail_gpu_groups=0 tail_gpu_refs=0 planned_ssd_groups=197 est_gpu=14762.0 est_ane=0.0 est_idle=100.00% wall=328.761 ms actual_ane_groups=0 actual_ane_refs=0 actual_gpu_groups=197 actual_gpu_refs=2154 finishes=0 waits=0 overlap_gpu_groups=0
ds4: Flash-MoE prefill layer=8 tokens=359 unique=201 refs=2154 sync=24.791 ms plan=0.339 ms stage/compute=332.979 ms misses=201
ds4: Flash-MoE hybrid prefill layer=8 ane_groups=0 ane_refs=0 gpu_i8_groups=201 gpu_i8_refs=2154 fp32_groups=0 ane_min_refs=128 concurrent=1 ane_pipeline=1 async_ane=0 gpu_overlap=0 finishes=0 waits=0
ds4: Flash-MoE overlap plan layer=8 exec_groups=201 planned_ane_groups=0 planned_ane_refs=0 planned_gpu_groups=201 planned_gpu_refs=2154 tail_gpu_groups=0 tail_gpu_refs=0 planned_ssd_groups=201 est_gpu=15018.0 est_ane=0.0 est_idle=100.00% wall=332.824 ms actual_ane_groups=0 actual_ane_refs=0 actual_gpu_groups=201 actual_gpu_refs=2154 finishes=0 waits=0 overlap_gpu_groups=0
ds4: Flash-MoE prefill layer=9 tokens=359 unique=211 refs=2154 sync=10.816 ms plan=0.328 ms stage/compute=352.590 ms misses=211
ds4: Flash-MoE hybrid prefill layer=9 ane_groups=0 ane_refs=0 gpu_i8_groups=211 gpu_i8_refs=2154 fp32_groups=0 ane_min_refs=128 concurrent=1 ane_pipeline=1 async_ane=0 gpu_overlap=0 finishes=0 waits=0
ds4: Flash-MoE overlap plan layer=9 exec_groups=211 planned_ane_groups=0 planned_ane_refs=0 planned_gpu_groups=211 planned_gpu_refs=2154 tail_gpu_groups=0 tail_gpu_refs=0 planned_ssd_groups=211 est_gpu=15658.0 est_ane=0.0 est_idle=100.00% wall=352.410 ms actual_ane_groups=0 actual_ane_refs=0 actual_gpu_groups=211 actual_gpu_refs=2154 finishes=0 waits=0 overlap_gpu_groups=0
ds4: Flash-MoE prefill layer=10 tokens=359 unique=191 refs=2154 sync=24.708 ms plan=0.370 ms stage/compute=314.980 ms misses=191
ds4: Flash-MoE hybrid prefill layer=10 ane_groups=0 ane_refs=0 gpu_i8_groups=191 gpu_i8_refs=2154 fp32_groups=0 ane_min_refs=128 concurrent=1 ane_pipeline=1 async_ane=0 gpu_overlap=0 finishes=0 waits=0
ds4: Flash-MoE overlap plan layer=10 exec_groups=191 planned_ane_groups=0 planned_ane_refs=0 planned_gpu_groups=191 planned_gpu_refs=2154 tail_gpu_groups=0 tail_gpu_refs=0 planned_ssd_groups=191 est_gpu=14378.0 est_ane=0.0 est_idle=100.00% wall=314.831 ms actual_ane_groups=0 actual_ane_refs=0 actual_gpu_groups=191 actual_gpu_refs=2154 finishes=0 waits=0 overlap_gpu_groups=0
ds4: Flash-MoE prefill layer=11 tokens=359 unique=195 refs=2154 sync=10.870 ms plan=0.347 ms stage/compute=259.088 ms misses=195
ds4: Flash-MoE hybrid prefill layer=11 ane_groups=0 ane_refs=0 gpu_i8_groups=195 gpu_i8_refs=2154 fp32_groups=0 ane_min_refs=128 concurrent=1 ane_pipeline=1 async_ane=0 gpu_overlap=0 finishes=0 waits=0
ds4: Flash-MoE overlap plan layer=11 exec_groups=195 planned_ane_groups=0 planned_ane_refs=0 planned_gpu_groups=195 planned_gpu_refs=2154 tail_gpu_groups=0 tail_gpu_refs=0 planned_ssd_groups=195 est_gpu=14634.0 est_ane=0.0 est_idle=100.00% wall=258.929 ms actual_ane_groups=0 actual_ane_refs=0 actual_gpu_groups=195 actual_gpu_refs=2154 finishes=0 waits=0 overlap_gpu_groups=0
ds4: Flash-MoE prefill layer=12 tokens=359 unique=174 refs=2154 sync=24.813 ms plan=0.382 ms stage/compute=226.297 ms misses=174
ds4: Flash-MoE hybrid prefill layer=12 ane_groups=0 ane_refs=0 gpu_i8_groups=174 gpu_i8_refs=2154 fp32_groups=0 ane_min_refs=128 concurrent=1 ane_pipeline=1 async_ane=0 gpu_overlap=0 finishes=0 waits=0
ds4: Flash-MoE overlap plan layer=12 exec_groups=174 planned_ane_groups=0 planned_ane_refs=0 planned_gpu_groups=174 planned_gpu_refs=2154 tail_gpu_groups=0 tail_gpu_refs=0 planned_ssd_groups=174 est_gpu=13290.0 est_ane=0.0 est_idle=100.00% wall=226.131 ms actual_ane_groups=0 actual_ane_refs=0 actual_gpu_groups=174 actual_gpu_refs=2154 finishes=0 waits=0 overlap_gpu_groups=0
ds4: Flash-MoE prefill layer=13 tokens=359 unique=192 refs=2154 sync=10.857 ms plan=0.309 ms stage/compute=247.452 ms misses=192
ds4: Flash-MoE hybrid prefill layer=13 ane_groups=0 ane_refs=0 gpu_i8_groups=192 gpu_i8_refs=2154 fp32_groups=0 ane_min_refs=128 concurrent=1 ane_pipeline=1 async_ane=0 gpu_overlap=0 finishes=0 waits=0
ds4: Flash-MoE overlap plan layer=13 exec_groups=192 planned_ane_groups=0 planned_ane_refs=0 planned_gpu_groups=192 planned_gpu_refs=2154 tail_gpu_groups=0 tail_gpu_refs=0 planned_ssd_groups=192 est_gpu=14442.0 est_ane=0.0 est_idle=100.00% wall=247.291 ms actual_ane_groups=0 actual_ane_refs=0 actual_gpu_groups=192 actual_gpu_refs=2154 finishes=0 waits=0 overlap_gpu_groups=0
ds4: Flash-MoE prefill layer=14 tokens=359 unique=187 refs=2154 sync=24.730 ms plan=0.364 ms stage/compute=240.946 ms misses=187
ds4: Flash-MoE hybrid prefill layer=14 ane_groups=0 ane_refs=0 gpu_i8_groups=187 gpu_i8_refs=2154 fp32_groups=0 ane_min_refs=128 concurrent=1 ane_pipeline=1 async_ane=0 gpu_overlap=0 finishes=0 waits=0
ds4: Flash-MoE overlap plan layer=14 exec_groups=187 planned_ane_groups=0 planned_ane_refs=0 planned_gpu_groups=187 planned_gpu_refs=2154 tail_gpu_groups=0 tail_gpu_refs=0 planned_ssd_groups=187 est_gpu=14122.0 est_ane=0.0 est_idle=100.00% wall=240.785 ms actual_ane_groups=0 actual_ane_refs=0 actual_gpu_groups=187 actual_gpu_refs=2154 finishes=0 waits=0 overlap_gpu_groups=0
ds4: Flash-MoE prefill layer=15 tokens=359 unique=180 refs=2154 sync=10.856 ms plan=0.323 ms stage/compute=231.570 ms misses=180
ds4: Flash-MoE hybrid prefill layer=15 ane_groups=0 ane_refs=0 gpu_i8_groups=180 gpu_i8_refs=2154 fp32_groups=0 ane_min_refs=128 concurrent=1 ane_pipeline=1 async_ane=0 gpu_overlap=0 finishes=0 waits=0
ds4: Flash-MoE overlap plan layer=15 exec_groups=180 planned_ane_groups=0 planned_ane_refs=0 planned_gpu_groups=180 planned_gpu_refs=2154 tail_gpu_groups=0 tail_gpu_refs=0 planned_ssd_groups=180 est_gpu=13674.0 est_ane=0.0 est_idle=100.00% wall=231.427 ms actual_ane_groups=0 actual_ane_refs=0 actual_gpu_groups=180 actual_gpu_refs=2154 finishes=0 waits=0 overlap_gpu_groups=0
ds4: Flash-MoE prefill layer=16 tokens=359 unique=182 refs=2154 sync=24.819 ms plan=0.310 ms stage/compute=236.880 ms misses=182
ds4: Flash-MoE hybrid prefill layer=16 ane_groups=0 ane_refs=0 gpu_i8_groups=182 gpu_i8_refs=2154 fp32_groups=0 ane_min_refs=128 concurrent=1 ane_pipeline=1 async_ane=0 gpu_overlap=0 finishes=0 waits=0
ds4: Flash-MoE overlap plan layer=16 exec_groups=182 planned_ane_groups=0 planned_ane_refs=0 planned_gpu_groups=182 planned_gpu_refs=2154 tail_gpu_groups=0 tail_gpu_refs=0 planned_ssd_groups=182 est_gpu=13802.0 est_ane=0.0 est_idle=100.00% wall=236.724 ms actual_ane_groups=0 actual_ane_refs=0 actual_gpu_groups=182 actual_gpu_refs=2154 finishes=0 waits=0 overlap_gpu_groups=0
ds4: Flash-MoE prefill layer=17 tokens=359 unique=186 refs=2154 sync=10.813 ms plan=0.341 ms stage/compute=244.736 ms misses=186
ds4: Flash-MoE hybrid prefill layer=17 ane_groups=0 ane_refs=0 gpu_i8_groups=186 gpu_i8_refs=2154 fp32_groups=0 ane_min_refs=128 concurrent=1 ane_pipeline=1 async_ane=0 gpu_overlap=0 finishes=0 waits=0
ds4: Flash-MoE overlap plan layer=17 exec_groups=186 planned_ane_groups=0 planned_ane_refs=0 planned_gpu_groups=186 planned_gpu_refs=2154 tail_gpu_groups=0 tail_gpu_refs=0 planned_ssd_groups=186 est_gpu=14058.0 est_ane=0.0 est_idle=100.00% wall=244.597 ms actual_ane_groups=0 actual_ane_refs=0 actual_gpu_groups=186 actual_gpu_refs=2154 finishes=0 waits=0 overlap_gpu_groups=0
ds4: Flash-MoE prefill layer=18 tokens=359 unique=176 refs=2154 sync=24.711 ms plan=0.318 ms stage/compute=233.291 ms misses=176
ds4: Flash-MoE hybrid prefill layer=18 ane_groups=0 ane_refs=0 gpu_i8_groups=176 gpu_i8_refs=2154 fp32_groups=0 ane_min_refs=128 concurrent=1 ane_pipeline=1 async_ane=0 gpu_overlap=0 finishes=0 waits=0
ds4: Flash-MoE overlap plan layer=18 exec_groups=176 planned_ane_groups=0 planned_ane_refs=0 planned_gpu_groups=176 planned_gpu_refs=2154 tail_gpu_groups=0 tail_gpu_refs=0 planned_ssd_groups=176 est_gpu=13418.0 est_ane=0.0 est_idle=100.00% wall=233.150 ms actual_ane_groups=0 actual_ane_refs=0 actual_gpu_groups=176 actual_gpu_refs=2154 finishes=0 waits=0 overlap_gpu_groups=0
ds4: Flash-MoE prefill layer=19 tokens=359 unique=207 refs=2154 sync=10.805 ms plan=0.303 ms stage/compute=261.997 ms misses=207
ds4: Flash-MoE hybrid prefill layer=19 ane_groups=0 ane_refs=0 gpu_i8_groups=207 gpu_i8_refs=2154 fp32_groups=0 ane_min_refs=128 concurrent=1 ane_pipeline=1 async_ane=0 gpu_overlap=0 finishes=0 waits=0
ds4: Flash-MoE overlap plan layer=19 exec_groups=207 planned_ane_groups=0 planned_ane_refs=0 planned_gpu_groups=207 planned_gpu_refs=2154 tail_gpu_groups=0 tail_gpu_refs=0 planned_ssd_groups=207 est_gpu=15402.0 est_ane=0.0 est_idle=100.00% wall=261.829 ms actual_ane_groups=0 actual_ane_refs=0 actual_gpu_groups=207 actual_gpu_refs=2154 finishes=0 waits=0 overlap_gpu_groups=0
ds4: Flash-MoE prefill layer=20 tokens=359 unique=165 refs=2154 sync=24.817 ms plan=0.337 ms stage/compute=214.521 ms misses=165
ds4: Flash-MoE hybrid prefill layer=20 ane_groups=0 ane_refs=0 gpu_i8_groups=165 gpu_i8_refs=2154 fp32_groups=0 ane_min_refs=128 concurrent=1 ane_pipeline=1 async_ane=0 gpu_overlap=0 finishes=0 waits=0
ds4: Flash-MoE overlap plan layer=20 exec_groups=165 planned_ane_groups=0 planned_ane_refs=0 planned_gpu_groups=165 planned_gpu_refs=2154 tail_gpu_groups=0 tail_gpu_refs=0 planned_ssd_groups=165 est_gpu=12714.0 est_ane=0.0 est_idle=100.00% wall=214.371 ms actual_ane_groups=0 actual_ane_refs=0 actual_gpu_groups=165 actual_gpu_refs=2154 finishes=0 waits=0 overlap_gpu_groups=0
ds4: Flash-MoE prefill layer=21 tokens=359 unique=186 refs=2154 sync=11.098 ms plan=0.304 ms stage/compute=235.201 ms misses=186
ds4: Flash-MoE hybrid prefill layer=21 ane_groups=0 ane_refs=0 gpu_i8_groups=186 gpu_i8_refs=2154 fp32_groups=0 ane_min_refs=128 concurrent=1 ane_pipeline=1 async_ane=0 gpu_overlap=0 finishes=0 waits=0
ds4: Flash-MoE overlap plan layer=21 exec_groups=186 planned_ane_groups=0 planned_ane_refs=0 planned_gpu_groups=186 planned_gpu_refs=2154 tail_gpu_groups=0 tail_gpu_refs=0 planned_ssd_groups=186 est_gpu=14058.0 est_ane=0.0 est_idle=100.00% wall=235.053 ms actual_ane_groups=0 actual_ane_refs=0 actual_gpu_groups=186 actual_gpu_refs=2154 finishes=0 waits=0 overlap_gpu_groups=0
ds4: Flash-MoE prefill layer=22 tokens=359 unique=187 refs=2154 sync=24.802 ms plan=0.326 ms stage/compute=229.226 ms misses=187
ds4: Flash-MoE hybrid prefill layer=22 ane_groups=0 ane_refs=0 gpu_i8_groups=187 gpu_i8_refs=2154 fp32_groups=0 ane_min_refs=128 concurrent=1 ane_pipeline=1 async_ane=0 gpu_overlap=0 finishes=0 waits=0
ds4: Flash-MoE overlap plan layer=22 exec_groups=187 planned_ane_groups=0 planned_ane_refs=0 planned_gpu_groups=187 planned_gpu_refs=2154 tail_gpu_groups=0 tail_gpu_refs=0 planned_ssd_groups=187 est_gpu=14122.0 est_ane=0.0 est_idle=100.00% wall=229.061 ms actual_ane_groups=0 actual_ane_refs=0 actual_gpu_groups=187 actual_gpu_refs=2154 finishes=0 waits=0 overlap_gpu_groups=0
ds4: Flash-MoE prefill layer=23 tokens=359 unique=204 refs=2154 sync=10.896 ms plan=0.436 ms stage/compute=251.261 ms misses=204
ds4: Flash-MoE hybrid prefill layer=23 ane_groups=0 ane_refs=0 gpu_i8_groups=204 gpu_i8_refs=2154 fp32_groups=0 ane_min_refs=128 concurrent=1 ane_pipeline=1 async_ane=0 gpu_overlap=0 finishes=0 waits=0
ds4: Flash-MoE overlap plan layer=23 exec_groups=204 planned_ane_groups=0 planned_ane_refs=0 planned_gpu_groups=204 planned_gpu_refs=2154 tail_gpu_groups=0 tail_gpu_refs=0 planned_ssd_groups=204 est_gpu=15210.0 est_ane=0.0 est_idle=100.00% wall=251.081 ms actual_ane_groups=0 actual_ane_refs=0 actual_gpu_groups=204 actual_gpu_refs=2154 finishes=0 waits=0 overlap_gpu_groups=0
ds4: Flash-MoE prefill layer=24 tokens=359 unique=181 refs=2154 sync=24.910 ms plan=0.316 ms stage/compute=223.515 ms misses=181
ds4: Flash-MoE hybrid prefill layer=24 ane_groups=0 ane_refs=0 gpu_i8_groups=181 gpu_i8_refs=2154 fp32_groups=0 ane_min_refs=128 concurrent=1 ane_pipeline=1 async_ane=0 gpu_overlap=0 finishes=0 waits=0
ds4: Flash-MoE overlap plan layer=24 exec_groups=181 planned_ane_groups=0 planned_ane_refs=0 planned_gpu_groups=181 planned_gpu_refs=2154 tail_gpu_groups=0 tail_gpu_refs=0 planned_ssd_groups=181 est_gpu=13738.0 est_ane=0.0 est_idle=100.00% wall=223.362 ms actual_ane_groups=0 actual_ane_refs=0 actual_gpu_groups=181 actual_gpu_refs=2154 finishes=0 waits=0 overlap_gpu_groups=0
ds4: Flash-MoE prefill layer=25 tokens=359 unique=204 refs=2154 sync=10.815 ms plan=0.323 ms stage/compute=249.430 ms misses=204
ds4: Flash-MoE hybrid prefill layer=25 ane_groups=0 ane_refs=0 gpu_i8_groups=204 gpu_i8_refs=2154 fp32_groups=0 ane_min_refs=128 concurrent=1 ane_pipeline=1 async_ane=0 gpu_overlap=0 finishes=0 waits=0
ds4: Flash-MoE overlap plan layer=25 exec_groups=204 planned_ane_groups=0 planned_ane_refs=0 planned_gpu_groups=204 planned_gpu_refs=2154 tail_gpu_groups=0 tail_gpu_refs=0 planned_ssd_groups=204 est_gpu=15210.0 est_ane=0.0 est_idle=100.00% wall=249.285 ms actual_ane_groups=0 actual_ane_refs=0 actual_gpu_groups=204 actual_gpu_refs=2154 finishes=0 waits=0 overlap_gpu_groups=0
ds4: Flash-MoE prefill layer=26 tokens=359 unique=175 refs=2154 sync=24.891 ms plan=0.375 ms stage/compute=220.799 ms misses=175
ds4: Flash-MoE hybrid prefill layer=26 ane_groups=0 ane_refs=0 gpu_i8_groups=175 gpu_i8_refs=2154 fp32_groups=0 ane_min_refs=128 concurrent=1 ane_pipeline=1 async_ane=0 gpu_overlap=0 finishes=0 waits=0
ds4: Flash-MoE overlap plan layer=26 exec_groups=175 planned_ane_groups=0 planned_ane_refs=0 planned_gpu_groups=175 planned_gpu_refs=2154 tail_gpu_groups=0 tail_gpu_refs=0 planned_ssd_groups=175 est_gpu=13354.0 est_ane=0.0 est_idle=100.00% wall=220.644 ms actual_ane_groups=0 actual_ane_refs=0 actual_gpu_groups=175 actual_gpu_refs=2154 finishes=0 waits=0 overlap_gpu_groups=0
ds4: Flash-MoE prefill layer=27 tokens=359 unique=201 refs=2154 sync=10.907 ms plan=0.322 ms stage/compute=252.506 ms misses=201
ds4: Flash-MoE hybrid prefill layer=27 ane_groups=0 ane_refs=0 gpu_i8_groups=201 gpu_i8_refs=2154 fp32_groups=0 ane_min_refs=128 concurrent=1 ane_pipeline=1 async_ane=0 gpu_overlap=0 finishes=0 waits=0
ds4: Flash-MoE overlap plan layer=27 exec_groups=201 planned_ane_groups=0 planned_ane_refs=0 planned_gpu_groups=201 planned_gpu_refs=2154 tail_gpu_groups=0 tail_gpu_refs=0 planned_ssd_groups=201 est_gpu=15018.0 est_ane=0.0 est_idle=100.00% wall=252.348 ms actual_ane_groups=0 actual_ane_refs=0 actual_gpu_groups=201 actual_gpu_refs=2154 finishes=0 waits=0 overlap_gpu_groups=0
ds4: Flash-MoE prefill layer=28 tokens=359 unique=187 refs=2154 sync=24.791 ms plan=0.379 ms stage/compute=237.459 ms misses=187
ds4: Flash-MoE hybrid prefill layer=28 ane_groups=0 ane_refs=0 gpu_i8_groups=187 gpu_i8_refs=2154 fp32_groups=0 ane_min_refs=128 concurrent=1 ane_pipeline=1 async_ane=0 gpu_overlap=0 finishes=0 waits=0
ds4: Flash-MoE overlap plan layer=28 exec_groups=187 planned_ane_groups=0 planned_ane_refs=0 planned_gpu_groups=187 planned_gpu_refs=2154 tail_gpu_groups=0 tail_gpu_refs=0 planned_ssd_groups=187 est_gpu=14122.0 est_ane=0.0 est_idle=100.00% wall=237.313 ms actual_ane_groups=0 actual_ane_refs=0 actual_gpu_groups=187 actual_gpu_refs=2154 finishes=0 waits=0 overlap_gpu_groups=0
ds4: Flash-MoE prefill layer=29 tokens=359 unique=190 refs=2154 sync=10.842 ms plan=0.329 ms stage/compute=244.130 ms misses=190
ds4: Flash-MoE hybrid prefill layer=29 ane_groups=0 ane_refs=0 gpu_i8_groups=190 gpu_i8_refs=2154 fp32_groups=0 ane_min_refs=128 concurrent=1 ane_pipeline=1 async_ane=0 gpu_overlap=0 finishes=0 waits=0
ds4: Flash-MoE overlap plan layer=29 exec_groups=190 planned_ane_groups=0 planned_ane_refs=0 planned_gpu_groups=190 planned_gpu_refs=2154 tail_gpu_groups=0 tail_gpu_refs=0 planned_ssd_groups=190 est_gpu=14314.0 est_ane=0.0 est_idle=100.00% wall=243.971 ms actual_ane_groups=0 actual_ane_refs=0 actual_gpu_groups=190 actual_gpu_refs=2154 finishes=0 waits=0 overlap_gpu_groups=0
ds4: Flash-MoE prefill layer=30 tokens=359 unique=189 refs=2154 sync=25.243 ms plan=0.301 ms stage/compute=240.325 ms misses=189
ds4: Flash-MoE hybrid prefill layer=30 ane_groups=0 ane_refs=0 gpu_i8_groups=189 gpu_i8_refs=2154 fp32_groups=0 ane_min_refs=128 concurrent=1 ane_pipeline=1 async_ane=0 gpu_overlap=0 finishes=0 waits=0
ds4: Flash-MoE overlap plan layer=30 exec_groups=189 planned_ane_groups=0 planned_ane_refs=0 planned_gpu_groups=189 planned_gpu_refs=2154 tail_gpu_groups=0 tail_gpu_refs=0 planned_ssd_groups=189 est_gpu=14250.0 est_ane=0.0 est_idle=100.00% wall=240.177 ms actual_ane_groups=0 actual_ane_refs=0 actual_gpu_groups=189 actual_gpu_refs=2154 finishes=0 waits=0 overlap_gpu_groups=0
ds4: Flash-MoE prefill layer=31 tokens=359 unique=190 refs=2154 sync=10.879 ms plan=0.364 ms stage/compute=233.694 ms misses=190
ds4: Flash-MoE hybrid prefill layer=31 ane_groups=0 ane_refs=0 gpu_i8_groups=190 gpu_i8_refs=2154 fp32_groups=0 ane_min_refs=128 concurrent=1 ane_pipeline=1 async_ane=0 gpu_overlap=0 finishes=0 waits=0
ds4: Flash-MoE overlap plan layer=31 exec_groups=190 planned_ane_groups=0 planned_ane_refs=0 planned_gpu_groups=190 planned_gpu_refs=2154 tail_gpu_groups=0 tail_gpu_refs=0 planned_ssd_groups=190 est_gpu=14314.0 est_ane=0.0 est_idle=100.00% wall=233.539 ms actual_ane_groups=0 actual_ane_refs=0 actual_gpu_groups=190 actual_gpu_refs=2154 finishes=0 waits=0 overlap_gpu_groups=0
ds4: Flash-MoE prefill layer=32 tokens=359 unique=184 refs=2154 sync=25.118 ms plan=0.368 ms stage/compute=236.647 ms misses=184
ds4: Flash-MoE hybrid prefill layer=32 ane_groups=0 ane_refs=0 gpu_i8_groups=184 gpu_i8_refs=2154 fp32_groups=0 ane_min_refs=128 concurrent=1 ane_pipeline=1 async_ane=0 gpu_overlap=0 finishes=0 waits=0
ds4: Flash-MoE overlap plan layer=32 exec_groups=184 planned_ane_groups=0 planned_ane_refs=0 planned_gpu_groups=184 planned_gpu_refs=2154 tail_gpu_groups=0 tail_gpu_refs=0 planned_ssd_groups=184 est_gpu=13930.0 est_ane=0.0 est_idle=100.00% wall=236.498 ms actual_ane_groups=0 actual_ane_refs=0 actual_gpu_groups=184 actual_gpu_refs=2154 finishes=0 waits=0 overlap_gpu_groups=0
ds4: Flash-MoE prefill layer=33 tokens=359 unique=180 refs=2154 sync=10.866 ms plan=0.349 ms stage/compute=231.626 ms misses=180
ds4: Flash-MoE hybrid prefill layer=33 ane_groups=0 ane_refs=0 gpu_i8_groups=180 gpu_i8_refs=2154 fp32_groups=0 ane_min_refs=128 concurrent=1 ane_pipeline=1 async_ane=0 gpu_overlap=0 finishes=0 waits=0
ds4: Flash-MoE overlap plan layer=33 exec_groups=180 planned_ane_groups=0 planned_ane_refs=0 planned_gpu_groups=180 planned_gpu_refs=2154 tail_gpu_groups=0 tail_gpu_refs=0 planned_ssd_groups=180 est_gpu=13674.0 est_ane=0.0 est_idle=100.00% wall=231.457 ms actual_ane_groups=0 actual_ane_refs=0 actual_gpu_groups=180 actual_gpu_refs=2154 finishes=0 waits=0 overlap_gpu_groups=0
ds4: Flash-MoE prefill layer=34 tokens=359 unique=173 refs=2154 sync=25.237 ms plan=0.359 ms stage/compute=218.166 ms misses=173
ds4: Flash-MoE hybrid prefill layer=34 ane_groups=0 ane_refs=0 gpu_i8_groups=173 gpu_i8_refs=2154 fp32_groups=0 ane_min_refs=128 concurrent=1 ane_pipeline=1 async_ane=0 gpu_overlap=0 finishes=0 waits=0
ds4: Flash-MoE overlap plan layer=34 exec_groups=173 planned_ane_groups=0 planned_ane_refs=0 planned_gpu_groups=173 planned_gpu_refs=2154 tail_gpu_groups=0 tail_gpu_refs=0 planned_ssd_groups=173 est_gpu=13226.0 est_ane=0.0 est_idle=100.00% wall=218.015 ms actual_ane_groups=0 actual_ane_refs=0 actual_gpu_groups=173 actual_gpu_refs=2154 finishes=0 waits=0 overlap_gpu_groups=0
ds4: Flash-MoE prefill layer=35 tokens=359 unique=189 refs=2154 sync=11.070 ms plan=0.353 ms stage/compute=239.064 ms misses=189
ds4: Flash-MoE hybrid prefill layer=35 ane_groups=0 ane_refs=0 gpu_i8_groups=189 gpu_i8_refs=2154 fp32_groups=0 ane_min_refs=128 concurrent=1 ane_pipeline=1 async_ane=0 gpu_overlap=0 finishes=0 waits=0
ds4: Flash-MoE overlap plan layer=35 exec_groups=189 planned_ane_groups=0 planned_ane_refs=0 planned_gpu_groups=189 planned_gpu_refs=2154 tail_gpu_groups=0 tail_gpu_refs=0 planned_ssd_groups=189 est_gpu=14250.0 est_ane=0.0 est_idle=100.00% wall=238.892 ms actual_ane_groups=0 actual_ane_refs=0 actual_gpu_groups=189 actual_gpu_refs=2154 finishes=0 waits=0 overlap_gpu_groups=0
ds4: Flash-MoE prefill layer=36 tokens=359 unique=182 refs=2154 sync=25.143 ms plan=0.301 ms stage/compute=241.905 ms misses=182
ds4: Flash-MoE hybrid prefill layer=36 ane_groups=0 ane_refs=0 gpu_i8_groups=182 gpu_i8_refs=2154 fp32_groups=0 ane_min_refs=128 concurrent=1 ane_pipeline=1 async_ane=0 gpu_overlap=0 finishes=0 waits=0
ds4: Flash-MoE overlap plan layer=36 exec_groups=182 planned_ane_groups=0 planned_ane_refs=0 planned_gpu_groups=182 planned_gpu_refs=2154 tail_gpu_groups=0 tail_gpu_refs=0 planned_ssd_groups=182 est_gpu=13802.0 est_ane=0.0 est_idle=100.00% wall=241.760 ms actual_ane_groups=0 actual_ane_refs=0 actual_gpu_groups=182 actual_gpu_refs=2154 finishes=0 waits=0 overlap_gpu_groups=0
ds4: Flash-MoE prefill layer=37 tokens=359 unique=184 refs=2154 sync=10.934 ms plan=0.354 ms stage/compute=242.643 ms misses=184
ds4: Flash-MoE hybrid prefill layer=37 ane_groups=0 ane_refs=0 gpu_i8_groups=184 gpu_i8_refs=2154 fp32_groups=0 ane_min_refs=128 concurrent=1 ane_pipeline=1 async_ane=0 gpu_overlap=0 finishes=0 waits=0
ds4: Flash-MoE overlap plan layer=37 exec_groups=184 planned_ane_groups=0 planned_ane_refs=0 planned_gpu_groups=184 planned_gpu_refs=2154 tail_gpu_groups=0 tail_gpu_refs=0 planned_ssd_groups=184 est_gpu=13930.0 est_ane=0.0 est_idle=100.00% wall=242.495 ms actual_ane_groups=0 actual_ane_refs=0 actual_gpu_groups=184 actual_gpu_refs=2154 finishes=0 waits=0 overlap_gpu_groups=0
ds4: Flash-MoE prefill layer=38 tokens=359 unique=197 refs=2154 sync=25.072 ms plan=0.288 ms stage/compute=262.990 ms misses=197
ds4: Flash-MoE hybrid prefill layer=38 ane_groups=0 ane_refs=0 gpu_i8_groups=197 gpu_i8_refs=2154 fp32_groups=0 ane_min_refs=128 concurrent=1 ane_pipeline=1 async_ane=0 gpu_overlap=0 finishes=0 waits=0
ds4: Flash-MoE overlap plan layer=38 exec_groups=197 planned_ane_groups=0 planned_ane_refs=0 planned_gpu_groups=197 planned_gpu_refs=2154 tail_gpu_groups=0 tail_gpu_refs=0 planned_ssd_groups=197 est_gpu=14762.0 est_ane=0.0 est_idle=100.00% wall=262.828 ms actual_ane_groups=0 actual_ane_refs=0 actual_gpu_groups=197 actual_gpu_refs=2154 finishes=0 waits=0 overlap_gpu_groups=0
ds4: Flash-MoE prefill layer=39 tokens=359 unique=192 refs=2154 sync=10.852 ms plan=0.345 ms stage/compute=276.327 ms misses=192
ds4: Flash-MoE hybrid prefill layer=39 ane_groups=0 ane_refs=0 gpu_i8_groups=192 gpu_i8_refs=2154 fp32_groups=0 ane_min_refs=128 concurrent=1 ane_pipeline=1 async_ane=0 gpu_overlap=0 finishes=0 waits=0
ds4: Flash-MoE overlap plan layer=39 exec_groups=192 planned_ane_groups=0 planned_ane_refs=0 planned_gpu_groups=192 planned_gpu_refs=2154 tail_gpu_groups=0 tail_gpu_refs=0 planned_ssd_groups=192 est_gpu=14442.0 est_ane=0.0 est_idle=100.00% wall=276.153 ms actual_ane_groups=0 actual_ane_refs=0 actual_gpu_groups=192 actual_gpu_refs=2154 finishes=0 waits=0 overlap_gpu_groups=0
ds4: Flash-MoE prefill layer=40 tokens=359 unique=152 refs=2154 sync=25.172 ms plan=0.296 ms stage/compute=215.925 ms misses=152
ds4: Flash-MoE hybrid prefill layer=40 ane_groups=0 ane_refs=0 gpu_i8_groups=152 gpu_i8_refs=2154 fp32_groups=0 ane_min_refs=128 concurrent=1 ane_pipeline=1 async_ane=0 gpu_overlap=0 finishes=0 waits=0
ds4: Flash-MoE overlap plan layer=40 exec_groups=152 planned_ane_groups=0 planned_ane_refs=0 planned_gpu_groups=152 planned_gpu_refs=2154 tail_gpu_groups=0 tail_gpu_refs=0 planned_ssd_groups=152 est_gpu=11882.0 est_ane=0.0 est_idle=100.00% wall=215.788 ms actual_ane_groups=0 actual_ane_refs=0 actual_gpu_groups=152 actual_gpu_refs=2154 finishes=0 waits=0 overlap_gpu_groups=0
ds4: Flash-MoE prefill layer=41 tokens=359 unique=162 refs=2154 sync=10.877 ms plan=0.318 ms stage/compute=230.609 ms misses=162
ds4: Flash-MoE hybrid prefill layer=41 ane_groups=0 ane_refs=0 gpu_i8_groups=162 gpu_i8_refs=2154 fp32_groups=0 ane_min_refs=128 concurrent=1 ane_pipeline=1 async_ane=0 gpu_overlap=0 finishes=0 waits=0
ds4: Flash-MoE overlap plan layer=41 exec_groups=162 planned_ane_groups=0 planned_ane_refs=0 planned_gpu_groups=162 planned_gpu_refs=2154 tail_gpu_groups=0 tail_gpu_refs=0 planned_ssd_groups=162 est_gpu=12522.0 est_ane=0.0 est_idle=100.00% wall=230.466 ms actual_ane_groups=0 actual_ane_refs=0 actual_gpu_groups=162 actual_gpu_refs=2154 finishes=0 waits=0 overlap_gpu_groups=0
ds4: Flash-MoE prefill layer=42 tokens=359 unique=175 refs=2154 sync=25.123 ms plan=0.362 ms stage/compute=244.340 ms misses=175
ds4: Flash-MoE hybrid prefill layer=42 ane_groups=0 ane_refs=0 gpu_i8_groups=175 gpu_i8_refs=2154 fp32_groups=0 ane_min_refs=128 concurrent=1 ane_pipeline=1 async_ane=0 gpu_overlap=0 finishes=0 waits=0
ds4: Flash-MoE overlap plan layer=42 exec_groups=175 planned_ane_groups=0 planned_ane_refs=0 planned_gpu_groups=175 planned_gpu_refs=2154 tail_gpu_groups=0 tail_gpu_refs=0 planned_ssd_groups=175 est_gpu=13354.0 est_ane=0.0 est_idle=100.00% wall=244.178 ms actual_ane_groups=0 actual_ane_refs=0 actual_gpu_groups=175 actual_gpu_refs=2154 finishes=0 waits=0 overlap_gpu_groups=0
processing 8423 input tokens: 8423/8423 (100.0%) batch=28.49 t/s avg=183.79 t/s
ds4: Flash-MoE layer=0 sync=2.204 ms remap/install=5.509 ms misses=6
ds4: Flash-MoE layer=1 sync=6.752 ms remap/install=5.582 ms misses=6
ds4: Flash-MoE layer=2 sync=6.728 ms remap/install=5.254 ms misses=6
ds4: Flash-MoE layer=3 sync=5.591 ms remap/install=5.296 ms misses=6
ds4: Flash-MoE layer=4 sync=6.117 ms remap/install=5.345 ms misses=6
ds4: Flash-MoE layer=5 sync=5.547 ms remap/install=5.126 ms misses=6
ds4: Flash-MoE layer=6 sync=6.167 ms remap/install=5.265 ms misses=6
ds4: Flash-MoE layer=7 sync=5.738 ms remap/install=5.678 ms misses=6
ds4: Flash-MoE layer=8 sync=6.177 ms remap/install=5.747 ms misses=6
ds4: Flash-MoE layer=9 sync=5.657 ms remap/install=5.379 ms misses=6
ds4: Flash-MoE layer=10 sync=6.234 ms remap/install=5.787 ms misses=6
ds4: Flash-MoE layer=11 sync=5.842 ms remap/install=4.239 ms misses=6
ds4: Flash-MoE layer=12 sync=6.293 ms remap/install=4.125 ms misses=6
ds4: Flash-MoE layer=13 sync=5.563 ms remap/install=4.208 ms misses=6
ds4: Flash-MoE layer=14 sync=7.013 ms remap/install=4.438 ms misses=6
ds4: Flash-MoE layer=15 sync=6.117 ms remap/install=4.225 ms misses=6
ds4: Flash-MoE layer=16 sync=6.291 ms remap/install=4.279 ms misses=6
ds4: Flash-MoE layer=17 sync=5.771 ms remap/install=4.308 ms misses=6
ds4: Flash-MoE layer=18 sync=6.309 ms remap/install=4.060 ms misses=6
ds4: Flash-MoE layer=19 sync=5.615 ms remap/install=4.061 ms misses=6
ds4: Flash-MoE layer=20 sync=6.542 ms remap/install=3.987 ms misses=6
ds4: Flash-MoE layer=21 sync=5.615 ms remap/install=7.802 ms misses=6
ds4: Flash-MoE layer=22 sync=6.342 ms remap/install=4.002 ms misses=6
ds4: Flash-MoE layer=23 sync=5.643 ms remap/install=4.489 ms misses=6
ds4: Flash-MoE layer=24 sync=6.793 ms remap/install=3.954 ms misses=6
ds4: Flash-MoE layer=25 sync=6.164 ms remap/install=4.145 ms misses=6
ds4: Flash-MoE layer=26 sync=7.228 ms remap/install=4.547 ms misses=6
ds4: Flash-MoE layer=27 sync=6.184 ms remap/install=4.244 ms misses=6
ds4: Flash-MoE layer=28 sync=6.824 ms remap/install=4.522 ms misses=6
ds4: Flash-MoE layer=29 sync=5.965 ms remap/install=4.266 ms misses=6
ds4: Flash-MoE layer=30 sync=9.285 ms remap/install=4.374 ms misses=6
ds4: Flash-MoE layer=31 sync=7.836 ms remap/install=4.468 ms misses=6
ds4: Flash-MoE layer=32 sync=9.830 ms remap/install=7.871 ms misses=6
ds4: Flash-MoE layer=33 sync=7.393 ms remap/install=5.247 ms misses=6
ds4: Flash-MoE layer=34 sync=10.727 ms remap/install=4.472 ms misses=6
ds4: Flash-MoE layer=35 sync=6.505 ms remap/install=4.499 ms misses=6
ds4: Flash-MoE layer=36 sync=8.771 ms remap/install=4.751 ms misses=6
ds4: Flash-MoE layer=37 sync=7.226 ms remap/install=4.793 ms misses=6
ds4: Flash-MoE layer=38 sync=8.082 ms remap/install=4.834 ms misses=6
ds4: Flash-MoE layer=39 sync=8.608 ms remap/install=5.698 ms misses=6
ds4: Flash-MoE layer=40 sync=10.071 ms remap/install=5.151 ms misses=6
ds4: Flash-MoE layer=41 sync=7.514 ms remap/install=4.997 ms misses=6
ds4: Flash-MoE layer=42 sync=8.851 ms remap/install=4.409 ms misses=6
We
ds4: prefill: 183.79 t/s, generation: 1.94 t/s
ds4: Flash-MoE slot-bank stats hits=0 misses=19596 hit-rate=0.0% installed=132273.00 MiB
ds4: Flash-MoE prefill dedup refs=2173134 unique=18815 saved=2154319 (99.1%) reuse=115.50x
ds4: ANE prefill stats calls=774 ok=774 skipped_big_refs=0 compile_attempts=2 compile_failures=0 eval_calls=1006 eval_failures=0 write_failures=0 reopen_failures=0
ds4: ANE prefill timing dequant=8.420 ms input=0.275 ms ane_eval=3584.411 ms writeback=9.818 ms helper_avg=3.563033 ms ane_calls=1006 ane_call_avg=3.563033 ms
ds4: ANE prefill timing2 output_pack=1523.847 ms measured_total=5126.771 ms
ds4: ANE prefill chunks refs=394841 padded_refs=437248 pad_util=90.30% le16=1 le64=0 le128=5 full=433
ds4: ANE prefill batch_hist B256=304 refs=68247 util=87.7% B512=702 refs=326594 util=90.9%
