ds4: context buffers 7970.36 MiB (ctx=98192, backend=metal, prefill_chunk=32000, raw_kv_rows=8192, compressed_kv_rows=24550)
ds4: Flash-MoE sidecar loaded: /Users/anemll/Models/flash/dsv4-iq2xxs-expert-major (slot-bank=32, expert-record 6.75 MiB)
ds4: Metal device Apple M5 Max, 128.00 GiB RAM
ds4: Flash-MoE using mmap-backed dense/shared weights without full-model Metal residency warmup
ds4: Metal model views created in 0.296 ms, residency requested in 0.000 ms, warmup 0.000 ms (mapped 8393.67 MiB from offset 5.06 MiB)
ds4: Metal mapped mmaped model as 1 overlapping shared buffers
ds4: metal backend initialized for graph diagnostics
ds4: Flash-MoE slot banks allocated: layers=43 slots=32 gpu-bank=9288.00 MiB
ds4: Flash-MoE banked kernels using M5 simdgroup_matrix fast path (prefetch=3, banks=4)
ds4: ANE i8w-i8x-tiled-fused cached async prefill B=256 H=4096 I=2048 w_scale=0.00195312 x_scale=0.03125 mid_scale=0.03125
ds4: ANE i8w-i8x-tiled-fused cached async prefill B=512 H=4096 I=2048 w_scale=0.00195312 x_scale=0.03125 mid_scale=0.03125
processing 8423 input tokens: 0/8423 (0.0%) batch=0.00 t/s avg=0.00 t/s
ds4: Flash-MoE prefill layer=0 tokens=8064 unique=256 refs=48384 sync=448.910 ms plan=0.955 ms stage/compute=380.429 ms misses=257
ds4: Flash-MoE hybrid prefill layer=0 ane_groups=21 ane_refs=5290 gpu_i8_groups=236 gpu_i8_refs=43094 fp32_groups=0 ane_min_refs=128 concurrent=1 ane_pipeline=1 async_ane=21 gpu_overlap=236 finishes=21 waits=42
ds4: Flash-MoE overlap plan layer=0 exec_groups=257 planned_ane_groups=21 planned_ane_refs=5290 planned_gpu_groups=236 planned_gpu_refs=43094 tail_gpu_groups=1 tail_gpu_refs=19 planned_ssd_groups=256 est_gpu=58198.0 est_ane=14530.9 est_idle=75.03% wall=373.114 ms actual_ane_groups=21 actual_ane_refs=5290 actual_gpu_groups=236 actual_gpu_refs=43094 finishes=21 waits=42 overlap_gpu_groups=236
ds4: Flash-MoE prefill layer=1 tokens=8064 unique=256 refs=48384 sync=168.225 ms plan=0.381 ms stage/compute=345.435 ms misses=258
ds4: Flash-MoE hybrid prefill layer=1 ane_groups=21 ane_refs=5472 gpu_i8_groups=237 gpu_i8_refs=42912 fp32_groups=0 ane_min_refs=128 concurrent=1 ane_pipeline=1 async_ane=21 gpu_overlap=237 finishes=21 waits=42
ds4: Flash-MoE overlap plan layer=1 exec_groups=258 planned_ane_groups=21 planned_ane_refs=5472 planned_gpu_groups=237 planned_gpu_refs=42912 tail_gpu_groups=2 tail_gpu_refs=8 planned_ssd_groups=256 est_gpu=58080.0 est_ane=14996.4 est_idle=74.18% wall=344.186 ms actual_ane_groups=21 actual_ane_refs=5472 actual_gpu_groups=237 actual_gpu_refs=42912 finishes=21 waits=42 overlap_gpu_groups=237
ds4: Flash-MoE prefill layer=2 tokens=8064 unique=256 refs=48384 sync=426.980 ms plan=0.399 ms stage/compute=351.925 ms misses=261
ds4: Flash-MoE hybrid prefill layer=2 ane_groups=21 ane_refs=5472 gpu_i8_groups=240 gpu_i8_refs=42912 fp32_groups=0 ane_min_refs=128 concurrent=1 ane_pipeline=1 async_ane=21 gpu_overlap=240 finishes=21 waits=42
ds4: Flash-MoE overlap plan layer=2 exec_groups=261 planned_ane_groups=21 planned_ane_refs=5472 planned_gpu_groups=240 planned_gpu_refs=42912 tail_gpu_groups=5 tail_gpu_refs=155 planned_ssd_groups=256 est_gpu=58272.0 est_ane=14530.9 est_idle=75.06% wall=350.751 ms actual_ane_groups=21 actual_ane_refs=5472 actual_gpu_groups=240 actual_gpu_refs=42912 finishes=21 waits=42 overlap_gpu_groups=240
ds4: Flash-MoE prefill layer=3 tokens=8064 unique=245 refs=48384 sync=186.274 ms plan=0.429 ms stage/compute=376.760 ms misses=254
ds4: Flash-MoE hybrid prefill layer=3 ane_groups=19 ane_refs=8116 gpu_i8_groups=235 gpu_i8_refs=40268 fp32_groups=0 ane_min_refs=128 concurrent=1 ane_pipeline=1 async_ane=19 gpu_overlap=235 finishes=19 waits=38
ds4: Flash-MoE overlap plan layer=3 exec_groups=254 planned_ane_groups=19 planned_ane_refs=8116 planned_gpu_groups=235 planned_gpu_refs=40268 tail_gpu_groups=9 tail_gpu_refs=789 planned_ssd_groups=245 est_gpu=55308.0 est_ane=18865.5 est_idle=65.89% wall=375.564 ms actual_ane_groups=19 actual_ane_refs=8116 actual_gpu_groups=235 actual_gpu_refs=40268 finishes=19 waits=38 overlap_gpu_groups=235
ds4: Flash-MoE prefill layer=4 tokens=8064 unique=241 refs=48384 sync=349.424 ms plan=0.364 ms stage/compute=382.186 ms misses=253
ds4: Flash-MoE hybrid prefill layer=4 ane_groups=18 ane_refs=9434 gpu_i8_groups=235 gpu_i8_refs=38950 fp32_groups=0 ane_min_refs=128 concurrent=1 ane_pipeline=1 async_ane=18 gpu_overlap=235 finishes=18 waits=36
ds4: Flash-MoE overlap plan layer=4 exec_groups=253 planned_ane_groups=18 planned_ane_refs=9434 planned_gpu_groups=235 planned_gpu_refs=38950 tail_gpu_groups=12 tail_gpu_refs=769 planned_ssd_groups=241 est_gpu=53990.0 est_ane=21963.6 est_idle=59.32% wall=380.896 ms actual_ane_groups=18 actual_ane_refs=9434 actual_gpu_groups=235 actual_gpu_refs=38950 finishes=18 waits=36 overlap_gpu_groups=235
ds4: Flash-MoE prefill layer=5 tokens=8064 unique=250 refs=48384 sync=185.892 ms plan=0.365 ms stage/compute=377.463 ms misses=258
ds4: Flash-MoE hybrid prefill layer=5 ane_groups=19 ane_refs=8435 gpu_i8_groups=239 gpu_i8_refs=39949 fp32_groups=0 ane_min_refs=128 concurrent=1 ane_pipeline=1 async_ane=19 gpu_overlap=239 finishes=19 waits=38
ds4: Flash-MoE overlap plan layer=5 exec_groups=258 planned_ane_groups=19 planned_ane_refs=8435 planned_gpu_groups=239 planned_gpu_refs=39949 tail_gpu_groups=8 tail_gpu_refs=942 planned_ssd_groups=250 est_gpu=55245.0 est_ane=21192.7 est_idle=61.64% wall=376.297 ms actual_ane_groups=19 actual_ane_refs=8435 actual_gpu_groups=239 actual_gpu_refs=39949 finishes=19 waits=38 overlap_gpu_groups=239
ds4: Flash-MoE prefill layer=6 tokens=8064 unique=246 refs=48384 sync=354.117 ms plan=0.365 ms stage/compute=380.414 ms misses=256
ds4: Flash-MoE hybrid prefill layer=6 ane_groups=21 ane_refs=9146 gpu_i8_groups=235 gpu_i8_refs=39238 fp32_groups=0 ane_min_refs=128 concurrent=1 ane_pipeline=1 async_ane=21 gpu_overlap=235 finishes=21 waits=42
ds4: Flash-MoE overlap plan layer=6 exec_groups=256 planned_ane_groups=21 planned_ane_refs=9146 planned_gpu_groups=235 planned_gpu_refs=39238 tail_gpu_groups=10 tail_gpu_refs=702 planned_ssd_groups=246 est_gpu=54278.0 est_ane=21978.2 est_idle=59.51% wall=379.232 ms actual_ane_groups=21 actual_ane_refs=9146 actual_gpu_groups=235 actual_gpu_refs=39238 finishes=21 waits=42 overlap_gpu_groups=235
ds4: Flash-MoE prefill layer=7 tokens=8064 unique=251 refs=48384 sync=184.948 ms plan=0.336 ms stage/compute=399.210 ms misses=260
ds4: Flash-MoE hybrid prefill layer=7 ane_groups=16 ane_refs=9960 gpu_i8_groups=244 gpu_i8_refs=38424 fp32_groups=0 ane_min_refs=128 concurrent=1 ane_pipeline=1 async_ane=16 gpu_overlap=244 finishes=16 waits=32
ds4: Flash-MoE overlap plan layer=7 exec_groups=260 planned_ane_groups=16 planned_ane_refs=9960 planned_gpu_groups=244 planned_gpu_refs=38424 tail_gpu_groups=9 tail_gpu_refs=852 planned_ssd_groups=251 est_gpu=54040.0 est_ane=22574.5 est_idle=58.23% wall=398.065 ms actual_ane_groups=16 actual_ane_refs=9960 actual_gpu_groups=244 actual_gpu_refs=38424 finishes=16 waits=32 overlap_gpu_groups=244
ds4: Flash-MoE prefill layer=8 tokens=8064 unique=241 refs=48384 sync=354.462 ms plan=0.375 ms stage/compute=382.242 ms misses=249
ds4: Flash-MoE hybrid prefill layer=8 ane_groups=16 ane_refs=9265 gpu_i8_groups=233 gpu_i8_refs=39119 fp32_groups=0 ane_min_refs=128 concurrent=1 ane_pipeline=1 async_ane=16 gpu_overlap=233 finishes=16 waits=32
ds4: Flash-MoE overlap plan layer=8 exec_groups=249 planned_ane_groups=16 planned_ane_refs=9265 planned_gpu_groups=233 planned_gpu_refs=39119 tail_gpu_groups=8 tail_gpu_refs=1025 planned_ssd_groups=241 est_gpu=54031.0 est_ane=21178.2 est_idle=60.80% wall=381.018 ms actual_ane_groups=16 actual_ane_refs=9265 actual_gpu_groups=233 actual_gpu_refs=39119 finishes=16 waits=32 overlap_gpu_groups=233
ds4: Flash-MoE prefill layer=9 tokens=8064 unique=251 refs=48384 sync=185.916 ms plan=0.344 ms stage/compute=381.496 ms misses=264
ds4: Flash-MoE hybrid prefill layer=9 ane_groups=19 ane_refs=8538 gpu_i8_groups=245 gpu_i8_refs=39846 fp32_groups=0 ane_min_refs=128 concurrent=1 ane_pipeline=1 async_ane=19 gpu_overlap=245 finishes=19 waits=38
ds4: Flash-MoE overlap plan layer=9 exec_groups=264 planned_ane_groups=19 planned_ane_refs=8538 planned_gpu_groups=245 planned_gpu_refs=39846 tail_gpu_groups=13 tail_gpu_refs=1400 planned_ssd_groups=251 est_gpu=55526.0 est_ane=20261.8 est_idle=63.51% wall=380.362 ms actual_ane_groups=19 actual_ane_refs=8538 actual_gpu_groups=245 actual_gpu_refs=39846 finishes=19 waits=38 overlap_gpu_groups=245
ds4: Flash-MoE prefill layer=10 tokens=8064 unique=247 refs=48384 sync=381.620 ms plan=0.359 ms stage/compute=386.753 ms misses=257
ds4: Flash-MoE hybrid prefill layer=10 ane_groups=18 ane_refs=8639 gpu_i8_groups=239 gpu_i8_refs=39745 fp32_groups=0 ane_min_refs=128 concurrent=1 ane_pipeline=1 async_ane=18 gpu_overlap=239 finishes=18 waits=36
ds4: Flash-MoE overlap plan layer=10 exec_groups=257 planned_ane_groups=18 planned_ane_refs=8639 planned_gpu_groups=239 planned_gpu_refs=39745 tail_gpu_groups=10 tail_gpu_refs=1454 planned_ssd_groups=247 est_gpu=55041.0 est_ane=20567.3 est_idle=62.63% wall=385.503 ms actual_ane_groups=18 actual_ane_refs=8639 actual_gpu_groups=239 actual_gpu_refs=39745 finishes=18 waits=36 overlap_gpu_groups=239
ds4: Flash-MoE prefill layer=11 tokens=8064 unique=251 refs=48384 sync=186.596 ms plan=0.388 ms stage/compute=399.352 ms misses=265
ds4: Flash-MoE hybrid prefill layer=11 ane_groups=16 ane_refs=8833 gpu_i8_groups=249 gpu_i8_refs=39551 fp32_groups=0 ane_min_refs=128 concurrent=1 ane_pipeline=1 async_ane=16 gpu_overlap=249 finishes=16 waits=32
ds4: Flash-MoE overlap plan layer=11 exec_groups=265 planned_ane_groups=16 planned_ane_refs=8833 planned_gpu_groups=249 planned_gpu_refs=39551 tail_gpu_groups=14 tail_gpu_refs=1458 planned_ssd_groups=251 est_gpu=55487.0 est_ane=20247.3 est_idle=63.51% wall=398.112 ms actual_ane_groups=16 actual_ane_refs=8833 actual_gpu_groups=249 actual_gpu_refs=39551 finishes=16 waits=32 overlap_gpu_groups=249
ds4: Flash-MoE prefill layer=12 tokens=8064 unique=236 refs=48384 sync=357.618 ms plan=0.348 ms stage/compute=389.968 ms misses=250
ds4: Flash-MoE hybrid prefill layer=12 ane_groups=20 ane_refs=10335 gpu_i8_groups=230 gpu_i8_refs=38049 fp32_groups=0 ane_min_refs=128 concurrent=1 ane_pipeline=1 async_ane=20 gpu_overlap=230 finishes=20 waits=40
ds4: Flash-MoE overlap plan layer=12 exec_groups=250 planned_ane_groups=20 planned_ane_refs=10335 planned_gpu_groups=230 planned_gpu_refs=38049 tail_gpu_groups=14 tail_gpu_refs=1479 planned_ssd_groups=236 est_gpu=52769.0 est_ane=23680.0 est_idle=55.13% wall=388.739 ms actual_ane_groups=20 actual_ane_refs=10335 actual_gpu_groups=230 actual_gpu_refs=38049 finishes=20 waits=40 overlap_gpu_groups=230
ds4: Flash-MoE prefill layer=13 tokens=8064 unique=245 refs=48384 sync=186.998 ms plan=0.435 ms stage/compute=396.019 ms misses=254
ds4: Flash-MoE hybrid prefill layer=13 ane_groups=15 ane_refs=9544 gpu_i8_groups=239 gpu_i8_refs=38840 fp32_groups=0 ane_min_refs=128 concurrent=1 ane_pipeline=1 async_ane=15 gpu_overlap=239 finishes=15 waits=30
ds4: Flash-MoE overlap plan layer=13 exec_groups=254 planned_ane_groups=15 planned_ane_refs=9544 planned_gpu_groups=239 planned_gpu_refs=38840 tail_gpu_groups=9 tail_gpu_refs=893 planned_ssd_groups=245 est_gpu=54136.0 est_ane=22414.5 est_idle=58.60% wall=394.712 ms actual_ane_groups=15 actual_ane_refs=9544 actual_gpu_groups=239 actual_gpu_refs=38840 finishes=15 waits=30 overlap_gpu_groups=239
ds4: Flash-MoE prefill layer=14 tokens=8064 unique=240 refs=48384 sync=360.558 ms plan=0.391 ms stage/compute=385.340 ms misses=251
ds4: Flash-MoE hybrid prefill layer=14 ane_groups=16 ane_refs=9973 gpu_i8_groups=235 gpu_i8_refs=38411 fp32_groups=0 ane_min_refs=128 concurrent=1 ane_pipeline=1 async_ane=16 gpu_overlap=235 finishes=16 waits=32
ds4: Flash-MoE overlap plan layer=14 exec_groups=251 planned_ane_groups=16 planned_ane_refs=9973 planned_gpu_groups=235 planned_gpu_refs=38411 tail_gpu_groups=11 tail_gpu_refs=1322 planned_ssd_groups=240 est_gpu=53451.0 est_ane=22109.1 est_idle=58.64% wall=384.186 ms actual_ane_groups=16 actual_ane_refs=9973 actual_gpu_groups=235 actual_gpu_refs=38411 finishes=16 waits=32 overlap_gpu_groups=235
ds4: Flash-MoE prefill layer=15 tokens=8064 unique=243 refs=48384 sync=187.484 ms plan=0.479 ms stage/compute=400.327 ms misses=256
ds4: Flash-MoE hybrid prefill layer=15 ane_groups=18 ane_refs=10266 gpu_i8_groups=238 gpu_i8_refs=38118 fp32_groups=0 ane_min_refs=128 concurrent=1 ane_pipeline=1 async_ane=18 gpu_overlap=238 finishes=18 waits=36
ds4: Flash-MoE overlap plan layer=15 exec_groups=256 planned_ane_groups=18 planned_ane_refs=10266 planned_gpu_groups=238 planned_gpu_refs=38118 tail_gpu_groups=13 tail_gpu_refs=1574 planned_ssd_groups=243 est_gpu=53350.0 est_ane=23825.5 est_idle=55.34% wall=399.162 ms actual_ane_groups=18 actual_ane_refs=10266 actual_gpu_groups=238 actual_gpu_refs=38118 finishes=18 waits=36 overlap_gpu_groups=238
ds4: Flash-MoE prefill layer=16 tokens=8064 unique=240 refs=48384 sync=363.368 ms plan=0.335 ms stage/compute=400.323 ms misses=255
ds4: Flash-MoE hybrid prefill layer=16 ane_groups=18 ane_refs=9903 gpu_i8_groups=237 gpu_i8_refs=38481 fp32_groups=0 ane_min_refs=128 concurrent=1 ane_pipeline=1 async_ane=18 gpu_overlap=237 finishes=18 waits=36
ds4: Flash-MoE overlap plan layer=16 exec_groups=255 planned_ane_groups=18 planned_ane_refs=9903 planned_gpu_groups=237 planned_gpu_refs=38481 tail_gpu_groups=15 tail_gpu_refs=1170 planned_ssd_groups=240 est_gpu=53649.0 est_ane=23360.0 est_idle=56.46% wall=399.068 ms actual_ane_groups=18 actual_ane_refs=9903 actual_gpu_groups=237 actual_gpu_refs=38481 finishes=18 waits=36 overlap_gpu_groups=237
ds4: Flash-MoE prefill layer=17 tokens=8064 unique=240 refs=48384 sync=188.704 ms plan=0.384 ms stage/compute=387.740 ms misses=251
ds4: Flash-MoE hybrid prefill layer=17 ane_groups=18 ane_refs=9862 gpu_i8_groups=233 gpu_i8_refs=38522 fp32_groups=0 ane_min_refs=128 concurrent=1 ane_pipeline=1 async_ane=18 gpu_overlap=233 finishes=18 waits=36
ds4: Flash-MoE overlap plan layer=17 exec_groups=251 planned_ane_groups=18 planned_ane_refs=9862 planned_gpu_groups=233 planned_gpu_refs=38522 tail_gpu_groups=11 tail_gpu_refs=1031 planned_ssd_groups=240 est_gpu=53434.0 est_ane=22894.5 est_idle=57.15% wall=386.502 ms actual_ane_groups=18 actual_ane_refs=9862 actual_gpu_groups=233 actual_gpu_refs=38522 finishes=18 waits=36 overlap_gpu_groups=233
ds4: Flash-MoE prefill layer=18 tokens=8064 unique=240 refs=48384 sync=392.121 ms plan=0.348 ms stage/compute=407.831 ms misses=252
ds4: Flash-MoE hybrid prefill layer=18 ane_groups=15 ane_refs=10850 gpu_i8_groups=237 gpu_i8_refs=37534 fp32_groups=0 ane_min_refs=128 concurrent=1 ane_pipeline=1 async_ane=15 gpu_overlap=237 finishes=15 waits=30
ds4: Flash-MoE overlap plan layer=18 exec_groups=252 planned_ane_groups=15 planned_ane_refs=10850 planned_gpu_groups=237 planned_gpu_refs=37534 tail_gpu_groups=12 tail_gpu_refs=1359 planned_ssd_groups=240 est_gpu=52702.0 est_ane=23810.9 est_idle=54.82% wall=406.600 ms actual_ane_groups=15 actual_ane_refs=10850 actual_gpu_groups=237 actual_gpu_refs=37534 finishes=15 waits=30 overlap_gpu_groups=237
ds4: Flash-MoE prefill layer=19 tokens=8064 unique=244 refs=48384 sync=188.533 ms plan=0.373 ms stage/compute=376.114 ms misses=257
ds4: Flash-MoE hybrid prefill layer=19 ane_groups=19 ane_refs=8320 gpu_i8_groups=238 gpu_i8_refs=40064 fp32_groups=0 ane_min_refs=128 concurrent=1 ane_pipeline=1 async_ane=19 gpu_overlap=238 finishes=19 waits=38
ds4: Flash-MoE overlap plan layer=19 exec_groups=257 planned_ane_groups=19 planned_ane_refs=8320 planned_gpu_groups=238 planned_gpu_refs=40064 tail_gpu_groups=13 tail_gpu_refs=1300 planned_ssd_groups=244 est_gpu=55296.0 est_ane=19796.4 est_idle=64.20% wall=374.889 ms actual_ane_groups=19 actual_ane_refs=8320 actual_gpu_groups=238 actual_gpu_refs=40064 finishes=19 waits=38 overlap_gpu_groups=238
ds4: Flash-MoE prefill layer=20 tokens=8064 unique=238 refs=48384 sync=365.041 ms plan=0.395 ms stage/compute=402.668 ms misses=256
ds4: Flash-MoE hybrid prefill layer=20 ane_groups=17 ane_refs=10329 gpu_i8_groups=239 gpu_i8_refs=38055 fp32_groups=0 ane_min_refs=128 concurrent=1 ane_pipeline=1 async_ane=17 gpu_overlap=239 finishes=17 waits=34
ds4: Flash-MoE overlap plan layer=20 exec_groups=256 planned_ane_groups=17 planned_ane_refs=10329 planned_gpu_groups=239 planned_gpu_refs=38055 tail_gpu_groups=18 tail_gpu_refs=1854 planned_ssd_groups=238 est_gpu=53351.0 est_ane=23665.5 est_idle=55.64% wall=401.513 ms actual_ane_groups=17 actual_ane_refs=10329 actual_gpu_groups=239 actual_gpu_refs=38055 finishes=17 waits=34 overlap_gpu_groups=239
ds4: Flash-MoE prefill layer=21 tokens=8064 unique=244 refs=48384 sync=189.672 ms plan=0.369 ms stage/compute=392.333 ms misses=258
ds4: Flash-MoE hybrid prefill layer=21 ane_groups=18 ane_refs=8971 gpu_i8_groups=240 gpu_i8_refs=39413 fp32_groups=0 ane_min_refs=128 concurrent=1 ane_pipeline=1 async_ane=18 gpu_overlap=240 finishes=18 waits=36
ds4: Flash-MoE overlap plan layer=21 exec_groups=258 planned_ane_groups=18 planned_ane_refs=8971 planned_gpu_groups=240 planned_gpu_refs=39413 tail_gpu_groups=14 tail_gpu_refs=1868 planned_ssd_groups=244 est_gpu=54773.0 est_ane=21032.7 est_idle=61.60% wall=391.066 ms actual_ane_groups=18 actual_ane_refs=8971 actual_gpu_groups=240 actual_gpu_refs=39413 finishes=18 waits=36 overlap_gpu_groups=240
ds4: Flash-MoE prefill layer=22 tokens=8064 unique=247 refs=48384 sync=365.972 ms plan=0.414 ms stage/compute=393.265 ms misses=260
ds4: Flash-MoE hybrid prefill layer=22 ane_groups=19 ane_refs=10097 gpu_i8_groups=241 gpu_i8_refs=38287 fp32_groups=0 ane_min_refs=128 concurrent=1 ane_pipeline=1 async_ane=19 gpu_overlap=241 finishes=19 waits=38
ds4: Flash-MoE overlap plan layer=22 exec_groups=260 planned_ane_groups=19 planned_ane_refs=10097 planned_gpu_groups=241 planned_gpu_refs=38287 tail_gpu_groups=13 tail_gpu_refs=1267 planned_ssd_groups=247 est_gpu=53711.0 est_ane=23520.0 est_idle=56.21% wall=392.050 ms actual_ane_groups=19 actual_ane_refs=10097 actual_gpu_groups=241 actual_gpu_refs=38287 finishes=19 waits=38 overlap_gpu_groups=241
ds4: Flash-MoE prefill layer=23 tokens=8064 unique=243 refs=48384 sync=189.794 ms plan=0.464 ms stage/compute=369.236 ms misses=256
ds4: Flash-MoE hybrid prefill layer=23 ane_groups=20 ane_refs=8614 gpu_i8_groups=236 gpu_i8_refs=39770 fp32_groups=0 ane_min_refs=128 concurrent=1 ane_pipeline=1 async_ane=20 gpu_overlap=236 finishes=20 waits=40
ds4: Flash-MoE overlap plan layer=23 exec_groups=256 planned_ane_groups=20 planned_ane_refs=8614 planned_gpu_groups=236 planned_gpu_refs=39770 tail_gpu_groups=13 tail_gpu_refs=1384 planned_ssd_groups=243 est_gpu=54874.0 est_ane=20887.3 est_idle=61.94% wall=368.007 ms actual_ane_groups=20 actual_ane_refs=8614 actual_gpu_groups=236 actual_gpu_refs=39770 finishes=20 waits=40 overlap_gpu_groups=236
ds4: Flash-MoE prefill layer=24 tokens=8064 unique=237 refs=48384 sync=369.414 ms plan=0.375 ms stage/compute=376.920 ms misses=253
ds4: Flash-MoE hybrid prefill layer=24 ane_groups=16 ane_refs=8788 gpu_i8_groups=237 gpu_i8_refs=39596 fp32_groups=0 ane_min_refs=128 concurrent=1 ane_pipeline=1 async_ane=16 gpu_overlap=237 finishes=16 waits=32
ds4: Flash-MoE overlap plan layer=24 exec_groups=253 planned_ane_groups=16 planned_ane_refs=8788 planned_gpu_groups=237 planned_gpu_refs=39596 tail_gpu_groups=16 tail_gpu_refs=1306 planned_ssd_groups=237 est_gpu=54764.0 est_ane=21178.2 est_idle=61.33% wall=375.678 ms actual_ane_groups=16 actual_ane_refs=8788 actual_gpu_groups=237 actual_gpu_refs=39596 finishes=16 waits=32 overlap_gpu_groups=237
ds4: Flash-MoE prefill layer=25 tokens=8064 unique=246 refs=48384 sync=190.440 ms plan=0.391 ms stage/compute=374.651 ms misses=262
ds4: Flash-MoE hybrid prefill layer=25 ane_groups=21 ane_refs=9432 gpu_i8_groups=241 gpu_i8_refs=38952 fp32_groups=0 ane_min_refs=128 concurrent=1 ane_pipeline=1 async_ane=21 gpu_overlap=241 finishes=21 waits=42
ds4: Flash-MoE overlap plan layer=25 exec_groups=262 planned_ane_groups=21 planned_ane_refs=9432 planned_gpu_groups=241 planned_gpu_refs=38952 tail_gpu_groups=16 tail_gpu_refs=1587 planned_ssd_groups=246 est_gpu=54376.0 est_ane=21978.2 est_idle=59.58% wall=373.390 ms actual_ane_groups=21 actual_ane_refs=9432 actual_gpu_groups=241 actual_gpu_refs=38952 finishes=21 waits=42 overlap_gpu_groups=241
ds4: Flash-MoE prefill layer=26 tokens=8064 unique=237 refs=48384 sync=398.856 ms plan=0.424 ms stage/compute=380.385 ms misses=248
ds4: Flash-MoE hybrid prefill layer=26 ane_groups=18 ane_refs=10721 gpu_i8_groups=230 gpu_i8_refs=37663 fp32_groups=0 ane_min_refs=128 concurrent=1 ane_pipeline=1 async_ane=18 gpu_overlap=230 finishes=18 waits=36
ds4: Flash-MoE overlap plan layer=26 exec_groups=248 planned_ane_groups=18 planned_ane_refs=10721 planned_gpu_groups=230 planned_gpu_refs=37663 tail_gpu_groups=11 tail_gpu_refs=762 planned_ssd_groups=237 est_gpu=52383.0 est_ane=24290.9 est_idle=53.63% wall=379.219 ms actual_ane_groups=18 actual_ane_refs=10721 actual_gpu_groups=230 actual_gpu_refs=37663 finishes=18 waits=36 overlap_gpu_groups=230
ds4: Flash-MoE prefill layer=27 tokens=8064 unique=246 refs=48384 sync=191.665 ms plan=0.477 ms stage/compute=380.476 ms misses=257
ds4: Flash-MoE hybrid prefill layer=27 ane_groups=19 ane_refs=8914 gpu_i8_groups=238 gpu_i8_refs=39470 fp32_groups=0 ane_min_refs=128 concurrent=1 ane_pipeline=1 async_ane=19 gpu_overlap=238 finishes=19 waits=38
ds4: Flash-MoE overlap plan layer=27 exec_groups=257 planned_ane_groups=19 planned_ane_refs=8914 planned_gpu_groups=238 planned_gpu_refs=39470 tail_gpu_groups=11 tail_gpu_refs=1228 planned_ssd_groups=246 est_gpu=54702.0 est_ane=20727.3 est_idle=62.11% wall=377.715 ms actual_ane_groups=19 actual_ane_refs=8914 actual_gpu_groups=238 actual_gpu_refs=39470 finishes=19 waits=38 overlap_gpu_groups=238
ds4: Flash-MoE prefill layer=28 tokens=8064 unique=241 refs=48384 sync=366.713 ms plan=0.369 ms stage/compute=374.894 ms misses=253
ds4: Flash-MoE hybrid prefill layer=28 ane_groups=19 ane_refs=9157 gpu_i8_groups=234 gpu_i8_refs=39227 fp32_groups=0 ane_min_refs=128 concurrent=1 ane_pipeline=1 async_ane=19 gpu_overlap=234 finishes=19 waits=38
ds4: Flash-MoE overlap plan layer=28 exec_groups=253 planned_ane_groups=19 planned_ane_refs=9157 planned_gpu_groups=234 planned_gpu_refs=39227 tail_gpu_groups=12 tail_gpu_refs=1027 planned_ssd_groups=241 est_gpu=54203.0 est_ane=21658.2 est_idle=60.04% wall=373.640 ms actual_ane_groups=19 actual_ane_refs=9157 actual_gpu_groups=234 actual_gpu_refs=39227 finishes=19 waits=38 overlap_gpu_groups=234
ds4: Flash-MoE prefill layer=29 tokens=8064 unique=246 refs=48384 sync=189.823 ms plan=0.357 ms stage/compute=389.191 ms misses=260
ds4: Flash-MoE hybrid prefill layer=29 ane_groups=19 ane_refs=9389 gpu_i8_groups=241 gpu_i8_refs=38995 fp32_groups=0 ane_min_refs=128 concurrent=1 ane_pipeline=1 async_ane=19 gpu_overlap=241 finishes=19 waits=38
ds4: Flash-MoE overlap plan layer=29 exec_groups=260 planned_ane_groups=19 planned_ane_refs=9389 planned_gpu_groups=241 planned_gpu_refs=38995 tail_gpu_groups=14 tail_gpu_refs=1406 planned_ssd_groups=246 est_gpu=54419.0 est_ane=22123.6 est_idle=59.35% wall=387.962 ms actual_ane_groups=19 actual_ane_refs=9389 actual_gpu_groups=241 actual_gpu_refs=38995 finishes=19 waits=38 overlap_gpu_groups=241
ds4: Flash-MoE prefill layer=30 tokens=8064 unique=243 refs=48384 sync=369.292 ms plan=0.388 ms stage/compute=381.387 ms misses=262
ds4: Flash-MoE hybrid prefill layer=30 ane_groups=22 ane_refs=9809 gpu_i8_groups=240 gpu_i8_refs=38575 fp32_groups=0 ane_min_refs=128 concurrent=1 ane_pipeline=1 async_ane=22 gpu_overlap=240 finishes=22 waits=44
ds4: Flash-MoE overlap plan layer=30 exec_groups=262 planned_ane_groups=22 planned_ane_refs=9809 planned_gpu_groups=240 planned_gpu_refs=38575 tail_gpu_groups=19 tail_gpu_refs=1947 planned_ssd_groups=243 est_gpu=53935.0 est_ane=23069.1 est_idle=57.23% wall=380.160 ms actual_ane_groups=22 actual_ane_refs=9809 actual_gpu_groups=240 actual_gpu_refs=38575 finishes=22 waits=44 overlap_gpu_groups=240
ds4: Flash-MoE prefill layer=31 tokens=8064 unique=248 refs=48384 sync=190.480 ms plan=0.357 ms stage/compute=399.048 ms misses=263
ds4: Flash-MoE hybrid prefill layer=31 ane_groups=19 ane_refs=9671 gpu_i8_groups=244 gpu_i8_refs=38713 fp32_groups=0 ane_min_refs=128 concurrent=1 ane_pipeline=1 async_ane=19 gpu_overlap=244 finishes=19 waits=38
ds4: Flash-MoE overlap plan layer=31 exec_groups=263 planned_ane_groups=19 planned_ane_refs=9671 planned_gpu_groups=244 planned_gpu_refs=38713 tail_gpu_groups=15 tail_gpu_refs=1331 planned_ssd_groups=248 est_gpu=54329.0 est_ane=23054.5 est_idle=57.56% wall=397.907 ms actual_ane_groups=19 actual_ane_refs=9671 actual_gpu_groups=244 actual_gpu_refs=38713 finishes=19 waits=38 overlap_gpu_groups=244
ds4: Flash-MoE prefill layer=32 tokens=8064 unique=243 refs=48384 sync=366.294 ms plan=0.438 ms stage/compute=382.491 ms misses=255
ds4: Flash-MoE hybrid prefill layer=32 ane_groups=18 ane_refs=9184 gpu_i8_groups=237 gpu_i8_refs=39200 fp32_groups=0 ane_min_refs=128 concurrent=1 ane_pipeline=1 async_ane=18 gpu_overlap=237 finishes=18 waits=36
ds4: Flash-MoE overlap plan layer=32 exec_groups=255 planned_ane_groups=18 planned_ane_refs=9184 planned_gpu_groups=237 planned_gpu_refs=39200 tail_gpu_groups=12 tail_gpu_refs=1453 planned_ssd_groups=243 est_gpu=54368.0 est_ane=21498.2 est_idle=60.46% wall=381.229 ms actual_ane_groups=18 actual_ane_refs=9184 actual_gpu_groups=237 actual_gpu_refs=39200 finishes=18 waits=36 overlap_gpu_groups=237
ds4: Flash-MoE prefill layer=33 tokens=8064 unique=244 refs=48384 sync=191.697 ms plan=0.376 ms stage/compute=379.915 ms misses=256
ds4: Flash-MoE hybrid prefill layer=33 ane_groups=17 ane_refs=9456 gpu_i8_groups=239 gpu_i8_refs=38928 fp32_groups=0 ane_min_refs=128 concurrent=1 ane_pipeline=1 async_ane=17 gpu_overlap=239 finishes=17 waits=34
ds4: Flash-MoE overlap plan layer=33 exec_groups=256 planned_ane_groups=17 planned_ane_refs=9456 planned_gpu_groups=239 planned_gpu_refs=38928 tail_gpu_groups=12 tail_gpu_refs=1308 planned_ssd_groups=244 est_gpu=54224.0 est_ane=21338.2 est_idle=60.65% wall=378.704 ms actual_ane_groups=17 actual_ane_refs=9456 actual_gpu_groups=239 actual_gpu_refs=38928 finishes=17 waits=34 overlap_gpu_groups=239
ds4: Flash-MoE prefill layer=34 tokens=8064 unique=244 refs=48384 sync=396.581 ms plan=0.410 ms stage/compute=402.768 ms misses=258
ds4: Flash-MoE hybrid prefill layer=34 ane_groups=17 ane_refs=9750 gpu_i8_groups=241 gpu_i8_refs=38634 fp32_groups=0 ane_min_refs=128 concurrent=1 ane_pipeline=1 async_ane=17 gpu_overlap=241 finishes=17 waits=34
ds4: Flash-MoE overlap plan layer=34 exec_groups=258 planned_ane_groups=17 planned_ane_refs=9750 planned_gpu_groups=241 planned_gpu_refs=38634 tail_gpu_groups=14 tail_gpu_refs=1670 planned_ssd_groups=244 est_gpu=54058.0 est_ane=21803.6 est_idle=59.67% wall=401.507 ms actual_ane_groups=17 actual_ane_refs=9750 actual_gpu_groups=241 actual_gpu_refs=38634 finishes=17 waits=34 overlap_gpu_groups=241
ds4: Flash-MoE prefill layer=35 tokens=8064 unique=246 refs=48384 sync=189.426 ms plan=0.365 ms stage/compute=388.163 ms misses=255
ds4: Flash-MoE hybrid prefill layer=35 ane_groups=15 ane_refs=8708 gpu_i8_groups=240 gpu_i8_refs=39676 fp32_groups=0 ane_min_refs=128 concurrent=1 ane_pipeline=1 async_ane=15 gpu_overlap=240 finishes=15 waits=30
ds4: Flash-MoE overlap plan layer=35 exec_groups=255 planned_ane_groups=15 planned_ane_refs=8708 planned_gpu_groups=240 planned_gpu_refs=39676 tail_gpu_groups=9 tail_gpu_refs=1348 planned_ssd_groups=246 est_gpu=55036.0 est_ane=20087.3 est_idle=63.50% wall=386.937 ms actual_ane_groups=15 actual_ane_refs=8708 actual_gpu_groups=240 actual_gpu_refs=39676 finishes=15 waits=30 overlap_gpu_groups=240
ds4: Flash-MoE prefill layer=36 tokens=8064 unique=248 refs=48384 sync=381.327 ms plan=0.415 ms stage/compute=409.657 ms misses=261
ds4: Flash-MoE hybrid prefill layer=36 ane_groups=18 ane_refs=10811 gpu_i8_groups=243 gpu_i8_refs=37573 fp32_groups=0 ane_min_refs=128 concurrent=1 ane_pipeline=1 async_ane=18 gpu_overlap=243 finishes=18 waits=36
ds4: Flash-MoE overlap plan layer=36 exec_groups=261 planned_ane_groups=18 planned_ane_refs=10811 planned_gpu_groups=243 planned_gpu_refs=37573 tail_gpu_groups=13 tail_gpu_refs=867 planned_ssd_groups=248 est_gpu=53125.0 est_ane=24756.4 est_idle=53.40% wall=408.405 ms actual_ane_groups=18 actual_ane_refs=10811 actual_gpu_groups=243 actual_gpu_refs=37573 finishes=18 waits=36 overlap_gpu_groups=243
ds4: Flash-MoE prefill layer=37 tokens=8064 unique=248 refs=48384 sync=188.922 ms plan=0.360 ms stage/compute=414.788 ms misses=266
ds4: Flash-MoE hybrid prefill layer=37 ane_groups=17 ane_refs=10064 gpu_i8_groups=249 gpu_i8_refs=38320 fp32_groups=0 ane_min_refs=128 concurrent=1 ane_pipeline=1 async_ane=17 gpu_overlap=249 finishes=17 waits=34
ds4: Flash-MoE overlap plan layer=37 exec_groups=266 planned_ane_groups=17 planned_ane_refs=10064 planned_gpu_groups=249 planned_gpu_refs=38320 tail_gpu_groups=18 tail_gpu_refs=1397 planned_ssd_groups=248 est_gpu=54256.0 est_ane=22734.5 est_idle=58.10% wall=413.553 ms actual_ane_groups=17 actual_ane_refs=10064 actual_gpu_groups=249 actual_gpu_refs=38320 finishes=17 waits=34 overlap_gpu_groups=249
ds4: Flash-MoE prefill layer=38 tokens=8064 unique=245 refs=48384 sync=403.893 ms plan=0.354 ms stage/compute=422.862 ms misses=261
ds4: Flash-MoE hybrid prefill layer=38 ane_groups=18 ane_refs=9671 gpu_i8_groups=243 gpu_i8_refs=38713 fp32_groups=0 ane_min_refs=128 concurrent=1 ane_pipeline=1 async_ane=18 gpu_overlap=243 finishes=18 waits=36
ds4: Flash-MoE overlap plan layer=38 exec_groups=261 planned_ane_groups=18 planned_ane_refs=9671 planned_gpu_groups=243 planned_gpu_refs=38713 tail_gpu_groups=16 tail_gpu_refs=1399 planned_ssd_groups=245 est_gpu=54265.0 est_ane=21498.2 est_idle=60.38% wall=421.673 ms actual_ane_groups=18 actual_ane_refs=9671 actual_gpu_groups=243 actual_gpu_refs=38713 finishes=18 waits=36 overlap_gpu_groups=243
ds4: Flash-MoE prefill layer=39 tokens=8064 unique=253 refs=48384 sync=187.838 ms plan=0.401 ms stage/compute=455.263 ms misses=262
ds4: Flash-MoE hybrid prefill layer=39 ane_groups=17 ane_refs=9463 gpu_i8_groups=245 gpu_i8_refs=38921 fp32_groups=0 ane_min_refs=128 concurrent=1 ane_pipeline=1 async_ane=17 gpu_overlap=245 finishes=17 waits=34
ds4: Flash-MoE overlap plan layer=39 exec_groups=262 planned_ane_groups=17 planned_ane_refs=9463 planned_gpu_groups=245 planned_gpu_refs=38921 tail_gpu_groups=9 tail_gpu_refs=1070 planned_ssd_groups=253 est_gpu=54601.0 est_ane=21803.6 est_idle=60.07% wall=453.992 ms actual_ane_groups=17 actual_ane_refs=9463 actual_gpu_groups=245 actual_gpu_refs=38921 finishes=17 waits=34 overlap_gpu_groups=245
ds4: Flash-MoE prefill layer=40 tokens=8064 unique=231 refs=48384 sync=390.201 ms plan=0.412 ms stage/compute=459.925 ms misses=245
ds4: Flash-MoE hybrid prefill layer=40 ane_groups=18 ane_refs=11104 gpu_i8_groups=227 gpu_i8_refs=37280 fp32_groups=0 ane_min_refs=128 concurrent=1 ane_pipeline=1 async_ane=18 gpu_overlap=227 finishes=18 waits=36
ds4: Flash-MoE overlap plan layer=40 exec_groups=245 planned_ane_groups=18 planned_ane_refs=11104 planned_gpu_groups=227 planned_gpu_refs=37280 tail_gpu_groups=14 tail_gpu_refs=1091 planned_ssd_groups=231 est_gpu=51808.0 est_ane=25221.8 est_idle=51.32% wall=458.680 ms actual_ane_groups=18 actual_ane_refs=11104 actual_gpu_groups=227 actual_gpu_refs=37280 finishes=18 waits=36 overlap_gpu_groups=227
ds4: Flash-MoE prefill layer=41 tokens=8064 unique=233 refs=48384 sync=187.650 ms plan=0.343 ms stage/compute=463.853 ms misses=249
ds4: Flash-MoE hybrid prefill layer=41 ane_groups=20 ane_refs=10195 gpu_i8_groups=229 gpu_i8_refs=38189 fp32_groups=0 ane_min_refs=128 concurrent=1 ane_pipeline=1 async_ane=20 gpu_overlap=229 finishes=20 waits=40
ds4: Flash-MoE overlap plan layer=41 exec_groups=249 planned_ane_groups=20 planned_ane_refs=10195 planned_gpu_groups=229 planned_gpu_refs=38189 tail_gpu_groups=16 tail_gpu_refs=1193 planned_ssd_groups=233 est_gpu=52845.0 est_ane=23680.0 est_idle=55.19% wall=462.595 ms actual_ane_groups=20 actual_ane_refs=10195 actual_gpu_groups=229 actual_gpu_refs=38189 finishes=20 waits=40 overlap_gpu_groups=229
ds4: Flash-MoE prefill layer=42 tokens=8064 unique=237 refs=48384 sync=386.079 ms plan=0.365 ms stage/compute=456.513 ms misses=250
ds4: Flash-MoE hybrid prefill layer=42 ane_groups=20 ane_refs=9552 gpu_i8_groups=230 gpu_i8_refs=38832 fp32_groups=0 ane_min_refs=128 concurrent=1 ane_pipeline=1 async_ane=20 gpu_overlap=230 finishes=20 waits=40
ds4: Flash-MoE overlap plan layer=42 exec_groups=250 planned_ane_groups=20 planned_ane_refs=9552 planned_gpu_groups=230 planned_gpu_refs=38832 tail_gpu_groups=13 tail_gpu_refs=1036 planned_ssd_groups=237 est_gpu=53552.0 est_ane=22283.6 est_idle=58.39% wall=455.325 ms actual_ane_groups=20 actual_ane_refs=9552 actual_gpu_groups=230 actual_gpu_refs=38832 finishes=20 waits=40 overlap_gpu_groups=230
processing 8423 input tokens: 8064/8423 (95.7%) batch=254.69 t/s avg=248.13 t/s
ds4: Flash-MoE prefill layer=0 tokens=359 unique=255 refs=2154 sync=10.073 ms plan=0.378 ms stage/compute=431.296 ms misses=255
ds4: Flash-MoE hybrid prefill layer=0 ane_groups=0 ane_refs=0 gpu_i8_groups=255 gpu_i8_refs=2154 fp32_groups=0 ane_min_refs=128 concurrent=1 ane_pipeline=1 async_ane=0 gpu_overlap=0 finishes=0 waits=0
ds4: Flash-MoE overlap plan layer=0 exec_groups=255 planned_ane_groups=0 planned_ane_refs=0 planned_gpu_groups=255 planned_gpu_refs=2154 tail_gpu_groups=0 tail_gpu_refs=0 planned_ssd_groups=255 est_gpu=18474.0 est_ane=0.0 est_idle=100.00% wall=431.106 ms actual_ane_groups=0 actual_ane_refs=0 actual_gpu_groups=255 actual_gpu_refs=2154 finishes=0 waits=0 overlap_gpu_groups=0
ds4: Flash-MoE prefill layer=1 tokens=359 unique=256 refs=2154 sync=9.387 ms plan=0.374 ms stage/compute=434.471 ms misses=256
ds4: Flash-MoE hybrid prefill layer=1 ane_groups=0 ane_refs=0 gpu_i8_groups=256 gpu_i8_refs=2154 fp32_groups=0 ane_min_refs=128 concurrent=1 ane_pipeline=1 async_ane=0 gpu_overlap=0 finishes=0 waits=0
ds4: Flash-MoE overlap plan layer=1 exec_groups=256 planned_ane_groups=0 planned_ane_refs=0 planned_gpu_groups=256 planned_gpu_refs=2154 tail_gpu_groups=0 tail_gpu_refs=0 planned_ssd_groups=256 est_gpu=18538.0 est_ane=0.0 est_idle=100.00% wall=434.284 ms actual_ane_groups=0 actual_ane_refs=0 actual_gpu_groups=256 actual_gpu_refs=2154 finishes=0 waits=0 overlap_gpu_groups=0
ds4: Flash-MoE prefill layer=2 tokens=359 unique=255 refs=2154 sync=56.183 ms plan=0.306 ms stage/compute=429.042 ms misses=255
ds4: Flash-MoE hybrid prefill layer=2 ane_groups=0 ane_refs=0 gpu_i8_groups=255 gpu_i8_refs=2154 fp32_groups=0 ane_min_refs=128 concurrent=1 ane_pipeline=1 async_ane=0 gpu_overlap=0 finishes=0 waits=0
ds4: Flash-MoE overlap plan layer=2 exec_groups=255 planned_ane_groups=0 planned_ane_refs=0 planned_gpu_groups=255 planned_gpu_refs=2154 tail_gpu_groups=0 tail_gpu_refs=0 planned_ssd_groups=255 est_gpu=18474.0 est_ane=0.0 est_idle=100.00% wall=428.837 ms actual_ane_groups=0 actual_ane_refs=0 actual_gpu_groups=255 actual_gpu_refs=2154 finishes=0 waits=0 overlap_gpu_groups=0
ds4: Flash-MoE prefill layer=3 tokens=359 unique=214 refs=2154 sync=10.875 ms plan=0.285 ms stage/compute=360.167 ms misses=214
ds4: Flash-MoE hybrid prefill layer=3 ane_groups=0 ane_refs=0 gpu_i8_groups=214 gpu_i8_refs=2154 fp32_groups=0 ane_min_refs=128 concurrent=1 ane_pipeline=1 async_ane=0 gpu_overlap=0 finishes=0 waits=0
ds4: Flash-MoE overlap plan layer=3 exec_groups=214 planned_ane_groups=0 planned_ane_refs=0 planned_gpu_groups=214 planned_gpu_refs=2154 tail_gpu_groups=0 tail_gpu_refs=0 planned_ssd_groups=214 est_gpu=15850.0 est_ane=0.0 est_idle=100.00% wall=359.974 ms actual_ane_groups=0 actual_ane_refs=0 actual_gpu_groups=214 actual_gpu_refs=2154 finishes=0 waits=0 overlap_gpu_groups=0
ds4: Flash-MoE prefill layer=4 tokens=359 unique=203 refs=2154 sync=24.638 ms plan=0.315 ms stage/compute=360.266 ms misses=203
ds4: Flash-MoE hybrid prefill layer=4 ane_groups=0 ane_refs=0 gpu_i8_groups=203 gpu_i8_refs=2154 fp32_groups=0 ane_min_refs=128 concurrent=1 ane_pipeline=1 async_ane=0 gpu_overlap=0 finishes=0 waits=0
ds4: Flash-MoE overlap plan layer=4 exec_groups=203 planned_ane_groups=0 planned_ane_refs=0 planned_gpu_groups=203 planned_gpu_refs=2154 tail_gpu_groups=0 tail_gpu_refs=0 planned_ssd_groups=203 est_gpu=15146.0 est_ane=0.0 est_idle=100.00% wall=360.110 ms actual_ane_groups=0 actual_ane_refs=0 actual_gpu_groups=203 actual_gpu_refs=2154 finishes=0 waits=0 overlap_gpu_groups=0
ds4: Flash-MoE prefill layer=5 tokens=359 unique=216 refs=2154 sync=10.782 ms plan=0.313 ms stage/compute=369.305 ms misses=216
ds4: Flash-MoE hybrid prefill layer=5 ane_groups=0 ane_refs=0 gpu_i8_groups=216 gpu_i8_refs=2154 fp32_groups=0 ane_min_refs=128 concurrent=1 ane_pipeline=1 async_ane=0 gpu_overlap=0 finishes=0 waits=0
ds4: Flash-MoE overlap plan layer=5 exec_groups=216 planned_ane_groups=0 planned_ane_refs=0 planned_gpu_groups=216 planned_gpu_refs=2154 tail_gpu_groups=0 tail_gpu_refs=0 planned_ssd_groups=216 est_gpu=15978.0 est_ane=0.0 est_idle=100.00% wall=369.132 ms actual_ane_groups=0 actual_ane_refs=0 actual_gpu_groups=216 actual_gpu_refs=2154 finishes=0 waits=0 overlap_gpu_groups=0
ds4: Flash-MoE prefill layer=6 tokens=359 unique=199 refs=2154 sync=24.751 ms plan=0.324 ms stage/compute=338.385 ms misses=199
ds4: Flash-MoE hybrid prefill layer=6 ane_groups=0 ane_refs=0 gpu_i8_groups=199 gpu_i8_refs=2154 fp32_groups=0 ane_min_refs=128 concurrent=1 ane_pipeline=1 async_ane=0 gpu_overlap=0 finishes=0 waits=0
ds4: Flash-MoE overlap plan layer=6 exec_groups=199 planned_ane_groups=0 planned_ane_refs=0 planned_gpu_groups=199 planned_gpu_refs=2154 tail_gpu_groups=0 tail_gpu_refs=0 planned_ssd_groups=199 est_gpu=14890.0 est_ane=0.0 est_idle=100.00% wall=338.227 ms actual_ane_groups=0 actual_ane_refs=0 actual_gpu_groups=199 actual_gpu_refs=2154 finishes=0 waits=0 overlap_gpu_groups=0
ds4: Flash-MoE prefill layer=7 tokens=359 unique=196 refs=2154 sync=10.772 ms plan=0.314 ms stage/compute=330.286 ms misses=196
ds4: Flash-MoE hybrid prefill layer=7 ane_groups=0 ane_refs=0 gpu_i8_groups=196 gpu_i8_refs=2154 fp32_groups=0 ane_min_refs=128 concurrent=1 ane_pipeline=1 async_ane=0 gpu_overlap=0 finishes=0 waits=0
ds4: Flash-MoE overlap plan layer=7 exec_groups=196 planned_ane_groups=0 planned_ane_refs=0 planned_gpu_groups=196 planned_gpu_refs=2154 tail_gpu_groups=0 tail_gpu_refs=0 planned_ssd_groups=196 est_gpu=14698.0 est_ane=0.0 est_idle=100.00% wall=330.120 ms actual_ane_groups=0 actual_ane_refs=0 actual_gpu_groups=196 actual_gpu_refs=2154 finishes=0 waits=0 overlap_gpu_groups=0
ds4: Flash-MoE prefill layer=8 tokens=359 unique=205 refs=2154 sync=24.598 ms plan=0.303 ms stage/compute=342.861 ms misses=205
ds4: Flash-MoE hybrid prefill layer=8 ane_groups=0 ane_refs=0 gpu_i8_groups=205 gpu_i8_refs=2154 fp32_groups=0 ane_min_refs=128 concurrent=1 ane_pipeline=1 async_ane=0 gpu_overlap=0 finishes=0 waits=0
ds4: Flash-MoE overlap plan layer=8 exec_groups=205 planned_ane_groups=0 planned_ane_refs=0 planned_gpu_groups=205 planned_gpu_refs=2154 tail_gpu_groups=0 tail_gpu_refs=0 planned_ssd_groups=205 est_gpu=15274.0 est_ane=0.0 est_idle=100.00% wall=342.693 ms actual_ane_groups=0 actual_ane_refs=0 actual_gpu_groups=205 actual_gpu_refs=2154 finishes=0 waits=0 overlap_gpu_groups=0
ds4: Flash-MoE prefill layer=9 tokens=359 unique=213 refs=2154 sync=10.799 ms plan=0.337 ms stage/compute=355.737 ms misses=213
ds4: Flash-MoE hybrid prefill layer=9 ane_groups=0 ane_refs=0 gpu_i8_groups=213 gpu_i8_refs=2154 fp32_groups=0 ane_min_refs=128 concurrent=1 ane_pipeline=1 async_ane=0 gpu_overlap=0 finishes=0 waits=0
ds4: Flash-MoE overlap plan layer=9 exec_groups=213 planned_ane_groups=0 planned_ane_refs=0 planned_gpu_groups=213 planned_gpu_refs=2154 tail_gpu_groups=0 tail_gpu_refs=0 planned_ssd_groups=213 est_gpu=15786.0 est_ane=0.0 est_idle=100.00% wall=355.579 ms actual_ane_groups=0 actual_ane_refs=0 actual_gpu_groups=213 actual_gpu_refs=2154 finishes=0 waits=0 overlap_gpu_groups=0
ds4: Flash-MoE prefill layer=10 tokens=359 unique=190 refs=2154 sync=25.356 ms plan=0.291 ms stage/compute=320.160 ms misses=190
ds4: Flash-MoE hybrid prefill layer=10 ane_groups=0 ane_refs=0 gpu_i8_groups=190 gpu_i8_refs=2154 fp32_groups=0 ane_min_refs=128 concurrent=1 ane_pipeline=1 async_ane=0 gpu_overlap=0 finishes=0 waits=0
ds4: Flash-MoE overlap plan layer=10 exec_groups=190 planned_ane_groups=0 planned_ane_refs=0 planned_gpu_groups=190 planned_gpu_refs=2154 tail_gpu_groups=0 tail_gpu_refs=0 planned_ssd_groups=190 est_gpu=14314.0 est_ane=0.0 est_idle=100.00% wall=320.017 ms actual_ane_groups=0 actual_ane_refs=0 actual_gpu_groups=190 actual_gpu_refs=2154 finishes=0 waits=0 overlap_gpu_groups=0
ds4: Flash-MoE prefill layer=11 tokens=359 unique=194 refs=2154 sync=10.836 ms plan=0.317 ms stage/compute=250.147 ms misses=194
ds4: Flash-MoE hybrid prefill layer=11 ane_groups=0 ane_refs=0 gpu_i8_groups=194 gpu_i8_refs=2154 fp32_groups=0 ane_min_refs=128 concurrent=1 ane_pipeline=1 async_ane=0 gpu_overlap=0 finishes=0 waits=0
ds4: Flash-MoE overlap plan layer=11 exec_groups=194 planned_ane_groups=0 planned_ane_refs=0 planned_gpu_groups=194 planned_gpu_refs=2154 tail_gpu_groups=0 tail_gpu_refs=0 planned_ssd_groups=194 est_gpu=14570.0 est_ane=0.0 est_idle=100.00% wall=249.989 ms actual_ane_groups=0 actual_ane_refs=0 actual_gpu_groups=194 actual_gpu_refs=2154 finishes=0 waits=0 overlap_gpu_groups=0
ds4: Flash-MoE prefill layer=12 tokens=359 unique=178 refs=2154 sync=24.730 ms plan=0.326 ms stage/compute=238.340 ms misses=178
ds4: Flash-MoE hybrid prefill layer=12 ane_groups=0 ane_refs=0 gpu_i8_groups=178 gpu_i8_refs=2154 fp32_groups=0 ane_min_refs=128 concurrent=1 ane_pipeline=1 async_ane=0 gpu_overlap=0 finishes=0 waits=0
ds4: Flash-MoE overlap plan layer=12 exec_groups=178 planned_ane_groups=0 planned_ane_refs=0 planned_gpu_groups=178 planned_gpu_refs=2154 tail_gpu_groups=0 tail_gpu_refs=0 planned_ssd_groups=178 est_gpu=13546.0 est_ane=0.0 est_idle=100.00% wall=238.182 ms actual_ane_groups=0 actual_ane_refs=0 actual_gpu_groups=178 actual_gpu_refs=2154 finishes=0 waits=0 overlap_gpu_groups=0
ds4: Flash-MoE prefill layer=13 tokens=359 unique=189 refs=2154 sync=10.759 ms plan=0.301 ms stage/compute=241.489 ms misses=189
ds4: Flash-MoE hybrid prefill layer=13 ane_groups=0 ane_refs=0 gpu_i8_groups=189 gpu_i8_refs=2154 fp32_groups=0 ane_min_refs=128 concurrent=1 ane_pipeline=1 async_ane=0 gpu_overlap=0 finishes=0 waits=0
ds4: Flash-MoE overlap plan layer=13 exec_groups=189 planned_ane_groups=0 planned_ane_refs=0 planned_gpu_groups=189 planned_gpu_refs=2154 tail_gpu_groups=0 tail_gpu_refs=0 planned_ssd_groups=189 est_gpu=14250.0 est_ane=0.0 est_idle=100.00% wall=241.332 ms actual_ane_groups=0 actual_ane_refs=0 actual_gpu_groups=189 actual_gpu_refs=2154 finishes=0 waits=0 overlap_gpu_groups=0
ds4: Flash-MoE prefill layer=14 tokens=359 unique=187 refs=2154 sync=24.759 ms plan=0.306 ms stage/compute=242.328 ms misses=187
ds4: Flash-MoE hybrid prefill layer=14 ane_groups=0 ane_refs=0 gpu_i8_groups=187 gpu_i8_refs=2154 fp32_groups=0 ane_min_refs=128 concurrent=1 ane_pipeline=1 async_ane=0 gpu_overlap=0 finishes=0 waits=0
ds4: Flash-MoE overlap plan layer=14 exec_groups=187 planned_ane_groups=0 planned_ane_refs=0 planned_gpu_groups=187 planned_gpu_refs=2154 tail_gpu_groups=0 tail_gpu_refs=0 planned_ssd_groups=187 est_gpu=14122.0 est_ane=0.0 est_idle=100.00% wall=242.172 ms actual_ane_groups=0 actual_ane_refs=0 actual_gpu_groups=187 actual_gpu_refs=2154 finishes=0 waits=0 overlap_gpu_groups=0
ds4: Flash-MoE prefill layer=15 tokens=359 unique=174 refs=2154 sync=10.764 ms plan=0.339 ms stage/compute=229.927 ms misses=174
ds4: Flash-MoE hybrid prefill layer=15 ane_groups=0 ane_refs=0 gpu_i8_groups=174 gpu_i8_refs=2154 fp32_groups=0 ane_min_refs=128 concurrent=1 ane_pipeline=1 async_ane=0 gpu_overlap=0 finishes=0 waits=0
ds4: Flash-MoE overlap plan layer=15 exec_groups=174 planned_ane_groups=0 planned_ane_refs=0 planned_gpu_groups=174 planned_gpu_refs=2154 tail_gpu_groups=0 tail_gpu_refs=0 planned_ssd_groups=174 est_gpu=13290.0 est_ane=0.0 est_idle=100.00% wall=229.797 ms actual_ane_groups=0 actual_ane_refs=0 actual_gpu_groups=174 actual_gpu_refs=2154 finishes=0 waits=0 overlap_gpu_groups=0
ds4: Flash-MoE prefill layer=16 tokens=359 unique=186 refs=2154 sync=24.613 ms plan=0.428 ms stage/compute=244.741 ms misses=186
ds4: Flash-MoE hybrid prefill layer=16 ane_groups=0 ane_refs=0 gpu_i8_groups=186 gpu_i8_refs=2154 fp32_groups=0 ane_min_refs=128 concurrent=1 ane_pipeline=1 async_ane=0 gpu_overlap=0 finishes=0 waits=0
ds4: Flash-MoE overlap plan layer=16 exec_groups=186 planned_ane_groups=0 planned_ane_refs=0 planned_gpu_groups=186 planned_gpu_refs=2154 tail_gpu_groups=0 tail_gpu_refs=0 planned_ssd_groups=186 est_gpu=14058.0 est_ane=0.0 est_idle=100.00% wall=244.576 ms actual_ane_groups=0 actual_ane_refs=0 actual_gpu_groups=186 actual_gpu_refs=2154 finishes=0 waits=0 overlap_gpu_groups=0
ds4: Flash-MoE prefill layer=17 tokens=359 unique=200 refs=2154 sync=10.781 ms plan=0.306 ms stage/compute=260.089 ms misses=200
ds4: Flash-MoE hybrid prefill layer=17 ane_groups=0 ane_refs=0 gpu_i8_groups=200 gpu_i8_refs=2154 fp32_groups=0 ane_min_refs=128 concurrent=1 ane_pipeline=1 async_ane=0 gpu_overlap=0 finishes=0 waits=0
ds4: Flash-MoE overlap plan layer=17 exec_groups=200 planned_ane_groups=0 planned_ane_refs=0 planned_gpu_groups=200 planned_gpu_refs=2154 tail_gpu_groups=0 tail_gpu_refs=0 planned_ssd_groups=200 est_gpu=14954.0 est_ane=0.0 est_idle=100.00% wall=259.926 ms actual_ane_groups=0 actual_ane_refs=0 actual_gpu_groups=200 actual_gpu_refs=2154 finishes=0 waits=0 overlap_gpu_groups=0
ds4: Flash-MoE prefill layer=18 tokens=359 unique=169 refs=2154 sync=25.306 ms plan=0.298 ms stage/compute=222.411 ms misses=169
ds4: Flash-MoE hybrid prefill layer=18 ane_groups=0 ane_refs=0 gpu_i8_groups=169 gpu_i8_refs=2154 fp32_groups=0 ane_min_refs=128 concurrent=1 ane_pipeline=1 async_ane=0 gpu_overlap=0 finishes=0 waits=0
ds4: Flash-MoE overlap plan layer=18 exec_groups=169 planned_ane_groups=0 planned_ane_refs=0 planned_gpu_groups=169 planned_gpu_refs=2154 tail_gpu_groups=0 tail_gpu_refs=0 planned_ssd_groups=169 est_gpu=12970.0 est_ane=0.0 est_idle=100.00% wall=222.282 ms actual_ane_groups=0 actual_ane_refs=0 actual_gpu_groups=169 actual_gpu_refs=2154 finishes=0 waits=0 overlap_gpu_groups=0
ds4: Flash-MoE prefill layer=19 tokens=359 unique=207 refs=2154 sync=10.765 ms plan=0.306 ms stage/compute=265.698 ms misses=207
ds4: Flash-MoE hybrid prefill layer=19 ane_groups=0 ane_refs=0 gpu_i8_groups=207 gpu_i8_refs=2154 fp32_groups=0 ane_min_refs=128 concurrent=1 ane_pipeline=1 async_ane=0 gpu_overlap=0 finishes=0 waits=0
ds4: Flash-MoE overlap plan layer=19 exec_groups=207 planned_ane_groups=0 planned_ane_refs=0 planned_gpu_groups=207 planned_gpu_refs=2154 tail_gpu_groups=0 tail_gpu_refs=0 planned_ssd_groups=207 est_gpu=15402.0 est_ane=0.0 est_idle=100.00% wall=265.541 ms actual_ane_groups=0 actual_ane_refs=0 actual_gpu_groups=207 actual_gpu_refs=2154 finishes=0 waits=0 overlap_gpu_groups=0
ds4: Flash-MoE prefill layer=20 tokens=359 unique=169 refs=2154 sync=24.705 ms plan=0.382 ms stage/compute=225.567 ms misses=169
ds4: Flash-MoE hybrid prefill layer=20 ane_groups=0 ane_refs=0 gpu_i8_groups=169 gpu_i8_refs=2154 fp32_groups=0 ane_min_refs=128 concurrent=1 ane_pipeline=1 async_ane=0 gpu_overlap=0 finishes=0 waits=0
ds4: Flash-MoE overlap plan layer=20 exec_groups=169 planned_ane_groups=0 planned_ane_refs=0 planned_gpu_groups=169 planned_gpu_refs=2154 tail_gpu_groups=0 tail_gpu_refs=0 planned_ssd_groups=169 est_gpu=12970.0 est_ane=0.0 est_idle=100.00% wall=225.440 ms actual_ane_groups=0 actual_ane_refs=0 actual_gpu_groups=169 actual_gpu_refs=2154 finishes=0 waits=0 overlap_gpu_groups=0
ds4: Flash-MoE prefill layer=21 tokens=359 unique=189 refs=2154 sync=10.786 ms plan=0.324 ms stage/compute=241.297 ms misses=189
ds4: Flash-MoE hybrid prefill layer=21 ane_groups=0 ane_refs=0 gpu_i8_groups=189 gpu_i8_refs=2154 fp32_groups=0 ane_min_refs=128 concurrent=1 ane_pipeline=1 async_ane=0 gpu_overlap=0 finishes=0 waits=0
ds4: Flash-MoE overlap plan layer=21 exec_groups=189 planned_ane_groups=0 planned_ane_refs=0 planned_gpu_groups=189 planned_gpu_refs=2154 tail_gpu_groups=0 tail_gpu_refs=0 planned_ssd_groups=189 est_gpu=14250.0 est_ane=0.0 est_idle=100.00% wall=241.149 ms actual_ane_groups=0 actual_ane_refs=0 actual_gpu_groups=189 actual_gpu_refs=2154 finishes=0 waits=0 overlap_gpu_groups=0
ds4: Flash-MoE prefill layer=22 tokens=359 unique=187 refs=2154 sync=24.803 ms plan=0.311 ms stage/compute=226.293 ms misses=187
ds4: Flash-MoE hybrid prefill layer=22 ane_groups=0 ane_refs=0 gpu_i8_groups=187 gpu_i8_refs=2154 fp32_groups=0 ane_min_refs=128 concurrent=1 ane_pipeline=1 async_ane=0 gpu_overlap=0 finishes=0 waits=0
ds4: Flash-MoE overlap plan layer=22 exec_groups=187 planned_ane_groups=0 planned_ane_refs=0 planned_gpu_groups=187 planned_gpu_refs=2154 tail_gpu_groups=0 tail_gpu_refs=0 planned_ssd_groups=187 est_gpu=14122.0 est_ane=0.0 est_idle=100.00% wall=226.129 ms actual_ane_groups=0 actual_ane_refs=0 actual_gpu_groups=187 actual_gpu_refs=2154 finishes=0 waits=0 overlap_gpu_groups=0
ds4: Flash-MoE prefill layer=23 tokens=359 unique=200 refs=2154 sync=10.783 ms plan=0.255 ms stage/compute=240.336 ms misses=200
ds4: Flash-MoE hybrid prefill layer=23 ane_groups=0 ane_refs=0 gpu_i8_groups=200 gpu_i8_refs=2154 fp32_groups=0 ane_min_refs=128 concurrent=1 ane_pipeline=1 async_ane=0 gpu_overlap=0 finishes=0 waits=0
ds4: Flash-MoE overlap plan layer=23 exec_groups=200 planned_ane_groups=0 planned_ane_refs=0 planned_gpu_groups=200 planned_gpu_refs=2154 tail_gpu_groups=0 tail_gpu_refs=0 planned_ssd_groups=200 est_gpu=14954.0 est_ane=0.0 est_idle=100.00% wall=240.173 ms actual_ane_groups=0 actual_ane_refs=0 actual_gpu_groups=200 actual_gpu_refs=2154 finishes=0 waits=0 overlap_gpu_groups=0
ds4: Flash-MoE prefill layer=24 tokens=359 unique=185 refs=2154 sync=24.659 ms plan=0.329 ms stage/compute=221.081 ms misses=185
ds4: Flash-MoE hybrid prefill layer=24 ane_groups=0 ane_refs=0 gpu_i8_groups=185 gpu_i8_refs=2154 fp32_groups=0 ane_min_refs=128 concurrent=1 ane_pipeline=1 async_ane=0 gpu_overlap=0 finishes=0 waits=0
ds4: Flash-MoE overlap plan layer=24 exec_groups=185 planned_ane_groups=0 planned_ane_refs=0 planned_gpu_groups=185 planned_gpu_refs=2154 tail_gpu_groups=0 tail_gpu_refs=0 planned_ssd_groups=185 est_gpu=13994.0 est_ane=0.0 est_idle=100.00% wall=220.931 ms actual_ane_groups=0 actual_ane_refs=0 actual_gpu_groups=185 actual_gpu_refs=2154 finishes=0 waits=0 overlap_gpu_groups=0
ds4: Flash-MoE prefill layer=25 tokens=359 unique=199 refs=2154 sync=10.767 ms plan=0.366 ms stage/compute=239.128 ms misses=199
ds4: Flash-MoE hybrid prefill layer=25 ane_groups=0 ane_refs=0 gpu_i8_groups=199 gpu_i8_refs=2154 fp32_groups=0 ane_min_refs=128 concurrent=1 ane_pipeline=1 async_ane=0 gpu_overlap=0 finishes=0 waits=0
ds4: Flash-MoE overlap plan layer=25 exec_groups=199 planned_ane_groups=0 planned_ane_refs=0 planned_gpu_groups=199 planned_gpu_refs=2154 tail_gpu_groups=0 tail_gpu_refs=0 planned_ssd_groups=199 est_gpu=14890.0 est_ane=0.0 est_idle=100.00% wall=238.966 ms actual_ane_groups=0 actual_ane_refs=0 actual_gpu_groups=199 actual_gpu_refs=2154 finishes=0 waits=0 overlap_gpu_groups=0
ds4: Flash-MoE prefill layer=26 tokens=359 unique=181 refs=2154 sync=24.758 ms plan=0.315 ms stage/compute=227.998 ms misses=181
ds4: Flash-MoE hybrid prefill layer=26 ane_groups=0 ane_refs=0 gpu_i8_groups=181 gpu_i8_refs=2154 fp32_groups=0 ane_min_refs=128 concurrent=1 ane_pipeline=1 async_ane=0 gpu_overlap=0 finishes=0 waits=0
ds4: Flash-MoE overlap plan layer=26 exec_groups=181 planned_ane_groups=0 planned_ane_refs=0 planned_gpu_groups=181 planned_gpu_refs=2154 tail_gpu_groups=0 tail_gpu_refs=0 planned_ssd_groups=181 est_gpu=13738.0 est_ane=0.0 est_idle=100.00% wall=227.843 ms actual_ane_groups=0 actual_ane_refs=0 actual_gpu_groups=181 actual_gpu_refs=2154 finishes=0 waits=0 overlap_gpu_groups=0
ds4: Flash-MoE prefill layer=27 tokens=359 unique=200 refs=2154 sync=10.919 ms plan=0.317 ms stage/compute=247.396 ms misses=200
ds4: Flash-MoE hybrid prefill layer=27 ane_groups=0 ane_refs=0 gpu_i8_groups=200 gpu_i8_refs=2154 fp32_groups=0 ane_min_refs=128 concurrent=1 ane_pipeline=1 async_ane=0 gpu_overlap=0 finishes=0 waits=0
ds4: Flash-MoE overlap plan layer=27 exec_groups=200 planned_ane_groups=0 planned_ane_refs=0 planned_gpu_groups=200 planned_gpu_refs=2154 tail_gpu_groups=0 tail_gpu_refs=0 planned_ssd_groups=200 est_gpu=14954.0 est_ane=0.0 est_idle=100.00% wall=247.232 ms actual_ane_groups=0 actual_ane_refs=0 actual_gpu_groups=200 actual_gpu_refs=2154 finishes=0 waits=0 overlap_gpu_groups=0
ds4: Flash-MoE prefill layer=28 tokens=359 unique=187 refs=2154 sync=24.764 ms plan=0.353 ms stage/compute=230.073 ms misses=187
ds4: Flash-MoE hybrid prefill layer=28 ane_groups=0 ane_refs=0 gpu_i8_groups=187 gpu_i8_refs=2154 fp32_groups=0 ane_min_refs=128 concurrent=1 ane_pipeline=1 async_ane=0 gpu_overlap=0 finishes=0 waits=0
ds4: Flash-MoE overlap plan layer=28 exec_groups=187 planned_ane_groups=0 planned_ane_refs=0 planned_gpu_groups=187 planned_gpu_refs=2154 tail_gpu_groups=0 tail_gpu_refs=0 planned_ssd_groups=187 est_gpu=14122.0 est_ane=0.0 est_idle=100.00% wall=229.918 ms actual_ane_groups=0 actual_ane_refs=0 actual_gpu_groups=187 actual_gpu_refs=2154 finishes=0 waits=0 overlap_gpu_groups=0
ds4: Flash-MoE prefill layer=29 tokens=359 unique=185 refs=2154 sync=10.788 ms plan=0.376 ms stage/compute=233.988 ms misses=185
ds4: Flash-MoE hybrid prefill layer=29 ane_groups=0 ane_refs=0 gpu_i8_groups=185 gpu_i8_refs=2154 fp32_groups=0 ane_min_refs=128 concurrent=1 ane_pipeline=1 async_ane=0 gpu_overlap=0 finishes=0 waits=0
ds4: Flash-MoE overlap plan layer=29 exec_groups=185 planned_ane_groups=0 planned_ane_refs=0 planned_gpu_groups=185 planned_gpu_refs=2154 tail_gpu_groups=0 tail_gpu_refs=0 planned_ssd_groups=185 est_gpu=13994.0 est_ane=0.0 est_idle=100.00% wall=233.833 ms actual_ane_groups=0 actual_ane_refs=0 actual_gpu_groups=185 actual_gpu_refs=2154 finishes=0 waits=0 overlap_gpu_groups=0
ds4: Flash-MoE prefill layer=30 tokens=359 unique=185 refs=2154 sync=24.947 ms plan=0.337 ms stage/compute=231.539 ms misses=185
ds4: Flash-MoE hybrid prefill layer=30 ane_groups=0 ane_refs=0 gpu_i8_groups=185 gpu_i8_refs=2154 fp32_groups=0 ane_min_refs=128 concurrent=1 ane_pipeline=1 async_ane=0 gpu_overlap=0 finishes=0 waits=0
ds4: Flash-MoE overlap plan layer=30 exec_groups=185 planned_ane_groups=0 planned_ane_refs=0 planned_gpu_groups=185 planned_gpu_refs=2154 tail_gpu_groups=0 tail_gpu_refs=0 planned_ssd_groups=185 est_gpu=13994.0 est_ane=0.0 est_idle=100.00% wall=231.383 ms actual_ane_groups=0 actual_ane_refs=0 actual_gpu_groups=185 actual_gpu_refs=2154 finishes=0 waits=0 overlap_gpu_groups=0
ds4: Flash-MoE prefill layer=31 tokens=359 unique=189 refs=2154 sync=10.911 ms plan=0.353 ms stage/compute=234.792 ms misses=189
ds4: Flash-MoE hybrid prefill layer=31 ane_groups=0 ane_refs=0 gpu_i8_groups=189 gpu_i8_refs=2154 fp32_groups=0 ane_min_refs=128 concurrent=1 ane_pipeline=1 async_ane=0 gpu_overlap=0 finishes=0 waits=0
ds4: Flash-MoE overlap plan layer=31 exec_groups=189 planned_ane_groups=0 planned_ane_refs=0 planned_gpu_groups=189 planned_gpu_refs=2154 tail_gpu_groups=0 tail_gpu_refs=0 planned_ssd_groups=189 est_gpu=14250.0 est_ane=0.0 est_idle=100.00% wall=234.646 ms actual_ane_groups=0 actual_ane_refs=0 actual_gpu_groups=189 actual_gpu_refs=2154 finishes=0 waits=0 overlap_gpu_groups=0
ds4: Flash-MoE prefill layer=32 tokens=359 unique=192 refs=2154 sync=24.968 ms plan=0.367 ms stage/compute=242.233 ms misses=192
ds4: Flash-MoE hybrid prefill layer=32 ane_groups=0 ane_refs=0 gpu_i8_groups=192 gpu_i8_refs=2154 fp32_groups=0 ane_min_refs=128 concurrent=1 ane_pipeline=1 async_ane=0 gpu_overlap=0 finishes=0 waits=0
ds4: Flash-MoE overlap plan layer=32 exec_groups=192 planned_ane_groups=0 planned_ane_refs=0 planned_gpu_groups=192 planned_gpu_refs=2154 tail_gpu_groups=0 tail_gpu_refs=0 planned_ssd_groups=192 est_gpu=14442.0 est_ane=0.0 est_idle=100.00% wall=242.087 ms actual_ane_groups=0 actual_ane_refs=0 actual_gpu_groups=192 actual_gpu_refs=2154 finishes=0 waits=0 overlap_gpu_groups=0
ds4: Flash-MoE prefill layer=33 tokens=359 unique=179 refs=2154 sync=10.861 ms plan=0.354 ms stage/compute=224.189 ms misses=179
ds4: Flash-MoE hybrid prefill layer=33 ane_groups=0 ane_refs=0 gpu_i8_groups=179 gpu_i8_refs=2154 fp32_groups=0 ane_min_refs=128 concurrent=1 ane_pipeline=1 async_ane=0 gpu_overlap=0 finishes=0 waits=0
ds4: Flash-MoE overlap plan layer=33 exec_groups=179 planned_ane_groups=0 planned_ane_refs=0 planned_gpu_groups=179 planned_gpu_refs=2154 tail_gpu_groups=0 tail_gpu_refs=0 planned_ssd_groups=179 est_gpu=13610.0 est_ane=0.0 est_idle=100.00% wall=224.040 ms actual_ane_groups=0 actual_ane_refs=0 actual_gpu_groups=179 actual_gpu_refs=2154 finishes=0 waits=0 overlap_gpu_groups=0
ds4: Flash-MoE prefill layer=34 tokens=359 unique=179 refs=2154 sync=25.069 ms plan=0.321 ms stage/compute=226.437 ms misses=179
ds4: Flash-MoE hybrid prefill layer=34 ane_groups=0 ane_refs=0 gpu_i8_groups=179 gpu_i8_refs=2154 fp32_groups=0 ane_min_refs=128 concurrent=1 ane_pipeline=1 async_ane=0 gpu_overlap=0 finishes=0 waits=0
ds4: Flash-MoE overlap plan layer=34 exec_groups=179 planned_ane_groups=0 planned_ane_refs=0 planned_gpu_groups=179 planned_gpu_refs=2154 tail_gpu_groups=0 tail_gpu_refs=0 planned_ssd_groups=179 est_gpu=13610.0 est_ane=0.0 est_idle=100.00% wall=226.305 ms actual_ane_groups=0 actual_ane_refs=0 actual_gpu_groups=179 actual_gpu_refs=2154 finishes=0 waits=0 overlap_gpu_groups=0
ds4: Flash-MoE prefill layer=35 tokens=359 unique=195 refs=2154 sync=10.810 ms plan=0.346 ms stage/compute=245.027 ms misses=195
ds4: Flash-MoE hybrid prefill layer=35 ane_groups=0 ane_refs=0 gpu_i8_groups=195 gpu_i8_refs=2154 fp32_groups=0 ane_min_refs=128 concurrent=1 ane_pipeline=1 async_ane=0 gpu_overlap=0 finishes=0 waits=0
ds4: Flash-MoE overlap plan layer=35 exec_groups=195 planned_ane_groups=0 planned_ane_refs=0 planned_gpu_groups=195 planned_gpu_refs=2154 tail_gpu_groups=0 tail_gpu_refs=0 planned_ssd_groups=195 est_gpu=14634.0 est_ane=0.0 est_idle=100.00% wall=244.808 ms actual_ane_groups=0 actual_ane_refs=0 actual_gpu_groups=195 actual_gpu_refs=2154 finishes=0 waits=0 overlap_gpu_groups=0
ds4: Flash-MoE prefill layer=36 tokens=359 unique=188 refs=2154 sync=25.842 ms plan=0.332 ms stage/compute=252.233 ms misses=188
ds4: Flash-MoE hybrid prefill layer=36 ane_groups=0 ane_refs=0 gpu_i8_groups=188 gpu_i8_refs=2154 fp32_groups=0 ane_min_refs=128 concurrent=1 ane_pipeline=1 async_ane=0 gpu_overlap=0 finishes=0 waits=0
ds4: Flash-MoE overlap plan layer=36 exec_groups=188 planned_ane_groups=0 planned_ane_refs=0 planned_gpu_groups=188 planned_gpu_refs=2154 tail_gpu_groups=0 tail_gpu_refs=0 planned_ssd_groups=188 est_gpu=14186.0 est_ane=0.0 est_idle=100.00% wall=252.083 ms actual_ane_groups=0 actual_ane_refs=0 actual_gpu_groups=188 actual_gpu_refs=2154 finishes=0 waits=0 overlap_gpu_groups=0
ds4: Flash-MoE prefill layer=37 tokens=359 unique=185 refs=2154 sync=10.819 ms plan=0.362 ms stage/compute=238.313 ms misses=185
ds4: Flash-MoE hybrid prefill layer=37 ane_groups=0 ane_refs=0 gpu_i8_groups=185 gpu_i8_refs=2154 fp32_groups=0 ane_min_refs=128 concurrent=1 ane_pipeline=1 async_ane=0 gpu_overlap=0 finishes=0 waits=0
ds4: Flash-MoE overlap plan layer=37 exec_groups=185 planned_ane_groups=0 planned_ane_refs=0 planned_gpu_groups=185 planned_gpu_refs=2154 tail_gpu_groups=0 tail_gpu_refs=0 planned_ssd_groups=185 est_gpu=13994.0 est_ane=0.0 est_idle=100.00% wall=238.157 ms actual_ane_groups=0 actual_ane_refs=0 actual_gpu_groups=185 actual_gpu_refs=2154 finishes=0 waits=0 overlap_gpu_groups=0
ds4: Flash-MoE prefill layer=38 tokens=359 unique=194 refs=2154 sync=25.063 ms plan=0.352 ms stage/compute=265.472 ms misses=194
ds4: Flash-MoE hybrid prefill layer=38 ane_groups=0 ane_refs=0 gpu_i8_groups=194 gpu_i8_refs=2154 fp32_groups=0 ane_min_refs=128 concurrent=1 ane_pipeline=1 async_ane=0 gpu_overlap=0 finishes=0 waits=0
ds4: Flash-MoE overlap plan layer=38 exec_groups=194 planned_ane_groups=0 planned_ane_refs=0 planned_gpu_groups=194 planned_gpu_refs=2154 tail_gpu_groups=0 tail_gpu_refs=0 planned_ssd_groups=194 est_gpu=14570.0 est_ane=0.0 est_idle=100.00% wall=265.305 ms actual_ane_groups=0 actual_ane_refs=0 actual_gpu_groups=194 actual_gpu_refs=2154 finishes=0 waits=0 overlap_gpu_groups=0
ds4: Flash-MoE prefill layer=39 tokens=359 unique=197 refs=2154 sync=10.889 ms plan=0.312 ms stage/compute=273.477 ms misses=197
ds4: Flash-MoE hybrid prefill layer=39 ane_groups=0 ane_refs=0 gpu_i8_groups=197 gpu_i8_refs=2154 fp32_groups=0 ane_min_refs=128 concurrent=1 ane_pipeline=1 async_ane=0 gpu_overlap=0 finishes=0 waits=0
ds4: Flash-MoE overlap plan layer=39 exec_groups=197 planned_ane_groups=0 planned_ane_refs=0 planned_gpu_groups=197 planned_gpu_refs=2154 tail_gpu_groups=0 tail_gpu_refs=0 planned_ssd_groups=197 est_gpu=14762.0 est_ane=0.0 est_idle=100.00% wall=273.312 ms actual_ane_groups=0 actual_ane_refs=0 actual_gpu_groups=197 actual_gpu_refs=2154 finishes=0 waits=0 overlap_gpu_groups=0
ds4: Flash-MoE prefill layer=40 tokens=359 unique=147 refs=2154 sync=24.928 ms plan=0.356 ms stage/compute=207.729 ms misses=147
ds4: Flash-MoE hybrid prefill layer=40 ane_groups=0 ane_refs=0 gpu_i8_groups=147 gpu_i8_refs=2154 fp32_groups=0 ane_min_refs=128 concurrent=1 ane_pipeline=1 async_ane=0 gpu_overlap=0 finishes=0 waits=0
ds4: Flash-MoE overlap plan layer=40 exec_groups=147 planned_ane_groups=0 planned_ane_refs=0 planned_gpu_groups=147 planned_gpu_refs=2154 tail_gpu_groups=0 tail_gpu_refs=0 planned_ssd_groups=147 est_gpu=11562.0 est_ane=0.0 est_idle=100.00% wall=207.605 ms actual_ane_groups=0 actual_ane_refs=0 actual_gpu_groups=147 actual_gpu_refs=2154 finishes=0 waits=0 overlap_gpu_groups=0
ds4: Flash-MoE prefill layer=41 tokens=359 unique=164 refs=2154 sync=10.857 ms plan=0.285 ms stage/compute=231.207 ms misses=164
ds4: Flash-MoE hybrid prefill layer=41 ane_groups=0 ane_refs=0 gpu_i8_groups=164 gpu_i8_refs=2154 fp32_groups=0 ane_min_refs=128 concurrent=1 ane_pipeline=1 async_ane=0 gpu_overlap=0 finishes=0 waits=0
ds4: Flash-MoE overlap plan layer=41 exec_groups=164 planned_ane_groups=0 planned_ane_refs=0 planned_gpu_groups=164 planned_gpu_refs=2154 tail_gpu_groups=0 tail_gpu_refs=0 planned_ssd_groups=164 est_gpu=12650.0 est_ane=0.0 est_idle=100.00% wall=231.063 ms actual_ane_groups=0 actual_ane_refs=0 actual_gpu_groups=164 actual_gpu_refs=2154 finishes=0 waits=0 overlap_gpu_groups=0
ds4: Flash-MoE prefill layer=42 tokens=359 unique=175 refs=2154 sync=24.924 ms plan=0.349 ms stage/compute=250.317 ms misses=175
ds4: Flash-MoE hybrid prefill layer=42 ane_groups=0 ane_refs=0 gpu_i8_groups=175 gpu_i8_refs=2154 fp32_groups=0 ane_min_refs=128 concurrent=1 ane_pipeline=1 async_ane=0 gpu_overlap=0 finishes=0 waits=0
ds4: Flash-MoE overlap plan layer=42 exec_groups=175 planned_ane_groups=0 planned_ane_refs=0 planned_gpu_groups=175 planned_gpu_refs=2154 tail_gpu_groups=0 tail_gpu_refs=0 planned_ssd_groups=175 est_gpu=13354.0 est_ane=0.0 est_idle=100.00% wall=250.168 ms actual_ane_groups=0 actual_ane_refs=0 actual_gpu_groups=175 actual_gpu_refs=2154 finishes=0 waits=0 overlap_gpu_groups=0
processing 8423 input tokens: 8423/8423 (100.0%) batch=28.34 t/s avg=186.49 t/s
ds4: Flash-MoE layer=0 sync=1.894 ms remap/install=5.514 ms misses=6
ds4: Flash-MoE layer=1 sync=5.840 ms remap/install=5.439 ms misses=6
ds4: Flash-MoE layer=2 sync=5.610 ms remap/install=5.500 ms misses=6
ds4: Flash-MoE layer=3 sync=4.916 ms remap/install=5.407 ms misses=6
ds4: Flash-MoE layer=4 sync=5.684 ms remap/install=5.394 ms misses=6
ds4: Flash-MoE layer=5 sync=5.807 ms remap/install=5.409 ms misses=6
ds4: Flash-MoE layer=6 sync=6.618 ms remap/install=5.596 ms misses=6
ds4: Flash-MoE layer=7 sync=5.705 ms remap/install=5.455 ms misses=6
ds4: Flash-MoE layer=8 sync=5.995 ms remap/install=5.425 ms misses=6
ds4: Flash-MoE layer=9 sync=5.396 ms remap/install=5.456 ms misses=6
ds4: Flash-MoE layer=10 sync=6.429 ms remap/install=5.784 ms misses=6
ds4: Flash-MoE layer=11 sync=5.601 ms remap/install=4.108 ms misses=6
ds4: Flash-MoE layer=12 sync=6.455 ms remap/install=4.453 ms misses=6
ds4: Flash-MoE layer=13 sync=5.753 ms remap/install=4.352 ms misses=6
ds4: Flash-MoE layer=14 sync=6.923 ms remap/install=4.106 ms misses=6
ds4: Flash-MoE layer=15 sync=6.237 ms remap/install=4.542 ms misses=6
ds4: Flash-MoE layer=16 sync=6.729 ms remap/install=4.211 ms misses=6
ds4: Flash-MoE layer=17 sync=5.656 ms remap/install=4.326 ms misses=6
ds4: Flash-MoE layer=18 sync=6.549 ms remap/install=4.478 ms misses=6
ds4: Flash-MoE layer=19 sync=5.794 ms remap/install=5.134 ms misses=6
ds4: Flash-MoE layer=20 sync=6.576 ms remap/install=4.334 ms misses=6
ds4: Flash-MoE layer=21 sync=5.777 ms remap/install=4.531 ms misses=6
ds4: Flash-MoE layer=22 sync=6.012 ms remap/install=3.971 ms misses=6
ds4: Flash-MoE layer=23 sync=5.480 ms remap/install=4.298 ms misses=6
ds4: Flash-MoE layer=24 sync=6.455 ms remap/install=3.718 ms misses=6
ds4: Flash-MoE layer=25 sync=5.878 ms remap/install=3.810 ms misses=6
ds4: Flash-MoE layer=26 sync=6.840 ms remap/install=4.053 ms misses=6
ds4: Flash-MoE layer=27 sync=5.995 ms remap/install=4.241 ms misses=6
ds4: Flash-MoE layer=28 sync=7.654 ms remap/install=4.476 ms misses=6
ds4: Flash-MoE layer=29 sync=6.183 ms remap/install=4.278 ms misses=6
ds4: Flash-MoE layer=30 sync=9.163 ms remap/install=4.748 ms misses=6
ds4: Flash-MoE layer=31 sync=6.105 ms remap/install=5.155 ms misses=6
ds4: Flash-MoE layer=32 sync=8.461 ms remap/install=4.540 ms misses=6
ds4: Flash-MoE layer=33 sync=5.415 ms remap/install=7.246 ms misses=6
ds4: Flash-MoE layer=34 sync=10.525 ms remap/install=4.680 ms misses=6
ds4: Flash-MoE layer=35 sync=7.262 ms remap/install=4.663 ms misses=6
ds4: Flash-MoE layer=36 sync=8.300 ms remap/install=4.537 ms misses=6
ds4: Flash-MoE layer=37 sync=7.519 ms remap/install=4.544 ms misses=6
ds4: Flash-MoE layer=38 sync=9.975 ms remap/install=4.720 ms misses=6
ds4: Flash-MoE layer=39 sync=8.190 ms remap/install=5.212 ms misses=6
ds4: Flash-MoE layer=40 sync=9.283 ms remap/install=4.460 ms misses=6
ds4: Flash-MoE layer=41 sync=8.430 ms remap/install=4.565 ms misses=6
ds4: Flash-MoE layer=42 sync=9.129 ms remap/install=4.390 ms misses=6
We
ds4: prefill: 186.49 t/s, generation: 1.98 t/s
ds4: Flash-MoE slot-bank stats hits=0 misses=19619 hit-rate=0.0% installed=132428.25 MiB
ds4: Flash-MoE prefill dedup refs=2173134 unique=18844 saved=2154290 (99.1%) reuse=115.32x
ds4: ANE prefill stats calls=786 ok=786 skipped_big_refs=0 compile_attempts=2 compile_failures=0 eval_calls=1018 eval_failures=0 write_failures=0 reopen_failures=0
ds4: ANE prefill timing dequant=7.330 ms input=0.306 ms ane_eval=2588.469 ms writeback=9.372 ms helper_avg=2.542700 ms ane_calls=1018 ane_call_avg=2.542700 ms
ds4: ANE prefill timing2 output_pack=1682.581 ms measured_total=4288.058 ms
ds4: ANE prefill chunks refs=397503 padded_refs=441600 pad_util=90.01% le16=2 le64=1 le128=4 full=423
ds4: ANE prefill batch_hist B256=311 refs=69304 util=87.0% B512=707 refs=328199 util=90.7%
