ds4: detected DS4 sidecar package: -m /Users/anemll/Models/flash/dsv4-iq2xxs-expert-major/dense/model-dense.gguf, --moe-sidecar /Users/anemll/Models/flash/dsv4-iq2xxs-expert-major, --moe-mode slot-bank
ds4: applied sidecar tuning profile [Apple M5 Max] from ds4_profile.json (50 env defaults set, 1 kept from environment)
ds4: warning: raw KV cap limits Metal prefill chunk (prefill_chunk=4096, raw_kv_rows=4096, raw_window=128, effective_chunk=3968; target raw cap for one chunk is 4352, also requires ctx >= that value)
ds4: context buffers 387.12 MiB (ctx=4096, backend=metal, prefill_chunk=4096, raw_kv_rows=4096, compressed_kv_rows=514/1026 max, grow_block=2048)
ds4: Flash-MoE sidecar loaded: /Users/anemll/Models/flash/dsv4-iq2xxs-expert-major (slot-bank=256, expert-record 6.75 MiB)
ds4: Flash-MoE expert mmap cache: off; expert reads: pread
ds4: Metal device Apple M5 Max, 128.00 GiB RAM, GPU working-set budget 107.52 GiB (raise with: sudo sysctl iogpu.wired_limit_mb=<MB>)
ds4: drift-patch flags hc_stable=on norm_unify=on kv_raw_f32=off rope_exp2_log2=off math_safe=off tensor_matmul=off
ds4: MXFP4 native library (MSL 4.1): repack=ok selected-repack=ok selected-plane-copy=ok scale-plane matmul=ok selected-matmul=ok decode2=pair/sum6 batch-decode2=pair/sum6 batch-strided=pair/sum6 hybrid-down=sum6 chunked-decode2=pair/sum6
ds4: DS4_MXFP4_NATIVE=1: native MXFP4 available (MPP 4.1 scale-plane matmul2d)
ds4: DSpark resident expert cache: ranges=9 bytes=9.56 GiB (persistent; debug opt-out requires DS4_DSPARK_ALLOW_NONRESIDENT=1)
ds4: DSpark sidecar Metal residency requested: buffers=9 bytes=9.56 GiB
ds4: DSpark draft package loaded: /Users/anemll/Models/DSv4-Flash-DSpark-draft (block=5 verify=5 active=5 scheduler=confidence-softmax conf=0.000 noise=128799 target_layers=40,41,42 markov_rank=256 records=81 mapped=10.12 GiB)
ds4: DSpark draft records: F32=41 F16=6 FP8_E4M3=25 MXFP4_NATIVE=9
ds4: DSpark draft inference enabled: MPP 4.1 FP8/MXFP4 draft kernels, fused routed-MoE per draft layer, persistent resident experts, greedy Markov head, strict_v1 verifier
ds4: Flash-MoE using mmap-backed dense/shared weights without full-model Metal residency warmup
ds4: Metal model views created in 0.262 ms, residency requested in 0.000 ms, warmup 0.000 ms (mapped 8393.67 MiB from offset 5.06 MiB)
ds4: Metal mapped mmaped model as 1 overlapping shared buffers
ds4: metal backend initialized for graph diagnostics
ds4: prefill routed-MoE (requested): mul_mm_id (grouped GPU / ALU)  [grouped path]
ds4: prefill quant scales (ANE env first): w_qscale=512 x_qscale=32 mid_qscale=32 w_scale=0.00195312 x_scale=0.03125 mid_scale=0.03125
ds4: prefill ctx-grow: on, block=2048 tokens
ds4: prefill chunk cap: 16384, graph_raw_cap=auto
ds4: Flash-MoE resident mixed slot-bank load: layers=43 slots=256 bytes=72.56 GiB (one dot per layer)
ds4: Flash-MoE resident prepare: ........................................... 72.56/72.56 GiB (43 layers)
ds4: Flash-MoE resident preload: ........................................... 72.56/72.56 GiB (43 layers)
ds4: Flash-MoE preloaded mixed slot bank: layers=43 slots=256 identity-mapped experts=256
ds4: Flash-MoE slot-bank Metal residency requested: buffers=43 bytes=72.56 GiB
ds4: Flash-MoE slot-bank pages touched: buffers=43 bytes=72.56 GiB
ds4: Flash-MoE slot banks allocated: layers=43 slots=256 gpu-bank=72.6GB Dense: 8.2GB Context: 0.4GB Total <<<< 81.2GB >>>>
ds4: Flash-MoE slot bank layout: mixed expert-major
ds4: warning: very large Flash-MoE slot bank can collapse decode throughput (slots=256, gpu-bank=72.56 GiB). The wired bank competes with the OS file cache that serves decode-miss reads of the sidecar; when the sidecar is larger than RAM, smaller banks decode faster. Compare --moe-slot-bank 32/48/64 or use --ssd-cache auto.
ds4: prefill compute: routed experts = ANE i8i8 (W8A8) | dense proj = Q8 direct-RHS NAX; K-quant dense = fused mul_mm_id batch
ds4: prefill I/O: io-split=4 async-pread=on pread-threads=4 readahead=12 bank-prefetch=3 slot-cache-topk=0 xlayer=auto<=6k-tok topk=128
ds4: decode  I/O: io-split=4 router-prefetch=off scratch-prefetch=off max-loads=0 layer-stride=1 miss-direct-slot-pread=on prefetch-direct-slot-pread=off did-modify=on shared-down=on reset-after-prefill=off realloc-after-prefill=off restore-after-prefill=off resident=slot-bank slots=256
ds4: Flash-MoE banked kernels using M5 simdgroup_matrix fast path (prefetch=3, banks=4)
ds4: WARNING: prefill chunk 4096 clamped to 3968 by raw-KV cap (raw_cap=4096, window=128). Set DS4_METAL_GRAPH_RAW_CAP >= 4224 (window + chunk) — or unset it to auto-size — to honor the chunk.
ds4: prefill chunk cap EFFECTIVE=3968 tokens (DS4_METAL_PREFILL_CHUNK=16384), CLAMPED by raw-KV-cap (ctx-grow) (resident-NAX tiles this by scratch_cap; that tile gates the sync bridge)
processing 19 input tokens: 0/19 (0.0%) batch=0.00 t/s avg=0.00 t/s
ds4: ANE i8w-i8x-tiled-fused cached async prefill B=256 H=4096 I=2048 w_scale=0.00195312 x_scale=0.03125 mid_scale=0.03125
processing 19 input tokens: 0/19 (0.0%) batch=0.00 t/s avg=0.00 t/s
processing 19 input tokens: 0/19 (0.0%) batch=0.00 t/s avg=0.00 t/s
processing 19 input tokens: 1/19 (5.3%) batch=28.11 t/s avg=0.68 t/s
processing 19 input tokens: 1/19 (5.3%) batch=0.00 t/s avg=0.67 t/s
processing 19 input tokens: 2/19 (10.5%) batch=48.41 t/s avg=1.33 t/s
processing 19 input tokens: 2/19 (10.5%) batch=0.00 t/s avg=1.31 t/s
processing 19 input tokens: 3/19 (15.8%) batch=45.13 t/s avg=1.94 t/s
processing 19 input tokens: 3/19 (15.8%) batch=0.00 t/s avg=1.91 t/s
processing 19 input tokens: 3/19 (15.8%) batch=0.00 t/s avg=1.88 t/s
processing 19 input tokens: 4/19 (21.1%) batch=36.13 t/s avg=2.46 t/s
processing 19 input tokens: 4/19 (21.1%) batch=0.00 t/s avg=2.42 t/s
processing 19 input tokens: 5/19 (26.3%) batch=37.77 t/s avg=2.98 t/s
processing 19 input tokens: 5/19 (26.3%) batch=0.00 t/s avg=2.94 t/s
processing 19 input tokens: 6/19 (31.6%) batch=43.64 t/s avg=3.48 t/s
processing 19 input tokens: 6/19 (31.6%) batch=0.00 t/s avg=3.43 t/s
processing 19 input tokens: 7/19 (36.8%) batch=53.33 t/s avg=3.96 t/s
processing 19 input tokens: 7/19 (36.8%) batch=0.00 t/s avg=3.92 t/s
processing 19 input tokens: 7/19 (36.8%) batch=0.00 t/s avg=3.88 t/s
processing 19 input tokens: 8/19 (42.1%) batch=49.14 t/s avg=4.38 t/s
processing 19 input tokens: 8/19 (42.1%) batch=0.00 t/s avg=4.32 t/s
processing 19 input tokens: 9/19 (47.4%) batch=51.12 t/s avg=4.81 t/s
processing 19 input tokens: 9/19 (47.4%) batch=0.00 t/s avg=4.76 t/s
processing 19 input tokens: 10/19 (52.6%) batch=47.32 t/s avg=5.23 t/s
processing 19 input tokens: 10/19 (52.6%) batch=0.00 t/s avg=5.17 t/s
processing 19 input tokens: 11/19 (57.9%) batch=55.47 t/s avg=5.64 t/s
processing 19 input tokens: 11/19 (57.9%) batch=0.00 t/s avg=5.58 t/s
processing 19 input tokens: 11/19 (57.9%) batch=0.00 t/s avg=5.53 t/s
processing 19 input tokens: 12/19 (63.2%) batch=46.81 t/s avg=5.97 t/s
processing 19 input tokens: 12/19 (63.2%) batch=0.00 t/s avg=5.91 t/s
processing 19 input tokens: 13/19 (68.4%) batch=43.11 t/s avg=6.33 t/s
processing 19 input tokens: 13/19 (68.4%) batch=0.00 t/s avg=6.26 t/s
processing 19 input tokens: 14/19 (73.7%) batch=46.74 t/s avg=6.68 t/s
processing 19 input tokens: 14/19 (73.7%) batch=0.00 t/s avg=6.62 t/s
processing 19 input tokens: 15/19 (78.9%) batch=53.41 t/s avg=7.03 t/s
processing 19 input tokens: 15/19 (78.9%) batch=0.00 t/s avg=6.96 t/s
processing 19 input tokens: 15/19 (78.9%) batch=0.00 t/s avg=6.89 t/s
processing 19 input tokens: 16/19 (84.2%) batch=47.94 t/s avg=7.28 t/s
processing 19 input tokens: 16/19 (84.2%) batch=0.00 t/s avg=7.21 t/s
processing 19 input tokens: 17/19 (89.5%) batch=48.38 t/s avg=7.59 t/s
processing 19 input tokens: 17/19 (89.5%) batch=0.00 t/s avg=7.51 t/s
processing 19 input tokens: 18/19 (94.7%) batch=46.92 t/s avg=7.88 t/s
processing 19 input tokens: 18/19 (94.7%) batch=0.00 t/s avg=7.80 t/s
processing 19 input tokens: 19/19 (100.0%) batch=40.42 t/s avg=8.15 t/s
ds4: prefill full: 19 tokens in 2333.4 ms (8.1 t/s)
ds4: dspark rebuilt main-kv window positions 0..18
ds4: dspark draft FP8 rows5 kernel enabled
ds4: dspark draft FP8 strided rows5 kernel enabled
ds4: [mxfp4-native] two-dispatch plane decode arm engaged (dspark-strided, experts=6)
ds4: dspark draft row=0 prev=128822 next=9544 fast-markov
ds4: dspark draft row=1 prev=9544 next=734 fast-markov
ds4: dspark draft row=2 prev=734 next=260 fast-markov
ds4: dspark draft row=3 prev=260 next=5553 fast-markov
ds4: dspark draft row=4 prev=5553 next=3917 fast-markov
ds4: DSpark draft warmup: cap=5 rows=5 in 167.9 ms (paid before decode timer)
ds4: Flash-MoE mixed resident bank using fused GPU-selected decode path (slot id == expert id)
ds4: dspark draft row=0 prev=43 next=5922 fast-markov
ds4: dspark draft row=1 prev=5922 next=3551 fast-markov
ds4: dspark draft row=2 prev=3551 next=260 fast-markov
ds4: dspark draft row=3 prev=260 next=5553 fast-markov
ds4: dspark draft row=4 prev=5553 next=14 fast-markov
ds4: dspark confidence-softmax raw=5 selected=4 temp=1.00 cost=6.00+1.00*k mass_w=0.75 floor=0.00 skip_bias=0.25 zero=-340282346638528859811704183484516925440.000 p=[0.838,0.664,0.800,0.507,0.492] w=[0.393,0.151,0.304,0.078,0.074] score=[0.000,0.000,0.275,0.276,0.266]
ds4: dspark confidence scheduler mode=softmax threshold=0.000 raw=5 scheduled=4 probs=[0.838,0.664,0.800,0.507,0.492]
ds4: dspark verifier strict_v1 active=4 prefixN=1
ds4: dspark verifier Q8 rows5 shared-exact kernel enabled
ds4: dspark verifier microbatch KV FP8/raw-store rows enabled
ds4: dspark hybrid FFN-pre verifier using exact F16 rows path
ds4: dspark hybrid row-router verifier using exact F16 logits rows path
ds4: dspark hybrid row-router verifier using exact selector rows path
ds4: dspark row-routed direct Q2 down ordered-sum enabled
ds4: dspark hybrid row-routed verifier using row-exact tiny batch path
ds4: dspark hybrid shared verifier using exact fused rows path
ds4: dspark hybrid shared verifier using exact shared-down+HC rows path
ds4: dspark hybrid attention verifier using exact F16 compressor rows path
ds4: dspark hybrid attention verifier using exact F16 indexer-compressor rows path
ds4: dspark hybrid verifier deferring plain attention heads to batch call
ds4: dspark hybrid verifier using rows-exact flash attention heads
ds4: dspark verifier using experimental varmap rows5 attention kernel
ds4: dspark draft failed, emitted target token only
ds4: dspark draft failed, emitted target token only
ds4: dspark draft failed, emitted target token only
ds4: dspark draft failed, emitted target token only
ds4: dspark draft failed, emitted target token only
ds4: dspark draft failed, emitted target token only
ds4: dspark draft failed, emitted target token only
ds4: dspark draft failed, emitted target token only
ds4: dspark draft failed, emitted target token only
ds4: dspark draft failed, emitted target token only
ds4: dspark draft failed, emitted target token only
ds4: dspark draft failed, emitted target token only
ds4: dspark draft failed, emitted target token only
ds4: dspark draft failed, emitted target token only
ds4: dspark draft failed, emitted target token only
ds4: dspark draft failed, emitted target token only
ds4: dspark draft failed, emitted target token only
ds4: dspark draft failed, emitted target token only
ds4: dspark draft failed, emitted target token only
ds4: dspark draft failed, emitted target token only
ds4: dspark draft failed, emitted target token only
ds4: dspark draft failed, emitted target token only
ds4: dspark draft failed, emitted target token only
ds4: dspark draft failed, emitted target token only
ds4: dspark draft failed, emitted target token only
ds4: dspark draft failed, emitted target token only
ds4: dspark draft failed, emitted target token only
ds4: dspark draft failed, emitted target token only
ds4: dspark draft failed, emitted target token only
ds4: dspark draft failed, emitted target token only
ds4: dspark draft failed, emitted target token only
ds4: dspark draft failed, emitted target token only
ds4: dspark draft failed, emitted target token only
ds4: dspark draft failed, emitted target token only
ds4: dspark draft failed, emitted target token only
ds4: dspark draft failed, emitted target token only
ds4: dspark draft failed, emitted target token only
ds4: dspark draft failed, emitted target token only
ds4: dspark draft failed, emitted target token only
ds4: dspark draft failed, emitted target token only
ds4: dspark draft failed, emitted target token only
ds4: dspark draft failed, emitted target token only
ds4: dspark draft failed, emitted target token only
ds4: dspark draft failed, emitted target token only
ds4: dspark draft failed, emitted target token only
ds4: dspark draft failed, emitted target token only
ds4: dspark draft failed, emitted target token only
ds4: dspark draft failed, emitted target token only
ds4: dspark draft failed, emitted target token only
ds4: dspark draft failed, emitted target token only
ds4: dspark draft failed, emitted target token only
ds4: dspark draft failed, emitted target token only
ds4: dspark draft failed, emitted target token only
ds4: dspark draft failed, emitted target token only
ds4: dspark draft failed, emitted target token only
ds4: dspark draft failed, emitted target token only
ds4: dspark draft failed, emitted target token only
ds4: dspark draft failed, emitted target token only
ds4: dspark draft failed, emitted target token only
ds4: dspark draft failed, emitted target token only
ds4: dspark draft failed, emitted target token only
ds4: dspark draft failed, emitted target token only
ds4: dspark draft failed, emitted target token only
ds4: dspark draft failed, emitted target token only
ds4: dspark draft failed, emitted target token only
ds4: dspark draft failed, emitted target token only
ds4: dspark draft failed, emitted target token only
ds4: dspark draft failed, emitted target token only
ds4: dspark draft failed, emitted target token only
ds4: dspark draft failed, emitted target token only
ds4: dspark draft failed, emitted target token only
ds4: dspark draft failed, emitted target token only
ds4: dspark draft failed, emitted target token only
ds4: dspark draft failed, emitted target token only
ds4: dspark draft failed, emitted target token only
ds4: dspark draft failed, emitted target token only
ds4: dspark draft failed, emitted target token only
ds4: dspark draft failed, emitted target token only
ds4: dspark draft failed, emitted target token only
ds4: dspark draft failed, emitted target token only
ds4: dspark draft failed, emitted target token only
ds4: dspark draft failed, emitted target token only
ds4: dspark draft failed, emitted target token only
ds4: dspark draft failed, emitted target token only
ds4: dspark draft failed, emitted target token only
ds4: dspark draft failed, emitted target token only
ds4: dspark draft failed, emitted target token only
ds4: dspark draft failed, emitted target token only
ds4: dspark draft failed, emitted target token only
ds4: dspark draft failed, emitted target token only
ds4: dspark draft failed, emitted target token only
ds4: dspark draft failed, emitted target token only
ds4: dspark draft failed, emitted target token only
ds4: dspark draft failed, emitted target token only
ds4: dspark draft failed, emitted target token only
ds4: dspark draft failed, emitted target token only
ds4: dspark draft failed, emitted target token only
ds4: dspark draft failed, emitted target token only
ds4: dspark draft failed, emitted target token only
ds4: dspark draft failed, emitted target token only
ds4: dspark draft failed, emitted target token only
ds4: dspark draft failed, emitted target token only
ds4: dspark draft failed, emitted target token only
ds4: dspark draft failed, emitted target token only
ds4: dspark draft failed, emitted target token only
ds4: dspark draft failed, emitted target token only
ds4: dspark draft failed, emitted target token only
ds4: dspark draft failed, emitted target token only
ds4: dspark draft failed, emitted target token only
ds4: dspark draft failed, emitted target token only
ds4: dspark draft failed, emitted target token only
ds4: dspark draft failed, emitted target token only
ds4: dspark draft failed, emitted target token only
ds4: dspark draft failed, emitted target token only
ds4: dspark draft failed, emitted target token only
ds4: dspark draft failed, emitted target token only
ds4: dspark draft failed, emitted target token only
ds4: dspark draft failed, emitted target token only
ds4: dspark draft failed, emitted target token only
ds4: dspark draft failed, emitted target token only
ds4: dspark draft failed, emitted target token only
ds4: dspark draft failed, emitted target token only
ds4: dspark draft failed, emitted target token only
ds4: dspark draft failed, emitted target token only
ds4: dspark draft failed, emitted target token only
ds4: dspark draft failed, emitted target token only
ds4: dspark draft failed, emitted target token only
ds4: dspark draft failed, emitted target token only
ds4: dspark draft failed, emitted target token only
ds4: dspark draft failed, emitted target token only
ds4: dspark draft failed, emitted target token only
ds4: dspark draft failed, emitted target token only
ds4: dspark draft failed, emitted target token only
ds4: dspark draft failed, emitted target token only
ds4: dspark draft failed, emitted target token only
ds4: dspark draft failed, emitted target token only
ds4: dspark draft failed, emitted target token only
ds4: dspark draft failed, emitted target token only
ds4: dspark draft failed, emitted target token only
ds4: dspark draft failed, emitted target token only
ds4: dspark draft failed, emitted target token only
ds4: dspark draft failed, emitted target token only
ds4: dspark draft failed, emitted target token only
ds4: dspark draft failed, emitted target token only
ds4: dspark draft failed, emitted target token only
ds4: dspark draft failed, emitted target token only
ds4: dspark draft failed, emitted target token only
ds4: dspark draft failed, emitted target token only
ds4: dspark draft failed, emitted target token only
ds4: dspark draft failed, emitted target token only
ds4: dspark draft row=0 prev=223 next=18 fast-markov
ds4: dspark draft row=1 prev=18 next=682 fast-markov
ds4: dspark draft row=2 prev=682 next=59 fast-markov
ds4: dspark draft row=3 prev=59 next=53063 fast-markov
ds4: dspark confidence-softmax raw=4 selected=4 temp=1.00 cost=6.00+1.00*k mass_w=0.75 floor=0.00 skip_bias=0.25 zero=-340282346638528859811704183484516925440.000 p=[1.000,0.992,0.876,0.981,0.000] w=[1.000,0.000,0.000,0.000,0.000] score=[0.000,0.000,0.401,0.446,0.000]
ds4: dspark confidence scheduler mode=softmax threshold=0.000 raw=4 scheduled=4 probs=[1.000,0.992,0.876,0.981,0.000]
ds4: dspark draft row=0 prev=20880 next=11698 fast-markov
ds4: dspark confidence-softmax raw=1 selected=1 temp=1.00 cost=6.00+1.00*k mass_w=0.75 floor=0.00 skip_bias=0.25 zero=-340282346638528859811704183484516925440.000 p=[0.969,0.000,0.000,0.000,0.000] w=[1.000,0.000,0.000,0.000,0.000] score=[0.246,0.000,0.000,0.000,0.000]
ds4: dspark confidence scheduler mode=softmax threshold=0.000 raw=1 scheduled=1 probs=[0.969,0.000,0.000,0.000,0.000]
ds4: dspark spec seq drafted=1 verified=1 accepted=2
ds4: ----------------------------------------
ds4: prefill: 7.51 t/s, generation: 36.44 t/s (160 tokens in 4.390s)
ds4: dspark perf: draft=251.7 tok/s, verify=49.9 proposed tok/s, verify-accepted=38.8 tok/s, block=73.57 ms (draft=11.92 verify=60.11 overhead=1.55 commit=0.89, tau=2.33, blocks=3)
ds4: dspark verify GPU-busy: 42.91 ms/block of 60.11 ms verify (71.4% active, 28.6% idle)
ds4: vm pressure: app=83.50 GiB resident=25.85 GiB wired=95.73 GiB compressed=2.80 GiB logical=4.85 GiB swap=5.39/6.00 GiB pressure=86% free=3.04 GiB gpu=83.42 GiB gpu-compressed=0.00 GiB task-compressed=65.92 GiB decompressions=6560210
ds4: dspark acceptance: 77.8% (7/9 draft tokens)
ds4: dspark acceptance by position: 1=3/3 2=2/2 3=1/2 4=1/2
ds4: dspark conditional acceptance: 1=100.0% (3/3) 2|1=100.0% (2/2) 3|1-2=50.0% (1/2) 4|1-3=100.0% (1/1)
ds4: dspark full-accept: 66.7% (2/3 blocks), first-miss: 0.0% (0/3 blocks)
ds4: dspark avg scheduled: 3.00 draft tokens/block (3 blocks)
ds4: Flash-MoE resident slot bank: resident-slots=11008/11008 (100.0%, avg=256.0/layer) installed=72.56 GiB
