ds4: detected DS4 sidecar package: -m /Users/anemll/Models/flash/dsv4-iq2xxs-expert-major/dense/model-dense.gguf, --moe-sidecar /Users/anemll/Models/flash/dsv4-iq2xxs-expert-major, --moe-mode slot-bank
ds4: applied sidecar tuning profile [Apple M5 Max] from ds4_profile.json (51 env defaults set, 0 kept from environment)
ds4: warning: raw KV cap limits Metal prefill chunk (prefill_chunk=4096, raw_kv_rows=4096, raw_window=128, effective_chunk=3968; target raw cap for one chunk is 4352, also requires ctx >= that value)
ds4: context buffers 429.99 MiB (ctx=4096, backend=metal, prefill_chunk=4096, raw_kv_rows=4096, compressed_kv_rows=1026)
ds4: Flash-MoE sidecar loaded: /Users/anemll/Models/flash/dsv4-iq2xxs-expert-major (slot-bank=256, expert-record 6.75 MiB)
ds4: Flash-MoE expert mmap cache: off; expert reads: pread
ds4: Metal device Apple M5 Max, 128.00 GiB RAM, GPU working-set budget 107.52 GiB (raise with: sudo sysctl iogpu.wired_limit_mb=<MB>)
ds4: drift-patch flags hc_stable=on norm_unify=on kv_raw_f32=off rope_exp2_log2=off math_safe=off tensor_matmul=off
ds4: MXFP4 native library (MSL 4.1): repack=ok selected-repack=ok selected-plane-copy=ok scale-plane matmul=ok selected-matmul=ok decode2=pair/sum6 batch-decode2=pair/sum6 batch-strided=pair/sum6 hybrid-down=sum6 chunked-decode2=pair/sum6
ds4: DS4_MXFP4_NATIVE=1: native MXFP4 available (MPP 4.1 scale-plane matmul2d)
ds4: DSpark resident expert cache: ranges=9 bytes=9.56 GiB (persistent; debug opt-out requires DS4_DSPARK_ALLOW_NONRESIDENT=1)
ds4: DSpark sidecar Metal residency requested: buffers=9 bytes=9.56 GiB
ds4: DSpark draft package loaded: /Users/anemll/Models/DSv4-Flash-DSpark-draft (block=5 verify=1 scheduler=static conf=0.000 noise=128799 target_layers=40,41,42 markov_rank=256 records=81 mapped=10.12 GiB)
ds4: DSpark draft records: F32=41 F16=6 FP8_E4M3=25 MXFP4_NATIVE=9
ds4: DSpark draft inference enabled: MPP 4.1 FP8/MXFP4 draft kernels, fused routed-MoE per draft layer, persistent resident experts, greedy Markov head, exact verifier v1
ds4: Flash-MoE using mmap-backed dense/shared weights without full-model Metal residency warmup
ds4: Metal model views created in 0.275 ms, residency requested in 0.000 ms, warmup 0.001 ms (mapped 8393.67 MiB from offset 5.06 MiB)
ds4: Metal mapped mmaped model as 1 overlapping shared buffers
ds4: metal backend initialized for graph diagnostics
ds4: prefill routed-MoE (requested): mul_mm_id (grouped GPU / ALU)  [grouped path]
ds4: prefill quant scales (ANE env first): w_qscale=512 x_qscale=32 mid_qscale=32 w_scale=0.00195312 x_scale=0.03125 mid_scale=0.03125
ds4: prefill ctx-grow: on, block=16384 tokens
ds4: prefill chunk cap: 16384, graph_raw_cap=auto
ds4: Flash-MoE resident mixed slot-bank load: layers=43 slots=256 bytes=72.56 GiB (one dot per layer)
ds4: Flash-MoE resident prepare: ........................................... 72.56/72.56 GiB (43 layers)
ds4: Flash-MoE resident preload: ........................................... 72.56/72.56 GiB (43 layers)
ds4: Flash-MoE preloaded mixed slot bank: layers=43 slots=256 identity-mapped experts=256
ds4: Flash-MoE slot-bank Metal residency requested: buffers=43 bytes=72.56 GiB
ds4: Flash-MoE slot-bank pages touched: buffers=43 bytes=72.56 GiB
ds4: Flash-MoE slot banks allocated: layers=43 slots=256 gpu-bank=72.6GB Dense: 8.2GB Context: 0.4GB Total <<<< 81.2GB >>>>
ds4: Flash-MoE slot bank layout: mixed expert-major
ds4: warning: very large Flash-MoE slot bank can collapse decode throughput (slots=256, gpu-bank=72.56 GiB). The wired bank competes with the OS file cache that serves decode-miss reads of the sidecar; when the sidecar is larger than RAM, smaller banks decode faster. Compare --moe-slot-bank 32/48/64 or use --ssd-cache auto.
ds4: prefill compute: routed experts = ANE i8i8 (W8A8) | dense proj = Q8 direct-RHS NAX; K-quant dense = fused mul_mm_id batch
ds4: prefill I/O: io-split=4 async-pread=on pread-threads=4 readahead=12 bank-prefetch=3 slot-cache-topk=0 xlayer=auto<=6k-tok topk=128
ds4: decode  I/O: io-split=4 router-prefetch=off scratch-prefetch=off max-loads=0 layer-stride=1 miss-direct-slot-pread=on prefetch-direct-slot-pread=off did-modify=on shared-down=on reset-after-prefill=off realloc-after-prefill=off restore-after-prefill=off resident=slot-bank slots=256
ds4: Flash-MoE banked kernels using M5 simdgroup_matrix fast path (prefetch=3, banks=4)
ds4: WARNING: prefill chunk 4096 clamped to 3968 by raw-KV cap (raw_cap=4096, window=128). Set DS4_METAL_GRAPH_RAW_CAP >= 4224 (window + chunk) — or unset it to auto-size — to honor the chunk.
ds4: prefill chunk cap EFFECTIVE=3968 tokens (DS4_METAL_PREFILL_CHUNK=16384), CLAMPED by raw-KV-cap (ctx-grow) (resident-NAX tiles this by scratch_cap; that tile gates the sync bridge)
processing 19 input tokens: 0/19 (0.0%) batch=0.00 t/s avg=0.00 t/s
ds4: ANE i8w-i8x-tiled-fused cached async prefill B=256 H=4096 I=2048 w_scale=0.00195312 x_scale=0.03125 mid_scale=0.03125
processing 19 input tokens: 0/19 (0.0%) batch=0.00 t/s avg=0.00 t/s
processing 19 input tokens: 0/19 (0.0%) batch=0.00 t/s avg=0.00 t/s
processing 19 input tokens: 1/19 (5.3%) batch=29.98 t/s avg=0.44 t/s
processing 19 input tokens: 1/19 (5.3%) batch=0.00 t/s avg=0.43 t/s
processing 19 input tokens: 2/19 (10.5%) batch=55.55 t/s avg=0.86 t/s
processing 19 input tokens: 2/19 (10.5%) batch=0.00 t/s avg=0.85 t/s
processing 19 input tokens: 3/19 (15.8%) batch=51.38 t/s avg=1.27 t/s
processing 19 input tokens: 3/19 (15.8%) batch=0.00 t/s avg=1.26 t/s
processing 19 input tokens: 3/19 (15.8%) batch=0.00 t/s avg=1.25 t/s
processing 19 input tokens: 4/19 (21.1%) batch=49.87 t/s avg=1.65 t/s
processing 19 input tokens: 4/19 (21.1%) batch=0.00 t/s avg=1.64 t/s
processing 19 input tokens: 5/19 (26.3%) batch=49.40 t/s avg=2.03 t/s
processing 19 input tokens: 5/19 (26.3%) batch=0.00 t/s avg=2.01 t/s
processing 19 input tokens: 6/19 (31.6%) batch=54.79 t/s avg=2.40 t/s
processing 19 input tokens: 6/19 (31.6%) batch=0.00 t/s avg=2.38 t/s
processing 19 input tokens: 7/19 (36.8%) batch=60.87 t/s avg=2.76 t/s
processing 19 input tokens: 7/19 (36.8%) batch=0.00 t/s avg=2.74 t/s
processing 19 input tokens: 7/19 (36.8%) batch=0.00 t/s avg=2.72 t/s
processing 19 input tokens: 8/19 (42.1%) batch=54.02 t/s avg=3.09 t/s
processing 19 input tokens: 8/19 (42.1%) batch=0.00 t/s avg=3.06 t/s
processing 19 input tokens: 9/19 (47.4%) batch=54.08 t/s avg=3.42 t/s
processing 19 input tokens: 9/19 (47.4%) batch=0.00 t/s avg=3.40 t/s
processing 19 input tokens: 10/19 (52.6%) batch=51.86 t/s avg=3.75 t/s
processing 19 input tokens: 10/19 (52.6%) batch=0.00 t/s avg=3.72 t/s
processing 19 input tokens: 11/19 (57.9%) batch=59.11 t/s avg=4.06 t/s
processing 19 input tokens: 11/19 (57.9%) batch=0.00 t/s avg=4.04 t/s
processing 19 input tokens: 11/19 (57.9%) batch=0.00 t/s avg=4.01 t/s
processing 19 input tokens: 12/19 (63.2%) batch=50.52 t/s avg=4.35 t/s
processing 19 input tokens: 12/19 (63.2%) batch=0.00 t/s avg=4.32 t/s
processing 19 input tokens: 13/19 (68.4%) batch=49.99 t/s avg=4.65 t/s
processing 19 input tokens: 13/19 (68.4%) batch=0.00 t/s avg=4.62 t/s
processing 19 input tokens: 14/19 (73.7%) batch=51.68 t/s avg=4.94 t/s
processing 19 input tokens: 14/19 (73.7%) batch=0.00 t/s avg=4.91 t/s
processing 19 input tokens: 15/19 (78.9%) batch=56.76 t/s avg=5.23 t/s
processing 19 input tokens: 15/19 (78.9%) batch=0.00 t/s avg=5.19 t/s
processing 19 input tokens: 15/19 (78.9%) batch=0.00 t/s avg=5.16 t/s
processing 19 input tokens: 16/19 (84.2%) batch=51.75 t/s avg=5.46 t/s
processing 19 input tokens: 16/19 (84.2%) batch=0.00 t/s avg=5.43 t/s
processing 19 input tokens: 17/19 (89.5%) batch=53.35 t/s avg=5.73 t/s
processing 19 input tokens: 17/19 (89.5%) batch=0.00 t/s avg=5.69 t/s
processing 19 input tokens: 18/19 (94.7%) batch=53.30 t/s avg=5.98 t/s
processing 19 input tokens: 18/19 (94.7%) batch=0.00 t/s avg=5.95 t/s
processing 19 input tokens: 19/19 (100.0%) batch=45.78 t/s avg=6.23 t/s
ds4: prefill full: 19 tokens in 3051.3 ms (6.2 t/s)
ds4: [mxfp4-native] two-dispatch plane decode arm engaged (dspark-strided, experts=6)
ds4: DSpark draft warmup: cap=1 rows=1 in 161.2 ms (paid before decode timer)
ds4: Flash-MoE mixed resident bank using fused GPU-selected decode path (slot id == expert id)
ds4: dspark timing seq drafted=1 verified=1 draft=5.769 ms verify=28.512 ms total=34.366 ms
ds4: dspark timing seq drafted=1 verified=1 draft=5.911 ms verify=27.912 ms total=33.882 ms
ds4: dspark timing seq drafted=1 verified=1 draft=5.741 ms verify=28.689 ms total=34.512 ms
ds4: dspark timing seq drafted=1 verified=1 draft=5.825 ms verify=28.044 ms total=33.960 ms
ds4: dspark timing seq drafted=1 verified=1 draft=6.381 ms verify=28.839 ms total=35.290 ms
ds4: dspark timing seq drafted=1 verified=1 draft=5.801 ms verify=28.784 ms total=34.669 ms
ds4: dspark timing seq drafted=1 verified=1 draft=5.836 ms verify=28.755 ms total=34.681 ms
ds4: dspark timing seq drafted=1 verified=1 draft=6.454 ms verify=27.818 ms total=34.365 ms
ds4: dspark timing seq drafted=1 verified=1 draft=6.413 ms verify=28.007 ms total=34.481 ms
ds4: dspark timing seq drafted=1 verified=1 draft=5.723 ms verify=27.994 ms total=33.776 ms
ds4: dspark timing seq drafted=1 verified=1 draft=5.824 ms verify=28.560 ms total=34.446 ms
ds4: dspark timing seq drafted=1 verified=1 draft=5.805 ms verify=27.023 ms total=32.890 ms
ds4: dspark timing seq drafted=1 verified=1 draft=5.796 ms verify=27.084 ms total=32.939 ms
ds4: dspark timing seq drafted=1 verified=1 draft=5.835 ms verify=27.052 ms total=32.948 ms
ds4: dspark timing seq drafted=1 verified=1 draft=6.625 ms verify=27.835 ms total=34.526 ms
ds4: dspark timing seq drafted=1 verified=1 draft=5.913 ms verify=27.060 ms total=33.057 ms
ds4: dspark timing seq drafted=1 verified=1 draft=5.794 ms verify=26.844 ms total=32.711 ms
ds4: dspark timing seq drafted=1 verified=1 draft=5.918 ms verify=27.922 ms total=33.930 ms
ds4: dspark timing seq drafted=1 verified=1 draft=5.896 ms verify=27.107 ms total=33.087 ms
ds4: dspark timing seq drafted=1 verified=1 draft=5.829 ms verify=27.072 ms total=32.965 ms
ds4: dspark timing seq drafted=1 verified=1 draft=5.879 ms verify=29.259 ms total=35.200 ms
ds4: dspark timing seq drafted=1 verified=1 draft=5.919 ms verify=27.116 ms total=33.130 ms
ds4: dspark timing seq drafted=1 verified=1 draft=5.961 ms verify=28.358 ms total=34.407 ms
ds4: dspark timing seq drafted=1 verified=1 draft=5.816 ms verify=28.033 ms total=33.912 ms
ds4: dspark timing seq drafted=1 verified=1 draft=5.882 ms verify=28.346 ms total=34.322 ms
ds4: dspark timing seq drafted=1 verified=1 draft=5.862 ms verify=27.086 ms total=33.031 ms
ds4: dspark timing seq drafted=1 verified=1 draft=5.902 ms verify=28.430 ms total=34.425 ms
ds4: dspark timing seq drafted=1 verified=1 draft=5.731 ms verify=27.087 ms total=32.879 ms
ds4: dspark timing seq drafted=1 verified=1 draft=6.063 ms verify=29.281 ms total=35.438 ms
ds4: dspark timing seq drafted=1 verified=1 draft=5.795 ms verify=27.155 ms total=33.039 ms
ds4: dspark timing seq drafted=1 verified=1 draft=5.827 ms verify=28.487 ms total=34.383 ms
ds4: dspark timing seq drafted=1 verified=1 draft=6.003 ms verify=27.884 ms total=33.969 ms
ds4: dspark timing seq drafted=1 verified=1 draft=5.888 ms verify=27.131 ms total=33.111 ms
ds4: dspark timing seq drafted=1 verified=1 draft=6.330 ms verify=27.168 ms total=33.563 ms
ds4: dspark timing seq drafted=1 verified=1 draft=5.914 ms verify=28.436 ms total=34.434 ms
ds4: dspark timing seq drafted=1 verified=1 draft=5.878 ms verify=26.941 ms total=32.880 ms
ds4: dspark timing seq drafted=1 verified=1 draft=5.904 ms verify=27.020 ms total=32.986 ms
ds4: dspark timing seq drafted=1 verified=1 draft=5.879 ms verify=28.417 ms total=34.358 ms
ds4: dspark timing seq drafted=1 verified=1 draft=5.961 ms verify=27.112 ms total=33.166 ms
ds4: dspark timing seq drafted=1 verified=1 draft=5.884 ms verify=28.610 ms total=34.555 ms
ds4: dspark timing seq drafted=1 verified=1 draft=5.896 ms verify=27.803 ms total=33.760 ms
ds4: dspark timing seq drafted=1 verified=1 draft=5.915 ms verify=26.950 ms total=32.924 ms
ds4: dspark timing seq drafted=1 verified=1 draft=5.993 ms verify=28.185 ms total=34.267 ms
ds4: dspark timing seq drafted=1 verified=1 draft=5.947 ms verify=27.073 ms total=33.108 ms
ds4: dspark timing seq drafted=1 verified=1 draft=5.817 ms verify=27.046 ms total=32.925 ms
ds4: dspark timing seq drafted=1 verified=1 draft=5.918 ms verify=29.391 ms total=35.371 ms
ds4: dspark timing seq drafted=1 verified=1 draft=6.006 ms verify=27.993 ms total=34.060 ms
ds4: dspark timing seq drafted=1 verified=1 draft=6.072 ms verify=30.311 ms total=36.445 ms
ds4: dspark timing seq drafted=1 verified=1 draft=5.927 ms verify=27.247 ms total=33.236 ms
ds4: dspark timing seq drafted=1 verified=1 draft=5.898 ms verify=28.712 ms total=34.671 ms
ds4: dspark timing seq drafted=1 verified=1 draft=5.989 ms verify=28.261 ms total=34.343 ms
ds4: dspark timing seq drafted=1 verified=1 draft=5.892 ms verify=28.660 ms total=34.613 ms
ds4: dspark timing seq drafted=1 verified=1 draft=6.004 ms verify=27.373 ms total=33.467 ms
ds4: dspark timing seq drafted=1 verified=1 draft=5.987 ms verify=29.554 ms total=35.602 ms
ds4: dspark timing seq drafted=1 verified=1 draft=5.968 ms verify=27.436 ms total=33.490 ms
ds4: dspark timing seq drafted=1 verified=1 draft=6.039 ms verify=28.278 ms total=34.378 ms
ds4: dspark timing seq drafted=1 verified=1 draft=5.965 ms verify=29.089 ms total=35.116 ms
ds4: dspark timing seq drafted=1 verified=1 draft=6.105 ms verify=29.007 ms total=35.192 ms
ds4: dspark timing seq drafted=1 verified=1 draft=5.980 ms verify=30.646 ms total=36.712 ms
ds4: dspark timing seq drafted=1 verified=1 draft=5.972 ms verify=28.274 ms total=34.329 ms
ds4: dspark timing seq drafted=1 verified=1 draft=5.961 ms verify=30.789 ms total=36.833 ms
ds4: dspark timing seq drafted=1 verified=1 draft=5.947 ms verify=29.196 ms total=35.235 ms
ds4: dspark timing seq drafted=1 verified=1 draft=5.946 ms verify=30.622 ms total=36.653 ms
ds4: dspark timing seq drafted=1 verified=1 draft=6.071 ms verify=29.141 ms total=35.294 ms
ds4: dspark timing seq drafted=1 verified=1 draft=6.029 ms verify=29.860 ms total=35.974 ms
ds4: dspark timing seq drafted=1 verified=1 draft=6.834 ms verify=28.277 ms total=35.173 ms
ds4: dspark timing seq drafted=1 verified=1 draft=6.702 ms verify=28.343 ms total=35.106 ms
ds4: dspark timing seq drafted=1 verified=1 draft=5.985 ms verify=29.181 ms total=35.228 ms
ds4: dspark timing seq drafted=1 verified=1 draft=5.911 ms verify=27.432 ms total=33.405 ms
ds4: dspark timing seq drafted=1 verified=1 draft=5.958 ms verify=28.204 ms total=34.224 ms
ds4: dspark timing seq drafted=1 verified=1 draft=6.027 ms verify=27.416 ms total=33.535 ms
ds4: dspark timing seq drafted=1 verified=1 draft=5.964 ms verify=27.297 ms total=33.348 ms
ds4: ----------------------------------------
ds4: prefill: 5.87 t/s, generation: 31.63 t/s (160 tokens in 5.059s)
ds4: dspark acceptance: 81.8% (72/88 draft tokens)
ds4: Flash-MoE resident slot bank: resident-slots=11008/11008 (100.0%, avg=256.0/layer) installed=72.56 GiB
