ds4: detected DS4 sidecar package: -m /Users/anemll/Models/flash/dsv4-iq2xxs-expert-major/dense/model-dense.gguf, --moe-sidecar /Users/anemll/Models/flash/dsv4-iq2xxs-expert-major, --moe-mode slot-bank
ds4: applied sidecar tuning profile [Apple M5 Max] from ds4_profile.json (51 env defaults set, 0 kept from environment)
ds4: warning: raw KV cap limits Metal prefill chunk (prefill_chunk=4096, raw_kv_rows=4096, raw_window=128, effective_chunk=3968; target raw cap for one chunk is 4352, also requires ctx >= that value)
ds4: context buffers 429.99 MiB (ctx=4096, backend=metal, prefill_chunk=4096, raw_kv_rows=4096, compressed_kv_rows=1026)
ds4: Flash-MoE sidecar loaded: /Users/anemll/Models/flash/dsv4-iq2xxs-expert-major (slot-bank=256, expert-record 6.75 MiB)
ds4: Flash-MoE expert mmap cache: off; expert reads: pread
ds4: Metal device Apple M5 Max, 128.00 GiB RAM, GPU working-set budget 107.52 GiB (raise with: sudo sysctl iogpu.wired_limit_mb=<MB>)
ds4: drift-patch flags hc_stable=on norm_unify=on kv_raw_f32=off rope_exp2_log2=off math_safe=off tensor_matmul=off
ds4: MXFP4 native library (MSL 4.1): repack=ok selected-repack=ok selected-plane-copy=ok scale-plane matmul=ok selected-matmul=ok decode2=pair/sum6 batch-decode2=pair/sum6 batch-strided=pair/sum6 hybrid-down=sum6 chunked-decode2=pair/sum6
ds4: DS4_MXFP4_NATIVE=1: native MXFP4 available (MPP 4.1 scale-plane matmul2d)
ds4: DSpark resident expert cache: ranges=9 bytes=9.56 GiB (disable with DS4_DSPARK_RESIDENT=0)
ds4: DSpark sidecar Metal residency requested: buffers=9 bytes=9.56 GiB
ds4: DSpark draft package loaded: /Users/anemll/Models/DSv4-Flash-DSpark-draft (block=5 verify=2 scheduler=static conf=0.000 noise=128799 target_layers=40,41,42 markov_rank=256 records=81 mapped=10.12 GiB)
ds4: DSpark draft records: F32=41 F16=6 FP8_E4M3=25 MXFP4_NATIVE=9
ds4: DSpark draft inference enabled: MPP 4.1 FP8/MXFP4 draft kernels, fused routed-MoE per draft layer, resident experts, greedy Markov head, exact verifier v1
ds4: Flash-MoE using mmap-backed dense/shared weights without full-model Metal residency warmup
ds4: Metal model views created in 0.251 ms, residency requested in 0.000 ms, warmup 0.000 ms (mapped 8393.67 MiB from offset 5.06 MiB)
ds4: Metal mapped mmaped model as 1 overlapping shared buffers
ds4: metal backend initialized for graph diagnostics
ds4: prefill routed-MoE (requested): mul_mm_id (grouped GPU / ALU)  [grouped path]
ds4: prefill quant scales (ANE env first): w_qscale=512 x_qscale=32 mid_qscale=32 w_scale=0.00195312 x_scale=0.03125 mid_scale=0.03125
ds4: prefill ctx-grow: on, block=16384 tokens
ds4: prefill chunk cap: 16384, graph_raw_cap=auto
ds4: Flash-MoE resident mixed slot-bank load: layers=43 slots=256 bytes=72.56 GiB (one dot per layer)
ds4: Flash-MoE resident prepare: ........................................... 72.56/72.56 GiB (43 layers)
ds4: Flash-MoE resident preload: ........................................... 72.56/72.56 GiB (43 layers)
ds4: Flash-MoE preloaded mixed slot bank: layers=43 slots=256 identity-mapped experts=256
ds4: Flash-MoE slot-bank Metal residency requested: buffers=43 bytes=72.56 GiB
ds4: Flash-MoE slot-bank pages touched: buffers=43 bytes=72.56 GiB
ds4: Flash-MoE slot banks allocated: layers=43 slots=256 gpu-bank=72.6GB Dense: 8.2GB Context: 0.4GB Total <<<< 81.2GB >>>>
ds4: Flash-MoE slot bank layout: mixed expert-major
ds4: warning: very large Flash-MoE slot bank can collapse decode throughput (slots=256, gpu-bank=72.56 GiB). The wired bank competes with the OS file cache that serves decode-miss reads of the sidecar; when the sidecar is larger than RAM, smaller banks decode faster. Compare --moe-slot-bank 32/48/64 or use --ssd-cache auto.
ds4: prefill compute: routed experts = ANE i8i8 (W8A8) | dense proj = Q8 direct-RHS NAX; K-quant dense = fused mul_mm_id batch
ds4: prefill I/O: io-split=4 async-pread=on pread-threads=4 readahead=12 bank-prefetch=3 slot-cache-topk=0 xlayer=auto<=6k-tok topk=128
ds4: decode  I/O: io-split=4 router-prefetch=off scratch-prefetch=off max-loads=0 layer-stride=1 miss-direct-slot-pread=on prefetch-direct-slot-pread=off did-modify=on shared-down=on reset-after-prefill=off realloc-after-prefill=off restore-after-prefill=off resident=slot-bank slots=256
ds4: Flash-MoE banked kernels using M5 simdgroup_matrix fast path (prefetch=3, banks=4)
ds4: WARNING: prefill chunk 4096 clamped to 3968 by raw-KV cap (raw_cap=4096, window=128). Set DS4_METAL_GRAPH_RAW_CAP >= 4224 (window + chunk) — or unset it to auto-size — to honor the chunk.
ds4: prefill chunk cap EFFECTIVE=3968 tokens (DS4_METAL_PREFILL_CHUNK=16384), CLAMPED by raw-KV-cap (ctx-grow) (resident-NAX tiles this by scratch_cap; that tile gates the sync bridge)
processing 19 input tokens: 0/19 (0.0%) batch=0.00 t/s avg=0.00 t/s
ds4: ANE i8w-i8x-tiled-fused cached async prefill B=256 H=4096 I=2048 w_scale=0.00195312 x_scale=0.03125 mid_scale=0.03125
processing 19 input tokens: 0/19 (0.0%) batch=0.00 t/s avg=0.00 t/s
processing 19 input tokens: 0/19 (0.0%) batch=0.00 t/s avg=0.00 t/s
processing 19 input tokens: 1/19 (5.3%) batch=22.33 t/s avg=0.82 t/s
processing 19 input tokens: 1/19 (5.3%) batch=0.00 t/s avg=0.81 t/s
processing 19 input tokens: 2/19 (10.5%) batch=55.41 t/s avg=1.60 t/s
processing 19 input tokens: 2/19 (10.5%) batch=0.00 t/s avg=1.58 t/s
processing 19 input tokens: 3/19 (15.8%) batch=53.30 t/s avg=2.33 t/s
processing 19 input tokens: 3/19 (15.8%) batch=0.00 t/s avg=2.29 t/s
processing 19 input tokens: 3/19 (15.8%) batch=0.00 t/s avg=2.26 t/s
processing 19 input tokens: 4/19 (21.1%) batch=49.41 t/s avg=2.97 t/s
processing 19 input tokens: 4/19 (21.1%) batch=0.00 t/s avg=2.92 t/s
processing 19 input tokens: 5/19 (26.3%) batch=49.88 t/s avg=3.60 t/s
processing 19 input tokens: 5/19 (26.3%) batch=0.00 t/s avg=3.55 t/s
processing 19 input tokens: 6/19 (31.6%) batch=54.06 t/s avg=4.21 t/s
processing 19 input tokens: 6/19 (31.6%) batch=0.00 t/s avg=4.16 t/s
processing 19 input tokens: 7/19 (36.8%) batch=59.13 t/s avg=4.79 t/s
processing 19 input tokens: 7/19 (36.8%) batch=0.00 t/s avg=4.73 t/s
processing 19 input tokens: 7/19 (36.8%) batch=0.00 t/s avg=4.68 t/s
processing 19 input tokens: 8/19 (42.1%) batch=52.82 t/s avg=5.28 t/s
processing 19 input tokens: 8/19 (42.1%) batch=0.00 t/s avg=5.19 t/s
processing 19 input tokens: 9/19 (47.4%) batch=52.80 t/s avg=5.77 t/s
processing 19 input tokens: 9/19 (47.4%) batch=0.00 t/s avg=5.69 t/s
processing 19 input tokens: 10/19 (52.6%) batch=42.86 t/s avg=6.24 t/s
processing 19 input tokens: 10/19 (52.6%) batch=0.00 t/s avg=6.15 t/s
processing 19 input tokens: 11/19 (57.9%) batch=49.68 t/s avg=6.68 t/s
processing 19 input tokens: 11/19 (57.9%) batch=0.00 t/s avg=6.60 t/s
processing 19 input tokens: 11/19 (57.9%) batch=0.00 t/s avg=6.51 t/s
processing 19 input tokens: 12/19 (63.2%) batch=40.73 t/s avg=7.00 t/s
processing 19 input tokens: 12/19 (63.2%) batch=0.00 t/s avg=6.91 t/s
processing 19 input tokens: 13/19 (68.4%) batch=38.83 t/s avg=7.37 t/s
processing 19 input tokens: 13/19 (68.4%) batch=0.00 t/s avg=7.27 t/s
processing 19 input tokens: 14/19 (73.7%) batch=40.89 t/s avg=7.73 t/s
processing 19 input tokens: 14/19 (73.7%) batch=0.00 t/s avg=7.62 t/s
processing 19 input tokens: 15/19 (78.9%) batch=42.09 t/s avg=8.06 t/s
processing 19 input tokens: 15/19 (78.9%) batch=0.00 t/s avg=7.95 t/s
processing 19 input tokens: 15/19 (78.9%) batch=0.00 t/s avg=7.84 t/s
processing 19 input tokens: 16/19 (84.2%) batch=40.37 t/s avg=8.25 t/s
processing 19 input tokens: 16/19 (84.2%) batch=0.00 t/s avg=8.15 t/s
processing 19 input tokens: 17/19 (89.5%) batch=43.61 t/s avg=8.56 t/s
processing 19 input tokens: 17/19 (89.5%) batch=0.00 t/s avg=8.45 t/s
processing 19 input tokens: 18/19 (94.7%) batch=47.12 t/s avg=8.86 t/s
processing 19 input tokens: 18/19 (94.7%) batch=0.00 t/s avg=8.76 t/s
processing 19 input tokens: 19/19 (100.0%) batch=40.39 t/s avg=9.13 t/s
ds4: prefill full: 19 tokens in 2083.2 ms (9.1 t/s)
ds4: [mxfp4-native] two-dispatch plane decode arm engaged (dspark-strided, experts=6)
ds4: DSpark draft warmup: cap=2 rows=2 in 201.0 ms (paid before decode timer)
ds4: Flash-MoE mixed resident bank using fused GPU-selected decode path (slot id == expert id)
ds4: speculative sidecar verifier: resident slot-bank tiny batch path engaged (n_tokens<=5, slot id == expert id)
ds4: dspark timing batch-exact drafted=2 committed=2 replayed=2 draft=9.896 ms snapshot=1.324 ms verify=44.759 ms exact_replay=59.806 ms total=115.850 ms
ds4: dspark timing batch-exact drafted=2 committed=2 replayed=2 draft=9.705 ms snapshot=0.367 ms verify=46.205 ms exact_replay=61.898 ms total=118.246 ms
ds4: dspark timing batch-exact drafted=2 committed=2 replayed=2 draft=9.685 ms snapshot=0.379 ms verify=45.340 ms exact_replay=62.590 ms total=118.064 ms
ds4: dspark timing batch-exact drafted=2 committed=2 replayed=2 draft=9.984 ms snapshot=0.392 ms verify=43.338 ms exact_replay=60.118 ms total=113.898 ms
ds4: dspark timing batch-exact drafted=2 committed=2 replayed=2 draft=9.823 ms snapshot=0.466 ms verify=42.727 ms exact_replay=56.911 ms total=110.022 ms
ds4: dspark timing batch-exact drafted=2 committed=1 replayed=1 draft=9.186 ms snapshot=0.356 ms verify=41.361 ms exact_replay=29.101 ms total=80.090 ms
ds4: dspark timing batch-exact drafted=2 committed=2 replayed=2 draft=9.679 ms snapshot=0.375 ms verify=43.514 ms exact_replay=56.731 ms total=110.365 ms
ds4: dspark timing batch-exact drafted=2 committed=2 replayed=2 draft=9.883 ms snapshot=0.361 ms verify=40.613 ms exact_replay=56.439 ms total=107.362 ms
ds4: dspark timing batch-exact drafted=2 committed=1 replayed=1 draft=9.757 ms snapshot=0.369 ms verify=40.998 ms exact_replay=28.708 ms total=79.907 ms
ds4: dspark timing batch-exact drafted=2 committed=2 replayed=2 draft=9.116 ms snapshot=0.380 ms verify=41.627 ms exact_replay=55.972 ms total=107.158 ms
ds4: dspark timing batch-exact drafted=2 committed=2 replayed=2 draft=9.148 ms snapshot=0.372 ms verify=39.943 ms exact_replay=54.718 ms total=104.263 ms
ds4: dspark timing batch-exact drafted=2 committed=2 replayed=2 draft=9.165 ms snapshot=0.374 ms verify=39.502 ms exact_replay=54.456 ms total=103.557 ms
ds4: dspark timing batch-exact drafted=2 committed=2 replayed=2 draft=9.253 ms snapshot=0.369 ms verify=42.909 ms exact_replay=56.098 ms total=108.719 ms
ds4: dspark timing batch-exact drafted=2 committed=2 replayed=2 draft=9.176 ms snapshot=0.448 ms verify=41.937 ms exact_replay=54.886 ms total=106.545 ms
ds4: dspark timing batch-exact drafted=2 committed=2 replayed=2 draft=9.464 ms snapshot=0.388 ms verify=39.719 ms exact_replay=55.566 ms total=105.226 ms
ds4: dspark timing batch-exact drafted=2 committed=2 replayed=2 draft=9.077 ms snapshot=0.367 ms verify=40.129 ms exact_replay=53.542 ms total=103.179 ms
ds4: dspark timing batch-exact drafted=2 committed=2 replayed=2 draft=9.051 ms snapshot=0.356 ms verify=39.631 ms exact_replay=54.528 ms total=103.630 ms
ds4: dspark timing batch-exact drafted=2 committed=2 replayed=2 draft=9.268 ms snapshot=0.369 ms verify=41.227 ms exact_replay=56.971 ms total=107.931 ms
ds4: dspark timing batch-exact drafted=2 committed=2 replayed=2 draft=9.231 ms snapshot=0.359 ms verify=42.156 ms exact_replay=55.246 ms total=107.065 ms
ds4: dspark timing batch-exact drafted=2 committed=2 replayed=2 draft=9.293 ms snapshot=0.346 ms verify=39.330 ms exact_replay=55.305 ms total=104.338 ms
ds4: dspark timing batch-exact drafted=2 committed=2 replayed=2 draft=9.212 ms snapshot=0.358 ms verify=39.986 ms exact_replay=54.476 ms total=104.122 ms
ds4: dspark timing batch-exact drafted=2 committed=2 replayed=2 draft=9.264 ms snapshot=0.428 ms verify=42.258 ms exact_replay=55.213 ms total=107.278 ms
ds4: dspark timing batch-exact drafted=2 committed=2 replayed=2 draft=9.168 ms snapshot=0.392 ms verify=39.709 ms exact_replay=53.580 ms total=102.914 ms
ds4: dspark timing batch-exact drafted=2 committed=2 replayed=2 draft=9.175 ms snapshot=0.377 ms verify=41.340 ms exact_replay=55.708 ms total=106.675 ms
ds4: dspark timing batch-exact drafted=2 committed=2 replayed=2 draft=9.342 ms snapshot=0.375 ms verify=41.299 ms exact_replay=56.565 ms total=107.677 ms
ds4: dspark timing batch-exact drafted=2 committed=2 replayed=2 draft=9.228 ms snapshot=0.364 ms verify=41.304 ms exact_replay=55.884 ms total=106.879 ms
ds4: dspark timing batch-exact drafted=2 committed=1 replayed=1 draft=9.333 ms snapshot=0.356 ms verify=41.204 ms exact_replay=27.553 ms total=78.521 ms
ds4: dspark timing batch-exact drafted=2 committed=1 replayed=1 draft=9.184 ms snapshot=0.354 ms verify=42.913 ms exact_replay=29.117 ms total=81.638 ms
ds4: dspark timing batch-exact drafted=2 committed=2 replayed=2 draft=9.132 ms snapshot=0.362 ms verify=40.419 ms exact_replay=53.811 ms total=103.788 ms
ds4: dspark timing batch-exact drafted=2 committed=2 replayed=2 draft=9.203 ms snapshot=0.371 ms verify=39.766 ms exact_replay=53.708 ms total=103.117 ms
ds4: dspark timing batch-exact drafted=2 committed=2 replayed=2 draft=9.231 ms snapshot=0.354 ms verify=41.507 ms exact_replay=56.298 ms total=107.463 ms
ds4: dspark timing batch-exact drafted=2 committed=2 replayed=2 draft=9.283 ms snapshot=0.487 ms verify=42.833 ms exact_replay=57.534 ms total=110.213 ms
ds4: dspark timing batch-exact drafted=2 committed=2 replayed=2 draft=9.200 ms snapshot=0.380 ms verify=42.707 ms exact_replay=56.998 ms total=109.350 ms
ds4: dspark timing batch-exact drafted=2 committed=2 replayed=2 draft=9.333 ms snapshot=0.366 ms verify=41.366 ms exact_replay=57.294 ms total=108.454 ms
ds4: dspark timing batch-exact drafted=2 committed=2 replayed=2 draft=9.700 ms snapshot=0.366 ms verify=40.908 ms exact_replay=57.309 ms total=108.347 ms
ds4: dspark timing batch-exact drafted=2 committed=2 replayed=2 draft=10.089 ms snapshot=0.407 ms verify=43.923 ms exact_replay=60.612 ms total=115.095 ms
ds4: dspark timing batch-exact drafted=2 committed=2 replayed=2 draft=9.355 ms snapshot=0.492 ms verify=45.656 ms exact_replay=59.146 ms total=114.738 ms
ds4: dspark timing batch-exact drafted=2 committed=2 replayed=2 draft=9.335 ms snapshot=0.385 ms verify=43.879 ms exact_replay=56.857 ms total=110.542 ms
ds4: dspark timing batch-exact drafted=2 committed=2 replayed=2 draft=9.295 ms snapshot=0.357 ms verify=40.834 ms exact_replay=54.335 ms total=104.884 ms
ds4: dspark timing batch-exact drafted=2 committed=2 replayed=2 draft=9.231 ms snapshot=0.362 ms verify=41.462 ms exact_replay=54.387 ms total=105.503 ms
ds4: dspark timing batch-exact drafted=2 committed=2 replayed=2 draft=9.171 ms snapshot=0.356 ms verify=41.942 ms exact_replay=54.546 ms total=106.080 ms
ds4: dspark timing batch-exact drafted=2 committed=2 replayed=2 draft=9.253 ms snapshot=0.356 ms verify=42.862 ms exact_replay=55.670 ms total=108.218 ms
ds4: dspark timing batch-exact drafted=2 committed=2 replayed=2 draft=9.406 ms snapshot=0.371 ms verify=42.175 ms exact_replay=56.763 ms total=108.800 ms
ds4: dspark timing batch-exact drafted=2 committed=2 replayed=2 draft=9.176 ms snapshot=0.353 ms verify=41.949 ms exact_replay=56.649 ms total=108.211 ms
ds4: dspark timing batch-exact drafted=2 committed=2 replayed=2 draft=9.188 ms snapshot=0.375 ms verify=43.304 ms exact_replay=56.793 ms total=109.759 ms
ds4: dspark timing batch-exact drafted=2 committed=2 replayed=2 draft=9.329 ms snapshot=0.714 ms verify=42.653 ms exact_replay=56.753 ms total=109.513 ms
ds4: dspark timing batch-exact drafted=2 committed=2 replayed=2 draft=9.303 ms snapshot=0.342 ms verify=41.176 ms exact_replay=54.827 ms total=105.713 ms
ds4: dspark timing batch-exact drafted=2 committed=2 replayed=2 draft=10.000 ms snapshot=0.357 ms verify=40.665 ms exact_replay=55.384 ms total=106.497 ms
ds4: dspark timing batch-exact drafted=2 committed=2 replayed=2 draft=9.195 ms snapshot=0.361 ms verify=42.423 ms exact_replay=56.922 ms total=108.966 ms
ds4: dspark timing batch-exact drafted=2 committed=2 replayed=2 draft=9.367 ms snapshot=0.363 ms verify=43.132 ms exact_replay=55.734 ms total=108.666 ms
ds4: dspark timing batch-exact drafted=2 committed=2 replayed=2 draft=9.245 ms snapshot=0.398 ms verify=43.308 ms exact_replay=55.782 ms total=108.797 ms
ds4: dspark timing batch-exact drafted=2 committed=2 replayed=2 draft=9.301 ms snapshot=0.368 ms verify=40.777 ms exact_replay=54.626 ms total=105.168 ms
ds4: dspark timing batch-exact drafted=2 committed=2 replayed=2 draft=9.409 ms snapshot=0.476 ms verify=41.387 ms exact_replay=55.655 ms total=106.996 ms
ds4: dspark timing batch-exact drafted=2 committed=2 replayed=2 draft=9.286 ms snapshot=0.365 ms verify=42.329 ms exact_replay=57.478 ms total=109.544 ms
ds4: dspark timing batch-exact drafted=2 committed=2 replayed=2 draft=9.428 ms snapshot=0.423 ms verify=41.399 ms exact_replay=56.816 ms total=108.167 ms
ds4: dspark timing batch-exact drafted=2 committed=2 replayed=2 draft=9.311 ms snapshot=0.368 ms verify=40.559 ms exact_replay=55.061 ms total=105.363 ms
ds4: dspark timing batch-exact drafted=2 committed=2 replayed=2 draft=9.445 ms snapshot=0.398 ms verify=41.449 ms exact_replay=54.621 ms total=106.002 ms
ds4: dspark timing batch-exact drafted=2 committed=2 replayed=2 draft=9.347 ms snapshot=0.864 ms verify=42.593 ms exact_replay=56.768 ms total=109.646 ms
ds4: dspark timing batch-exact drafted=2 committed=2 replayed=2 draft=9.268 ms snapshot=0.327 ms verify=43.231 ms exact_replay=59.214 ms total=112.107 ms
ds4: dspark timing batch-exact drafted=2 committed=2 replayed=2 draft=9.918 ms snapshot=0.368 ms verify=43.830 ms exact_replay=58.509 ms total=112.714 ms
ds4: dspark timing batch-exact drafted=2 committed=2 replayed=2 draft=9.250 ms snapshot=0.366 ms verify=41.672 ms exact_replay=56.338 ms total=107.692 ms
ds4: dspark timing batch-exact drafted=2 committed=2 replayed=2 draft=9.937 ms snapshot=0.375 ms verify=41.983 ms exact_replay=57.193 ms total=109.562 ms
ds4: dspark timing batch-exact drafted=2 committed=2 replayed=2 draft=10.025 ms snapshot=0.416 ms verify=43.490 ms exact_replay=58.564 ms total=112.556 ms
ds4: dspark timing batch-exact drafted=2 committed=2 replayed=2 draft=10.204 ms snapshot=0.386 ms verify=43.856 ms exact_replay=57.485 ms total=112.005 ms
ds4: dspark timing batch-exact drafted=2 committed=2 replayed=2 draft=9.850 ms snapshot=0.385 ms verify=41.452 ms exact_replay=56.997 ms total=108.771 ms
ds4: dspark timing batch-exact drafted=2 committed=2 replayed=2 draft=9.292 ms snapshot=0.394 ms verify=41.538 ms exact_replay=54.485 ms total=105.774 ms
ds4: dspark timing batch-exact drafted=2 committed=2 replayed=2 draft=9.342 ms snapshot=0.359 ms verify=42.083 ms exact_replay=56.849 ms total=108.728 ms
ds4: dspark timing batch-exact drafted=2 committed=2 replayed=2 draft=9.312 ms snapshot=0.360 ms verify=42.976 ms exact_replay=56.748 ms total=109.459 ms
ds4: dspark timing batch-exact drafted=2 committed=2 replayed=2 draft=9.195 ms snapshot=0.324 ms verify=42.667 ms exact_replay=54.602 ms total=106.852 ms
ds4: dspark timing batch-exact drafted=2 committed=2 replayed=2 draft=9.267 ms snapshot=0.353 ms verify=40.529 ms exact_replay=54.340 ms total=104.620 ms
ds4: dspark timing batch-exact drafted=2 committed=2 replayed=2 draft=9.442 ms snapshot=0.362 ms verify=42.245 ms exact_replay=56.671 ms total=108.816 ms
ds4: dspark timing batch-exact drafted=2 committed=2 replayed=2 draft=9.158 ms snapshot=0.334 ms verify=42.524 ms exact_replay=55.825 ms total=107.899 ms
ds4: dspark timing batch-exact drafted=2 committed=2 replayed=2 draft=9.276 ms snapshot=0.393 ms verify=40.649 ms exact_replay=55.459 ms total=105.866 ms
ds4: dspark timing batch-exact drafted=2 committed=2 replayed=2 draft=9.245 ms snapshot=0.376 ms verify=40.551 ms exact_replay=56.510 ms total=106.773 ms
ds4: dspark timing batch-exact drafted=2 committed=2 replayed=2 draft=9.253 ms snapshot=0.365 ms verify=40.620 ms exact_replay=54.308 ms total=104.608 ms
ds4: dspark timing batch-exact drafted=2 committed=2 replayed=2 draft=9.260 ms snapshot=0.380 ms verify=44.071 ms exact_replay=57.306 ms total=111.082 ms
ds4: dspark timing batch-exact drafted=2 committed=2 replayed=2 draft=9.227 ms snapshot=0.354 ms verify=42.242 ms exact_replay=55.653 ms total=107.541 ms
ds4: dspark timing batch-exact drafted=2 committed=2 replayed=2 draft=9.321 ms snapshot=0.398 ms verify=40.936 ms exact_replay=55.304 ms total=106.023 ms
ds4: dspark timing batch-exact drafted=2 committed=2 replayed=2 draft=9.259 ms snapshot=0.369 ms verify=41.885 ms exact_replay=54.475 ms total=106.053 ms
ds4: dspark timing batch-exact drafted=2 committed=2 replayed=2 draft=9.821 ms snapshot=0.410 ms verify=42.478 ms exact_replay=56.686 ms total=109.462 ms
ds4: dspark timing batch-exact drafted=2 committed=2 replayed=2 draft=9.413 ms snapshot=0.368 ms verify=42.587 ms exact_replay=57.549 ms total=109.989 ms
ds4: dspark timing batch-exact drafted=2 committed=2 replayed=2 draft=9.363 ms snapshot=0.462 ms verify=43.103 ms exact_replay=55.915 ms total=108.934 ms
ds4: ----------------------------------------
ds4: prefill: 8.21 t/s, generation: 22.01 t/s (256 tokens in 11.632s)
ds4: dspark acceptance: 83.3% (160/192 draft tokens)
ds4: Flash-MoE resident slot bank: resident-slots=11008/11008 (100.0%, avg=256.0/layer) installed=72.56 GiB
