ds4: detected DS4 sidecar package: -m /Users/anemll/Models/flash/dsv4-iq2xxs-expert-major/dense/model-dense.gguf, --moe-sidecar /Users/anemll/Models/flash/dsv4-iq2xxs-expert-major, --moe-mode slot-bank
ds4: applied sidecar tuning profile [Apple M5 Max] from ds4_profile.json (51 env defaults set, 0 kept from environment)
ds4: warning: raw KV cap limits Metal prefill chunk (prefill_chunk=4096, raw_kv_rows=4096, raw_window=128, effective_chunk=3968; target raw cap for one chunk is 4352, also requires ctx >= that value)
ds4: context buffers 429.99 MiB (ctx=4096, backend=metal, prefill_chunk=4096, raw_kv_rows=4096, compressed_kv_rows=1026)
ds4: Flash-MoE sidecar loaded: /Users/anemll/Models/flash/dsv4-iq2xxs-expert-major (slot-bank=256, expert-record 6.75 MiB)
ds4: Flash-MoE expert mmap cache: off; expert reads: pread
ds4: Metal device Apple M5 Max, 128.00 GiB RAM, GPU working-set budget 107.52 GiB (raise with: sudo sysctl iogpu.wired_limit_mb=<MB>)
ds4: drift-patch flags hc_stable=on norm_unify=on kv_raw_f32=off rope_exp2_log2=off math_safe=off tensor_matmul=off
ds4: MXFP4 native library (MSL 4.1): repack=ok selected-repack=ok selected-plane-copy=ok scale-plane matmul=ok selected-matmul=ok decode2=pair/sum6 batch-decode2=pair/sum6 batch-strided=pair/sum6 hybrid-down=sum6 chunked-decode2=pair/sum6
ds4: DS4_MXFP4_NATIVE=1: native MXFP4 available (MPP 4.1 scale-plane matmul2d)
ds4: DSpark resident expert cache: ranges=9 bytes=9.56 GiB (persistent; debug opt-out requires DS4_DSPARK_ALLOW_NONRESIDENT=1)
ds4: DSpark sidecar Metal residency requested: buffers=9 bytes=9.56 GiB
ds4: DSpark draft package loaded: /Users/anemll/Models/DSv4-Flash-DSpark-draft (block=5 verify=2 scheduler=static conf=0.000 noise=128799 target_layers=40,41,42 markov_rank=256 records=81 mapped=10.12 GiB)
ds4: DSpark draft records: F32=41 F16=6 FP8_E4M3=25 MXFP4_NATIVE=9
ds4: DSpark draft inference enabled: MPP 4.1 FP8/MXFP4 draft kernels, fused routed-MoE per draft layer, persistent resident experts, greedy Markov head, exact verifier v1
ds4: Flash-MoE using mmap-backed dense/shared weights without full-model Metal residency warmup
ds4: Metal model views created in 0.281 ms, residency requested in 0.000 ms, warmup 0.000 ms (mapped 8393.67 MiB from offset 5.06 MiB)
ds4: Metal mapped mmaped model as 1 overlapping shared buffers
ds4: metal backend initialized for graph diagnostics
ds4: prefill routed-MoE (requested): mul_mm_id (grouped GPU / ALU)  [grouped path]
ds4: prefill quant scales (ANE env first): w_qscale=512 x_qscale=32 mid_qscale=32 w_scale=0.00195312 x_scale=0.03125 mid_scale=0.03125
ds4: prefill ctx-grow: on, block=16384 tokens
ds4: prefill chunk cap: 16384, graph_raw_cap=auto
ds4: Flash-MoE resident mixed slot-bank load: layers=43 slots=256 bytes=72.56 GiB (one dot per layer)
ds4: Flash-MoE resident prepare: ........................................... 72.56/72.56 GiB (43 layers)
ds4: Flash-MoE resident preload: ........................................... 72.56/72.56 GiB (43 layers)
ds4: Flash-MoE preloaded mixed slot bank: layers=43 slots=256 identity-mapped experts=256
ds4: Flash-MoE slot-bank Metal residency requested: buffers=43 bytes=72.56 GiB
ds4: Flash-MoE slot-bank pages touched: buffers=43 bytes=72.56 GiB
ds4: Flash-MoE slot banks allocated: layers=43 slots=256 gpu-bank=72.6GB Dense: 8.2GB Context: 0.4GB Total <<<< 81.2GB >>>>
ds4: Flash-MoE slot bank layout: mixed expert-major
ds4: warning: very large Flash-MoE slot bank can collapse decode throughput (slots=256, gpu-bank=72.56 GiB). The wired bank competes with the OS file cache that serves decode-miss reads of the sidecar; when the sidecar is larger than RAM, smaller banks decode faster. Compare --moe-slot-bank 32/48/64 or use --ssd-cache auto.
ds4: prefill compute: routed experts = ANE i8i8 (W8A8) | dense proj = Q8 direct-RHS NAX; K-quant dense = fused mul_mm_id batch
ds4: prefill I/O: io-split=4 async-pread=on pread-threads=4 readahead=12 bank-prefetch=3 slot-cache-topk=0 xlayer=auto<=6k-tok topk=128
ds4: decode  I/O: io-split=4 router-prefetch=off scratch-prefetch=off max-loads=0 layer-stride=1 miss-direct-slot-pread=on prefetch-direct-slot-pread=off did-modify=on shared-down=on reset-after-prefill=off realloc-after-prefill=off restore-after-prefill=off resident=slot-bank slots=256
ds4: Flash-MoE banked kernels using M5 simdgroup_matrix fast path (prefetch=3, banks=4)
ds4: WARNING: prefill chunk 4096 clamped to 3968 by raw-KV cap (raw_cap=4096, window=128). Set DS4_METAL_GRAPH_RAW_CAP >= 4224 (window + chunk) — or unset it to auto-size — to honor the chunk.
ds4: prefill chunk cap EFFECTIVE=3968 tokens (DS4_METAL_PREFILL_CHUNK=16384), CLAMPED by raw-KV-cap (ctx-grow) (resident-NAX tiles this by scratch_cap; that tile gates the sync bridge)
processing 19 input tokens: 0/19 (0.0%) batch=0.00 t/s avg=0.00 t/s
ds4: ANE i8w-i8x-tiled-fused cached async prefill B=256 H=4096 I=2048 w_scale=0.00195312 x_scale=0.03125 mid_scale=0.03125
processing 19 input tokens: 0/19 (0.0%) batch=0.00 t/s avg=0.00 t/s
processing 19 input tokens: 0/19 (0.0%) batch=0.00 t/s avg=0.00 t/s
processing 19 input tokens: 1/19 (5.3%) batch=30.71 t/s avg=0.61 t/s
processing 19 input tokens: 1/19 (5.3%) batch=0.00 t/s avg=0.60 t/s
processing 19 input tokens: 2/19 (10.5%) batch=55.09 t/s avg=1.19 t/s
processing 19 input tokens: 2/19 (10.5%) batch=0.00 t/s avg=1.18 t/s
processing 19 input tokens: 3/19 (15.8%) batch=54.04 t/s avg=1.75 t/s
processing 19 input tokens: 3/19 (15.8%) batch=0.00 t/s avg=1.73 t/s
processing 19 input tokens: 3/19 (15.8%) batch=0.00 t/s avg=1.71 t/s
processing 19 input tokens: 4/19 (21.1%) batch=49.30 t/s avg=2.25 t/s
processing 19 input tokens: 4/19 (21.1%) batch=0.00 t/s avg=2.23 t/s
processing 19 input tokens: 5/19 (26.3%) batch=49.22 t/s avg=2.76 t/s
processing 19 input tokens: 5/19 (26.3%) batch=0.00 t/s avg=2.73 t/s
processing 19 input tokens: 6/19 (31.6%) batch=52.62 t/s avg=3.24 t/s
processing 19 input tokens: 6/19 (31.6%) batch=0.00 t/s avg=3.21 t/s
processing 19 input tokens: 7/19 (36.8%) batch=60.02 t/s avg=3.71 t/s
processing 19 input tokens: 7/19 (36.8%) batch=0.00 t/s avg=3.67 t/s
processing 19 input tokens: 7/19 (36.8%) batch=0.00 t/s avg=3.65 t/s
processing 19 input tokens: 8/19 (42.1%) batch=54.88 t/s avg=4.13 t/s
processing 19 input tokens: 8/19 (42.1%) batch=0.00 t/s avg=4.08 t/s
processing 19 input tokens: 9/19 (47.4%) batch=57.37 t/s avg=4.54 t/s
processing 19 input tokens: 9/19 (47.4%) batch=0.00 t/s avg=4.50 t/s
processing 19 input tokens: 10/19 (52.6%) batch=51.77 t/s avg=4.96 t/s
processing 19 input tokens: 10/19 (52.6%) batch=0.00 t/s avg=4.91 t/s
processing 19 input tokens: 11/19 (57.9%) batch=56.44 t/s avg=5.35 t/s
processing 19 input tokens: 11/19 (57.9%) batch=0.00 t/s avg=5.30 t/s
processing 19 input tokens: 11/19 (57.9%) batch=0.00 t/s avg=5.26 t/s
processing 19 input tokens: 12/19 (63.2%) batch=51.81 t/s avg=5.69 t/s
processing 19 input tokens: 12/19 (63.2%) batch=0.00 t/s avg=5.64 t/s
processing 19 input tokens: 13/19 (68.4%) batch=48.53 t/s avg=6.05 t/s
processing 19 input tokens: 13/19 (68.4%) batch=0.00 t/s avg=6.00 t/s
processing 19 input tokens: 14/19 (73.7%) batch=52.61 t/s avg=6.41 t/s
processing 19 input tokens: 14/19 (73.7%) batch=0.00 t/s avg=6.36 t/s
processing 19 input tokens: 15/19 (78.9%) batch=56.49 t/s avg=6.76 t/s
processing 19 input tokens: 15/19 (78.9%) batch=0.00 t/s avg=6.70 t/s
processing 19 input tokens: 15/19 (78.9%) batch=0.00 t/s avg=6.64 t/s
processing 19 input tokens: 16/19 (84.2%) batch=52.66 t/s avg=7.02 t/s
processing 19 input tokens: 16/19 (84.2%) batch=0.00 t/s avg=6.96 t/s
processing 19 input tokens: 17/19 (89.5%) batch=53.15 t/s avg=7.33 t/s
processing 19 input tokens: 17/19 (89.5%) batch=0.00 t/s avg=7.27 t/s
processing 19 input tokens: 18/19 (94.7%) batch=51.15 t/s avg=7.63 t/s
processing 19 input tokens: 18/19 (94.7%) batch=0.00 t/s avg=7.57 t/s
processing 19 input tokens: 19/19 (100.0%) batch=46.28 t/s avg=7.92 t/s
ds4: prefill full: 19 tokens in 2401.9 ms (7.9 t/s)
ds4: [mxfp4-native] two-dispatch plane decode arm engaged (dspark-strided, experts=6)
ds4: DSpark draft warmup: cap=2 rows=2 in 163.1 ms (paid before decode timer)
ds4: Flash-MoE mixed resident bank using fused GPU-selected decode path (slot id == expert id)
ds4: dspark timing decode2 drafted=2 committed=2 draft=8.858 ms snapshot=1.032 ms verify=54.788 ms dspark_kv=1.110 ms total=65.870 ms
ds4: dspark timing decode2 drafted=2 committed=2 draft=8.944 ms snapshot=0.372 ms verify=57.107 ms dspark_kv=1.003 ms total=67.512 ms
ds4: dspark timing decode2 drafted=2 committed=2 draft=8.840 ms snapshot=0.355 ms verify=56.277 ms dspark_kv=1.125 ms total=66.661 ms
ds4: dspark timing decode2 drafted=2 committed=2 draft=8.802 ms snapshot=0.417 ms verify=54.687 ms dspark_kv=1.002 ms total=65.003 ms
ds4: dspark timing decode2 drafted=2 committed=2 draft=8.837 ms snapshot=0.349 ms verify=54.498 ms dspark_kv=1.171 ms total=64.950 ms
ds4: dspark timing decode2-prefix1 drafted=2 committed=1 draft=8.834 ms snapshot=0.378 ms verify=54.867 ms prefix=1.316 ms total=65.489 ms
ds4: dspark timing decode2 drafted=2 committed=2 draft=8.887 ms snapshot=0.386 ms verify=55.938 ms dspark_kv=1.124 ms total=66.431 ms
ds4: dspark timing decode2 drafted=2 committed=2 draft=8.891 ms snapshot=0.348 ms verify=54.502 ms dspark_kv=1.018 ms total=64.854 ms
ds4: dspark timing decode2-prefix1 drafted=2 committed=1 draft=8.773 ms snapshot=0.352 ms verify=54.600 ms prefix=1.366 ms total=65.154 ms
ds4: dspark timing decode2 drafted=2 committed=2 draft=8.935 ms snapshot=0.377 ms verify=56.323 ms dspark_kv=1.053 ms total=66.796 ms
ds4: dspark timing decode2 drafted=2 committed=2 draft=8.896 ms snapshot=0.351 ms verify=54.945 ms dspark_kv=1.029 ms total=65.317 ms
ds4: dspark timing decode2 drafted=2 committed=2 draft=8.933 ms snapshot=0.364 ms verify=55.598 ms dspark_kv=1.183 ms total=66.171 ms
ds4: dspark timing decode2 drafted=2 committed=2 draft=8.849 ms snapshot=0.358 ms verify=55.298 ms dspark_kv=1.900 ms total=66.500 ms
ds4: dspark timing decode2 drafted=2 committed=2 draft=8.918 ms snapshot=0.362 ms verify=55.275 ms dspark_kv=1.145 ms total=65.793 ms
ds4: dspark timing decode2 drafted=2 committed=2 draft=8.961 ms snapshot=0.411 ms verify=53.939 ms dspark_kv=1.008 ms total=64.406 ms
ds4: dspark timing decode2 drafted=2 committed=2 draft=8.878 ms snapshot=0.381 ms verify=54.680 ms dspark_kv=1.088 ms total=65.112 ms
ds4: dspark timing decode2 drafted=2 committed=2 draft=8.890 ms snapshot=0.426 ms verify=53.754 ms dspark_kv=1.067 ms total=64.201 ms
ds4: dspark timing decode2 drafted=2 committed=2 draft=8.832 ms snapshot=0.360 ms verify=55.289 ms dspark_kv=1.128 ms total=65.704 ms
ds4: dspark timing decode2 drafted=2 committed=2 draft=8.897 ms snapshot=0.360 ms verify=55.282 ms dspark_kv=1.039 ms total=65.643 ms
ds4: dspark timing decode2 drafted=2 committed=2 draft=9.615 ms snapshot=0.364 ms verify=56.375 ms dspark_kv=1.862 ms total=68.294 ms
ds4: dspark timing decode2 drafted=2 committed=2 draft=9.554 ms snapshot=0.404 ms verify=56.221 ms dspark_kv=1.138 ms total=67.402 ms
ds4: dspark timing decode2 drafted=2 committed=2 draft=9.467 ms snapshot=0.370 ms verify=58.222 ms dspark_kv=1.523 ms total=69.646 ms
ds4: dspark timing decode2 drafted=2 committed=2 draft=9.021 ms snapshot=0.542 ms verify=57.197 ms dspark_kv=1.029 ms total=67.862 ms
ds4: dspark timing decode2 drafted=2 committed=2 draft=9.834 ms snapshot=0.385 ms verify=57.760 ms dspark_kv=1.596 ms total=69.677 ms
ds4: dspark timing decode2 drafted=2 committed=2 draft=9.622 ms snapshot=0.378 ms verify=57.631 ms dspark_kv=1.011 ms total=68.730 ms
ds4: dspark timing decode2 drafted=2 committed=2 draft=9.684 ms snapshot=0.354 ms verify=56.816 ms dspark_kv=1.034 ms total=67.972 ms
ds4: dspark timing decode2-prefix1 drafted=2 committed=1 draft=8.928 ms snapshot=0.367 ms verify=56.261 ms prefix=1.281 ms total=66.928 ms
ds4: dspark timing decode2-prefix1 drafted=2 committed=1 draft=8.923 ms snapshot=0.400 ms verify=55.385 ms prefix=1.275 ms total=66.078 ms
ds4: dspark timing decode2 drafted=2 committed=2 draft=9.831 ms snapshot=0.387 ms verify=53.859 ms dspark_kv=1.180 ms total=65.340 ms
ds4: dspark timing decode2 drafted=2 committed=2 draft=9.002 ms snapshot=0.359 ms verify=53.801 ms dspark_kv=0.961 ms total=64.187 ms
ds4: dspark timing decode2 drafted=2 committed=2 draft=9.548 ms snapshot=0.379 ms verify=55.126 ms dspark_kv=1.044 ms total=66.182 ms
ds4: dspark timing decode2 drafted=2 committed=2 draft=9.695 ms snapshot=0.355 ms verify=56.591 ms dspark_kv=1.016 ms total=67.743 ms
ds4: dspark timing decode2 drafted=2 committed=2 draft=8.956 ms snapshot=0.349 ms verify=55.297 ms dspark_kv=1.129 ms total=65.823 ms
ds4: dspark timing decode2 drafted=2 committed=2 draft=8.978 ms snapshot=0.404 ms verify=53.876 ms dspark_kv=1.113 ms total=64.452 ms
ds4: dspark timing decode2 drafted=2 committed=2 draft=8.986 ms snapshot=0.365 ms verify=53.838 ms dspark_kv=1.067 ms total=64.319 ms
ds4: dspark timing decode2 drafted=2 committed=2 draft=9.684 ms snapshot=0.350 ms verify=56.070 ms dspark_kv=1.279 ms total=67.446 ms
ds4: dspark timing decode2 drafted=2 committed=2 draft=8.955 ms snapshot=0.402 ms verify=55.941 ms dspark_kv=1.001 ms total=66.389 ms
ds4: dspark timing decode2 drafted=2 committed=2 draft=9.011 ms snapshot=0.385 ms verify=56.712 ms dspark_kv=0.978 ms total=67.182 ms
ds4: dspark timing decode2 drafted=2 committed=2 draft=9.022 ms snapshot=0.357 ms verify=54.375 ms dspark_kv=1.091 ms total=64.940 ms
ds4: dspark timing decode2 drafted=2 committed=2 draft=9.029 ms snapshot=0.346 ms verify=54.481 ms dspark_kv=1.010 ms total=64.930 ms
ds4: dspark timing decode2 drafted=2 committed=2 draft=9.631 ms snapshot=0.348 ms verify=55.718 ms dspark_kv=1.011 ms total=66.792 ms
ds4: dspark timing decode2 drafted=2 committed=2 draft=8.982 ms snapshot=0.396 ms verify=56.885 ms dspark_kv=1.077 ms total=67.422 ms
ds4: dspark timing decode2 drafted=2 committed=2 draft=9.000 ms snapshot=0.358 ms verify=56.635 ms dspark_kv=1.174 ms total=67.253 ms
ds4: dspark timing decode2 drafted=2 committed=2 draft=9.006 ms snapshot=0.363 ms verify=55.995 ms dspark_kv=1.054 ms total=66.482 ms
ds4: dspark timing decode2 drafted=2 committed=2 draft=8.923 ms snapshot=0.460 ms verify=55.786 ms dspark_kv=1.051 ms total=66.310 ms
ds4: dspark timing decode2 drafted=2 committed=2 draft=9.065 ms snapshot=0.349 ms verify=55.898 ms dspark_kv=1.101 ms total=66.476 ms
ds4: dspark timing decode2 drafted=2 committed=2 draft=9.043 ms snapshot=0.356 ms verify=55.351 ms dspark_kv=1.064 ms total=65.903 ms
ds4: dspark timing decode2 drafted=2 committed=2 draft=9.099 ms snapshot=0.351 ms verify=54.545 ms dspark_kv=1.153 ms total=65.243 ms
ds4: dspark timing decode2 drafted=2 committed=2 draft=9.009 ms snapshot=0.417 ms verify=55.677 ms dspark_kv=1.127 ms total=66.294 ms
ds4: dspark timing decode2 drafted=2 committed=2 draft=9.007 ms snapshot=0.400 ms verify=55.805 ms dspark_kv=1.096 ms total=66.398 ms
ds4: dspark timing seq drafted=1 verified=1 draft=5.983 ms verify=27.399 ms total=33.468 ms
ds4: ----------------------------------------
ds4: prefill: 7.34 t/s, generation: 30.56 t/s (160 tokens in 5.235s)
ds4: dspark acceptance: 77.6% (97/125 draft tokens)
ds4: Flash-MoE resident slot bank: resident-slots=11008/11008 (100.0%, avg=256.0/layer) installed=72.56 GiB
