ds4: detected DS4 sidecar package: -m /Users/anemll/Models/flash/dsv4-iq2xxs-expert-major/dense/model-dense.gguf, --moe-sidecar /Users/anemll/Models/flash/dsv4-iq2xxs-expert-major, --moe-mode slot-bank
ds4: applied sidecar tuning profile [Apple M5 Max] from ds4_profile.json (51 env defaults set, 0 kept from environment)
ds4: warning: raw KV cap limits Metal prefill chunk (prefill_chunk=4096, raw_kv_rows=4096, raw_window=128, effective_chunk=3968; target raw cap for one chunk is 4352, also requires ctx >= that value)
ds4: context buffers 429.99 MiB (ctx=4096, backend=metal, prefill_chunk=4096, raw_kv_rows=4096, compressed_kv_rows=1026)
ds4: Flash-MoE sidecar loaded: /Users/anemll/Models/flash/dsv4-iq2xxs-expert-major (slot-bank=256, expert-record 6.75 MiB)
ds4: Flash-MoE expert mmap cache: off; expert reads: pread
ds4: Metal device Apple M5 Max, 128.00 GiB RAM, GPU working-set budget 107.52 GiB (raise with: sudo sysctl iogpu.wired_limit_mb=<MB>)
ds4: drift-patch flags hc_stable=on norm_unify=on kv_raw_f32=off rope_exp2_log2=off math_safe=off tensor_matmul=off
ds4: MXFP4 native library (MSL 4.1): repack=ok selected-repack=ok selected-plane-copy=ok scale-plane matmul=ok selected-matmul=ok decode2=pair/sum6 batch-decode2=pair/sum6 batch-strided=pair/sum6 hybrid-down=sum6 chunked-decode2=pair/sum6
ds4: DS4_MXFP4_NATIVE=1: native MXFP4 available (MPP 4.1 scale-plane matmul2d)
ds4: DSpark resident expert cache: ranges=9 bytes=9.56 GiB (persistent; debug opt-out requires DS4_DSPARK_ALLOW_NONRESIDENT=1)
ds4: DSpark sidecar Metal residency requested: buffers=9 bytes=9.56 GiB
ds4: DSpark draft package loaded: /Users/anemll/Models/DSv4-Flash-DSpark-draft (block=5 verify=2 scheduler=static conf=0.000 noise=128799 target_layers=40,41,42 markov_rank=256 records=81 mapped=10.12 GiB)
ds4: DSpark draft records: F32=41 F16=6 FP8_E4M3=25 MXFP4_NATIVE=9
ds4: DSpark draft inference enabled: MPP 4.1 FP8/MXFP4 draft kernels, fused routed-MoE per draft layer, persistent resident experts, greedy Markov head, exact verifier v1
ds4: Flash-MoE using mmap-backed dense/shared weights without full-model Metal residency warmup
ds4: Metal model views created in 0.243 ms, residency requested in 0.000 ms, warmup 0.000 ms (mapped 8393.67 MiB from offset 5.06 MiB)
ds4: Metal mapped mmaped model as 1 overlapping shared buffers
ds4: metal backend initialized for graph diagnostics
ds4: prefill routed-MoE (requested): mul_mm_id (grouped GPU / ALU)  [grouped path]
ds4: prefill quant scales (ANE env first): w_qscale=512 x_qscale=32 mid_qscale=32 w_scale=0.00195312 x_scale=0.03125 mid_scale=0.03125
ds4: prefill ctx-grow: on, block=16384 tokens
ds4: prefill chunk cap: 16384, graph_raw_cap=auto
ds4: Flash-MoE resident mixed slot-bank load: layers=43 slots=256 bytes=72.56 GiB (one dot per layer)
ds4: Flash-MoE resident prepare: ........................................... 72.56/72.56 GiB (43 layers)
ds4: Flash-MoE resident preload: ........................................... 72.56/72.56 GiB (43 layers)
ds4: Flash-MoE preloaded mixed slot bank: layers=43 slots=256 identity-mapped experts=256
ds4: Flash-MoE slot-bank Metal residency requested: buffers=43 bytes=72.56 GiB
ds4: Flash-MoE slot-bank pages touched: buffers=43 bytes=72.56 GiB
ds4: Flash-MoE slot banks allocated: layers=43 slots=256 gpu-bank=72.6GB Dense: 8.2GB Context: 0.4GB Total <<<< 81.2GB >>>>
ds4: Flash-MoE slot bank layout: mixed expert-major
ds4: warning: very large Flash-MoE slot bank can collapse decode throughput (slots=256, gpu-bank=72.56 GiB). The wired bank competes with the OS file cache that serves decode-miss reads of the sidecar; when the sidecar is larger than RAM, smaller banks decode faster. Compare --moe-slot-bank 32/48/64 or use --ssd-cache auto.
ds4: prefill compute: routed experts = ANE i8i8 (W8A8) | dense proj = Q8 direct-RHS NAX; K-quant dense = fused mul_mm_id batch
ds4: prefill I/O: io-split=4 async-pread=on pread-threads=4 readahead=12 bank-prefetch=3 slot-cache-topk=0 xlayer=auto<=6k-tok topk=128
ds4: decode  I/O: io-split=4 router-prefetch=off scratch-prefetch=off max-loads=0 layer-stride=1 miss-direct-slot-pread=on prefetch-direct-slot-pread=off did-modify=on shared-down=on reset-after-prefill=off realloc-after-prefill=off restore-after-prefill=off resident=slot-bank slots=256
ds4: Flash-MoE banked kernels using M5 simdgroup_matrix fast path (prefetch=3, banks=4)
ds4: WARNING: prefill chunk 4096 clamped to 3968 by raw-KV cap (raw_cap=4096, window=128). Set DS4_METAL_GRAPH_RAW_CAP >= 4224 (window + chunk) — or unset it to auto-size — to honor the chunk.
ds4: prefill chunk cap EFFECTIVE=3968 tokens (DS4_METAL_PREFILL_CHUNK=16384), CLAMPED by raw-KV-cap (ctx-grow) (resident-NAX tiles this by scratch_cap; that tile gates the sync bridge)
processing 19 input tokens: 0/19 (0.0%) batch=0.00 t/s avg=0.00 t/s
ds4: ANE i8w-i8x-tiled-fused cached async prefill B=256 H=4096 I=2048 w_scale=0.00195312 x_scale=0.03125 mid_scale=0.03125
processing 19 input tokens: 0/19 (0.0%) batch=0.00 t/s avg=0.00 t/s
processing 19 input tokens: 0/19 (0.0%) batch=0.00 t/s avg=0.00 t/s
processing 19 input tokens: 1/19 (5.3%) batch=27.65 t/s avg=0.43 t/s
processing 19 input tokens: 1/19 (5.3%) batch=0.00 t/s avg=0.43 t/s
processing 19 input tokens: 2/19 (10.5%) batch=52.67 t/s avg=0.84 t/s
processing 19 input tokens: 2/19 (10.5%) batch=0.00 t/s avg=0.84 t/s
processing 19 input tokens: 3/19 (15.8%) batch=52.56 t/s avg=1.25 t/s
processing 19 input tokens: 3/19 (15.8%) batch=0.00 t/s avg=1.24 t/s
processing 19 input tokens: 3/19 (15.8%) batch=0.00 t/s avg=1.23 t/s
processing 19 input tokens: 4/19 (21.1%) batch=49.25 t/s avg=1.62 t/s
processing 19 input tokens: 4/19 (21.1%) batch=0.00 t/s avg=1.61 t/s
processing 19 input tokens: 5/19 (26.3%) batch=50.31 t/s avg=1.99 t/s
processing 19 input tokens: 5/19 (26.3%) batch=0.00 t/s avg=1.98 t/s
processing 19 input tokens: 6/19 (31.6%) batch=54.17 t/s avg=2.36 t/s
processing 19 input tokens: 6/19 (31.6%) batch=0.00 t/s avg=2.34 t/s
processing 19 input tokens: 7/19 (36.8%) batch=60.99 t/s avg=2.71 t/s
processing 19 input tokens: 7/19 (36.8%) batch=0.00 t/s avg=2.69 t/s
processing 19 input tokens: 7/19 (36.8%) batch=0.00 t/s avg=2.68 t/s
processing 19 input tokens: 8/19 (42.1%) batch=56.36 t/s avg=3.04 t/s
processing 19 input tokens: 8/19 (42.1%) batch=0.00 t/s avg=3.01 t/s
processing 19 input tokens: 9/19 (47.4%) batch=55.57 t/s avg=3.37 t/s
processing 19 input tokens: 9/19 (47.4%) batch=0.00 t/s avg=3.34 t/s
processing 19 input tokens: 10/19 (52.6%) batch=51.04 t/s avg=3.69 t/s
processing 19 input tokens: 10/19 (52.6%) batch=0.00 t/s avg=3.66 t/s
processing 19 input tokens: 11/19 (57.9%) batch=59.11 t/s avg=4.00 t/s
processing 19 input tokens: 11/19 (57.9%) batch=0.00 t/s avg=3.98 t/s
processing 19 input tokens: 11/19 (57.9%) batch=0.00 t/s avg=3.95 t/s
processing 19 input tokens: 12/19 (63.2%) batch=51.20 t/s avg=4.28 t/s
processing 19 input tokens: 12/19 (63.2%) batch=0.00 t/s avg=4.25 t/s
processing 19 input tokens: 13/19 (68.4%) batch=49.46 t/s avg=4.58 t/s
processing 19 input tokens: 13/19 (68.4%) batch=0.00 t/s avg=4.54 t/s
processing 19 input tokens: 14/19 (73.7%) batch=52.20 t/s avg=4.86 t/s
processing 19 input tokens: 14/19 (73.7%) batch=0.00 t/s avg=4.83 t/s
processing 19 input tokens: 15/19 (78.9%) batch=54.89 t/s avg=5.15 t/s
processing 19 input tokens: 15/19 (78.9%) batch=0.00 t/s avg=5.11 t/s
processing 19 input tokens: 15/19 (78.9%) batch=0.00 t/s avg=5.08 t/s
processing 19 input tokens: 16/19 (84.2%) batch=51.82 t/s avg=5.38 t/s
processing 19 input tokens: 16/19 (84.2%) batch=0.00 t/s avg=5.34 t/s
processing 19 input tokens: 17/19 (89.5%) batch=52.65 t/s avg=5.64 t/s
processing 19 input tokens: 17/19 (89.5%) batch=0.00 t/s avg=5.60 t/s
processing 19 input tokens: 18/19 (94.7%) batch=52.57 t/s avg=5.90 t/s
processing 19 input tokens: 18/19 (94.7%) batch=0.00 t/s avg=5.86 t/s
processing 19 input tokens: 19/19 (100.0%) batch=46.30 t/s avg=6.14 t/s
ds4: prefill full: 19 tokens in 3095.2 ms (6.1 t/s)
ds4: [mxfp4-native] two-dispatch plane decode arm engaged (dspark-strided, experts=6)
ds4: DSpark draft warmup: cap=2 rows=2 in 177.3 ms (paid before decode timer)
ds4: Flash-MoE mixed resident bank using fused GPU-selected decode path (slot id == expert id)
ds4: dspark timing decode2 drafted=2 committed=2 draft=8.871 ms snapshot=0.819 ms verify=56.180 ms dspark_kv=1.012 ms total=66.954 ms
ds4: dspark timing decode2 drafted=2 committed=2 draft=8.833 ms snapshot=0.421 ms verify=58.175 ms dspark_kv=1.138 ms total=68.642 ms
ds4: dspark timing decode2 drafted=2 committed=2 draft=9.620 ms snapshot=0.375 ms verify=58.503 ms dspark_kv=1.059 ms total=69.646 ms
ds4: dspark timing decode2 drafted=2 committed=2 draft=9.567 ms snapshot=0.381 ms verify=56.234 ms dspark_kv=1.056 ms total=67.323 ms
ds4: dspark timing decode2 drafted=2 committed=2 draft=8.823 ms snapshot=0.356 ms verify=58.112 ms dspark_kv=1.049 ms total=68.425 ms
ds4: dspark timing decode2-prefix1 drafted=2 committed=1 draft=8.921 ms snapshot=0.350 ms verify=57.069 ms prefix=1.448 ms total=67.871 ms
ds4: dspark timing decode2 drafted=2 committed=2 draft=9.754 ms snapshot=0.407 ms verify=58.701 ms dspark_kv=1.104 ms total=70.029 ms
ds4: dspark timing decode2 drafted=2 committed=2 draft=8.904 ms snapshot=0.357 ms verify=58.083 ms dspark_kv=1.045 ms total=68.482 ms
ds4: dspark timing decode2-prefix1 drafted=2 committed=1 draft=9.360 ms snapshot=0.369 ms verify=58.320 ms prefix=1.262 ms total=69.374 ms
ds4: dspark timing decode2 drafted=2 committed=2 draft=9.526 ms snapshot=0.368 ms verify=59.042 ms dspark_kv=1.045 ms total=70.054 ms
ds4: dspark timing decode2 drafted=2 committed=2 draft=8.816 ms snapshot=0.364 ms verify=57.559 ms dspark_kv=1.327 ms total=68.147 ms
ds4: dspark timing decode2 drafted=2 committed=2 draft=9.224 ms snapshot=0.376 ms verify=56.905 ms dspark_kv=1.070 ms total=67.658 ms
ds4: dspark timing decode2 drafted=2 committed=2 draft=8.858 ms snapshot=0.356 ms verify=56.265 ms dspark_kv=1.167 ms total=66.719 ms
ds4: dspark timing decode2 drafted=2 committed=2 draft=8.974 ms snapshot=0.419 ms verify=56.344 ms dspark_kv=1.093 ms total=66.913 ms
ds4: dspark timing decode2 drafted=2 committed=2 draft=8.825 ms snapshot=0.370 ms verify=54.332 ms dspark_kv=1.133 ms total=64.722 ms
ds4: dspark timing decode2 drafted=2 committed=2 draft=9.767 ms snapshot=0.364 ms verify=55.835 ms dspark_kv=1.046 ms total=67.075 ms
ds4: dspark timing decode2 drafted=2 committed=2 draft=8.865 ms snapshot=0.388 ms verify=55.383 ms dspark_kv=0.993 ms total=65.711 ms
ds4: dspark timing decode2 drafted=2 committed=2 draft=8.892 ms snapshot=0.393 ms verify=57.015 ms dspark_kv=1.108 ms total=67.501 ms
ds4: dspark timing decode2 drafted=2 committed=2 draft=8.913 ms snapshot=0.365 ms verify=56.036 ms dspark_kv=1.054 ms total=66.440 ms
ds4: dspark timing decode2 drafted=2 committed=2 draft=8.969 ms snapshot=0.353 ms verify=54.513 ms dspark_kv=0.960 ms total=64.877 ms
ds4: dspark timing decode2 drafted=2 committed=2 draft=8.882 ms snapshot=0.374 ms verify=55.543 ms dspark_kv=1.087 ms total=65.948 ms
ds4: dspark timing decode2 drafted=2 committed=2 draft=8.945 ms snapshot=0.415 ms verify=56.184 ms dspark_kv=1.031 ms total=66.641 ms
ds4: dspark timing decode2 drafted=2 committed=2 draft=9.835 ms snapshot=0.375 ms verify=54.487 ms dspark_kv=1.029 ms total=65.796 ms
ds4: dspark timing decode2 drafted=2 committed=2 draft=8.914 ms snapshot=0.367 ms verify=57.202 ms dspark_kv=1.056 ms total=67.628 ms
ds4: dspark timing decode2 drafted=2 committed=2 draft=8.968 ms snapshot=0.360 ms verify=56.844 ms dspark_kv=1.061 ms total=67.305 ms
ds4: dspark timing decode2 drafted=2 committed=2 draft=8.858 ms snapshot=0.366 ms verify=56.210 ms dspark_kv=1.009 ms total=66.505 ms
ds4: dspark timing decode2-prefix1 drafted=2 committed=1 draft=8.983 ms snapshot=0.370 ms verify=54.665 ms prefix=1.397 ms total=65.481 ms
ds4: dspark timing decode2-prefix1 drafted=2 committed=1 draft=9.043 ms snapshot=0.363 ms verify=55.985 ms prefix=1.209 ms total=66.662 ms
ds4: dspark timing decode2 drafted=2 committed=2 draft=9.014 ms snapshot=0.351 ms verify=55.370 ms dspark_kv=1.090 ms total=65.888 ms
ds4: dspark timing decode2 drafted=2 committed=2 draft=9.107 ms snapshot=0.424 ms verify=55.508 ms dspark_kv=1.094 ms total=66.227 ms
ds4: dspark timing decode2 drafted=2 committed=2 draft=9.025 ms snapshot=0.392 ms verify=56.948 ms dspark_kv=1.031 ms total=67.458 ms
ds4: dspark timing seq drafted=1 verified=1 draft=6.042 ms verify=28.070 ms total=34.205 ms
ds4: ----------------------------------------
ds4: prefill: 5.75 t/s, generation: 29.87 t/s (96 tokens in 3.214s)
ds4: dspark acceptance: 80.8% (59/73 draft tokens)
ds4: Flash-MoE resident slot bank: resident-slots=11008/11008 (100.0%, avg=256.0/layer) installed=72.56 GiB
