ds4: detected DS4 sidecar package: -m /Users/anemll/Models/flash/dsv4-iq2xxs-expert-major/dense/model-dense.gguf, --moe-sidecar /Users/anemll/Models/flash/dsv4-iq2xxs-expert-major, --moe-mode slot-bank
ds4: applied sidecar tuning profile [Apple M5 Max] from ds4_profile.json (50 env defaults set, 1 kept from environment)
ds4: warning: raw KV cap limits Metal prefill chunk (prefill_chunk=4096, raw_kv_rows=4096, raw_window=128, effective_chunk=3968; target raw cap for one chunk is 4352, also requires ctx >= that value)
ds4: context buffers 387.12 MiB (ctx=4096, backend=metal, prefill_chunk=4096, raw_kv_rows=4096, compressed_kv_rows=514/1026 max, grow_block=2048)
ds4: Flash-MoE sidecar loaded: /Users/anemll/Models/flash/dsv4-iq2xxs-expert-major (slot-bank=256, expert-record 6.75 MiB)
ds4: Flash-MoE expert mmap cache: off; expert reads: pread
ds4: Metal device Apple M5 Max, 128.00 GiB RAM, GPU working-set budget 107.52 GiB (raise with: sudo sysctl iogpu.wired_limit_mb=<MB>)
ds4: drift-patch flags hc_stable=on norm_unify=on kv_raw_f32=off rope_exp2_log2=off math_safe=off tensor_matmul=off
ds4: MXFP4 native library (MSL 4.1): repack=ok selected-repack=ok selected-plane-copy=ok scale-plane matmul=ok selected-matmul=ok decode2=pair/sum6 batch-decode2=pair/sum6 batch-strided=pair/sum6 hybrid-down=sum6 chunked-decode2=pair/sum6
ds4: DS4_MXFP4_NATIVE=1: native MXFP4 available (MPP 4.1 scale-plane matmul2d)
ds4: DSpark resident expert cache: ranges=9 bytes=9.56 GiB (persistent; debug opt-out requires DS4_DSPARK_ALLOW_NONRESIDENT=1)
ds4: DSpark sidecar Metal residency requested: buffers=9 bytes=9.56 GiB
ds4: DSpark draft package loaded: /Users/anemll/Models/DSv4-Flash-DSpark-draft (block=5 verify=5 active=5 scheduler=confidence conf=0.000 noise=128799 target_layers=40,41,42 markov_rank=256 records=81 mapped=10.12 GiB)
ds4: DSpark draft records: F32=41 F16=6 FP8_E4M3=25 MXFP4_NATIVE=9
ds4: DSpark draft inference enabled: MPP 4.1 FP8/MXFP4 draft kernels, fused routed-MoE per draft layer, persistent resident experts, greedy Markov head, strict_v1 verifier
ds4: Flash-MoE using mmap-backed dense/shared weights without full-model Metal residency warmup
ds4: Metal model views created in 0.312 ms, residency requested in 0.000 ms, warmup 0.000 ms (mapped 8393.67 MiB from offset 5.06 MiB)
ds4: Metal mapped mmaped model as 1 overlapping shared buffers
ds4: metal backend initialized for graph diagnostics
ds4: prefill routed-MoE (requested): mul_mm_id (grouped GPU / ALU)  [grouped path]
ds4: prefill quant scales (ANE env first): w_qscale=512 x_qscale=32 mid_qscale=32 w_scale=0.00195312 x_scale=0.03125 mid_scale=0.03125
ds4: prefill ctx-grow: on, block=2048 tokens
ds4: prefill chunk cap: 16384, graph_raw_cap=auto
ds4: Flash-MoE resident mixed slot-bank load: layers=43 slots=256 bytes=72.56 GiB (one dot per layer)
ds4: Flash-MoE resident prepare: ........................................... 72.56/72.56 GiB (43 layers)
ds4: Flash-MoE resident preload: ........................................... 72.56/72.56 GiB (43 layers)
ds4: Flash-MoE preloaded mixed slot bank: layers=43 slots=256 identity-mapped experts=256
ds4: Flash-MoE slot-bank Metal residency requested: buffers=43 bytes=72.56 GiB
ds4: Flash-MoE slot-bank pages touched: buffers=43 bytes=72.56 GiB
ds4: Flash-MoE slot banks allocated: layers=43 slots=256 gpu-bank=72.6GB Dense: 8.2GB Context: 0.4GB Total <<<< 81.2GB >>>>
ds4: Flash-MoE slot bank layout: mixed expert-major
ds4: warning: very large Flash-MoE slot bank can collapse decode throughput (slots=256, gpu-bank=72.56 GiB). The wired bank competes with the OS file cache that serves decode-miss reads of the sidecar; when the sidecar is larger than RAM, smaller banks decode faster. Compare --moe-slot-bank 32/48/64 or use --ssd-cache auto.
ds4: prefill compute: routed experts = ANE i8i8 (W8A8) | dense proj = Q8 direct-RHS NAX; K-quant dense = fused mul_mm_id batch
ds4: prefill I/O: io-split=4 async-pread=on pread-threads=4 readahead=12 bank-prefetch=3 slot-cache-topk=0 xlayer=auto<=6k-tok topk=128
ds4: decode  I/O: io-split=4 router-prefetch=off scratch-prefetch=off max-loads=0 layer-stride=1 miss-direct-slot-pread=on prefetch-direct-slot-pread=off did-modify=on shared-down=on reset-after-prefill=off realloc-after-prefill=off restore-after-prefill=off resident=slot-bank slots=256
ds4: Flash-MoE banked kernels using M5 simdgroup_matrix fast path (prefetch=3, banks=4)
ds4: WARNING: prefill chunk 4096 clamped to 3968 by raw-KV cap (raw_cap=4096, window=128). Set DS4_METAL_GRAPH_RAW_CAP >= 4224 (window + chunk) — or unset it to auto-size — to honor the chunk.
ds4: prefill chunk cap EFFECTIVE=3968 tokens (DS4_METAL_PREFILL_CHUNK=16384), CLAMPED by raw-KV-cap (ctx-grow) (resident-NAX tiles this by scratch_cap; that tile gates the sync bridge)
processing 19 input tokens: 0/19 (0.0%) batch=0.00 t/s avg=0.00 t/s
ds4: ANE i8w-i8x-tiled-fused cached async prefill B=256 H=4096 I=2048 w_scale=0.00195312 x_scale=0.03125 mid_scale=0.03125
processing 19 input tokens: 0/19 (0.0%) batch=0.00 t/s avg=0.00 t/s
processing 19 input tokens: 0/19 (0.0%) batch=0.00 t/s avg=0.00 t/s
processing 19 input tokens: 1/19 (5.3%) batch=30.61 t/s avg=0.45 t/s
processing 19 input tokens: 1/19 (5.3%) batch=0.00 t/s avg=0.45 t/s
processing 19 input tokens: 2/19 (10.5%) batch=54.76 t/s avg=0.89 t/s
processing 19 input tokens: 2/19 (10.5%) batch=0.00 t/s avg=0.88 t/s
processing 19 input tokens: 3/19 (15.8%) batch=53.89 t/s avg=1.31 t/s
processing 19 input tokens: 3/19 (15.8%) batch=0.00 t/s avg=1.30 t/s
processing 19 input tokens: 3/19 (15.8%) batch=0.00 t/s avg=1.29 t/s
processing 19 input tokens: 4/19 (21.1%) batch=49.93 t/s avg=1.71 t/s
processing 19 input tokens: 4/19 (21.1%) batch=0.00 t/s avg=1.69 t/s
processing 19 input tokens: 5/19 (26.3%) batch=49.81 t/s avg=2.10 t/s
processing 19 input tokens: 5/19 (26.3%) batch=0.00 t/s avg=2.08 t/s
processing 19 input tokens: 6/19 (31.6%) batch=56.47 t/s avg=2.48 t/s
processing 19 input tokens: 6/19 (31.6%) batch=0.00 t/s avg=2.46 t/s
processing 19 input tokens: 7/19 (36.8%) batch=60.99 t/s avg=2.85 t/s
processing 19 input tokens: 7/19 (36.8%) batch=0.00 t/s avg=2.83 t/s
processing 19 input tokens: 7/19 (36.8%) batch=0.00 t/s avg=2.82 t/s
processing 19 input tokens: 8/19 (42.1%) batch=56.97 t/s avg=3.20 t/s
processing 19 input tokens: 8/19 (42.1%) batch=0.00 t/s avg=3.17 t/s
processing 19 input tokens: 9/19 (47.4%) batch=57.32 t/s avg=3.54 t/s
processing 19 input tokens: 9/19 (47.4%) batch=0.00 t/s avg=3.51 t/s
processing 19 input tokens: 10/19 (52.6%) batch=50.53 t/s avg=3.87 t/s
processing 19 input tokens: 10/19 (52.6%) batch=0.00 t/s avg=3.84 t/s
processing 19 input tokens: 11/19 (57.9%) batch=55.37 t/s avg=4.20 t/s
processing 19 input tokens: 11/19 (57.9%) batch=0.00 t/s avg=4.17 t/s
processing 19 input tokens: 11/19 (57.9%) batch=0.00 t/s avg=4.14 t/s
processing 19 input tokens: 12/19 (63.2%) batch=51.87 t/s avg=4.49 t/s
processing 19 input tokens: 12/19 (63.2%) batch=0.00 t/s avg=4.46 t/s
processing 19 input tokens: 13/19 (68.4%) batch=51.21 t/s avg=4.79 t/s
processing 19 input tokens: 13/19 (68.4%) batch=0.00 t/s avg=4.76 t/s
processing 19 input tokens: 14/19 (73.7%) batch=54.08 t/s avg=5.09 t/s
processing 19 input tokens: 14/19 (73.7%) batch=0.00 t/s avg=5.06 t/s
processing 19 input tokens: 15/19 (78.9%) batch=56.43 t/s avg=5.39 t/s
processing 19 input tokens: 15/19 (78.9%) batch=0.00 t/s avg=5.35 t/s
processing 19 input tokens: 15/19 (78.9%) batch=0.00 t/s avg=5.31 t/s
processing 19 input tokens: 16/19 (84.2%) batch=53.36 t/s avg=5.63 t/s
processing 19 input tokens: 16/19 (84.2%) batch=0.00 t/s avg=5.59 t/s
processing 19 input tokens: 17/19 (89.5%) batch=54.11 t/s avg=5.90 t/s
processing 19 input tokens: 17/19 (89.5%) batch=0.00 t/s avg=5.86 t/s
processing 19 input tokens: 18/19 (94.7%) batch=54.05 t/s avg=6.16 t/s
processing 19 input tokens: 18/19 (94.7%) batch=0.00 t/s avg=6.12 t/s
processing 19 input tokens: 19/19 (100.0%) batch=46.50 t/s avg=6.42 t/s
ds4: prefill full: 19 tokens in 2963.1 ms (6.4 t/s)
ds4: dspark rebuilt main-kv window positions 0..18
ds4: dspark draft FP8 rows5 kernel enabled
ds4: dspark draft FP8 strided rows5 kernel enabled
ds4: [mxfp4-native] two-dispatch plane decode arm engaged (dspark-strided, experts=6)
ds4: dspark draft row=0 prev=128822 next=9544 fast-markov
ds4: dspark draft row=1 prev=9544 next=734 fast-markov
ds4: dspark draft row=2 prev=734 next=260 fast-markov
ds4: dspark draft row=3 prev=260 next=5553 fast-markov
ds4: dspark draft row=4 prev=5553 next=3917 fast-markov
ds4: DSpark draft warmup: cap=5 rows=5 in 157.1 ms (paid before decode timer)
ds4: Flash-MoE mixed resident bank using fused GPU-selected decode path (slot id == expert id)
ds4: dspark draft row=0 prev=43 next=5922 fast-markov
ds4: dspark draft row=1 prev=5922 next=3551 fast-markov
ds4: dspark draft row=2 prev=3551 next=260 fast-markov
ds4: dspark draft row=3 prev=260 next=5553 fast-markov
ds4: dspark draft row=4 prev=5553 next=14 fast-markov
ds4: dspark confidence scheduler mode=hard threshold=0.000 raw=5 scheduled=5 probs=[0.838,0.664,0.800,0.507,0.492]
ds4: dspark verifier strict_v1 active=5 prefixN=1
ds4: dspark verifier Q8 rows5 shared-exact kernel enabled
ds4: dspark verifier microbatch KV FP8/raw-store rows enabled
ds4: dspark hybrid FFN-pre verifier using exact F16 rows path
ds4: dspark hybrid row-router verifier using exact F16 logits rows path
ds4: dspark hybrid row-router verifier using exact selector rows path
ds4: dspark row-routed direct Q2 down ordered-sum enabled
ds4: dspark hybrid row-routed verifier using row-exact tiny batch path
ds4: dspark hybrid shared verifier using exact fused rows path
ds4: dspark hybrid shared verifier using exact shared-down+HC rows path
ds4: dspark hybrid attention verifier using exact F16 compressor rows path
ds4: dspark hybrid attention verifier using exact F16 indexer-compressor rows path
ds4: dspark hybrid verifier deferring plain attention heads to batch call
ds4: dspark hybrid verifier using rows-exact flash attention heads
ds4: dspark verifier using experimental varmap rows5 attention kernel
ds4: dspark draft row=0 prev=14295 next=32214 fast-markov
ds4: dspark draft row=1 prev=32214 next=40856 fast-markov
ds4: dspark draft row=2 prev=40856 next=3917 fast-markov
ds4: dspark draft row=3 prev=3917 next=1812 fast-markov
ds4: dspark draft row=4 prev=1812 next=19950 fast-markov
ds4: dspark confidence scheduler mode=hard threshold=0.000 raw=5 scheduled=5 probs=[0.757,0.868,0.600,0.516,0.518]
ds4: dspark draft row=0 prev=29675 next=16 fast-markov
ds4: dspark draft row=1 prev=16 next=1162 fast-markov
ds4: dspark draft row=2 prev=1162 next=759 fast-markov
ds4: dspark draft row=3 prev=759 next=366 fast-markov
ds4: dspark draft row=4 prev=366 next=260 fast-markov
ds4: dspark confidence scheduler mode=hard threshold=0.000 raw=5 scheduled=5 probs=[0.622,0.700,0.647,0.599,0.353]
ds4: dspark draft row=0 prev=3394 next=270 fast-markov
ds4: dspark draft row=1 prev=270 next=8469 fast-markov
ds4: dspark draft row=2 prev=8469 next=14 fast-markov
ds4: dspark draft row=3 prev=14 next=8469 fast-markov
ds4: dspark draft row=4 prev=8469 next=14 fast-markov
ds4: dspark confidence scheduler mode=hard threshold=0.000 raw=5 scheduled=5 probs=[0.458,0.426,0.302,0.261,0.357]
ds4: dspark spec miss first draft=270 target=260 drafted=5
ds4: dspark draft row=0 prev=260 next=8469 fast-markov
ds4: dspark draft row=1 prev=8469 next=14 fast-markov
ds4: dspark draft row=2 prev=14 next=8469 fast-markov
ds4: dspark draft row=3 prev=8469 next=14 fast-markov
ds4: dspark draft row=4 prev=14 next=305 fast-markov
ds4: dspark confidence scheduler mode=hard threshold=0.000 raw=5 scheduled=5 probs=[0.597,0.586,0.406,0.427,0.435]
ds4: dspark draft row=0 prev=11319 next=14 fast-markov
ds4: dspark draft row=1 prev=14 next=26217 fast-markov
ds4: dspark draft row=2 prev=26217 next=14 fast-markov
ds4: dspark draft row=3 prev=14 next=305 fast-markov
ds4: dspark draft row=4 prev=305 next=26217 fast-markov
ds4: dspark confidence scheduler mode=hard threshold=0.000 raw=5 scheduled=5 probs=[0.962,0.606,0.730,0.425,0.282]
ds4: dspark draft row=0 prev=68546 next=14 fast-markov
ds4: dspark draft row=1 prev=14 next=305 fast-markov
ds4: dspark draft row=2 prev=305 next=25585 fast-markov
ds4: dspark draft row=3 prev=25585 next=339 fast-markov
ds4: dspark draft row=4 prev=339 next=9854 fast-markov
ds4: dspark confidence scheduler mode=hard threshold=0.000 raw=5 scheduled=5 probs=[0.983,0.830,0.380,0.433,0.733]
ds4: dspark draft row=0 prev=36490 next=201 fast-markov
ds4: dspark draft row=1 prev=201 next=1897 fast-markov
ds4: dspark draft row=2 prev=1897 next=87579 fast-markov
ds4: dspark draft row=3 prev=87579 next=201 fast-markov
ds4: dspark draft row=4 prev=201 next=1897 fast-markov
ds4: dspark confidence scheduler mode=hard threshold=0.000 raw=5 scheduled=5 probs=[0.996,0.991,0.983,0.957,0.951]
ds4: dspark draft row=0 prev=6719 next=271 fast-markov
ds4: dspark draft row=1 prev=271 next=5 fast-markov
ds4: dspark draft row=2 prev=5 next=60873 fast-markov
ds4: dspark draft row=3 prev=60873 next=19950 fast-markov
ds4: dspark draft row=4 prev=19950 next=29675 fast-markov
ds4: dspark confidence scheduler mode=hard threshold=0.000 raw=5 scheduled=5 probs=[0.749,0.956,0.386,0.393,0.616]
ds4: dspark spec miss first draft=271 target=201 drafted=5
ds4: dspark draft row=0 prev=201 next=1897 fast-markov
ds4: dspark draft row=1 prev=1897 next=7704 fast-markov
ds4: dspark draft row=2 prev=7704 next=271 fast-markov
ds4: dspark draft row=3 prev=271 next=5 fast-markov
ds4: dspark draft row=4 prev=5 next=60873 fast-markov
ds4: dspark confidence scheduler mode=hard threshold=0.000 raw=5 scheduled=5 probs=[0.994,0.882,0.831,0.889,0.426]
ds4: dspark draft row=0 prev=19950 next=29675 fast-markov
ds4: dspark draft row=1 prev=29675 next=201 fast-markov
ds4: dspark draft row=2 prev=201 next=12403 fast-markov
ds4: dspark draft row=3 prev=12403 next=29675 fast-markov
ds4: dspark draft row=4 prev=29675 next=57597 fast-markov
ds4: dspark confidence scheduler mode=hard threshold=0.000 raw=5 scheduled=5 probs=[0.847,0.918,0.984,0.991,0.875]
ds4: dspark draft row=0 prev=10414 next=5 fast-markov
ds4: dspark draft row=1 prev=5 next=110686 fast-markov
ds4: dspark draft row=2 prev=110686 next=201 fast-markov
ds4: dspark draft row=3 prev=201 next=5692 fast-markov
ds4: dspark draft row=4 prev=5692 next=77533 fast-markov
ds4: dspark confidence scheduler mode=hard threshold=0.000 raw=5 scheduled=5 probs=[1.000,0.753,0.687,0.948,0.457]
ds4: dspark draft row=0 prev=111000 next=438 fast-markov
ds4: dspark draft row=1 prev=438 next=223 fast-markov
ds4: dspark draft row=2 prev=223 next=6884 fast-markov
ds4: dspark draft row=3 prev=6884 next=201 fast-markov
ds4: dspark draft row=4 prev=201 next=5692 fast-markov
ds4: dspark confidence scheduler mode=hard threshold=0.000 raw=5 scheduled=5 probs=[1.000,1.000,0.834,0.953,0.985]
ds4: dspark draft row=0 prev=77533 next=114884 fast-markov
ds4: dspark draft row=1 prev=114884 next=23719 fast-markov
ds4: dspark draft row=2 prev=23719 next=223 fast-markov
ds4: dspark draft row=3 prev=223 next=6391 fast-markov
ds4: dspark draft row=4 prev=6391 next=201 fast-markov
ds4: dspark confidence scheduler mode=hard threshold=0.000 raw=5 scheduled=5 probs=[1.000,1.000,0.948,0.975,0.436]
ds4: dspark draft row=0 prev=438 next=223 fast-markov
ds4: dspark draft row=1 prev=223 next=6391 fast-markov
ds4: dspark draft row=2 prev=6391 next=201 fast-markov
ds4: dspark draft row=3 prev=201 next=98585 fast-markov
ds4: dspark draft row=4 prev=98585 next=111000 fast-markov
ds4: dspark confidence scheduler mode=hard threshold=0.000 raw=5 scheduled=5 probs=[1.000,0.993,0.988,0.623,0.772]
ds4: dspark draft row=0 prev=1647 next=48582 fast-markov
ds4: dspark draft row=1 prev=48582 next=438 fast-markov
ds4: dspark draft row=2 prev=438 next=223 fast-markov
ds4: dspark draft row=3 prev=223 next=553 fast-markov
ds4: dspark draft row=4 prev=553 next=201 fast-markov
ds4: dspark confidence scheduler mode=hard threshold=0.000 raw=5 scheduled=5 probs=[0.564,0.856,0.668,0.408,0.510]
ds4: dspark spec miss first draft=48582 target=108239 drafted=5
ds4: dspark draft row=0 prev=108239 next=39 fast-markov
ds4: dspark draft row=1 prev=39 next=3316 fast-markov
ds4: dspark draft row=2 prev=3316 next=438 fast-markov
ds4: dspark draft row=3 prev=438 next=223 fast-markov
ds4: dspark draft row=4 prev=223 next=23 fast-markov
ds4: dspark confidence scheduler mode=hard threshold=0.000 raw=5 scheduled=5 probs=[0.997,0.997,0.994,0.991,0.325]
ds4: dspark draft row=0 prev=201 next=2389 fast-markov
ds4: dspark draft row=1 prev=2389 next=4846 fast-markov
ds4: dspark draft row=2 prev=4846 next=59 fast-markov
ds4: dspark draft row=3 prev=59 next=108239 fast-markov
ds4: dspark draft row=4 prev=108239 next=39 fast-markov
ds4: dspark confidence scheduler mode=hard threshold=0.000 raw=5 scheduled=5 probs=[0.794,0.757,0.681,0.563,0.744]
ds4: dspark draft row=0 prev=3316 next=438 fast-markov
ds4: dspark draft row=1 prev=438 next=223 fast-markov
ds4: dspark draft row=2 prev=223 next=20 fast-markov
ds4: dspark draft row=3 prev=20 next=201 fast-markov
ds4: dspark draft row=4 prev=201 next=36 fast-markov
ds4: dspark confidence scheduler mode=hard threshold=0.000 raw=5 scheduled=5 probs=[0.679,0.795,0.525,0.628,0.533]
ds4: dspark draft row=0 prev=6552 next=108239 fast-markov
ds4: dspark draft row=1 prev=108239 next=39 fast-markov
ds4: dspark draft row=2 prev=39 next=3316 fast-markov
ds4: dspark draft row=3 prev=3316 next=438 fast-markov
ds4: dspark draft row=4 prev=438 next=223 fast-markov
ds4: dspark confidence scheduler mode=hard threshold=0.000 raw=5 scheduled=5 probs=[1.000,1.000,1.000,0.999,1.000]
ds4: dspark spec miss first draft=108239 target=3402 drafted=5
ds4: dspark draft row=0 prev=3402 next=108239 fast-markov
ds4: dspark draft row=1 prev=108239 next=39 fast-markov
ds4: dspark draft row=2 prev=39 next=3316 fast-markov
ds4: dspark draft row=3 prev=3316 next=438 fast-markov
ds4: dspark draft row=4 prev=438 next=223 fast-markov
ds4: dspark confidence scheduler mode=hard threshold=0.000 raw=5 scheduled=5 probs=[0.636,0.772,0.714,0.457,0.504]
ds4: dspark draft row=0 prev=25 next=201 fast-markov
ds4: dspark draft row=1 prev=201 next=2389 fast-markov
ds4: dspark confidence scheduler mode=hard threshold=0.000 raw=2 scheduled=2 probs=[0.921,0.645,0.000,0.000,0.000]
ds4: ----------------------------------------
ds4: prefill: 6.03 t/s, generation: 41.34 t/s (96 tokens in 2.322s)
ds4: dspark perf: draft=433.9 tok/s, verify=74.8 proposed tok/s, verify-accepted=51.8 tok/s, block=77.90 ms (draft=11.21 verify=64.98 overhead=1.71 commit=1.31, tau=3.36, blocks=22)
ds4: dspark verify GPU-busy: 58.76 ms/block of 64.98 ms verify (90.4% active, 9.6% idle)
ds4: vm pressure: app=83.53 GiB resident=66.39 GiB wired=96.44 GiB compressed=2.82 GiB logical=5.00 GiB swap=5.39/6.00 GiB pressure=86% free=3.11 GiB gpu=83.45 GiB gpu-compressed=0.00 GiB task-compressed=25.39 GiB decompressions=3875620
ds4: dspark acceptance: 69.2% (74/107 draft tokens)
ds4: dspark acceptance by position: 1=18/22 2=17/22 3=15/21 4=13/21 5=11/21
ds4: dspark conditional acceptance: 1=81.8% (18/22) 2|1=94.4% (17/18) 3|1-2=93.8% (15/16) 4|1-3=86.7% (13/15) 5|1-4=84.6% (11/13)
ds4: dspark full-accept: 54.5% (12/22 blocks), first-miss: 18.2% (4/22 blocks)
ds4: dspark avg scheduled: 4.86 draft tokens/block (22 blocks)
ds4: Flash-MoE resident slot bank: resident-slots=11008/11008 (100.0%, avg=256.0/layer) installed=72.56 GiB
