ds4: detected DS4 sidecar package: -m /Users/anemll/Models/flash/dsv4-iq2xxs-expert-major/dense/model-dense.gguf, --moe-sidecar /Users/anemll/Models/flash/dsv4-iq2xxs-expert-major, --moe-mode slot-bank
ds4: applied sidecar tuning profile [Apple M5 Max] from ds4_profile.json (51 env defaults set, 0 kept from environment)
ds4: warning: raw KV cap limits Metal prefill chunk (prefill_chunk=4096, raw_kv_rows=4096, raw_window=128, effective_chunk=3968; target raw cap for one chunk is 4352, also requires ctx >= that value)
ds4: context buffers 429.99 MiB (ctx=4096, backend=metal, prefill_chunk=4096, raw_kv_rows=4096, compressed_kv_rows=1026)
ds4: Flash-MoE sidecar loaded: /Users/anemll/Models/flash/dsv4-iq2xxs-expert-major (slot-bank=256, expert-record 6.75 MiB)
ds4: Flash-MoE expert mmap cache: off; expert reads: pread
ds4: Metal device Apple M5 Max, 128.00 GiB RAM, GPU working-set budget 107.52 GiB (raise with: sudo sysctl iogpu.wired_limit_mb=<MB>)
ds4: drift-patch flags hc_stable=on norm_unify=on kv_raw_f32=off rope_exp2_log2=off math_safe=off tensor_matmul=off
ds4: MXFP4 native library (MSL 4.1): repack=ok selected-repack=ok selected-plane-copy=ok scale-plane matmul=ok selected-matmul=ok decode2=pair/sum6 batch-decode2=pair/sum6 batch-strided=pair/sum6 hybrid-down=sum6 chunked-decode2=pair/sum6
ds4: DS4_MXFP4_NATIVE=1: native MXFP4 available (MPP 4.1 scale-plane matmul2d)
ds4: DSpark resident expert cache: ranges=9 bytes=9.56 GiB (persistent; debug opt-out requires DS4_DSPARK_ALLOW_NONRESIDENT=1)
ds4: DSpark sidecar Metal residency requested: buffers=9 bytes=9.56 GiB
ds4: DSpark draft package loaded: /Users/anemll/Models/DSv4-Flash-DSpark-draft (block=5 verify=4 scheduler=static conf=0.000 noise=128799 target_layers=40,41,42 markov_rank=256 records=81 mapped=10.12 GiB)
ds4: DSpark draft records: F32=41 F16=6 FP8_E4M3=25 MXFP4_NATIVE=9
ds4: DSpark draft inference enabled: MPP 4.1 FP8/MXFP4 draft kernels, fused routed-MoE per draft layer, persistent resident experts, greedy Markov head, exact verifier v1
ds4: Flash-MoE using mmap-backed dense/shared weights without full-model Metal residency warmup
ds4: Metal model views created in 0.271 ms, residency requested in 0.000 ms, warmup 0.000 ms (mapped 8393.67 MiB from offset 5.06 MiB)
ds4: Metal mapped mmaped model as 1 overlapping shared buffers
ds4: metal backend initialized for graph diagnostics
ds4: prefill routed-MoE (requested): mul_mm_id (grouped GPU / ALU)  [grouped path]
ds4: prefill quant scales (ANE env first): w_qscale=512 x_qscale=32 mid_qscale=32 w_scale=0.00195312 x_scale=0.03125 mid_scale=0.03125
ds4: prefill ctx-grow: on, block=16384 tokens
ds4: prefill chunk cap: 16384, graph_raw_cap=auto
ds4: Flash-MoE resident mixed slot-bank load: layers=43 slots=256 bytes=72.56 GiB (one dot per layer)
ds4: Flash-MoE resident prepare: ........................................... 72.56/72.56 GiB (43 layers)
ds4: Flash-MoE resident preload: ........................................... 72.56/72.56 GiB (43 layers)
ds4: Flash-MoE preloaded mixed slot bank: layers=43 slots=256 identity-mapped experts=256
ds4: Flash-MoE slot-bank Metal residency requested: buffers=43 bytes=72.56 GiB
ds4: Flash-MoE slot-bank pages touched: buffers=43 bytes=72.56 GiB
ds4: Flash-MoE slot banks allocated: layers=43 slots=256 gpu-bank=72.6GB Dense: 8.2GB Context: 0.4GB Total <<<< 81.2GB >>>>
ds4: Flash-MoE slot bank layout: mixed expert-major
ds4: warning: very large Flash-MoE slot bank can collapse decode throughput (slots=256, gpu-bank=72.56 GiB). The wired bank competes with the OS file cache that serves decode-miss reads of the sidecar; when the sidecar is larger than RAM, smaller banks decode faster. Compare --moe-slot-bank 32/48/64 or use --ssd-cache auto.
ds4: prefill compute: routed experts = ANE i8i8 (W8A8) | dense proj = Q8 direct-RHS NAX; K-quant dense = fused mul_mm_id batch
ds4: prefill I/O: io-split=4 async-pread=on pread-threads=4 readahead=12 bank-prefetch=3 slot-cache-topk=0 xlayer=auto<=6k-tok topk=128
ds4: decode  I/O: io-split=4 router-prefetch=off scratch-prefetch=off max-loads=0 layer-stride=1 miss-direct-slot-pread=on prefetch-direct-slot-pread=off did-modify=on shared-down=on reset-after-prefill=off realloc-after-prefill=off restore-after-prefill=off resident=slot-bank slots=256
ds4: Flash-MoE banked kernels using M5 simdgroup_matrix fast path (prefetch=3, banks=4)
ds4: WARNING: prefill chunk 4096 clamped to 3968 by raw-KV cap (raw_cap=4096, window=128). Set DS4_METAL_GRAPH_RAW_CAP >= 4224 (window + chunk) — or unset it to auto-size — to honor the chunk.
ds4: prefill chunk cap EFFECTIVE=3968 tokens (DS4_METAL_PREFILL_CHUNK=16384), CLAMPED by raw-KV-cap (ctx-grow) (resident-NAX tiles this by scratch_cap; that tile gates the sync bridge)
processing 19 input tokens: 0/19 (0.0%) batch=0.00 t/s avg=0.00 t/s
ds4: ANE i8w-i8x-tiled-fused cached async prefill B=256 H=4096 I=2048 w_scale=0.00195312 x_scale=0.03125 mid_scale=0.03125
processing 19 input tokens: 0/19 (0.0%) batch=0.00 t/s avg=0.00 t/s
processing 19 input tokens: 0/19 (0.0%) batch=0.00 t/s avg=0.00 t/s
processing 19 input tokens: 1/19 (5.3%) batch=30.22 t/s avg=0.58 t/s
processing 19 input tokens: 1/19 (5.3%) batch=0.00 t/s avg=0.57 t/s
processing 19 input tokens: 2/19 (10.5%) batch=52.64 t/s avg=1.13 t/s
processing 19 input tokens: 2/19 (10.5%) batch=0.00 t/s avg=1.12 t/s
processing 19 input tokens: 3/19 (15.8%) batch=51.89 t/s avg=1.66 t/s
processing 19 input tokens: 3/19 (15.8%) batch=0.00 t/s avg=1.64 t/s
processing 19 input tokens: 3/19 (15.8%) batch=0.00 t/s avg=1.63 t/s
processing 19 input tokens: 4/19 (21.1%) batch=47.45 t/s avg=2.14 t/s
processing 19 input tokens: 4/19 (21.1%) batch=0.00 t/s avg=2.12 t/s
processing 19 input tokens: 5/19 (26.3%) batch=48.80 t/s avg=2.62 t/s
processing 19 input tokens: 5/19 (26.3%) batch=0.00 t/s avg=2.59 t/s
processing 19 input tokens: 6/19 (31.6%) batch=54.04 t/s avg=3.08 t/s
processing 19 input tokens: 6/19 (31.6%) batch=0.00 t/s avg=3.06 t/s
processing 19 input tokens: 7/19 (36.8%) batch=56.51 t/s avg=3.53 t/s
processing 19 input tokens: 7/19 (36.8%) batch=0.00 t/s avg=3.50 t/s
processing 19 input tokens: 7/19 (36.8%) batch=0.00 t/s avg=3.47 t/s
processing 19 input tokens: 8/19 (42.1%) batch=53.50 t/s avg=3.93 t/s
processing 19 input tokens: 8/19 (42.1%) batch=0.00 t/s avg=3.89 t/s
processing 19 input tokens: 9/19 (47.4%) batch=57.29 t/s avg=4.33 t/s
processing 19 input tokens: 9/19 (47.4%) batch=0.00 t/s avg=4.29 t/s
processing 19 input tokens: 10/19 (52.6%) batch=52.54 t/s avg=4.73 t/s
processing 19 input tokens: 10/19 (52.6%) batch=0.00 t/s avg=4.68 t/s
processing 19 input tokens: 11/19 (57.9%) batch=58.21 t/s avg=5.11 t/s
processing 19 input tokens: 11/19 (57.9%) batch=0.00 t/s avg=5.07 t/s
processing 19 input tokens: 11/19 (57.9%) batch=0.00 t/s avg=5.03 t/s
processing 19 input tokens: 12/19 (63.2%) batch=51.06 t/s avg=5.44 t/s
processing 19 input tokens: 12/19 (63.2%) batch=0.00 t/s avg=5.40 t/s
processing 19 input tokens: 13/19 (68.4%) batch=49.76 t/s avg=5.79 t/s
processing 19 input tokens: 13/19 (68.4%) batch=0.00 t/s avg=5.75 t/s
processing 19 input tokens: 14/19 (73.7%) batch=53.50 t/s avg=6.14 t/s
processing 19 input tokens: 14/19 (73.7%) batch=0.00 t/s avg=6.09 t/s
processing 19 input tokens: 15/19 (78.9%) batch=57.26 t/s avg=6.48 t/s
processing 19 input tokens: 15/19 (78.9%) batch=0.00 t/s avg=6.43 t/s
processing 19 input tokens: 15/19 (78.9%) batch=0.00 t/s avg=6.37 t/s
processing 19 input tokens: 16/19 (84.2%) batch=51.93 t/s avg=6.74 t/s
processing 19 input tokens: 16/19 (84.2%) batch=0.00 t/s avg=6.69 t/s
processing 19 input tokens: 17/19 (89.5%) batch=52.00 t/s avg=7.05 t/s
processing 19 input tokens: 17/19 (89.5%) batch=0.00 t/s avg=6.99 t/s
processing 19 input tokens: 18/19 (94.7%) batch=54.00 t/s avg=7.34 t/s
processing 19 input tokens: 18/19 (94.7%) batch=0.00 t/s avg=7.28 t/s
processing 19 input tokens: 19/19 (100.0%) batch=45.15 t/s avg=7.62 t/s
ds4: prefill full: 19 tokens in 2495.7 ms (7.6 t/s)
ds4: [mxfp4-native] two-dispatch plane decode arm engaged (dspark-strided, experts=6)
ds4: DSpark draft warmup: cap=4 rows=4 in 171.3 ms (paid before decode timer)
ds4: Flash-MoE mixed resident bank using fused GPU-selected decode path (slot id == expert id)
ds4: speculative sidecar verifier: resident slot-bank tiny batch path engaged (n_tokens<=5, slot id == expert id)
ds4: dspark hybrid layer attn-HC audit decodeN-attn-ffn-batch eps=1e-08 first=1 max=6.29574e-07 rms=6.0106e-08 worst=21 worst_max=0.570815 worst_rms=0.0419458 layers=43 rows=3
ds4: dspark hybrid layer post-HC audit decodeN-attn-ffn-batch eps=1e-08 first=0 max=1.19209e-07 rms=9.0952e-09 worst=42 worst_max=0.629105 worst_rms=0.0609126 layers=43 rows=3
ds4: dspark hybrid layer ffn-pre audit decodeN-attn-ffn-batch eps=1e-08 first=1 max=6.15604e-07 rms=1.16537e-07 worst=42 worst_max=0.407648 worst_rms=0.0696663 layers=43 rows=3
ds4: dspark hybrid layer ffn-norm audit decodeN-attn-ffn-batch eps=1e-08 first=1 max=2.09361e-06 rms=4.57591e-07 worst=18 worst_max=0.174561 worst_rms=0.0284589 layers=43 rows=3
ds4: dspark hybrid layer routed-out audit decodeN-attn-ffn-batch eps=1e-08 first=0 max=2.38419e-07 rms=3.31033e-08 worst=17 worst_max=0.296592 worst_rms=0.0469849 layers=43 rows=3
ds4: dspark hybrid layer shared-out audit decodeN-attn-ffn-batch eps=1e-08 first=1 max=9.38773e-07 rms=1.19811e-07 worst=42 worst_max=0.408035 worst_rms=0.0191764 layers=43 rows=3
ds4: dspark hybrid audit commit logits top hybrid=5553 exact=5553 margin hybrid=2.614 exact=2.667 max=0.203818 rms=0.0424034
ds4: dspark batch state audit hybrid-vs-exact layer=2 n_comp 5/5 n_index 5/5 attn_kv max=1.16974e-06 rms=8.50855e-08 attn_score max=1.81794e-06 rms=nan index_kv max=1.01328e-06 rms=1.16598e-07 index_score max=1.96695e-06 rms=nan raw max=1.52588e-05 rms=3.89336e-07 rows=3
ds4: dspark batch state audit hybrid-vs-exact layer=3 n_comp 0/0 n_index 0/0 attn_kv max=2.73809e-06 rms=7.6771e-08 attn_score max=1.24276e-05 rms=nan index_kv max=0 rms=0 index_score max=0 rms=0 raw max=0.03125 rms=0.00079736 rows=3
ds4: dspark batch state audit hybrid-vs-exact layer=4 n_comp 5/5 n_index 5/5 attn_kv max=0.000220984 rms=1.41404e-05 attn_score max=0.000445962 rms=nan index_kv max=0.000279188 rms=1.95089e-05 index_score max=0.000563622 rms=nan raw max=0.0625 rms=0.00183461 rows=3
ds4: dspark batch state audit hybrid-vs-exact layer=5 n_comp 0/0 n_index 0/0 attn_kv max=0.000314146 rms=6.1795e-06 attn_score max=0.000427246 rms=nan index_kv max=0 rms=0 index_score max=0 rms=0 raw max=0.125 rms=0.0038056 rows=3
ds4: dspark batch state audit hybrid-vs-exact layer=6 n_comp 5/5 n_index 5/5 attn_kv max=0.000750303 rms=7.72472e-05 attn_score max=0.00425339 rms=nan index_kv max=0.000933066 rms=9.53076e-05 index_score max=0.00577545 rms=nan raw max=0.0625 rms=0.00306909 rows=3
ds4: dspark batch state audit hybrid-vs-exact layer=7 n_comp 0/0 n_index 0/0 attn_kv max=0.00071831 rms=1.32541e-05 attn_score max=0.00133771 rms=nan index_kv max=0 rms=0 index_score max=0 rms=0 raw max=0.125 rms=0.00648035 rows=3
ds4: dspark batch state audit hybrid-vs-exact layer=8 n_comp 5/5 n_index 5/5 attn_kv max=0.00281191 rms=0.000202818 attn_score max=0.00587547 rms=nan index_kv max=0.00318468 rms=0.000265731 index_score max=0.00660777 rms=nan raw max=0.0625 rms=0.00510807 rows=3
ds4: dspark batch state audit hybrid-vs-exact layer=9 n_comp 0/0 n_index 0/0 attn_kv max=0.00058493 rms=1.49211e-05 attn_score max=0.00079225 rms=nan index_kv max=0 rms=0 index_score max=0 rms=0 raw max=0.125 rms=0.00548665 rows=3
ds4: dspark batch state audit hybrid-vs-exact layer=10 n_comp 5/5 n_index 5/5 attn_kv max=0.00200311 rms=0.000187113 attn_score max=0.00600028 rms=nan index_kv max=0.00352538 rms=0.000255074 index_score max=0.00474477 rms=nan raw max=0.0625 rms=0.00539781 rows=3
ds4: dspark batch state audit hybrid-vs-exact layer=11 n_comp 0/0 n_index 0/0 attn_kv max=0.000730209 rms=2.15511e-05 attn_score max=0.00174269 rms=nan index_kv max=0 rms=0 index_score max=0 rms=0 raw max=0.125 rms=0.00673812 rows=3
ds4: dspark batch state audit hybrid-vs-exact layer=12 n_comp 5/5 n_index 5/5 attn_kv max=0.00248194 rms=0.000215797 attn_score max=0.0118511 rms=nan index_kv max=0.00647593 rms=0.000319593 index_score max=0.0121211 rms=nan raw max=0.125 rms=0.00674439 rows=3
ds4: dspark batch state audit hybrid-vs-exact layer=13 n_comp 0/0 n_index 0/0 attn_kv max=0.000700595 rms=2.28823e-05 attn_score max=0.00138764 rms=nan index_kv max=0 rms=0 index_score max=0 rms=0 raw max=0.125 rms=0.00599085 rows=3
ds4: dspark batch state audit hybrid-vs-exact layer=14 n_comp 5/5 n_index 5/5 attn_kv max=0.00198323 rms=0.000219182 attn_score max=0.00672734 rms=nan index_kv max=0.00258534 rms=0.000345193 index_score max=0.00769031 rms=nan raw max=0.125 rms=0.00986725 rows=3
ds4: dspark batch state audit hybrid-vs-exact layer=15 n_comp 0/0 n_index 0/0 attn_kv max=0.00140273 rms=4.15593e-05 attn_score max=0.0062871 rms=nan index_kv max=0 rms=0 index_score max=0 rms=0 raw max=0.125 rms=0.00827661 rows=3
ds4: dspark batch state audit hybrid-vs-exact layer=16 n_comp 5/5 n_index 5/5 attn_kv max=0.00239046 rms=0.000287807 attn_score max=0.00763702 rms=nan index_kv max=0.00374377 rms=0.000467235 index_score max=0.00894451 rms=nan raw max=0.25 rms=0.0111244 rows=3
ds4: dspark batch state audit hybrid-vs-exact layer=17 n_comp 0/0 n_index 0/0 attn_kv max=0.0473576 rms=0.00137358 attn_score max=0.117277 rms=nan index_kv max=0 rms=0 index_score max=0 rms=0 raw max=0.25 rms=0.0452262 rows=3
ds4: dspark batch state audit hybrid-vs-exact layer=18 n_comp 5/5 n_index 5/5 attn_kv max=0.0394596 rms=0.00440904 attn_score max=0.129012 rms=nan index_kv max=0.0875382 rms=0.00550292 index_score max=0.137752 rms=nan raw max=0.359375 rms=0.0605498 rows=3
ds4: dspark batch state audit hybrid-vs-exact layer=19 n_comp 0/0 n_index 0/0 attn_kv max=0.0246141 rms=0.000508775 attn_score max=0.032359 rms=nan index_kv max=0 rms=0 index_score max=0 rms=0 raw max=0.25 rms=0.0505416 rows=3
ds4: dspark batch state audit hybrid-vs-exact layer=20 n_comp 5/5 n_index 5/5 attn_kv max=0.0317727 rms=0.00357277 attn_score max=0.109855 rms=nan index_kv max=0.0299797 rms=0.00399389 index_score max=0.197703 rms=nan raw max=0.289062 rms=0.0528262 rows=3
ds4: dspark batch state audit hybrid-vs-exact layer=21 n_comp 0/0 n_index 0/0 attn_kv max=0.0203427 rms=0.000365992 attn_score max=0.0252745 rms=nan index_kv max=0 rms=0 index_score max=0 rms=0 raw max=0.15625 rms=0.0309605 rows=3
ds4: dspark batch state audit hybrid-vs-exact layer=22 n_comp 5/5 n_index 5/5 attn_kv max=0.0195662 rms=0.00243427 attn_score max=0.0469863 rms=nan index_kv max=0.0289441 rms=0.00349189 index_score max=0.0483118 rms=nan raw max=0.25 rms=0.0242765 rows=3
ds4: dspark batch state audit hybrid-vs-exact layer=23 n_comp 0/0 n_index 0/0 attn_kv max=0.0475481 rms=0.00056003 attn_score max=0.0329964 rms=nan index_kv max=0 rms=0 index_score max=0 rms=0 raw max=0.25 rms=0.0320075 rows=3
ds4: dspark batch state audit hybrid-vs-exact layer=24 n_comp 5/5 n_index 5/5 attn_kv max=0.0286492 rms=0.00206518 attn_score max=0.0623426 rms=nan index_kv max=0.0227839 rms=0.00268742 index_score max=0.0864515 rms=nan raw max=0.125 rms=0.0155027 rows=3
ds4: dspark batch state audit hybrid-vs-exact layer=25 n_comp 0/0 n_index 0/0 attn_kv max=0.00954716 rms=0.000185164 attn_score max=0.0144135 rms=nan index_kv max=0 rms=0 index_score max=0 rms=0 raw max=0.125 rms=0.022715 rows=3
ds4: dspark batch state audit hybrid-vs-exact layer=26 n_comp 5/5 n_index 5/5 attn_kv max=0.0154425 rms=0.00140904 attn_score max=0.0526692 rms=nan index_kv max=0.0167424 rms=0.0015434 index_score max=0.0760124 rms=nan raw max=0.125 rms=0.0239695 rows=3
ds4: dspark batch state audit hybrid-vs-exact layer=27 n_comp 0/0 n_index 0/0 attn_kv max=0.00954303 rms=0.000203699 attn_score max=0.0191835 rms=nan index_kv max=0 rms=0 index_score max=0 rms=0 raw max=0.125 rms=0.0250644 rows=3
ds4: dspark batch state audit hybrid-vs-exact layer=28 n_comp 5/5 n_index 5/5 attn_kv max=0.0218742 rms=0.00152376 attn_score max=0.169944 rms=nan index_kv max=0.0332361 rms=0.00219739 index_score max=0.140667 rms=nan raw max=0.125 rms=0.0191394 rows=3
ds4: dspark batch state audit hybrid-vs-exact layer=29 n_comp 0/0 n_index 0/0 attn_kv max=0.0134904 rms=0.000202925 attn_score max=0.0246864 rms=nan index_kv max=0 rms=0 index_score max=0 rms=0 raw max=0.25 rms=0.0271312 rows=3
ds4: dspark batch state audit hybrid-vs-exact layer=30 n_comp 5/5 n_index 5/5 attn_kv max=0.0159037 rms=0.00140332 attn_score max=0.109136 rms=nan index_kv max=0.0278135 rms=0.00212613 index_score max=0.0960431 rms=nan raw max=0.25 rms=0.0189997 rows=3
ds4: dspark batch state audit hybrid-vs-exact layer=31 n_comp 0/0 n_index 0/0 attn_kv max=0.00743955 rms=0.000174932 attn_score max=0.0160906 rms=nan index_kv max=0 rms=0 index_score max=0 rms=0 raw max=0.125 rms=0.0187411 rows=3
ds4: dspark batch state audit hybrid-vs-exact layer=32 n_comp 5/5 n_index 5/5 attn_kv max=0.00793803 rms=0.000756104 attn_score max=0.0557644 rms=nan index_kv max=0.0106134 rms=0.00101167 index_score max=0.0622435 rms=nan raw max=0.125 rms=0.0149115 rows=3
ds4: dspark batch state audit hybrid-vs-exact layer=33 n_comp 0/0 n_index 0/0 attn_kv max=0.00664076 rms=0.000161163 attn_score max=0.0117687 rms=nan index_kv max=0 rms=0 index_score max=0 rms=0 raw max=0.25 rms=0.021635 rows=3
ds4: dspark batch state audit hybrid-vs-exact layer=34 n_comp 5/5 n_index 5/5 attn_kv max=0.0117168 rms=0.000854244 attn_score max=0.0838089 rms=nan index_kv max=0.0100553 rms=0.000994041 index_score max=0.080719 rms=nan raw max=0.125 rms=0.0177109 rows=3
ds4: dspark batch state audit hybrid-vs-exact layer=35 n_comp 0/0 n_index 0/0 attn_kv max=0.0118364 rms=0.000196717 attn_score max=0.0149358 rms=nan index_kv max=0 rms=0 index_score max=0 rms=0 raw max=0.25 rms=0.0202697 rows=3
ds4: dspark batch state audit hybrid-vs-exact layer=36 n_comp 5/5 n_index 5/5 attn_kv max=0.0122895 rms=0.000859243 attn_score max=0.0453222 rms=nan index_kv max=0.0105289 rms=0.000829635 index_score max=0.0439234 rms=nan raw max=0.125 rms=0.0171935 rows=3
ds4: dspark batch state audit hybrid-vs-exact layer=37 n_comp 0/0 n_index 0/0 attn_kv max=0.00743173 rms=7.7341e-05 attn_score max=0.01312 rms=nan index_kv max=0 rms=0 index_score max=0 rms=0 raw max=0.125 rms=0.0151603 rows=3
ds4: dspark batch state audit hybrid-vs-exact layer=38 n_comp 5/5 n_index 5/5 attn_kv max=0.0155465 rms=0.00118659 attn_score max=0.0503509 rms=nan index_kv max=0.0364089 rms=0.0015576 index_score max=0.0756726 rms=nan raw max=0.125 rms=0.0115718 rows=3
ds4: dspark batch state audit hybrid-vs-exact layer=39 n_comp 0/0 n_index 0/0 attn_kv max=0.00561941 rms=0.000118181 attn_score max=0.0189224 rms=nan index_kv max=0 rms=0 index_score max=0 rms=0 raw max=0.25 rms=0.0160613 rows=3
ds4: dspark batch state audit hybrid-vs-exact layer=40 n_comp 5/5 n_index 5/5 attn_kv max=0.00745678 rms=0.000692796 attn_score max=0.107826 rms=nan index_kv max=0.0128058 rms=0.00114631 index_score max=0.0971823 rms=nan raw max=0.125 rms=0.0185738 rows=3
ds4: dspark batch state audit hybrid-vs-exact layer=41 n_comp 0/0 n_index 0/0 attn_kv max=0.00397605 rms=8.81429e-05 attn_score max=0.016129 rms=nan index_kv max=0 rms=0 index_score max=0 rms=0 raw max=0.125 rms=0.0182446 rows=3
ds4: dspark batch state audit hybrid-vs-exact layer=42 n_comp 5/5 n_index 5/5 attn_kv max=0.00633029 rms=0.000548409 attn_score max=0.0231552 rms=nan index_kv max=0.00514677 rms=0.000580521 index_score max=0.0208135 rms=nan raw max=0.125 rms=0.0114986 rows=3
ds4: dspark batch state audit hybrid-vs-exact final_hc row=2 max=0.629105 rms=0.0949864
ds4: dspark batch state audit hybrid-vs-exact summary mismatch_layers=41 max=0.629105 final_hc_max=0.629105 raw_rows=3 mtp_n_raw 0/0
ds4: ----------------------------------------
ds4: prefill: 7.05 t/s, generation: 16.46 t/s (4 tokens in 0.243s)
ds4: dspark acceptance: 100.0% (3/3 draft tokens)
ds4: Flash-MoE resident slot bank: resident-slots=11008/11008 (100.0%, avg=256.0/layer) installed=72.56 GiB
