ds4: detected DS4 sidecar package: -m /Users/anemll/Models/flash/dsv4-iq2xxs-expert-major/dense/model-dense.gguf, --moe-sidecar /Users/anemll/Models/flash/dsv4-iq2xxs-expert-major, --moe-mode slot-bank
ds4: applied sidecar tuning profile [Apple M5 Max] from ds4_profile.json (51 env defaults set, 0 kept from environment)
ds4: warning: raw KV cap limits Metal prefill chunk (prefill_chunk=4096, raw_kv_rows=4096, raw_window=128, effective_chunk=3968; target raw cap for one chunk is 4352, also requires ctx >= that value)
ds4: context buffers 429.99 MiB (ctx=4096, backend=metal, prefill_chunk=4096, raw_kv_rows=4096, compressed_kv_rows=1026)
ds4: Flash-MoE sidecar loaded: /Users/anemll/Models/flash/dsv4-iq2xxs-expert-major (slot-bank=256, expert-record 6.75 MiB)
ds4: Flash-MoE expert mmap cache: off; expert reads: pread
ds4: Metal device Apple M5 Max, 128.00 GiB RAM, GPU working-set budget 107.52 GiB (raise with: sudo sysctl iogpu.wired_limit_mb=<MB>)
ds4: drift-patch flags hc_stable=on norm_unify=on kv_raw_f32=off rope_exp2_log2=off math_safe=off tensor_matmul=off
ds4: MXFP4 native library (MSL 4.1): repack=ok selected-repack=ok selected-plane-copy=ok scale-plane matmul=ok selected-matmul=ok decode2=pair/sum6 batch-decode2=pair/sum6 batch-strided=pair/sum6 hybrid-down=sum6 chunked-decode2=pair/sum6
ds4: DS4_MXFP4_NATIVE=1: native MXFP4 available (MPP 4.1 scale-plane matmul2d)
ds4: DSpark resident expert cache: ranges=9 bytes=9.56 GiB (persistent; debug opt-out requires DS4_DSPARK_ALLOW_NONRESIDENT=1)
ds4: DSpark sidecar Metal residency requested: buffers=9 bytes=9.56 GiB
ds4: DSpark draft package loaded: /Users/anemll/Models/DSv4-Flash-DSpark-draft (block=5 verify=5 scheduler=static conf=0.000 noise=128799 target_layers=40,41,42 markov_rank=256 records=81 mapped=10.12 GiB)
ds4: DSpark draft records: F32=41 F16=6 FP8_E4M3=25 MXFP4_NATIVE=9
ds4: DSpark draft inference enabled: MPP 4.1 FP8/MXFP4 draft kernels, fused routed-MoE per draft layer, persistent resident experts, greedy Markov head, exact verifier v1
ds4: Flash-MoE using mmap-backed dense/shared weights without full-model Metal residency warmup
ds4: Metal model views created in 0.245 ms, residency requested in 0.000 ms, warmup 0.000 ms (mapped 8393.67 MiB from offset 5.06 MiB)
ds4: Metal mapped mmaped model as 1 overlapping shared buffers
ds4: metal backend initialized for graph diagnostics
ds4: prefill routed-MoE (requested): mul_mm_id (grouped GPU / ALU)  [grouped path]
ds4: prefill quant scales (ANE env first): w_qscale=512 x_qscale=32 mid_qscale=32 w_scale=0.00195312 x_scale=0.03125 mid_scale=0.03125
ds4: prefill ctx-grow: on, block=16384 tokens
ds4: prefill chunk cap: 16384, graph_raw_cap=auto
ds4: Flash-MoE resident mixed slot-bank load: layers=43 slots=256 bytes=72.56 GiB (one dot per layer)
ds4: Flash-MoE resident prepare: ........................................... 72.56/72.56 GiB (43 layers)
ds4: Flash-MoE resident preload: ........................................... 72.56/72.56 GiB (43 layers)
ds4: Flash-MoE preloaded mixed slot bank: layers=43 slots=256 identity-mapped experts=256
ds4: Flash-MoE slot-bank Metal residency requested: buffers=43 bytes=72.56 GiB
ds4: Flash-MoE slot-bank pages touched: buffers=43 bytes=72.56 GiB
ds4: Flash-MoE slot banks allocated: layers=43 slots=256 gpu-bank=72.6GB Dense: 8.2GB Context: 0.4GB Total <<<< 81.2GB >>>>
ds4: Flash-MoE slot bank layout: mixed expert-major
ds4: warning: very large Flash-MoE slot bank can collapse decode throughput (slots=256, gpu-bank=72.56 GiB). The wired bank competes with the OS file cache that serves decode-miss reads of the sidecar; when the sidecar is larger than RAM, smaller banks decode faster. Compare --moe-slot-bank 32/48/64 or use --ssd-cache auto.
ds4: prefill compute: routed experts = ANE i8i8 (W8A8) | dense proj = Q8 direct-RHS NAX; K-quant dense = fused mul_mm_id batch
ds4: prefill I/O: io-split=4 async-pread=on pread-threads=4 readahead=12 bank-prefetch=3 slot-cache-topk=0 xlayer=auto<=6k-tok topk=128
ds4: decode  I/O: io-split=4 router-prefetch=off scratch-prefetch=off max-loads=0 layer-stride=1 miss-direct-slot-pread=on prefetch-direct-slot-pread=off did-modify=on shared-down=on reset-after-prefill=off realloc-after-prefill=off restore-after-prefill=off resident=slot-bank slots=256
ds4: Flash-MoE banked kernels using M5 simdgroup_matrix fast path (prefetch=3, banks=4)
ds4: WARNING: prefill chunk 4096 clamped to 3968 by raw-KV cap (raw_cap=4096, window=128). Set DS4_METAL_GRAPH_RAW_CAP >= 4224 (window + chunk) — or unset it to auto-size — to honor the chunk.
ds4: prefill chunk cap EFFECTIVE=3968 tokens (DS4_METAL_PREFILL_CHUNK=16384), CLAMPED by raw-KV-cap (ctx-grow) (resident-NAX tiles this by scratch_cap; that tile gates the sync bridge)
processing 19 input tokens: 0/19 (0.0%) batch=0.00 t/s avg=0.00 t/s
ds4: ANE i8w-i8x-tiled-fused cached async prefill B=256 H=4096 I=2048 w_scale=0.00195312 x_scale=0.03125 mid_scale=0.03125
processing 19 input tokens: 0/19 (0.0%) batch=0.00 t/s avg=0.00 t/s
processing 19 input tokens: 0/19 (0.0%) batch=0.00 t/s avg=0.00 t/s
processing 19 input tokens: 1/19 (5.3%) batch=30.00 t/s avg=0.66 t/s
processing 19 input tokens: 1/19 (5.3%) batch=0.00 t/s avg=0.65 t/s
processing 19 input tokens: 2/19 (10.5%) batch=53.46 t/s avg=1.28 t/s
processing 19 input tokens: 2/19 (10.5%) batch=0.00 t/s avg=1.27 t/s
processing 19 input tokens: 3/19 (15.8%) batch=54.10 t/s avg=1.88 t/s
processing 19 input tokens: 3/19 (15.8%) batch=0.00 t/s avg=1.85 t/s
processing 19 input tokens: 3/19 (15.8%) batch=0.00 t/s avg=1.83 t/s
processing 19 input tokens: 4/19 (21.1%) batch=49.20 t/s avg=2.41 t/s
processing 19 input tokens: 4/19 (21.1%) batch=0.00 t/s avg=2.38 t/s
processing 19 input tokens: 5/19 (26.3%) batch=50.59 t/s avg=2.94 t/s
processing 19 input tokens: 5/19 (26.3%) batch=0.00 t/s avg=2.91 t/s
processing 19 input tokens: 6/19 (31.6%) batch=54.17 t/s avg=3.46 t/s
processing 19 input tokens: 6/19 (31.6%) batch=0.00 t/s avg=3.42 t/s
processing 19 input tokens: 7/19 (36.8%) batch=57.42 t/s avg=3.95 t/s
processing 19 input tokens: 7/19 (36.8%) batch=0.00 t/s avg=3.91 t/s
processing 19 input tokens: 7/19 (36.8%) batch=0.00 t/s avg=3.88 t/s
processing 19 input tokens: 8/19 (42.1%) batch=55.68 t/s avg=4.39 t/s
processing 19 input tokens: 8/19 (42.1%) batch=0.00 t/s avg=4.33 t/s
processing 19 input tokens: 9/19 (47.4%) batch=55.54 t/s avg=4.83 t/s
processing 19 input tokens: 9/19 (47.4%) batch=0.00 t/s avg=4.78 t/s
processing 19 input tokens: 10/19 (52.6%) batch=51.73 t/s avg=5.26 t/s
processing 19 input tokens: 10/19 (52.6%) batch=0.00 t/s avg=5.20 t/s
processing 19 input tokens: 11/19 (57.9%) batch=59.89 t/s avg=5.67 t/s
processing 19 input tokens: 11/19 (57.9%) batch=0.00 t/s avg=5.62 t/s
processing 19 input tokens: 11/19 (57.9%) batch=0.00 t/s avg=5.58 t/s
processing 19 input tokens: 12/19 (63.2%) batch=51.95 t/s avg=6.02 t/s
processing 19 input tokens: 12/19 (63.2%) batch=0.00 t/s avg=5.97 t/s
processing 19 input tokens: 13/19 (68.4%) batch=49.26 t/s avg=6.40 t/s
processing 19 input tokens: 13/19 (68.4%) batch=0.00 t/s avg=6.34 t/s
processing 19 input tokens: 14/19 (73.7%) batch=51.63 t/s avg=6.77 t/s
processing 19 input tokens: 14/19 (73.7%) batch=0.00 t/s avg=6.71 t/s
processing 19 input tokens: 15/19 (78.9%) batch=56.66 t/s avg=7.13 t/s
processing 19 input tokens: 15/19 (78.9%) batch=0.00 t/s avg=7.07 t/s
processing 19 input tokens: 15/19 (78.9%) batch=0.00 t/s avg=7.00 t/s
processing 19 input tokens: 16/19 (84.2%) batch=51.21 t/s avg=7.40 t/s
processing 19 input tokens: 16/19 (84.2%) batch=0.00 t/s avg=7.33 t/s
processing 19 input tokens: 17/19 (89.5%) batch=54.15 t/s avg=7.72 t/s
processing 19 input tokens: 17/19 (89.5%) batch=0.00 t/s avg=7.65 t/s
processing 19 input tokens: 18/19 (94.7%) batch=51.90 t/s avg=8.03 t/s
processing 19 input tokens: 18/19 (94.7%) batch=0.00 t/s avg=7.96 t/s
processing 19 input tokens: 19/19 (100.0%) batch=43.20 t/s avg=8.32 t/s
ds4: prefill full: 19 tokens in 2286.1 ms (8.3 t/s)
ds4: [mxfp4-native] two-dispatch plane decode arm engaged (dspark-strided, experts=6)
ds4: DSpark draft warmup: cap=5 rows=5 in 186.9 ms (paid before decode timer)
ds4: Flash-MoE mixed resident bank using fused GPU-selected decode path (slot id == expert id)
ds4: dspark hybrid layer attn-HC audit decodeN-attn-ffn-batch eps=1e-08 first=1 max=5.1409e-07 rms=5.32378e-08 worst=42 worst_max=0.589569 worst_rms=0.0563025 layers=43 rows=3
ds4: dspark hybrid layer post-HC audit decodeN-attn-ffn-batch eps=1e-08 first=0 max=1.19209e-07 rms=7.96605e-09 worst=42 worst_max=0.772018 worst_rms=0.057922 layers=43 rows=3
ds4: dspark hybrid layer ffn-pre audit decodeN-attn-ffn-batch eps=1e-08 first=1 max=5.1409e-07 rms=1.03908e-07 worst=42 worst_max=0.424138 worst_rms=0.0664709 layers=43 rows=3
ds4: dspark hybrid layer ffn-norm audit decodeN-attn-ffn-batch eps=1e-08 first=1 max=2.18488e-06 rms=5.11782e-07 worst=18 worst_max=0.176411 worst_rms=0.0284493 layers=43 rows=3
ds4: dspark hybrid layer routed-out audit decodeN-attn-ffn-batch eps=1e-08 first=0 max=1.78814e-07 rms=2.87192e-08 worst=17 worst_max=0.295879 worst_rms=0.0469517 layers=43 rows=3
ds4: dspark hybrid layer shared-out audit decodeN-attn-ffn-batch eps=1e-08 first=1 max=7.22706e-07 rms=1.24293e-07 worst=42 worst_max=0.266647 worst_rms=0.0163099 layers=43 rows=3
ds4: dspark hybrid audit commit logits top hybrid=5553 exact=5553 margin hybrid=2.619 exact=2.667 max=0.209938 rms=0.0412206
ds4: dspark batch state audit hybrid-vs-exact layer=3 n_comp 0/0 n_index 0/0 attn_kv max=2.82377e-06 rms=6.88753e-08 attn_score max=9.58145e-06 rms=nan index_kv max=0 rms=0 index_score max=0 rms=0 raw max=0.03125 rms=0.00079736 rows=3
ds4: dspark batch state audit hybrid-vs-exact layer=4 n_comp 5/5 n_index 5/5 attn_kv max=0.000220984 rms=1.41504e-05 attn_score max=0.000457644 rms=nan index_kv max=0.000280857 rms=1.96121e-05 index_score max=0.000574112 rms=nan raw max=0.0625 rms=0.00183462 rows=3
ds4: dspark batch state audit hybrid-vs-exact layer=5 n_comp 0/0 n_index 0/0 attn_kv max=0.000314727 rms=6.18244e-06 attn_score max=0.000429451 rms=nan index_kv max=0 rms=0 index_score max=0 rms=0 raw max=0.125 rms=0.00380561 rows=3
ds4: dspark batch state audit hybrid-vs-exact layer=6 n_comp 5/5 n_index 5/5 attn_kv max=0.000751466 rms=7.72709e-05 attn_score max=0.00420856 rms=nan index_kv max=0.000939175 rms=9.53132e-05 index_score max=0.00572872 rms=nan raw max=0.0625 rms=0.0030691 rows=3
ds4: dspark batch state audit hybrid-vs-exact layer=7 n_comp 0/0 n_index 0/0 attn_kv max=0.000732973 rms=1.33169e-05 attn_score max=0.00133002 rms=nan index_kv max=0 rms=0 index_score max=0 rms=0 raw max=0.125 rms=0.00648038 rows=3
ds4: dspark batch state audit hybrid-vs-exact layer=8 n_comp 5/5 n_index 5/5 attn_kv max=0.00286889 rms=0.000203484 attn_score max=0.00591719 rms=nan index_kv max=0.00324774 rms=0.000267494 index_score max=0.00664288 rms=nan raw max=0.0625 rms=0.00510433 rows=3
ds4: dspark batch state audit hybrid-vs-exact layer=9 n_comp 0/0 n_index 0/0 attn_kv max=0.000582695 rms=1.48396e-05 attn_score max=0.000795439 rms=nan index_kv max=0 rms=0 index_score max=0 rms=0 raw max=0.125 rms=0.00548879 rows=3
ds4: dspark batch state audit hybrid-vs-exact layer=10 n_comp 5/5 n_index 5/5 attn_kv max=0.0019678 rms=0.000186658 attn_score max=0.00606227 rms=nan index_kv max=0.00358307 rms=0.000255278 index_score max=0.00487828 rms=nan raw max=0.0625 rms=0.00539816 rows=3
ds4: dspark batch state audit hybrid-vs-exact layer=11 n_comp 0/0 n_index 0/0 attn_kv max=0.000727195 rms=2.15386e-05 attn_score max=0.00176871 rms=nan index_kv max=0 rms=0 index_score max=0 rms=0 raw max=0.125 rms=0.00669359 rows=3
ds4: dspark batch state audit hybrid-vs-exact layer=12 n_comp 5/5 n_index 5/5 attn_kv max=0.00254059 rms=0.000215883 attn_score max=0.0119575 rms=nan index_kv max=0.00653648 rms=0.000322874 index_score max=0.0120916 rms=nan raw max=0.125 rms=0.00660585 rows=3
ds4: dspark batch state audit hybrid-vs-exact layer=13 n_comp 0/0 n_index 0/0 attn_kv max=0.00063926 rms=2.26485e-05 attn_score max=0.00103588 rms=nan index_kv max=0 rms=0 index_score max=0 rms=0 raw max=0.125 rms=0.006124 rows=3
ds4: dspark batch state audit hybrid-vs-exact layer=14 n_comp 5/5 n_index 5/5 attn_kv max=0.00306612 rms=0.000224867 attn_score max=0.00838828 rms=nan index_kv max=0.00358582 rms=0.00036019 index_score max=0.0112532 rms=nan raw max=0.125 rms=0.00817853 rows=3
ds4: dspark batch state audit hybrid-vs-exact layer=15 n_comp 0/0 n_index 0/0 attn_kv max=0.00128081 rms=3.83895e-05 attn_score max=0.00506814 rms=nan index_kv max=0 rms=0 index_score max=0 rms=0 raw max=0.125 rms=0.00835709 rows=3
ds4: dspark batch state audit hybrid-vs-exact layer=16 n_comp 5/5 n_index 5/5 attn_kv max=0.00215959 rms=0.000285474 attn_score max=0.0101995 rms=nan index_kv max=0.00380021 rms=0.000475673 index_score max=0.0123286 rms=nan raw max=0.125 rms=0.00839601 rows=3
ds4: dspark batch state audit hybrid-vs-exact layer=17 n_comp 0/0 n_index 0/0 attn_kv max=0.0476927 rms=0.0013715 attn_score max=0.119371 rms=nan index_kv max=0 rms=0 index_score max=0 rms=0 raw max=0.25 rms=0.0457809 rows=3
ds4: dspark batch state audit hybrid-vs-exact layer=18 n_comp 5/5 n_index 5/5 attn_kv max=0.0396021 rms=0.004405 attn_score max=0.132079 rms=nan index_kv max=0.0920963 rms=0.00553737 index_score max=0.145857 rms=nan raw max=0.34375 rms=0.0610063 rows=3
ds4: dspark batch state audit hybrid-vs-exact layer=19 n_comp 0/0 n_index 0/0 attn_kv max=0.0249373 rms=0.000507935 attn_score max=0.0325395 rms=nan index_kv max=0 rms=0 index_score max=0 rms=0 raw max=0.25 rms=0.0511421 rows=3
ds4: dspark batch state audit hybrid-vs-exact layer=20 n_comp 5/5 n_index 5/5 attn_kv max=0.0317309 rms=0.00357435 attn_score max=0.105976 rms=nan index_kv max=0.0301934 rms=0.00398333 index_score max=0.187933 rms=nan raw max=0.289062 rms=0.0527757 rows=3
ds4: dspark batch state audit hybrid-vs-exact layer=21 n_comp 0/0 n_index 0/0 attn_kv max=0.0207 rms=0.000366155 attn_score max=0.0254197 rms=nan index_kv max=0 rms=0 index_score max=0 rms=0 raw max=0.148438 rms=0.0305154 rows=3
ds4: dspark batch state audit hybrid-vs-exact layer=22 n_comp 5/5 n_index 5/5 attn_kv max=0.0209846 rms=0.00247456 attn_score max=0.0597122 rms=nan index_kv max=0.0301821 rms=0.00362522 index_score max=0.0620505 rms=nan raw max=0.25 rms=0.02399 rows=3
ds4: dspark batch state audit hybrid-vs-exact layer=23 n_comp 0/0 n_index 0/0 attn_kv max=0.0461562 rms=0.000556137 attn_score max=0.0324503 rms=nan index_kv max=0 rms=0 index_score max=0 rms=0 raw max=0.25 rms=0.0319274 rows=3
ds4: dspark batch state audit hybrid-vs-exact layer=24 n_comp 5/5 n_index 5/5 attn_kv max=0.0286948 rms=0.00206973 attn_score max=0.0699606 rms=nan index_kv max=0.0236258 rms=0.00270607 index_score max=0.0888224 rms=nan raw max=0.125 rms=0.0152024 rows=3
ds4: dspark batch state audit hybrid-vs-exact layer=25 n_comp 0/0 n_index 0/0 attn_kv max=0.00964414 rms=0.000188441 attn_score max=0.0140177 rms=nan index_kv max=0 rms=0 index_score max=0 rms=0 raw max=0.125 rms=0.0227834 rows=3
ds4: dspark batch state audit hybrid-vs-exact layer=26 n_comp 5/5 n_index 5/5 attn_kv max=0.0138951 rms=0.00139752 attn_score max=0.0672255 rms=nan index_kv max=0.0164925 rms=0.00154017 index_score max=0.0980835 rms=nan raw max=0.25 rms=0.0247998 rows=3
ds4: dspark batch state audit hybrid-vs-exact layer=27 n_comp 0/0 n_index 0/0 attn_kv max=0.0093506 rms=0.000203936 attn_score max=0.0155102 rms=nan index_kv max=0 rms=0 index_score max=0 rms=0 raw max=0.25 rms=0.0255535 rows=3
ds4: dspark batch state audit hybrid-vs-exact layer=28 n_comp 5/5 n_index 5/5 attn_kv max=0.0225545 rms=0.00152288 attn_score max=0.149038 rms=nan index_kv max=0.033896 rms=0.0021871 index_score max=0.121414 rms=nan raw max=0.125 rms=0.0198429 rows=3
ds4: dspark batch state audit hybrid-vs-exact layer=29 n_comp 0/0 n_index 0/0 attn_kv max=0.014552 rms=0.000205445 attn_score max=0.0279881 rms=nan index_kv max=0 rms=0 index_score max=0 rms=0 raw max=0.25 rms=0.0278989 rows=3
ds4: dspark batch state audit hybrid-vs-exact layer=30 n_comp 5/5 n_index 5/5 attn_kv max=0.0153834 rms=0.00142346 attn_score max=0.114432 rms=nan index_kv max=0.0277677 rms=0.00216618 index_score max=0.101861 rms=nan raw max=0.25 rms=0.0204425 rows=3
ds4: dspark batch state audit hybrid-vs-exact layer=31 n_comp 0/0 n_index 0/0 attn_kv max=0.00754336 rms=0.000174445 attn_score max=0.016088 rms=nan index_kv max=0 rms=0 index_score max=0 rms=0 raw max=0.125 rms=0.0187193 rows=3
ds4: dspark batch state audit hybrid-vs-exact layer=32 n_comp 5/5 n_index 5/5 attn_kv max=0.00869375 rms=0.000766406 attn_score max=0.0699265 rms=nan index_kv max=0.0110295 rms=0.00103102 index_score max=0.0782342 rms=nan raw max=0.125 rms=0.0166251 rows=3
ds4: dspark batch state audit hybrid-vs-exact layer=33 n_comp 0/0 n_index 0/0 attn_kv max=0.00740315 rms=0.000158498 attn_score max=0.0121993 rms=nan index_kv max=0 rms=0 index_score max=0 rms=0 raw max=0.25 rms=0.0216368 rows=3
ds4: dspark batch state audit hybrid-vs-exact layer=34 n_comp 5/5 n_index 5/5 attn_kv max=0.0116545 rms=0.00085492 attn_score max=0.072757 rms=nan index_kv max=0.00988638 rms=0.00097692 index_score max=0.071003 rms=nan raw max=0.125 rms=0.0183324 rows=3
ds4: dspark batch state audit hybrid-vs-exact layer=35 n_comp 0/0 n_index 0/0 attn_kv max=0.0131145 rms=0.00019728 attn_score max=0.0170062 rms=nan index_kv max=0 rms=0 index_score max=0 rms=0 raw max=0.25 rms=0.0210766 rows=3
ds4: dspark batch state audit hybrid-vs-exact layer=36 n_comp 5/5 n_index 5/5 attn_kv max=0.00907885 rms=0.000860961 attn_score max=0.0354097 rms=nan index_kv max=0.00754812 rms=0.000820462 index_score max=0.0287105 rms=nan raw max=0.125 rms=0.0161122 rows=3
ds4: dspark batch state audit hybrid-vs-exact layer=37 n_comp 0/0 n_index 0/0 attn_kv max=0.0076797 rms=7.97747e-05 attn_score max=0.0126672 rms=nan index_kv max=0 rms=0 index_score max=0 rms=0 raw max=0.125 rms=0.0155918 rows=3
ds4: dspark batch state audit hybrid-vs-exact layer=38 n_comp 5/5 n_index 5/5 attn_kv max=0.0131126 rms=0.00105232 attn_score max=0.054467 rms=nan index_kv max=0.0266566 rms=0.00137152 index_score max=0.0561882 rms=nan raw max=0.125 rms=0.0123549 rows=3
ds4: dspark batch state audit hybrid-vs-exact layer=39 n_comp 0/0 n_index 0/0 attn_kv max=0.00721282 rms=0.000122509 attn_score max=0.0188275 rms=nan index_kv max=0 rms=0 index_score max=0 rms=0 raw max=0.25 rms=0.0152538 rows=3
ds4: dspark batch state audit hybrid-vs-exact layer=40 n_comp 5/5 n_index 5/5 attn_kv max=0.00813757 rms=0.0006824 attn_score max=0.133785 rms=nan index_kv max=0.0125122 rms=0.00110797 index_score max=0.133951 rms=nan raw max=0.125 rms=0.0181196 rows=3
ds4: dspark batch state audit hybrid-vs-exact layer=41 n_comp 0/0 n_index 0/0 attn_kv max=0.00425544 rms=8.58551e-05 attn_score max=0.0198947 rms=nan index_kv max=0 rms=0 index_score max=0 rms=0 raw max=0.125 rms=0.0166511 rows=3
ds4: dspark batch state audit hybrid-vs-exact layer=42 n_comp 5/5 n_index 5/5 attn_kv max=0.00672586 rms=0.000545949 attn_score max=0.0243815 rms=nan index_kv max=0.0054816 rms=0.000583249 index_score max=0.0327737 rms=nan raw max=0.125 rms=0.0109387 rows=3
ds4: dspark batch state audit hybrid-vs-exact final_hc row=2 max=0.772018 rms=0.0950739
ds4: dspark batch state audit hybrid-vs-exact dspark_target_hidden start=20 rows=3 max=0.26405 rms=0.0380308
ds4: dspark batch state audit hybrid-vs-exact summary mismatch_layers=40 max=0.772018 final_hc_max=0.772018 decode_hc_max=0 dspark_hidden max=0.26405 rms=0.0380308 dspark_kv max=0 rms=0 raw_rows=3 mtp_n_raw 0/0
ds4: ----------------------------------------
ds4: prefill: 7.60 t/s, generation: 15.39 t/s (4 tokens in 0.260s)
ds4: dspark acceptance: 100.0% (3/3 draft tokens)
ds4: Flash-MoE resident slot bank: resident-slots=11008/11008 (100.0%, avg=256.0/layer) installed=72.56 GiB
