ds4: detected DS4 sidecar package: -m /Users/anemll/Models/flash/dsv4-iq2xxs-expert-major/dense/model-dense.gguf, --moe-sidecar /Users/anemll/Models/flash/dsv4-iq2xxs-expert-major, --moe-mode slot-bank
ds4: applied sidecar tuning profile [Apple M5 Max] from ds4_profile.json (51 env defaults set, 0 kept from environment)
ds4: warning: raw KV cap limits Metal prefill chunk (prefill_chunk=4096, raw_kv_rows=4096, raw_window=128, effective_chunk=3968; target raw cap for one chunk is 4352, also requires ctx >= that value)
ds4: context buffers 429.99 MiB (ctx=4096, backend=metal, prefill_chunk=4096, raw_kv_rows=4096, compressed_kv_rows=1026)
ds4: Flash-MoE sidecar loaded: /Users/anemll/Models/flash/dsv4-iq2xxs-expert-major (slot-bank=256, expert-record 6.75 MiB)
ds4: Flash-MoE expert mmap cache: off; expert reads: pread
ds4: Metal device Apple M5 Max, 128.00 GiB RAM, GPU working-set budget 107.52 GiB (raise with: sudo sysctl iogpu.wired_limit_mb=<MB>)
ds4: drift-patch flags hc_stable=on norm_unify=on kv_raw_f32=off rope_exp2_log2=off math_safe=off tensor_matmul=off
ds4: MXFP4 native library (MSL 4.1): repack=ok selected-repack=ok selected-plane-copy=ok scale-plane matmul=ok selected-matmul=ok decode2=pair/sum6 batch-decode2=pair/sum6 batch-strided=pair/sum6 hybrid-down=sum6 chunked-decode2=pair/sum6
ds4: DS4_MXFP4_NATIVE=1: native MXFP4 available (MPP 4.1 scale-plane matmul2d)
ds4: DSpark resident expert cache: ranges=9 bytes=9.56 GiB (persistent; debug opt-out requires DS4_DSPARK_ALLOW_NONRESIDENT=1)
ds4: DSpark sidecar Metal residency requested: buffers=9 bytes=9.56 GiB
ds4: DSpark draft package loaded: /Users/anemll/Models/DSv4-Flash-DSpark-draft (block=5 verify=2 scheduler=static conf=0.000 noise=128799 target_layers=40,41,42 markov_rank=256 records=81 mapped=10.12 GiB)
ds4: DSpark draft records: F32=41 F16=6 FP8_E4M3=25 MXFP4_NATIVE=9
ds4: DSpark draft inference enabled: MPP 4.1 FP8/MXFP4 draft kernels, fused routed-MoE per draft layer, persistent resident experts, greedy Markov head, exact verifier v1
ds4: Flash-MoE using mmap-backed dense/shared weights without full-model Metal residency warmup
ds4: Metal model views created in 0.290 ms, residency requested in 0.000 ms, warmup 0.000 ms (mapped 8393.67 MiB from offset 5.06 MiB)
ds4: Metal mapped mmaped model as 1 overlapping shared buffers
ds4: metal backend initialized for graph diagnostics
ds4: prefill routed-MoE (requested): mul_mm_id (grouped GPU / ALU)  [grouped path]
ds4: prefill quant scales (ANE env first): w_qscale=512 x_qscale=32 mid_qscale=32 w_scale=0.00195312 x_scale=0.03125 mid_scale=0.03125
ds4: prefill ctx-grow: on, block=16384 tokens
ds4: prefill chunk cap: 16384, graph_raw_cap=auto
ds4: Flash-MoE resident mixed slot-bank load: layers=43 slots=256 bytes=72.56 GiB (one dot per layer)
ds4: Flash-MoE resident prepare: ........................................... 72.56/72.56 GiB (43 layers)
ds4: Flash-MoE resident preload: ........................................... 72.56/72.56 GiB (43 layers)
ds4: Flash-MoE preloaded mixed slot bank: layers=43 slots=256 identity-mapped experts=256
ds4: Flash-MoE slot-bank Metal residency requested: buffers=43 bytes=72.56 GiB
ds4: Flash-MoE slot-bank pages touched: buffers=43 bytes=72.56 GiB
ds4: Flash-MoE slot banks allocated: layers=43 slots=256 gpu-bank=72.6GB Dense: 8.2GB Context: 0.4GB Total <<<< 81.2GB >>>>
ds4: Flash-MoE slot bank layout: mixed expert-major
ds4: warning: very large Flash-MoE slot bank can collapse decode throughput (slots=256, gpu-bank=72.56 GiB). The wired bank competes with the OS file cache that serves decode-miss reads of the sidecar; when the sidecar is larger than RAM, smaller banks decode faster. Compare --moe-slot-bank 32/48/64 or use --ssd-cache auto.
ds4: prefill compute: routed experts = ANE i8i8 (W8A8) | dense proj = Q8 direct-RHS NAX; K-quant dense = fused mul_mm_id batch
ds4: prefill I/O: io-split=4 async-pread=on pread-threads=4 readahead=12 bank-prefetch=3 slot-cache-topk=0 xlayer=auto<=6k-tok topk=128
ds4: decode  I/O: io-split=4 router-prefetch=off scratch-prefetch=off max-loads=0 layer-stride=1 miss-direct-slot-pread=on prefetch-direct-slot-pread=off did-modify=on shared-down=on reset-after-prefill=off realloc-after-prefill=off restore-after-prefill=off resident=slot-bank slots=256
ds4: Flash-MoE banked kernels using M5 simdgroup_matrix fast path (prefetch=3, banks=4)
ds4: WARNING: prefill chunk 4096 clamped to 3968 by raw-KV cap (raw_cap=4096, window=128). Set DS4_METAL_GRAPH_RAW_CAP >= 4224 (window + chunk) — or unset it to auto-size — to honor the chunk.
ds4: prefill chunk cap EFFECTIVE=3968 tokens (DS4_METAL_PREFILL_CHUNK=16384), CLAMPED by raw-KV-cap (ctx-grow) (resident-NAX tiles this by scratch_cap; that tile gates the sync bridge)
processing 19 input tokens: 0/19 (0.0%) batch=0.00 t/s avg=0.00 t/s
ds4: ANE i8w-i8x-tiled-fused cached async prefill B=256 H=4096 I=2048 w_scale=0.00195312 x_scale=0.03125 mid_scale=0.03125
processing 19 input tokens: 0/19 (0.0%) batch=0.00 t/s avg=0.00 t/s
processing 19 input tokens: 0/19 (0.0%) batch=0.00 t/s avg=0.00 t/s
processing 19 input tokens: 1/19 (5.3%) batch=30.75 t/s avg=0.45 t/s
processing 19 input tokens: 1/19 (5.3%) batch=0.00 t/s avg=0.44 t/s
processing 19 input tokens: 2/19 (10.5%) batch=55.72 t/s avg=0.88 t/s
processing 19 input tokens: 2/19 (10.5%) batch=0.00 t/s avg=0.87 t/s
processing 19 input tokens: 3/19 (15.8%) batch=54.85 t/s avg=1.29 t/s
processing 19 input tokens: 3/19 (15.8%) batch=0.00 t/s avg=1.28 t/s
processing 19 input tokens: 3/19 (15.8%) batch=0.00 t/s avg=1.27 t/s
processing 19 input tokens: 4/19 (21.1%) batch=49.90 t/s avg=1.68 t/s
processing 19 input tokens: 4/19 (21.1%) batch=0.00 t/s avg=1.67 t/s
processing 19 input tokens: 5/19 (26.3%) batch=49.21 t/s avg=2.07 t/s
processing 19 input tokens: 5/19 (26.3%) batch=0.00 t/s avg=2.05 t/s
processing 19 input tokens: 6/19 (31.6%) batch=53.25 t/s avg=2.44 t/s
processing 19 input tokens: 6/19 (31.6%) batch=0.00 t/s avg=2.43 t/s
processing 19 input tokens: 7/19 (36.8%) batch=60.09 t/s avg=2.81 t/s
processing 19 input tokens: 7/19 (36.8%) batch=0.00 t/s avg=2.79 t/s
processing 19 input tokens: 7/19 (36.8%) batch=0.00 t/s avg=2.77 t/s
processing 19 input tokens: 8/19 (42.1%) batch=54.20 t/s avg=3.15 t/s
processing 19 input tokens: 8/19 (42.1%) batch=0.00 t/s avg=3.12 t/s
processing 19 input tokens: 9/19 (47.4%) batch=57.29 t/s avg=3.48 t/s
processing 19 input tokens: 9/19 (47.4%) batch=0.00 t/s avg=3.46 t/s
processing 19 input tokens: 10/19 (52.6%) batch=51.87 t/s avg=3.82 t/s
processing 19 input tokens: 10/19 (52.6%) batch=0.00 t/s avg=3.79 t/s
processing 19 input tokens: 11/19 (57.9%) batch=57.32 t/s avg=4.14 t/s
processing 19 input tokens: 11/19 (57.9%) batch=0.00 t/s avg=4.11 t/s
processing 19 input tokens: 11/19 (57.9%) batch=0.00 t/s avg=4.09 t/s
processing 19 input tokens: 12/19 (63.2%) batch=51.82 t/s avg=4.43 t/s
processing 19 input tokens: 12/19 (63.2%) batch=0.00 t/s avg=4.40 t/s
processing 19 input tokens: 13/19 (68.4%) batch=49.23 t/s avg=4.73 t/s
processing 19 input tokens: 13/19 (68.4%) batch=0.00 t/s avg=4.70 t/s
processing 19 input tokens: 14/19 (73.7%) batch=53.97 t/s avg=5.02 t/s
processing 19 input tokens: 14/19 (73.7%) batch=0.00 t/s avg=5.00 t/s
processing 19 input tokens: 15/19 (78.9%) batch=56.42 t/s avg=5.32 t/s
processing 19 input tokens: 15/19 (78.9%) batch=0.00 t/s avg=5.28 t/s
processing 19 input tokens: 15/19 (78.9%) batch=0.00 t/s avg=5.24 t/s
processing 19 input tokens: 16/19 (84.2%) batch=52.68 t/s avg=5.56 t/s
processing 19 input tokens: 16/19 (84.2%) batch=0.00 t/s avg=5.52 t/s
processing 19 input tokens: 17/19 (89.5%) batch=54.05 t/s avg=5.83 t/s
processing 19 input tokens: 17/19 (89.5%) batch=0.00 t/s avg=5.78 t/s
processing 19 input tokens: 18/19 (94.7%) batch=52.25 t/s avg=6.08 t/s
processing 19 input tokens: 18/19 (94.7%) batch=0.00 t/s avg=6.04 t/s
processing 19 input tokens: 19/19 (100.0%) batch=46.24 t/s avg=6.33 t/s
ds4: prefill full: 19 tokens in 3001.4 ms (6.3 t/s)
ds4: [mxfp4-native] two-dispatch plane decode arm engaged (dspark-strided, experts=6)
ds4: DSpark draft warmup: cap=2 rows=2 in 168.0 ms (paid before decode timer)
ds4: Flash-MoE mixed resident bank using fused GPU-selected decode path (slot id == expert id)
ds4: dspark timing decode2 drafted=2 committed=2 draft=8.838 ms snapshot=0.905 ms verify=55.219 ms dspark_kv=1.053 ms total=66.107 ms
ds4: dspark timing decode2 drafted=2 committed=2 draft=8.830 ms snapshot=0.430 ms verify=56.015 ms dspark_kv=0.982 ms total=66.350 ms
ds4: dspark timing decode2 drafted=2 committed=2 draft=8.777 ms snapshot=0.354 ms verify=56.341 ms dspark_kv=1.223 ms total=66.758 ms
ds4: dspark timing decode2 drafted=2 committed=2 draft=8.809 ms snapshot=0.448 ms verify=54.814 ms dspark_kv=1.015 ms total=65.165 ms
ds4: dspark timing decode2 drafted=2 committed=2 draft=8.873 ms snapshot=0.379 ms verify=53.600 ms dspark_kv=1.024 ms total=63.941 ms
ds4: dspark timing decode2-prefix1 drafted=2 committed=1 draft=8.873 ms snapshot=0.352 ms verify=54.686 ms prefix=1.352 ms total=65.357 ms
ds4: dspark timing decode2 drafted=2 committed=2 draft=8.835 ms snapshot=0.353 ms verify=56.011 ms dspark_kv=1.169 ms total=66.449 ms
ds4: dspark timing decode2 drafted=2 committed=2 draft=8.763 ms snapshot=0.412 ms verify=55.581 ms dspark_kv=1.070 ms total=65.887 ms
ds4: dspark timing decode2-prefix1 drafted=2 committed=1 draft=8.906 ms snapshot=0.389 ms verify=55.748 ms prefix=1.365 ms total=66.501 ms
ds4: dspark timing decode2 drafted=2 committed=2 draft=8.911 ms snapshot=0.387 ms verify=56.072 ms dspark_kv=1.164 ms total=66.597 ms
ds4: dspark timing decode2 drafted=2 committed=2 draft=8.817 ms snapshot=0.351 ms verify=54.915 ms dspark_kv=1.048 ms total=65.204 ms
ds4: dspark timing decode2 drafted=2 committed=2 draft=9.690 ms snapshot=0.363 ms verify=55.665 ms dspark_kv=1.878 ms total=67.677 ms
ds4: dspark timing decode2 drafted=2 committed=2 draft=8.854 ms snapshot=0.360 ms verify=58.468 ms dspark_kv=0.993 ms total=68.744 ms
ds4: dspark timing decode2 drafted=2 committed=2 draft=8.907 ms snapshot=0.384 ms verify=58.941 ms dspark_kv=1.134 ms total=69.433 ms
ds4: dspark timing decode2 drafted=2 committed=2 draft=9.720 ms snapshot=0.384 ms verify=56.532 ms dspark_kv=1.914 ms total=68.640 ms
ds4: dspark timing decode2 drafted=2 committed=2 draft=8.850 ms snapshot=0.431 ms verify=56.553 ms dspark_kv=1.041 ms total=66.941 ms
ds4: dspark timing decode2 drafted=2 committed=2 draft=9.678 ms snapshot=0.368 ms verify=57.468 ms dspark_kv=1.081 ms total=68.687 ms
ds4: dspark timing decode2 drafted=2 committed=2 draft=8.864 ms snapshot=0.360 ms verify=58.628 ms dspark_kv=1.028 ms total=68.962 ms
ds4: dspark timing decode2 drafted=2 committed=2 draft=9.582 ms snapshot=0.414 ms verify=57.981 ms dspark_kv=1.037 ms total=69.078 ms
ds4: dspark timing decode2 drafted=2 committed=2 draft=9.750 ms snapshot=0.364 ms verify=55.747 ms dspark_kv=1.182 ms total=67.167 ms
ds4: dspark timing decode2 drafted=2 committed=2 draft=8.957 ms snapshot=0.366 ms verify=56.208 ms dspark_kv=1.035 ms total=66.660 ms
ds4: dspark timing decode2 drafted=2 committed=2 draft=8.924 ms snapshot=0.364 ms verify=56.083 ms dspark_kv=0.963 ms total=66.428 ms
ds4: dspark timing decode2 drafted=2 committed=2 draft=8.939 ms snapshot=0.365 ms verify=53.845 ms dspark_kv=1.055 ms total=64.267 ms
ds4: dspark timing decode2 drafted=2 committed=2 draft=9.627 ms snapshot=0.367 ms verify=56.264 ms dspark_kv=1.062 ms total=67.383 ms
ds4: dspark timing decode2 drafted=2 committed=2 draft=9.068 ms snapshot=0.360 ms verify=54.981 ms dspark_kv=1.096 ms total=65.588 ms
ds4: dspark timing decode2 drafted=2 committed=2 draft=8.947 ms snapshot=0.356 ms verify=55.574 ms dspark_kv=1.024 ms total=65.995 ms
ds4: dspark timing decode2-prefix1 drafted=2 committed=1 draft=8.891 ms snapshot=0.374 ms verify=54.571 ms prefix=1.201 ms total=65.129 ms
ds4: dspark timing decode2-prefix1 drafted=2 committed=1 draft=9.638 ms snapshot=0.378 ms verify=56.482 ms prefix=1.355 ms total=67.934 ms
ds4: dspark timing decode2 drafted=2 committed=2 draft=9.035 ms snapshot=0.383 ms verify=53.778 ms dspark_kv=1.087 ms total=64.346 ms
ds4: dspark timing decode2 drafted=2 committed=2 draft=8.949 ms snapshot=0.371 ms verify=53.967 ms dspark_kv=1.014 ms total=64.361 ms
ds4: dspark timing decode2 drafted=2 committed=2 draft=9.012 ms snapshot=0.367 ms verify=55.233 ms dspark_kv=1.053 ms total=65.737 ms
ds4: dspark timing decode2 drafted=2 committed=2 draft=8.997 ms snapshot=0.419 ms verify=55.648 ms dspark_kv=1.003 ms total=66.175 ms
ds4: dspark timing decode2 drafted=2 committed=2 draft=9.007 ms snapshot=0.372 ms verify=55.146 ms dspark_kv=1.013 ms total=65.623 ms
ds4: dspark timing decode2 drafted=2 committed=2 draft=9.007 ms snapshot=0.402 ms verify=53.568 ms dspark_kv=1.085 ms total=64.155 ms
ds4: dspark timing decode2 drafted=2 committed=2 draft=9.041 ms snapshot=0.360 ms verify=54.930 ms dspark_kv=1.018 ms total=65.422 ms
ds4: dspark timing decode2 drafted=2 committed=2 draft=8.934 ms snapshot=0.362 ms verify=56.133 ms dspark_kv=1.401 ms total=66.892 ms
ds4: dspark timing decode2 drafted=2 committed=2 draft=8.964 ms snapshot=0.371 ms verify=55.943 ms dspark_kv=1.047 ms total=66.410 ms
ds4: dspark timing decode2 drafted=2 committed=2 draft=8.914 ms snapshot=0.362 ms verify=56.714 ms dspark_kv=1.022 ms total=67.096 ms
ds4: dspark timing decode2 drafted=2 committed=2 draft=9.064 ms snapshot=0.367 ms verify=55.455 ms dspark_kv=1.133 ms total=66.111 ms
ds4: dspark timing decode2 drafted=2 committed=2 draft=8.953 ms snapshot=0.363 ms verify=54.484 ms dspark_kv=1.097 ms total=64.979 ms
ds4: dspark timing decode2 drafted=2 committed=2 draft=9.040 ms snapshot=0.358 ms verify=55.319 ms dspark_kv=0.995 ms total=65.784 ms
ds4: dspark timing decode2 drafted=2 committed=2 draft=9.049 ms snapshot=0.359 ms verify=56.730 ms dspark_kv=1.010 ms total=67.258 ms
ds4: dspark timing decode2 drafted=2 committed=2 draft=8.972 ms snapshot=0.363 ms verify=56.620 ms dspark_kv=1.065 ms total=67.083 ms
ds4: dspark timing decode2 drafted=2 committed=2 draft=9.006 ms snapshot=0.386 ms verify=55.827 ms dspark_kv=1.129 ms total=66.411 ms
ds4: dspark timing decode2 drafted=2 committed=2 draft=9.003 ms snapshot=0.410 ms verify=55.812 ms dspark_kv=1.063 ms total=66.351 ms
ds4: dspark timing decode2 drafted=2 committed=2 draft=9.034 ms snapshot=0.361 ms verify=55.938 ms dspark_kv=1.073 ms total=66.517 ms
ds4: dspark timing decode2 drafted=2 committed=2 draft=9.769 ms snapshot=0.358 ms verify=56.344 ms dspark_kv=1.105 ms total=67.670 ms
ds4: dspark timing decode2 drafted=2 committed=2 draft=9.029 ms snapshot=0.362 ms verify=54.479 ms dspark_kv=1.046 ms total=64.980 ms
ds4: dspark timing decode2 drafted=2 committed=2 draft=8.967 ms snapshot=0.386 ms verify=55.854 ms dspark_kv=1.683 ms total=66.979 ms
ds4: dspark timing decode2 drafted=2 committed=2 draft=9.189 ms snapshot=0.367 ms verify=58.355 ms dspark_kv=1.034 ms total=69.029 ms
ds4: dspark timing seq drafted=1 verified=1 draft=6.545 ms verify=28.455 ms total=35.061 ms
ds4: ----------------------------------------
ds4: prefill: 5.95 t/s, generation: 30.54 t/s (160 tokens in 5.239s)
ds4: dspark acceptance: 77.6% (97/125 draft tokens)
ds4: Flash-MoE resident slot bank: resident-slots=11008/11008 (100.0%, avg=256.0/layer) installed=72.56 GiB
