ds4: detected DS4 sidecar package: -m /Users/anemll/Models/flash/dsv4-iq2xxs-expert-major/dense/model-dense.gguf, --moe-sidecar /Users/anemll/Models/flash/dsv4-iq2xxs-expert-major, --moe-mode slot-bank
ds4: applied sidecar tuning profile [Apple M5 Max] from ds4_profile.json (51 env defaults set, 0 kept from environment)
ds4: warning: raw KV cap limits Metal prefill chunk (prefill_chunk=4096, raw_kv_rows=4096, raw_window=128, effective_chunk=3968; target raw cap for one chunk is 4352, also requires ctx >= that value)
ds4: context buffers 429.99 MiB (ctx=4096, backend=metal, prefill_chunk=4096, raw_kv_rows=4096, compressed_kv_rows=1026)
ds4: Flash-MoE sidecar loaded: /Users/anemll/Models/flash/dsv4-iq2xxs-expert-major (slot-bank=256, expert-record 6.75 MiB)
ds4: Flash-MoE expert mmap cache: off; expert reads: pread
ds4: Metal device Apple M5 Max, 128.00 GiB RAM, GPU working-set budget 107.52 GiB (raise with: sudo sysctl iogpu.wired_limit_mb=<MB>)
ds4: drift-patch flags hc_stable=on norm_unify=on kv_raw_f32=off rope_exp2_log2=off math_safe=off tensor_matmul=off
ds4: MXFP4 native library (MSL 4.1): repack=ok selected-repack=ok selected-plane-copy=ok scale-plane matmul=ok selected-matmul=ok decode2=pair/sum6 batch-decode2=pair/sum6 batch-strided=pair/sum6 hybrid-down=sum6 chunked-decode2=pair/sum6
ds4: DS4_MXFP4_NATIVE=1: native MXFP4 available (MPP 4.1 scale-plane matmul2d)
ds4: DSpark resident expert cache: ranges=9 bytes=9.56 GiB (persistent; debug opt-out requires DS4_DSPARK_ALLOW_NONRESIDENT=1)
ds4: DSpark sidecar Metal residency requested: buffers=9 bytes=9.56 GiB
ds4: DSpark draft package loaded: /Users/anemll/Models/DSv4-Flash-DSpark-draft (block=5 verify=4 scheduler=static conf=0.000 noise=128799 target_layers=40,41,42 markov_rank=256 records=81 mapped=10.12 GiB)
ds4: DSpark draft records: F32=41 F16=6 FP8_E4M3=25 MXFP4_NATIVE=9
ds4: DSpark draft inference enabled: MPP 4.1 FP8/MXFP4 draft kernels, fused routed-MoE per draft layer, persistent resident experts, greedy Markov head, exact verifier v1
ds4: Flash-MoE using mmap-backed dense/shared weights without full-model Metal residency warmup
ds4: Metal model views created in 0.312 ms, residency requested in 0.000 ms, warmup 0.000 ms (mapped 8393.67 MiB from offset 5.06 MiB)
ds4: Metal mapped mmaped model as 1 overlapping shared buffers
ds4: metal backend initialized for graph diagnostics
ds4: prefill routed-MoE (requested): mul_mm_id (grouped GPU / ALU)  [grouped path]
ds4: prefill quant scales (ANE env first): w_qscale=512 x_qscale=32 mid_qscale=32 w_scale=0.00195312 x_scale=0.03125 mid_scale=0.03125
ds4: prefill ctx-grow: on, block=16384 tokens
ds4: prefill chunk cap: 16384, graph_raw_cap=auto
ds4: Flash-MoE resident mixed slot-bank load: layers=43 slots=256 bytes=72.56 GiB (one dot per layer)
ds4: Flash-MoE resident prepare: ........................................... 72.56/72.56 GiB (43 layers)
ds4: Flash-MoE resident preload: ........................................... 72.56/72.56 GiB (43 layers)
ds4: Flash-MoE preloaded mixed slot bank: layers=43 slots=256 identity-mapped experts=256
ds4: Flash-MoE slot-bank Metal residency requested: buffers=43 bytes=72.56 GiB
ds4: Flash-MoE slot-bank pages touched: buffers=43 bytes=72.56 GiB
ds4: Flash-MoE slot banks allocated: layers=43 slots=256 gpu-bank=72.6GB Dense: 8.2GB Context: 0.4GB Total <<<< 81.2GB >>>>
ds4: Flash-MoE slot bank layout: mixed expert-major
ds4: warning: very large Flash-MoE slot bank can collapse decode throughput (slots=256, gpu-bank=72.56 GiB). The wired bank competes with the OS file cache that serves decode-miss reads of the sidecar; when the sidecar is larger than RAM, smaller banks decode faster. Compare --moe-slot-bank 32/48/64 or use --ssd-cache auto.
ds4: prefill compute: routed experts = ANE i8i8 (W8A8) | dense proj = Q8 direct-RHS NAX; K-quant dense = fused mul_mm_id batch
ds4: prefill I/O: io-split=4 async-pread=on pread-threads=4 readahead=12 bank-prefetch=3 slot-cache-topk=0 xlayer=auto<=6k-tok topk=128
ds4: decode  I/O: io-split=4 router-prefetch=off scratch-prefetch=off max-loads=0 layer-stride=1 miss-direct-slot-pread=on prefetch-direct-slot-pread=off did-modify=on shared-down=on reset-after-prefill=off realloc-after-prefill=off restore-after-prefill=off resident=slot-bank slots=256
ds4: Flash-MoE banked kernels using M5 simdgroup_matrix fast path (prefetch=3, banks=4)
ds4: WARNING: prefill chunk 4096 clamped to 3968 by raw-KV cap (raw_cap=4096, window=128). Set DS4_METAL_GRAPH_RAW_CAP >= 4224 (window + chunk) — or unset it to auto-size — to honor the chunk.
ds4: prefill chunk cap EFFECTIVE=3968 tokens (DS4_METAL_PREFILL_CHUNK=16384), CLAMPED by raw-KV-cap (ctx-grow) (resident-NAX tiles this by scratch_cap; that tile gates the sync bridge)
processing 19 input tokens: 0/19 (0.0%) batch=0.00 t/s avg=0.00 t/s
ds4: ANE i8w-i8x-tiled-fused cached async prefill B=256 H=4096 I=2048 w_scale=0.00195312 x_scale=0.03125 mid_scale=0.03125
processing 19 input tokens: 0/19 (0.0%) batch=0.00 t/s avg=0.00 t/s
processing 19 input tokens: 0/19 (0.0%) batch=0.00 t/s avg=0.00 t/s
processing 19 input tokens: 1/19 (5.3%) batch=30.98 t/s avg=0.62 t/s
processing 19 input tokens: 1/19 (5.3%) batch=0.00 t/s avg=0.62 t/s
processing 19 input tokens: 2/19 (10.5%) batch=54.82 t/s avg=1.22 t/s
processing 19 input tokens: 2/19 (10.5%) batch=0.00 t/s avg=1.20 t/s
processing 19 input tokens: 3/19 (15.8%) batch=53.90 t/s avg=1.79 t/s
processing 19 input tokens: 3/19 (15.8%) batch=0.00 t/s avg=1.77 t/s
processing 19 input tokens: 3/19 (15.8%) batch=0.00 t/s avg=1.75 t/s
processing 19 input tokens: 4/19 (21.1%) batch=49.27 t/s avg=2.30 t/s
processing 19 input tokens: 4/19 (21.1%) batch=0.00 t/s avg=2.27 t/s
processing 19 input tokens: 5/19 (26.3%) batch=49.80 t/s avg=2.81 t/s
processing 19 input tokens: 5/19 (26.3%) batch=0.00 t/s avg=2.78 t/s
processing 19 input tokens: 6/19 (31.6%) batch=53.34 t/s avg=3.30 t/s
processing 19 input tokens: 6/19 (31.6%) batch=0.00 t/s avg=3.27 t/s
processing 19 input tokens: 7/19 (36.8%) batch=60.03 t/s avg=3.78 t/s
processing 19 input tokens: 7/19 (36.8%) batch=0.00 t/s avg=3.75 t/s
processing 19 input tokens: 7/19 (36.8%) batch=0.00 t/s avg=3.72 t/s
processing 19 input tokens: 8/19 (42.1%) batch=53.29 t/s avg=4.20 t/s
processing 19 input tokens: 8/19 (42.1%) batch=0.00 t/s avg=4.15 t/s
processing 19 input tokens: 9/19 (47.4%) batch=56.40 t/s avg=4.63 t/s
processing 19 input tokens: 9/19 (47.4%) batch=0.00 t/s avg=4.59 t/s
processing 19 input tokens: 10/19 (52.6%) batch=51.26 t/s avg=5.04 t/s
processing 19 input tokens: 10/19 (52.6%) batch=0.00 t/s avg=4.99 t/s
processing 19 input tokens: 11/19 (57.9%) batch=57.22 t/s avg=5.45 t/s
processing 19 input tokens: 11/19 (57.9%) batch=0.00 t/s avg=5.40 t/s
processing 19 input tokens: 11/19 (57.9%) batch=0.00 t/s avg=5.36 t/s
processing 19 input tokens: 12/19 (63.2%) batch=51.31 t/s avg=5.79 t/s
processing 19 input tokens: 12/19 (63.2%) batch=0.00 t/s avg=5.74 t/s
processing 19 input tokens: 13/19 (68.4%) batch=48.44 t/s avg=6.16 t/s
processing 19 input tokens: 13/19 (68.4%) batch=0.00 t/s avg=6.10 t/s
processing 19 input tokens: 14/19 (73.7%) batch=53.29 t/s avg=6.52 t/s
processing 19 input tokens: 14/19 (73.7%) batch=0.00 t/s avg=6.47 t/s
processing 19 input tokens: 15/19 (78.9%) batch=56.51 t/s avg=6.87 t/s
processing 19 input tokens: 15/19 (78.9%) batch=0.00 t/s avg=6.81 t/s
processing 19 input tokens: 15/19 (78.9%) batch=0.00 t/s avg=6.75 t/s
processing 19 input tokens: 16/19 (84.2%) batch=52.64 t/s avg=7.14 t/s
processing 19 input tokens: 16/19 (84.2%) batch=0.00 t/s avg=7.07 t/s
processing 19 input tokens: 17/19 (89.5%) batch=54.33 t/s avg=7.45 t/s
processing 19 input tokens: 17/19 (89.5%) batch=0.00 t/s avg=7.38 t/s
processing 19 input tokens: 18/19 (94.7%) batch=53.23 t/s avg=7.76 t/s
processing 19 input tokens: 18/19 (94.7%) batch=0.00 t/s avg=7.69 t/s
processing 19 input tokens: 19/19 (100.0%) batch=46.63 t/s avg=8.04 t/s
ds4: prefill full: 19 tokens in 2363.9 ms (8.0 t/s)
ds4: [mxfp4-native] two-dispatch plane decode arm engaged (dspark-strided, experts=6)
ds4: DSpark draft warmup: cap=4 rows=4 in 167.7 ms (paid before decode timer)
ds4: Flash-MoE mixed resident bank using fused GPU-selected decode path (slot id == expert id)
ds4: dspark hybrid FFN-pre verifier using exact F16 rows path
ds4: dspark hybrid row-router verifier using exact F16 logits rows path
ds4: dspark hybrid row-router verifier using exact selector rows path
ds4: [mxfp4-native] two-dispatch plane decode arm engaged (banked-generic-row-loop-exact, experts=6)
ds4: dspark hybrid row-routed verifier using exact row-loop path
ds4: dspark hybrid shared verifier using exact fused rows path
ds4: dspark hybrid attention verifier using exact F16 compressor rows path
ds4: dspark hybrid verifier profile n=4 layers=43 exact_prefix=0.000 ms attention=52.331 ms row_ffn_pre=10.747 ms row_router=11.883 ms batch_router=0.000 ms row_routed=34.301 ms row_shared=12.306 ms batch_tail=11.896 ms target_hidden=1.319 ms head=1.556 ms read=0.159 ms total=136.515 ms
ds4: dspark hybrid verifier profile n=4 layers=43 exact_prefix=0.000 ms attention=51.315 ms row_ffn_pre=10.459 ms row_router=12.142 ms batch_router=0.000 ms row_routed=34.967 ms row_shared=13.150 ms batch_tail=11.745 ms target_hidden=1.365 ms head=1.599 ms read=0.028 ms total=136.796 ms
ds4: dspark hybrid verifier profile n=4 layers=43 exact_prefix=0.000 ms attention=51.149 ms row_ffn_pre=10.505 ms row_router=11.908 ms batch_router=0.000 ms row_routed=34.227 ms row_shared=12.253 ms batch_tail=11.823 ms target_hidden=1.329 ms head=1.496 ms read=0.027 ms total=134.736 ms
ds4: dspark hybrid verifier profile n=4 layers=43 exact_prefix=0.000 ms attention=51.475 ms row_ffn_pre=10.887 ms row_router=11.430 ms batch_router=0.000 ms row_routed=34.802 ms row_shared=12.491 ms batch_tail=12.024 ms target_hidden=1.330 ms head=1.554 ms read=0.026 ms total=136.036 ms
ds4: dspark hybrid verifier profile n=4 layers=43 exact_prefix=0.000 ms attention=53.358 ms row_ffn_pre=10.915 ms row_router=12.241 ms batch_router=0.000 ms row_routed=34.839 ms row_shared=12.407 ms batch_tail=12.883 ms target_hidden=1.473 ms head=1.492 ms read=0.011 ms total=139.637 ms
ds4: dspark hybrid verifier profile n=4 layers=43 exact_prefix=0.000 ms attention=51.796 ms row_ffn_pre=10.580 ms row_router=12.241 ms batch_router=0.000 ms row_routed=34.120 ms row_shared=12.757 ms batch_tail=12.121 ms target_hidden=1.483 ms head=1.494 ms read=0.026 ms total=136.638 ms
ds4: dspark hybrid verifier profile n=4 layers=43 exact_prefix=0.000 ms attention=50.893 ms row_ffn_pre=10.454 ms row_router=12.164 ms batch_router=0.000 ms row_routed=35.147 ms row_shared=12.473 ms batch_tail=11.613 ms target_hidden=1.416 ms head=1.501 ms read=0.027 ms total=135.707 ms
ds4: dspark hybrid verifier profile n=4 layers=43 exact_prefix=0.000 ms attention=53.243 ms row_ffn_pre=10.612 ms row_router=11.655 ms batch_router=0.000 ms row_routed=34.237 ms row_shared=12.767 ms batch_tail=12.314 ms target_hidden=1.587 ms head=1.835 ms read=0.018 ms total=138.291 ms
ds4: dspark hybrid verifier profile n=4 layers=43 exact_prefix=0.000 ms attention=54.996 ms row_ffn_pre=11.665 ms row_router=14.283 ms batch_router=0.000 ms row_routed=36.196 ms row_shared=13.462 ms batch_tail=13.266 ms target_hidden=1.686 ms head=1.541 ms read=0.029 ms total=147.140 ms
ds4: dspark hybrid verifier profile n=4 layers=43 exact_prefix=0.000 ms attention=52.710 ms row_ffn_pre=10.933 ms row_router=13.107 ms batch_router=0.000 ms row_routed=35.525 ms row_shared=13.355 ms batch_tail=13.338 ms target_hidden=1.464 ms head=1.515 ms read=0.033 ms total=141.996 ms
ds4: dspark hybrid verifier profile n=4 layers=43 exact_prefix=0.000 ms attention=54.268 ms row_ffn_pre=10.882 ms row_router=12.305 ms batch_router=0.000 ms row_routed=35.384 ms row_shared=12.797 ms batch_tail=12.346 ms target_hidden=1.341 ms head=1.531 ms read=0.027 ms total=140.907 ms
ds4: dspark hybrid verifier profile n=4 layers=43 exact_prefix=0.000 ms attention=51.112 ms row_ffn_pre=10.205 ms row_router=11.913 ms batch_router=0.000 ms row_routed=38.618 ms row_shared=13.006 ms batch_tail=12.013 ms target_hidden=1.397 ms head=1.546 ms read=0.027 ms total=139.858 ms
ds4: dspark hybrid verifier profile n=4 layers=43 exact_prefix=0.000 ms attention=51.640 ms row_ffn_pre=10.699 ms row_router=11.559 ms batch_router=0.000 ms row_routed=34.256 ms row_shared=12.473 ms batch_tail=12.547 ms target_hidden=1.385 ms head=1.572 ms read=0.026 ms total=136.175 ms
ds4: dspark hybrid verifier profile n=4 layers=43 exact_prefix=0.000 ms attention=52.168 ms row_ffn_pre=10.751 ms row_router=11.583 ms batch_router=0.000 ms row_routed=35.040 ms row_shared=12.333 ms batch_tail=11.872 ms target_hidden=1.450 ms head=1.492 ms read=0.017 ms total=136.724 ms
ds4: dspark hybrid verifier profile n=4 layers=43 exact_prefix=0.000 ms attention=51.185 ms row_ffn_pre=10.351 ms row_router=11.642 ms batch_router=0.000 ms row_routed=34.245 ms row_shared=12.522 ms batch_tail=11.967 ms target_hidden=1.382 ms head=1.566 ms read=0.026 ms total=134.906 ms
ds4: dspark hybrid verifier profile n=4 layers=43 exact_prefix=0.000 ms attention=52.612 ms row_ffn_pre=10.207 ms row_router=11.752 ms batch_router=0.000 ms row_routed=34.195 ms row_shared=12.440 ms batch_tail=12.014 ms target_hidden=1.404 ms head=1.523 ms read=0.026 ms total=136.189 ms
ds4: dspark hybrid verifier profile n=4 layers=43 exact_prefix=0.000 ms attention=51.418 ms row_ffn_pre=10.292 ms row_router=11.678 ms batch_router=0.000 ms row_routed=34.432 ms row_shared=12.412 ms batch_tail=11.823 ms target_hidden=1.339 ms head=1.526 ms read=0.032 ms total=134.970 ms
ds4: dspark hybrid verifier profile n=4 layers=43 exact_prefix=0.000 ms attention=51.158 ms row_ffn_pre=10.380 ms row_router=11.709 ms batch_router=0.000 ms row_routed=34.392 ms row_shared=12.178 ms batch_tail=11.845 ms target_hidden=1.377 ms head=1.480 ms read=0.011 ms total=134.548 ms
ds4: dspark hybrid verifier profile n=4 layers=43 exact_prefix=0.000 ms attention=52.552 ms row_ffn_pre=10.351 ms row_router=11.456 ms batch_router=0.000 ms row_routed=33.635 ms row_shared=12.352 ms batch_tail=11.833 ms target_hidden=1.376 ms head=1.521 ms read=0.032 ms total=135.127 ms
ds4: dspark hybrid verifier profile n=4 layers=43 exact_prefix=0.000 ms attention=52.415 ms row_ffn_pre=10.915 ms row_router=11.446 ms batch_router=0.000 ms row_routed=34.377 ms row_shared=12.368 ms batch_tail=11.464 ms target_hidden=1.355 ms head=1.520 ms read=0.025 ms total=135.907 ms
ds4: dspark hybrid verifier profile n=4 layers=43 exact_prefix=0.000 ms attention=52.536 ms row_ffn_pre=10.849 ms row_router=11.858 ms batch_router=0.000 ms row_routed=33.802 ms row_shared=12.930 ms batch_tail=11.480 ms target_hidden=1.356 ms head=1.558 ms read=0.032 ms total=136.420 ms
ds4: dspark hybrid verifier profile n=4 layers=43 exact_prefix=0.000 ms attention=51.425 ms row_ffn_pre=10.184 ms row_router=11.525 ms batch_router=0.000 ms row_routed=34.856 ms row_shared=12.147 ms batch_tail=11.892 ms target_hidden=1.369 ms head=1.538 ms read=0.026 ms total=134.980 ms
ds4: dspark hybrid verifier profile n=4 layers=43 exact_prefix=0.000 ms attention=52.216 ms row_ffn_pre=10.547 ms row_router=11.662 ms batch_router=0.000 ms row_routed=34.801 ms row_shared=12.024 ms batch_tail=11.831 ms target_hidden=1.367 ms head=1.539 ms read=0.026 ms total=136.029 ms
ds4: dspark hybrid verifier profile n=4 layers=43 exact_prefix=0.000 ms attention=52.381 ms row_ffn_pre=10.800 ms row_router=12.116 ms batch_router=0.000 ms row_routed=34.201 ms row_shared=12.307 ms batch_tail=12.225 ms target_hidden=1.435 ms head=1.468 ms read=0.025 ms total=136.980 ms
ds4: dspark hybrid verifier profile n=4 layers=43 exact_prefix=0.000 ms attention=52.625 ms row_ffn_pre=10.723 ms row_router=11.413 ms batch_router=0.000 ms row_routed=34.033 ms row_shared=12.163 ms batch_tail=11.752 ms target_hidden=1.379 ms head=1.514 ms read=0.010 ms total=135.628 ms
ds4: dspark hybrid verifier profile n=4 layers=43 exact_prefix=0.000 ms attention=53.990 ms row_ffn_pre=10.941 ms row_router=12.234 ms batch_router=0.000 ms row_routed=34.985 ms row_shared=12.020 ms batch_tail=11.650 ms target_hidden=1.350 ms head=1.519 ms read=0.010 ms total=138.715 ms
ds4: dspark hybrid verifier profile n=4 layers=43 exact_prefix=0.000 ms attention=53.442 ms row_ffn_pre=10.511 ms row_router=11.332 ms batch_router=0.000 ms row_routed=34.137 ms row_shared=12.307 ms batch_tail=11.853 ms target_hidden=1.321 ms head=1.513 ms read=0.010 ms total=136.444 ms
ds4: dspark hybrid verifier profile n=4 layers=43 exact_prefix=0.000 ms attention=51.862 ms row_ffn_pre=10.989 ms row_router=11.763 ms batch_router=0.000 ms row_routed=34.907 ms row_shared=12.121 ms batch_tail=12.405 ms target_hidden=1.298 ms head=1.557 ms read=0.026 ms total=136.949 ms
ds4: dspark hybrid verifier profile n=4 layers=43 exact_prefix=0.000 ms attention=52.226 ms row_ffn_pre=11.088 ms row_router=11.481 ms batch_router=0.000 ms row_routed=35.093 ms row_shared=12.010 ms batch_tail=11.599 ms target_hidden=1.368 ms head=1.502 ms read=0.026 ms total=136.419 ms
ds4: dspark hybrid verifier profile n=4 layers=43 exact_prefix=0.000 ms attention=57.135 ms row_ffn_pre=10.944 ms row_router=11.722 ms batch_router=0.000 ms row_routed=34.853 ms row_shared=12.568 ms batch_tail=12.228 ms target_hidden=1.407 ms head=1.505 ms read=0.011 ms total=142.397 ms
ds4: dspark hybrid verifier profile n=4 layers=43 exact_prefix=0.000 ms attention=53.174 ms row_ffn_pre=10.955 ms row_router=11.834 ms batch_router=0.000 ms row_routed=36.586 ms row_shared=12.568 ms batch_tail=12.604 ms target_hidden=1.354 ms head=1.483 ms read=0.011 ms total=140.589 ms
ds4: dspark hybrid verifier profile n=4 layers=43 exact_prefix=0.000 ms attention=54.550 ms row_ffn_pre=11.510 ms row_router=12.443 ms batch_router=0.000 ms row_routed=36.030 ms row_shared=12.534 ms batch_tail=12.384 ms target_hidden=1.467 ms head=1.498 ms read=0.027 ms total=142.459 ms
ds4: dspark hybrid verifier profile n=4 layers=43 exact_prefix=0.000 ms attention=52.381 ms row_ffn_pre=10.936 ms row_router=12.814 ms batch_router=0.000 ms row_routed=37.104 ms row_shared=11.960 ms batch_tail=11.818 ms target_hidden=1.342 ms head=1.592 ms read=0.027 ms total=139.990 ms
ds4: ----------------------------------------
ds4: prefill: 7.43 t/s, generation: 25.39 t/s (160 tokens in 6.301s)
ds4: dspark acceptance: 83.0% (122/147 draft tokens)
ds4: dspark acceptance by position: 1=34/38 2=31/37 3=29/36 4=28/36
ds4: dspark avg scheduled: 3.87 draft tokens/block (38 blocks)
ds4: Flash-MoE resident slot bank: resident-slots=11008/11008 (100.0%, avg=256.0/layer) installed=72.56 GiB
