ds4: detected DS4 sidecar package: -m /Users/anemll/Models/flash/dsv4-iq2xxs-expert-major/dense/model-dense.gguf, --moe-sidecar /Users/anemll/Models/flash/dsv4-iq2xxs-expert-major, --moe-mode slot-bank
ds4: applied sidecar tuning profile [Apple M5 Max] from ds4_profile.json (51 env defaults set, 0 kept from environment)
ds4: warning: raw KV cap limits Metal prefill chunk (prefill_chunk=4096, raw_kv_rows=4096, raw_window=128, effective_chunk=3968; target raw cap for one chunk is 4352, also requires ctx >= that value)
ds4: context buffers 429.99 MiB (ctx=4096, backend=metal, prefill_chunk=4096, raw_kv_rows=4096, compressed_kv_rows=1026)
ds4: Flash-MoE sidecar loaded: /Users/anemll/Models/flash/dsv4-iq2xxs-expert-major (slot-bank=256, expert-record 6.75 MiB)
ds4: Flash-MoE expert mmap cache: off; expert reads: pread
ds4: Metal device Apple M5 Max, 128.00 GiB RAM, GPU working-set budget 107.52 GiB (raise with: sudo sysctl iogpu.wired_limit_mb=<MB>)
ds4: drift-patch flags hc_stable=on norm_unify=on kv_raw_f32=off rope_exp2_log2=off math_safe=off tensor_matmul=off
ds4: MXFP4 native library (MSL 4.1): repack=ok selected-repack=ok selected-plane-copy=ok scale-plane matmul=ok selected-matmul=ok decode2=pair/sum6 batch-decode2=pair/sum6 batch-strided=pair/sum6 hybrid-down=sum6 chunked-decode2=pair/sum6
ds4: DS4_MXFP4_NATIVE=1: native MXFP4 available (MPP 4.1 scale-plane matmul2d)
ds4: DSpark resident expert cache: ranges=9 bytes=9.56 GiB (persistent; debug opt-out requires DS4_DSPARK_ALLOW_NONRESIDENT=1)
ds4: DSpark sidecar Metal residency requested: buffers=9 bytes=9.56 GiB
ds4: DSpark draft package loaded: /Users/anemll/Models/DSv4-Flash-DSpark-draft (block=5 verify=2 active=2 scheduler=static conf=0.000 noise=128799 target_layers=40,41,42 markov_rank=256 records=81 mapped=10.12 GiB)
ds4: DSpark draft records: F32=41 F16=6 FP8_E4M3=25 MXFP4_NATIVE=9
ds4: DSpark draft inference enabled: MPP 4.1 FP8/MXFP4 draft kernels, fused routed-MoE per draft layer, persistent resident experts, greedy Markov head, exact verifier v1
ds4: Flash-MoE using mmap-backed dense/shared weights without full-model Metal residency warmup
ds4: Metal model views created in 0.309 ms, residency requested in 0.000 ms, warmup 0.000 ms (mapped 8393.67 MiB from offset 5.06 MiB)
ds4: Metal mapped mmaped model as 1 overlapping shared buffers
ds4: metal backend initialized for graph diagnostics
ds4: prefill routed-MoE (requested): mul_mm_id (grouped GPU / ALU)  [grouped path]
ds4: prefill quant scales (ANE env first): w_qscale=512 x_qscale=32 mid_qscale=32 w_scale=0.00195312 x_scale=0.03125 mid_scale=0.03125
ds4: prefill ctx-grow: on, block=16384 tokens
ds4: prefill chunk cap: 16384, graph_raw_cap=auto
ds4: Flash-MoE resident mixed slot-bank load: layers=43 slots=256 bytes=72.56 GiB (one dot per layer)
ds4: Flash-MoE resident prepare: ........................................... 72.56/72.56 GiB (43 layers)
ds4: Flash-MoE resident preload: ........................................... 72.56/72.56 GiB (43 layers)
ds4: Flash-MoE preloaded mixed slot bank: layers=43 slots=256 identity-mapped experts=256
ds4: Flash-MoE slot-bank Metal residency requested: buffers=43 bytes=72.56 GiB
ds4: Flash-MoE slot-bank pages touched: buffers=43 bytes=72.56 GiB
ds4: Flash-MoE slot banks allocated: layers=43 slots=256 gpu-bank=72.6GB Dense: 8.2GB Context: 0.4GB Total <<<< 81.2GB >>>>
ds4: Flash-MoE slot bank layout: mixed expert-major
ds4: warning: very large Flash-MoE slot bank can collapse decode throughput (slots=256, gpu-bank=72.56 GiB). The wired bank competes with the OS file cache that serves decode-miss reads of the sidecar; when the sidecar is larger than RAM, smaller banks decode faster. Compare --moe-slot-bank 32/48/64 or use --ssd-cache auto.
ds4: prefill compute: routed experts = ANE i8i8 (W8A8) | dense proj = Q8 direct-RHS NAX; K-quant dense = fused mul_mm_id batch
ds4: prefill I/O: io-split=4 async-pread=on pread-threads=4 readahead=12 bank-prefetch=3 slot-cache-topk=0 xlayer=auto<=6k-tok topk=128
ds4: decode  I/O: io-split=4 router-prefetch=off scratch-prefetch=off max-loads=0 layer-stride=1 miss-direct-slot-pread=on prefetch-direct-slot-pread=off did-modify=on shared-down=on reset-after-prefill=off realloc-after-prefill=off restore-after-prefill=off resident=slot-bank slots=256
ds4: Flash-MoE banked kernels using M5 simdgroup_matrix fast path (prefetch=3, banks=4)
ds4: WARNING: prefill chunk 4096 clamped to 3968 by raw-KV cap (raw_cap=4096, window=128). Set DS4_METAL_GRAPH_RAW_CAP >= 4224 (window + chunk) — or unset it to auto-size — to honor the chunk.
processing 19 input tokens: 0/19 (0.0%) batch=0.00 t/s avg=0.00 t/s
processing 19 input tokens: 0/19 (0.0%) batch=0.00 t/s avg=0.00 t/s
processing 19 input tokens: 0/19 (0.0%) batch=0.00 t/s avg=0.00 t/s
processing 19 input tokens: 1/19 (5.3%) batch=28.29 t/s avg=0.48 t/s
processing 19 input tokens: 1/19 (5.3%) batch=0.00 t/s avg=0.48 t/s
processing 19 input tokens: 2/19 (10.5%) batch=51.15 t/s avg=0.95 t/s
processing 19 input tokens: 2/19 (10.5%) batch=0.00 t/s avg=0.94 t/s
processing 19 input tokens: 3/19 (15.8%) batch=49.15 t/s avg=1.40 t/s
processing 19 input tokens: 3/19 (15.8%) batch=0.00 t/s avg=1.38 t/s
processing 19 input tokens: 3/19 (15.8%) batch=0.00 t/s avg=1.37 t/s
processing 19 input tokens: 4/19 (21.1%) batch=45.69 t/s avg=1.81 t/s
processing 19 input tokens: 4/19 (21.1%) batch=0.00 t/s avg=1.79 t/s
processing 19 input tokens: 5/19 (26.3%) batch=47.48 t/s avg=2.22 t/s
processing 19 input tokens: 5/19 (26.3%) batch=0.00 t/s avg=2.20 t/s
processing 19 input tokens: 6/19 (31.6%) batch=49.31 t/s avg=2.61 t/s
processing 19 input tokens: 6/19 (31.6%) batch=0.00 t/s avg=2.59 t/s
processing 19 input tokens: 7/19 (36.8%) batch=56.14 t/s avg=3.00 t/s
processing 19 input tokens: 7/19 (36.8%) batch=0.00 t/s avg=2.97 t/s
processing 19 input tokens: 7/19 (36.8%) batch=0.00 t/s avg=2.95 t/s
processing 19 input tokens: 8/19 (42.1%) batch=51.40 t/s avg=3.35 t/s
processing 19 input tokens: 8/19 (42.1%) batch=0.00 t/s avg=3.31 t/s
processing 19 input tokens: 9/19 (47.4%) batch=55.59 t/s avg=3.70 t/s
processing 19 input tokens: 9/19 (47.4%) batch=0.00 t/s avg=3.67 t/s
processing 19 input tokens: 10/19 (52.6%) batch=46.40 t/s avg=4.04 t/s
processing 19 input tokens: 10/19 (52.6%) batch=0.00 t/s avg=4.01 t/s
processing 19 input tokens: 11/19 (57.9%) batch=56.51 t/s avg=4.38 t/s
processing 19 input tokens: 11/19 (57.9%) batch=0.00 t/s avg=4.34 t/s
processing 19 input tokens: 11/19 (57.9%) batch=0.00 t/s avg=4.31 t/s
processing 19 input tokens: 12/19 (63.2%) batch=48.90 t/s avg=4.67 t/s
processing 19 input tokens: 12/19 (63.2%) batch=0.00 t/s avg=4.63 t/s
processing 19 input tokens: 13/19 (68.4%) batch=45.72 t/s avg=4.98 t/s
processing 19 input tokens: 13/19 (68.4%) batch=0.00 t/s avg=4.94 t/s
processing 19 input tokens: 14/19 (73.7%) batch=50.44 t/s avg=5.28 t/s
processing 19 input tokens: 14/19 (73.7%) batch=0.00 t/s avg=5.24 t/s
processing 19 input tokens: 15/19 (78.9%) batch=50.49 t/s avg=5.58 t/s
processing 19 input tokens: 15/19 (78.9%) batch=0.00 t/s avg=5.53 t/s
processing 19 input tokens: 15/19 (78.9%) batch=0.00 t/s avg=5.49 t/s
processing 19 input tokens: 16/19 (84.2%) batch=49.90 t/s avg=5.81 t/s
processing 19 input tokens: 16/19 (84.2%) batch=0.00 t/s avg=5.77 t/s
processing 19 input tokens: 17/19 (89.5%) batch=49.92 t/s avg=6.08 t/s
processing 19 input tokens: 17/19 (89.5%) batch=0.00 t/s avg=6.03 t/s
processing 19 input tokens: 18/19 (94.7%) batch=48.59 t/s avg=6.34 t/s
processing 19 input tokens: 18/19 (94.7%) batch=0.00 t/s avg=6.29 t/s
processing 19 input tokens: 19/19 (100.0%) batch=42.69 t/s avg=6.59 t/s
ds4: [mxfp4-native] two-dispatch plane decode arm engaged (dspark-strided, experts=6)
ds4: DSpark draft warmup: cap=2 rows=2 in 157.4 ms (paid before decode timer)
ds4: Flash-MoE mixed resident bank using fused GPU-selected decode path (slot id == expert id)
ds4: routed MoE exact ordered expert-sum kernel enabled
ds4: dspark timing decode2 drafted=2 committed=2 draft=9.363 ms snapshot=1.050 ms verify=61.298 ms dspark_kv=0.939 ms total=72.743 ms
ds4: dspark timing decode2 drafted=2 committed=2 draft=10.529 ms snapshot=0.374 ms verify=60.622 ms dspark_kv=1.065 ms total=72.679 ms
ds4: dspark timing decode2 drafted=2 committed=2 draft=9.506 ms snapshot=0.340 ms verify=60.966 ms dspark_kv=1.074 ms total=71.963 ms
ds4: dspark timing decode2 drafted=2 committed=2 draft=9.554 ms snapshot=0.356 ms verify=59.091 ms dspark_kv=1.053 ms total=70.128 ms
ds4: dspark timing decode2 drafted=2 committed=2 draft=9.567 ms snapshot=0.357 ms verify=59.950 ms dspark_kv=1.599 ms total=71.545 ms
ds4: dspark timing decode2-prefix1 drafted=2 committed=1 draft=9.955 ms snapshot=0.623 ms verify=59.508 ms prefix=1.493 ms total=71.666 ms
ds4: dspark timing decode2 drafted=2 committed=2 draft=10.445 ms snapshot=0.437 ms verify=60.318 ms dspark_kv=1.179 ms total=72.454 ms
ds4: dspark timing decode2 drafted=2 committed=2 draft=9.704 ms snapshot=0.357 ms verify=58.871 ms dspark_kv=1.096 ms total=70.113 ms
ds4: dspark timing decode2-prefix1 drafted=2 committed=1 draft=9.408 ms snapshot=0.359 ms verify=58.927 ms prefix=1.304 ms total=70.074 ms
ds4: dspark timing decode2 drafted=2 committed=2 draft=9.532 ms snapshot=0.418 ms verify=61.777 ms dspark_kv=1.198 ms total=72.998 ms
ds4: dspark timing decode2 drafted=2 committed=2 draft=10.400 ms snapshot=0.394 ms verify=60.403 ms dspark_kv=1.053 ms total=72.329 ms
ds4: dspark timing decode2 drafted=2 committed=2 draft=9.771 ms snapshot=0.379 ms verify=59.240 ms dspark_kv=1.033 ms total=70.518 ms
ds4: dspark timing decode2 drafted=2 committed=2 draft=9.544 ms snapshot=0.354 ms verify=62.030 ms dspark_kv=1.179 ms total=73.184 ms
ds4: dspark timing decode2 drafted=2 committed=2 draft=9.660 ms snapshot=0.903 ms verify=61.196 ms dspark_kv=1.090 ms total=72.926 ms
ds4: dspark timing decode2 drafted=2 committed=2 draft=9.618 ms snapshot=0.414 ms verify=59.983 ms dspark_kv=1.114 ms total=71.208 ms
ds4: dspark timing decode2 drafted=2 committed=2 draft=9.619 ms snapshot=0.357 ms verify=59.188 ms dspark_kv=1.013 ms total=70.263 ms
ds4: dspark timing decode2 drafted=2 committed=2 draft=9.751 ms snapshot=0.407 ms verify=60.569 ms dspark_kv=1.061 ms total=71.863 ms
ds4: dspark timing decode2 drafted=2 committed=2 draft=10.455 ms snapshot=0.406 ms verify=60.452 ms dspark_kv=1.029 ms total=72.421 ms
ds4: dspark timing decode2 drafted=2 committed=2 draft=9.531 ms snapshot=0.335 ms verify=61.073 ms dspark_kv=1.000 ms total=72.019 ms
ds4: dspark timing decode2 drafted=2 committed=2 draft=9.816 ms snapshot=0.367 ms verify=59.523 ms dspark_kv=1.690 ms total=71.471 ms
ds4: dspark timing decode2 drafted=2 committed=2 draft=9.499 ms snapshot=0.898 ms verify=58.447 ms dspark_kv=1.317 ms total=70.244 ms
ds4: dspark timing decode2 drafted=2 committed=2 draft=9.838 ms snapshot=0.900 ms verify=60.670 ms dspark_kv=1.069 ms total=72.565 ms
ds4: dspark timing decode2 drafted=2 committed=2 draft=10.495 ms snapshot=0.335 ms verify=58.712 ms dspark_kv=1.059 ms total=70.676 ms
ds4: dspark timing decode2 drafted=2 committed=2 draft=10.544 ms snapshot=0.386 ms verify=60.477 ms dspark_kv=0.982 ms total=72.466 ms
ds4: dspark timing decode2 drafted=2 committed=2 draft=9.682 ms snapshot=0.361 ms verify=60.304 ms dspark_kv=1.032 ms total=71.473 ms
ds4: dspark timing decode2 drafted=2 committed=2 draft=9.676 ms snapshot=0.360 ms verify=60.694 ms dspark_kv=2.109 ms total=72.924 ms
ds4: dspark timing decode2-prefix1 drafted=2 committed=1 draft=9.735 ms snapshot=0.364 ms verify=58.780 ms prefix=2.159 ms total=71.116 ms
ds4: dspark timing decode2-prefix1 drafted=2 committed=1 draft=9.743 ms snapshot=0.381 ms verify=62.422 ms prefix=1.261 ms total=73.883 ms
ds4: dspark timing decode2 drafted=2 committed=2 draft=9.838 ms snapshot=0.373 ms verify=59.854 ms dspark_kv=1.067 ms total=71.204 ms
ds4: dspark timing decode2 drafted=2 committed=2 draft=9.581 ms snapshot=0.381 ms verify=59.319 ms dspark_kv=1.663 ms total=71.025 ms
ds4: dspark timing decode2 drafted=2 committed=2 draft=9.898 ms snapshot=0.443 ms verify=61.592 ms dspark_kv=1.007 ms total=73.033 ms
ds4: dspark timing decode2 drafted=2 committed=2 draft=10.426 ms snapshot=0.367 ms verify=60.854 ms dspark_kv=1.124 ms total=72.844 ms
ds4: dspark timing decode2 drafted=2 committed=2 draft=9.784 ms snapshot=0.406 ms verify=60.734 ms dspark_kv=1.132 ms total=72.136 ms
ds4: dspark timing decode2 drafted=2 committed=2 draft=9.675 ms snapshot=0.404 ms verify=59.245 ms dspark_kv=1.036 ms total=70.436 ms
ds4: dspark timing decode2 drafted=2 committed=2 draft=9.722 ms snapshot=0.383 ms verify=59.152 ms dspark_kv=1.367 ms total=70.706 ms
ds4: dspark timing decode2 drafted=2 committed=2 draft=9.728 ms snapshot=0.710 ms verify=61.886 ms dspark_kv=1.225 ms total=73.632 ms
ds4: dspark timing decode2 drafted=2 committed=2 draft=10.170 ms snapshot=0.371 ms verify=61.429 ms dspark_kv=1.057 ms total=73.100 ms
ds4: dspark timing decode2 drafted=2 committed=2 draft=9.860 ms snapshot=0.360 ms verify=62.036 ms dspark_kv=1.025 ms total=73.355 ms
ds4: dspark timing decode2 drafted=2 committed=2 draft=9.555 ms snapshot=1.059 ms verify=59.815 ms dspark_kv=1.094 ms total=71.601 ms
ds4: dspark timing decode2 drafted=2 committed=2 draft=9.698 ms snapshot=0.334 ms verify=59.919 ms dspark_kv=1.085 ms total=71.112 ms
ds4: dspark timing decode2 drafted=2 committed=2 draft=9.652 ms snapshot=0.361 ms verify=60.087 ms dspark_kv=1.487 ms total=71.667 ms
ds4: dspark timing decode2 drafted=2 committed=2 draft=9.828 ms snapshot=0.359 ms verify=62.579 ms dspark_kv=0.997 ms total=73.836 ms
ds4: dspark timing decode2 drafted=2 committed=2 draft=10.183 ms snapshot=0.349 ms verify=61.344 ms dspark_kv=1.150 ms total=73.100 ms
ds4: dspark timing decode2 drafted=2 committed=2 draft=9.780 ms snapshot=0.363 ms verify=61.207 ms dspark_kv=1.568 ms total=73.014 ms
ds4: dspark timing decode2 drafted=2 committed=2 draft=9.826 ms snapshot=0.378 ms verify=62.403 ms dspark_kv=1.040 ms total=73.725 ms
ds4: dspark timing decode2 drafted=2 committed=2 draft=9.996 ms snapshot=0.361 ms verify=61.788 ms dspark_kv=1.083 ms total=73.318 ms
ds4: dspark timing decode2 drafted=2 committed=2 draft=9.893 ms snapshot=0.354 ms verify=60.024 ms dspark_kv=1.100 ms total=71.447 ms
ds4: dspark timing decode2 drafted=2 committed=2 draft=10.318 ms snapshot=0.378 ms verify=59.783 ms dspark_kv=1.112 ms total=71.675 ms
ds4: dspark timing decode2 drafted=2 committed=2 draft=9.796 ms snapshot=0.364 ms verify=61.964 ms dspark_kv=1.624 ms total=73.820 ms
ds4: dspark timing decode2 drafted=2 committed=2 draft=9.779 ms snapshot=0.392 ms verify=62.471 ms dspark_kv=1.098 ms total=73.817 ms
ds4: dspark timing decode2 drafted=2 committed=2 draft=10.641 ms snapshot=0.401 ms verify=61.670 ms dspark_kv=0.982 ms total=73.771 ms
ds4: dspark timing decode2 drafted=2 committed=2 draft=9.539 ms snapshot=0.392 ms verify=60.267 ms dspark_kv=1.399 ms total=71.676 ms
ds4: dspark timing decode2 drafted=2 committed=2 draft=10.300 ms snapshot=0.460 ms verify=60.231 ms dspark_kv=1.024 ms total=72.083 ms
ds4: dspark timing decode2 drafted=2 committed=2 draft=9.633 ms snapshot=0.370 ms verify=61.844 ms dspark_kv=1.400 ms total=73.336 ms
ds4: dspark timing decode2 drafted=2 committed=2 draft=9.861 ms snapshot=0.379 ms verify=62.801 ms dspark_kv=1.008 ms total=74.126 ms
ds4: dspark timing decode2 drafted=2 committed=2 draft=9.781 ms snapshot=0.357 ms verify=60.135 ms dspark_kv=1.118 ms total=71.460 ms
ds4: dspark timing decode2 drafted=2 committed=2 draft=9.905 ms snapshot=0.367 ms verify=61.392 ms dspark_kv=1.118 ms total=72.856 ms
ds4: dspark timing decode2 drafted=2 committed=2 draft=10.222 ms snapshot=0.368 ms verify=61.322 ms dspark_kv=1.052 ms total=73.045 ms
ds4: dspark timing decode2 drafted=2 committed=2 draft=9.850 ms snapshot=0.372 ms verify=62.320 ms dspark_kv=1.059 ms total=73.689 ms
ds4: dspark timing decode2 drafted=2 committed=2 draft=9.778 ms snapshot=0.361 ms verify=63.109 ms dspark_kv=1.001 ms total=74.325 ms
ds4: dspark timing decode2 drafted=2 committed=2 draft=9.758 ms snapshot=0.341 ms verify=60.536 ms dspark_kv=1.838 ms total=72.550 ms
ds4: dspark timing decode2 drafted=2 committed=2 draft=10.221 ms snapshot=0.473 ms verify=59.439 ms dspark_kv=1.002 ms total=71.221 ms
ds4: dspark timing decode2 drafted=2 committed=2 draft=10.282 ms snapshot=0.388 ms verify=61.286 ms dspark_kv=1.152 ms total=73.183 ms
ds4: dspark timing decode2 drafted=2 committed=2 draft=9.818 ms snapshot=0.360 ms verify=62.805 ms dspark_kv=1.223 ms total=74.283 ms
ds4: dspark timing decode2 drafted=2 committed=2 draft=9.669 ms snapshot=0.333 ms verify=60.407 ms dspark_kv=1.087 ms total=71.574 ms
ds4: dspark timing decode2 drafted=2 committed=2 draft=9.807 ms snapshot=0.368 ms verify=59.686 ms dspark_kv=1.946 ms total=71.879 ms
ds4: dspark timing decode2 drafted=2 committed=2 draft=9.762 ms snapshot=1.100 ms verify=61.239 ms dspark_kv=1.048 ms total=73.226 ms
ds4: dspark timing decode2 drafted=2 committed=2 draft=9.812 ms snapshot=0.384 ms verify=61.391 ms dspark_kv=1.035 ms total=72.695 ms
ds4: dspark timing decode2 drafted=2 committed=2 draft=9.620 ms snapshot=0.397 ms verify=60.618 ms dspark_kv=1.277 ms total=71.988 ms
ds4: dspark timing decode2 drafted=2 committed=2 draft=9.981 ms snapshot=0.387 ms verify=60.103 ms dspark_kv=1.063 ms total=71.613 ms
ds4: dspark timing decode2 drafted=2 committed=2 draft=9.811 ms snapshot=0.359 ms verify=61.493 ms dspark_kv=1.670 ms total=73.408 ms
ds4: dspark timing decode2 drafted=2 committed=2 draft=9.719 ms snapshot=0.446 ms verify=62.127 ms dspark_kv=1.115 ms total=73.485 ms
ds4: dspark timing decode2 drafted=2 committed=2 draft=9.818 ms snapshot=0.363 ms verify=59.811 ms dspark_kv=1.141 ms total=71.222 ms
ds4: dspark timing decode2 drafted=2 committed=2 draft=9.668 ms snapshot=0.373 ms verify=61.158 ms dspark_kv=1.038 ms total=72.323 ms
ds4: dspark timing decode2 drafted=2 committed=2 draft=10.393 ms snapshot=0.438 ms verify=59.678 ms dspark_kv=1.017 ms total=71.599 ms
ds4: dspark timing decode2 drafted=2 committed=2 draft=9.869 ms snapshot=0.372 ms verify=61.641 ms dspark_kv=1.324 ms total=73.278 ms
ds4: dspark timing decode2 drafted=2 committed=2 draft=9.721 ms snapshot=0.377 ms verify=62.073 ms dspark_kv=1.125 ms total=73.367 ms
ds4: dspark timing decode2 drafted=2 committed=2 draft=10.539 ms snapshot=0.365 ms verify=59.641 ms dspark_kv=1.051 ms total=71.693 ms
ds4: dspark timing decode2 drafted=2 committed=2 draft=9.772 ms snapshot=0.416 ms verify=59.757 ms dspark_kv=1.414 ms total=71.441 ms
ds4: dspark timing decode2 drafted=2 committed=2 draft=9.728 ms snapshot=0.369 ms verify=62.022 ms dspark_kv=1.083 ms total=73.274 ms
ds4: dspark timing decode2 drafted=2 committed=2 draft=10.443 ms snapshot=0.370 ms verify=60.593 ms dspark_kv=1.084 ms total=72.567 ms
ds4: dspark timing decode2 drafted=2 committed=2 draft=9.678 ms snapshot=0.365 ms verify=59.685 ms dspark_kv=1.040 ms total=70.856 ms
ds4: dspark timing decode2 drafted=2 committed=2 draft=9.671 ms snapshot=0.367 ms verify=59.740 ms dspark_kv=1.734 ms total=71.594 ms
ds4: dspark timing decode2 drafted=2 committed=2 draft=9.767 ms snapshot=0.397 ms verify=63.716 ms dspark_kv=1.080 ms total=75.036 ms
ds4: dspark timing decode2 drafted=2 committed=2 draft=9.807 ms snapshot=0.383 ms verify=62.345 ms dspark_kv=1.249 ms total=73.870 ms
ds4: dspark timing decode2 drafted=2 committed=2 draft=10.506 ms snapshot=0.466 ms verify=60.220 ms dspark_kv=1.002 ms total=72.276 ms
ds4: dspark timing decode2 drafted=2 committed=2 draft=10.026 ms snapshot=0.353 ms verify=60.401 ms dspark_kv=1.718 ms total=72.581 ms
ds4: dspark timing decode2 drafted=2 committed=2 draft=9.790 ms snapshot=0.707 ms verify=62.633 ms dspark_kv=1.010 ms total=74.215 ms
ds4: dspark timing decode2 drafted=2 committed=2 draft=9.731 ms snapshot=0.353 ms verify=61.718 ms dspark_kv=1.359 ms total=73.248 ms
ds4: dspark timing decode2 drafted=2 committed=2 draft=9.767 ms snapshot=0.379 ms verify=60.964 ms dspark_kv=1.039 ms total=72.220 ms
ds4: dspark timing decode2 drafted=2 committed=2 draft=9.696 ms snapshot=0.348 ms verify=60.157 ms dspark_kv=1.007 ms total=71.287 ms
ds4: dspark timing decode2 drafted=2 committed=2 draft=9.718 ms snapshot=0.355 ms verify=62.497 ms dspark_kv=1.111 ms total=73.758 ms
ds4: dspark timing decode2 drafted=2 committed=2 draft=10.338 ms snapshot=0.402 ms verify=62.000 ms dspark_kv=0.990 ms total=73.811 ms
ds4: dspark timing decode2 drafted=2 committed=2 draft=9.762 ms snapshot=0.376 ms verify=60.094 ms dspark_kv=1.472 ms total=71.786 ms
ds4: dspark timing decode2 drafted=2 committed=2 draft=10.347 ms snapshot=0.381 ms verify=60.021 ms dspark_kv=1.082 ms total=71.906 ms
ds4: dspark timing decode2 drafted=2 committed=2 draft=9.759 ms snapshot=0.384 ms verify=63.843 ms dspark_kv=1.276 ms total=75.337 ms
ds4: dspark timing decode2 drafted=2 committed=2 draft=10.652 ms snapshot=0.427 ms verify=64.026 ms dspark_kv=1.095 ms total=76.274 ms
ds4: dspark timing decode2 drafted=2 committed=2 draft=10.493 ms snapshot=0.456 ms verify=60.752 ms dspark_kv=1.088 ms total=72.873 ms
ds4: dspark timing decode2 drafted=2 committed=2 draft=9.781 ms snapshot=0.371 ms verify=60.711 ms dspark_kv=1.707 ms total=72.645 ms
ds4: dspark timing decode2 drafted=2 committed=2 draft=10.483 ms snapshot=0.472 ms verify=61.940 ms dspark_kv=1.122 ms total=74.091 ms
ds4: dspark timing decode2 drafted=2 committed=2 draft=9.820 ms snapshot=0.356 ms verify=62.952 ms dspark_kv=1.102 ms total=74.303 ms
ds4: dspark timing decode2 drafted=2 committed=2 draft=10.541 ms snapshot=0.339 ms verify=60.250 ms dspark_kv=1.064 ms total=72.277 ms
ds4: dspark timing decode2 drafted=2 committed=2 draft=9.970 ms snapshot=0.373 ms verify=60.260 ms dspark_kv=1.634 ms total=72.314 ms
ds4: dspark timing decode2 drafted=2 committed=2 draft=9.558 ms snapshot=0.694 ms verify=61.709 ms dspark_kv=1.091 ms total=73.128 ms
ds4: dspark timing decode2-prefix1 drafted=2 committed=1 draft=9.797 ms snapshot=0.364 ms verify=61.735 ms prefix=1.373 ms total=73.356 ms
ds4: dspark timing decode2 drafted=2 committed=2 draft=10.350 ms snapshot=0.433 ms verify=59.448 ms dspark_kv=1.046 ms total=71.370 ms
ds4: dspark timing decode2 drafted=2 committed=2 draft=9.709 ms snapshot=0.394 ms verify=59.835 ms dspark_kv=0.988 ms total=71.000 ms
ds4: dspark timing decode2 drafted=2 committed=2 draft=9.552 ms snapshot=0.361 ms verify=60.692 ms dspark_kv=1.027 ms total=71.712 ms
ds4: dspark timing decode2 drafted=2 committed=2 draft=9.724 ms snapshot=0.352 ms verify=61.596 ms dspark_kv=1.256 ms total=72.998 ms
ds4: dspark timing decode2 drafted=2 committed=2 draft=10.534 ms snapshot=0.363 ms verify=59.105 ms dspark_kv=1.183 ms total=71.278 ms
ds4: dspark timing decode2 drafted=2 committed=2 draft=9.823 ms snapshot=0.362 ms verify=60.361 ms dspark_kv=1.124 ms total=71.758 ms
ds4: dspark timing decode2-prefix1 drafted=2 committed=1 draft=9.613 ms snapshot=0.356 ms verify=62.830 ms prefix=1.333 ms total=74.214 ms
ds4: dspark timing decode2 drafted=2 committed=2 draft=10.441 ms snapshot=0.399 ms verify=61.373 ms dspark_kv=1.009 ms total=73.306 ms
ds4: dspark timing decode2 drafted=2 committed=2 draft=9.492 ms snapshot=0.371 ms verify=61.276 ms dspark_kv=1.854 ms total=73.075 ms
ds4: dspark timing decode2 drafted=2 committed=2 draft=9.970 ms snapshot=0.356 ms verify=61.032 ms dspark_kv=1.060 ms total=72.490 ms
ds4: dspark timing decode2 drafted=2 committed=2 draft=9.766 ms snapshot=0.354 ms verify=60.971 ms dspark_kv=1.074 ms total=72.240 ms
ds4: dspark timing decode2 drafted=2 committed=2 draft=9.832 ms snapshot=0.358 ms verify=62.000 ms dspark_kv=1.067 ms total=73.330 ms
ds4: dspark timing decode2 drafted=2 committed=2 draft=9.835 ms snapshot=0.342 ms verify=62.038 ms dspark_kv=1.794 ms total=74.089 ms
ds4: dspark timing decode2 drafted=2 committed=2 draft=9.742 ms snapshot=0.361 ms verify=60.089 ms dspark_kv=1.183 ms total=71.457 ms
ds4: dspark timing decode2 drafted=2 committed=2 draft=10.365 ms snapshot=0.409 ms verify=60.794 ms dspark_kv=1.115 ms total=72.757 ms
ds4: dspark timing decode2 drafted=2 committed=2 draft=9.995 ms snapshot=0.357 ms verify=63.211 ms dspark_kv=1.163 ms total=74.811 ms
ds4: dspark timing decode2-prefix1 drafted=2 committed=1 draft=10.198 ms snapshot=0.518 ms verify=62.004 ms prefix=1.358 ms total=74.155 ms
ds4: dspark timing decode2-prefix1 drafted=2 committed=1 draft=9.855 ms snapshot=0.365 ms verify=59.625 ms prefix=1.874 ms total=71.790 ms
ds4: dspark timing decode2 drafted=2 committed=2 draft=9.652 ms snapshot=0.887 ms verify=61.463 ms dspark_kv=1.080 ms total=73.153 ms
ds4: dspark timing decode2 drafted=2 committed=2 draft=9.751 ms snapshot=0.346 ms verify=61.399 ms dspark_kv=1.787 ms total=73.377 ms
ds4: dspark timing decode2 drafted=2 committed=2 draft=9.817 ms snapshot=0.368 ms verify=60.864 ms dspark_kv=1.175 ms total=72.301 ms
ds4: dspark timing decode2 drafted=2 committed=2 draft=9.951 ms snapshot=0.394 ms verify=60.078 ms dspark_kv=0.993 ms total=71.488 ms
ds4: dspark timing decode2 drafted=2 committed=2 draft=9.860 ms snapshot=0.442 ms verify=62.081 ms dspark_kv=1.196 ms total=73.651 ms
ds4: dspark timing decode2 drafted=2 committed=2 draft=10.584 ms snapshot=0.402 ms verify=61.302 ms dspark_kv=1.017 ms total=73.381 ms
ds4: dspark timing decode2 drafted=2 committed=2 draft=9.852 ms snapshot=0.386 ms verify=60.226 ms dspark_kv=1.640 ms total=72.178 ms
ds4: ----------------------------------------
ds4: prefill: 6.19 t/s, generation: 28.28 t/s (400 tokens in 14.146s)
ds4: dspark acceptance: 85.1% (252/296 draft tokens)
ds4: dspark acceptance by position: 1=130/148 2=122/148
ds4: dspark avg scheduled: 2.00 draft tokens/block (148 blocks)
