ds4: detected DS4 sidecar package: -m /Users/anemll/Models/flash/dsv4-iq2xxs-expert-major/dense/model-dense.gguf, --moe-sidecar /Users/anemll/Models/flash/dsv4-iq2xxs-expert-major, --moe-mode slot-bank
ds4: applied sidecar tuning profile [Apple M5 Max] from ds4_profile.json (51 env defaults set, 0 kept from environment)
ds4: warning: raw KV cap limits Metal prefill chunk (prefill_chunk=4096, raw_kv_rows=4096, raw_window=128, effective_chunk=3968; target raw cap for one chunk is 4352, also requires ctx >= that value)
ds4: context buffers 429.99 MiB (ctx=4096, backend=metal, prefill_chunk=4096, raw_kv_rows=4096, compressed_kv_rows=1026)
ds4: Flash-MoE sidecar loaded: /Users/anemll/Models/flash/dsv4-iq2xxs-expert-major (slot-bank=256, expert-record 6.75 MiB)
ds4: Flash-MoE expert mmap cache: off; expert reads: pread
ds4: Metal device Apple M5 Max, 128.00 GiB RAM, GPU working-set budget 107.52 GiB (raise with: sudo sysctl iogpu.wired_limit_mb=<MB>)
ds4: drift-patch flags hc_stable=on norm_unify=on kv_raw_f32=off rope_exp2_log2=off math_safe=off tensor_matmul=off
ds4: MXFP4 native library (MSL 4.1): repack=ok selected-repack=ok selected-plane-copy=ok scale-plane matmul=ok selected-matmul=ok decode2=pair/sum6 batch-decode2=pair/sum6 batch-strided=pair/sum6 hybrid-down=sum6 chunked-decode2=pair/sum6
ds4: DS4_MXFP4_NATIVE=1: native MXFP4 available (MPP 4.1 scale-plane matmul2d)
ds4: DSpark resident expert cache: ranges=9 bytes=9.56 GiB (persistent; debug opt-out requires DS4_DSPARK_ALLOW_NONRESIDENT=1)
ds4: DSpark sidecar Metal residency requested: buffers=9 bytes=9.56 GiB
ds4: DSpark draft package loaded: /Users/anemll/Models/DSv4-Flash-DSpark-draft (block=5 verify=4 scheduler=static conf=0.000 noise=128799 target_layers=40,41,42 markov_rank=256 records=81 mapped=10.12 GiB)
ds4: DSpark draft records: F32=41 F16=6 FP8_E4M3=25 MXFP4_NATIVE=9
ds4: DSpark draft inference enabled: MPP 4.1 FP8/MXFP4 draft kernels, fused routed-MoE per draft layer, persistent resident experts, greedy Markov head, exact verifier v1
ds4: Flash-MoE using mmap-backed dense/shared weights without full-model Metal residency warmup
ds4: Metal model views created in 0.294 ms, residency requested in 0.000 ms, warmup 0.000 ms (mapped 8393.67 MiB from offset 5.06 MiB)
ds4: Metal mapped mmaped model as 1 overlapping shared buffers
ds4: metal backend initialized for graph diagnostics
ds4: prefill routed-MoE (requested): mul_mm_id (grouped GPU / ALU)  [grouped path]
ds4: prefill quant scales (ANE env first): w_qscale=512 x_qscale=32 mid_qscale=32 w_scale=0.00195312 x_scale=0.03125 mid_scale=0.03125
ds4: prefill ctx-grow: on, block=16384 tokens
ds4: prefill chunk cap: 16384, graph_raw_cap=auto
ds4: Flash-MoE resident mixed slot-bank load: layers=43 slots=256 bytes=72.56 GiB (one dot per layer)
ds4: Flash-MoE resident prepare: ........................................... 72.56/72.56 GiB (43 layers)
ds4: Flash-MoE resident preload: ........................................... 72.56/72.56 GiB (43 layers)
ds4: Flash-MoE preloaded mixed slot bank: layers=43 slots=256 identity-mapped experts=256
ds4: Flash-MoE slot-bank Metal residency requested: buffers=43 bytes=72.56 GiB
ds4: Flash-MoE slot-bank pages touched: buffers=43 bytes=72.56 GiB
ds4: Flash-MoE slot banks allocated: layers=43 slots=256 gpu-bank=72.6GB Dense: 8.2GB Context: 0.4GB Total <<<< 81.2GB >>>>
ds4: Flash-MoE slot bank layout: mixed expert-major
ds4: warning: very large Flash-MoE slot bank can collapse decode throughput (slots=256, gpu-bank=72.56 GiB). The wired bank competes with the OS file cache that serves decode-miss reads of the sidecar; when the sidecar is larger than RAM, smaller banks decode faster. Compare --moe-slot-bank 32/48/64 or use --ssd-cache auto.
ds4: prefill compute: routed experts = ANE i8i8 (W8A8) | dense proj = Q8 direct-RHS NAX; K-quant dense = fused mul_mm_id batch
ds4: prefill I/O: io-split=4 async-pread=on pread-threads=4 readahead=12 bank-prefetch=3 slot-cache-topk=0 xlayer=auto<=6k-tok topk=128
ds4: decode  I/O: io-split=4 router-prefetch=off scratch-prefetch=off max-loads=0 layer-stride=1 miss-direct-slot-pread=on prefetch-direct-slot-pread=off did-modify=on shared-down=on reset-after-prefill=off realloc-after-prefill=off restore-after-prefill=off resident=slot-bank slots=256
ds4: Flash-MoE banked kernels using M5 simdgroup_matrix fast path (prefetch=3, banks=4)
ds4: WARNING: prefill chunk 4096 clamped to 3968 by raw-KV cap (raw_cap=4096, window=128). Set DS4_METAL_GRAPH_RAW_CAP >= 4224 (window + chunk) — or unset it to auto-size — to honor the chunk.
ds4: prefill chunk cap EFFECTIVE=3968 tokens (DS4_METAL_PREFILL_CHUNK=16384), CLAMPED by raw-KV-cap (ctx-grow) (resident-NAX tiles this by scratch_cap; that tile gates the sync bridge)
processing 19 input tokens: 0/19 (0.0%) batch=0.00 t/s avg=0.00 t/s
ds4: ANE i8w-i8x-tiled-fused cached async prefill B=256 H=4096 I=2048 w_scale=0.00195312 x_scale=0.03125 mid_scale=0.03125
processing 19 input tokens: 0/19 (0.0%) batch=0.00 t/s avg=0.00 t/s
processing 19 input tokens: 0/19 (0.0%) batch=0.00 t/s avg=0.00 t/s
processing 19 input tokens: 1/19 (5.3%) batch=31.21 t/s avg=0.58 t/s
processing 19 input tokens: 1/19 (5.3%) batch=0.00 t/s avg=0.58 t/s
processing 19 input tokens: 2/19 (10.5%) batch=54.78 t/s avg=1.14 t/s
processing 19 input tokens: 2/19 (10.5%) batch=0.00 t/s avg=1.13 t/s
processing 19 input tokens: 3/19 (15.8%) batch=54.07 t/s avg=1.68 t/s
processing 19 input tokens: 3/19 (15.8%) batch=0.00 t/s avg=1.66 t/s
processing 19 input tokens: 3/19 (15.8%) batch=0.00 t/s avg=1.64 t/s
processing 19 input tokens: 4/19 (21.1%) batch=48.58 t/s avg=2.16 t/s
processing 19 input tokens: 4/19 (21.1%) batch=0.00 t/s avg=2.14 t/s
processing 19 input tokens: 5/19 (26.3%) batch=49.91 t/s avg=2.64 t/s
processing 19 input tokens: 5/19 (26.3%) batch=0.00 t/s avg=2.62 t/s
processing 19 input tokens: 6/19 (31.6%) batch=54.83 t/s avg=3.11 t/s
processing 19 input tokens: 6/19 (31.6%) batch=0.00 t/s avg=3.08 t/s
processing 19 input tokens: 7/19 (36.8%) batch=60.96 t/s avg=3.57 t/s
processing 19 input tokens: 7/19 (36.8%) batch=0.00 t/s avg=3.53 t/s
processing 19 input tokens: 7/19 (36.8%) batch=0.00 t/s avg=3.51 t/s
processing 19 input tokens: 8/19 (42.1%) batch=54.87 t/s avg=3.97 t/s
processing 19 input tokens: 8/19 (42.1%) batch=0.00 t/s avg=3.92 t/s
processing 19 input tokens: 9/19 (47.4%) batch=57.27 t/s avg=4.38 t/s
processing 19 input tokens: 9/19 (47.4%) batch=0.00 t/s avg=4.34 t/s
processing 19 input tokens: 10/19 (52.6%) batch=51.91 t/s avg=4.78 t/s
processing 19 input tokens: 10/19 (52.6%) batch=0.00 t/s avg=4.73 t/s
processing 19 input tokens: 11/19 (57.9%) batch=59.05 t/s avg=5.16 t/s
processing 19 input tokens: 11/19 (57.9%) batch=0.00 t/s avg=5.12 t/s
processing 19 input tokens: 11/19 (57.9%) batch=0.00 t/s avg=5.08 t/s
processing 19 input tokens: 12/19 (63.2%) batch=52.59 t/s avg=5.50 t/s
processing 19 input tokens: 12/19 (63.2%) batch=0.00 t/s avg=5.45 t/s
processing 19 input tokens: 13/19 (68.4%) batch=49.85 t/s avg=5.85 t/s
processing 19 input tokens: 13/19 (68.4%) batch=0.00 t/s avg=5.80 t/s
processing 19 input tokens: 14/19 (73.7%) batch=53.29 t/s avg=6.20 t/s
processing 19 input tokens: 14/19 (73.7%) batch=0.00 t/s avg=6.15 t/s
processing 19 input tokens: 15/19 (78.9%) batch=57.32 t/s avg=6.54 t/s
processing 19 input tokens: 15/19 (78.9%) batch=0.00 t/s avg=6.48 t/s
processing 19 input tokens: 15/19 (78.9%) batch=0.00 t/s avg=6.42 t/s
processing 19 input tokens: 16/19 (84.2%) batch=52.61 t/s avg=6.80 t/s
processing 19 input tokens: 16/19 (84.2%) batch=0.00 t/s avg=6.74 t/s
processing 19 input tokens: 17/19 (89.5%) batch=54.70 t/s avg=7.11 t/s
processing 19 input tokens: 17/19 (89.5%) batch=0.00 t/s avg=7.04 t/s
processing 19 input tokens: 18/19 (94.7%) batch=51.92 t/s avg=7.40 t/s
processing 19 input tokens: 18/19 (94.7%) batch=0.00 t/s avg=7.34 t/s
processing 19 input tokens: 19/19 (100.0%) batch=46.26 t/s avg=7.68 t/s
ds4: prefill full: 19 tokens in 2476.3 ms (7.7 t/s)
ds4: [mxfp4-native] two-dispatch plane decode arm engaged (dspark-strided, experts=6)
ds4: DSpark draft warmup: cap=4 rows=4 in 176.1 ms (paid before decode timer)
ds4: Flash-MoE mixed resident bank using fused GPU-selected decode path (slot id == expert id)
ds4: dspark hybrid FFN-pre verifier using exact F16 rows path
ds4: dspark hybrid row-router verifier using exact F16 logits rows path
ds4: dspark hybrid row-router verifier using exact selector rows path
ds4: dspark hybrid shared verifier using exact fused rows path
ds4: dspark hybrid attention verifier using exact F16 compressor rows path
ds4: dspark hybrid verifier profile n=4 layers=43 exact_prefix=0.000 ms attention=54.323 ms row_ffn_pre=10.949 ms row_router=11.677 ms batch_router=0.000 ms row_routed=33.707 ms row_shared=12.144 ms batch_tail=11.773 ms target_hidden=1.436 ms head=1.465 ms read=0.076 ms total=137.565 ms
ds4: dspark hybrid verifier profile n=4 layers=43 exact_prefix=0.000 ms attention=53.666 ms row_ffn_pre=10.780 ms row_router=12.270 ms batch_router=0.000 ms row_routed=34.401 ms row_shared=12.183 ms batch_tail=12.121 ms target_hidden=1.317 ms head=1.544 ms read=0.026 ms total=138.327 ms
ds4: dspark hybrid verifier profile n=4 layers=43 exact_prefix=0.000 ms attention=52.962 ms row_ffn_pre=11.316 ms row_router=12.262 ms batch_router=0.000 ms row_routed=33.905 ms row_shared=12.505 ms batch_tail=11.655 ms target_hidden=1.316 ms head=1.513 ms read=0.009 ms total=137.459 ms
ds4: dspark hybrid verifier profile n=4 layers=43 exact_prefix=0.000 ms attention=54.296 ms row_ffn_pre=10.619 ms row_router=11.957 ms batch_router=0.000 ms row_routed=33.997 ms row_shared=12.469 ms batch_tail=11.479 ms target_hidden=1.327 ms head=1.537 ms read=0.026 ms total=137.724 ms
ds4: dspark hybrid verifier profile n=4 layers=43 exact_prefix=0.000 ms attention=52.979 ms row_ffn_pre=10.715 ms row_router=12.018 ms batch_router=0.000 ms row_routed=34.758 ms row_shared=12.135 ms batch_tail=12.039 ms target_hidden=1.391 ms head=1.491 ms read=0.019 ms total=137.560 ms
ds4: dspark hybrid verifier profile n=4 layers=43 exact_prefix=0.000 ms attention=54.340 ms row_ffn_pre=11.103 ms row_router=12.040 ms batch_router=0.000 ms row_routed=34.894 ms row_shared=12.684 ms batch_tail=12.160 ms target_hidden=1.367 ms head=1.501 ms read=0.018 ms total=140.129 ms
ds4: dspark hybrid verifier profile n=4 layers=43 exact_prefix=0.000 ms attention=54.539 ms row_ffn_pre=10.663 ms row_router=11.883 ms batch_router=0.000 ms row_routed=34.277 ms row_shared=12.603 ms batch_tail=12.826 ms target_hidden=1.405 ms head=1.543 ms read=0.034 ms total=139.794 ms
ds4: dspark hybrid verifier profile n=4 layers=43 exact_prefix=0.000 ms attention=52.285 ms row_ffn_pre=11.025 ms row_router=12.931 ms batch_router=0.000 ms row_routed=37.956 ms row_shared=12.501 ms batch_tail=12.174 ms target_hidden=1.429 ms head=1.512 ms read=0.010 ms total=141.841 ms
ds4: dspark hybrid verifier profile n=4 layers=43 exact_prefix=0.000 ms attention=55.069 ms row_ffn_pre=11.497 ms row_router=12.526 ms batch_router=0.000 ms row_routed=34.011 ms row_shared=12.735 ms batch_tail=12.621 ms target_hidden=1.365 ms head=1.548 ms read=0.017 ms total=141.412 ms
ds4: dspark hybrid verifier profile n=4 layers=43 exact_prefix=0.000 ms attention=55.458 ms row_ffn_pre=10.872 ms row_router=12.000 ms batch_router=0.000 ms row_routed=34.262 ms row_shared=12.962 ms batch_tail=12.576 ms target_hidden=1.423 ms head=2.381 ms read=0.035 ms total=141.985 ms
ds4: dspark hybrid verifier profile n=4 layers=43 exact_prefix=0.000 ms attention=53.965 ms row_ffn_pre=11.117 ms row_router=11.773 ms batch_router=0.000 ms row_routed=34.077 ms row_shared=12.252 ms batch_tail=12.132 ms target_hidden=1.382 ms head=1.537 ms read=0.026 ms total=138.278 ms
ds4: dspark hybrid verifier profile n=4 layers=43 exact_prefix=0.000 ms attention=52.759 ms row_ffn_pre=11.292 ms row_router=11.830 ms batch_router=0.000 ms row_routed=34.738 ms row_shared=12.131 ms batch_tail=11.376 ms target_hidden=1.376 ms head=1.545 ms read=0.026 ms total=137.095 ms
ds4: dspark hybrid verifier profile n=4 layers=43 exact_prefix=0.000 ms attention=53.162 ms row_ffn_pre=10.554 ms row_router=11.857 ms batch_router=0.000 ms row_routed=34.031 ms row_shared=11.947 ms batch_tail=11.808 ms target_hidden=1.350 ms head=1.543 ms read=0.010 ms total=136.278 ms
ds4: dspark hybrid verifier profile n=4 layers=43 exact_prefix=0.000 ms attention=53.794 ms row_ffn_pre=10.589 ms row_router=11.571 ms batch_router=0.000 ms row_routed=34.313 ms row_shared=12.243 ms batch_tail=11.702 ms target_hidden=1.433 ms head=1.530 ms read=0.026 ms total=137.219 ms
ds4: dspark hybrid verifier profile n=4 layers=43 exact_prefix=0.000 ms attention=53.394 ms row_ffn_pre=11.234 ms row_router=11.839 ms batch_router=0.000 ms row_routed=34.189 ms row_shared=12.257 ms batch_tail=12.075 ms target_hidden=1.347 ms head=1.547 ms read=0.017 ms total=137.921 ms
ds4: dspark hybrid verifier profile n=4 layers=43 exact_prefix=0.000 ms attention=52.487 ms row_ffn_pre=11.185 ms row_router=11.931 ms batch_router=0.000 ms row_routed=35.537 ms row_shared=12.234 ms batch_tail=11.951 ms target_hidden=1.352 ms head=1.526 ms read=0.010 ms total=138.229 ms
ds4: dspark hybrid verifier profile n=4 layers=43 exact_prefix=0.000 ms attention=53.068 ms row_ffn_pre=10.768 ms row_router=11.556 ms batch_router=0.000 ms row_routed=34.073 ms row_shared=12.725 ms batch_tail=11.620 ms target_hidden=1.323 ms head=1.546 ms read=0.026 ms total=136.720 ms
ds4: speculative sidecar verifier: resident slot-bank tiny batch path engaged (n_tokens<=5, slot id == expert id)
ds4: ----------------------------------------
ds4: prefill: 7.10 t/s, generation: 23.99 t/s (80 tokens in 3.335s)
ds4: dspark acceptance: 77.9% (60/77 draft tokens)
ds4: dspark acceptance by position: 1=18/20 2=15/19 3=14/19 4=13/19
ds4: dspark avg scheduled: 3.85 draft tokens/block (20 blocks)
ds4: Flash-MoE resident slot bank: resident-slots=11008/11008 (100.0%, avg=256.0/layer) installed=72.56 GiB
