ds4: detected DS4 sidecar package: -m /Users/anemll/Models/flash/dsv4-iq2xxs-expert-major/dense/model-dense.gguf, --moe-sidecar /Users/anemll/Models/flash/dsv4-iq2xxs-expert-major, --moe-mode slot-bank
ds4: applied sidecar tuning profile [Apple M5 Max] from ds4_profile.json (51 env defaults set, 0 kept from environment)
ds4: warning: raw KV cap limits Metal prefill chunk (prefill_chunk=4096, raw_kv_rows=4096, raw_window=128, effective_chunk=3968; target raw cap for one chunk is 4352, also requires ctx >= that value)
ds4: context buffers 429.99 MiB (ctx=4096, backend=metal, prefill_chunk=4096, raw_kv_rows=4096, compressed_kv_rows=1026)
ds4: Flash-MoE sidecar loaded: /Users/anemll/Models/flash/dsv4-iq2xxs-expert-major (slot-bank=256, expert-record 6.75 MiB)
ds4: Flash-MoE expert mmap cache: off; expert reads: pread
ds4: Metal device Apple M5 Max, 128.00 GiB RAM, GPU working-set budget 107.52 GiB (raise with: sudo sysctl iogpu.wired_limit_mb=<MB>)
ds4: drift-patch flags hc_stable=on norm_unify=on kv_raw_f32=off rope_exp2_log2=off math_safe=off tensor_matmul=off
ds4: MXFP4 native library (MSL 4.1): repack=ok selected-repack=ok selected-plane-copy=ok scale-plane matmul=ok selected-matmul=ok decode2=pair/sum6 batch-decode2=pair/sum6 batch-strided=pair/sum6 hybrid-down=sum6 chunked-decode2=pair/sum6
ds4: DS4_MXFP4_NATIVE=1: native MXFP4 available (MPP 4.1 scale-plane matmul2d)
ds4: DSpark resident expert cache: ranges=9 bytes=9.56 GiB (persistent; debug opt-out requires DS4_DSPARK_ALLOW_NONRESIDENT=1)
ds4: DSpark sidecar Metal residency requested: buffers=9 bytes=9.56 GiB
ds4: DSpark draft package loaded: /Users/anemll/Models/DSv4-Flash-DSpark-draft (block=5 verify=4 scheduler=static conf=0.000 noise=128799 target_layers=40,41,42 markov_rank=256 records=81 mapped=10.12 GiB)
ds4: DSpark draft records: F32=41 F16=6 FP8_E4M3=25 MXFP4_NATIVE=9
ds4: DSpark draft inference enabled: MPP 4.1 FP8/MXFP4 draft kernels, fused routed-MoE per draft layer, persistent resident experts, greedy Markov head, exact verifier v1
ds4: Flash-MoE using mmap-backed dense/shared weights without full-model Metal residency warmup
ds4: Metal model views created in 0.299 ms, residency requested in 0.000 ms, warmup 0.000 ms (mapped 8393.67 MiB from offset 5.06 MiB)
ds4: Metal mapped mmaped model as 1 overlapping shared buffers
ds4: metal backend initialized for graph diagnostics
ds4: prefill routed-MoE (requested): mul_mm_id (grouped GPU / ALU)  [grouped path]
ds4: prefill quant scales (ANE env first): w_qscale=512 x_qscale=32 mid_qscale=32 w_scale=0.00195312 x_scale=0.03125 mid_scale=0.03125
ds4: prefill ctx-grow: on, block=16384 tokens
ds4: prefill chunk cap: 16384, graph_raw_cap=auto
ds4: Flash-MoE resident mixed slot-bank load: layers=43 slots=256 bytes=72.56 GiB (one dot per layer)
ds4: Flash-MoE resident prepare: ........................................... 72.56/72.56 GiB (43 layers)
ds4: Flash-MoE resident preload: ........................................... 72.56/72.56 GiB (43 layers)
ds4: Flash-MoE preloaded mixed slot bank: layers=43 slots=256 identity-mapped experts=256
ds4: Flash-MoE slot-bank Metal residency requested: buffers=43 bytes=72.56 GiB
ds4: Flash-MoE slot-bank pages touched: buffers=43 bytes=72.56 GiB
ds4: Flash-MoE slot banks allocated: layers=43 slots=256 gpu-bank=72.6GB Dense: 8.2GB Context: 0.4GB Total <<<< 81.2GB >>>>
ds4: Flash-MoE slot bank layout: mixed expert-major
ds4: warning: very large Flash-MoE slot bank can collapse decode throughput (slots=256, gpu-bank=72.56 GiB). The wired bank competes with the OS file cache that serves decode-miss reads of the sidecar; when the sidecar is larger than RAM, smaller banks decode faster. Compare --moe-slot-bank 32/48/64 or use --ssd-cache auto.
ds4: prefill compute: routed experts = ANE i8i8 (W8A8) | dense proj = Q8 direct-RHS NAX; K-quant dense = fused mul_mm_id batch
ds4: prefill I/O: io-split=4 async-pread=on pread-threads=4 readahead=12 bank-prefetch=3 slot-cache-topk=0 xlayer=auto<=6k-tok topk=128
ds4: decode  I/O: io-split=4 router-prefetch=off scratch-prefetch=off max-loads=0 layer-stride=1 miss-direct-slot-pread=on prefetch-direct-slot-pread=off did-modify=on shared-down=on reset-after-prefill=off realloc-after-prefill=off restore-after-prefill=off resident=slot-bank slots=256
ds4: Flash-MoE banked kernels using M5 simdgroup_matrix fast path (prefetch=3, banks=4)
ds4: WARNING: prefill chunk 4096 clamped to 3968 by raw-KV cap (raw_cap=4096, window=128). Set DS4_METAL_GRAPH_RAW_CAP >= 4224 (window + chunk) — or unset it to auto-size — to honor the chunk.
ds4: prefill chunk cap EFFECTIVE=3968 tokens (DS4_METAL_PREFILL_CHUNK=16384), CLAMPED by raw-KV-cap (ctx-grow) (resident-NAX tiles this by scratch_cap; that tile gates the sync bridge)
processing 19 input tokens: 0/19 (0.0%) batch=0.00 t/s avg=0.00 t/s
ds4: ANE i8w-i8x-tiled-fused cached async prefill B=256 H=4096 I=2048 w_scale=0.00195312 x_scale=0.03125 mid_scale=0.03125
processing 19 input tokens: 0/19 (0.0%) batch=0.00 t/s avg=0.00 t/s
processing 19 input tokens: 0/19 (0.0%) batch=0.00 t/s avg=0.00 t/s
processing 19 input tokens: 1/19 (5.3%) batch=30.25 t/s avg=0.66 t/s
processing 19 input tokens: 1/19 (5.3%) batch=0.00 t/s avg=0.65 t/s
processing 19 input tokens: 2/19 (10.5%) batch=54.83 t/s avg=1.28 t/s
processing 19 input tokens: 2/19 (10.5%) batch=0.00 t/s avg=1.26 t/s
processing 19 input tokens: 3/19 (15.8%) batch=51.93 t/s avg=1.87 t/s
processing 19 input tokens: 3/19 (15.8%) batch=0.00 t/s avg=1.85 t/s
processing 19 input tokens: 3/19 (15.8%) batch=0.00 t/s avg=1.83 t/s
processing 19 input tokens: 4/19 (21.1%) batch=48.63 t/s avg=2.41 t/s
processing 19 input tokens: 4/19 (21.1%) batch=0.00 t/s avg=2.38 t/s
processing 19 input tokens: 5/19 (26.3%) batch=49.89 t/s avg=2.94 t/s
processing 19 input tokens: 5/19 (26.3%) batch=0.00 t/s avg=2.91 t/s
processing 19 input tokens: 6/19 (31.6%) batch=53.32 t/s avg=3.45 t/s
processing 19 input tokens: 6/19 (31.6%) batch=0.00 t/s avg=3.42 t/s
processing 19 input tokens: 7/19 (36.8%) batch=60.97 t/s avg=3.95 t/s
processing 19 input tokens: 7/19 (36.8%) batch=0.00 t/s avg=3.91 t/s
processing 19 input tokens: 7/19 (36.8%) batch=0.00 t/s avg=3.87 t/s
processing 19 input tokens: 8/19 (42.1%) batch=52.64 t/s avg=4.38 t/s
processing 19 input tokens: 8/19 (42.1%) batch=0.00 t/s avg=4.32 t/s
processing 19 input tokens: 9/19 (47.4%) batch=57.39 t/s avg=4.82 t/s
processing 19 input tokens: 9/19 (47.4%) batch=0.00 t/s avg=4.77 t/s
processing 19 input tokens: 10/19 (52.6%) batch=51.92 t/s avg=5.25 t/s
processing 19 input tokens: 10/19 (52.6%) batch=0.00 t/s avg=5.19 t/s
processing 19 input tokens: 11/19 (57.9%) batch=59.00 t/s avg=5.66 t/s
processing 19 input tokens: 11/19 (57.9%) batch=0.00 t/s avg=5.61 t/s
processing 19 input tokens: 11/19 (57.9%) batch=0.00 t/s avg=5.57 t/s
processing 19 input tokens: 12/19 (63.2%) batch=51.79 t/s avg=6.01 t/s
processing 19 input tokens: 12/19 (63.2%) batch=0.00 t/s avg=5.96 t/s
processing 19 input tokens: 13/19 (68.4%) batch=49.80 t/s avg=6.39 t/s
processing 19 input tokens: 13/19 (68.4%) batch=0.00 t/s avg=6.33 t/s
processing 19 input tokens: 14/19 (73.7%) batch=53.28 t/s avg=6.76 t/s
processing 19 input tokens: 14/19 (73.7%) batch=0.00 t/s avg=6.70 t/s
processing 19 input tokens: 15/19 (78.9%) batch=56.58 t/s avg=7.12 t/s
processing 19 input tokens: 15/19 (78.9%) batch=0.00 t/s avg=7.06 t/s
processing 19 input tokens: 15/19 (78.9%) batch=0.00 t/s avg=6.99 t/s
processing 19 input tokens: 16/19 (84.2%) batch=52.58 t/s avg=7.39 t/s
processing 19 input tokens: 16/19 (84.2%) batch=0.00 t/s avg=7.32 t/s
processing 19 input tokens: 17/19 (89.5%) batch=53.98 t/s avg=7.71 t/s
processing 19 input tokens: 17/19 (89.5%) batch=0.00 t/s avg=7.64 t/s
processing 19 input tokens: 18/19 (94.7%) batch=51.27 t/s avg=8.02 t/s
processing 19 input tokens: 18/19 (94.7%) batch=0.00 t/s avg=7.95 t/s
processing 19 input tokens: 19/19 (100.0%) batch=45.78 t/s avg=8.31 t/s
ds4: prefill full: 19 tokens in 2288.0 ms (8.3 t/s)
ds4: [mxfp4-native] two-dispatch plane decode arm engaged (dspark-strided, experts=6)
ds4: DSpark draft warmup: cap=4 rows=4 in 171.6 ms (paid before decode timer)
ds4: Flash-MoE mixed resident bank using fused GPU-selected decode path (slot id == expert id)
ds4: dspark hybrid FFN-pre verifier using exact F16 rows path
ds4: dspark hybrid row-router verifier using exact F16 logits rows path
ds4: dspark hybrid row-router verifier using exact selector rows path
ds4: dspark hybrid shared verifier using exact fused rows path
ds4: dspark hybrid attention verifier using exact F16 compressor rows path
ds4: dspark hybrid compressor diagnostic flush enabled
ds4: dspark hybrid audit prefix drafted=4 committed=4 state_count=4 prefix_slots=3
ds4: dspark hybrid layer attn-norm audit decodeN-attn-ffn-batch eps=1e-08 first=-1 row=0 idx=0 delta=0 h=0 e=0 max=0 rms=0 worst=-1 row=0 idx=0 worst_delta=0 h=0 e=0 worst_rms=0 layers=43 rows=4
ds4: dspark hybrid layer q-rope audit decodeN-attn-ffn-batch eps=1e-08 first=-1 row=0 idx=0 delta=0 h=0 e=0 max=0 rms=0 worst=-1 row=0 idx=0 worst_delta=0 h=0 e=0 worst_rms=0 layers=43 rows=4
ds4: dspark hybrid layer kv-cache-row audit decodeN-attn-ffn-batch eps=1e-08 first=-1 row=0 idx=0 delta=0 h=0 e=0 max=0 rms=0 worst=-1 row=0 idx=0 worst_delta=0 h=0 e=0 worst_rms=0 layers=43 rows=4
ds4: dspark hybrid layer attn-heads-raw audit decodeN-attn-ffn-batch eps=1e-08 first=-1 row=0 idx=0 delta=0 h=0 e=0 max=0 rms=0 worst=-1 row=0 idx=0 worst_delta=0 h=0 e=0 worst_rms=0 layers=43 rows=4
ds4: dspark hybrid layer attn-heads audit decodeN-attn-ffn-batch eps=1e-08 first=-1 row=0 idx=0 delta=0 h=0 e=0 max=0 rms=0 worst=-1 row=0 idx=0 worst_delta=0 h=0 e=0 worst_rms=0 layers=43 rows=4
ds4: dspark hybrid layer attn-out audit decodeN-attn-ffn-batch eps=1e-08 first=-1 row=0 idx=0 delta=0 h=0 e=0 max=0 rms=0 worst=-1 row=0 idx=0 worst_delta=0 h=0 e=0 worst_rms=0 layers=43 rows=4
ds4: dspark hybrid layer attn-HC audit decodeN-attn-ffn-batch eps=1e-08 first=-1 row=0 idx=0 delta=0 h=0 e=0 max=0 rms=0 worst=-1 row=0 idx=0 worst_delta=0 h=0 e=0 worst_rms=0 layers=43 rows=4
ds4: dspark hybrid layer ffn-pre audit decodeN-attn-ffn-batch eps=1e-08 first=-1 row=0 idx=0 delta=0 h=0 e=0 max=0 rms=0 worst=-1 row=0 idx=0 worst_delta=0 h=0 e=0 worst_rms=0 layers=43 rows=4
ds4: dspark hybrid layer ffn-norm audit decodeN-attn-ffn-batch eps=1e-08 first=-1 row=0 idx=0 delta=0 h=0 e=0 max=0 rms=0 worst=-1 row=0 idx=0 worst_delta=0 h=0 e=0 worst_rms=0 layers=43 rows=4
ds4: dspark hybrid layer routed-out audit decodeN-attn-ffn-batch eps=1e-08 first=-1 row=0 idx=0 delta=0 h=0 e=0 max=0 rms=0 worst=-1 row=0 idx=0 worst_delta=0 h=0 e=0 worst_rms=0 layers=43 rows=4
ds4: dspark hybrid layer shared-out audit decodeN-attn-ffn-batch eps=1e-08 first=-1 row=0 idx=0 delta=0 h=0 e=0 max=0 rms=0 worst=-1 row=0 idx=0 worst_delta=0 h=0 e=0 worst_rms=0 layers=43 rows=4
ds4: dspark hybrid layer post-HC audit decodeN-attn-ffn-batch eps=1e-08 first=-1 row=0 idx=0 delta=0 h=0 e=0 max=0 rms=0 worst=-1 row=0 idx=0 worst_delta=0 h=0 e=0 worst_rms=0 layers=43 rows=4
ds4: dspark hybrid first divergence audit decodeN-attn-ffn-batch stage=clean
ds4: dspark hybrid audit commit logits top hybrid=14295 exact=14295 margin hybrid=10.638 exact=10.638 max=0 rms=0
ds4: dspark batch state audit hybrid-vs-exact layer=3 n_comp 0/0 n_index 0/0 attn_kv max=1.19209e-07 rms=3.0721e-09 attn_score max=4.76837e-07 rms=nan index_kv max=0 rms=0 index_score max=0 rms=0 raw max=0 rms=0 rows=4
ds4: dspark batch state audit hybrid-vs-exact layer=5 n_comp 0/0 n_index 0/0 attn_kv max=8.9407e-08 rms=1.86449e-09 attn_score max=1.49012e-07 rms=nan index_kv max=0 rms=0 index_score max=0 rms=0 raw max=0 rms=0 rows=4
ds4: dspark batch state audit hybrid-vs-exact layer=7 n_comp 0/0 n_index 0/0 attn_kv max=1.19209e-07 rms=2.25834e-09 attn_score max=2.38419e-07 rms=nan index_kv max=0 rms=0 index_score max=0 rms=0 raw max=0 rms=0 rows=4
ds4: dspark batch state audit hybrid-vs-exact layer=9 n_comp 0/0 n_index 0/0 attn_kv max=8.9407e-08 rms=2.36106e-09 attn_score max=1.78814e-07 rms=nan index_kv max=0 rms=0 index_score max=0 rms=0 raw max=0 rms=0 rows=4
ds4: dspark batch state audit hybrid-vs-exact layer=11 n_comp 0/0 n_index 0/0 attn_kv max=8.9407e-08 rms=2.18531e-09 attn_score max=1.19209e-07 rms=nan index_kv max=0 rms=0 index_score max=0 rms=0 raw max=0 rms=0 rows=4
ds4: dspark batch state audit hybrid-vs-exact layer=13 n_comp 0/0 n_index 0/0 attn_kv max=1.19209e-07 rms=2.63649e-09 attn_score max=1.3411e-07 rms=nan index_kv max=0 rms=0 index_score max=0 rms=0 raw max=0 rms=0 rows=4
ds4: dspark batch state audit hybrid-vs-exact layer=15 n_comp 0/0 n_index 0/0 attn_kv max=1.2666e-07 rms=3.53459e-09 attn_score max=3.57628e-07 rms=nan index_kv max=0 rms=0 index_score max=0 rms=0 raw max=0 rms=0 rows=4
ds4: dspark batch state audit hybrid-vs-exact layer=17 n_comp 0/0 n_index 0/0 attn_kv max=1.78814e-07 rms=6.31345e-09 attn_score max=4.76837e-07 rms=nan index_kv max=0 rms=0 index_score max=0 rms=0 raw max=0 rms=0 rows=4
ds4: dspark batch state audit hybrid-vs-exact layer=19 n_comp 0/0 n_index 0/0 attn_kv max=5.96046e-08 rms=2.0436e-09 attn_score max=1.19209e-07 rms=nan index_kv max=0 rms=0 index_score max=0 rms=0 raw max=0 rms=0 rows=4
ds4: dspark batch state audit hybrid-vs-exact layer=21 n_comp 0/0 n_index 0/0 attn_kv max=8.9407e-08 rms=2.66238e-09 attn_score max=1.49012e-07 rms=nan index_kv max=0 rms=0 index_score max=0 rms=0 raw max=0 rms=0 rows=4
ds4: dspark batch state audit hybrid-vs-exact layer=23 n_comp 0/0 n_index 0/0 attn_kv max=2.38419e-07 rms=5.68241e-09 attn_score max=3.57628e-07 rms=nan index_kv max=0 rms=0 index_score max=0 rms=0 raw max=0 rms=0 rows=4
ds4: dspark batch state audit hybrid-vs-exact layer=25 n_comp 0/0 n_index 0/0 attn_kv max=8.9407e-08 rms=1.75501e-09 attn_score max=1.19209e-07 rms=nan index_kv max=0 rms=0 index_score max=0 rms=0 raw max=0 rms=0 rows=4
ds4: dspark batch state audit hybrid-vs-exact layer=27 n_comp 0/0 n_index 0/0 attn_kv max=5.96046e-08 rms=2.70966e-09 attn_score max=2.38419e-07 rms=nan index_kv max=0 rms=0 index_score max=0 rms=0 raw max=0 rms=0 rows=4
ds4: dspark batch state audit hybrid-vs-exact layer=29 n_comp 0/0 n_index 0/0 attn_kv max=9.68575e-08 rms=2.41923e-09 attn_score max=1.78814e-07 rms=nan index_kv max=0 rms=0 index_score max=0 rms=0 raw max=0 rms=0 rows=4
ds4: dspark batch state audit hybrid-vs-exact layer=31 n_comp 0/0 n_index 0/0 attn_kv max=1.19209e-07 rms=2.62308e-09 attn_score max=2.38419e-07 rms=nan index_kv max=0 rms=0 index_score max=0 rms=0 raw max=0 rms=0 rows=4
ds4: dspark batch state audit hybrid-vs-exact layer=33 n_comp 0/0 n_index 0/0 attn_kv max=6.33299e-08 rms=2.75276e-09 attn_score max=1.3411e-07 rms=nan index_kv max=0 rms=0 index_score max=0 rms=0 raw max=0 rms=0 rows=4
ds4: dspark batch state audit hybrid-vs-exact layer=35 n_comp 0/0 n_index 0/0 attn_kv max=1.19209e-07 rms=3.95442e-09 attn_score max=1.49012e-07 rms=nan index_kv max=0 rms=0 index_score max=0 rms=0 raw max=0 rms=0 rows=4
ds4: dspark batch state audit hybrid-vs-exact layer=37 n_comp 0/0 n_index 0/0 attn_kv max=1.78814e-07 rms=1.52513e-09 attn_score max=2.38419e-07 rms=nan index_kv max=0 rms=0 index_score max=0 rms=0 raw max=0 rms=0 rows=4
ds4: dspark batch state audit hybrid-vs-exact layer=39 n_comp 0/0 n_index 0/0 attn_kv max=1.19209e-07 rms=3.32909e-09 attn_score max=2.38419e-07 rms=nan index_kv max=0 rms=0 index_score max=0 rms=0 raw max=0 rms=0 rows=4
ds4: dspark batch state audit hybrid-vs-exact layer=41 n_comp 0/0 n_index 0/0 attn_kv max=2.38419e-07 rms=2.86835e-09 attn_score max=2.38419e-07 rms=nan index_kv max=0 rms=0 index_score max=0 rms=0 raw max=0 rms=0 rows=4
ds4: dspark batch state audit hybrid-vs-exact summary eps=1e-08 mismatch_layers=20 first_stage=attn-kv first_layer=3 first_max=1.19209e-07 first_rms=3.0721e-09 max=4.76837e-07 final_hc_max=0 decode_hc_max=0 dspark_hidden max=0 rms=0 dspark_kv max=0 rms=0 raw_rows=4 mtp_n_raw 0/0
ds4: dspark hybrid audit prefix drafted=4 committed=4 state_count=4 prefix_slots=3
ds4: dspark hybrid layer attn-norm audit decodeN-attn-ffn-batch eps=1e-08 first=-1 row=0 idx=0 delta=0 h=0 e=0 max=0 rms=0 worst=-1 row=0 idx=0 worst_delta=0 h=0 e=0 worst_rms=0 layers=43 rows=4
ds4: dspark hybrid layer q-rope audit decodeN-attn-ffn-batch eps=1e-08 first=-1 row=0 idx=0 delta=0 h=0 e=0 max=0 rms=0 worst=-1 row=0 idx=0 worst_delta=0 h=0 e=0 worst_rms=0 layers=43 rows=4
ds4: dspark hybrid layer kv-cache-row audit decodeN-attn-ffn-batch eps=1e-08 first=-1 row=0 idx=0 delta=0 h=0 e=0 max=0 rms=0 worst=-1 row=0 idx=0 worst_delta=0 h=0 e=0 worst_rms=0 layers=43 rows=4
ds4: dspark hybrid layer attn-heads-raw audit decodeN-attn-ffn-batch eps=1e-08 first=-1 row=0 idx=0 delta=0 h=0 e=0 max=0 rms=0 worst=-1 row=0 idx=0 worst_delta=0 h=0 e=0 worst_rms=0 layers=43 rows=4
ds4: dspark hybrid layer attn-heads audit decodeN-attn-ffn-batch eps=1e-08 first=-1 row=0 idx=0 delta=0 h=0 e=0 max=0 rms=0 worst=-1 row=0 idx=0 worst_delta=0 h=0 e=0 worst_rms=0 layers=43 rows=4
ds4: dspark hybrid layer attn-out audit decodeN-attn-ffn-batch eps=1e-08 first=-1 row=0 idx=0 delta=0 h=0 e=0 max=0 rms=0 worst=-1 row=0 idx=0 worst_delta=0 h=0 e=0 worst_rms=0 layers=43 rows=4
ds4: dspark hybrid layer attn-HC audit decodeN-attn-ffn-batch eps=1e-08 first=-1 row=0 idx=0 delta=0 h=0 e=0 max=0 rms=0 worst=-1 row=0 idx=0 worst_delta=0 h=0 e=0 worst_rms=0 layers=43 rows=4
ds4: dspark hybrid layer ffn-pre audit decodeN-attn-ffn-batch eps=1e-08 first=-1 row=0 idx=0 delta=0 h=0 e=0 max=0 rms=0 worst=-1 row=0 idx=0 worst_delta=0 h=0 e=0 worst_rms=0 layers=43 rows=4
ds4: dspark hybrid layer ffn-norm audit decodeN-attn-ffn-batch eps=1e-08 first=-1 row=0 idx=0 delta=0 h=0 e=0 max=0 rms=0 worst=-1 row=0 idx=0 worst_delta=0 h=0 e=0 worst_rms=0 layers=43 rows=4
ds4: dspark hybrid layer routed-out audit decodeN-attn-ffn-batch eps=1e-08 first=-1 row=0 idx=0 delta=0 h=0 e=0 max=0 rms=0 worst=-1 row=0 idx=0 worst_delta=0 h=0 e=0 worst_rms=0 layers=43 rows=4
ds4: dspark hybrid layer shared-out audit decodeN-attn-ffn-batch eps=1e-08 first=-1 row=0 idx=0 delta=0 h=0 e=0 max=0 rms=0 worst=-1 row=0 idx=0 worst_delta=0 h=0 e=0 worst_rms=0 layers=43 rows=4
ds4: dspark hybrid layer post-HC audit decodeN-attn-ffn-batch eps=1e-08 first=-1 row=0 idx=0 delta=0 h=0 e=0 max=0 rms=0 worst=-1 row=0 idx=0 worst_delta=0 h=0 e=0 worst_rms=0 layers=43 rows=4
ds4: dspark hybrid first divergence audit decodeN-attn-ffn-batch stage=clean
ds4: dspark hybrid audit commit logits top hybrid=19950 exact=19950 margin hybrid=8.344 exact=8.344 max=0 rms=0
ds4: dspark batch state audit hybrid-vs-exact layer=3 n_comp 0/0 n_index 0/0 attn_kv max=1.78814e-07 rms=3.09776e-09 attn_score max=4.76837e-07 rms=nan index_kv max=0 rms=0 index_score max=0 rms=0 raw max=0 rms=0 rows=4
ds4: dspark batch state audit hybrid-vs-exact layer=5 n_comp 0/0 n_index 0/0 attn_kv max=8.9407e-08 rms=1.90352e-09 attn_score max=1.78814e-07 rms=nan index_kv max=0 rms=0 index_score max=0 rms=0 raw max=0 rms=0 rows=4
ds4: dspark batch state audit hybrid-vs-exact layer=7 n_comp 0/0 n_index 0/0 attn_kv max=8.9407e-08 rms=2.17801e-09 attn_score max=2.98023e-07 rms=nan index_kv max=0 rms=0 index_score max=0 rms=0 raw max=0 rms=0 rows=4
ds4: dspark batch state audit hybrid-vs-exact layer=9 n_comp 0/0 n_index 0/0 attn_kv max=5.96046e-08 rms=2.35874e-09 attn_score max=1.19209e-07 rms=nan index_kv max=0 rms=0 index_score max=0 rms=0 raw max=0 rms=0 rows=4
ds4: dspark batch state audit hybrid-vs-exact layer=11 n_comp 0/0 n_index 0/0 attn_kv max=8.9407e-08 rms=2.25363e-09 attn_score max=1.19209e-07 rms=nan index_kv max=0 rms=0 index_score max=0 rms=0 raw max=0 rms=0 rows=4
ds4: dspark batch state audit hybrid-vs-exact layer=13 n_comp 0/0 n_index 0/0 attn_kv max=1.19209e-07 rms=2.51459e-09 attn_score max=1.78814e-07 rms=nan index_kv max=0 rms=0 index_score max=0 rms=0 raw max=0 rms=0 rows=4
ds4: dspark batch state audit hybrid-vs-exact layer=15 n_comp 0/0 n_index 0/0 attn_kv max=1.2666e-07 rms=3.27052e-09 attn_score max=3.27826e-07 rms=nan index_kv max=0 rms=0 index_score max=0 rms=0 raw max=0 rms=0 rows=4
ds4: dspark batch state audit hybrid-vs-exact layer=17 n_comp 0/0 n_index 0/0 attn_kv max=1.78814e-07 rms=6.55554e-09 attn_score max=3.57628e-07 rms=nan index_kv max=0 rms=0 index_score max=0 rms=0 raw max=0 rms=0 rows=4
ds4: dspark batch state audit hybrid-vs-exact layer=19 n_comp 0/0 n_index 0/0 attn_kv max=1.19209e-07 rms=2.131e-09 attn_score max=1.78814e-07 rms=nan index_kv max=0 rms=0 index_score max=0 rms=0 raw max=0 rms=0 rows=4
ds4: dspark batch state audit hybrid-vs-exact layer=21 n_comp 0/0 n_index 0/0 attn_kv max=5.96046e-08 rms=2.62237e-09 attn_score max=1.78814e-07 rms=nan index_kv max=0 rms=0 index_score max=0 rms=0 raw max=0 rms=0 rows=4
ds4: dspark batch state audit hybrid-vs-exact layer=23 n_comp 0/0 n_index 0/0 attn_kv max=1.78814e-07 rms=5.98763e-09 attn_score max=4.76837e-07 rms=nan index_kv max=0 rms=0 index_score max=0 rms=0 raw max=0 rms=0 rows=4
ds4: dspark batch state audit hybrid-vs-exact layer=25 n_comp 0/0 n_index 0/0 attn_kv max=5.96046e-08 rms=1.68922e-09 attn_score max=1.19209e-07 rms=nan index_kv max=0 rms=0 index_score max=0 rms=0 raw max=0 rms=0 rows=4
ds4: dspark batch state audit hybrid-vs-exact layer=27 n_comp 0/0 n_index 0/0 attn_kv max=7.45058e-08 rms=2.84646e-09 attn_score max=2.38419e-07 rms=nan index_kv max=0 rms=0 index_score max=0 rms=0 raw max=0 rms=0 rows=4
ds4: dspark batch state audit hybrid-vs-exact layer=29 n_comp 0/0 n_index 0/0 attn_kv max=8.9407e-08 rms=2.39819e-09 attn_score max=2.38419e-07 rms=nan index_kv max=0 rms=0 index_score max=0 rms=0 raw max=0 rms=0 rows=4
ds4: dspark batch state audit hybrid-vs-exact layer=31 n_comp 0/0 n_index 0/0 attn_kv max=5.96046e-08 rms=2.54813e-09 attn_score max=1.3411e-07 rms=nan index_kv max=0 rms=0 index_score max=0 rms=0 raw max=0 rms=0 rows=4
ds4: dspark batch state audit hybrid-vs-exact layer=33 n_comp 0/0 n_index 0/0 attn_kv max=1.78814e-07 rms=2.80199e-09 attn_score max=1.78814e-07 rms=nan index_kv max=0 rms=0 index_score max=0 rms=0 raw max=0 rms=0 rows=4
ds4: dspark batch state audit hybrid-vs-exact layer=35 n_comp 0/0 n_index 0/0 attn_kv max=1.30385e-07 rms=3.96533e-09 attn_score max=2.38419e-07 rms=nan index_kv max=0 rms=0 index_score max=0 rms=0 raw max=0 rms=0 rows=4
ds4: dspark batch state audit hybrid-vs-exact layer=37 n_comp 0/0 n_index 0/0 attn_kv max=8.9407e-08 rms=1.54516e-09 attn_score max=2.08616e-07 rms=nan index_kv max=0 rms=0 index_score max=0 rms=0 raw max=0 rms=0 rows=4
ds4: dspark batch state audit hybrid-vs-exact layer=39 n_comp 0/0 n_index 0/0 attn_kv max=1.19209e-07 rms=3.2067e-09 attn_score max=3.57628e-07 rms=nan index_kv max=0 rms=0 index_score max=0 rms=0 raw max=0 rms=0 rows=4
ds4: dspark batch state audit hybrid-vs-exact layer=41 n_comp 0/0 n_index 0/0 attn_kv max=1.19209e-07 rms=2.65902e-09 attn_score max=4.76837e-07 rms=nan index_kv max=0 rms=0 index_score max=0 rms=0 raw max=0 rms=0 rows=4
ds4: dspark batch state audit hybrid-vs-exact summary eps=1e-08 mismatch_layers=20 first_stage=attn-kv first_layer=3 first_max=1.78814e-07 first_rms=3.09776e-09 max=4.76837e-07 final_hc_max=0 decode_hc_max=0 dspark_hidden max=0 rms=0 dspark_kv max=0 rms=0 raw_rows=4 mtp_n_raw 0/0
ds4: dspark hybrid audit prefix drafted=4 committed=2 state_count=2 prefix_slots=3
ds4: dspark hybrid layer attn-norm audit decodeN-attn-ffn-batch eps=1e-08 first=-1 row=0 idx=0 delta=0 h=0 e=0 max=0 rms=0 worst=-1 row=0 idx=0 worst_delta=0 h=0 e=0 worst_rms=0 layers=43 rows=4
ds4: dspark hybrid layer q-rope audit decodeN-attn-ffn-batch eps=1e-08 first=-1 row=0 idx=0 delta=0 h=0 e=0 max=0 rms=0 worst=-1 row=0 idx=0 worst_delta=0 h=0 e=0 worst_rms=0 layers=43 rows=4
ds4: dspark hybrid layer kv-cache-row audit decodeN-attn-ffn-batch eps=1e-08 first=-1 row=0 idx=0 delta=0 h=0 e=0 max=0 rms=0 worst=-1 row=0 idx=0 worst_delta=0 h=0 e=0 worst_rms=0 layers=43 rows=4
ds4: dspark hybrid layer attn-heads-raw audit decodeN-attn-ffn-batch eps=1e-08 first=-1 row=0 idx=0 delta=0 h=0 e=0 max=0 rms=0 worst=-1 row=0 idx=0 worst_delta=0 h=0 e=0 worst_rms=0 layers=43 rows=4
ds4: dspark hybrid layer attn-heads audit decodeN-attn-ffn-batch eps=1e-08 first=-1 row=0 idx=0 delta=0 h=0 e=0 max=0 rms=0 worst=-1 row=0 idx=0 worst_delta=0 h=0 e=0 worst_rms=0 layers=43 rows=4
ds4: dspark hybrid layer attn-out audit decodeN-attn-ffn-batch eps=1e-08 first=-1 row=0 idx=0 delta=0 h=0 e=0 max=0 rms=0 worst=-1 row=0 idx=0 worst_delta=0 h=0 e=0 worst_rms=0 layers=43 rows=4
ds4: dspark hybrid layer attn-HC audit decodeN-attn-ffn-batch eps=1e-08 first=-1 row=0 idx=0 delta=0 h=0 e=0 max=0 rms=0 worst=-1 row=0 idx=0 worst_delta=0 h=0 e=0 worst_rms=0 layers=43 rows=4
ds4: dspark hybrid layer ffn-pre audit decodeN-attn-ffn-batch eps=1e-08 first=-1 row=0 idx=0 delta=0 h=0 e=0 max=0 rms=0 worst=-1 row=0 idx=0 worst_delta=0 h=0 e=0 worst_rms=0 layers=43 rows=4
ds4: dspark hybrid layer ffn-norm audit decodeN-attn-ffn-batch eps=1e-08 first=-1 row=0 idx=0 delta=0 h=0 e=0 max=0 rms=0 worst=-1 row=0 idx=0 worst_delta=0 h=0 e=0 worst_rms=0 layers=43 rows=4
ds4: dspark hybrid layer routed-out audit decodeN-attn-ffn-batch eps=1e-08 first=-1 row=0 idx=0 delta=0 h=0 e=0 max=0 rms=0 worst=-1 row=0 idx=0 worst_delta=0 h=0 e=0 worst_rms=0 layers=43 rows=4
ds4: dspark hybrid layer shared-out audit decodeN-attn-ffn-batch eps=1e-08 first=-1 row=0 idx=0 delta=0 h=0 e=0 max=0 rms=0 worst=-1 row=0 idx=0 worst_delta=0 h=0 e=0 worst_rms=0 layers=43 rows=4
ds4: dspark hybrid layer post-HC audit decodeN-attn-ffn-batch eps=1e-08 first=-1 row=0 idx=0 delta=0 h=0 e=0 max=0 rms=0 worst=-1 row=0 idx=0 worst_delta=0 h=0 e=0 worst_rms=0 layers=43 rows=4
ds4: dspark hybrid first divergence audit decodeN-attn-ffn-batch stage=clean
ds4: dspark hybrid audit commit logits top hybrid=270 exact=270 margin hybrid=0.063 exact=0.063 max=0 rms=0
ds4: dspark batch state audit hybrid-vs-exact layer=3 n_comp 0/0 n_index 0/0 attn_kv max=1.19209e-07 rms=3.33334e-09 attn_score max=4.76837e-07 rms=nan index_kv max=0 rms=0 index_score max=0 rms=0 raw max=0 rms=0 rows=4
ds4: dspark batch state audit hybrid-vs-exact layer=5 n_comp 0/0 n_index 0/0 attn_kv max=8.9407e-08 rms=1.8283e-09 attn_score max=1.19209e-07 rms=nan index_kv max=0 rms=0 index_score max=0 rms=0 raw max=0 rms=0 rows=4
ds4: dspark batch state audit hybrid-vs-exact layer=7 n_comp 0/0 n_index 0/0 attn_kv max=5.96046e-08 rms=2.17739e-09 attn_score max=2.38419e-07 rms=nan index_kv max=0 rms=0 index_score max=0 rms=0 raw max=0 rms=0 rows=4
ds4: dspark batch state audit hybrid-vs-exact layer=9 n_comp 0/0 n_index 0/0 attn_kv max=1.19209e-07 rms=2.52062e-09 attn_score max=1.78814e-07 rms=nan index_kv max=0 rms=0 index_score max=0 rms=0 raw max=0 rms=0 rows=4
ds4: dspark batch state audit hybrid-vs-exact layer=11 n_comp 0/0 n_index 0/0 attn_kv max=1.19209e-07 rms=2.38214e-09 attn_score max=1.19209e-07 rms=nan index_kv max=0 rms=0 index_score max=0 rms=0 raw max=0 rms=0 rows=4
ds4: dspark batch state audit hybrid-vs-exact layer=13 n_comp 0/0 n_index 0/0 attn_kv max=1.78814e-07 rms=2.55788e-09 attn_score max=1.78814e-07 rms=nan index_kv max=0 rms=0 index_score max=0 rms=0 raw max=0 rms=0 rows=4
ds4: dspark batch state audit hybrid-vs-exact layer=15 n_comp 0/0 n_index 0/0 attn_kv max=1.19209e-07 rms=3.43634e-09 attn_score max=3.57628e-07 rms=nan index_kv max=0 rms=0 index_score max=0 rms=0 raw max=0 rms=0 rows=4
ds4: dspark batch state audit hybrid-vs-exact layer=17 n_comp 0/0 n_index 0/0 attn_kv max=1.49012e-07 rms=6.322e-09 attn_score max=4.76837e-07 rms=nan index_kv max=0 rms=0 index_score max=0 rms=0 raw max=0 rms=0 rows=4
ds4: dspark batch state audit hybrid-vs-exact layer=19 n_comp 0/0 n_index 0/0 attn_kv max=1.19209e-07 rms=2.20341e-09 attn_score max=2.38419e-07 rms=nan index_kv max=0 rms=0 index_score max=0 rms=0 raw max=0 rms=0 rows=4
ds4: dspark batch state audit hybrid-vs-exact layer=21 n_comp 0/0 n_index 0/0 attn_kv max=6.70552e-08 rms=2.74623e-09 attn_score max=1.78814e-07 rms=nan index_kv max=0 rms=0 index_score max=0 rms=0 raw max=0 rms=0 rows=4
ds4: dspark batch state audit hybrid-vs-exact layer=23 n_comp 0/0 n_index 0/0 attn_kv max=2.38419e-07 rms=5.58819e-09 attn_score max=2.98023e-07 rms=nan index_kv max=0 rms=0 index_score max=0 rms=0 raw max=0 rms=0 rows=4
ds4: dspark batch state audit hybrid-vs-exact layer=25 n_comp 0/0 n_index 0/0 attn_kv max=5.96046e-08 rms=1.78139e-09 attn_score max=2.38419e-07 rms=nan index_kv max=0 rms=0 index_score max=0 rms=0 raw max=0 rms=0 rows=4
ds4: dspark batch state audit hybrid-vs-exact layer=27 n_comp 0/0 n_index 0/0 attn_kv max=8.9407e-08 rms=3.00294e-09 attn_score max=3.57628e-07 rms=nan index_kv max=0 rms=0 index_score max=0 rms=0 raw max=0 rms=0 rows=4
ds4: dspark batch state audit hybrid-vs-exact layer=29 n_comp 0/0 n_index 0/0 attn_kv max=1.19209e-07 rms=2.56072e-09 attn_score max=2.5332e-07 rms=nan index_kv max=0 rms=0 index_score max=0 rms=0 raw max=0 rms=0 rows=4
ds4: dspark batch state audit hybrid-vs-exact layer=31 n_comp 0/0 n_index 0/0 attn_kv max=1.19209e-07 rms=2.75686e-09 attn_score max=1.49012e-07 rms=nan index_kv max=0 rms=0 index_score max=0 rms=0 raw max=0 rms=0 rows=4
ds4: dspark batch state audit hybrid-vs-exact layer=33 n_comp 0/0 n_index 0/0 attn_kv max=1.19209e-07 rms=3.01077e-09 attn_score max=1.78814e-07 rms=nan index_kv max=0 rms=0 index_score max=0 rms=0 raw max=0 rms=0 rows=4
ds4: dspark batch state audit hybrid-vs-exact layer=35 n_comp 0/0 n_index 0/0 attn_kv max=2.38419e-07 rms=3.99024e-09 attn_score max=2.38419e-07 rms=nan index_kv max=0 rms=0 index_score max=0 rms=0 raw max=0 rms=0 rows=4
ds4: dspark batch state audit hybrid-vs-exact layer=37 n_comp 0/0 n_index 0/0 attn_kv max=1.19209e-07 rms=1.58161e-09 attn_score max=2.38419e-07 rms=nan index_kv max=0 rms=0 index_score max=0 rms=0 raw max=0 rms=0 rows=4
ds4: dspark batch state audit hybrid-vs-exact layer=39 n_comp 0/0 n_index 0/0 attn_kv max=1.19209e-07 rms=3.31282e-09 attn_score max=3.57628e-07 rms=nan index_kv max=0 rms=0 index_score max=0 rms=0 raw max=0 rms=0 rows=4
ds4: dspark batch state audit hybrid-vs-exact layer=41 n_comp 0/0 n_index 0/0 attn_kv max=1.19209e-07 rms=2.79488e-09 attn_score max=4.76837e-07 rms=nan index_kv max=0 rms=0 index_score max=0 rms=0 raw max=0 rms=0 rows=4
ds4: dspark batch state audit hybrid-vs-exact summary eps=1e-08 mismatch_layers=20 first_stage=attn-kv first_layer=3 first_max=1.19209e-07 first_rms=3.33334e-09 max=4.76837e-07 final_hc_max=0 decode_hc_max=0 dspark_hidden max=0 rms=0 dspark_kv max=0 rms=0 raw_rows=4 mtp_n_raw 0/0
ds4: ----------------------------------------
ds4: prefill: 7.65 t/s, generation: 13.02 t/s (16 tokens in 1.229s)
ds4: dspark acceptance: 85.7% (12/14 draft tokens)
ds4: dspark acceptance by position: 1=4/4 2=4/4 3=2/3 4=2/3
ds4: dspark avg scheduled: 3.50 draft tokens/block (4 blocks)
ds4: Flash-MoE resident slot bank: resident-slots=11008/11008 (100.0%, avg=256.0/layer) installed=72.56 GiB
