ds4: detected DS4 sidecar package: -m /Users/anemll/Models/flash/dsv4-iq2xxs-expert-major/dense/model-dense.gguf, --moe-sidecar /Users/anemll/Models/flash/dsv4-iq2xxs-expert-major, --moe-mode slot-bank
ds4: applied sidecar tuning profile [Apple M5 Max] from ds4_profile.json (51 env defaults set, 0 kept from environment)
ds4: warning: raw KV cap limits Metal prefill chunk (prefill_chunk=4096, raw_kv_rows=4096, raw_window=128, effective_chunk=3968; target raw cap for one chunk is 4352, also requires ctx >= that value)
ds4: context buffers 429.99 MiB (ctx=4096, backend=metal, prefill_chunk=4096, raw_kv_rows=4096, compressed_kv_rows=1026)
ds4: Flash-MoE sidecar loaded: /Users/anemll/Models/flash/dsv4-iq2xxs-expert-major (slot-bank=256, expert-record 6.75 MiB)
ds4: Flash-MoE expert mmap cache: off; expert reads: pread
ds4: Metal device Apple M5 Max, 128.00 GiB RAM, GPU working-set budget 107.52 GiB (raise with: sudo sysctl iogpu.wired_limit_mb=<MB>)
ds4: drift-patch flags hc_stable=on norm_unify=on kv_raw_f32=off rope_exp2_log2=off math_safe=off tensor_matmul=off
ds4: MXFP4 native library (MSL 4.1): repack=ok selected-repack=ok selected-plane-copy=ok scale-plane matmul=ok selected-matmul=ok decode2=pair/sum6 batch-decode2=pair/sum6 batch-strided=pair/sum6 hybrid-down=sum6 chunked-decode2=pair/sum6
ds4: DS4_MXFP4_NATIVE=1: native MXFP4 available (MPP 4.1 scale-plane matmul2d)
ds4: DSpark resident expert cache: ranges=9 bytes=9.56 GiB (persistent; debug opt-out requires DS4_DSPARK_ALLOW_NONRESIDENT=1)
ds4: DSpark sidecar Metal residency requested: buffers=9 bytes=9.56 GiB
ds4: DSpark draft package loaded: /Users/anemll/Models/DSv4-Flash-DSpark-draft (block=5 verify=5 active=5 scheduler=static conf=0.000 noise=128799 target_layers=40,41,42 markov_rank=256 records=81 mapped=10.12 GiB)
ds4: DSpark draft records: F32=41 F16=6 FP8_E4M3=25 MXFP4_NATIVE=9
ds4: DSpark draft inference enabled: MPP 4.1 FP8/MXFP4 draft kernels, fused routed-MoE per draft layer, persistent resident experts, greedy Markov head, strict_v1 verifier
ds4: Flash-MoE using mmap-backed dense/shared weights without full-model Metal residency warmup
ds4: Metal model views created in 0.294 ms, residency requested in 0.000 ms, warmup 0.000 ms (mapped 8393.67 MiB from offset 5.06 MiB)
ds4: Metal mapped mmaped model as 1 overlapping shared buffers
ds4: metal backend initialized for graph diagnostics
ds4: prefill routed-MoE (requested): mul_mm_id (grouped GPU / ALU)  [grouped path]
ds4: prefill quant scales (ANE env first): w_qscale=512 x_qscale=32 mid_qscale=32 w_scale=0.00195312 x_scale=0.03125 mid_scale=0.03125
ds4: prefill ctx-grow: on, block=16384 tokens
ds4: prefill chunk cap: 16384, graph_raw_cap=auto
ds4: Flash-MoE resident mixed slot-bank load: layers=43 slots=256 bytes=72.56 GiB (one dot per layer)
ds4: Flash-MoE resident prepare: ........................................... 72.56/72.56 GiB (43 layers)
ds4: Flash-MoE resident preload: ........................................... 72.56/72.56 GiB (43 layers)
ds4: Flash-MoE preloaded mixed slot bank: layers=43 slots=256 identity-mapped experts=256
ds4: Flash-MoE slot-bank Metal residency requested: buffers=43 bytes=72.56 GiB
ds4: Flash-MoE slot-bank pages touched: buffers=43 bytes=72.56 GiB
ds4: Flash-MoE slot banks allocated: layers=43 slots=256 gpu-bank=72.6GB Dense: 8.2GB Context: 0.4GB Total <<<< 81.2GB >>>>
ds4: Flash-MoE slot bank layout: mixed expert-major
ds4: warning: very large Flash-MoE slot bank can collapse decode throughput (slots=256, gpu-bank=72.56 GiB). The wired bank competes with the OS file cache that serves decode-miss reads of the sidecar; when the sidecar is larger than RAM, smaller banks decode faster. Compare --moe-slot-bank 32/48/64 or use --ssd-cache auto.
ds4: prefill compute: routed experts = ANE i8i8 (W8A8) | dense proj = Q8 direct-RHS NAX; K-quant dense = fused mul_mm_id batch
ds4: prefill I/O: io-split=4 async-pread=on pread-threads=4 readahead=12 bank-prefetch=3 slot-cache-topk=0 xlayer=auto<=6k-tok topk=128
ds4: decode  I/O: io-split=4 router-prefetch=off scratch-prefetch=off max-loads=0 layer-stride=1 miss-direct-slot-pread=on prefetch-direct-slot-pread=off did-modify=on shared-down=on reset-after-prefill=off realloc-after-prefill=off restore-after-prefill=off resident=slot-bank slots=256
ds4: Flash-MoE banked kernels using M5 simdgroup_matrix fast path (prefetch=3, banks=4)
ds4: WARNING: prefill chunk 4096 clamped to 3968 by raw-KV cap (raw_cap=4096, window=128). Set DS4_METAL_GRAPH_RAW_CAP >= 4224 (window + chunk) — or unset it to auto-size — to honor the chunk.
ds4: prefill chunk cap EFFECTIVE=3968 tokens (DS4_METAL_PREFILL_CHUNK=16384), CLAMPED by raw-KV-cap (ctx-grow) (resident-NAX tiles this by scratch_cap; that tile gates the sync bridge)
processing 19 input tokens: 0/19 (0.0%) batch=0.00 t/s avg=0.00 t/s
ds4: ANE i8w-i8x-tiled-fused cached async prefill B=256 H=4096 I=2048 w_scale=0.00195312 x_scale=0.03125 mid_scale=0.03125
processing 19 input tokens: 0/19 (0.0%) batch=0.00 t/s avg=0.00 t/s
processing 19 input tokens: 0/19 (0.0%) batch=0.00 t/s avg=0.00 t/s
processing 19 input tokens: 1/19 (5.3%) batch=29.71 t/s avg=0.44 t/s
processing 19 input tokens: 1/19 (5.3%) batch=0.00 t/s avg=0.44 t/s
processing 19 input tokens: 2/19 (10.5%) batch=51.98 t/s avg=0.86 t/s
processing 19 input tokens: 2/19 (10.5%) batch=0.00 t/s avg=0.86 t/s
processing 19 input tokens: 3/19 (15.8%) batch=50.20 t/s avg=1.27 t/s
processing 19 input tokens: 3/19 (15.8%) batch=0.00 t/s avg=1.26 t/s
processing 19 input tokens: 3/19 (15.8%) batch=0.00 t/s avg=1.25 t/s
processing 19 input tokens: 4/19 (21.1%) batch=46.79 t/s avg=1.65 t/s
processing 19 input tokens: 4/19 (21.1%) batch=0.00 t/s avg=1.64 t/s
processing 19 input tokens: 5/19 (26.3%) batch=47.61 t/s avg=2.03 t/s
processing 19 input tokens: 5/19 (26.3%) batch=0.00 t/s avg=2.02 t/s
processing 19 input tokens: 6/19 (31.6%) batch=51.93 t/s avg=2.40 t/s
processing 19 input tokens: 6/19 (31.6%) batch=0.00 t/s avg=2.38 t/s
processing 19 input tokens: 7/19 (36.8%) batch=55.15 t/s avg=2.76 t/s
processing 19 input tokens: 7/19 (36.8%) batch=0.00 t/s avg=2.74 t/s
processing 19 input tokens: 7/19 (36.8%) batch=0.00 t/s avg=2.72 t/s
processing 19 input tokens: 8/19 (42.1%) batch=51.66 t/s avg=3.09 t/s
processing 19 input tokens: 8/19 (42.1%) batch=0.00 t/s avg=3.06 t/s
processing 19 input tokens: 9/19 (47.4%) batch=53.86 t/s avg=3.42 t/s
processing 19 input tokens: 9/19 (47.4%) batch=0.00 t/s avg=3.39 t/s
processing 19 input tokens: 10/19 (52.6%) batch=49.11 t/s avg=3.74 t/s
processing 19 input tokens: 10/19 (52.6%) batch=0.00 t/s avg=3.71 t/s
processing 19 input tokens: 11/19 (57.9%) batch=55.59 t/s avg=4.05 t/s
processing 19 input tokens: 11/19 (57.9%) batch=0.00 t/s avg=4.03 t/s
processing 19 input tokens: 11/19 (57.9%) batch=0.00 t/s avg=4.00 t/s
processing 19 input tokens: 12/19 (63.2%) batch=49.86 t/s avg=4.33 t/s
processing 19 input tokens: 12/19 (63.2%) batch=0.00 t/s avg=4.30 t/s
processing 19 input tokens: 13/19 (68.4%) batch=48.01 t/s avg=4.63 t/s
processing 19 input tokens: 13/19 (68.4%) batch=0.00 t/s avg=4.59 t/s
processing 19 input tokens: 14/19 (73.7%) batch=51.21 t/s avg=4.91 t/s
processing 19 input tokens: 14/19 (73.7%) batch=0.00 t/s avg=4.88 t/s
processing 19 input tokens: 15/19 (78.9%) batch=51.39 t/s avg=5.20 t/s
processing 19 input tokens: 15/19 (78.9%) batch=0.00 t/s avg=5.16 t/s
processing 19 input tokens: 15/19 (78.9%) batch=0.00 t/s avg=5.12 t/s
processing 19 input tokens: 16/19 (84.2%) batch=49.22 t/s avg=5.43 t/s
processing 19 input tokens: 16/19 (84.2%) batch=0.00 t/s avg=5.39 t/s
processing 19 input tokens: 17/19 (89.5%) batch=49.74 t/s avg=5.69 t/s
processing 19 input tokens: 17/19 (89.5%) batch=0.00 t/s avg=5.65 t/s
processing 19 input tokens: 18/19 (94.7%) batch=48.60 t/s avg=5.94 t/s
processing 19 input tokens: 18/19 (94.7%) batch=0.00 t/s avg=5.90 t/s
processing 19 input tokens: 19/19 (100.0%) batch=43.11 t/s avg=6.18 t/s
ds4: prefill full: 19 tokens in 3077.2 ms (6.2 t/s)
ds4: dspark draft FP8 rows5 kernel enabled
ds4: [mxfp4-native] two-dispatch plane decode arm engaged (dspark-strided, experts=6)
ds4: DSpark draft warmup: cap=5 rows=5 in 188.6 ms (paid before decode timer)
ds4: Flash-MoE mixed resident bank using fused GPU-selected decode path (slot id == expert id)
ds4: dspark verifier strict_v1 active=5 prefixN=1
ds4: dspark verifier Q8 rows5 shared-exact kernel enabled
ds4: dspark verifier microbatch KV FP8/raw-store rows enabled
ds4: dspark hybrid FFN-pre verifier using exact F16 rows path
ds4: dspark hybrid row-router verifier using exact F16 logits rows path
ds4: dspark hybrid row-router verifier using exact selector rows path
ds4: routed MoE exact ordered expert-sum kernel enabled
ds4: dspark hybrid row-routed verifier using row-exact tiny batch path
ds4: dspark hybrid shared verifier using exact fused rows path
ds4: dspark hybrid attention verifier using exact F16 compressor rows path
ds4: dspark hybrid attention verifier using exact F16 indexer-compressor rows path
ds4: dspark hybrid verifier deferring plain attention heads to batch call
ds4: dspark hybrid verifier using rows-exact flash attention heads
ds4: dspark verifier using experimental shared-row mixed attention exact kernel
ds4: mixed-shared-attn compare layer=2 pos=20 rows=5 max=5.94189 rms=0.520231 first_row=0 first_idx=0 first_delta=0.0623459 cand=0 ref=0.0623459 worst_row=0 worst_idx=1496 worst_delta=5.94189 cand=0 ref=5.94189
ds4: shared-row mixed attention declined; falling back to rows-exact heads
ds4: mixed-shared-attn compare layer=4 pos=20 rows=5 max=5.94189 rms=0.520231 first_row=0 first_idx=0 first_delta=0.0623459 cand=0 ref=0.0623459 worst_row=0 worst_idx=1496 worst_delta=5.94189 cand=0 ref=5.94189
ds4: mixed-shared-attn compare layer=6 pos=20 rows=5 max=5.94189 rms=0.520231 first_row=0 first_idx=0 first_delta=0.0623459 cand=0 ref=0.0623459 worst_row=0 worst_idx=1496 worst_delta=5.94189 cand=0 ref=5.94189
ds4: mixed-shared-attn compare layer=8 pos=20 rows=5 max=5.94189 rms=0.520231 first_row=0 first_idx=0 first_delta=0.0623459 cand=0 ref=0.0623459 worst_row=0 worst_idx=1496 worst_delta=5.94189 cand=0 ref=5.94189
ds4: mixed-shared-attn compare layer=10 pos=20 rows=5 max=5.94189 rms=0.520231 first_row=0 first_idx=0 first_delta=0.0623459 cand=0 ref=0.0623459 worst_row=0 worst_idx=1496 worst_delta=5.94189 cand=0 ref=5.94189
ds4: mixed-shared-attn compare layer=12 pos=20 rows=5 max=5.94189 rms=0.520231 first_row=0 first_idx=0 first_delta=0.0623459 cand=0 ref=0.0623459 worst_row=0 worst_idx=1496 worst_delta=5.94189 cand=0 ref=5.94189
ds4: mixed-shared-attn compare layer=14 pos=20 rows=5 max=5.94189 rms=0.520231 first_row=0 first_idx=0 first_delta=0.0623459 cand=0 ref=0.0623459 worst_row=0 worst_idx=1496 worst_delta=5.94189 cand=0 ref=5.94189
ds4: mixed-shared-attn compare layer=16 pos=20 rows=5 max=5.94189 rms=0.520231 first_row=0 first_idx=0 first_delta=0.0623459 cand=0 ref=0.0623459 worst_row=0 worst_idx=1496 worst_delta=5.94189 cand=0 ref=5.94189
ds4: mixed-shared-attn compare layer=18 pos=20 rows=5 max=5.94189 rms=0.520231 first_row=0 first_idx=0 first_delta=0.0623459 cand=0 ref=0.0623459 worst_row=0 worst_idx=1496 worst_delta=5.94189 cand=0 ref=5.94189
ds4: mixed-shared-attn compare layer=20 pos=20 rows=5 max=5.94189 rms=0.520231 first_row=0 first_idx=0 first_delta=0.0623459 cand=0 ref=0.0623459 worst_row=0 worst_idx=1496 worst_delta=5.94189 cand=0 ref=5.94189
ds4: mixed-shared-attn compare layer=22 pos=20 rows=5 max=5.94189 rms=0.520231 first_row=0 first_idx=0 first_delta=0.0623459 cand=0 ref=0.0623459 worst_row=0 worst_idx=1496 worst_delta=5.94189 cand=0 ref=5.94189
ds4: mixed-shared-attn compare layer=24 pos=20 rows=5 max=5.94189 rms=0.520231 first_row=0 first_idx=0 first_delta=0.0623459 cand=0 ref=0.0623459 worst_row=0 worst_idx=1496 worst_delta=5.94189 cand=0 ref=5.94189
ds4: mixed-shared-attn compare layer=26 pos=20 rows=5 max=5.94189 rms=0.520231 first_row=0 first_idx=0 first_delta=0.0623459 cand=0 ref=0.0623459 worst_row=0 worst_idx=1496 worst_delta=5.94189 cand=0 ref=5.94189
ds4: mixed-shared-attn compare layer=28 pos=20 rows=5 max=5.94189 rms=0.520231 first_row=0 first_idx=0 first_delta=0.0623459 cand=0 ref=0.0623459 worst_row=0 worst_idx=1496 worst_delta=5.94189 cand=0 ref=5.94189
ds4: mixed-shared-attn compare layer=30 pos=20 rows=5 max=5.94189 rms=0.520231 first_row=0 first_idx=0 first_delta=0.0623459 cand=0 ref=0.0623459 worst_row=0 worst_idx=1496 worst_delta=5.94189 cand=0 ref=5.94189
ds4: mixed-shared-attn compare layer=32 pos=20 rows=5 max=5.94189 rms=0.520231 first_row=0 first_idx=0 first_delta=0.0623459 cand=0 ref=0.0623459 worst_row=0 worst_idx=1496 worst_delta=5.94189 cand=0 ref=5.94189
ds4: mixed-shared-attn compare layer=34 pos=20 rows=5 max=5.94189 rms=0.520231 first_row=0 first_idx=0 first_delta=0.0623459 cand=0 ref=0.0623459 worst_row=0 worst_idx=1496 worst_delta=5.94189 cand=0 ref=5.94189
ds4: mixed-shared-attn compare layer=36 pos=20 rows=5 max=5.94189 rms=0.520231 first_row=0 first_idx=0 first_delta=0.0623459 cand=0 ref=0.0623459 worst_row=0 worst_idx=1496 worst_delta=5.94189 cand=0 ref=5.94189
ds4: mixed-shared-attn compare layer=38 pos=20 rows=5 max=5.94189 rms=0.520231 first_row=0 first_idx=0 first_delta=0.0623459 cand=0 ref=0.0623459 worst_row=0 worst_idx=1496 worst_delta=5.94189 cand=0 ref=5.94189
ds4: mixed-shared-attn compare layer=40 pos=20 rows=5 max=5.94189 rms=0.520231 first_row=0 first_idx=0 first_delta=0.0623459 cand=0 ref=0.0623459 worst_row=0 worst_idx=1496 worst_delta=5.94189 cand=0 ref=5.94189
ds4: mixed-shared-attn compare layer=42 pos=20 rows=5 max=5.94189 rms=0.520231 first_row=0 first_idx=0 first_delta=0.0623459 cand=0 ref=0.0623459 worst_row=0 worst_idx=1496 worst_delta=5.94189 cand=0 ref=5.94189
ds4: mixed-shared-attn compare layer=2 pos=25 rows=5 max=6.38261 rms=0.750429 first_row=0 first_idx=0 first_delta=0.467394 cand=0.106846 ref=-0.360548 worst_row=2 worst_idx=29126 worst_delta=6.38261 cand=-0.895529 ref=5.48708
ds4: mixed-shared-attn compare layer=4 pos=25 rows=5 max=6.38261 rms=0.750429 first_row=0 first_idx=0 first_delta=0.467394 cand=0.106846 ref=-0.360548 worst_row=2 worst_idx=29126 worst_delta=6.38261 cand=-0.895529 ref=5.48708
ds4: mixed-shared-attn compare layer=6 pos=25 rows=5 max=6.38261 rms=0.750429 first_row=0 first_idx=0 first_delta=0.467394 cand=0.106846 ref=-0.360548 worst_row=2 worst_idx=29126 worst_delta=6.38261 cand=-0.895529 ref=5.48708
ds4: ----------------------------------------
ds4: prefill: 5.77 t/s, generation: 35.63 t/s (64 tokens in 1.796s)
ds4: dspark perf: draft=278.1 tok/s, verify=65.2 proposed tok/s, verify-accepted=45.7 tok/s, block=90.18 ms (draft=16.78 verify=71.56 overhead=1.85 commit=1.34, tau=4.27, blocks=15)
ds4: vm pressure: app=87.48 GiB resident=24.66 GiB wired=100.18 GiB compressed=1.68 GiB logical=3.08 GiB swap=2.49/3.00 GiB pressure=88% free=0.14 GiB gpu=87.40 GiB gpu-compressed=0.00 GiB task-compressed=67.11 GiB decompressions=6585307
ds4: dspark acceptance: 70.0% (49/70 draft tokens)
ds4: dspark acceptance by position: 1=13/15 2=11/14 3=10/14 4=8/14 5=7/13
ds4: dspark avg scheduled: 4.67 draft tokens/block (15 blocks)
ds4: Flash-MoE resident slot bank: resident-slots=11008/11008 (100.0%, avg=256.0/layer) installed=72.56 GiB
