ds4: detected DS4 sidecar package: -m /Users/anemll/Models/flash/dsv4-iq2xxs-expert-major/dense/model-dense.gguf, --moe-sidecar /Users/anemll/Models/flash/dsv4-iq2xxs-expert-major, --moe-mode slot-bank
ds4: applied sidecar tuning profile [Apple M5 Max] from ds4_profile.json (51 env defaults set, 0 kept from environment)
ds4: warning: raw KV cap limits Metal prefill chunk (prefill_chunk=4096, raw_kv_rows=4096, raw_window=128, effective_chunk=3968; target raw cap for one chunk is 4352, also requires ctx >= that value)
ds4: context buffers 429.99 MiB (ctx=4096, backend=metal, prefill_chunk=4096, raw_kv_rows=4096, compressed_kv_rows=1026)
ds4: Flash-MoE sidecar loaded: /Users/anemll/Models/flash/dsv4-iq2xxs-expert-major (slot-bank=256, expert-record 6.75 MiB)
ds4: Flash-MoE expert mmap cache: off; expert reads: pread
ds4: Metal device Apple M5 Max, 128.00 GiB RAM, GPU working-set budget 107.52 GiB (raise with: sudo sysctl iogpu.wired_limit_mb=<MB>)
ds4: drift-patch flags hc_stable=on norm_unify=on kv_raw_f32=off rope_exp2_log2=off math_safe=off tensor_matmul=off
ds4: MXFP4 native library (MSL 4.1): repack=ok selected-repack=ok selected-plane-copy=ok scale-plane matmul=ok selected-matmul=ok decode2=pair/sum6 batch-decode2=pair/sum6 batch-strided=pair/sum6 hybrid-down=sum6 chunked-decode2=pair/sum6
ds4: DS4_MXFP4_NATIVE=1: native MXFP4 available (MPP 4.1 scale-plane matmul2d)
ds4: DSpark resident expert cache: ranges=9 bytes=9.56 GiB (persistent; debug opt-out requires DS4_DSPARK_ALLOW_NONRESIDENT=1)
ds4: DSpark sidecar Metal residency requested: buffers=9 bytes=9.56 GiB
ds4: DSpark draft package loaded: /Users/anemll/Models/DSv4-Flash-DSpark-draft (block=5 verify=5 scheduler=static conf=0.000 noise=128799 target_layers=40,41,42 markov_rank=256 records=81 mapped=10.12 GiB)
ds4: DSpark draft records: F32=41 F16=6 FP8_E4M3=25 MXFP4_NATIVE=9
ds4: DSpark draft inference enabled: MPP 4.1 FP8/MXFP4 draft kernels, fused routed-MoE per draft layer, persistent resident experts, greedy Markov head, exact verifier v1
ds4: Flash-MoE using mmap-backed dense/shared weights without full-model Metal residency warmup
ds4: Metal model views created in 0.269 ms, residency requested in 0.000 ms, warmup 0.000 ms (mapped 8393.67 MiB from offset 5.06 MiB)
ds4: Metal mapped mmaped model as 1 overlapping shared buffers
ds4: metal backend initialized for graph diagnostics
ds4: prefill routed-MoE (requested): mul_mm_id (grouped GPU / ALU)  [grouped path]
ds4: prefill quant scales (ANE env first): w_qscale=512 x_qscale=32 mid_qscale=32 w_scale=0.00195312 x_scale=0.03125 mid_scale=0.03125
ds4: prefill ctx-grow: on, block=16384 tokens
ds4: prefill chunk cap: 16384, graph_raw_cap=auto
ds4: Flash-MoE resident mixed slot-bank load: layers=43 slots=256 bytes=72.56 GiB (one dot per layer)
ds4: Flash-MoE resident prepare: ........................................... 72.56/72.56 GiB (43 layers)
ds4: Flash-MoE resident preload: ........................................... 72.56/72.56 GiB (43 layers)
ds4: Flash-MoE preloaded mixed slot bank: layers=43 slots=256 identity-mapped experts=256
ds4: Flash-MoE slot-bank Metal residency requested: buffers=43 bytes=72.56 GiB
ds4: Flash-MoE slot-bank pages touched: buffers=43 bytes=72.56 GiB
ds4: Flash-MoE slot banks allocated: layers=43 slots=256 gpu-bank=72.6GB Dense: 8.2GB Context: 0.4GB Total <<<< 81.2GB >>>>
ds4: Flash-MoE slot bank layout: mixed expert-major
ds4: warning: very large Flash-MoE slot bank can collapse decode throughput (slots=256, gpu-bank=72.56 GiB). The wired bank competes with the OS file cache that serves decode-miss reads of the sidecar; when the sidecar is larger than RAM, smaller banks decode faster. Compare --moe-slot-bank 32/48/64 or use --ssd-cache auto.
ds4: prefill compute: routed experts = ANE i8i8 (W8A8) | dense proj = Q8 direct-RHS NAX; K-quant dense = fused mul_mm_id batch
ds4: prefill I/O: io-split=4 async-pread=on pread-threads=4 readahead=12 bank-prefetch=3 slot-cache-topk=0 xlayer=auto<=6k-tok topk=128
ds4: decode  I/O: io-split=4 router-prefetch=off scratch-prefetch=off max-loads=0 layer-stride=1 miss-direct-slot-pread=on prefetch-direct-slot-pread=off did-modify=on shared-down=on reset-after-prefill=off realloc-after-prefill=off restore-after-prefill=off resident=slot-bank slots=256
ds4: Flash-MoE banked kernels using M5 simdgroup_matrix fast path (prefetch=3, banks=4)
ds4: WARNING: prefill chunk 4096 clamped to 3968 by raw-KV cap (raw_cap=4096, window=128). Set DS4_METAL_GRAPH_RAW_CAP >= 4224 (window + chunk) — or unset it to auto-size — to honor the chunk.
ds4: prefill chunk cap EFFECTIVE=3968 tokens (DS4_METAL_PREFILL_CHUNK=16384), CLAMPED by raw-KV-cap (ctx-grow) (resident-NAX tiles this by scratch_cap; that tile gates the sync bridge)
processing 19 input tokens: 0/19 (0.0%) batch=0.00 t/s avg=0.00 t/s
ds4: ANE i8w-i8x-tiled-fused cached async prefill B=256 H=4096 I=2048 w_scale=0.00195312 x_scale=0.03125 mid_scale=0.03125
processing 19 input tokens: 0/19 (0.0%) batch=0.00 t/s avg=0.00 t/s
processing 19 input tokens: 0/19 (0.0%) batch=0.00 t/s avg=0.00 t/s
processing 19 input tokens: 1/19 (5.3%) batch=28.04 t/s avg=0.58 t/s
processing 19 input tokens: 1/19 (5.3%) batch=0.00 t/s avg=0.57 t/s
processing 19 input tokens: 2/19 (10.5%) batch=54.21 t/s avg=1.14 t/s
processing 19 input tokens: 2/19 (10.5%) batch=0.00 t/s avg=1.13 t/s
processing 19 input tokens: 3/19 (15.8%) batch=53.36 t/s avg=1.67 t/s
processing 19 input tokens: 3/19 (15.8%) batch=0.00 t/s avg=1.65 t/s
processing 19 input tokens: 3/19 (15.8%) batch=0.00 t/s avg=1.64 t/s
processing 19 input tokens: 4/19 (21.1%) batch=48.50 t/s avg=2.16 t/s
processing 19 input tokens: 4/19 (21.1%) batch=0.00 t/s avg=2.13 t/s
processing 19 input tokens: 5/19 (26.3%) batch=49.95 t/s avg=2.64 t/s
processing 19 input tokens: 5/19 (26.3%) batch=0.00 t/s avg=2.61 t/s
processing 19 input tokens: 6/19 (31.6%) batch=54.90 t/s avg=3.11 t/s
processing 19 input tokens: 6/19 (31.6%) batch=0.00 t/s avg=3.08 t/s
processing 19 input tokens: 7/19 (36.8%) batch=57.31 t/s avg=3.56 t/s
processing 19 input tokens: 7/19 (36.8%) batch=0.00 t/s avg=3.53 t/s
processing 19 input tokens: 7/19 (36.8%) batch=0.00 t/s avg=3.50 t/s
processing 19 input tokens: 8/19 (42.1%) batch=56.24 t/s avg=3.97 t/s
processing 19 input tokens: 8/19 (42.1%) batch=0.00 t/s avg=3.92 t/s
processing 19 input tokens: 9/19 (47.4%) batch=56.58 t/s avg=4.37 t/s
processing 19 input tokens: 9/19 (47.4%) batch=0.00 t/s avg=4.33 t/s
processing 19 input tokens: 10/19 (52.6%) batch=51.19 t/s avg=4.77 t/s
processing 19 input tokens: 10/19 (52.6%) batch=0.00 t/s avg=4.72 t/s
processing 19 input tokens: 11/19 (57.9%) batch=60.18 t/s avg=5.15 t/s
processing 19 input tokens: 11/19 (57.9%) batch=0.00 t/s avg=5.11 t/s
processing 19 input tokens: 11/19 (57.9%) batch=0.00 t/s avg=5.07 t/s
processing 19 input tokens: 12/19 (63.2%) batch=51.89 t/s avg=5.49 t/s
processing 19 input tokens: 12/19 (63.2%) batch=0.00 t/s avg=5.44 t/s
processing 19 input tokens: 13/19 (68.4%) batch=50.49 t/s avg=5.84 t/s
processing 19 input tokens: 13/19 (68.4%) batch=0.00 t/s avg=5.79 t/s
processing 19 input tokens: 14/19 (73.7%) batch=52.43 t/s avg=6.19 t/s
processing 19 input tokens: 14/19 (73.7%) batch=0.00 t/s avg=6.14 t/s
processing 19 input tokens: 15/19 (78.9%) batch=57.30 t/s avg=6.53 t/s
processing 19 input tokens: 15/19 (78.9%) batch=0.00 t/s avg=6.47 t/s
processing 19 input tokens: 15/19 (78.9%) batch=0.00 t/s avg=6.42 t/s
processing 19 input tokens: 16/19 (84.2%) batch=50.49 t/s avg=6.79 t/s
processing 19 input tokens: 16/19 (84.2%) batch=0.00 t/s avg=6.73 t/s
processing 19 input tokens: 17/19 (89.5%) batch=54.08 t/s avg=7.10 t/s
processing 19 input tokens: 17/19 (89.5%) batch=0.00 t/s avg=7.04 t/s
processing 19 input tokens: 18/19 (94.7%) batch=53.28 t/s avg=7.39 t/s
processing 19 input tokens: 18/19 (94.7%) batch=0.00 t/s avg=7.33 t/s
processing 19 input tokens: 19/19 (100.0%) batch=45.33 t/s avg=7.67 t/s
ds4: prefill full: 19 tokens in 2478.9 ms (7.7 t/s)
ds4: [mxfp4-native] two-dispatch plane decode arm engaged (dspark-strided, experts=6)
ds4: DSpark draft warmup: cap=5 rows=5 in 186.7 ms (paid before decode timer)
ds4: Flash-MoE mixed resident bank using fused GPU-selected decode path (slot id == expert id)
ds4: speculative sidecar verifier: resident slot-bank tiny batch path engaged (n_tokens<=5, slot id == expert id)
ds4: dspark timing batch-exact drafted=5 committed=4 replayed=4 draft=18.324 ms snapshot=0.838 ms verify=73.884 ms exact_replay=109.175 ms total=202.337 ms
ds4: dspark timing batch-exact drafted=5 committed=5 replayed=5 draft=19.124 ms snapshot=0.383 ms verify=73.586 ms exact_replay=134.843 ms total=228.029 ms
ds4: dspark timing batch-exact drafted=5 committed=3 replayed=3 draft=18.331 ms snapshot=0.395 ms verify=74.422 ms exact_replay=81.678 ms total=174.940 ms
ds4: dspark timing batch-exact drafted=5 committed=1 replayed=1 draft=18.332 ms snapshot=0.355 ms verify=72.416 ms exact_replay=28.434 ms total=119.622 ms
ds4: dspark timing batch-exact drafted=5 committed=3 replayed=3 draft=18.339 ms snapshot=0.376 ms verify=72.624 ms exact_replay=82.064 ms total=173.466 ms
ds4: dspark timing batch-exact drafted=5 committed=5 replayed=5 draft=18.376 ms snapshot=0.438 ms verify=73.574 ms exact_replay=134.988 ms total=227.491 ms
ds4: dspark timing batch-exact drafted=5 committed=5 replayed=5 draft=18.565 ms snapshot=0.354 ms verify=72.392 ms exact_replay=135.269 ms total=226.688 ms
ds4: dspark timing batch-exact drafted=5 committed=5 replayed=5 draft=18.949 ms snapshot=0.372 ms verify=77.341 ms exact_replay=140.839 ms total=237.583 ms
ds4: dspark timing batch-exact drafted=5 committed=5 replayed=5 draft=19.751 ms snapshot=0.451 ms verify=75.675 ms exact_replay=138.389 ms total=234.338 ms
ds4: dspark timing batch-exact drafted=5 committed=5 replayed=5 draft=19.151 ms snapshot=0.446 ms verify=76.794 ms exact_replay=140.867 ms total=237.394 ms
ds4: dspark timing batch-exact drafted=5 committed=5 replayed=5 draft=18.345 ms snapshot=0.353 ms verify=73.128 ms exact_replay=135.905 ms total=227.841 ms
ds4: dspark timing batch-exact drafted=5 committed=2 replayed=2 draft=18.447 ms snapshot=0.367 ms verify=75.280 ms exact_replay=55.754 ms total=149.940 ms
ds4: dspark timing batch-exact drafted=5 committed=4 replayed=4 draft=18.349 ms snapshot=0.381 ms verify=73.799 ms exact_replay=109.412 ms total=202.031 ms
ds4: dspark timing batch-exact drafted=5 committed=5 replayed=5 draft=18.440 ms snapshot=0.369 ms verify=73.791 ms exact_replay=136.178 ms total=228.862 ms
ds4: dspark timing batch-exact drafted=5 committed=5 replayed=5 draft=18.480 ms snapshot=0.386 ms verify=73.833 ms exact_replay=134.010 ms total=226.813 ms
ds4: dspark timing batch-exact drafted=5 committed=5 replayed=5 draft=18.535 ms snapshot=0.363 ms verify=75.324 ms exact_replay=134.166 ms total=228.453 ms
ds4: dspark timing batch-exact drafted=5 committed=5 replayed=5 draft=18.481 ms snapshot=0.368 ms verify=75.305 ms exact_replay=136.807 ms total=231.033 ms
ds4: dspark timing batch-exact drafted=5 committed=4 replayed=4 draft=19.268 ms snapshot=0.372 ms verify=72.924 ms exact_replay=109.475 ms total=202.109 ms
ds4: dspark timing batch-exact drafted=5 committed=4 replayed=4 draft=18.522 ms snapshot=0.369 ms verify=73.437 ms exact_replay=108.023 ms total=200.438 ms
ds4: dspark timing batch-exact drafted=5 committed=5 replayed=5 draft=18.473 ms snapshot=0.397 ms verify=76.734 ms exact_replay=136.463 ms total=232.180 ms
ds4: dspark timing batch-exact drafted=5 committed=5 replayed=5 draft=18.557 ms snapshot=0.380 ms verify=74.196 ms exact_replay=136.286 ms total=229.508 ms
ds4: dspark timing batch-exact drafted=5 committed=3 replayed=3 draft=18.591 ms snapshot=0.362 ms verify=77.108 ms exact_replay=83.971 ms total=180.115 ms
ds4: dspark timing batch-exact drafted=5 committed=5 replayed=5 draft=18.520 ms snapshot=0.371 ms verify=75.171 ms exact_replay=141.100 ms total=235.230 ms
ds4: dspark timing batch-exact drafted=5 committed=5 replayed=5 draft=19.225 ms snapshot=0.364 ms verify=77.185 ms exact_replay=141.417 ms total=238.252 ms
ds4: dspark timing batch-exact drafted=5 committed=5 replayed=5 draft=19.272 ms snapshot=0.447 ms verify=78.513 ms exact_replay=144.000 ms total=242.308 ms
ds4: dspark timing batch-exact drafted=5 committed=5 replayed=5 draft=19.340 ms snapshot=0.408 ms verify=78.126 ms exact_replay=143.111 ms total=241.062 ms
ds4: dspark timing batch-exact drafted=5 committed=5 replayed=5 draft=18.519 ms snapshot=0.364 ms verify=76.814 ms exact_replay=137.270 ms total=233.039 ms
ds4: dspark timing batch-exact drafted=5 committed=5 replayed=5 draft=18.580 ms snapshot=0.368 ms verify=75.058 ms exact_replay=135.867 ms total=229.957 ms
ds4: dspark timing batch-exact drafted=4 committed=2 replayed=2 draft=15.461 ms snapshot=0.362 ms verify=64.831 ms exact_replay=55.725 ms total=136.476 ms
ds4: dspark timing batch-exact drafted=1 committed=1 replayed=1 draft=6.008 ms snapshot=0.363 ms verify=65.663 ms exact_replay=27.966 ms total=100.092 ms
ds4: ----------------------------------------
ds4: prefill: 7.06 t/s, generation: 21.95 t/s (160 tokens in 7.289s)
ds4: dspark acceptance: 76.4% (126/165 draft tokens)
ds4: Flash-MoE resident slot bank: resident-slots=11008/11008 (100.0%, avg=256.0/layer) installed=72.56 GiB
