ds4: detected DS4 sidecar package: -m /Users/anemll/Models/flash/dsv4-iq2xxs-expert-major/dense/model-dense.gguf, --moe-sidecar /Users/anemll/Models/flash/dsv4-iq2xxs-expert-major, --moe-mode slot-bank
ds4: applied sidecar tuning profile [Apple M5 Max] from ds4_profile.json (51 env defaults set, 0 kept from environment)
ds4: warning: raw KV cap limits Metal prefill chunk (prefill_chunk=4096, raw_kv_rows=4096, raw_window=128, effective_chunk=3968; target raw cap for one chunk is 4352, also requires ctx >= that value)
ds4: context buffers 429.99 MiB (ctx=4096, backend=metal, prefill_chunk=4096, raw_kv_rows=4096, compressed_kv_rows=1026)
ds4: Flash-MoE sidecar loaded: /Users/anemll/Models/flash/dsv4-iq2xxs-expert-major (slot-bank=256, expert-record 6.75 MiB)
ds4: Flash-MoE expert mmap cache: off; expert reads: pread
ds4: Metal device Apple M5 Max, 128.00 GiB RAM, GPU working-set budget 107.52 GiB (raise with: sudo sysctl iogpu.wired_limit_mb=<MB>)
ds4: drift-patch flags hc_stable=on norm_unify=on kv_raw_f32=off rope_exp2_log2=off math_safe=off tensor_matmul=off
ds4: MXFP4 native library (MSL 4.1): repack=ok selected-repack=ok selected-plane-copy=ok scale-plane matmul=ok selected-matmul=ok decode2=pair/sum6 batch-decode2=pair/sum6 batch-strided=pair/sum6 hybrid-down=sum6 chunked-decode2=pair/sum6
ds4: DS4_MXFP4_NATIVE=1: native MXFP4 available (MPP 4.1 scale-plane matmul2d)
ds4: DSpark resident expert cache: ranges=9 bytes=9.56 GiB (persistent; debug opt-out requires DS4_DSPARK_ALLOW_NONRESIDENT=1)
ds4: DSpark sidecar Metal residency requested: buffers=9 bytes=9.56 GiB
ds4: DSpark draft package loaded: /Users/anemll/Models/DSv4-Flash-DSpark-draft (block=5 verify=5 active=5 scheduler=static conf=0.000 noise=128799 target_layers=40,41,42 markov_rank=256 records=81 mapped=10.12 GiB)
ds4: DSpark draft records: F32=41 F16=6 FP8_E4M3=25 MXFP4_NATIVE=9
ds4: DSpark draft inference enabled: MPP 4.1 FP8/MXFP4 draft kernels, fused routed-MoE per draft layer, persistent resident experts, greedy Markov head, exact verifier v1
ds4: Flash-MoE using mmap-backed dense/shared weights without full-model Metal residency warmup
ds4: Metal model views created in 0.280 ms, residency requested in 0.000 ms, warmup 0.000 ms (mapped 8393.67 MiB from offset 5.06 MiB)
ds4: Metal mapped mmaped model as 1 overlapping shared buffers
ds4: metal backend initialized for graph diagnostics
ds4: prefill routed-MoE (requested): mul_mm_id (grouped GPU / ALU)  [grouped path]
ds4: prefill quant scales (ANE env first): w_qscale=512 x_qscale=32 mid_qscale=32 w_scale=0.00195312 x_scale=0.03125 mid_scale=0.03125
ds4: prefill ctx-grow: on, block=16384 tokens
ds4: prefill chunk cap: 16384, graph_raw_cap=auto
ds4: Flash-MoE resident mixed slot-bank load: layers=43 slots=256 bytes=72.56 GiB (one dot per layer)
ds4: Flash-MoE resident prepare: ........................................... 72.56/72.56 GiB (43 layers)
ds4: Flash-MoE resident preload: ........................................... 72.56/72.56 GiB (43 layers)
ds4: Flash-MoE preloaded mixed slot bank: layers=43 slots=256 identity-mapped experts=256
ds4: Flash-MoE slot-bank Metal residency requested: buffers=43 bytes=72.56 GiB
ds4: Flash-MoE slot-bank pages touched: buffers=43 bytes=72.56 GiB
ds4: Flash-MoE slot banks allocated: layers=43 slots=256 gpu-bank=72.6GB Dense: 8.2GB Context: 0.4GB Total <<<< 81.2GB >>>>
ds4: Flash-MoE slot bank layout: mixed expert-major
ds4: warning: very large Flash-MoE slot bank can collapse decode throughput (slots=256, gpu-bank=72.56 GiB). The wired bank competes with the OS file cache that serves decode-miss reads of the sidecar; when the sidecar is larger than RAM, smaller banks decode faster. Compare --moe-slot-bank 32/48/64 or use --ssd-cache auto.
ds4: prefill compute: routed experts = ANE i8i8 (W8A8) | dense proj = Q8 direct-RHS NAX; K-quant dense = fused mul_mm_id batch
ds4: prefill I/O: io-split=4 async-pread=on pread-threads=4 readahead=12 bank-prefetch=3 slot-cache-topk=0 xlayer=auto<=6k-tok topk=128
ds4: decode  I/O: io-split=4 router-prefetch=off scratch-prefetch=off max-loads=0 layer-stride=1 miss-direct-slot-pread=on prefetch-direct-slot-pread=off did-modify=on shared-down=on reset-after-prefill=off realloc-after-prefill=off restore-after-prefill=off resident=slot-bank slots=256
ds4: Flash-MoE banked kernels using M5 simdgroup_matrix fast path (prefetch=3, banks=4)
ds4: WARNING: prefill chunk 4096 clamped to 3968 by raw-KV cap (raw_cap=4096, window=128). Set DS4_METAL_GRAPH_RAW_CAP >= 4224 (window + chunk) — or unset it to auto-size — to honor the chunk.
processing 19 input tokens: 0/19 (0.0%) batch=0.00 t/s avg=0.00 t/s
processing 19 input tokens: 0/19 (0.0%) batch=0.00 t/s avg=0.00 t/s
processing 19 input tokens: 0/19 (0.0%) batch=0.00 t/s avg=0.00 t/s
processing 19 input tokens: 1/19 (5.3%) batch=28.40 t/s avg=0.65 t/s
processing 19 input tokens: 1/19 (5.3%) batch=0.00 t/s avg=0.64 t/s
processing 19 input tokens: 2/19 (10.5%) batch=51.30 t/s avg=1.26 t/s
processing 19 input tokens: 2/19 (10.5%) batch=0.00 t/s avg=1.24 t/s
processing 19 input tokens: 3/19 (15.8%) batch=50.32 t/s avg=1.84 t/s
processing 19 input tokens: 3/19 (15.8%) batch=0.00 t/s avg=1.82 t/s
processing 19 input tokens: 3/19 (15.8%) batch=0.00 t/s avg=1.80 t/s
processing 19 input tokens: 4/19 (21.1%) batch=46.87 t/s avg=2.36 t/s
processing 19 input tokens: 4/19 (21.1%) batch=0.00 t/s avg=2.33 t/s
processing 19 input tokens: 5/19 (26.3%) batch=44.53 t/s avg=2.88 t/s
processing 19 input tokens: 5/19 (26.3%) batch=0.00 t/s avg=2.85 t/s
processing 19 input tokens: 6/19 (31.6%) batch=49.39 t/s avg=3.38 t/s
processing 19 input tokens: 6/19 (31.6%) batch=0.00 t/s avg=3.34 t/s
processing 19 input tokens: 7/19 (36.8%) batch=56.29 t/s avg=3.86 t/s
processing 19 input tokens: 7/19 (36.8%) batch=0.00 t/s avg=3.82 t/s
processing 19 input tokens: 7/19 (36.8%) batch=0.00 t/s avg=3.78 t/s
processing 19 input tokens: 8/19 (42.1%) batch=50.37 t/s avg=4.28 t/s
processing 19 input tokens: 8/19 (42.1%) batch=0.00 t/s avg=4.22 t/s
processing 19 input tokens: 9/19 (47.4%) batch=53.22 t/s avg=4.70 t/s
processing 19 input tokens: 9/19 (47.4%) batch=0.00 t/s avg=4.65 t/s
processing 19 input tokens: 10/19 (52.6%) batch=48.55 t/s avg=5.11 t/s
processing 19 input tokens: 10/19 (52.6%) batch=0.00 t/s avg=5.06 t/s
processing 19 input tokens: 11/19 (57.9%) batch=54.84 t/s avg=5.51 t/s
processing 19 input tokens: 11/19 (57.9%) batch=0.00 t/s avg=5.46 t/s
processing 19 input tokens: 11/19 (57.9%) batch=0.00 t/s avg=5.41 t/s
processing 19 input tokens: 12/19 (63.2%) batch=46.81 t/s avg=5.84 t/s
processing 19 input tokens: 12/19 (63.2%) batch=0.00 t/s avg=5.79 t/s
processing 19 input tokens: 13/19 (68.4%) batch=44.60 t/s avg=6.20 t/s
processing 19 input tokens: 13/19 (68.4%) batch=0.00 t/s avg=6.15 t/s
processing 19 input tokens: 14/19 (73.7%) batch=46.41 t/s avg=6.55 t/s
processing 19 input tokens: 14/19 (73.7%) batch=0.00 t/s avg=6.50 t/s
processing 19 input tokens: 15/19 (78.9%) batch=54.06 t/s avg=6.90 t/s
processing 19 input tokens: 15/19 (78.9%) batch=0.00 t/s avg=6.83 t/s
processing 19 input tokens: 15/19 (78.9%) batch=0.00 t/s avg=6.77 t/s
processing 19 input tokens: 16/19 (84.2%) batch=47.37 t/s avg=7.15 t/s
processing 19 input tokens: 16/19 (84.2%) batch=0.00 t/s avg=7.08 t/s
processing 19 input tokens: 17/19 (89.5%) batch=49.85 t/s avg=7.46 t/s
processing 19 input tokens: 17/19 (89.5%) batch=0.00 t/s avg=7.38 t/s
processing 19 input tokens: 18/19 (94.7%) batch=48.97 t/s avg=7.75 t/s
processing 19 input tokens: 18/19 (94.7%) batch=0.00 t/s avg=7.67 t/s
processing 19 input tokens: 19/19 (100.0%) batch=42.99 t/s avg=8.02 t/s
ds4: [mxfp4-native] two-dispatch plane decode arm engaged (dspark-strided, experts=6)
ds4: DSpark draft warmup: cap=5 rows=5 in 171.1 ms (paid before decode timer)
ds4: Flash-MoE mixed resident bank using fused GPU-selected decode path (slot id == expert id)
ds4: dspark verifier microbatch KV FP8/raw-store rows enabled
ds4: routed MoE exact ordered expert-sum kernel enabled
ds4: speculative sidecar verifier: resident slot-bank tiny batch path engaged (n_tokens<=5, slot id == expert id)
ds4: dspark hybrid verifier deferring plain attention heads to batch call
ds4: dspark timing batch-canonical-prefix-commit drafted=5 committed=4 draft=19.499 ms snapshot=0.954 ms verify=102.467 ms prefix=1.992 ms total=125.015 ms
ds4: dspark timing batch drafted=5 committed=5 draft=19.817 ms snapshot=0.368 ms verify=87.690 ms dspark_kv=1.746 ms total=109.727 ms
ds4: dspark timing batch-canonical-prefix-commit drafted=5 committed=3 draft=19.805 ms snapshot=0.407 ms verify=88.046 ms prefix=1.714 ms total=110.068 ms
ds4: dspark timing batch-canonical-prefix-commit drafted=5 committed=1 draft=19.713 ms snapshot=0.383 ms verify=86.561 ms prefix=1.738 ms total=108.495 ms
ds4: dspark timing batch-canonical-prefix-commit drafted=5 committed=3 draft=20.515 ms snapshot=0.383 ms verify=87.584 ms prefix=1.696 ms total=110.257 ms
ds4: dspark timing batch drafted=5 committed=5 draft=19.665 ms snapshot=0.379 ms verify=86.834 ms dspark_kv=1.794 ms total=108.784 ms
ds4: dspark timing batch drafted=5 committed=5 draft=19.918 ms snapshot=0.388 ms verify=87.229 ms dspark_kv=1.827 ms total=109.463 ms
ds4: dspark timing batch drafted=5 committed=5 draft=20.732 ms snapshot=0.388 ms verify=88.993 ms dspark_kv=1.924 ms total=112.128 ms
ds4: dspark timing batch drafted=5 committed=5 draft=20.516 ms snapshot=0.367 ms verify=87.734 ms dspark_kv=2.529 ms total=111.221 ms
ds4: dspark timing batch drafted=5 committed=5 draft=20.371 ms snapshot=0.378 ms verify=89.306 ms dspark_kv=1.728 ms total=111.862 ms
ds4: dspark timing batch drafted=5 committed=5 draft=20.688 ms snapshot=0.423 ms verify=88.089 ms dspark_kv=2.496 ms total=111.816 ms
ds4: dspark timing batch-canonical-prefix-commit drafted=5 committed=2 draft=19.792 ms snapshot=0.417 ms verify=90.085 ms prefix=1.503 ms total=111.886 ms
ds4: dspark timing batch drafted=5 committed=5 draft=20.739 ms snapshot=0.389 ms verify=87.937 ms dspark_kv=1.720 ms total=110.873 ms
ds4: dspark timing batch drafted=5 committed=5 draft=20.577 ms snapshot=0.393 ms verify=88.402 ms dspark_kv=2.514 ms total=111.964 ms
ds4: dspark timing batch drafted=5 committed=5 draft=19.822 ms snapshot=0.363 ms verify=88.196 ms dspark_kv=1.743 ms total=110.228 ms
ds4: dspark timing batch drafted=5 committed=5 draft=20.384 ms snapshot=0.409 ms verify=88.276 ms dspark_kv=1.881 ms total=111.044 ms
ds4: dspark timing batch drafted=5 committed=5 draft=19.781 ms snapshot=0.394 ms verify=87.354 ms dspark_kv=1.698 ms total=109.340 ms
ds4: dspark timing batch drafted=5 committed=5 draft=20.035 ms snapshot=0.457 ms verify=88.232 ms dspark_kv=1.772 ms total=110.574 ms
ds4: dspark timing batch drafted=5 committed=5 draft=19.824 ms snapshot=0.374 ms verify=87.261 ms dspark_kv=1.931 ms total=109.470 ms
ds4: dspark timing batch drafted=5 committed=5 draft=20.252 ms snapshot=0.368 ms verify=89.695 ms dspark_kv=2.653 ms total=113.047 ms
ds4: dspark timing batch drafted=5 committed=5 draft=19.858 ms snapshot=0.370 ms verify=88.620 ms dspark_kv=2.056 ms total=111.002 ms
ds4: dspark timing batch drafted=5 committed=5 draft=19.856 ms snapshot=0.388 ms verify=88.247 ms dspark_kv=1.757 ms total=110.363 ms
ds4: dspark timing batch drafted=5 committed=5 draft=19.820 ms snapshot=0.366 ms verify=87.997 ms dspark_kv=1.815 ms total=110.092 ms
ds4: dspark timing batch drafted=5 committed=5 draft=19.883 ms snapshot=0.373 ms verify=88.389 ms dspark_kv=1.795 ms total=110.534 ms
ds4: dspark timing batch drafted=5 committed=5 draft=20.668 ms snapshot=0.395 ms verify=87.842 ms dspark_kv=1.809 ms total=110.800 ms
ds4: dspark timing batch drafted=5 committed=5 draft=19.981 ms snapshot=0.424 ms verify=87.687 ms dspark_kv=2.654 ms total=110.822 ms
ds4: dspark timing batch drafted=5 committed=5 draft=20.560 ms snapshot=0.460 ms verify=88.358 ms dspark_kv=2.458 ms total=111.907 ms
ds4: dspark timing batch-canonical-prefix-commit drafted=5 committed=3 draft=20.581 ms snapshot=0.386 ms verify=88.153 ms prefix=1.750 ms total=110.951 ms
ds4: dspark timing batch drafted=5 committed=5 draft=19.914 ms snapshot=0.388 ms verify=88.696 ms dspark_kv=1.965 ms total=111.084 ms
ds4: dspark timing batch drafted=5 committed=5 draft=19.940 ms snapshot=0.383 ms verify=87.546 ms dspark_kv=1.850 ms total=109.815 ms
ds4: dspark timing batch drafted=5 committed=5 draft=20.263 ms snapshot=0.382 ms verify=87.838 ms dspark_kv=1.756 ms total=110.321 ms
ds4: dspark timing batch-canonical-prefix-commit drafted=5 committed=3 draft=20.739 ms snapshot=0.365 ms verify=87.817 ms prefix=2.345 ms total=111.343 ms
ds4: dspark timing batch drafted=5 committed=5 draft=20.192 ms snapshot=0.404 ms verify=88.911 ms dspark_kv=1.773 ms total=111.365 ms
ds4: dspark timing batch-canonical-prefix-commit drafted=5 committed=4 draft=20.826 ms snapshot=0.402 ms verify=88.370 ms prefix=2.898 ms total=112.566 ms
ds4: dspark timing batch drafted=5 committed=5 draft=20.387 ms snapshot=0.375 ms verify=87.688 ms dspark_kv=2.275 ms total=110.795 ms
ds4: dspark timing batch-canonical-prefix-commit drafted=5 committed=2 draft=20.768 ms snapshot=0.416 ms verify=87.938 ms prefix=2.339 ms total=111.548 ms
ds4: dspark timing batch-canonical-prefix-commit drafted=5 committed=4 draft=20.956 ms snapshot=0.389 ms verify=90.280 ms prefix=1.837 ms total=113.556 ms
ds4: dspark timing batch-canonical-prefix-commit drafted=5 committed=3 draft=19.980 ms snapshot=0.335 ms verify=88.144 ms prefix=1.712 ms total=110.258 ms
ds4: dspark timing batch drafted=5 committed=5 draft=19.841 ms snapshot=0.399 ms verify=88.503 ms dspark_kv=1.759 ms total=110.596 ms
ds4: dspark timing batch-canonical-prefix-commit drafted=5 committed=2 draft=20.053 ms snapshot=0.423 ms verify=87.861 ms prefix=1.634 ms total=110.093 ms
ds4: dspark timing batch-canonical-prefix-commit drafted=5 committed=4 draft=19.749 ms snapshot=0.417 ms verify=88.009 ms prefix=2.370 ms total=110.660 ms
ds4: dspark timing batch-canonical-prefix-commit drafted=5 committed=2 draft=20.362 ms snapshot=0.390 ms verify=87.941 ms prefix=2.334 ms total=111.114 ms
ds4: dspark timing batch-canonical-prefix-commit drafted=5 committed=2 draft=20.383 ms snapshot=0.366 ms verify=90.381 ms prefix=1.431 ms total=112.642 ms
ds4: dspark timing batch-canonical-prefix-commit drafted=5 committed=3 draft=19.795 ms snapshot=0.436 ms verify=88.148 ms prefix=1.829 ms total=110.297 ms
ds4: dspark timing batch drafted=5 committed=5 draft=20.175 ms snapshot=0.395 ms verify=88.537 ms dspark_kv=2.677 ms total=111.870 ms
ds4: dspark timing batch-canonical-prefix-commit drafted=5 committed=4 draft=20.739 ms snapshot=0.394 ms verify=90.532 ms prefix=2.105 ms total=113.841 ms
ds4: dspark timing batch-canonical-prefix-commit drafted=5 committed=4 draft=19.957 ms snapshot=0.377 ms verify=88.165 ms prefix=1.809 ms total=110.418 ms
ds4: dspark timing batch drafted=5 committed=5 draft=19.966 ms snapshot=0.382 ms verify=87.441 ms dspark_kv=2.591 ms total=110.462 ms
ds4: dspark timing batch-canonical-prefix-commit drafted=5 committed=1 draft=20.323 ms snapshot=0.389 ms verify=89.690 ms prefix=1.443 ms total=111.918 ms
ds4: dspark timing batch drafted=5 committed=5 draft=20.557 ms snapshot=0.380 ms verify=89.699 ms dspark_kv=1.895 ms total=112.611 ms
ds4: dspark timing batch-canonical-prefix-commit drafted=5 committed=4 draft=20.640 ms snapshot=0.379 ms verify=90.760 ms prefix=1.860 ms total=113.722 ms
ds4: dspark timing batch drafted=5 committed=5 draft=19.879 ms snapshot=0.384 ms verify=89.233 ms dspark_kv=1.681 ms total=111.274 ms
ds4: dspark timing batch drafted=5 committed=5 draft=19.825 ms snapshot=0.435 ms verify=90.526 ms dspark_kv=2.451 ms total=113.347 ms
ds4: dspark timing batch-canonical-prefix-commit drafted=5 committed=2 draft=19.795 ms snapshot=0.700 ms verify=88.960 ms prefix=2.335 ms total=111.881 ms
ds4: dspark timing batch drafted=5 committed=5 draft=20.779 ms snapshot=0.387 ms verify=90.419 ms dspark_kv=1.716 ms total=113.374 ms
ds4: dspark timing batch drafted=5 committed=5 draft=20.875 ms snapshot=0.388 ms verify=87.634 ms dspark_kv=2.285 ms total=111.263 ms
ds4: dspark timing batch-canonical-prefix-commit drafted=5 committed=4 draft=19.915 ms snapshot=0.388 ms verify=88.561 ms prefix=1.930 ms total=110.891 ms
ds4: dspark timing batch drafted=5 committed=5 draft=19.892 ms snapshot=0.378 ms verify=88.549 ms dspark_kv=1.869 ms total=110.801 ms
ds4: dspark timing batch drafted=5 committed=5 draft=19.876 ms snapshot=0.447 ms verify=90.352 ms dspark_kv=1.743 ms total=112.528 ms
ds4: dspark timing batch drafted=5 committed=5 draft=19.903 ms snapshot=0.395 ms verify=88.832 ms dspark_kv=1.692 ms total=110.902 ms
ds4: dspark timing batch drafted=5 committed=5 draft=19.977 ms snapshot=0.378 ms verify=89.643 ms dspark_kv=1.668 ms total=111.763 ms
ds4: dspark timing batch-canonical-prefix-commit drafted=5 committed=3 draft=19.901 ms snapshot=0.381 ms verify=88.731 ms prefix=1.729 ms total=110.850 ms
ds4: dspark timing batch-canonical-prefix-commit drafted=5 committed=2 draft=19.882 ms snapshot=0.374 ms verify=88.603 ms prefix=1.569 ms total=110.504 ms
ds4: dspark timing batch-canonical-prefix-commit drafted=5 committed=4 draft=19.761 ms snapshot=0.375 ms verify=89.202 ms prefix=1.990 ms total=111.447 ms
ds4: dspark timing batch-canonical-prefix-commit drafted=5 committed=4 draft=20.800 ms snapshot=0.385 ms verify=88.829 ms prefix=1.903 ms total=112.002 ms
ds4: dspark timing batch-canonical-prefix-commit drafted=5 committed=3 draft=19.679 ms snapshot=0.391 ms verify=87.488 ms prefix=2.147 ms total=109.793 ms
ds4: dspark timing batch drafted=5 committed=5 draft=20.663 ms snapshot=0.479 ms verify=88.314 ms dspark_kv=2.418 ms total=111.956 ms
ds4: dspark timing batch drafted=5 committed=5 draft=20.510 ms snapshot=0.385 ms verify=91.470 ms dspark_kv=1.705 ms total=114.151 ms
ds4: dspark timing batch drafted=5 committed=5 draft=20.432 ms snapshot=0.392 ms verify=87.930 ms dspark_kv=1.771 ms total=110.614 ms
ds4: dspark timing batch-canonical-prefix-commit drafted=5 committed=2 draft=20.570 ms snapshot=0.423 ms verify=91.134 ms prefix=1.403 ms total=113.608 ms
ds4: dspark timing batch drafted=5 committed=5 draft=19.986 ms snapshot=0.391 ms verify=88.427 ms dspark_kv=1.768 ms total=110.652 ms
ds4: dspark timing batch drafted=5 committed=5 draft=20.274 ms snapshot=0.385 ms verify=88.637 ms dspark_kv=1.746 ms total=111.169 ms
ds4: dspark timing batch drafted=5 committed=5 draft=19.781 ms snapshot=0.366 ms verify=88.804 ms dspark_kv=1.828 ms total=110.902 ms
ds4: dspark timing batch drafted=5 committed=5 draft=19.846 ms snapshot=0.346 ms verify=90.392 ms dspark_kv=1.726 ms total=112.385 ms
ds4: dspark hybrid attention verifier using exact F16 compressor rows path
ds4: dspark hybrid attention verifier using exact F16 indexer-compressor rows path
ds4: dspark timing batch drafted=1 committed=1 draft=6.811 ms snapshot=0.433 ms verify=33.933 ms dspark_kv=0.986 ms total=42.239 ms
ds4: ----------------------------------------
ds4: prefill: 7.39 t/s, generation: 35.79 t/s (400 tokens in 11.175s)
ds4: dspark acceptance: 72.6% (313/431 draft tokens)
ds4: dspark acceptance by position: 1=75/87 2=72/86 3=64/86 4=56/86 5=46/86
ds4: dspark avg scheduled: 4.95 draft tokens/block (87 blocks)
