ds4: detected DS4 sidecar package: -m /Users/anemll/Models/flash/dsv4-iq2xxs-expert-major/dense/model-dense.gguf, --moe-sidecar /Users/anemll/Models/flash/dsv4-iq2xxs-expert-major, --moe-mode slot-bank
ds4: applied sidecar tuning profile [Apple M5 Max] from ds4_profile.json (51 env defaults set, 0 kept from environment)
ds4: warning: raw KV cap limits Metal prefill chunk (prefill_chunk=4096, raw_kv_rows=4096, raw_window=128, effective_chunk=3968; target raw cap for one chunk is 4352, also requires ctx >= that value)
ds4: context buffers 429.99 MiB (ctx=4096, backend=metal, prefill_chunk=4096, raw_kv_rows=4096, compressed_kv_rows=1026)
ds4: Flash-MoE sidecar loaded: /Users/anemll/Models/flash/dsv4-iq2xxs-expert-major (slot-bank=256, expert-record 6.75 MiB)
ds4: Flash-MoE expert mmap cache: off; expert reads: pread
ds4: Metal device Apple M5 Max, 128.00 GiB RAM, GPU working-set budget 107.52 GiB (raise with: sudo sysctl iogpu.wired_limit_mb=<MB>)
ds4: drift-patch flags hc_stable=on norm_unify=on kv_raw_f32=off rope_exp2_log2=off math_safe=off tensor_matmul=off
ds4: MXFP4 native library (MSL 4.1): repack=ok selected-repack=ok selected-plane-copy=ok scale-plane matmul=ok selected-matmul=ok decode2=pair/sum6 batch-decode2=pair/sum6 batch-strided=pair/sum6 hybrid-down=sum6 chunked-decode2=pair/sum6
ds4: DS4_MXFP4_NATIVE=1: native MXFP4 available (MPP 4.1 scale-plane matmul2d)
ds4: DSpark resident expert cache: ranges=9 bytes=9.56 GiB (persistent; debug opt-out requires DS4_DSPARK_ALLOW_NONRESIDENT=1)
ds4: DSpark sidecar Metal residency requested: buffers=9 bytes=9.56 GiB
ds4: DSpark draft package loaded: /Users/anemll/Models/DSv4-Flash-DSpark-draft (block=5 verify=2 scheduler=static conf=0.000 noise=128799 target_layers=40,41,42 markov_rank=256 records=81 mapped=10.12 GiB)
ds4: DSpark draft records: F32=41 F16=6 FP8_E4M3=25 MXFP4_NATIVE=9
ds4: DSpark draft inference enabled: MPP 4.1 FP8/MXFP4 draft kernels, fused routed-MoE per draft layer, persistent resident experts, greedy Markov head, exact verifier v1
ds4: Flash-MoE using mmap-backed dense/shared weights without full-model Metal residency warmup
ds4: Metal model views created in 0.299 ms, residency requested in 0.000 ms, warmup 0.000 ms (mapped 8393.67 MiB from offset 5.06 MiB)
ds4: Metal mapped mmaped model as 1 overlapping shared buffers
ds4: metal backend initialized for graph diagnostics
ds4: prefill routed-MoE (requested): mul_mm_id (grouped GPU / ALU)  [grouped path]
ds4: prefill quant scales (ANE env first): w_qscale=512 x_qscale=32 mid_qscale=32 w_scale=0.00195312 x_scale=0.03125 mid_scale=0.03125
ds4: prefill ctx-grow: on, block=16384 tokens
ds4: prefill chunk cap: 16384, graph_raw_cap=auto
ds4: Flash-MoE resident mixed slot-bank load: layers=43 slots=256 bytes=72.56 GiB (one dot per layer)
ds4: Flash-MoE resident prepare: ........................................... 72.56/72.56 GiB (43 layers)
ds4: Flash-MoE resident preload: ........................................... 72.56/72.56 GiB (43 layers)
ds4: Flash-MoE preloaded mixed slot bank: layers=43 slots=256 identity-mapped experts=256
ds4: Flash-MoE slot-bank Metal residency requested: buffers=43 bytes=72.56 GiB
ds4: Flash-MoE slot-bank pages touched: buffers=43 bytes=72.56 GiB
ds4: Flash-MoE slot banks allocated: layers=43 slots=256 gpu-bank=72.6GB Dense: 8.2GB Context: 0.4GB Total <<<< 81.2GB >>>>
ds4: Flash-MoE slot bank layout: mixed expert-major
ds4: warning: very large Flash-MoE slot bank can collapse decode throughput (slots=256, gpu-bank=72.56 GiB). The wired bank competes with the OS file cache that serves decode-miss reads of the sidecar; when the sidecar is larger than RAM, smaller banks decode faster. Compare --moe-slot-bank 32/48/64 or use --ssd-cache auto.
ds4: prefill compute: routed experts = ANE i8i8 (W8A8) | dense proj = Q8 direct-RHS NAX; K-quant dense = fused mul_mm_id batch
ds4: prefill I/O: io-split=4 async-pread=on pread-threads=4 readahead=12 bank-prefetch=3 slot-cache-topk=0 xlayer=auto<=6k-tok topk=128
ds4: decode  I/O: io-split=4 router-prefetch=off scratch-prefetch=off max-loads=0 layer-stride=1 miss-direct-slot-pread=on prefetch-direct-slot-pread=off did-modify=on shared-down=on reset-after-prefill=off realloc-after-prefill=off restore-after-prefill=off resident=slot-bank slots=256
ds4: Flash-MoE banked kernels using M5 simdgroup_matrix fast path (prefetch=3, banks=4)
ds4: WARNING: prefill chunk 4096 clamped to 3968 by raw-KV cap (raw_cap=4096, window=128). Set DS4_METAL_GRAPH_RAW_CAP >= 4224 (window + chunk) — or unset it to auto-size — to honor the chunk.
ds4: prefill chunk cap EFFECTIVE=3968 tokens (DS4_METAL_PREFILL_CHUNK=16384), CLAMPED by raw-KV-cap (ctx-grow) (resident-NAX tiles this by scratch_cap; that tile gates the sync bridge)
processing 19 input tokens: 0/19 (0.0%) batch=0.00 t/s avg=0.00 t/s
ds4: ANE i8w-i8x-tiled-fused cached async prefill B=256 H=4096 I=2048 w_scale=0.00195312 x_scale=0.03125 mid_scale=0.03125
processing 19 input tokens: 0/19 (0.0%) batch=0.00 t/s avg=0.00 t/s
processing 19 input tokens: 0/19 (0.0%) batch=0.00 t/s avg=0.00 t/s
processing 19 input tokens: 1/19 (5.3%) batch=31.19 t/s avg=0.62 t/s
processing 19 input tokens: 1/19 (5.3%) batch=0.00 t/s avg=0.61 t/s
processing 19 input tokens: 2/19 (10.5%) batch=54.82 t/s avg=1.21 t/s
processing 19 input tokens: 2/19 (10.5%) batch=0.00 t/s avg=1.20 t/s
processing 19 input tokens: 3/19 (15.8%) batch=51.78 t/s avg=1.78 t/s
processing 19 input tokens: 3/19 (15.8%) batch=0.00 t/s avg=1.75 t/s
processing 19 input tokens: 3/19 (15.8%) batch=0.00 t/s avg=1.73 t/s
processing 19 input tokens: 4/19 (21.1%) batch=49.90 t/s avg=2.29 t/s
processing 19 input tokens: 4/19 (21.1%) batch=0.00 t/s avg=2.26 t/s
processing 19 input tokens: 5/19 (26.3%) batch=50.57 t/s avg=2.80 t/s
processing 19 input tokens: 5/19 (26.3%) batch=0.00 t/s avg=2.77 t/s
processing 19 input tokens: 6/19 (31.6%) batch=55.36 t/s avg=3.29 t/s
processing 19 input tokens: 6/19 (31.6%) batch=0.00 t/s avg=3.26 t/s
processing 19 input tokens: 7/19 (36.8%) batch=58.16 t/s avg=3.76 t/s
processing 19 input tokens: 7/19 (36.8%) batch=0.00 t/s avg=3.73 t/s
processing 19 input tokens: 7/19 (36.8%) batch=0.00 t/s avg=3.70 t/s
processing 19 input tokens: 8/19 (42.1%) batch=54.79 t/s avg=4.18 t/s
processing 19 input tokens: 8/19 (42.1%) batch=0.00 t/s avg=4.13 t/s
processing 19 input tokens: 9/19 (47.4%) batch=57.28 t/s avg=4.61 t/s
processing 19 input tokens: 9/19 (47.4%) batch=0.00 t/s avg=4.56 t/s
processing 19 input tokens: 10/19 (52.6%) batch=49.88 t/s avg=5.02 t/s
processing 19 input tokens: 10/19 (52.6%) batch=0.00 t/s avg=4.97 t/s
processing 19 input tokens: 11/19 (57.9%) batch=60.00 t/s avg=5.42 t/s
processing 19 input tokens: 11/19 (57.9%) batch=0.00 t/s avg=5.38 t/s
processing 19 input tokens: 11/19 (57.9%) batch=0.00 t/s avg=5.34 t/s
processing 19 input tokens: 12/19 (63.2%) batch=52.55 t/s avg=5.77 t/s
processing 19 input tokens: 12/19 (63.2%) batch=0.00 t/s avg=5.71 t/s
processing 19 input tokens: 13/19 (68.4%) batch=48.40 t/s avg=6.13 t/s
processing 19 input tokens: 13/19 (68.4%) batch=0.00 t/s avg=6.08 t/s
processing 19 input tokens: 14/19 (73.7%) batch=54.81 t/s avg=6.49 t/s
processing 19 input tokens: 14/19 (73.7%) batch=0.00 t/s avg=6.44 t/s
processing 19 input tokens: 15/19 (78.9%) batch=54.78 t/s avg=6.84 t/s
processing 19 input tokens: 15/19 (78.9%) batch=0.00 t/s avg=6.78 t/s
processing 19 input tokens: 15/19 (78.9%) batch=0.00 t/s avg=6.72 t/s
processing 19 input tokens: 16/19 (84.2%) batch=51.87 t/s avg=7.11 t/s
processing 19 input tokens: 16/19 (84.2%) batch=0.00 t/s avg=7.04 t/s
processing 19 input tokens: 17/19 (89.5%) batch=53.38 t/s avg=7.42 t/s
processing 19 input tokens: 17/19 (89.5%) batch=0.00 t/s avg=7.36 t/s
processing 19 input tokens: 18/19 (94.7%) batch=53.97 t/s avg=7.73 t/s
processing 19 input tokens: 18/19 (94.7%) batch=0.00 t/s avg=7.66 t/s
processing 19 input tokens: 19/19 (100.0%) batch=46.82 t/s avg=8.02 t/s
ds4: prefill full: 19 tokens in 2372.4 ms (8.0 t/s)
ds4: [mxfp4-native] two-dispatch plane decode arm engaged (dspark-strided, experts=6)
ds4: DSpark draft warmup: cap=2 rows=2 in 169.6 ms (paid before decode timer)
ds4: Flash-MoE mixed resident bank using fused GPU-selected decode path (slot id == expert id)
ds4: speculative sidecar verifier: resident slot-bank tiny batch path engaged (n_tokens<=5, slot id == expert id)
ds4: dspark timing batch drafted=2 committed=2 draft=8.831 ms snapshot=1.087 ms verify=40.360 ms dspark_kv=1.180 ms total=51.534 ms
ds4: dspark timing batch-periodic-exact drafted=2 committed=2 replayed=2 draft=8.884 ms snapshot=0.358 ms verify=42.023 ms exact_replay=55.721 ms total=107.083 ms
ds4: dspark timing batch drafted=2 committed=2 draft=8.797 ms snapshot=0.396 ms verify=42.539 ms dspark_kv=1.944 ms total=53.782 ms
ds4: dspark timing batch-periodic-exact drafted=2 committed=2 replayed=2 draft=8.839 ms snapshot=0.426 ms verify=39.827 ms exact_replay=54.565 ms total=103.751 ms
ds4: dspark timing batch drafted=2 committed=2 draft=8.914 ms snapshot=0.375 ms verify=40.223 ms dspark_kv=1.051 ms total=50.652 ms
ds4: dspark timing batch-periodic-exact drafted=2 committed=1 replayed=1 draft=8.772 ms snapshot=0.404 ms verify=40.912 ms exact_replay=27.496 ms total=77.650 ms
ds4: dspark timing batch drafted=2 committed=2 draft=8.814 ms snapshot=0.383 ms verify=42.431 ms dspark_kv=1.105 ms total=52.817 ms
ds4: dspark timing batch-periodic-exact drafted=2 committed=2 replayed=2 draft=8.946 ms snapshot=0.374 ms verify=39.521 ms exact_replay=54.422 ms total=103.358 ms
ds4: dspark timing batch-prefix1 drafted=2 committed=1 draft=8.864 ms snapshot=0.357 ms verify=40.907 ms prefix=1.380 ms total=51.604 ms
ds4: dspark timing batch-periodic-exact drafted=2 committed=2 replayed=2 draft=8.929 ms snapshot=0.371 ms verify=42.076 ms exact_replay=54.817 ms total=106.300 ms
ds4: dspark timing batch drafted=2 committed=2 draft=8.828 ms snapshot=0.396 ms verify=40.012 ms dspark_kv=1.033 ms total=50.337 ms
ds4: dspark timing batch-periodic-exact drafted=2 committed=2 replayed=2 draft=8.786 ms snapshot=0.393 ms verify=40.950 ms exact_replay=53.625 ms total=103.819 ms
ds4: dspark timing batch drafted=2 committed=2 draft=9.475 ms snapshot=0.380 ms verify=41.964 ms dspark_kv=1.118 ms total=53.009 ms
ds4: dspark timing batch-periodic-exact drafted=2 committed=2 replayed=2 draft=8.848 ms snapshot=0.370 ms verify=42.095 ms exact_replay=54.926 ms total=106.312 ms
ds4: dspark timing batch drafted=2 committed=2 draft=8.843 ms snapshot=0.345 ms verify=40.917 ms dspark_kv=1.009 ms total=51.177 ms
ds4: dspark timing batch-periodic-exact drafted=2 committed=2 replayed=2 draft=9.312 ms snapshot=0.415 ms verify=42.676 ms exact_replay=56.278 ms total=108.745 ms
ds4: dspark timing batch drafted=2 committed=2 draft=8.991 ms snapshot=0.378 ms verify=41.849 ms dspark_kv=1.145 ms total=52.432 ms
ds4: dspark timing batch-periodic-exact drafted=2 committed=2 replayed=2 draft=8.939 ms snapshot=0.475 ms verify=45.110 ms exact_replay=56.992 ms total=111.580 ms
ds4: dspark timing batch drafted=2 committed=2 draft=9.109 ms snapshot=0.382 ms verify=43.000 ms dspark_kv=1.125 ms total=53.705 ms
ds4: dspark timing batch-periodic-exact drafted=2 committed=2 replayed=2 draft=8.875 ms snapshot=0.419 ms verify=42.623 ms exact_replay=56.134 ms total=108.115 ms
ds4: dspark timing batch drafted=2 committed=2 draft=10.319 ms snapshot=0.365 ms verify=42.237 ms dspark_kv=1.146 ms total=54.151 ms
ds4: dspark timing batch-periodic-exact drafted=2 committed=2 replayed=2 draft=9.652 ms snapshot=0.925 ms verify=42.872 ms exact_replay=58.913 ms total=112.443 ms
ds4: dspark timing batch drafted=2 committed=2 draft=8.869 ms snapshot=0.356 ms verify=40.810 ms dspark_kv=1.054 ms total=51.153 ms
ds4: dspark timing batch-periodic-exact drafted=2 committed=2 replayed=2 draft=8.924 ms snapshot=0.351 ms verify=41.843 ms exact_replay=54.948 ms total=106.154 ms
ds4: dspark timing batch drafted=2 committed=2 draft=8.931 ms snapshot=0.492 ms verify=41.616 ms dspark_kv=1.074 ms total=52.185 ms
ds4: dspark timing batch-periodic-exact drafted=2 committed=2 replayed=2 draft=8.949 ms snapshot=0.361 ms verify=41.649 ms exact_replay=55.924 ms total=106.969 ms
ds4: dspark timing batch-prefix1 drafted=2 committed=1 draft=8.931 ms snapshot=0.372 ms verify=41.701 ms prefix=1.439 ms total=52.515 ms
ds4: dspark timing batch-periodic-exact drafted=2 committed=2 replayed=2 draft=9.159 ms snapshot=0.404 ms verify=44.037 ms exact_replay=55.445 ms total=109.133 ms
ds4: dspark timing batch drafted=2 committed=2 draft=8.964 ms snapshot=0.454 ms verify=41.972 ms dspark_kv=1.074 ms total=52.558 ms
ds4: dspark timing batch-periodic-exact drafted=2 committed=2 replayed=2 draft=8.966 ms snapshot=0.362 ms verify=42.334 ms exact_replay=55.695 ms total=107.423 ms
ds4: dspark timing batch drafted=2 committed=2 draft=9.013 ms snapshot=0.372 ms verify=40.542 ms dspark_kv=1.200 ms total=51.190 ms
ds4: dspark timing batch-periodic-exact drafted=2 committed=2 replayed=2 draft=9.612 ms snapshot=0.396 ms verify=41.710 ms exact_replay=54.976 ms total=106.788 ms
ds4: dspark timing batch drafted=2 committed=2 draft=9.105 ms snapshot=0.370 ms verify=40.817 ms dspark_kv=1.106 ms total=51.464 ms
ds4: dspark timing batch-periodic-exact drafted=2 committed=2 replayed=2 draft=9.032 ms snapshot=0.372 ms verify=40.438 ms exact_replay=54.568 ms total=104.473 ms
ds4: dspark timing batch drafted=2 committed=2 draft=9.019 ms snapshot=0.358 ms verify=43.345 ms dspark_kv=1.362 ms total=54.180 ms
ds4: dspark timing batch-periodic-exact drafted=2 committed=2 replayed=2 draft=8.952 ms snapshot=0.339 ms verify=42.389 ms exact_replay=55.670 ms total=107.417 ms
ds4: dspark timing batch drafted=2 committed=2 draft=8.998 ms snapshot=0.345 ms verify=41.974 ms dspark_kv=1.071 ms total=52.461 ms
ds4: dspark timing batch-periodic-exact drafted=2 committed=2 replayed=2 draft=9.098 ms snapshot=0.366 ms verify=42.699 ms exact_replay=55.215 ms total=107.472 ms
ds4: dspark timing batch drafted=2 committed=2 draft=9.063 ms snapshot=0.363 ms verify=43.558 ms dspark_kv=1.089 ms total=54.164 ms
ds4: dspark timing batch-periodic-exact drafted=2 committed=2 replayed=2 draft=9.063 ms snapshot=0.361 ms verify=43.147 ms exact_replay=55.709 ms total=108.393 ms
ds4: dspark timing batch drafted=2 committed=2 draft=9.075 ms snapshot=0.383 ms verify=40.524 ms dspark_kv=1.076 ms total=51.148 ms
ds4: dspark timing batch-periodic-exact drafted=2 committed=2 replayed=2 draft=8.959 ms snapshot=0.366 ms verify=41.394 ms exact_replay=54.288 ms total=105.103 ms
ds4: dspark timing batch drafted=2 committed=2 draft=9.048 ms snapshot=0.364 ms verify=42.818 ms dspark_kv=1.105 ms total=53.447 ms
ds4: dspark timing batch-periodic-exact drafted=2 committed=2 replayed=2 draft=9.627 ms snapshot=0.358 ms verify=42.503 ms exact_replay=55.731 ms total=108.283 ms
ds4: dspark timing batch drafted=2 committed=2 draft=8.915 ms snapshot=0.362 ms verify=40.676 ms dspark_kv=1.118 ms total=51.134 ms
ds4: dspark timing batch-periodic-exact drafted=2 committed=2 replayed=2 draft=8.951 ms snapshot=0.404 ms verify=41.244 ms exact_replay=55.410 ms total=106.072 ms
ds4: dspark timing batch drafted=2 committed=2 draft=8.963 ms snapshot=0.355 ms verify=43.645 ms dspark_kv=1.000 ms total=54.048 ms
ds4: dspark timing batch-periodic-exact drafted=2 committed=2 replayed=2 draft=9.007 ms snapshot=0.361 ms verify=42.476 ms exact_replay=56.441 ms total=108.362 ms
ds4: dspark timing batch drafted=2 committed=2 draft=9.028 ms snapshot=0.427 ms verify=41.742 ms dspark_kv=1.073 ms total=52.343 ms
ds4: dspark timing batch-periodic-exact drafted=2 committed=2 replayed=2 draft=9.014 ms snapshot=0.360 ms verify=44.034 ms exact_replay=56.857 ms total=110.328 ms
ds4: dspark timing batch drafted=2 committed=2 draft=9.079 ms snapshot=0.389 ms verify=44.159 ms dspark_kv=1.081 ms total=54.793 ms
ds4: dspark timing batch-periodic-exact drafted=1 committed=1 replayed=1 draft=5.991 ms snapshot=0.367 ms verify=46.634 ms exact_replay=29.672 ms total=82.727 ms
ds4: ----------------------------------------
ds4: prefill: 7.40 t/s, generation: 27.29 t/s (160 tokens in 5.863s)
ds4: dspark acceptance: 84.0% (100/119 draft tokens)
ds4: Flash-MoE resident slot bank: resident-slots=11008/11008 (100.0%, avg=256.0/layer) installed=72.56 GiB
