ds4: detected DS4 sidecar package: -m /Users/anemll/Models/flash/dsv4-iq2xxs-expert-major/dense/model-dense.gguf, --moe-sidecar /Users/anemll/Models/flash/dsv4-iq2xxs-expert-major, --moe-mode slot-bank
ds4: applied sidecar tuning profile [Apple M5 Max] from ds4_profile.json (51 env defaults set, 0 kept from environment)
ds4: warning: raw KV cap limits Metal prefill chunk (prefill_chunk=4096, raw_kv_rows=4096, raw_window=128, effective_chunk=3968; target raw cap for one chunk is 4352, also requires ctx >= that value)
ds4: context buffers 429.99 MiB (ctx=4096, backend=metal, prefill_chunk=4096, raw_kv_rows=4096, compressed_kv_rows=1026)
ds4: Flash-MoE sidecar loaded: /Users/anemll/Models/flash/dsv4-iq2xxs-expert-major (slot-bank=256, expert-record 6.75 MiB)
ds4: Flash-MoE expert mmap cache: off; expert reads: pread
ds4: Metal device Apple M5 Max, 128.00 GiB RAM, GPU working-set budget 107.52 GiB (raise with: sudo sysctl iogpu.wired_limit_mb=<MB>)
ds4: drift-patch flags hc_stable=on norm_unify=on kv_raw_f32=off rope_exp2_log2=off math_safe=off tensor_matmul=off
ds4: MXFP4 native library (MSL 4.1): repack=ok selected-repack=ok selected-plane-copy=ok scale-plane matmul=ok selected-matmul=ok decode2=pair/sum6 batch-decode2=pair/sum6 batch-strided=pair/sum6 hybrid-down=sum6 chunked-decode2=pair/sum6
ds4: DS4_MXFP4_NATIVE=1: native MXFP4 available (MPP 4.1 scale-plane matmul2d)
ds4: DSpark resident expert cache: ranges=9 bytes=9.56 GiB (persistent; debug opt-out requires DS4_DSPARK_ALLOW_NONRESIDENT=1)
ds4: DSpark sidecar Metal residency requested: buffers=9 bytes=9.56 GiB
ds4: DSpark draft package loaded: /Users/anemll/Models/DSv4-Flash-DSpark-draft (block=5 verify=5 scheduler=static conf=0.000 noise=128799 target_layers=40,41,42 markov_rank=256 records=81 mapped=10.12 GiB)
ds4: DSpark draft records: F32=41 F16=6 FP8_E4M3=25 MXFP4_NATIVE=9
ds4: DSpark draft inference enabled: MPP 4.1 FP8/MXFP4 draft kernels, fused routed-MoE per draft layer, persistent resident experts, greedy Markov head, exact verifier v1
ds4: Flash-MoE using mmap-backed dense/shared weights without full-model Metal residency warmup
ds4: Metal model views created in 0.252 ms, residency requested in 0.000 ms, warmup 0.000 ms (mapped 8393.67 MiB from offset 5.06 MiB)
ds4: Metal mapped mmaped model as 1 overlapping shared buffers
ds4: metal backend initialized for graph diagnostics
ds4: prefill routed-MoE (requested): mul_mm_id (grouped GPU / ALU)  [grouped path]
ds4: prefill quant scales (ANE env first): w_qscale=512 x_qscale=32 mid_qscale=32 w_scale=0.00195312 x_scale=0.03125 mid_scale=0.03125
ds4: prefill ctx-grow: on, block=16384 tokens
ds4: prefill chunk cap: 16384, graph_raw_cap=auto
ds4: Flash-MoE resident mixed slot-bank load: layers=43 slots=256 bytes=72.56 GiB (one dot per layer)
ds4: Flash-MoE resident prepare: ........................................... 72.56/72.56 GiB (43 layers)
ds4: Flash-MoE resident preload: ........................................... 72.56/72.56 GiB (43 layers)
ds4: Flash-MoE preloaded mixed slot bank: layers=43 slots=256 identity-mapped experts=256
ds4: Flash-MoE slot-bank Metal residency requested: buffers=43 bytes=72.56 GiB
ds4: Flash-MoE slot-bank pages touched: buffers=43 bytes=72.56 GiB
ds4: Flash-MoE slot banks allocated: layers=43 slots=256 gpu-bank=72.6GB Dense: 8.2GB Context: 0.4GB Total <<<< 81.2GB >>>>
ds4: Flash-MoE slot bank layout: mixed expert-major
ds4: warning: very large Flash-MoE slot bank can collapse decode throughput (slots=256, gpu-bank=72.56 GiB). The wired bank competes with the OS file cache that serves decode-miss reads of the sidecar; when the sidecar is larger than RAM, smaller banks decode faster. Compare --moe-slot-bank 32/48/64 or use --ssd-cache auto.
ds4: prefill compute: routed experts = ANE i8i8 (W8A8) | dense proj = Q8 direct-RHS NAX; K-quant dense = fused mul_mm_id batch
ds4: prefill I/O: io-split=4 async-pread=on pread-threads=4 readahead=12 bank-prefetch=3 slot-cache-topk=0 xlayer=auto<=6k-tok topk=128
ds4: decode  I/O: io-split=4 router-prefetch=off scratch-prefetch=off max-loads=0 layer-stride=1 miss-direct-slot-pread=on prefetch-direct-slot-pread=off did-modify=on shared-down=on reset-after-prefill=off realloc-after-prefill=off restore-after-prefill=off resident=slot-bank slots=256
ds4: Flash-MoE banked kernels using M5 simdgroup_matrix fast path (prefetch=3, banks=4)
ds4: WARNING: prefill chunk 4096 clamped to 3968 by raw-KV cap (raw_cap=4096, window=128). Set DS4_METAL_GRAPH_RAW_CAP >= 4224 (window + chunk) — or unset it to auto-size — to honor the chunk.
ds4: prefill chunk cap EFFECTIVE=3968 tokens (DS4_METAL_PREFILL_CHUNK=16384), CLAMPED by raw-KV-cap (ctx-grow) (resident-NAX tiles this by scratch_cap; that tile gates the sync bridge)
processing 19 input tokens: 0/19 (0.0%) batch=0.00 t/s avg=0.00 t/s
ds4: ANE i8w-i8x-tiled-fused cached async prefill B=256 H=4096 I=2048 w_scale=0.00195312 x_scale=0.03125 mid_scale=0.03125
processing 19 input tokens: 0/19 (0.0%) batch=0.00 t/s avg=0.00 t/s
processing 19 input tokens: 0/19 (0.0%) batch=0.00 t/s avg=0.00 t/s
processing 19 input tokens: 1/19 (5.3%) batch=26.89 t/s avg=0.58 t/s
processing 19 input tokens: 1/19 (5.3%) batch=0.00 t/s avg=0.57 t/s
processing 19 input tokens: 2/19 (10.5%) batch=55.67 t/s avg=1.13 t/s
processing 19 input tokens: 2/19 (10.5%) batch=0.00 t/s avg=1.12 t/s
processing 19 input tokens: 3/19 (15.8%) batch=51.75 t/s avg=1.66 t/s
processing 19 input tokens: 3/19 (15.8%) batch=0.00 t/s avg=1.64 t/s
processing 19 input tokens: 3/19 (15.8%) batch=0.00 t/s avg=1.62 t/s
processing 19 input tokens: 4/19 (21.1%) batch=49.93 t/s avg=2.14 t/s
processing 19 input tokens: 4/19 (21.1%) batch=0.00 t/s avg=2.12 t/s
processing 19 input tokens: 5/19 (26.3%) batch=48.63 t/s avg=2.62 t/s
processing 19 input tokens: 5/19 (26.3%) batch=0.00 t/s avg=2.59 t/s
processing 19 input tokens: 6/19 (31.6%) batch=53.30 t/s avg=3.08 t/s
processing 19 input tokens: 6/19 (31.6%) batch=0.00 t/s avg=3.05 t/s
processing 19 input tokens: 7/19 (36.8%) batch=60.93 t/s avg=3.53 t/s
processing 19 input tokens: 7/19 (36.8%) batch=0.00 t/s avg=3.50 t/s
processing 19 input tokens: 7/19 (36.8%) batch=0.00 t/s avg=3.47 t/s
processing 19 input tokens: 8/19 (42.1%) batch=54.55 t/s avg=3.93 t/s
processing 19 input tokens: 8/19 (42.1%) batch=0.00 t/s avg=3.88 t/s
processing 19 input tokens: 9/19 (47.4%) batch=54.92 t/s avg=4.33 t/s
processing 19 input tokens: 9/19 (47.4%) batch=0.00 t/s avg=4.29 t/s
processing 19 input tokens: 10/19 (52.6%) batch=50.63 t/s avg=4.72 t/s
processing 19 input tokens: 10/19 (52.6%) batch=0.00 t/s avg=4.68 t/s
processing 19 input tokens: 11/19 (57.9%) batch=59.04 t/s avg=5.11 t/s
processing 19 input tokens: 11/19 (57.9%) batch=0.00 t/s avg=5.07 t/s
processing 19 input tokens: 11/19 (57.9%) batch=0.00 t/s avg=5.03 t/s
processing 19 input tokens: 12/19 (63.2%) batch=51.86 t/s avg=5.44 t/s
processing 19 input tokens: 12/19 (63.2%) batch=0.00 t/s avg=5.39 t/s
processing 19 input tokens: 13/19 (68.4%) batch=49.88 t/s avg=5.79 t/s
processing 19 input tokens: 13/19 (68.4%) batch=0.00 t/s avg=5.74 t/s
processing 19 input tokens: 14/19 (73.7%) batch=54.07 t/s avg=6.13 t/s
processing 19 input tokens: 14/19 (73.7%) batch=0.00 t/s avg=6.09 t/s
processing 19 input tokens: 15/19 (78.9%) batch=55.71 t/s avg=6.47 t/s
processing 19 input tokens: 15/19 (78.9%) batch=0.00 t/s avg=6.42 t/s
processing 19 input tokens: 15/19 (78.9%) batch=0.00 t/s avg=6.36 t/s
processing 19 input tokens: 16/19 (84.2%) batch=52.64 t/s avg=6.73 t/s
processing 19 input tokens: 16/19 (84.2%) batch=0.00 t/s avg=6.68 t/s
processing 19 input tokens: 17/19 (89.5%) batch=51.86 t/s avg=7.04 t/s
processing 19 input tokens: 17/19 (89.5%) batch=0.00 t/s avg=6.98 t/s
processing 19 input tokens: 18/19 (94.7%) batch=53.05 t/s avg=7.33 t/s
processing 19 input tokens: 18/19 (94.7%) batch=0.00 t/s avg=7.27 t/s
processing 19 input tokens: 19/19 (100.0%) batch=46.20 t/s avg=7.61 t/s
ds4: prefill full: 19 tokens in 2498.1 ms (7.6 t/s)
ds4: [mxfp4-native] two-dispatch plane decode arm engaged (dspark-strided, experts=6)
ds4: DSpark draft warmup: cap=5 rows=5 in 203.0 ms (paid before decode timer)
ds4: Flash-MoE mixed resident bank using fused GPU-selected decode path (slot id == expert id)
ds4: speculative sidecar verifier: resident slot-bank tiny batch path engaged (n_tokens<=5, slot id == expert id)
ds4: dspark hybrid layer attn-HC audit decodeN-attn-ffn-batch eps=1e-08 first=1 row=0 idx=0 delta=1.50874e-07 h=-0.0274389 e=-0.027439 max=1.21444e-06 rms=1.16174e-07 worst=21 row=2 idx=5716 worst_delta=0.567997 h=4.32445 e=3.75646 worst_rms=0.0419421 layers=43 rows=3
ds4: dspark hybrid layer ffn-pre audit decodeN-attn-ffn-batch eps=1e-08 first=0 row=0 idx=3 delta=1.49012e-08 h=0.125802 e=0.125802 max=1.49012e-08 rms=3.15955e-09 worst=41 row=2 idx=2278 worst_delta=0.411507 h=19.4767 e=19.0652 worst_rms=0.0612644 layers=43 rows=3
ds4: dspark hybrid layer ffn-norm audit decodeN-attn-ffn-batch eps=1e-08 first=0 row=0 idx=3 delta=5.96046e-08 h=0.393523 e=0.393523 max=8.9407e-08 rms=1.61626e-08 worst=18 row=2 idx=2532 worst_delta=0.174699 h=-0.565439 e=-0.740138 worst_rms=0.0284586 layers=43 rows=3
ds4: dspark hybrid layer routed-out audit decodeN-attn-ffn-batch eps=1e-08 first=0 row=0 idx=0 delta=5.96046e-08 h=-0.359778 e=-0.359778 max=2.38419e-07 rms=4.69338e-08 worst=17 row=2 idx=2660 worst_delta=0.296417 h=-0.107458 e=-0.403875 worst_rms=0.0469551 layers=43 rows=3
ds4: dspark hybrid layer shared-out audit decodeN-attn-ffn-batch eps=1e-08 first=0 row=0 idx=0 delta=5.96046e-08 h=-0.874057 e=-0.874057 max=2.38419e-07 rms=5.37268e-08 worst=42 row=1 idx=2196 worst_delta=0.260254 h=-119.227 e=-119.488 worst_rms=0.0154736 layers=43 rows=3
ds4: dspark hybrid layer post-HC audit decodeN-attn-ffn-batch eps=1e-08 first=0 row=0 idx=0 delta=1.11759e-08 h=0.0530799 e=0.0530799 max=3.57628e-07 rms=2.90446e-08 worst=42 row=2 idx=14484 worst_delta=0.695724 h=-134.305 e=-133.609 worst_rms=0.0586219 layers=43 rows=3
ds4: dspark hybrid first divergence audit decodeN-attn-ffn-batch stage=attn-HC layer=1 row=0 idx=0 delta=1.50874e-07 h=-0.0274389 e=-0.027439 layer_max=1.21444e-06 layer_rms=1.16174e-07
ds4: dspark hybrid audit commit logits top hybrid=5553 exact=5553 margin hybrid=2.601 exact=2.667 max=0.236309 rms=0.0413109
ds4: dspark batch state audit hybrid-vs-exact layer=3 n_comp 0/0 n_index 0/0 attn_kv max=3.8147e-06 rms=8.43499e-08 attn_score max=7.59959e-06 rms=nan index_kv max=0 rms=0 index_score max=0 rms=0 raw max=0.03125 rms=0.00079736 rows=3
ds4: dspark batch state audit hybrid-vs-exact layer=4 n_comp 5/5 n_index 5/5 attn_kv max=0.000221387 rms=1.41649e-05 attn_score max=0.00045681 rms=nan index_kv max=0.000284433 rms=1.95801e-05 index_score max=0.00057292 rms=nan raw max=0.0625 rms=0.00183462 rows=3
ds4: dspark batch state audit hybrid-vs-exact layer=5 n_comp 0/0 n_index 0/0 attn_kv max=0.000315011 rms=6.18175e-06 attn_score max=0.000427723 rms=nan index_kv max=0 rms=0 index_score max=0 rms=0 raw max=0.125 rms=0.00380557 rows=3
ds4: dspark batch state audit hybrid-vs-exact layer=6 n_comp 5/5 n_index 5/5 attn_kv max=0.000756502 rms=7.72962e-05 attn_score max=0.0041728 rms=nan index_kv max=0.000940755 rms=9.51373e-05 index_score max=0.00566769 rms=nan raw max=0.0625 rms=0.0030691 rows=3
ds4: dspark batch state audit hybrid-vs-exact layer=7 n_comp 0/0 n_index 0/0 attn_kv max=0.000726715 rms=1.32975e-05 attn_score max=0.00131762 rms=nan index_kv max=0 rms=0 index_score max=0 rms=0 raw max=0.125 rms=0.00647733 rows=3
ds4: dspark batch state audit hybrid-vs-exact layer=8 n_comp 5/5 n_index 5/5 attn_kv max=0.00280547 rms=0.000202262 attn_score max=0.00590622 rms=nan index_kv max=0.00318909 rms=0.000265362 index_score max=0.00662726 rms=nan raw max=0.0625 rms=0.00515407 rows=3
ds4: dspark batch state audit hybrid-vs-exact layer=9 n_comp 0/0 n_index 0/0 attn_kv max=0.000584781 rms=1.4716e-05 attn_score max=0.000813201 rms=nan index_kv max=0 rms=0 index_score max=0 rms=0 raw max=0.125 rms=0.00549097 rows=3
ds4: dspark batch state audit hybrid-vs-exact layer=10 n_comp 5/5 n_index 5/5 attn_kv max=0.00176139 rms=0.00017795 attn_score max=0.00350165 rms=nan index_kv max=0.00223982 rms=0.00023472 index_score max=0.00375259 rms=nan raw max=0.0625 rms=0.00529934 rows=3
ds4: dspark batch state audit hybrid-vs-exact layer=11 n_comp 0/0 n_index 0/0 attn_kv max=0.000830472 rms=2.09102e-05 attn_score max=0.00175314 rms=nan index_kv max=0 rms=0 index_score max=0 rms=0 raw max=0.125 rms=0.00553373 rows=3
ds4: dspark batch state audit hybrid-vs-exact layer=12 n_comp 5/5 n_index 5/5 attn_kv max=0.00195775 rms=0.00018198 attn_score max=0.0126348 rms=nan index_kv max=0.00633001 rms=0.000283394 index_score max=0.0136038 rms=nan raw max=0.125 rms=0.00659376 rows=3
ds4: dspark batch state audit hybrid-vs-exact layer=13 n_comp 0/0 n_index 0/0 attn_kv max=0.000617594 rms=2.19361e-05 attn_score max=0.00116873 rms=nan index_kv max=0 rms=0 index_score max=0 rms=0 raw max=0.125 rms=0.0076718 rows=3
ds4: dspark batch state audit hybrid-vs-exact layer=14 n_comp 5/5 n_index 5/5 attn_kv max=0.00219566 rms=0.000238772 attn_score max=0.00694793 rms=nan index_kv max=0.00417256 rms=0.00036994 index_score max=0.00871336 rms=nan raw max=0.125 rms=0.010056 rows=3
ds4: dspark batch state audit hybrid-vs-exact layer=15 n_comp 0/0 n_index 0/0 attn_kv max=0.00179771 rms=4.48596e-05 attn_score max=0.00925568 rms=nan index_kv max=0 rms=0 index_score max=0 rms=0 raw max=0.125 rms=0.00732895 rows=3
ds4: dspark batch state audit hybrid-vs-exact layer=16 n_comp 5/5 n_index 5/5 attn_kv max=0.00341094 rms=0.000326311 attn_score max=0.0279254 rms=nan index_kv max=0.00607073 rms=0.00055104 index_score max=0.0349331 rms=nan raw max=0.25 rms=0.0112484 rows=3
ds4: dspark batch state audit hybrid-vs-exact layer=17 n_comp 0/0 n_index 0/0 attn_kv max=0.0475308 rms=0.00137465 attn_score max=0.119104 rms=nan index_kv max=0 rms=0 index_score max=0 rms=0 raw max=0.25 rms=0.0453339 rows=3
ds4: dspark batch state audit hybrid-vs-exact layer=18 n_comp 5/5 n_index 5/5 attn_kv max=0.0394545 rms=0.00440291 attn_score max=0.127019 rms=nan index_kv max=0.089787 rms=0.0055148 index_score max=0.140491 rms=nan raw max=0.34375 rms=0.0605313 rows=3
ds4: dspark batch state audit hybrid-vs-exact layer=19 n_comp 0/0 n_index 0/0 attn_kv max=0.0246958 rms=0.000506192 attn_score max=0.0329661 rms=nan index_kv max=0 rms=0 index_score max=0 rms=0 raw max=0.25 rms=0.0509569 rows=3
ds4: dspark batch state audit hybrid-vs-exact layer=20 n_comp 5/5 n_index 5/5 attn_kv max=0.0317773 rms=0.00357266 attn_score max=0.105755 rms=nan index_kv max=0.0304836 rms=0.00400209 index_score max=0.187355 rms=nan raw max=0.289062 rms=0.0532421 rows=3
ds4: dspark batch state audit hybrid-vs-exact layer=21 n_comp 0/0 n_index 0/0 attn_kv max=0.0192438 rms=0.000364957 attn_score max=0.0256935 rms=nan index_kv max=0 rms=0 index_score max=0 rms=0 raw max=0.148438 rms=0.0310538 rows=3
ds4: dspark batch state audit hybrid-vs-exact layer=22 n_comp 5/5 n_index 5/5 attn_kv max=0.0216561 rms=0.00248153 attn_score max=0.0505915 rms=nan index_kv max=0.0318676 rms=0.00366755 index_score max=0.0516222 rms=nan raw max=0.25 rms=0.0240617 rows=3
ds4: dspark batch state audit hybrid-vs-exact layer=23 n_comp 0/0 n_index 0/0 attn_kv max=0.04738 rms=0.00056034 attn_score max=0.0337447 rms=nan index_kv max=0 rms=0 index_score max=0 rms=0 raw max=0.25 rms=0.0317219 rows=3
ds4: dspark batch state audit hybrid-vs-exact layer=24 n_comp 5/5 n_index 5/5 attn_kv max=0.0287922 rms=0.00206579 attn_score max=0.0706635 rms=nan index_kv max=0.0252589 rms=0.00269131 index_score max=0.099304 rms=nan raw max=0.125 rms=0.0152425 rows=3
ds4: dspark batch state audit hybrid-vs-exact layer=25 n_comp 0/0 n_index 0/0 attn_kv max=0.0100036 rms=0.000186648 attn_score max=0.0146232 rms=nan index_kv max=0 rms=0 index_score max=0 rms=0 raw max=0.125 rms=0.0227654 rows=3
ds4: dspark batch state audit hybrid-vs-exact layer=26 n_comp 5/5 n_index 5/5 attn_kv max=0.0161654 rms=0.00141452 attn_score max=0.060043 rms=nan index_kv max=0.0168143 rms=0.0015743 index_score max=0.083194 rms=nan raw max=0.25 rms=0.0244807 rows=3
ds4: dspark batch state audit hybrid-vs-exact layer=27 n_comp 0/0 n_index 0/0 attn_kv max=0.00989056 rms=0.000203121 attn_score max=0.0172567 rms=nan index_kv max=0 rms=0 index_score max=0 rms=0 raw max=0.125 rms=0.0253706 rows=3
ds4: dspark batch state audit hybrid-vs-exact layer=28 n_comp 5/5 n_index 5/5 attn_kv max=0.0228011 rms=0.00153705 attn_score max=0.160352 rms=nan index_kv max=0.0338086 rms=0.00222185 index_score max=0.131849 rms=nan raw max=0.125 rms=0.0194754 rows=3
ds4: dspark batch state audit hybrid-vs-exact layer=29 n_comp 0/0 n_index 0/0 attn_kv max=0.0116033 rms=0.000201801 attn_score max=0.0272539 rms=nan index_kv max=0 rms=0 index_score max=0 rms=0 raw max=0.25 rms=0.0274068 rows=3
ds4: dspark batch state audit hybrid-vs-exact layer=30 n_comp 5/5 n_index 5/5 attn_kv max=0.0155157 rms=0.00141573 attn_score max=0.118647 rms=nan index_kv max=0.0278109 rms=0.00216055 index_score max=0.103815 rms=nan raw max=0.25 rms=0.0192499 rows=3
ds4: dspark batch state audit hybrid-vs-exact layer=31 n_comp 0/0 n_index 0/0 attn_kv max=0.00758189 rms=0.000171447 attn_score max=0.0149558 rms=nan index_kv max=0 rms=0 index_score max=0 rms=0 raw max=0.125 rms=0.0189034 rows=3
ds4: dspark batch state audit hybrid-vs-exact layer=32 n_comp 5/5 n_index 5/5 attn_kv max=0.0088256 rms=0.000759239 attn_score max=0.0739522 rms=nan index_kv max=0.0127435 rms=0.00102834 index_score max=0.0790315 rms=nan raw max=0.125 rms=0.0151701 rows=3
ds4: dspark batch state audit hybrid-vs-exact layer=33 n_comp 0/0 n_index 0/0 attn_kv max=0.00660613 rms=0.000160295 attn_score max=0.0124857 rms=nan index_kv max=0 rms=0 index_score max=0 rms=0 raw max=0.25 rms=0.0223738 rows=3
ds4: dspark batch state audit hybrid-vs-exact layer=34 n_comp 5/5 n_index 5/5 attn_kv max=0.01135 rms=0.000850621 attn_score max=0.0538123 rms=nan index_kv max=0.00984383 rms=0.000982493 index_score max=0.052068 rms=nan raw max=0.125 rms=0.0174575 rows=3
ds4: dspark batch state audit hybrid-vs-exact layer=35 n_comp 0/0 n_index 0/0 attn_kv max=0.0124437 rms=0.000198302 attn_score max=0.0154862 rms=nan index_kv max=0 rms=0 index_score max=0 rms=0 raw max=0.25 rms=0.0202461 rows=3
ds4: dspark batch state audit hybrid-vs-exact layer=36 n_comp 5/5 n_index 5/5 attn_kv max=0.00997415 rms=0.00086467 attn_score max=0.0452871 rms=nan index_kv max=0.00833344 rms=0.000831728 index_score max=0.0436721 rms=nan raw max=0.125 rms=0.0159932 rows=3
ds4: dspark batch state audit hybrid-vs-exact layer=37 n_comp 0/0 n_index 0/0 attn_kv max=0.00748698 rms=7.61834e-05 attn_score max=0.0128236 rms=nan index_kv max=0 rms=0 index_score max=0 rms=0 raw max=0.125 rms=0.0158342 rows=3
ds4: dspark batch state audit hybrid-vs-exact layer=38 n_comp 5/5 n_index 5/5 attn_kv max=0.0171599 rms=0.00126789 attn_score max=0.0607004 rms=nan index_kv max=0.0432843 rms=0.0017411 index_score max=0.0833712 rms=nan raw max=0.125 rms=0.0124369 rows=3
ds4: dspark batch state audit hybrid-vs-exact layer=39 n_comp 0/0 n_index 0/0 attn_kv max=0.00537008 rms=0.000117212 attn_score max=0.0165831 rms=nan index_kv max=0 rms=0 index_score max=0 rms=0 raw max=0.25 rms=0.0158281 rows=3
ds4: dspark batch state audit hybrid-vs-exact layer=40 n_comp 5/5 n_index 5/5 attn_kv max=0.00779776 rms=0.000688955 attn_score max=0.10907 rms=nan index_kv max=0.0111992 rms=0.00114194 index_score max=0.113668 rms=nan raw max=0.125 rms=0.0170539 rows=3
ds4: dspark batch state audit hybrid-vs-exact layer=41 n_comp 0/0 n_index 0/0 attn_kv max=0.00360787 rms=8.50074e-05 attn_score max=0.0163926 rms=nan index_kv max=0 rms=0 index_score max=0 rms=0 raw max=0.125 rms=0.0175352 rows=3
ds4: dspark batch state audit hybrid-vs-exact layer=42 n_comp 5/5 n_index 5/5 attn_kv max=0.00574213 rms=0.000551827 attn_score max=0.0241065 rms=nan index_kv max=0.00481114 rms=0.000568801 index_score max=0.034445 rms=nan raw max=0.125 rms=0.0103003 rows=3
ds4: dspark batch state audit hybrid-vs-exact final_hc row=2 max=0.695724 rms=0.0943887
ds4: dspark batch state audit hybrid-vs-exact dspark_target_hidden start=20 rows=3 max=0.251727 rms=0.0384067
ds4: dspark batch state audit hybrid-vs-exact summary mismatch_layers=40 max=0.695724 final_hc_max=0.695724 decode_hc_max=0 dspark_hidden max=0.251727 rms=0.0384067 dspark_kv max=0 rms=0 raw_rows=3 mtp_n_raw 0/0
ds4: dspark timing decodeN drafted=3 committed=3 draft=12.200 ms snapshot=0.825 ms verify=202.314 ms dspark_kv=2.520 ms total=217.921 ms
ds4: ----------------------------------------
ds4: prefill: 6.97 t/s, generation: 16.15 t/s (4 tokens in 0.248s)
ds4: dspark acceptance: 100.0% (3/3 draft tokens)
ds4: Flash-MoE resident slot bank: resident-slots=11008/11008 (100.0%, avg=256.0/layer) installed=72.56 GiB
