ds4: detected DS4 sidecar package: -m /Users/anemll/Models/flash/dsv4-iq2xxs-expert-major/dense/model-dense.gguf, --moe-sidecar /Users/anemll/Models/flash/dsv4-iq2xxs-expert-major, --moe-mode slot-bank
ds4: applied sidecar tuning profile [Apple M5 Max] from ds4_profile.json (51 env defaults set, 0 kept from environment)
ds4: warning: raw KV cap limits Metal prefill chunk (prefill_chunk=4096, raw_kv_rows=4096, raw_window=128, effective_chunk=3968; target raw cap for one chunk is 4352, also requires ctx >= that value)
ds4: context buffers 429.99 MiB (ctx=4096, backend=metal, prefill_chunk=4096, raw_kv_rows=4096, compressed_kv_rows=1026)
ds4: Flash-MoE sidecar loaded: /Users/anemll/Models/flash/dsv4-iq2xxs-expert-major (slot-bank=256, expert-record 6.75 MiB)
ds4: Flash-MoE expert mmap cache: off; expert reads: pread
ds4: Metal device Apple M5 Max, 128.00 GiB RAM, GPU working-set budget 107.52 GiB (raise with: sudo sysctl iogpu.wired_limit_mb=<MB>)
ds4: drift-patch flags hc_stable=on norm_unify=on kv_raw_f32=off rope_exp2_log2=off math_safe=off tensor_matmul=off
ds4: MXFP4 native library (MSL 4.1): repack=ok selected-repack=ok selected-plane-copy=ok scale-plane matmul=ok selected-matmul=ok decode2=pair/sum6 batch-decode2=pair/sum6 batch-strided=pair/sum6 hybrid-down=sum6 chunked-decode2=pair/sum6
ds4: DS4_MXFP4_NATIVE=1: native MXFP4 available (MPP 4.1 scale-plane matmul2d)
ds4: DSpark resident expert cache: ranges=9 bytes=9.56 GiB (persistent; debug opt-out requires DS4_DSPARK_ALLOW_NONRESIDENT=1)
ds4: DSpark sidecar Metal residency requested: buffers=9 bytes=9.56 GiB
ds4: DSpark draft package loaded: /Users/anemll/Models/DSv4-Flash-DSpark-draft (block=5 verify=5 active=5 scheduler=static conf=0.000 noise=128799 target_layers=40,41,42 markov_rank=256 records=81 mapped=10.12 GiB)
ds4: DSpark draft records: F32=41 F16=6 FP8_E4M3=25 MXFP4_NATIVE=9
ds4: DSpark draft inference enabled: MPP 4.1 FP8/MXFP4 draft kernels, fused routed-MoE per draft layer, persistent resident experts, greedy Markov head, exact verifier v1
ds4: Flash-MoE using mmap-backed dense/shared weights without full-model Metal residency warmup
ds4: Metal model views created in 0.257 ms, residency requested in 0.000 ms, warmup 0.000 ms (mapped 8393.67 MiB from offset 5.06 MiB)
ds4: Metal mapped mmaped model as 1 overlapping shared buffers
ds4: metal backend initialized for graph diagnostics
ds4: prefill routed-MoE (requested): mul_mm_id (grouped GPU / ALU)  [grouped path]
ds4: prefill quant scales (ANE env first): w_qscale=512 x_qscale=32 mid_qscale=32 w_scale=0.00195312 x_scale=0.03125 mid_scale=0.03125
ds4: prefill ctx-grow: on, block=16384 tokens
ds4: prefill chunk cap: 16384, graph_raw_cap=auto
ds4: Flash-MoE resident mixed slot-bank load: layers=43 slots=256 bytes=72.56 GiB (one dot per layer)
ds4: Flash-MoE resident prepare: ........................................... 72.56/72.56 GiB (43 layers)
ds4: Flash-MoE resident preload: ........................................... 72.56/72.56 GiB (43 layers)
ds4: Flash-MoE preloaded mixed slot bank: layers=43 slots=256 identity-mapped experts=256
ds4: Flash-MoE slot-bank Metal residency requested: buffers=43 bytes=72.56 GiB
ds4: Flash-MoE slot-bank pages touched: buffers=43 bytes=72.56 GiB
ds4: Flash-MoE slot banks allocated: layers=43 slots=256 gpu-bank=72.6GB Dense: 8.2GB Context: 0.4GB Total <<<< 81.2GB >>>>
ds4: Flash-MoE slot bank layout: mixed expert-major
ds4: warning: very large Flash-MoE slot bank can collapse decode throughput (slots=256, gpu-bank=72.56 GiB). The wired bank competes with the OS file cache that serves decode-miss reads of the sidecar; when the sidecar is larger than RAM, smaller banks decode faster. Compare --moe-slot-bank 32/48/64 or use --ssd-cache auto.
ds4: prefill compute: routed experts = ANE i8i8 (W8A8) | dense proj = Q8 direct-RHS NAX; K-quant dense = fused mul_mm_id batch
ds4: prefill I/O: io-split=4 async-pread=on pread-threads=4 readahead=12 bank-prefetch=3 slot-cache-topk=0 xlayer=auto<=6k-tok topk=128
ds4: decode  I/O: io-split=4 router-prefetch=off scratch-prefetch=off max-loads=0 layer-stride=1 miss-direct-slot-pread=on prefetch-direct-slot-pread=off did-modify=on shared-down=on reset-after-prefill=off realloc-after-prefill=off restore-after-prefill=off resident=slot-bank slots=256
ds4: Flash-MoE banked kernels using M5 simdgroup_matrix fast path (prefetch=3, banks=4)
ds4: WARNING: prefill chunk 4096 clamped to 3968 by raw-KV cap (raw_cap=4096, window=128). Set DS4_METAL_GRAPH_RAW_CAP >= 4224 (window + chunk) — or unset it to auto-size — to honor the chunk.
ds4: prefill chunk cap EFFECTIVE=3968 tokens (DS4_METAL_PREFILL_CHUNK=16384), CLAMPED by raw-KV-cap (ctx-grow) (resident-NAX tiles this by scratch_cap; that tile gates the sync bridge)
processing 19 input tokens: 0/19 (0.0%) batch=0.00 t/s avg=0.00 t/s
ds4: ANE i8w-i8x-tiled-fused cached async prefill B=256 H=4096 I=2048 w_scale=0.00195312 x_scale=0.03125 mid_scale=0.03125
processing 19 input tokens: 0/19 (0.0%) batch=0.00 t/s avg=0.00 t/s
processing 19 input tokens: 0/19 (0.0%) batch=0.00 t/s avg=0.00 t/s
processing 19 input tokens: 1/19 (5.3%) batch=31.21 t/s avg=0.66 t/s
processing 19 input tokens: 1/19 (5.3%) batch=0.00 t/s avg=0.65 t/s
processing 19 input tokens: 2/19 (10.5%) batch=55.50 t/s avg=1.28 t/s
processing 19 input tokens: 2/19 (10.5%) batch=0.00 t/s avg=1.27 t/s
processing 19 input tokens: 3/19 (15.8%) batch=54.06 t/s avg=1.88 t/s
processing 19 input tokens: 3/19 (15.8%) batch=0.00 t/s avg=1.86 t/s
processing 19 input tokens: 3/19 (15.8%) batch=0.00 t/s avg=1.83 t/s
processing 19 input tokens: 4/19 (21.1%) batch=47.95 t/s avg=2.42 t/s
processing 19 input tokens: 4/19 (21.1%) batch=0.00 t/s avg=2.39 t/s
processing 19 input tokens: 5/19 (26.3%) batch=50.36 t/s avg=2.95 t/s
processing 19 input tokens: 5/19 (26.3%) batch=0.00 t/s avg=2.92 t/s
processing 19 input tokens: 6/19 (31.6%) batch=54.92 t/s avg=3.46 t/s
processing 19 input tokens: 6/19 (31.6%) batch=0.00 t/s avg=3.43 t/s
processing 19 input tokens: 7/19 (36.8%) batch=59.16 t/s avg=3.96 t/s
processing 19 input tokens: 7/19 (36.8%) batch=0.00 t/s avg=3.92 t/s
processing 19 input tokens: 7/19 (36.8%) batch=0.00 t/s avg=3.89 t/s
processing 19 input tokens: 8/19 (42.1%) batch=54.04 t/s avg=4.40 t/s
processing 19 input tokens: 8/19 (42.1%) batch=0.00 t/s avg=4.34 t/s
processing 19 input tokens: 9/19 (47.4%) batch=54.09 t/s avg=4.83 t/s
processing 19 input tokens: 9/19 (47.4%) batch=0.00 t/s avg=4.78 t/s
processing 19 input tokens: 10/19 (52.6%) batch=51.97 t/s avg=5.26 t/s
processing 19 input tokens: 10/19 (52.6%) batch=0.00 t/s avg=5.21 t/s
processing 19 input tokens: 11/19 (57.9%) batch=56.31 t/s avg=5.67 t/s
processing 19 input tokens: 11/19 (57.9%) batch=0.00 t/s avg=5.62 t/s
processing 19 input tokens: 11/19 (57.9%) batch=0.00 t/s avg=5.58 t/s
processing 19 input tokens: 12/19 (63.2%) batch=52.03 t/s avg=6.03 t/s
processing 19 input tokens: 12/19 (63.2%) batch=0.00 t/s avg=5.97 t/s
processing 19 input tokens: 13/19 (68.4%) batch=49.74 t/s avg=6.40 t/s
processing 19 input tokens: 13/19 (68.4%) batch=0.00 t/s avg=6.35 t/s
processing 19 input tokens: 14/19 (73.7%) batch=51.93 t/s avg=6.77 t/s
processing 19 input tokens: 14/19 (73.7%) batch=0.00 t/s avg=6.72 t/s
processing 19 input tokens: 15/19 (78.9%) batch=57.40 t/s avg=7.14 t/s
processing 19 input tokens: 15/19 (78.9%) batch=0.00 t/s avg=7.07 t/s
processing 19 input tokens: 15/19 (78.9%) batch=0.00 t/s avg=7.00 t/s
processing 19 input tokens: 16/19 (84.2%) batch=51.85 t/s avg=7.40 t/s
processing 19 input tokens: 16/19 (84.2%) batch=0.00 t/s avg=7.34 t/s
processing 19 input tokens: 17/19 (89.5%) batch=54.77 t/s avg=7.73 t/s
processing 19 input tokens: 17/19 (89.5%) batch=0.00 t/s avg=7.66 t/s
processing 19 input tokens: 18/19 (94.7%) batch=54.09 t/s avg=8.04 t/s
processing 19 input tokens: 18/19 (94.7%) batch=0.00 t/s avg=7.97 t/s
processing 19 input tokens: 19/19 (100.0%) batch=46.82 t/s avg=8.34 t/s
ds4: prefill full: 19 tokens in 2281.5 ms (8.3 t/s)
ds4: [mxfp4-native] two-dispatch plane decode arm engaged (dspark-strided, experts=6)
ds4: dspark draft profile cap=5 rows=5 graph=139.624 ms markov=30.432 ms total=170.056 ms
ds4: DSpark draft warmup: cap=5 rows=5 in 170.1 ms (paid before decode timer)
ds4: Flash-MoE mixed resident bank using fused GPU-selected decode path (slot id == expert id)
ds4: dspark draft profile cap=5 rows=5 graph=17.064 ms markov=2.895 ms total=19.959 ms
ds4: dspark hybrid FFN-pre verifier using exact F16 rows path
ds4: dspark hybrid row-router verifier using exact F16 logits rows path
ds4: dspark hybrid row-router verifier using exact selector rows path
ds4: routed MoE exact ordered expert-sum kernel enabled
ds4: [mxfp4-native] two-dispatch plane decode arm engaged (banked-generic-row-loop-exact, experts=6)
ds4: dspark hybrid row-routed verifier using exact row-loop path
ds4: dspark hybrid shared verifier using exact fused rows path
ds4: dspark hybrid attention verifier using exact F16 compressor rows path
ds4: dspark hybrid verifier profile n=5 layers=43 exact_prefix=0.000 ms attention=63.279 ms row_ffn_pre=11.056 ms row_router=13.774 ms batch_router=0.000 ms row_routed=38.625 ms row_shared=12.885 ms batch_tail=12.673 ms target_hidden=1.348 ms head=1.631 ms read=0.119 ms total=155.406 ms
ds4: dspark draft profile cap=5 rows=5 graph=16.895 ms markov=2.161 ms total=19.056 ms
ds4: dspark hybrid verifier profile n=5 layers=43 exact_prefix=0.000 ms attention=63.716 ms row_ffn_pre=11.443 ms row_router=14.658 ms batch_router=0.000 ms row_routed=38.514 ms row_shared=12.521 ms batch_tail=12.508 ms target_hidden=1.497 ms head=1.728 ms read=0.027 ms total=156.630 ms
ds4: dspark draft profile cap=5 rows=5 graph=17.132 ms markov=2.113 ms total=19.245 ms
ds4: dspark hybrid verifier profile n=5 layers=43 exact_prefix=0.000 ms attention=61.172 ms row_ffn_pre=10.573 ms row_router=12.704 ms batch_router=0.000 ms row_routed=39.157 ms row_shared=12.794 ms batch_tail=14.181 ms target_hidden=1.444 ms head=2.363 ms read=0.032 ms total=154.437 ms
ds4: dspark draft profile cap=5 rows=5 graph=16.916 ms markov=2.825 ms total=19.741 ms
ds4: dspark draft profile cap=5 rows=5 graph=17.045 ms markov=2.079 ms total=19.124 ms
ds4: dspark hybrid verifier profile n=5 layers=43 exact_prefix=0.000 ms attention=64.178 ms row_ffn_pre=10.543 ms row_router=12.921 ms batch_router=0.000 ms row_routed=38.113 ms row_shared=11.839 ms batch_tail=12.042 ms target_hidden=1.363 ms head=1.598 ms read=0.028 ms total=152.643 ms
ds4: dspark draft profile cap=5 rows=5 graph=16.251 ms markov=2.130 ms total=18.381 ms
ds4: dspark hybrid verifier profile n=5 layers=43 exact_prefix=0.000 ms attention=60.455 ms row_ffn_pre=10.618 ms row_router=12.529 ms batch_router=0.000 ms row_routed=38.507 ms row_shared=12.453 ms batch_tail=13.899 ms target_hidden=1.575 ms head=2.491 ms read=0.011 ms total=152.559 ms
ds4: dspark draft profile cap=5 rows=5 graph=18.296 ms markov=2.187 ms total=20.483 ms
ds4: dspark hybrid verifier profile n=5 layers=43 exact_prefix=0.000 ms attention=59.064 ms row_ffn_pre=9.703 ms row_router=12.219 ms batch_router=0.000 ms row_routed=37.887 ms row_shared=12.253 ms batch_tail=13.284 ms target_hidden=1.775 ms head=1.755 ms read=0.028 ms total=148.018 ms
ds4: dspark draft profile cap=5 rows=5 graph=17.127 ms markov=2.099 ms total=19.226 ms
ds4: dspark hybrid verifier profile n=5 layers=43 exact_prefix=0.000 ms attention=60.292 ms row_ffn_pre=10.457 ms row_router=12.918 ms batch_router=0.000 ms row_routed=37.253 ms row_shared=12.984 ms batch_tail=12.963 ms target_hidden=1.374 ms head=1.620 ms read=0.033 ms total=149.914 ms
ds4: dspark draft profile cap=5 rows=5 graph=16.279 ms markov=2.103 ms total=18.382 ms
ds4: dspark draft profile cap=5 rows=5 graph=17.004 ms markov=2.087 ms total=19.091 ms
ds4: dspark hybrid verifier profile n=5 layers=43 exact_prefix=0.000 ms attention=60.652 ms row_ffn_pre=10.568 ms row_router=12.209 ms batch_router=0.000 ms row_routed=38.202 ms row_shared=12.381 ms batch_tail=12.520 ms target_hidden=1.362 ms head=1.607 ms read=0.027 ms total=149.547 ms
ds4: dspark draft profile cap=5 rows=5 graph=16.357 ms markov=2.077 ms total=18.434 ms
ds4: dspark hybrid verifier profile n=5 layers=43 exact_prefix=0.000 ms attention=60.042 ms row_ffn_pre=11.258 ms row_router=12.455 ms batch_router=0.000 ms row_routed=38.727 ms row_shared=12.478 ms batch_tail=12.255 ms target_hidden=1.469 ms head=1.629 ms read=0.026 ms total=150.358 ms
ds4: dspark draft profile cap=5 rows=5 graph=16.344 ms markov=2.078 ms total=18.422 ms
ds4: dspark hybrid verifier profile n=5 layers=43 exact_prefix=0.000 ms attention=60.767 ms row_ffn_pre=10.842 ms row_router=12.422 ms batch_router=0.000 ms row_routed=37.919 ms row_shared=12.389 ms batch_tail=11.791 ms target_hidden=1.305 ms head=1.606 ms read=0.026 ms total=149.084 ms
ds4: dspark draft profile cap=5 rows=5 graph=16.333 ms markov=2.079 ms total=18.412 ms
ds4: dspark hybrid verifier profile n=5 layers=43 exact_prefix=0.000 ms attention=61.341 ms row_ffn_pre=10.782 ms row_router=12.975 ms batch_router=0.000 ms row_routed=37.997 ms row_shared=12.263 ms batch_tail=12.366 ms target_hidden=1.402 ms head=1.659 ms read=0.026 ms total=150.826 ms
ds4: dspark draft profile cap=4 rows=4 graph=13.665 ms markov=2.552 ms total=16.217 ms
ds4: dspark hybrid verifier profile n=4 layers=43 exact_prefix=0.000 ms attention=53.590 ms row_ffn_pre=10.415 ms row_router=11.824 ms batch_router=0.000 ms row_routed=32.179 ms row_shared=13.039 ms batch_tail=11.886 ms target_hidden=1.382 ms head=1.536 ms read=0.033 ms total=135.901 ms
ds4: dspark draft profile cap=1 rows=1 graph=5.223 ms markov=0.619 ms total=5.842 ms
ds4: ----------------------------------------
ds4: prefill: 7.67 t/s, generation: 25.12 t/s (64 tokens in 2.547s)
ds4: dspark acceptance: 70.0% (49/70 draft tokens)
ds4: dspark acceptance by position: 1=13/15 2=11/14 3=10/14 4=8/14 5=7/13
ds4: dspark avg scheduled: 4.67 draft tokens/block (15 blocks)
ds4: Flash-MoE resident slot bank: resident-slots=11008/11008 (100.0%, avg=256.0/layer) installed=72.56 GiB
