ds4: detected DS4 sidecar package: -m /Users/anemll/Models/flash/dsv4-iq2xxs-expert-major/dense/model-dense.gguf, --moe-sidecar /Users/anemll/Models/flash/dsv4-iq2xxs-expert-major, --moe-mode slot-bank
ds4: applied sidecar tuning profile [Apple M5 Max] from ds4_profile.json (51 env defaults set, 0 kept from environment)
ds4: warning: raw KV cap limits Metal prefill chunk (prefill_chunk=4096, raw_kv_rows=4096, raw_window=128, effective_chunk=3968; target raw cap for one chunk is 4352, also requires ctx >= that value)
ds4: context buffers 429.99 MiB (ctx=4096, backend=metal, prefill_chunk=4096, raw_kv_rows=4096, compressed_kv_rows=1026)
ds4: Flash-MoE sidecar loaded: /Users/anemll/Models/flash/dsv4-iq2xxs-expert-major (slot-bank=256, expert-record 6.75 MiB)
ds4: Flash-MoE expert mmap cache: off; expert reads: pread
ds4: Metal device Apple M5 Max, 128.00 GiB RAM, GPU working-set budget 107.52 GiB (raise with: sudo sysctl iogpu.wired_limit_mb=<MB>)
ds4: drift-patch flags hc_stable=on norm_unify=on kv_raw_f32=off rope_exp2_log2=off math_safe=off tensor_matmul=off
ds4: MXFP4 native library (MSL 4.1): repack=ok selected-repack=ok selected-plane-copy=ok scale-plane matmul=ok selected-matmul=ok decode2=pair/sum6 batch-decode2=pair/sum6 batch-strided=pair/sum6 hybrid-down=sum6 chunked-decode2=pair/sum6
ds4: DS4_MXFP4_NATIVE=1: native MXFP4 available (MPP 4.1 scale-plane matmul2d)
ds4: DSpark resident expert cache: ranges=9 bytes=9.56 GiB (persistent; debug opt-out requires DS4_DSPARK_ALLOW_NONRESIDENT=1)
ds4: DSpark sidecar Metal residency requested: buffers=9 bytes=9.56 GiB
ds4: DSpark draft package loaded: /Users/anemll/Models/DSv4-Flash-DSpark-draft (block=5 verify=4 scheduler=static conf=0.000 noise=128799 target_layers=40,41,42 markov_rank=256 records=81 mapped=10.12 GiB)
ds4: DSpark draft records: F32=41 F16=6 FP8_E4M3=25 MXFP4_NATIVE=9
ds4: DSpark draft inference enabled: MPP 4.1 FP8/MXFP4 draft kernels, fused routed-MoE per draft layer, persistent resident experts, greedy Markov head, exact verifier v1
ds4: Flash-MoE using mmap-backed dense/shared weights without full-model Metal residency warmup
ds4: Metal model views created in 0.327 ms, residency requested in 0.000 ms, warmup 0.000 ms (mapped 8393.67 MiB from offset 5.06 MiB)
ds4: Metal mapped mmaped model as 1 overlapping shared buffers
ds4: metal backend initialized for graph diagnostics
ds4: prefill routed-MoE (requested): mul_mm_id (grouped GPU / ALU)  [grouped path]
ds4: prefill quant scales (ANE env first): w_qscale=512 x_qscale=32 mid_qscale=32 w_scale=0.00195312 x_scale=0.03125 mid_scale=0.03125
ds4: prefill ctx-grow: on, block=16384 tokens
ds4: prefill chunk cap: 16384, graph_raw_cap=auto
ds4: Flash-MoE resident mixed slot-bank load: layers=43 slots=256 bytes=72.56 GiB (one dot per layer)
ds4: Flash-MoE resident prepare: ........................................... 72.56/72.56 GiB (43 layers)
ds4: Flash-MoE resident preload: ........................................... 72.56/72.56 GiB (43 layers)
ds4: Flash-MoE preloaded mixed slot bank: layers=43 slots=256 identity-mapped experts=256
ds4: Flash-MoE slot-bank Metal residency requested: buffers=43 bytes=72.56 GiB
ds4: Flash-MoE slot-bank pages touched: buffers=43 bytes=72.56 GiB
ds4: Flash-MoE slot banks allocated: layers=43 slots=256 gpu-bank=72.6GB Dense: 8.2GB Context: 0.4GB Total <<<< 81.2GB >>>>
ds4: Flash-MoE slot bank layout: mixed expert-major
ds4: warning: very large Flash-MoE slot bank can collapse decode throughput (slots=256, gpu-bank=72.56 GiB). The wired bank competes with the OS file cache that serves decode-miss reads of the sidecar; when the sidecar is larger than RAM, smaller banks decode faster. Compare --moe-slot-bank 32/48/64 or use --ssd-cache auto.
ds4: prefill compute: routed experts = ANE i8i8 (W8A8) | dense proj = Q8 direct-RHS NAX; K-quant dense = fused mul_mm_id batch
ds4: prefill I/O: io-split=4 async-pread=on pread-threads=4 readahead=12 bank-prefetch=3 slot-cache-topk=0 xlayer=auto<=6k-tok topk=128
ds4: decode  I/O: io-split=4 router-prefetch=off scratch-prefetch=off max-loads=0 layer-stride=1 miss-direct-slot-pread=on prefetch-direct-slot-pread=off did-modify=on shared-down=on reset-after-prefill=off realloc-after-prefill=off restore-after-prefill=off resident=slot-bank slots=256
ds4: Flash-MoE banked kernels using M5 simdgroup_matrix fast path (prefetch=3, banks=4)
ds4: WARNING: prefill chunk 4096 clamped to 3968 by raw-KV cap (raw_cap=4096, window=128). Set DS4_METAL_GRAPH_RAW_CAP >= 4224 (window + chunk) — or unset it to auto-size — to honor the chunk.
ds4: prefill chunk cap EFFECTIVE=3968 tokens (DS4_METAL_PREFILL_CHUNK=16384), CLAMPED by raw-KV-cap (ctx-grow) (resident-NAX tiles this by scratch_cap; that tile gates the sync bridge)
processing 19 input tokens: 0/19 (0.0%) batch=0.00 t/s avg=0.00 t/s
ds4: ANE i8w-i8x-tiled-fused cached async prefill B=256 H=4096 I=2048 w_scale=0.00195312 x_scale=0.03125 mid_scale=0.03125
processing 19 input tokens: 0/19 (0.0%) batch=0.00 t/s avg=0.00 t/s
processing 19 input tokens: 0/19 (0.0%) batch=0.00 t/s avg=0.00 t/s
processing 19 input tokens: 1/19 (5.3%) batch=29.11 t/s avg=0.60 t/s
processing 19 input tokens: 1/19 (5.3%) batch=0.00 t/s avg=0.60 t/s
processing 19 input tokens: 2/19 (10.5%) batch=53.38 t/s avg=1.18 t/s
processing 19 input tokens: 2/19 (10.5%) batch=0.00 t/s avg=1.17 t/s
processing 19 input tokens: 3/19 (15.8%) batch=50.51 t/s avg=1.73 t/s
processing 19 input tokens: 3/19 (15.8%) batch=0.00 t/s avg=1.71 t/s
processing 19 input tokens: 3/19 (15.8%) batch=0.00 t/s avg=1.69 t/s
processing 19 input tokens: 4/19 (21.1%) batch=46.93 t/s avg=2.23 t/s
processing 19 input tokens: 4/19 (21.1%) batch=0.00 t/s avg=2.21 t/s
processing 19 input tokens: 5/19 (26.3%) batch=50.54 t/s avg=2.73 t/s
processing 19 input tokens: 5/19 (26.3%) batch=0.00 t/s avg=2.70 t/s
processing 19 input tokens: 6/19 (31.6%) batch=54.99 t/s avg=3.21 t/s
processing 19 input tokens: 6/19 (31.6%) batch=0.00 t/s avg=3.18 t/s
processing 19 input tokens: 7/19 (36.8%) batch=61.25 t/s avg=3.68 t/s
processing 19 input tokens: 7/19 (36.8%) batch=0.00 t/s avg=3.64 t/s
processing 19 input tokens: 7/19 (36.8%) batch=0.00 t/s avg=3.61 t/s
processing 19 input tokens: 8/19 (42.1%) batch=55.51 t/s avg=4.09 t/s
processing 19 input tokens: 8/19 (42.1%) batch=0.00 t/s avg=4.04 t/s
processing 19 input tokens: 9/19 (47.4%) batch=58.17 t/s avg=4.51 t/s
processing 19 input tokens: 9/19 (47.4%) batch=0.00 t/s avg=4.47 t/s
processing 19 input tokens: 10/19 (52.6%) batch=51.84 t/s avg=4.92 t/s
processing 19 input tokens: 10/19 (52.6%) batch=0.00 t/s avg=4.87 t/s
processing 19 input tokens: 11/19 (57.9%) batch=59.15 t/s avg=5.31 t/s
processing 19 input tokens: 11/19 (57.9%) batch=0.00 t/s avg=5.27 t/s
processing 19 input tokens: 11/19 (57.9%) batch=0.00 t/s avg=5.23 t/s
processing 19 input tokens: 12/19 (63.2%) batch=51.85 t/s avg=5.65 t/s
processing 19 input tokens: 12/19 (63.2%) batch=0.00 t/s avg=5.60 t/s
processing 19 input tokens: 13/19 (68.4%) batch=49.79 t/s avg=6.01 t/s
processing 19 input tokens: 13/19 (68.4%) batch=0.00 t/s avg=5.96 t/s
processing 19 input tokens: 14/19 (73.7%) batch=54.07 t/s avg=6.37 t/s
processing 19 input tokens: 14/19 (73.7%) batch=0.00 t/s avg=6.32 t/s
processing 19 input tokens: 15/19 (78.9%) batch=54.00 t/s avg=6.71 t/s
processing 19 input tokens: 15/19 (78.9%) batch=0.00 t/s avg=6.65 t/s
processing 19 input tokens: 15/19 (78.9%) batch=0.00 t/s avg=6.59 t/s
processing 19 input tokens: 16/19 (84.2%) batch=51.81 t/s avg=6.98 t/s
processing 19 input tokens: 16/19 (84.2%) batch=0.00 t/s avg=6.92 t/s
processing 19 input tokens: 17/19 (89.5%) batch=54.08 t/s avg=7.29 t/s
processing 19 input tokens: 17/19 (89.5%) batch=0.00 t/s avg=7.22 t/s
processing 19 input tokens: 18/19 (94.7%) batch=54.05 t/s avg=7.59 t/s
processing 19 input tokens: 18/19 (94.7%) batch=0.00 t/s avg=7.53 t/s
processing 19 input tokens: 19/19 (100.0%) batch=46.74 t/s avg=7.87 t/s
ds4: prefill full: 19 tokens in 2415.1 ms (7.9 t/s)
ds4: [mxfp4-native] two-dispatch plane decode arm engaged (dspark-strided, experts=6)
ds4: DSpark draft warmup: cap=4 rows=4 in 177.5 ms (paid before decode timer)
ds4: Flash-MoE mixed resident bank using fused GPU-selected decode path (slot id == expert id)
ds4: routed MoE exact ordered expert-sum kernel enabled
ds4: dspark hybrid FFN-pre verifier using exact F16 rows path
ds4: dspark hybrid row-router verifier using exact F16 logits rows path
ds4: dspark hybrid row-router verifier using exact selector rows path
ds4: [mxfp4-native] two-dispatch plane decode arm engaged (banked-generic-row-loop-exact, experts=6)
ds4: dspark hybrid row-routed verifier using exact row-loop path
ds4: dspark hybrid shared verifier using exact fused rows path
ds4: dspark hybrid attention verifier using exact F16 compressor rows path
ds4: dspark hybrid verifier profile n=4 layers=43 exact_prefix=0.000 ms attention=52.015 ms row_ffn_pre=10.667 ms row_router=11.678 ms batch_router=0.000 ms row_routed=33.319 ms row_shared=13.472 ms batch_tail=12.137 ms target_hidden=1.324 ms head=1.466 ms read=0.082 ms total=136.179 ms
ds4: dspark hybrid verifier profile n=4 layers=43 exact_prefix=0.000 ms attention=51.026 ms row_ffn_pre=10.514 ms row_router=11.547 ms batch_router=0.000 ms row_routed=32.781 ms row_shared=13.404 ms batch_tail=11.900 ms target_hidden=1.354 ms head=1.538 ms read=0.010 ms total=134.091 ms
ds4: dspark hybrid verifier profile n=4 layers=43 exact_prefix=0.000 ms attention=50.577 ms row_ffn_pre=10.491 ms row_router=11.523 ms batch_router=0.000 ms row_routed=32.406 ms row_shared=13.194 ms batch_tail=12.361 ms target_hidden=1.445 ms head=1.502 ms read=0.010 ms total=133.526 ms
ds4: dspark hybrid verifier profile n=4 layers=43 exact_prefix=0.000 ms attention=51.030 ms row_ffn_pre=10.514 ms row_router=11.673 ms batch_router=0.000 ms row_routed=32.801 ms row_shared=13.211 ms batch_tail=12.373 ms target_hidden=1.436 ms head=1.506 ms read=0.011 ms total=134.572 ms
ds4: dspark hybrid verifier profile n=4 layers=43 exact_prefix=0.000 ms attention=50.803 ms row_ffn_pre=10.449 ms row_router=11.646 ms batch_router=0.000 ms row_routed=32.904 ms row_shared=13.451 ms batch_tail=11.818 ms target_hidden=1.428 ms head=1.511 ms read=0.009 ms total=134.037 ms
ds4: dspark hybrid verifier profile n=4 layers=43 exact_prefix=0.000 ms attention=50.223 ms row_ffn_pre=10.689 ms row_router=12.276 ms batch_router=0.000 ms row_routed=32.192 ms row_shared=13.188 ms batch_tail=11.770 ms target_hidden=1.440 ms head=1.512 ms read=0.025 ms total=133.330 ms
ds4: dspark hybrid verifier profile n=4 layers=43 exact_prefix=0.000 ms attention=50.779 ms row_ffn_pre=10.865 ms row_router=11.829 ms batch_router=0.000 ms row_routed=32.482 ms row_shared=13.281 ms batch_tail=11.413 ms target_hidden=1.384 ms head=1.544 ms read=0.027 ms total=133.620 ms
ds4: dspark hybrid verifier profile n=4 layers=43 exact_prefix=0.000 ms attention=51.154 ms row_ffn_pre=10.246 ms row_router=11.372 ms batch_router=0.000 ms row_routed=32.143 ms row_shared=13.277 ms batch_tail=11.832 ms target_hidden=1.450 ms head=1.509 ms read=0.009 ms total=133.008 ms
ds4: dspark hybrid verifier profile n=4 layers=43 exact_prefix=0.000 ms attention=51.590 ms row_ffn_pre=10.653 ms row_router=11.809 ms batch_router=0.000 ms row_routed=32.937 ms row_shared=13.363 ms batch_tail=12.487 ms target_hidden=1.486 ms head=1.533 ms read=0.027 ms total=135.901 ms
ds4: dspark hybrid verifier profile n=4 layers=43 exact_prefix=0.000 ms attention=52.511 ms row_ffn_pre=10.519 ms row_router=11.671 ms batch_router=0.000 ms row_routed=32.568 ms row_shared=13.210 ms batch_tail=12.058 ms target_hidden=1.416 ms head=1.511 ms read=0.010 ms total=135.490 ms
ds4: dspark hybrid verifier profile n=4 layers=43 exact_prefix=0.000 ms attention=50.340 ms row_ffn_pre=11.011 ms row_router=12.244 ms batch_router=0.000 ms row_routed=32.463 ms row_shared=13.396 ms batch_tail=11.520 ms target_hidden=1.354 ms head=1.499 ms read=0.034 ms total=133.882 ms
ds4: dspark hybrid verifier profile n=4 layers=43 exact_prefix=0.000 ms attention=50.698 ms row_ffn_pre=10.606 ms row_router=11.669 ms batch_router=0.000 ms row_routed=33.163 ms row_shared=13.194 ms batch_tail=11.871 ms target_hidden=1.326 ms head=1.520 ms read=0.025 ms total=134.088 ms
ds4: dspark hybrid verifier profile n=4 layers=43 exact_prefix=0.000 ms attention=52.944 ms row_ffn_pre=10.430 ms row_router=12.032 ms batch_router=0.000 ms row_routed=34.304 ms row_shared=13.509 ms batch_tail=12.607 ms target_hidden=1.372 ms head=1.570 ms read=0.026 ms total=138.820 ms
ds4: dspark hybrid verifier profile n=4 layers=43 exact_prefix=0.000 ms attention=53.031 ms row_ffn_pre=11.176 ms row_router=13.105 ms batch_router=0.000 ms row_routed=33.756 ms row_shared=13.324 ms batch_tail=12.207 ms target_hidden=1.444 ms head=1.589 ms read=0.026 ms total=139.677 ms
ds4: dspark hybrid verifier profile n=4 layers=43 exact_prefix=0.000 ms attention=51.798 ms row_ffn_pre=11.131 ms row_router=12.117 ms batch_router=0.000 ms row_routed=32.232 ms row_shared=13.554 ms batch_tail=12.689 ms target_hidden=1.450 ms head=1.616 ms read=0.034 ms total=136.643 ms
ds4: dspark hybrid verifier profile n=4 layers=43 exact_prefix=0.000 ms attention=53.548 ms row_ffn_pre=10.662 ms row_router=11.996 ms batch_router=0.000 ms row_routed=33.264 ms row_shared=13.538 ms batch_tail=13.072 ms target_hidden=1.412 ms head=1.494 ms read=0.010 ms total=139.019 ms
ds4: dspark hybrid verifier profile n=4 layers=43 exact_prefix=0.000 ms attention=52.676 ms row_ffn_pre=9.967 ms row_router=11.950 ms batch_router=0.000 ms row_routed=33.828 ms row_shared=13.335 ms batch_tail=12.303 ms target_hidden=1.529 ms head=1.980 ms read=0.026 ms total=137.616 ms
ds4: dspark hybrid verifier profile n=4 layers=43 exact_prefix=0.000 ms attention=51.045 ms row_ffn_pre=10.449 ms row_router=11.850 ms batch_router=0.000 ms row_routed=33.641 ms row_shared=13.023 ms batch_tail=12.139 ms target_hidden=1.469 ms head=1.497 ms read=0.027 ms total=135.156 ms
ds4: dspark hybrid verifier profile n=4 layers=43 exact_prefix=0.000 ms attention=50.605 ms row_ffn_pre=10.713 ms row_router=11.526 ms batch_router=0.000 ms row_routed=32.234 ms row_shared=13.393 ms batch_tail=12.129 ms target_hidden=1.387 ms head=1.530 ms read=0.028 ms total=133.561 ms
ds4: dspark hybrid verifier profile n=4 layers=43 exact_prefix=0.000 ms attention=51.192 ms row_ffn_pre=11.222 ms row_router=12.149 ms batch_router=0.000 ms row_routed=32.160 ms row_shared=13.261 ms batch_tail=11.904 ms target_hidden=1.360 ms head=1.546 ms read=0.025 ms total=134.836 ms
ds4: dspark hybrid verifier profile n=4 layers=43 exact_prefix=0.000 ms attention=52.645 ms row_ffn_pre=10.583 ms row_router=11.763 ms batch_router=0.000 ms row_routed=32.112 ms row_shared=14.034 ms batch_tail=11.851 ms target_hidden=1.329 ms head=1.538 ms read=0.025 ms total=135.899 ms
ds4: dspark hybrid verifier profile n=4 layers=43 exact_prefix=0.000 ms attention=52.513 ms row_ffn_pre=10.646 ms row_router=11.891 ms batch_router=0.000 ms row_routed=32.843 ms row_shared=12.876 ms batch_tail=12.958 ms target_hidden=1.416 ms head=1.512 ms read=0.033 ms total=136.703 ms
ds4: dspark hybrid verifier profile n=4 layers=43 exact_prefix=0.000 ms attention=51.466 ms row_ffn_pre=10.891 ms row_router=11.851 ms batch_router=0.000 ms row_routed=32.760 ms row_shared=12.942 ms batch_tail=11.732 ms target_hidden=1.432 ms head=1.511 ms read=0.010 ms total=134.611 ms
ds4: dspark hybrid verifier profile n=4 layers=43 exact_prefix=0.000 ms attention=51.639 ms row_ffn_pre=11.405 ms row_router=11.843 ms batch_router=0.000 ms row_routed=32.126 ms row_shared=13.274 ms batch_tail=12.161 ms target_hidden=1.373 ms head=1.535 ms read=0.026 ms total=135.398 ms
ds4: dspark hybrid verifier profile n=4 layers=43 exact_prefix=0.000 ms attention=52.636 ms row_ffn_pre=11.053 ms row_router=11.799 ms batch_router=0.000 ms row_routed=32.424 ms row_shared=13.210 ms batch_tail=11.806 ms target_hidden=1.452 ms head=1.540 ms read=0.026 ms total=135.968 ms
ds4: dspark hybrid verifier profile n=4 layers=43 exact_prefix=0.000 ms attention=52.464 ms row_ffn_pre=10.951 ms row_router=11.444 ms batch_router=0.000 ms row_routed=32.851 ms row_shared=13.161 ms batch_tail=11.777 ms target_hidden=1.397 ms head=1.548 ms read=0.032 ms total=135.643 ms
ds4: dspark hybrid verifier profile n=4 layers=43 exact_prefix=0.000 ms attention=52.498 ms row_ffn_pre=11.313 ms row_router=11.610 ms batch_router=0.000 ms row_routed=33.993 ms row_shared=12.827 ms batch_tail=12.035 ms target_hidden=1.362 ms head=1.572 ms read=0.026 ms total=137.255 ms
ds4: dspark hybrid verifier profile n=4 layers=43 exact_prefix=0.000 ms attention=51.866 ms row_ffn_pre=10.864 ms row_router=11.961 ms batch_router=0.000 ms row_routed=32.447 ms row_shared=14.069 ms batch_tail=11.523 ms target_hidden=1.397 ms head=1.510 ms read=0.028 ms total=135.685 ms
ds4: dspark hybrid verifier profile n=4 layers=43 exact_prefix=0.000 ms attention=52.284 ms row_ffn_pre=10.539 ms row_router=11.697 ms batch_router=0.000 ms row_routed=32.261 ms row_shared=13.444 ms batch_tail=11.798 ms target_hidden=1.366 ms head=1.507 ms read=0.026 ms total=134.938 ms
ds4: dspark hybrid verifier profile n=4 layers=43 exact_prefix=0.000 ms attention=53.271 ms row_ffn_pre=11.064 ms row_router=11.769 ms batch_router=0.000 ms row_routed=32.406 ms row_shared=13.281 ms batch_tail=12.251 ms target_hidden=1.334 ms head=1.538 ms read=0.032 ms total=136.962 ms
ds4: dspark hybrid verifier profile n=4 layers=43 exact_prefix=0.000 ms attention=52.255 ms row_ffn_pre=11.020 ms row_router=12.183 ms batch_router=0.000 ms row_routed=32.556 ms row_shared=13.792 ms batch_tail=12.016 ms target_hidden=1.419 ms head=1.530 ms read=0.031 ms total=136.821 ms
ds4: dspark hybrid verifier profile n=4 layers=43 exact_prefix=0.000 ms attention=51.727 ms row_ffn_pre=11.057 ms row_router=11.923 ms batch_router=0.000 ms row_routed=32.900 ms row_shared=13.495 ms batch_tail=11.615 ms target_hidden=1.407 ms head=1.528 ms read=0.025 ms total=135.697 ms
ds4: dspark hybrid verifier profile n=4 layers=43 exact_prefix=0.000 ms attention=52.781 ms row_ffn_pre=10.773 ms row_router=11.380 ms batch_router=0.000 ms row_routed=32.478 ms row_shared=12.983 ms batch_tail=11.708 ms target_hidden=1.297 ms head=1.546 ms read=0.026 ms total=134.990 ms
ds4: ----------------------------------------
ds4: prefill: 7.26 t/s, generation: 25.81 t/s (160 tokens in 6.200s)
ds4: dspark acceptance: 83.0% (122/147 draft tokens)
ds4: dspark acceptance by position: 1=34/38 2=31/37 3=29/36 4=28/36
ds4: dspark avg scheduled: 3.87 draft tokens/block (38 blocks)
ds4: Flash-MoE resident slot bank: resident-slots=11008/11008 (100.0%, avg=256.0/layer) installed=72.56 GiB
