ds4: detected DS4 sidecar package: -m /Users/anemll/Models/flash/dsv4-iq2xxs-expert-major/dense/model-dense.gguf, --moe-sidecar /Users/anemll/Models/flash/dsv4-iq2xxs-expert-major, --moe-mode slot-bank
ds4: applied sidecar tuning profile [Apple M5 Max] from ds4_profile.json (51 env defaults set, 0 kept from environment)
ds4: warning: raw KV cap limits Metal prefill chunk (prefill_chunk=4096, raw_kv_rows=4096, raw_window=128, effective_chunk=3968; target raw cap for one chunk is 4352, also requires ctx >= that value)
ds4: context buffers 429.99 MiB (ctx=4096, backend=metal, prefill_chunk=4096, raw_kv_rows=4096, compressed_kv_rows=1026)
ds4: Flash-MoE sidecar loaded: /Users/anemll/Models/flash/dsv4-iq2xxs-expert-major (slot-bank=256, expert-record 6.75 MiB)
ds4: Flash-MoE expert mmap cache: off; expert reads: pread
ds4: Metal device Apple M5 Max, 128.00 GiB RAM, GPU working-set budget 107.52 GiB (raise with: sudo sysctl iogpu.wired_limit_mb=<MB>)
ds4: drift-patch flags hc_stable=on norm_unify=on kv_raw_f32=off rope_exp2_log2=off math_safe=off tensor_matmul=off
ds4: MXFP4 native library (MSL 4.1): repack=ok selected-repack=ok selected-plane-copy=ok scale-plane matmul=ok selected-matmul=ok decode2=pair/sum6 batch-decode2=pair/sum6 batch-strided=pair/sum6 hybrid-down=sum6 chunked-decode2=pair/sum6
ds4: DS4_MXFP4_NATIVE=1: native MXFP4 available (MPP 4.1 scale-plane matmul2d)
ds4: DSpark resident expert cache: ranges=9 bytes=9.56 GiB (persistent; debug opt-out requires DS4_DSPARK_ALLOW_NONRESIDENT=1)
ds4: DSpark sidecar Metal residency requested: buffers=9 bytes=9.56 GiB
ds4: DSpark draft package loaded: /Users/anemll/Models/DSv4-Flash-DSpark-draft (block=5 verify=5 scheduler=static conf=0.000 noise=128799 target_layers=40,41,42 markov_rank=256 records=81 mapped=10.12 GiB)
ds4: DSpark draft records: F32=41 F16=6 FP8_E4M3=25 MXFP4_NATIVE=9
ds4: DSpark draft inference enabled: MPP 4.1 FP8/MXFP4 draft kernels, fused routed-MoE per draft layer, persistent resident experts, greedy Markov head, exact verifier v1
ds4: Flash-MoE using mmap-backed dense/shared weights without full-model Metal residency warmup
ds4: Metal model views created in 0.540 ms, residency requested in 0.000 ms, warmup 0.000 ms (mapped 8393.67 MiB from offset 5.06 MiB)
ds4: Metal mapped mmaped model as 1 overlapping shared buffers
ds4: metal backend initialized for graph diagnostics
ds4: prefill routed-MoE (requested): mul_mm_id (grouped GPU / ALU)  [grouped path]
ds4: prefill quant scales (ANE env first): w_qscale=512 x_qscale=32 mid_qscale=32 w_scale=0.00195312 x_scale=0.03125 mid_scale=0.03125
ds4: prefill ctx-grow: on, block=16384 tokens
ds4: prefill chunk cap: 16384, graph_raw_cap=auto
ds4: Flash-MoE resident mixed slot-bank load: layers=43 slots=256 bytes=72.56 GiB (one dot per layer)
ds4: Flash-MoE resident prepare: ........................................... 72.56/72.56 GiB (43 layers)
ds4: Flash-MoE resident preload: ........................................... 72.56/72.56 GiB (43 layers)
ds4: Flash-MoE preloaded mixed slot bank: layers=43 slots=256 identity-mapped experts=256
ds4: Flash-MoE slot-bank Metal residency requested: buffers=43 bytes=72.56 GiB
ds4: Flash-MoE slot-bank pages touched: buffers=43 bytes=72.56 GiB
ds4: Flash-MoE slot banks allocated: layers=43 slots=256 gpu-bank=72.6GB Dense: 8.2GB Context: 0.4GB Total <<<< 81.2GB >>>>
ds4: Flash-MoE slot bank layout: mixed expert-major
ds4: warning: very large Flash-MoE slot bank can collapse decode throughput (slots=256, gpu-bank=72.56 GiB). The wired bank competes with the OS file cache that serves decode-miss reads of the sidecar; when the sidecar is larger than RAM, smaller banks decode faster. Compare --moe-slot-bank 32/48/64 or use --ssd-cache auto.
ds4: prefill compute: routed experts = ANE i8i8 (W8A8) | dense proj = Q8 direct-RHS NAX; K-quant dense = fused mul_mm_id batch
ds4: prefill I/O: io-split=4 async-pread=on pread-threads=4 readahead=12 bank-prefetch=3 slot-cache-topk=0 xlayer=auto<=6k-tok topk=128
ds4: decode  I/O: io-split=4 router-prefetch=off scratch-prefetch=off max-loads=0 layer-stride=1 miss-direct-slot-pread=on prefetch-direct-slot-pread=off did-modify=on shared-down=on reset-after-prefill=off realloc-after-prefill=off restore-after-prefill=off resident=slot-bank slots=256
ds4: Flash-MoE banked kernels using M5 simdgroup_matrix fast path (prefetch=3, banks=4)
ds4: WARNING: prefill chunk 4096 clamped to 3968 by raw-KV cap (raw_cap=4096, window=128). Set DS4_METAL_GRAPH_RAW_CAP >= 4224 (window + chunk) — or unset it to auto-size — to honor the chunk.
ds4: prefill chunk cap EFFECTIVE=3968 tokens (DS4_METAL_PREFILL_CHUNK=16384), CLAMPED by raw-KV-cap (ctx-grow) (resident-NAX tiles this by scratch_cap; that tile gates the sync bridge)
processing 19 input tokens: 0/19 (0.0%) batch=0.00 t/s avg=0.00 t/s
ds4: ANE i8w-i8x-tiled-fused cached async prefill B=256 H=4096 I=2048 w_scale=0.00195312 x_scale=0.03125 mid_scale=0.03125
processing 19 input tokens: 0/19 (0.0%) batch=0.00 t/s avg=0.00 t/s
processing 19 input tokens: 0/19 (0.0%) batch=0.00 t/s avg=0.00 t/s
processing 19 input tokens: 1/19 (5.3%) batch=31.21 t/s avg=0.53 t/s
processing 19 input tokens: 1/19 (5.3%) batch=0.00 t/s avg=0.53 t/s
processing 19 input tokens: 2/19 (10.5%) batch=54.76 t/s avg=1.05 t/s
processing 19 input tokens: 2/19 (10.5%) batch=0.00 t/s avg=1.04 t/s
processing 19 input tokens: 3/19 (15.8%) batch=53.36 t/s avg=1.54 t/s
processing 19 input tokens: 3/19 (15.8%) batch=0.00 t/s avg=1.52 t/s
processing 19 input tokens: 3/19 (15.8%) batch=0.00 t/s avg=1.51 t/s
processing 19 input tokens: 4/19 (21.1%) batch=49.85 t/s avg=1.99 t/s
processing 19 input tokens: 4/19 (21.1%) batch=0.00 t/s avg=1.97 t/s
processing 19 input tokens: 5/19 (26.3%) batch=50.57 t/s avg=2.44 t/s
processing 19 input tokens: 5/19 (26.3%) batch=0.00 t/s avg=2.42 t/s
processing 19 input tokens: 6/19 (31.6%) batch=55.48 t/s avg=2.88 t/s
processing 19 input tokens: 6/19 (31.6%) batch=0.00 t/s avg=2.85 t/s
processing 19 input tokens: 7/19 (36.8%) batch=60.00 t/s avg=3.30 t/s
processing 19 input tokens: 7/19 (36.8%) batch=0.00 t/s avg=3.27 t/s
processing 19 input tokens: 7/19 (36.8%) batch=0.00 t/s avg=3.25 t/s
processing 19 input tokens: 8/19 (42.1%) batch=53.32 t/s avg=3.68 t/s
processing 19 input tokens: 8/19 (42.1%) batch=0.00 t/s avg=3.64 t/s
processing 19 input tokens: 9/19 (47.4%) batch=57.35 t/s avg=4.07 t/s
processing 19 input tokens: 9/19 (47.4%) batch=0.00 t/s avg=4.03 t/s
processing 19 input tokens: 10/19 (52.6%) batch=51.85 t/s avg=4.44 t/s
processing 19 input tokens: 10/19 (52.6%) batch=0.00 t/s avg=4.40 t/s
processing 19 input tokens: 11/19 (57.9%) batch=59.99 t/s avg=4.81 t/s
processing 19 input tokens: 11/19 (57.9%) batch=0.00 t/s avg=4.77 t/s
processing 19 input tokens: 11/19 (57.9%) batch=0.00 t/s avg=4.74 t/s
processing 19 input tokens: 12/19 (63.2%) batch=51.87 t/s avg=5.13 t/s
processing 19 input tokens: 12/19 (63.2%) batch=0.00 t/s avg=5.09 t/s
processing 19 input tokens: 13/19 (68.4%) batch=49.56 t/s avg=5.46 t/s
processing 19 input tokens: 13/19 (68.4%) batch=0.00 t/s avg=5.42 t/s
processing 19 input tokens: 14/19 (73.7%) batch=53.18 t/s avg=5.79 t/s
processing 19 input tokens: 14/19 (73.7%) batch=0.00 t/s avg=5.75 t/s
processing 19 input tokens: 15/19 (78.9%) batch=56.36 t/s avg=6.12 t/s
processing 19 input tokens: 15/19 (78.9%) batch=0.00 t/s avg=6.07 t/s
processing 19 input tokens: 15/19 (78.9%) batch=0.00 t/s avg=6.02 t/s
processing 19 input tokens: 16/19 (84.2%) batch=52.79 t/s avg=6.37 t/s
processing 19 input tokens: 16/19 (84.2%) batch=0.00 t/s avg=6.32 t/s
processing 19 input tokens: 17/19 (89.5%) batch=54.05 t/s avg=6.67 t/s
processing 19 input tokens: 17/19 (89.5%) batch=0.00 t/s avg=6.62 t/s
processing 19 input tokens: 18/19 (94.7%) batch=52.88 t/s avg=6.95 t/s
processing 19 input tokens: 18/19 (94.7%) batch=0.00 t/s avg=6.90 t/s
processing 19 input tokens: 19/19 (100.0%) batch=46.42 t/s avg=7.22 t/s
ds4: prefill full: 19 tokens in 2632.0 ms (7.2 t/s)
ds4: [mxfp4-native] two-dispatch plane decode arm engaged (dspark-strided, experts=6)
ds4: DSpark draft warmup: cap=5 rows=5 in 171.5 ms (paid before decode timer)
ds4: Flash-MoE mixed resident bank using fused GPU-selected decode path (slot id == expert id)
ds4: speculative sidecar verifier: resident slot-bank tiny batch path engaged (n_tokens<=5, slot id == expert id)
ds4: dspark batch audit row=0 token=5922 batch_top=3551 exact_top=3551 batch_margin=2.617 exact_margin=2.623 logits_max=0.0614281 logits_rms=0.0162503
ds4: dspark batch audit row=1 token=3551 batch_top=260 exact_top=260 batch_margin=13.692 exact_margin=13.688 logits_max=0.0994773 logits_rms=0.0166385
ds4: dspark batch audit row=2 token=260 batch_top=5553 exact_top=5553 batch_margin=2.648 exact_margin=2.667 logits_max=0.119288 logits_rms=0.0243685
ds4: dspark batch audit row=3 token=5553 batch_top=14295 exact_top=14295 batch_margin=10.661 exact_margin=10.638 logits_max=0.10949 logits_rms=0.0218741
ds4: dspark timing batch-audit drafted=5 committed=4 exact_replayed=4 draft=19.081 ms snapshot=0.924 ms verify=73.154 ms total=207.395 ms
ds4: dspark batch audit row=0 token=32214 batch_top=40856 exact_top=40856 batch_margin=7.166 exact_margin=7.173 logits_max=0.0596948 logits_rms=0.0094589
ds4: dspark batch audit row=1 token=40856 batch_top=3917 exact_top=3917 batch_margin=7.120 exact_margin=7.116 logits_max=0.123913 logits_rms=0.0215339
ds4: dspark batch audit row=2 token=3917 batch_top=1812 exact_top=1812 batch_margin=2.086 exact_margin=2.094 logits_max=0.106019 logits_rms=0.0193649
ds4: dspark batch audit row=3 token=1812 batch_top=19950 exact_top=19950 batch_margin=8.048 exact_margin=8.344 logits_max=1.24552 logits_rms=0.178901
ds4: dspark batch audit row=4 token=19950 batch_top=29675 exact_top=29675 batch_margin=10.180 exact_margin=10.447 logits_max=1.14872 logits_rms=0.196584
ds4: dspark timing batch-audit drafted=5 committed=5 exact_replayed=5 draft=18.349 ms snapshot=0.350 ms verify=73.776 ms total=231.899 ms
ds4: dspark batch audit row=0 token=16 batch_top=1162 exact_top=1162 batch_margin=0.743 exact_margin=0.745 logits_max=0.0646324 logits_rms=0.0136543
ds4: dspark batch audit row=1 token=1162 batch_top=759 exact_top=759 batch_margin=2.671 exact_margin=2.531 logits_max=0.899511 logits_rms=0.180888
ds4: dspark batch audit row=2 token=759 batch_top=3394 exact_top=3394 batch_margin=0.326 exact_margin=0.212 logits_max=0.232837 logits_rms=0.0413488
ds4: dspark timing batch-audit drafted=5 committed=3 exact_replayed=3 draft=18.358 ms snapshot=0.373 ms verify=73.969 ms total=177.594 ms
ds4: dspark batch audit row=0 token=8469 batch_top=11319 exact_top=11319 batch_margin=2.228 exact_margin=2.271 logits_max=0.110361 logits_rms=0.0196477
ds4: dspark timing batch-audit drafted=5 committed=1 exact_replayed=1 draft=18.414 ms snapshot=0.374 ms verify=73.648 ms total=120.305 ms
ds4: dspark batch audit row=0 token=14 batch_top=26217 exact_top=26217 batch_margin=0.854 exact_margin=0.856 logits_max=0.14156 logits_rms=0.015014
ds4: dspark batch audit row=1 token=26217 batch_top=14 exact_top=14 batch_margin=1.077 exact_margin=1.066 logits_max=0.157755 logits_rms=0.0248722
ds4: dspark batch audit row=2 token=14 batch_top=68546 exact_top=68546 batch_margin=2.439 exact_margin=2.584 logits_max=1.0575 logits_rms=0.207168
ds4: dspark timing batch-audit drafted=5 committed=3 exact_replayed=3 draft=19.133 ms snapshot=0.794 ms verify=74.951 ms total=182.052 ms
ds4: dspark batch audit row=0 token=14 batch_top=305 exact_top=305 batch_margin=1.245 exact_margin=1.244 logits_max=0.0661592 logits_rms=0.0135338
ds4: dspark batch audit row=1 token=305 batch_top=25585 exact_top=25585 batch_margin=0.705 exact_margin=0.704 logits_max=0.158581 logits_rms=0.0203706
ds4: dspark batch audit row=2 token=25585 batch_top=339 exact_top=339 batch_margin=7.065 exact_margin=6.967 logits_max=0.374866 logits_rms=0.0753916
ds4: dspark batch audit row=3 token=339 batch_top=9854 exact_top=9854 batch_margin=9.217 exact_margin=9.183 logits_max=0.363859 logits_rms=0.068845
ds4: dspark batch audit row=4 token=9854 batch_top=36490 exact_top=36490 batch_margin=15.101 exact_margin=14.711 logits_max=1.32302 logits_rms=0.228727
ds4: dspark timing batch-audit drafted=5 committed=5 exact_replayed=5 draft=19.866 ms snapshot=0.375 ms verify=75.925 ms total=244.448 ms
ds4: dspark batch audit row=0 token=201 batch_top=1897 exact_top=1897 batch_margin=9.617 exact_margin=9.626 logits_max=0.109254 logits_rms=0.017102
ds4: dspark batch audit row=1 token=1897 batch_top=87579 exact_top=87579 batch_margin=18.696 exact_margin=18.747 logits_max=0.141619 logits_rms=0.0286384
ds4: dspark batch audit row=2 token=87579 batch_top=201 exact_top=201 batch_margin=12.791 exact_margin=12.838 logits_max=0.816236 logits_rms=0.154818
ds4: dspark batch audit row=3 token=201 batch_top=1897 exact_top=1897 batch_margin=15.362 exact_margin=15.466 logits_max=0.773823 logits_rms=0.103429
ds4: dspark batch audit row=4 token=1897 batch_top=6719 exact_top=6719 batch_margin=6.651 exact_margin=6.603 logits_max=0.749105 logits_rms=0.134762
ds4: dspark timing batch-audit drafted=5 committed=5 exact_replayed=5 draft=19.011 ms snapshot=0.743 ms verify=75.562 ms total=240.352 ms
ds4: dspark batch audit row=0 token=1897 batch_top=7704 exact_top=7704 batch_margin=3.420 exact_margin=3.443 logits_max=0.0648651 logits_rms=0.0133326
ds4: dspark batch audit row=1 token=7704 batch_top=271 exact_top=271 batch_margin=7.270 exact_margin=7.504 logits_max=0.90012 logits_rms=0.162821
ds4: dspark batch audit row=2 token=271 batch_top=5 exact_top=5 batch_margin=10.864 exact_margin=10.862 logits_max=0.326975 logits_rms=0.056005
ds4: dspark batch audit row=3 token=5 batch_top=60873 exact_top=60873 batch_margin=13.070 exact_margin=13.025 logits_max=0.235123 logits_rms=0.0491849
ds4: dspark batch audit row=4 token=60873 batch_top=19950 exact_top=19950 batch_margin=7.190 exact_margin=7.149 logits_max=0.260328 logits_rms=0.0440871
ds4: dspark timing batch-audit drafted=5 committed=5 exact_replayed=5 draft=19.808 ms snapshot=0.447 ms verify=76.906 ms total=243.012 ms
ds4: dspark batch audit row=0 token=29675 batch_top=201 exact_top=201 batch_margin=13.101 exact_margin=13.113 logits_max=0.0725822 logits_rms=0.0130776
ds4: dspark batch audit row=1 token=201 batch_top=12403 exact_top=12403 batch_margin=16.185 exact_margin=16.127 logits_max=0.375637 logits_rms=0.0644991
ds4: dspark batch audit row=2 token=12403 batch_top=29675 exact_top=29675 batch_margin=15.508 exact_margin=15.487 logits_max=0.274007 logits_rms=0.0475874
ds4: dspark batch audit row=3 token=29675 batch_top=57597 exact_top=57597 batch_margin=10.895 exact_margin=10.849 logits_max=1.51403 logits_rms=0.233707
ds4: dspark batch audit row=4 token=57597 batch_top=10414 exact_top=10414 batch_margin=7.590 exact_margin=7.666 logits_max=0.829742 logits_rms=0.143723
ds4: dspark timing batch-audit drafted=5 committed=5 exact_replayed=5 draft=18.358 ms snapshot=0.455 ms verify=73.731 ms total=232.337 ms
ds4: dspark batch audit row=0 token=5 batch_top=110686 exact_top=110686 batch_margin=0.912 exact_margin=0.950 logits_max=0.0856857 logits_rms=0.0157861
ds4: dspark batch audit row=1 token=110686 batch_top=201 exact_top=201 batch_margin=13.010 exact_margin=13.024 logits_max=0.14979 logits_rms=0.0248814
ds4: dspark batch audit row=2 token=201 batch_top=5692 exact_top=5692 batch_margin=4.866 exact_margin=4.844 logits_max=0.141175 logits_rms=0.0265328
ds4: dspark batch audit row=3 token=5692 batch_top=77533 exact_top=77533 batch_margin=19.054 exact_margin=19.016 logits_max=0.165556 logits_rms=0.0293844
ds4: dspark batch audit row=4 token=77533 batch_top=111000 exact_top=111000 batch_margin=10.786 exact_margin=10.819 logits_max=0.156825 logits_rms=0.0329849
ds4: dspark timing batch-audit drafted=5 committed=5 exact_replayed=5 draft=18.414 ms snapshot=0.354 ms verify=75.186 ms total=236.214 ms
ds4: dspark batch audit row=0 token=438 batch_top=223 exact_top=223 batch_margin=20.138 exact_margin=20.117 logits_max=1.49026 logits_rms=0.294108
ds4: dspark batch audit row=1 token=223 batch_top=6884 exact_top=6884 batch_margin=9.487 exact_margin=9.532 logits_max=1.44125 logits_rms=0.179843
ds4: dspark batch audit row=2 token=6884 batch_top=201 exact_top=201 batch_margin=16.612 exact_margin=16.519 logits_max=1.82416 logits_rms=0.341847
ds4: dspark batch audit row=3 token=201 batch_top=5692 exact_top=5692 batch_margin=17.367 exact_margin=17.348 logits_max=1.12241 logits_rms=0.253617
ds4: dspark batch audit row=4 token=5692 batch_top=77533 exact_top=77533 batch_margin=15.108 exact_margin=14.824 logits_max=1.70334 logits_rms=0.323682
ds4: dspark timing batch-audit drafted=5 committed=5 exact_replayed=5 draft=19.109 ms snapshot=0.369 ms verify=73.258 ms total=233.196 ms
ds4: dspark batch audit row=0 token=114884 batch_top=23719 exact_top=23719 batch_margin=13.542 exact_margin=13.614 logits_max=0.207328 logits_rms=0.0367001
ds4: dspark batch audit row=1 token=23719 batch_top=438 exact_top=438 batch_margin=19.414 exact_margin=19.389 logits_max=1.47969 logits_rms=0.200331
ds4: dspark timing batch-audit drafted=5 committed=2 exact_replayed=2 draft=18.473 ms snapshot=0.358 ms verify=75.431 ms total=151.687 ms
ds4: dspark batch audit row=0 token=223 batch_top=6391 exact_top=6391 batch_margin=7.915 exact_margin=7.938 logits_max=0.820938 logits_rms=0.112342
ds4: dspark batch audit row=1 token=6391 batch_top=201 exact_top=201 batch_margin=15.454 exact_margin=15.462 logits_max=0.231394 logits_rms=0.0384251
ds4: dspark batch audit row=2 token=201 batch_top=98585 exact_top=98585 batch_margin=0.762 exact_margin=0.767 logits_max=0.16213 logits_rms=0.0307869
ds4: dspark batch audit row=3 token=98585 batch_top=1647 exact_top=1647 batch_margin=15.952 exact_margin=16.128 logits_max=0.885799 logits_rms=0.166348
ds4: dspark timing batch-audit drafted=5 committed=4 exact_replayed=4 draft=18.451 ms snapshot=0.380 ms verify=73.881 ms total=204.936 ms
ds4: dspark batch audit row=0 token=39 batch_top=3316 exact_top=3316 batch_margin=16.145 exact_margin=16.136 logits_max=0.108078 logits_rms=0.017044
ds4: dspark batch audit row=1 token=3316 batch_top=438 exact_top=438 batch_margin=18.537 exact_margin=18.569 logits_max=0.145962 logits_rms=0.0264736
ds4: dspark batch audit row=2 token=438 batch_top=223 exact_top=223 batch_margin=16.654 exact_margin=16.634 logits_max=0.117699 logits_rms=0.0226016
ds4: dspark batch audit row=3 token=223 batch_top=23 exact_top=23 batch_margin=5.811 exact_margin=5.836 logits_max=0.164738 logits_rms=0.0255261
ds4: dspark batch audit row=4 token=23 batch_top=201 exact_top=201 batch_margin=14.900 exact_margin=14.864 logits_max=0.273307 logits_rms=0.0524518
ds4: dspark timing batch-audit drafted=5 committed=5 exact_replayed=5 draft=19.050 ms snapshot=0.404 ms verify=73.136 ms total=233.054 ms
ds4: dspark batch audit row=0 token=2389 batch_top=4846 exact_top=4846 batch_margin=18.701 exact_margin=18.741 logits_max=0.0897942 logits_rms=0.0149437
ds4: dspark batch audit row=1 token=4846 batch_top=59 exact_top=59 batch_margin=11.823 exact_margin=11.988 logits_max=0.720816 logits_rms=0.128761
ds4: dspark batch audit row=2 token=59 batch_top=108239 exact_top=108239 batch_margin=7.286 exact_margin=7.213 logits_max=1.17868 logits_rms=0.193088
ds4: dspark batch audit row=3 token=108239 batch_top=39 exact_top=39 batch_margin=15.109 exact_margin=15.298 logits_max=1.18583 logits_rms=0.233414
ds4: dspark batch audit row=4 token=39 batch_top=3316 exact_top=3316 batch_margin=15.821 exact_margin=16.221 logits_max=1.88374 logits_rms=0.276178
ds4: dspark timing batch-audit drafted=5 committed=5 exact_replayed=5 draft=18.472 ms snapshot=0.413 ms verify=74.151 ms total=232.595 ms
ds4: dspark batch audit row=0 token=438 batch_top=223 exact_top=223 batch_margin=15.700 exact_margin=15.742 logits_max=0.0904036 logits_rms=0.0171234
ds4: dspark batch audit row=1 token=223 batch_top=20 exact_top=20 batch_margin=0.007 exact_margin=0.010 logits_max=0.162096 logits_rms=0.0257406
ds4: dspark batch audit row=2 token=20 batch_top=201 exact_top=201 batch_margin=12.993 exact_margin=13.012 logits_max=0.219701 logits_rms=0.0330869
ds4: dspark batch audit row=3 token=201 batch_top=36 exact_top=36 batch_margin=8.456 exact_margin=8.443 logits_max=0.119765 logits_rms=0.0222664
ds4: dspark batch audit row=4 token=36 batch_top=6552 exact_top=6552 batch_margin=11.073 exact_margin=11.323 logits_max=0.54066 logits_rms=0.110777
ds4: dspark timing batch-audit drafted=5 committed=5 exact_replayed=5 draft=18.511 ms snapshot=0.397 ms verify=74.134 ms total=233.695 ms
ds4: dspark batch audit row=0 token=108239 batch_top=39 exact_top=39 batch_margin=15.180 exact_margin=15.179 logits_max=0.0922089 logits_rms=0.0159972
ds4: dspark batch audit row=1 token=39 batch_top=3316 exact_top=3316 batch_margin=14.350 exact_margin=14.360 logits_max=0.111013 logits_rms=0.0182382
ds4: dspark batch audit row=2 token=3316 batch_top=438 exact_top=438 batch_margin=13.695 exact_margin=13.725 logits_max=0.12902 logits_rms=0.030849
ds4: dspark batch audit row=3 token=438 batch_top=223 exact_top=223 batch_margin=7.951 exact_margin=8.046 logits_max=0.77651 logits_rms=0.1405
ds4: dspark batch audit row=4 token=223 batch_top=25 exact_top=25 batch_margin=2.373 exact_margin=2.355 logits_max=4.45023 logits_rms=0.597514
ds4: dspark timing batch-audit drafted=5 committed=5 exact_replayed=5 draft=18.424 ms snapshot=0.386 ms verify=75.410 ms total=235.492 ms
ds4: dspark batch audit row=0 token=201 batch_top=2389 exact_top=2389 batch_margin=4.016 exact_margin=3.989 logits_max=0.489122 logits_rms=0.0819136
ds4: dspark batch audit row=1 token=2389 batch_top=4846 exact_top=4846 batch_margin=16.419 exact_margin=16.436 logits_max=0.236652 logits_rms=0.0367589
ds4: dspark timing batch-audit drafted=2 committed=2 exact_replayed=2 draft=10.286 ms snapshot=0.376 ms verify=42.598 ms total=108.640 ms
ds4: ----------------------------------------
ds4: prefill: 6.72 t/s, generation: 21.63 t/s (96 tokens in 4.439s)
ds4: dspark acceptance: 69.2% (74/107 draft tokens)
ds4: Flash-MoE resident slot bank: resident-slots=11008/11008 (100.0%, avg=256.0/layer) installed=72.56 GiB
