ds4: detected DS4 sidecar package: -m /Users/anemll/Models/flash/dsv4-iq2xxs-expert-major/dense/model-dense.gguf, --moe-sidecar /Users/anemll/Models/flash/dsv4-iq2xxs-expert-major, --moe-mode slot-bank
ds4: applied sidecar tuning profile [Apple M5 Max] from ds4_profile.json (51 env defaults set, 0 kept from environment)
ds4: warning: raw KV cap limits Metal prefill chunk (prefill_chunk=4096, raw_kv_rows=4096, raw_window=128, effective_chunk=3968; target raw cap for one chunk is 4352, also requires ctx >= that value)
ds4: context buffers 429.99 MiB (ctx=4096, backend=metal, prefill_chunk=4096, raw_kv_rows=4096, compressed_kv_rows=1026)
ds4: Flash-MoE sidecar loaded: /Users/anemll/Models/flash/dsv4-iq2xxs-expert-major (slot-bank=256, expert-record 6.75 MiB)
ds4: Flash-MoE expert mmap cache: off; expert reads: pread
ds4: Metal device Apple M5 Max, 128.00 GiB RAM, GPU working-set budget 107.52 GiB (raise with: sudo sysctl iogpu.wired_limit_mb=<MB>)
ds4: drift-patch flags hc_stable=on norm_unify=on kv_raw_f32=off rope_exp2_log2=off math_safe=off tensor_matmul=off
ds4: MXFP4 native library (MSL 4.1): repack=ok selected-repack=ok selected-plane-copy=ok scale-plane matmul=ok selected-matmul=ok decode2=pair/sum6 batch-decode2=pair/sum6 batch-strided=pair/sum6 hybrid-down=sum6 chunked-decode2=pair/sum6
ds4: DS4_MXFP4_NATIVE=1: native MXFP4 available (MPP 4.1 scale-plane matmul2d)
ds4: DSpark resident expert cache: ranges=9 bytes=9.56 GiB (persistent; debug opt-out requires DS4_DSPARK_ALLOW_NONRESIDENT=1)
ds4: DSpark sidecar Metal residency requested: buffers=9 bytes=9.56 GiB
ds4: DSpark draft package loaded: /Users/anemll/Models/DSv4-Flash-DSpark-draft (block=5 verify=4 scheduler=static conf=0.000 noise=128799 target_layers=40,41,42 markov_rank=256 records=81 mapped=10.12 GiB)
ds4: DSpark draft records: F32=41 F16=6 FP8_E4M3=25 MXFP4_NATIVE=9
ds4: DSpark draft inference enabled: MPP 4.1 FP8/MXFP4 draft kernels, fused routed-MoE per draft layer, persistent resident experts, greedy Markov head, exact verifier v1
ds4: Flash-MoE using mmap-backed dense/shared weights without full-model Metal residency warmup
ds4: Metal model views created in 0.280 ms, residency requested in 0.000 ms, warmup 0.000 ms (mapped 8393.67 MiB from offset 5.06 MiB)
ds4: Metal mapped mmaped model as 1 overlapping shared buffers
ds4: metal backend initialized for graph diagnostics
ds4: prefill routed-MoE (requested): mul_mm_id (grouped GPU / ALU)  [grouped path]
ds4: prefill quant scales (ANE env first): w_qscale=512 x_qscale=32 mid_qscale=32 w_scale=0.00195312 x_scale=0.03125 mid_scale=0.03125
ds4: prefill ctx-grow: on, block=16384 tokens
ds4: prefill chunk cap: 16384, graph_raw_cap=auto
ds4: Flash-MoE resident mixed slot-bank load: layers=43 slots=256 bytes=72.56 GiB (one dot per layer)
ds4: Flash-MoE resident prepare: ........................................... 72.56/72.56 GiB (43 layers)
ds4: Flash-MoE resident preload: ........................................... 72.56/72.56 GiB (43 layers)
ds4: Flash-MoE preloaded mixed slot bank: layers=43 slots=256 identity-mapped experts=256
ds4: Flash-MoE slot-bank Metal residency requested: buffers=43 bytes=72.56 GiB
ds4: Flash-MoE slot-bank pages touched: buffers=43 bytes=72.56 GiB
ds4: Flash-MoE slot banks allocated: layers=43 slots=256 gpu-bank=72.6GB Dense: 8.2GB Context: 0.4GB Total <<<< 81.2GB >>>>
ds4: Flash-MoE slot bank layout: mixed expert-major
ds4: warning: very large Flash-MoE slot bank can collapse decode throughput (slots=256, gpu-bank=72.56 GiB). The wired bank competes with the OS file cache that serves decode-miss reads of the sidecar; when the sidecar is larger than RAM, smaller banks decode faster. Compare --moe-slot-bank 32/48/64 or use --ssd-cache auto.
ds4: prefill compute: routed experts = ANE i8i8 (W8A8) | dense proj = Q8 direct-RHS NAX; K-quant dense = fused mul_mm_id batch
ds4: prefill I/O: io-split=4 async-pread=on pread-threads=4 readahead=12 bank-prefetch=3 slot-cache-topk=0 xlayer=auto<=6k-tok topk=128
ds4: decode  I/O: io-split=4 router-prefetch=off scratch-prefetch=off max-loads=0 layer-stride=1 miss-direct-slot-pread=on prefetch-direct-slot-pread=off did-modify=on shared-down=on reset-after-prefill=off realloc-after-prefill=off restore-after-prefill=off resident=slot-bank slots=256
ds4: Flash-MoE banked kernels using M5 simdgroup_matrix fast path (prefetch=3, banks=4)
ds4: WARNING: prefill chunk 4096 clamped to 3968 by raw-KV cap (raw_cap=4096, window=128). Set DS4_METAL_GRAPH_RAW_CAP >= 4224 (window + chunk) — or unset it to auto-size — to honor the chunk.
ds4: prefill chunk cap EFFECTIVE=3968 tokens (DS4_METAL_PREFILL_CHUNK=16384), CLAMPED by raw-KV-cap (ctx-grow) (resident-NAX tiles this by scratch_cap; that tile gates the sync bridge)
processing 19 input tokens: 0/19 (0.0%) batch=0.00 t/s avg=0.00 t/s
ds4: ANE i8w-i8x-tiled-fused cached async prefill B=256 H=4096 I=2048 w_scale=0.00195312 x_scale=0.03125 mid_scale=0.03125
processing 19 input tokens: 0/19 (0.0%) batch=0.00 t/s avg=0.00 t/s
processing 19 input tokens: 0/19 (0.0%) batch=0.00 t/s avg=0.00 t/s
processing 19 input tokens: 1/19 (5.3%) batch=31.23 t/s avg=0.48 t/s
processing 19 input tokens: 1/19 (5.3%) batch=0.00 t/s avg=0.47 t/s
processing 19 input tokens: 2/19 (10.5%) batch=53.30 t/s avg=0.94 t/s
processing 19 input tokens: 2/19 (10.5%) batch=0.00 t/s avg=0.93 t/s
processing 19 input tokens: 3/19 (15.8%) batch=54.31 t/s avg=1.39 t/s
processing 19 input tokens: 3/19 (15.8%) batch=0.00 t/s avg=1.37 t/s
processing 19 input tokens: 3/19 (15.8%) batch=0.00 t/s avg=1.36 t/s
processing 19 input tokens: 4/19 (21.1%) batch=49.99 t/s avg=1.80 t/s
processing 19 input tokens: 4/19 (21.1%) batch=0.00 t/s avg=1.78 t/s
processing 19 input tokens: 5/19 (26.3%) batch=48.56 t/s avg=2.21 t/s
processing 19 input tokens: 5/19 (26.3%) batch=0.00 t/s avg=2.19 t/s
processing 19 input tokens: 6/19 (31.6%) batch=54.16 t/s avg=2.61 t/s
processing 19 input tokens: 6/19 (31.6%) batch=0.00 t/s avg=2.59 t/s
processing 19 input tokens: 7/19 (36.8%) batch=59.84 t/s avg=3.00 t/s
processing 19 input tokens: 7/19 (36.8%) batch=0.00 t/s avg=2.97 t/s
processing 19 input tokens: 7/19 (36.8%) batch=0.00 t/s avg=2.95 t/s
processing 19 input tokens: 8/19 (42.1%) batch=55.11 t/s avg=3.35 t/s
processing 19 input tokens: 8/19 (42.1%) batch=0.00 t/s avg=3.31 t/s
processing 19 input tokens: 9/19 (47.4%) batch=57.22 t/s avg=3.70 t/s
processing 19 input tokens: 9/19 (47.4%) batch=0.00 t/s avg=3.67 t/s
processing 19 input tokens: 10/19 (52.6%) batch=51.88 t/s avg=4.05 t/s
processing 19 input tokens: 10/19 (52.6%) batch=0.00 t/s avg=4.02 t/s
processing 19 input tokens: 11/19 (57.9%) batch=59.21 t/s avg=4.39 t/s
processing 19 input tokens: 11/19 (57.9%) batch=0.00 t/s avg=4.36 t/s
processing 19 input tokens: 11/19 (57.9%) batch=0.00 t/s avg=4.33 t/s
processing 19 input tokens: 12/19 (63.2%) batch=51.90 t/s avg=4.69 t/s
processing 19 input tokens: 12/19 (63.2%) batch=0.00 t/s avg=4.66 t/s
processing 19 input tokens: 13/19 (68.4%) batch=49.85 t/s avg=5.00 t/s
processing 19 input tokens: 13/19 (68.4%) batch=0.00 t/s avg=4.97 t/s
processing 19 input tokens: 14/19 (73.7%) batch=54.09 t/s avg=5.31 t/s
processing 19 input tokens: 14/19 (73.7%) batch=0.00 t/s avg=5.28 t/s
processing 19 input tokens: 15/19 (78.9%) batch=58.07 t/s avg=5.62 t/s
processing 19 input tokens: 15/19 (78.9%) batch=0.00 t/s avg=5.58 t/s
processing 19 input tokens: 15/19 (78.9%) batch=0.00 t/s avg=5.54 t/s
processing 19 input tokens: 16/19 (84.2%) batch=52.29 t/s avg=5.86 t/s
processing 19 input tokens: 16/19 (84.2%) batch=0.00 t/s avg=5.82 t/s
processing 19 input tokens: 17/19 (89.5%) batch=53.30 t/s avg=6.14 t/s
processing 19 input tokens: 17/19 (89.5%) batch=0.00 t/s avg=6.10 t/s
processing 19 input tokens: 18/19 (94.7%) batch=51.11 t/s avg=6.41 t/s
processing 19 input tokens: 18/19 (94.7%) batch=0.00 t/s avg=6.37 t/s
processing 19 input tokens: 19/19 (100.0%) batch=46.32 t/s avg=6.67 t/s
ds4: prefill full: 19 tokens in 2851.1 ms (6.7 t/s)
ds4: [mxfp4-native] two-dispatch plane decode arm engaged (dspark-strided, experts=6)
ds4: DSpark draft warmup: cap=4 rows=4 in 167.7 ms (paid before decode timer)
ds4: Flash-MoE mixed resident bank using fused GPU-selected decode path (slot id == expert id)
ds4: dspark hybrid audit prefix drafted=4 committed=4 state_count=4 prefix_slots=3
ds4: dspark hybrid layer q-rope audit decodeN-attn-ffn-batch eps=1e-05 first=2 row=1 idx=29220 delta=1.43647e-05 h=-0.72499 e=-0.725004 max=2.03848e-05 rms=1.02293e-06 worst=18 row=2 idx=113 worst_delta=0.597599 h=-1.4208 e=-0.823196 worst_rms=0.045324 layers=43 rows=4
ds4: dspark hybrid layer kv-cache-row audit decodeN-attn-ffn-batch eps=1e-05 first=3 row=1 idx=445 delta=0.03125 h=-0.4375 e=-0.46875 max=0.03125 rms=0.000690535 worst=18 row=2 idx=35 worst_delta=0.359375 h=-0.203125 e=-0.5625 worst_rms=0.0530034 layers=43 rows=4
ds4: dspark hybrid layer attn-heads-raw audit decodeN-attn-ffn-batch eps=1e-05 first=1 row=1 idx=5667 delta=1.27256e-05 h=-0.302169 e=-0.302182 max=4.48525e-05 rms=8.26272e-07 worst=18 row=2 idx=24611 worst_delta=0.319962 h=-0.241804 e=-0.561766 worst_rms=0.0128827 layers=43 rows=4
ds4: dspark hybrid layer attn-heads audit decodeN-attn-ffn-batch eps=1e-05 first=1 row=0 idx=22476 delta=1.0848e-05 h=-1.17823 e=-1.17822 max=4.48525e-05 rms=8.2635e-07 worst=18 row=2 idx=24611 worst_delta=0.319962 h=-0.241804 e=-0.561766 worst_rms=0.0128827 layers=43 rows=4
ds4: dspark hybrid layer attn-out audit decodeN-attn-ffn-batch eps=1e-05 first=1 row=1 idx=69 delta=1.00136e-05 h=-2.50867 e=-2.50868 max=1.85966e-05 rms=3.54097e-06 worst=33 row=3 idx=2667 worst_delta=1.25543 h=2.27562 e=1.02019 worst_rms=0.0389026 layers=43 rows=4
ds4: dspark hybrid layer attn-HC audit decodeN-attn-ffn-batch eps=1e-05 first=3 row=1 idx=0 delta=3.3401e-05 h=-0.0802113 e=-0.0801779 max=0.000317983 rms=2.24704e-05 worst=34 row=3 idx=6763 worst_delta=1.3639 h=-8.34009 e=-9.70399 worst_rms=0.0758059 layers=43 rows=4
ds4: dspark hybrid layer ffn-pre audit decodeN-attn-ffn-batch eps=1e-05 first=3 row=1 idx=1 delta=1.17123e-05 h=-0.0362848 e=-0.0362965 max=5.44041e-05 rms=8.35305e-06 worst=29 row=3 idx=1653 worst_delta=0.933227 h=-1.94178 e=-1.00855 worst_rms=0.115895 layers=43 rows=4
ds4: dspark hybrid layer ffn-norm audit decodeN-attn-ffn-batch eps=1e-05 first=2 row=3 idx=461 delta=1.04159e-05 h=-0.209178 e=-0.209189 max=1.2219e-05 rms=2.401e-06 worst=28 row=3 idx=3534 worst_delta=0.200256 h=0.996195 e=0.795939 worst_rms=0.0275058 layers=43 rows=4
ds4: dspark hybrid layer routed-out audit decodeN-attn-ffn-batch eps=1e-05 first=3 row=1 idx=1 delta=3.37064e-05 h=-0.0731242 e=-0.073158 max=0.000163823 rms=2.22237e-05 worst=27 row=3 idx=3911 worst_delta=0.449354 h=-0.140498 e=-0.589852 worst_rms=0.062663 layers=43 rows=4
ds4: dspark hybrid layer shared-out audit decodeN-attn-ffn-batch eps=1e-05 first=3 row=1 idx=1 delta=2.80961e-05 h=0.0223185 e=0.0222904 max=7.17491e-05 rms=1.28382e-05 worst=42 row=3 idx=1176 worst_delta=0.515137 h=102.413 e=101.898 worst_rms=0.0270379 layers=43 rows=4
ds4: dspark hybrid layer post-HC audit decodeN-attn-ffn-batch eps=1e-05 first=3 row=1 idx=0 delta=3.07523e-05 h=-0.0541739 e=-0.0541431 max=0.000300646 rms=2.19554e-05 worst=33 row=3 idx=6763 worst_delta=1.3904 h=-8.61017 e=-10.0006 worst_rms=0.075534 layers=43 rows=4
ds4: dspark hybrid first divergence audit decodeN-attn-ffn-batch stage=attn-heads-raw layer=1 row=1 idx=5667 delta=1.27256e-05 h=-0.302169 e=-0.302182 layer_max=4.48525e-05 layer_rms=8.26272e-07
ds4: dspark hybrid audit commit logits top hybrid=14295 exact=14295 margin hybrid=10.634 exact=10.638 max=0.428102 rms=0.0870608
ds4: dspark batch state audit hybrid-vs-exact layer=3 n_comp 0/0 n_index 0/0 attn_kv max=6.78748e-06 rms=1.33473e-07 attn_score max=1.86861e-05 rms=nan index_kv max=0 rms=0 index_score max=0 rms=0 raw max=0.03125 rms=0.000690534 rows=4
ds4: dspark batch state audit hybrid-vs-exact layer=4 n_comp 6/6 n_index 6/6 attn_kv max=0.000222564 rms=2.14454e-05 attn_score max=0.000455618 rms=0.000110388 index_kv max=0.000288248 rms=2.97597e-05 index_score max=0.00057292 rms=0.000122394 raw max=0.0625 rms=0.00158942 rows=4
ds4: dspark batch state audit hybrid-vs-exact layer=5 n_comp 0/0 n_index 0/0 attn_kv max=0.000314772 rms=6.66504e-06 attn_score max=0.000427485 rms=nan index_kv max=0 rms=0 index_score max=0 rms=0 raw max=0.125 rms=0.00339658 rows=4
ds4: dspark batch state audit hybrid-vs-exact layer=6 n_comp 6/6 n_index 6/6 attn_kv max=0.000752032 rms=0.000130208 attn_score max=0.0042398 rms=0.0012782 index_kv max=0.000936806 rms=0.000153071 index_score max=0.00575447 rms=0.0012426 raw max=0.0625 rms=0.00325413 rows=4
ds4: dspark batch state audit hybrid-vs-exact layer=7 n_comp 0/0 n_index 0/0 attn_kv max=0.000723287 rms=1.51571e-05 attn_score max=0.00133783 rms=nan index_kv max=0 rms=0 index_score max=0 rms=0 raw max=0.125 rms=0.00650566 rows=4
ds4: dspark batch state audit hybrid-vs-exact layer=8 n_comp 6/6 n_index 6/6 attn_kv max=0.00283802 rms=0.000313653 attn_score max=0.00587559 rms=0.00156832 index_kv max=0.00321567 rms=0.00041686 index_score max=0.00659168 rms=0.00149559 raw max=0.0625 rms=0.00509145 rows=4
ds4: dspark batch state audit hybrid-vs-exact layer=9 n_comp 0/0 n_index 0/0 attn_kv max=0.000598505 rms=1.73085e-05 attn_score max=0.00195223 rms=nan index_kv max=0 rms=0 index_score max=0 rms=0 raw max=0.125 rms=0.00520837 rows=4
ds4: dspark batch state audit hybrid-vs-exact layer=10 n_comp 6/6 n_index 6/6 attn_kv max=0.0018165 rms=0.000293681 attn_score max=0.00414521 rms=0.000937686 index_kv max=0.00241077 rms=0.000382593 index_score max=0.00395572 rms=0.00099542 raw max=0.125 rms=0.00573375 rows=4
ds4: dspark batch state audit hybrid-vs-exact layer=11 n_comp 0/0 n_index 0/0 attn_kv max=0.000938214 rms=2.50853e-05 attn_score max=0.00249273 rms=nan index_kv max=0 rms=0 index_score max=0 rms=0 raw max=0.125 rms=0.00534366 rows=4
ds4: dspark batch state audit hybrid-vs-exact layer=12 n_comp 6/6 n_index 6/6 attn_kv max=0.00202146 rms=0.000300059 attn_score max=0.0114441 rms=0.00272919 index_kv max=0.00653601 rms=0.000486233 index_score max=0.0125935 rms=0.00264436 raw max=0.125 rms=0.00794674 rows=4
ds4: dspark batch state audit hybrid-vs-exact layer=13 n_comp 0/0 n_index 0/0 attn_kv max=0.000733092 rms=2.90531e-05 attn_score max=0.00118351 rms=nan index_kv max=0 rms=0 index_score max=0 rms=0 raw max=0.125 rms=0.00753141 rows=4
ds4: dspark batch state audit hybrid-vs-exact layer=14 n_comp 6/6 n_index 6/6 attn_kv max=0.00321883 rms=0.000407224 attn_score max=0.00892311 rms=0.00349423 index_kv max=0.00483036 rms=0.000622521 index_score max=0.0114169 rms=0.00353699 raw max=0.125 rms=0.00849111 rows=4
ds4: dspark batch state audit hybrid-vs-exact layer=15 n_comp 0/0 n_index 0/0 attn_kv max=0.00193636 rms=5.33052e-05 attn_score max=0.0087925 rms=nan index_kv max=0 rms=0 index_score max=0 rms=0 raw max=0.125 rms=0.00804551 rows=4
ds4: dspark batch state audit hybrid-vs-exact layer=16 n_comp 6/6 n_index 6/6 attn_kv max=0.00320356 rms=0.000528281 attn_score max=0.0190606 rms=0.00803484 index_kv max=0.0049867 rms=0.000846063 index_score max=0.0196981 rms=0.00788603 raw max=0.125 rms=0.010423 rows=4
ds4: dspark batch state audit hybrid-vs-exact layer=17 n_comp 0/0 n_index 0/0 attn_kv max=0.0470807 rms=0.00137368 attn_score max=0.119589 rms=nan index_kv max=0 rms=0 index_score max=0 rms=0 raw max=0.25 rms=0.0396524 rows=4
ds4: dspark batch state audit hybrid-vs-exact layer=18 n_comp 6/6 n_index 6/6 attn_kv max=0.0395967 rms=0.00623916 attn_score max=0.130668 rms=0.0269482 index_kv max=0.0884662 rms=0.00781218 index_score max=0.138647 rms=0.0291079 raw max=0.359375 rms=0.0530036 rows=4
ds4: dspark batch state audit hybrid-vs-exact layer=19 n_comp 0/0 n_index 0/0 attn_kv max=0.0243 rms=0.000510361 attn_score max=0.0325949 rms=nan index_kv max=0 rms=0 index_score max=0 rms=0 raw max=0.25 rms=0.0449666 rows=4
ds4: dspark batch state audit hybrid-vs-exact layer=20 n_comp 6/6 n_index 6/6 attn_kv max=0.032011 rms=0.00512014 attn_score max=0.118612 rms=0.0359542 index_kv max=0.0297047 rms=0.00575293 index_score max=0.203951 rms=0.0347792 raw max=0.289062 rms=0.0467433 rows=4
ds4: dspark batch state audit hybrid-vs-exact layer=21 n_comp 0/0 n_index 0/0 attn_kv max=0.0195449 rms=0.000375022 attn_score max=0.0252915 rms=nan index_kv max=0 rms=0 index_score max=0 rms=0 raw max=0.15625 rms=0.0291058 rows=4
ds4: dspark batch state audit hybrid-vs-exact layer=22 n_comp 6/6 n_index 6/6 attn_kv max=0.0213653 rms=0.00363817 attn_score max=0.056833 rms=0.010456 index_kv max=0.0294036 rms=0.0053991 index_score max=0.0581665 rms=0.0110066 raw max=0.25 rms=0.0229892 rows=4
ds4: dspark batch state audit hybrid-vs-exact layer=23 n_comp 0/0 n_index 0/0 attn_kv max=0.0473843 rms=0.000571389 attn_score max=0.0329632 rms=nan index_kv max=0 rms=0 index_score max=0 rms=0 raw max=0.25 rms=0.0307207 rows=4
ds4: dspark batch state audit hybrid-vs-exact layer=24 n_comp 6/6 n_index 6/6 attn_kv max=0.0292363 rms=0.00304073 attn_score max=0.0619884 rms=0.00931394 index_kv max=0.0226474 rms=0.00393485 index_score max=0.0862055 rms=0.00977025 raw max=0.125 rms=0.0152952 rows=4
ds4: dspark batch state audit hybrid-vs-exact layer=25 n_comp 0/0 n_index 0/0 attn_kv max=0.00952126 rms=0.000192948 attn_score max=0.0139268 rms=nan index_kv max=0 rms=0 index_score max=0 rms=0 raw max=0.125 rms=0.0215406 rows=4
ds4: dspark batch state audit hybrid-vs-exact layer=26 n_comp 6/6 n_index 6/6 attn_kv max=0.0143346 rms=0.00237898 attn_score max=0.0616523 rms=0.0159346 index_kv max=0.0166203 rms=0.00255883 index_score max=0.0889976 rms=0.015424 raw max=0.25 rms=0.0267619 rows=4
ds4: dspark batch state audit hybrid-vs-exact layer=27 n_comp 0/0 n_index 0/0 attn_kv max=0.00972819 rms=0.000216376 attn_score max=0.0172027 rms=nan index_kv max=0 rms=0 index_score max=0 rms=0 raw max=0.125 rms=0.0234333 rows=4
ds4: dspark batch state audit hybrid-vs-exact layer=28 n_comp 6/6 n_index 6/6 attn_kv max=0.0228945 rms=0.00316582 attn_score max=0.160407 rms=0.0326873 index_kv max=0.0345249 rms=0.00412488 index_score max=0.131912 rms=0.0329016 raw max=0.125 rms=0.0259249 rows=4
ds4: dspark batch state audit hybrid-vs-exact layer=29 n_comp 0/0 n_index 0/0 attn_kv max=0.0130355 rms=0.00025111 attn_score max=0.0263468 rms=nan index_kv max=0 rms=0 index_score max=0 rms=0 raw max=0.25 rms=0.0284139 rows=4
ds4: dspark batch state audit hybrid-vs-exact layer=30 n_comp 6/6 n_index 6/6 attn_kv max=0.0186365 rms=0.00262609 attn_score max=0.108202 rms=0.0244606 index_kv max=0.0276207 rms=0.00384572 index_score max=0.0932398 rms=0.0226071 raw max=0.25 rms=0.0213935 rows=4
ds4: dspark batch state audit hybrid-vs-exact layer=31 n_comp 0/0 n_index 0/0 attn_kv max=0.00760537 rms=0.000277259 attn_score max=0.0165237 rms=nan index_kv max=0 rms=0 index_score max=0 rms=0 raw max=0.25 rms=0.0247204 rows=4
ds4: dspark batch state audit hybrid-vs-exact layer=32 n_comp 6/6 n_index 6/6 attn_kv max=0.0188163 rms=0.00230691 attn_score max=0.091918 rms=0.0248504 index_kv max=0.0366201 rms=0.00311537 index_score max=0.0815415 rms=0.0237473 raw max=0.125 rms=0.0253965 rows=4
ds4: dspark batch state audit hybrid-vs-exact layer=33 n_comp 0/0 n_index 0/0 attn_kv max=0.00789059 rms=0.000263708 attn_score max=0.025551 rms=nan index_kv max=0 rms=0 index_score max=0 rms=0 raw max=0.25 rms=0.0272574 rows=4
ds4: dspark batch state audit hybrid-vs-exact layer=34 n_comp 6/6 n_index 6/6 attn_kv max=0.0478728 rms=0.00336071 attn_score max=0.787932 rms=0.16933 index_kv max=0.0427211 rms=0.00404933 index_score max=0.773209 rms=0.165822 raw max=0.25 rms=0.0316824 rows=4
ds4: dspark batch state audit hybrid-vs-exact layer=35 n_comp 0/0 n_index 0/0 attn_kv max=0.013219 rms=0.000413312 attn_score max=0.02262 rms=nan index_kv max=0 rms=0 index_score max=0 rms=0 raw max=0.25 rms=0.0335575 rows=4
ds4: dspark batch state audit hybrid-vs-exact layer=36 n_comp 6/6 n_index 6/6 attn_kv max=0.0133857 rms=0.00194421 attn_score max=0.0424904 rms=0.0131667 index_kv max=0.0164017 rms=0.00196211 index_score max=0.0410395 rms=0.0131711 raw max=0.25 rms=0.020807 rows=4
ds4: dspark batch state audit hybrid-vs-exact layer=37 n_comp 0/0 n_index 0/0 attn_kv max=0.0109982 rms=0.000122408 attn_score max=0.0259974 rms=nan index_kv max=0 rms=0 index_score max=0 rms=0 raw max=0.25 rms=0.0213658 rows=4
ds4: dspark batch state audit hybrid-vs-exact layer=38 n_comp 6/6 n_index 6/6 attn_kv max=0.0368519 rms=0.00295587 attn_score max=0.099233 rms=0.0229976 index_kv max=0.0270202 rms=0.00386104 index_score max=0.108884 rms=0.0229621 raw max=0.25 rms=0.019652 rows=4
ds4: dspark batch state audit hybrid-vs-exact layer=39 n_comp 0/0 n_index 0/0 attn_kv max=0.0158808 rms=0.000313708 attn_score max=0.027154 rms=nan index_kv max=0 rms=0 index_score max=0 rms=0 raw max=0.25 rms=0.0262109 rows=4
ds4: dspark batch state audit hybrid-vs-exact layer=40 n_comp 6/6 n_index 6/6 attn_kv max=0.0380449 rms=0.00273747 attn_score max=0.394567 rms=0.100337 index_kv max=0.0379763 rms=0.00415946 index_score max=0.367033 rms=0.0977404 raw max=0.25 rms=0.0269938 rows=4
ds4: dspark batch state audit hybrid-vs-exact layer=41 n_comp 0/0 n_index 0/0 attn_kv max=0.00836238 rms=0.00019515 attn_score max=0.0156471 rms=nan index_kv max=0 rms=0 index_score max=0 rms=0 raw max=0.125 rms=0.0221185 rows=4
ds4: dspark batch state audit hybrid-vs-exact layer=42 n_comp 6/6 n_index 6/6 attn_kv max=0.01109 rms=0.00124902 attn_score max=0.0418006 rms=0.00528852 index_kv max=0.00971036 rms=0.00134193 index_score max=0.0474396 rms=0.0062698 raw max=0.125 rms=0.0123183 rows=4
ds4: dspark batch state audit hybrid-vs-exact final_hc row=3 max=0.881489 rms=0.189367
ds4: dspark batch state audit hybrid-vs-exact dspark_target_hidden start=20 rows=4 max=0.568378 rms=0.0795562
ds4: dspark batch state audit hybrid-vs-exact dspark_kv_cache layer=0 start=20 rows=4 max=0.125 rms=0.0202866
ds4: dspark batch state audit hybrid-vs-exact dspark_kv_cache layer=1 start=20 rows=4 max=0.25 rms=0.0260448
ds4: dspark batch state audit hybrid-vs-exact dspark_kv_cache layer=2 start=20 rows=4 max=0.25 rms=0.0293471
ds4: dspark batch state audit hybrid-vs-exact summary eps=1e-05 mismatch_layers=40 first_stage=attn-score first_layer=3 first_max=1.86861e-05 first_rms=nan max=0.881489 final_hc_max=0.881489 decode_hc_max=0 dspark_hidden max=0.568378 rms=0.0795562 dspark_kv max=0.25 rms=0.0260448 raw_rows=4 mtp_n_raw 0/0
ds4: dspark hybrid audit prefix drafted=4 committed=4 state_count=4 prefix_slots=3
ds4: dspark hybrid layer q-rope audit decodeN-attn-ffn-batch eps=1e-05 first=2 row=2 idx=7128 delta=1.10269e-05 h=0.0944732 e=0.0944622 max=2.05263e-05 rms=1.90112e-06 worst=39 row=3 idx=29883 worst_delta=0.121121 h=6.48387 e=6.36275 worst_rms=0.00958003 layers=43 rows=4
ds4: dspark hybrid layer kv-cache-row audit decodeN-attn-ffn-batch eps=1e-05 first=1 row=2 idx=384 delta=0.000244141 h=0.00366211 e=0.00341797 max=0.000244141 rms=5.39496e-06 worst=16 row=1 idx=17 worst_delta=0.25 h=-2.75 e=-3 worst_rms=0.0100306 layers=43 rows=4
ds4: dspark hybrid layer attn-heads-raw audit decodeN-attn-ffn-batch eps=1e-05 first=1 row=0 idx=4572 delta=1.3113e-05 h=-3.45861 e=-3.45862 max=0.000176008 rms=1.48326e-06 worst=40 row=3 idx=22604 worst_delta=0.23366 h=2.25452 e=2.48818 worst_rms=0.00676692 layers=43 rows=4
ds4: dspark hybrid layer attn-heads audit decodeN-attn-ffn-batch eps=1e-05 first=1 row=0 idx=4572 delta=1.43051e-05 h=-3.73958 e=-3.73959 max=0.000176008 rms=1.48331e-06 worst=40 row=3 idx=22604 worst_delta=0.23366 h=2.25452 e=2.48818 worst_rms=0.00676692 layers=43 rows=4
ds4: dspark hybrid layer attn-out audit decodeN-attn-ffn-batch eps=1e-05 first=1 row=2 idx=3 delta=1.75834e-05 h=-0.153887 e=-0.153869 max=4.20511e-05 rms=7.51237e-06 worst=42 row=3 idx=2739 worst_delta=0.904602 h=57.9947 e=58.8993 worst_rms=0.0223839 layers=43 rows=4
ds4: dspark hybrid layer attn-HC audit decodeN-attn-ffn-batch eps=1e-05 first=2 row=2 idx=10 delta=2.53469e-05 h=0.0424652 e=0.0424399 max=2.96161e-05 rms=2.05826e-06 worst=42 row=3 idx=6835 worst_delta=1.60315 h=74.5022 e=76.1054 worst_rms=0.0815871 layers=43 rows=4
ds4: dspark hybrid layer ffn-pre audit decodeN-attn-ffn-batch eps=1e-05 first=2 row=2 idx=10 delta=2.15173e-05 h=0.0780357 e=0.0780142 max=2.77981e-05 rms=3.76239e-06 worst=40 row=3 idx=681 worst_delta=0.792032 h=-0.751195 e=-1.54323 worst_rms=0.1048 layers=43 rows=4
ds4: dspark hybrid layer ffn-norm audit decodeN-attn-ffn-batch eps=1e-05 first=2 row=2 idx=0 delta=2.73287e-05 h=0.0990878 e=0.0991151 max=9.95547e-05 rms=1.47718e-05 worst=37 row=3 idx=163 worst_delta=0.0986926 h=0.613153 e=0.51446 worst_rms=0.012368 layers=43 rows=4
ds4: dspark hybrid layer routed-out audit decodeN-attn-ffn-batch eps=1e-05 first=2 row=2 idx=0 delta=1.11423e-05 h=0.0536527 e=0.0536416 max=3.97265e-05 rms=6.71224e-06 worst=42 row=3 idx=3007 worst_delta=0.642088 h=1.34681 e=1.98889 worst_rms=0.0897304 layers=43 rows=4
ds4: dspark hybrid layer shared-out audit decodeN-attn-ffn-batch eps=1e-05 first=2 row=2 idx=0 delta=1.59275e-05 h=-0.00201035 e=-0.00202627 max=2.90275e-05 rms=5.53508e-06 worst=42 row=3 idx=1176 worst_delta=2.36928 h=74.6791 e=72.3099 worst_rms=0.0470611 layers=43 rows=4
ds4: dspark hybrid layer post-HC audit decodeN-attn-ffn-batch eps=1e-05 first=2 row=2 idx=10 delta=2.33166e-05 h=0.0415663 e=0.041543 max=2.77609e-05 rms=2.00966e-06 worst=42 row=3 idx=13464 worst_delta=2.13291 h=84.3302 e=82.1973 worst_rms=0.09948 layers=43 rows=4
ds4: dspark hybrid first divergence audit decodeN-attn-ffn-batch stage=kv-cache-row layer=1 row=2 idx=384 delta=0.000244141 h=0.00366211 e=0.00341797 layer_max=0.000244141 layer_rms=5.39496e-06
ds4: dspark hybrid audit commit logits top hybrid=19950 exact=19950 margin hybrid=8.126 exact=8.344 max=1.15307 rms=0.15174
ds4: dspark batch state audit hybrid-vs-exact layer=1 n_comp 0/0 n_index 0/0 attn_kv max=0 rms=0 attn_score max=0 rms=0 index_kv max=0 rms=0 index_score max=0 rms=0 raw max=0.000244141 rms=5.3948e-06 rows=4
ds4: dspark batch state audit hybrid-vs-exact layer=2 n_comp 7/7 n_index 7/7 attn_kv max=1.80304e-06 rms=2.49289e-07 attn_score max=2.563e-06 rms=3.35667e-07 index_kv max=2.18302e-06 rms=3.00592e-07 index_score max=3.45707e-06 rms=4.87635e-07 raw max=0.00390625 rms=8.63167e-05 rows=4
ds4: dspark batch state audit hybrid-vs-exact layer=3 n_comp 0/0 n_index 0/0 attn_kv max=2.71201e-05 rms=5.58418e-07 attn_score max=5.4419e-05 rms=nan index_kv max=0 rms=0 index_score max=0 rms=0 raw max=0.000976562 rms=2.75189e-05 rows=4
ds4: dspark batch state audit hybrid-vs-exact layer=4 n_comp 7/7 n_index 7/7 attn_kv max=1.97589e-05 rms=2.80739e-06 attn_score max=5.80549e-05 rms=9.58244e-06 index_kv max=3.55244e-05 rms=3.7818e-06 index_score max=5.60284e-05 rms=1.08836e-05 raw max=0.015625 rms=0.000345358 rows=4
ds4: dspark batch state audit hybrid-vs-exact layer=5 n_comp 0/0 n_index 0/0 attn_kv max=4.90844e-05 rms=1.238e-06 attn_score max=0.000158101 rms=nan index_kv max=0 rms=0 index_score max=0 rms=0 raw max=0.015625 rms=0.000353413 rows=4
ds4: dspark batch state audit hybrid-vs-exact layer=6 n_comp 7/7 n_index 7/7 attn_kv max=9.27895e-05 rms=9.1522e-06 attn_score max=0.000244647 rms=3.35064e-05 index_kv max=0.000173569 rms=1.02107e-05 index_score max=0.000301898 rms=3.37116e-05 raw max=0.03125 rms=0.000707133 rows=4
ds4: dspark batch state audit hybrid-vs-exact layer=7 n_comp 0/0 n_index 0/0 attn_kv max=0.000124391 rms=2.15689e-06 attn_score max=0.000337303 rms=nan index_kv max=0 rms=0 index_score max=0 rms=0 raw max=0.0078125 rms=0.000204158 rows=4
ds4: dspark batch state audit hybrid-vs-exact layer=8 n_comp 7/7 n_index 7/7 attn_kv max=0.000277311 rms=1.69992e-05 attn_score max=0.00101991 rms=0.000142713 index_kv max=0.000205517 rms=2.12556e-05 index_score max=0.00118232 rms=0.000135519 raw max=0.125 rms=0.0030471 rows=4
ds4: dspark batch state audit hybrid-vs-exact layer=9 n_comp 0/0 n_index 0/0 attn_kv max=0.00022164 rms=4.86831e-06 attn_score max=0.000475675 rms=nan index_kv max=0 rms=0 index_score max=0 rms=0 raw max=0.125 rms=0.00421406 rows=4
ds4: dspark batch state audit hybrid-vs-exact layer=10 n_comp 7/7 n_index 7/7 attn_kv max=0.00144267 rms=0.000218271 attn_score max=0.0039982 rms=0.000962779 index_kv max=0.00437194 rms=0.000288546 index_score max=0.00360346 rms=0.000880892 raw max=0.0625 rms=0.00439067 rows=4
ds4: dspark batch state audit hybrid-vs-exact layer=11 n_comp 0/0 n_index 0/0 attn_kv max=0.000652552 rms=1.71227e-05 attn_score max=0.000727475 rms=nan index_kv max=0 rms=0 index_score max=0 rms=0 raw max=0.125 rms=0.00507706 rows=4
ds4: dspark batch state audit hybrid-vs-exact layer=12 n_comp 7/7 n_index 7/7 attn_kv max=0.00129003 rms=0.000178236 attn_score max=0.00649536 rms=0.00156525 index_kv max=0.00558853 rms=0.000275553 index_score max=0.00688779 rms=0.0014553 raw max=0.125 rms=0.00422671 rows=4
ds4: dspark batch state audit hybrid-vs-exact layer=13 n_comp 0/0 n_index 0/0 attn_kv max=0.000749409 rms=1.79051e-05 attn_score max=0.00249368 rms=nan index_kv max=0 rms=0 index_score max=0 rms=0 raw max=0.125 rms=0.00612354 rows=4
ds4: dspark batch state audit hybrid-vs-exact layer=14 n_comp 7/7 n_index 7/7 attn_kv max=0.0030354 rms=0.000229612 attn_score max=0.0124652 rms=0.00348405 index_kv max=0.0018115 rms=0.000336968 index_score max=0.0137835 rms=0.00328153 raw max=0.125 rms=0.00821986 rows=4
ds4: dspark batch state audit hybrid-vs-exact layer=15 n_comp 0/0 n_index 0/0 attn_kv max=0.00159523 rms=3.67513e-05 attn_score max=0.00668365 rms=nan index_kv max=0 rms=0 index_score max=0 rms=0 raw max=0.125 rms=0.00820274 rows=4
ds4: dspark batch state audit hybrid-vs-exact layer=16 n_comp 7/7 n_index 7/7 attn_kv max=0.00197148 rms=0.000414187 attn_score max=0.0169735 rms=0.00633047 index_kv max=0.00290811 rms=0.000629963 index_score max=0.0203943 rms=0.00619624 raw max=0.25 rms=0.0100311 rows=4
ds4: dspark batch state audit hybrid-vs-exact layer=17 n_comp 0/0 n_index 0/0 attn_kv max=0.00321417 rms=8.797e-05 attn_score max=0.00628668 rms=nan index_kv max=0 rms=0 index_score max=0 rms=0 raw max=0.25 rms=0.0133233 rows=4
ds4: dspark batch state audit hybrid-vs-exact layer=18 n_comp 7/7 n_index 7/7 attn_kv max=0.00202256 rms=0.000263769 attn_score max=0.00836706 rms=0.00263002 index_kv max=0.00269318 rms=0.000382103 index_score max=0.00902843 rms=0.00260108 raw max=0.125 rms=0.00732351 rows=4
ds4: dspark batch state audit hybrid-vs-exact layer=19 n_comp 0/0 n_index 0/0 attn_kv max=0.00109143 rms=3.29695e-05 attn_score max=0.00569358 rms=nan index_kv max=0 rms=0 index_score max=0 rms=0 raw max=0.25 rms=0.0118238 rows=4
ds4: dspark batch state audit hybrid-vs-exact layer=20 n_comp 7/7 n_index 7/7 attn_kv max=0.00451265 rms=0.00053329 attn_score max=0.0204031 rms=0.00738473 index_kv max=0.00470708 rms=0.000783127 index_score max=0.0267677 rms=0.00746615 raw max=0.25 rms=0.01669 rows=4
ds4: dspark batch state audit hybrid-vs-exact layer=21 n_comp 0/0 n_index 0/0 attn_kv max=0.00149196 rms=4.67589e-05 attn_score max=0.00331515 rms=nan index_kv max=0 rms=0 index_score max=0 rms=0 raw max=0.125 rms=0.0115929 rows=4
ds4: dspark batch state audit hybrid-vs-exact layer=22 n_comp 7/7 n_index 7/7 attn_kv max=0.00259992 rms=0.000551345 attn_score max=0.00891113 rms=0.00216852 index_kv max=0.00373662 rms=0.000805419 index_score max=0.0108275 rms=0.00216515 raw max=0.125 rms=0.0119996 rows=4
ds4: dspark batch state audit hybrid-vs-exact layer=23 n_comp 0/0 n_index 0/0 attn_kv max=0.00400782 rms=7.65443e-05 attn_score max=0.00599736 rms=nan index_kv max=0 rms=0 index_score max=0 rms=0 raw max=0.125 rms=0.00955761 rows=4
ds4: dspark batch state audit hybrid-vs-exact layer=24 n_comp 7/7 n_index 7/7 attn_kv max=0.00341173 rms=0.00054266 attn_score max=0.0100107 rms=0.00264561 index_kv max=0.00377464 rms=0.000677511 index_score max=0.0102992 rms=0.00286874 raw max=0.125 rms=0.00738554 rows=4
ds4: dspark batch state audit hybrid-vs-exact layer=25 n_comp 0/0 n_index 0/0 attn_kv max=0.00065903 rms=2.11645e-05 attn_score max=0.00206986 rms=nan index_kv max=0 rms=0 index_score max=0 rms=0 raw max=0.125 rms=0.00828655 rows=4
ds4: dspark batch state audit hybrid-vs-exact layer=26 n_comp 7/7 n_index 7/7 attn_kv max=0.00192392 rms=0.000265111 attn_score max=0.00967979 rms=0.00313476 index_kv max=0.00226688 rms=0.000325694 index_score max=0.0160573 rms=0.00309059 raw max=0.125 rms=0.00984194 rows=4
ds4: dspark batch state audit hybrid-vs-exact layer=27 n_comp 0/0 n_index 0/0 attn_kv max=0.000840575 rms=3.7826e-05 attn_score max=0.00319898 rms=nan index_kv max=0 rms=0 index_score max=0 rms=0 raw max=0.125 rms=0.0107277 rows=4
ds4: dspark batch state audit hybrid-vs-exact layer=28 n_comp 7/7 n_index 7/7 attn_kv max=0.00219619 rms=0.000357224 attn_score max=0.0163276 rms=0.00387812 index_kv max=0.00465178 rms=0.000458179 index_score max=0.012558 rms=0.00386918 raw max=0.125 rms=0.00920153 rows=4
ds4: dspark batch state audit hybrid-vs-exact layer=29 n_comp 0/0 n_index 0/0 attn_kv max=0.00285798 rms=6.10685e-05 attn_score max=0.00582886 rms=nan index_kv max=0 rms=0 index_score max=0 rms=0 raw max=0.125 rms=0.00899076 rows=4
ds4: dspark batch state audit hybrid-vs-exact layer=30 n_comp 7/7 n_index 7/7 attn_kv max=0.00284182 rms=0.0004058 attn_score max=0.0173495 rms=0.0043857 index_kv max=0.0028432 rms=0.000557184 index_score max=0.0188668 rms=0.00432876 raw max=0.125 rms=0.00673043 rows=4
ds4: dspark batch state audit hybrid-vs-exact layer=31 n_comp 0/0 n_index 0/0 attn_kv max=0.000702187 rms=3.02155e-05 attn_score max=0.00206387 rms=nan index_kv max=0 rms=0 index_score max=0 rms=0 raw max=0.25 rms=0.0100361 rows=4
ds4: dspark batch state audit hybrid-vs-exact layer=32 n_comp 7/7 n_index 7/7 attn_kv max=0.0023566 rms=0.000301372 attn_score max=0.0483909 rms=0.0107394 index_kv max=0.0040136 rms=0.000433582 index_score max=0.0486718 rms=0.0101784 raw max=0.125 rms=0.0100233 rows=4
ds4: dspark batch state audit hybrid-vs-exact layer=33 n_comp 0/0 n_index 0/0 attn_kv max=0.000932992 rms=4.25663e-05 attn_score max=0.00231756 rms=nan index_kv max=0 rms=0 index_score max=0 rms=0 raw max=0.125 rms=0.00881626 rows=4
ds4: dspark batch state audit hybrid-vs-exact layer=34 n_comp 7/7 n_index 7/7 attn_kv max=0.00226235 rms=0.000329918 attn_score max=0.0686474 rms=0.0169961 index_kv max=0.00196117 rms=0.000400196 index_score max=0.068264 rms=0.0167558 raw max=0.125 rms=0.011369 rows=4
ds4: dspark batch state audit hybrid-vs-exact layer=35 n_comp 0/0 n_index 0/0 attn_kv max=0.0012275 rms=5.7683e-05 attn_score max=0.00357294 rms=nan index_kv max=0 rms=0 index_score max=0 rms=0 raw max=0.25 rms=0.0144135 rows=4
ds4: dspark batch state audit hybrid-vs-exact layer=36 n_comp 7/7 n_index 7/7 attn_kv max=0.00540608 rms=0.00037308 attn_score max=0.0125352 rms=0.00345323 index_kv max=0.00476688 rms=0.000416039 index_score max=0.0120463 rms=0.00347522 raw max=0.125 rms=0.0118652 rows=4
ds4: dspark batch state audit hybrid-vs-exact layer=37 n_comp 0/0 n_index 0/0 attn_kv max=0.00663826 rms=5.75164e-05 attn_score max=0.024724 rms=nan index_kv max=0 rms=0 index_score max=0 rms=0 raw max=0.125 rms=0.0151637 rows=4
ds4: dspark batch state audit hybrid-vs-exact layer=38 n_comp 7/7 n_index 7/7 attn_kv max=0.0193439 rms=0.00164089 attn_score max=0.062144 rms=0.0105494 index_kv max=0.0320611 rms=0.00215938 index_score max=0.0647337 rms=0.0105228 raw max=0.25 rms=0.0169998 rows=4
ds4: dspark batch state audit hybrid-vs-exact layer=39 n_comp 0/0 n_index 0/0 attn_kv max=0.0124389 rms=0.000274507 attn_score max=0.026768 rms=nan index_kv max=0 rms=0 index_score max=0 rms=0 raw max=0.25 rms=0.0237073 rows=4
ds4: dspark batch state audit hybrid-vs-exact layer=40 n_comp 7/7 n_index 7/7 attn_kv max=0.0181611 rms=0.00208163 attn_score max=0.372584 rms=0.0612148 index_kv max=0.0213246 rms=0.00265961 index_score max=0.34974 rms=0.0598091 raw max=0.25 rms=0.0267271 rows=4
ds4: dspark batch state audit hybrid-vs-exact layer=41 n_comp 0/0 n_index 0/0 attn_kv max=0.00847578 rms=0.00017948 attn_score max=0.02297 rms=nan index_kv max=0 rms=0 index_score max=0 rms=0 raw max=0.25 rms=0.0226212 rows=4
ds4: dspark batch state audit hybrid-vs-exact layer=42 n_comp 7/7 n_index 7/7 attn_kv max=0.00941689 rms=0.000625818 attn_score max=0.0389521 rms=0.00424423 index_kv max=0.00531894 rms=0.00071079 index_score max=0.0382816 rms=0.00553727 raw max=0.125 rms=0.00904856 rows=4
ds4: dspark batch state audit hybrid-vs-exact final_hc row=3 max=2.13291 rms=0.190247
ds4: dspark batch state audit hybrid-vs-exact dspark_target_hidden start=25 rows=4 max=0.554749 rms=0.0651787
ds4: dspark batch state audit hybrid-vs-exact dspark_kv_cache layer=0 start=25 rows=4 max=0.125 rms=0.016206
ds4: dspark batch state audit hybrid-vs-exact dspark_kv_cache layer=1 start=25 rows=4 max=0.25 rms=0.0254614
ds4: dspark batch state audit hybrid-vs-exact dspark_kv_cache layer=2 start=25 rows=4 max=0.25 rms=0.0267383
ds4: dspark batch state audit hybrid-vs-exact summary eps=1e-05 mismatch_layers=42 first_stage=raw-kv first_layer=1 first_max=0.000244141 first_rms=5.3948e-06 max=2.13291 final_hc_max=2.13291 decode_hc_max=0 dspark_hidden max=0.554749 rms=0.0651787 dspark_kv max=0.25 rms=0.0254614 raw_rows=4 mtp_n_raw 0/0
ds4: dspark hybrid audit prefix drafted=4 committed=2 state_count=2 prefix_slots=3
ds4: dspark hybrid layer q-rope audit decodeN-attn-ffn-batch eps=1e-05 first=2 row=1 idx=3 delta=1.0252e-05 h=0.0508426 e=0.0508323 max=0.00013411 rms=3.86916e-06 worst=42 row=2 idx=2888 worst_delta=0.205042 h=-0.335509 e=-0.540551 worst_rms=0.0174607 layers=43 rows=4
ds4: dspark hybrid layer kv-cache-row audit decodeN-attn-ffn-batch eps=1e-05 first=2 row=1 idx=502 delta=1.71959e-05 h=-0.426517 e=-0.426534 max=1.71959e-05 rms=7.4104e-07 worst=16 row=2 idx=205 worst_delta=0.25 h=-2.25 e=-2 worst_rms=0.00882161 layers=43 rows=4
ds4: dspark hybrid layer attn-heads-raw audit decodeN-attn-ffn-batch eps=1e-05 first=1 row=0 idx=3036 delta=1.23978e-05 h=-4.17346 e=-4.17345 max=0.00116754 rms=4.55351e-06 worst=40 row=0 idx=22749 worst_delta=0.22039 h=2.44872 e=2.66911 worst_rms=0.00555477 layers=43 rows=4
ds4: dspark hybrid layer attn-heads audit decodeN-attn-ffn-batch eps=1e-05 first=1 row=0 idx=3036 delta=1.43051e-05 h=-4.63979 e=-4.63978 max=0.00131059 rms=4.55371e-06 worst=40 row=0 idx=22749 worst_delta=0.22039 h=2.44872 e=2.66911 worst_rms=0.00555477 layers=43 rows=4
ds4: dspark hybrid layer attn-out audit decodeN-attn-ffn-batch eps=1e-05 first=1 row=1 idx=1 delta=3.17097e-05 h=1.25538 e=1.25541 max=8.99658e-05 rms=1.2016e-05 worst=33 row=2 idx=2667 worst_delta=0.511379 h=5.21395 e=5.72533 worst_rms=0.0279781 layers=43 rows=4
ds4: dspark hybrid layer attn-HC audit decodeN-attn-ffn-batch eps=1e-05 first=6 row=0 idx=6239 delta=1.1757e-05 h=0.203842 e=0.20383 max=1.57654e-05 rms=1.49388e-06 worst=42 row=2 idx=1315 worst_delta=1.54573 h=-9.09268 e=-10.6384 worst_rms=0.136004 layers=43 rows=4
ds4: dspark hybrid layer ffn-pre audit decodeN-attn-ffn-batch eps=1e-05 first=6 row=0 idx=2143 delta=1.06543e-05 h=0.190989 e=0.190978 max=1.19507e-05 rms=2.22796e-06 worst=42 row=2 idx=1315 worst_delta=2.11101 h=-8.1402 e=-10.2512 worst_rms=0.253766 layers=43 rows=4
ds4: dspark hybrid layer ffn-norm audit decodeN-attn-ffn-batch eps=1e-05 first=1 row=1 idx=2 delta=1.41487e-05 h=-0.118422 e=-0.118408 max=2.04146e-05 rms=2.67242e-06 worst=42 row=2 idx=666 worst_delta=0.137703 h=-0.162434 e=-0.0247318 worst_rms=0.0180745 layers=43 rows=4
ds4: dspark hybrid layer routed-out audit decodeN-attn-ffn-batch eps=1e-05 first=1 row=1 idx=536 delta=1.01048e-05 h=0.0289778 e=0.0289677 max=1.01048e-05 rms=1.2342e-06 worst=41 row=2 idx=1315 worst_delta=0.826748 h=0.916762 e=0.0900139 worst_rms=0.0921557 layers=43 rows=4
ds4: dspark hybrid layer shared-out audit decodeN-attn-ffn-batch eps=1e-05 first=4 row=1 idx=699 delta=1.09673e-05 h=-0.30167 e=-0.301659 max=1.09673e-05 rms=1.20315e-06 worst=42 row=2 idx=2196 worst_delta=3.28422 h=-116.337 e=-119.621 worst_rms=0.0810913 layers=43 rows=4
ds4: dspark hybrid layer post-HC audit decodeN-attn-ffn-batch eps=1e-05 first=6 row=0 idx=4717 delta=1.03861e-05 h=0.212231 e=0.212221 max=1.59368e-05 rms=1.74444e-06 worst=42 row=2 idx=1176 worst_delta=1.67962 h=26.8095 e=28.4891 worst_rms=0.142656 layers=43 rows=4
ds4: dspark hybrid first divergence audit decodeN-attn-ffn-batch stage=attn-heads-raw layer=1 row=0 idx=3036 delta=1.23978e-05 h=-4.17346 e=-4.17345 layer_max=0.00116754 layer_rms=4.55351e-06
ds4: dspark hybrid audit commit logits top hybrid=270 exact=270 margin hybrid=0.106 exact=0.063 max=0.23313 rms=0.0378106
ds4: dspark batch state audit hybrid-vs-exact layer=2 n_comp 8/8 n_index 8/8 attn_kv max=4.76837e-06 rms=6.71894e-07 attn_score max=2.13087e-05 rms=3.36185e-06 index_kv max=7.48038e-06 rms=9.56376e-07 index_score max=1.91927e-05 rms=3.01893e-06 raw max=0 rms=0 rows=4
ds4: dspark batch state audit hybrid-vs-exact layer=3 n_comp 0/0 n_index 0/0 attn_kv max=6.95884e-06 rms=1.18935e-07 attn_score max=1.58548e-05 rms=nan index_kv max=0 rms=0 index_score max=0 rms=0 raw max=0.000244141 rms=5.76168e-06 rows=4
ds4: dspark batch state audit hybrid-vs-exact layer=4 n_comp 8/8 n_index 8/8 attn_kv max=1.06003e-05 rms=1.2064e-06 attn_score max=3.26633e-05 rms=4.53574e-06 index_kv max=9.62615e-06 rms=1.51496e-06 index_score max=2.90871e-05 rms=5.11347e-06 raw max=3.05176e-05 rms=6.78407e-07 rows=4
ds4: dspark batch state audit hybrid-vs-exact layer=5 n_comp 0/0 n_index 0/0 attn_kv max=4.08292e-06 rms=9.57299e-08 attn_score max=1.39549e-05 rms=nan index_kv max=0 rms=0 index_score max=0 rms=0 raw max=0.000488281 rms=1.24903e-05 rows=4
ds4: dspark batch state audit hybrid-vs-exact layer=6 n_comp 8/8 n_index 8/8 attn_kv max=1.57133e-05 rms=1.8394e-06 attn_score max=4.45843e-05 rms=8.81484e-06 index_kv max=2.563e-05 rms=2.18972e-06 index_score max=5.31673e-05 rms=8.93792e-06 raw max=0.000976562 rms=2.18523e-05 rows=4
ds4: dspark batch state audit hybrid-vs-exact layer=7 n_comp 0/0 n_index 0/0 attn_kv max=8.02334e-06 rms=2.74693e-07 attn_score max=1.78814e-05 rms=nan index_kv max=0 rms=0 index_score max=0 rms=0 raw max=0.000976562 rms=3.21667e-05 rows=4
ds4: dspark batch state audit hybrid-vs-exact layer=8 n_comp 8/8 n_index 8/8 attn_kv max=3.26782e-05 rms=3.67373e-06 attn_score max=0.000167727 rms=3.69853e-05 index_kv max=2.99215e-05 rms=5.14288e-06 index_score max=0.000208139 rms=3.57387e-05 raw max=0.03125 rms=0.000712344 rows=4
ds4: dspark batch state audit hybrid-vs-exact layer=9 n_comp 0/0 n_index 0/0 attn_kv max=5.7511e-05 rms=1.53761e-06 attn_score max=0.000177234 rms=nan index_kv max=0 rms=0 index_score max=0 rms=0 raw max=0.0625 rms=0.00147729 rows=4
ds4: dspark batch state audit hybrid-vs-exact layer=10 n_comp 8/8 n_index 8/8 attn_kv max=0.000346847 rms=3.70309e-05 attn_score max=0.00188994 rms=0.000299861 index_kv max=0.000700057 rms=5.35662e-05 index_score max=0.00212574 rms=0.000300014 raw max=0.0625 rms=0.00211986 rows=4
ds4: dspark batch state audit hybrid-vs-exact layer=11 n_comp 0/0 n_index 0/0 attn_kv max=0.000421753 rms=6.48085e-06 attn_score max=0.0012109 rms=nan index_kv max=0 rms=0 index_score max=0 rms=0 raw max=0.0625 rms=0.00302511 rows=4
ds4: dspark batch state audit hybrid-vs-exact layer=12 n_comp 8/8 n_index 8/8 attn_kv max=0.000651039 rms=6.99718e-05 attn_score max=0.0019176 rms=0.000459204 index_kv max=0.00167799 rms=9.17939e-05 index_score max=0.00199926 rms=0.000439236 raw max=0.0625 rms=0.00324944 rows=4
ds4: dspark batch state audit hybrid-vs-exact layer=13 n_comp 0/0 n_index 0/0 attn_kv max=0.000429541 rms=1.05715e-05 attn_score max=0.00111833 rms=nan index_kv max=0 rms=0 index_score max=0 rms=0 raw max=0.0625 rms=0.00245376 rows=4
ds4: dspark batch state audit hybrid-vs-exact layer=14 n_comp 8/8 n_index 8/8 attn_kv max=0.00149465 rms=0.00010334 attn_score max=0.00272179 rms=0.000656608 index_kv max=0.0010442 rms=0.000149208 index_score max=0.00348192 rms=0.000645842 raw max=0.125 rms=0.00409683 rows=4
ds4: dspark batch state audit hybrid-vs-exact layer=15 n_comp 0/0 n_index 0/0 attn_kv max=0.000680035 rms=1.87917e-05 attn_score max=0.00200379 rms=nan index_kv max=0 rms=0 index_score max=0 rms=0 raw max=0.125 rms=0.00750029 rows=4
ds4: dspark batch state audit hybrid-vs-exact layer=16 n_comp 8/8 n_index 8/8 attn_kv max=0.00164188 rms=0.000232814 attn_score max=0.00851822 rms=0.0020887 index_kv max=0.00273305 rms=0.000378135 index_score max=0.00919199 rms=0.0020781 raw max=0.25 rms=0.00882213 rows=4
ds4: dspark batch state audit hybrid-vs-exact layer=17 n_comp 0/0 n_index 0/0 attn_kv max=0.00200248 rms=7.13521e-05 attn_score max=0.00581455 rms=nan index_kv max=0 rms=0 index_score max=0 rms=0 raw max=0.125 rms=0.00811392 rows=4
ds4: dspark batch state audit hybrid-vs-exact layer=18 n_comp 8/8 n_index 8/8 attn_kv max=0.00121145 rms=0.000149228 attn_score max=0.0070737 rms=0.00137657 index_kv max=0.00212753 rms=0.000227827 index_score max=0.00900549 rms=0.00133472 raw max=0.125 rms=0.00708499 rows=4
ds4: dspark batch state audit hybrid-vs-exact layer=19 n_comp 0/0 n_index 0/0 attn_kv max=0.000661969 rms=2.59546e-05 attn_score max=0.00308967 rms=nan index_kv max=0 rms=0 index_score max=0 rms=0 raw max=0.125 rms=0.00809861 rows=4
ds4: dspark batch state audit hybrid-vs-exact layer=20 n_comp 8/8 n_index 8/8 attn_kv max=0.00346684 rms=0.000284602 attn_score max=0.0114379 rms=0.00383964 index_kv max=0.00231981 rms=0.000386147 index_score max=0.0172987 rms=0.00380556 raw max=0.125 rms=0.00932953 rows=4
ds4: dspark batch state audit hybrid-vs-exact layer=21 n_comp 0/0 n_index 0/0 attn_kv max=0.00123635 rms=3.13789e-05 attn_score max=0.00250274 rms=nan index_kv max=0 rms=0 index_score max=0 rms=0 raw max=0.125 rms=0.00938828 rows=4
ds4: dspark batch state audit hybrid-vs-exact layer=22 n_comp 8/8 n_index 8/8 attn_kv max=0.00284654 rms=0.000368457 attn_score max=0.00948703 rms=0.00178588 index_kv max=0.0061872 rms=0.000595586 index_score max=0.00921702 rms=0.00182478 raw max=0.25 rms=0.0102781 rows=4
ds4: dspark batch state audit hybrid-vs-exact layer=23 n_comp 0/0 n_index 0/0 attn_kv max=0.00245297 rms=6.44789e-05 attn_score max=0.00255322 rms=nan index_kv max=0 rms=0 index_score max=0 rms=0 raw max=0.25 rms=0.0141079 rows=4
ds4: dspark batch state audit hybrid-vs-exact layer=24 n_comp 8/8 n_index 8/8 attn_kv max=0.00300241 rms=0.000320734 attn_score max=0.013823 rms=0.00192264 index_kv max=0.00287768 rms=0.000389549 index_score max=0.0118163 rms=0.00198255 raw max=0.125 rms=0.00600471 rows=4
ds4: dspark batch state audit hybrid-vs-exact layer=25 n_comp 0/0 n_index 0/0 attn_kv max=0.000492534 rms=1.50787e-05 attn_score max=0.00224733 rms=nan index_kv max=0 rms=0 index_score max=0 rms=0 raw max=0.125 rms=0.00573963 rows=4
ds4: dspark batch state audit hybrid-vs-exact layer=26 n_comp 8/8 n_index 8/8 attn_kv max=0.00423424 rms=0.000472082 attn_score max=0.0127205 rms=0.00216463 index_kv max=0.00515127 rms=0.000514019 index_score max=0.0126156 rms=0.00213654 raw max=0.125 rms=0.0108937 rows=4
ds4: dspark batch state audit hybrid-vs-exact layer=27 n_comp 0/0 n_index 0/0 attn_kv max=0.00144008 rms=3.99116e-05 attn_score max=0.0038234 rms=nan index_kv max=0 rms=0 index_score max=0 rms=0 raw max=0.125 rms=0.0102032 rows=4
ds4: dspark batch state audit hybrid-vs-exact layer=28 n_comp 8/8 n_index 8/8 attn_kv max=0.00390393 rms=0.000401754 attn_score max=0.0129565 rms=0.00240358 index_kv max=0.00383735 rms=0.000452563 index_score max=0.0156734 rms=0.00244378 raw max=0.125 rms=0.0100023 rows=4
ds4: dspark batch state audit hybrid-vs-exact layer=29 n_comp 0/0 n_index 0/0 attn_kv max=0.00495046 rms=6.17678e-05 attn_score max=0.00502419 rms=nan index_kv max=0 rms=0 index_score max=0 rms=0 raw max=0.125 rms=0.0111198 rows=4
ds4: dspark batch state audit hybrid-vs-exact layer=30 n_comp 8/8 n_index 8/8 attn_kv max=0.00813767 rms=0.000888189 attn_score max=0.0256858 rms=0.00314491 index_kv max=0.00924743 rms=0.00120301 index_score max=0.0235057 rms=0.00305087 raw max=0.125 rms=0.0115886 rows=4
ds4: dspark batch state audit hybrid-vs-exact layer=31 n_comp 0/0 n_index 0/0 attn_kv max=0.00477108 rms=0.000141064 attn_score max=0.00902133 rms=nan index_kv max=0 rms=0 index_score max=0 rms=0 raw max=0.25 rms=0.0185902 rows=4
ds4: dspark batch state audit hybrid-vs-exact layer=32 n_comp 8/8 n_index 8/8 attn_kv max=0.0113621 rms=0.00104521 attn_score max=0.0336866 rms=0.00728781 index_kv max=0.0125532 rms=0.00125173 index_score max=0.0367575 rms=0.00711612 raw max=0.125 rms=0.0168152 rows=4
ds4: dspark batch state audit hybrid-vs-exact layer=33 n_comp 0/0 n_index 0/0 attn_kv max=0.00770329 rms=0.000200335 attn_score max=0.0170926 rms=nan index_kv max=0 rms=0 index_score max=0 rms=0 raw max=0.125 rms=0.0201476 rows=4
ds4: dspark batch state audit hybrid-vs-exact layer=34 n_comp 8/8 n_index 8/8 attn_kv max=0.0164747 rms=0.00158057 attn_score max=0.0336051 rms=0.00663835 index_kv max=0.0167047 rms=0.00172096 index_score max=0.032228 rms=0.00651484 raw max=0.25 rms=0.0268272 rows=4
ds4: dspark batch state audit hybrid-vs-exact layer=35 n_comp 0/0 n_index 0/0 attn_kv max=0.011723 rms=0.000298569 attn_score max=0.0254583 rms=nan index_kv max=0 rms=0 index_score max=0 rms=0 raw max=0.25 rms=0.0273483 rows=4
ds4: dspark batch state audit hybrid-vs-exact layer=36 n_comp 8/8 n_index 8/8 attn_kv max=0.0213526 rms=0.00103836 attn_score max=0.0301595 rms=0.0054248 index_kv max=0.017491 rms=0.00109887 index_score max=0.0300322 rms=0.00567688 raw max=0.25 rms=0.0187043 rows=4
ds4: dspark batch state audit hybrid-vs-exact layer=37 n_comp 0/0 n_index 0/0 attn_kv max=0.00494458 rms=7.84075e-05 attn_score max=0.0314227 rms=nan index_kv max=0 rms=0 index_score max=0 rms=0 raw max=0.125 rms=0.0167089 rows=4
ds4: dspark batch state audit hybrid-vs-exact layer=38 n_comp 8/8 n_index 8/8 attn_kv max=0.0160161 rms=0.00171278 attn_score max=0.0462295 rms=0.0082738 index_kv max=0.0396076 rms=0.00225694 index_score max=0.0386674 rms=0.00854959 raw max=0.125 rms=0.0144948 rows=4
ds4: dspark batch state audit hybrid-vs-exact layer=39 n_comp 0/0 n_index 0/0 attn_kv max=0.0104613 rms=0.000222816 attn_score max=0.0219967 rms=nan index_kv max=0 rms=0 index_score max=0 rms=0 raw max=0.125 rms=0.0218613 rows=4
ds4: dspark batch state audit hybrid-vs-exact layer=40 n_comp 8/8 n_index 8/8 attn_kv max=0.0138969 rms=0.00133938 attn_score max=0.0818911 rms=0.0201551 index_kv max=0.0130706 rms=0.00178105 index_score max=0.0819006 rms=0.0196147 raw max=0.25 rms=0.024698 rows=4
ds4: dspark batch state audit hybrid-vs-exact layer=41 n_comp 0/0 n_index 0/0 attn_kv max=0.00807884 rms=0.000151699 attn_score max=0.0155688 rms=nan index_kv max=0 rms=0 index_score max=0 rms=0 raw max=0.125 rms=0.0228219 rows=4
ds4: dspark batch state audit hybrid-vs-exact layer=42 n_comp 8/8 n_index 8/8 attn_kv max=0.0159567 rms=0.00116706 attn_score max=0.0499619 rms=0.00465885 index_kv max=0.014925 rms=0.00130255 index_score max=0.040748 rms=0.00574495 raw max=0.125 rms=0.0146607 rows=4
ds4: dspark batch state audit hybrid-vs-exact final_hc row=3 max=0.477446 rms=0.0706935
ds4: dspark batch state audit hybrid-vs-exact dspark_target_hidden start=30 rows=2 max=0.152328 rms=0.0182954
ds4: dspark batch state audit hybrid-vs-exact dspark_kv_cache layer=0 start=30 rows=2 max=0.125 rms=0.0107082
ds4: dspark batch state audit hybrid-vs-exact dspark_kv_cache layer=1 start=30 rows=2 max=0.125 rms=0.0153094
ds4: dspark batch state audit hybrid-vs-exact dspark_kv_cache layer=2 start=30 rows=2 max=0.25 rms=0.020801
ds4: dspark batch state audit hybrid-vs-exact summary eps=1e-05 mismatch_layers=41 first_stage=attn-score first_layer=2 first_max=2.13087e-05 first_rms=3.36185e-06 max=0.477446 final_hc_max=0.477446 decode_hc_max=0 dspark_hidden max=0.152328 rms=0.0182954 dspark_kv max=0.25 rms=0.020801 raw_rows=4 mtp_n_raw 0/0
ds4: dspark hybrid audit prefix drafted=4 committed=1 state_count=1 prefix_slots=3
ds4: dspark hybrid layer q-rope audit decodeN-attn-ffn-batch eps=1e-05 first=2 row=1 idx=18996 delta=1.19209e-05 h=-0.382353 e=-0.382365 max=2.21729e-05 rms=1.16187e-06 worst=38 row=2 idx=18419 worst_delta=0.202739 h=6.03931 e=5.83657 worst_rms=0.015199 layers=43 rows=4
ds4: dspark hybrid layer kv-cache-row audit decodeN-attn-ffn-batch eps=1e-05 first=5 row=2 idx=95 delta=0.00390625 h=0.0390625 e=0.0351562 max=0.00390625 rms=8.63205e-05 worst=23 row=0 idx=314 worst_delta=0.25 h=-2 e=-2.25 worst_rms=0.037919 layers=43 rows=4
ds4: dspark hybrid layer attn-heads-raw audit decodeN-attn-ffn-batch eps=1e-05 first=1 row=0 idx=5084 delta=1.23978e-05 h=-5.39156 e=-5.39154 max=5.96046e-05 rms=8.13195e-07 worst=35 row=2 idx=4872 worst_delta=0.237888 h=2.89971 e=2.66182 worst_rms=0.00960414 layers=43 rows=4
ds4: dspark hybrid layer attn-heads audit decodeN-attn-ffn-batch eps=1e-05 first=1 row=0 idx=5084 delta=1.57356e-05 h=-6.36517 e=-6.36515 max=5.72205e-05 rms=8.13256e-07 worst=35 row=2 idx=4872 worst_delta=0.237888 h=2.89971 e=2.66182 worst_rms=0.00960414 layers=43 rows=4
ds4: dspark hybrid layer attn-out audit decodeN-attn-ffn-batch eps=1e-05 first=1 row=3 idx=1 delta=1.16825e-05 h=1.79231 e=1.79232 max=2.22921e-05 rms=4.0031e-06 worst=38 row=2 idx=2470 worst_delta=1.03009 h=-2.2553 e=-3.28539 worst_rms=0.0466245 layers=43 rows=4
ds4: dspark hybrid layer attn-HC audit decodeN-attn-ffn-batch eps=1e-05 first=5 row=3 idx=4992 delta=1.04662e-05 h=-0.0112006 e=-0.011211 max=1.29566e-05 rms=9.87929e-07 worst=37 row=2 idx=9600 worst_delta=1.01969 h=3.11335 e=4.13304 worst_rms=0.0981168 layers=43 rows=4
ds4: dspark hybrid layer ffn-pre audit decodeN-attn-ffn-batch eps=1e-05 first=5 row=3 idx=1492 delta=1.21295e-05 h=0.0520175 e=0.0520296 max=1.21295e-05 rms=1.60065e-06 worst=40 row=2 idx=3348 worst_delta=1.08521 h=-2.84003 e=-1.75482 worst_rms=0.146096 layers=43 rows=4
ds4: dspark hybrid layer ffn-norm audit decodeN-attn-ffn-batch eps=1e-05 first=5 row=0 idx=265 delta=1.36867e-05 h=-0.0890769 e=-0.0890906 max=5.91055e-05 rms=8.5514e-06 worst=37 row=2 idx=1408 worst_delta=0.120173 h=0.371654 e=0.491828 worst_rms=0.014769 layers=43 rows=4
ds4: dspark hybrid layer routed-out audit decodeN-attn-ffn-batch eps=1e-05 first=5 row=2 idx=6 delta=1.00844e-05 h=0.0404736 e=0.0404837 max=2.98172e-05 rms=5.06786e-06 worst=34 row=2 idx=2410 worst_delta=0.411287 h=1.25652 e=0.845229 worst_rms=0.0562145 layers=43 rows=4
ds4: dspark hybrid layer shared-out audit decodeN-attn-ffn-batch eps=1e-05 first=5 row=2 idx=17 delta=1.21482e-05 h=0.00946416 e=0.00945201 max=1.28597e-05 rms=2.14182e-06 worst=42 row=2 idx=672 worst_delta=0.509033 h=-70.9557 e=-71.4647 worst_rms=0.0262129 layers=43 rows=4
ds4: dspark hybrid layer post-HC audit decodeN-attn-ffn-batch eps=1e-05 first=5 row=3 idx=4126 delta=1.00583e-05 h=0.0902975 e=0.0902875 max=1.60635e-05 rms=1.30704e-06 worst=36 row=2 idx=9600 worst_delta=1.02677 h=2.91165 e=3.93842 worst_rms=0.0981797 layers=43 rows=4
ds4: dspark hybrid first divergence audit decodeN-attn-ffn-batch stage=attn-heads-raw layer=1 row=0 idx=5084 delta=1.23978e-05 h=-5.39156 e=-5.39154 layer_max=5.96046e-05 layer_rms=8.13195e-07
ds4: dspark hybrid audit commit logits top hybrid=9963 exact=9963 margin hybrid=0.243 exact=0.281 max=0.19838 rms=0.0438551
ds4: dspark batch state audit hybrid-vs-exact layer=4 n_comp 9/9 n_index 9/9 attn_kv max=1.95205e-06 rms=3.59479e-07 attn_score max=8.10623e-06 rms=2.11823e-06 index_kv max=3.8147e-06 rms=4.86612e-07 index_score max=8.52346e-06 rms=2.31173e-06 raw max=0.000244141 rms=5.39517e-06 rows=4
ds4: dspark batch state audit hybrid-vs-exact layer=5 n_comp 0/0 n_index 0/0 attn_kv max=1.27777e-06 rms=4.53631e-08 attn_score max=3.27826e-06 rms=nan index_kv max=0 rms=0 index_score max=0 rms=0 raw max=0.00390625 rms=8.63694e-05 rows=4
ds4: dspark batch state audit hybrid-vs-exact layer=6 n_comp 9/9 n_index 9/9 attn_kv max=1.30981e-05 rms=2.07115e-06 attn_score max=4.22001e-05 rms=8.25405e-06 index_kv max=1.96565e-05 rms=2.09229e-06 index_score max=4.31538e-05 rms=7.99018e-06 raw max=0.000488281 rms=1.72918e-05 rows=4
ds4: dspark batch state audit hybrid-vs-exact layer=7 n_comp 0/0 n_index 0/0 attn_kv max=6.67199e-06 rms=2.0798e-07 attn_score max=2.40803e-05 rms=nan index_kv max=0 rms=0 index_score max=0 rms=0 raw max=0.000488281 rms=1.58856e-05 rows=4
ds4: dspark batch state audit hybrid-vs-exact layer=8 n_comp 9/9 n_index 9/9 attn_kv max=1.31801e-05 rms=2.52993e-06 attn_score max=0.000110283 rms=2.24275e-05 index_kv max=1.61231e-05 rms=3.19409e-06 index_score max=9.90629e-05 rms=2.18951e-05 raw max=0.0625 rms=0.00142365 rows=4
ds4: dspark batch state audit hybrid-vs-exact layer=9 n_comp 0/0 n_index 0/0 attn_kv max=6.56396e-05 rms=2.03068e-06 attn_score max=0.000129223 rms=nan index_kv max=0 rms=0 index_score max=0 rms=0 raw max=0.03125 rms=0.000848511 rows=4
ds4: dspark batch state audit hybrid-vs-exact layer=10 n_comp 9/9 n_index 9/9 attn_kv max=0.00026127 rms=4.74605e-05 attn_score max=0.000893414 rms=0.000120845 index_kv max=0.000758171 rms=6.12068e-05 index_score max=0.000761986 rms=0.000119818 raw max=0.0625 rms=0.00273148 rows=4
ds4: dspark batch state audit hybrid-vs-exact layer=11 n_comp 0/0 n_index 0/0 attn_kv max=0.000219516 rms=6.7387e-06 attn_score max=0.000479162 rms=nan index_kv max=0 rms=0 index_score max=0 rms=0 raw max=0.125 rms=0.00404627 rows=4
ds4: dspark batch state audit hybrid-vs-exact layer=12 n_comp 9/9 n_index 9/9 attn_kv max=0.000776365 rms=8.5998e-05 attn_score max=0.00350225 rms=0.000766641 index_kv max=0.00114605 rms=0.000116177 index_score max=0.00475979 rms=0.000731817 raw max=0.125 rms=0.00352906 rows=4
ds4: dspark batch state audit hybrid-vs-exact layer=13 n_comp 0/0 n_index 0/0 attn_kv max=0.000518292 rms=1.08179e-05 attn_score max=0.000464678 rms=nan index_kv max=0 rms=0 index_score max=0 rms=0 raw max=0.125 rms=0.00530224 rows=4
ds4: dspark batch state audit hybrid-vs-exact layer=14 n_comp 9/9 n_index 9/9 attn_kv max=0.00381345 rms=0.000202808 attn_score max=0.0152099 rms=0.00356809 index_kv max=0.00191593 rms=0.000300623 index_score max=0.0175135 rms=0.0033417 raw max=0.125 rms=0.00609563 rows=4
ds4: dspark batch state audit hybrid-vs-exact layer=15 n_comp 0/0 n_index 0/0 attn_kv max=0.000860132 rms=2.89685e-05 attn_score max=0.0047006 rms=nan index_kv max=0 rms=0 index_score max=0 rms=0 raw max=0.125 rms=0.00624788 rows=4
ds4: dspark batch state audit hybrid-vs-exact layer=16 n_comp 9/9 n_index 9/9 attn_kv max=0.00159946 rms=0.000284639 attn_score max=0.00885391 rms=0.00315919 index_kv max=0.00284833 rms=0.000475193 index_score max=0.0109828 rms=0.00311059 raw max=0.125 rms=0.00804737 rows=4
ds4: dspark batch state audit hybrid-vs-exact layer=17 n_comp 0/0 n_index 0/0 attn_kv max=0.00226469 rms=6.88334e-05 attn_score max=0.00488073 rms=nan index_kv max=0 rms=0 index_score max=0 rms=0 raw max=0.125 rms=0.00764486 rows=4
ds4: dspark batch state audit hybrid-vs-exact layer=18 n_comp 9/9 n_index 9/9 attn_kv max=0.000799239 rms=0.000167612 attn_score max=0.00458094 rms=0.00120701 index_kv max=0.00124541 rms=0.000231825 index_score max=0.00420976 rms=0.00121537 raw max=0.125 rms=0.00620537 rows=4
ds4: dspark batch state audit hybrid-vs-exact layer=19 n_comp 0/0 n_index 0/0 attn_kv max=0.00102368 rms=2.47787e-05 attn_score max=0.00261822 rms=nan index_kv max=0 rms=0 index_score max=0 rms=0 raw max=0.125 rms=0.0080116 rows=4
ds4: dspark batch state audit hybrid-vs-exact layer=20 n_comp 9/9 n_index 9/9 attn_kv max=0.00171071 rms=0.000306751 attn_score max=0.0123692 rms=0.00473047 index_kv max=0.00188154 rms=0.000414353 index_score max=0.0155706 rms=0.00469133 raw max=0.125 rms=0.00910751 rows=4
ds4: dspark batch state audit hybrid-vs-exact layer=21 n_comp 0/0 n_index 0/0 attn_kv max=0.00116694 rms=2.69589e-05 attn_score max=0.00185859 rms=nan index_kv max=0 rms=0 index_score max=0 rms=0 raw max=0.125 rms=0.00902662 rows=4
ds4: dspark batch state audit hybrid-vs-exact layer=22 n_comp 9/9 n_index 9/9 attn_kv max=0.00198802 rms=0.000387547 attn_score max=0.00610495 rms=0.00187983 index_kv max=0.00312853 rms=0.000586338 index_score max=0.00750917 rms=0.00197542 raw max=0.125 rms=0.00904515 rows=4
ds4: dspark batch state audit hybrid-vs-exact layer=23 n_comp 0/0 n_index 0/0 attn_kv max=0.0258621 rms=0.000668077 attn_score max=0.0435227 rms=nan index_kv max=0 rms=0 index_score max=0 rms=0 raw max=0.25 rms=0.03792 rows=4
ds4: dspark batch state audit hybrid-vs-exact layer=24 n_comp 9/9 n_index 9/9 attn_kv max=0.0203639 rms=0.00301828 attn_score max=0.0844908 rms=0.00848154 index_kv max=0.0265654 rms=0.0032678 index_score max=0.0712296 rms=0.0100015 raw max=0.125 rms=0.0157773 rows=4
ds4: dspark batch state audit hybrid-vs-exact layer=25 n_comp 0/0 n_index 0/0 attn_kv max=0.00364074 rms=0.000108468 attn_score max=0.0148656 rms=nan index_kv max=0 rms=0 index_score max=0 rms=0 raw max=0.125 rms=0.0156531 rows=4
ds4: dspark batch state audit hybrid-vs-exact layer=26 n_comp 9/9 n_index 9/9 attn_kv max=0.0183059 rms=0.00207707 attn_score max=0.0341031 rms=0.00374854 index_kv max=0.0159815 rms=0.00196331 index_score max=0.0507524 rms=0.00465915 raw max=0.125 rms=0.0223428 rows=4
ds4: dspark batch state audit hybrid-vs-exact layer=27 n_comp 0/0 n_index 0/0 attn_kv max=0.00850116 rms=0.000194517 attn_score max=0.0106955 rms=nan index_kv max=0 rms=0 index_score max=0 rms=0 raw max=0.25 rms=0.0237599 rows=4
ds4: dspark batch state audit hybrid-vs-exact layer=28 n_comp 9/9 n_index 9/9 attn_kv max=0.0145034 rms=0.00202941 attn_score max=0.0441873 rms=0.00580207 index_kv max=0.0214661 rms=0.00231554 index_score max=0.0551276 rms=0.00593662 raw max=0.125 rms=0.0192003 rows=4
ds4: dspark batch state audit hybrid-vs-exact layer=29 n_comp 0/0 n_index 0/0 attn_kv max=0.0111442 rms=0.000194926 attn_score max=0.0262563 rms=nan index_kv max=0 rms=0 index_score max=0 rms=0 raw max=0.125 rms=0.0216668 rows=4
ds4: dspark batch state audit hybrid-vs-exact layer=30 n_comp 9/9 n_index 9/9 attn_kv max=0.0112779 rms=0.00172094 attn_score max=0.0544912 rms=0.0112906 index_kv max=0.0151387 rms=0.00225615 index_score max=0.0512202 rms=0.0106409 raw max=0.125 rms=0.0138657 rows=4
ds4: dspark batch state audit hybrid-vs-exact layer=31 n_comp 0/0 n_index 0/0 attn_kv max=0.00581148 rms=0.000135415 attn_score max=0.0162903 rms=nan index_kv max=0 rms=0 index_score max=0 rms=0 raw max=0.25 rms=0.0153212 rows=4
ds4: dspark batch state audit hybrid-vs-exact layer=32 n_comp 9/9 n_index 9/9 attn_kv max=0.0181651 rms=0.0012835 attn_score max=0.132308 rms=0.0288264 index_kv max=0.014772 rms=0.00164367 index_score max=0.151941 rms=0.0271288 raw max=0.125 rms=0.015177 rows=4
ds4: dspark batch state audit hybrid-vs-exact layer=33 n_comp 0/0 n_index 0/0 attn_kv max=0.00575943 rms=0.000150671 attn_score max=0.0129431 rms=nan index_kv max=0 rms=0 index_score max=0 rms=0 raw max=0.25 rms=0.0191544 rows=4
ds4: dspark batch state audit hybrid-vs-exact layer=34 n_comp 9/9 n_index 9/9 attn_kv max=0.019079 rms=0.00134585 attn_score max=0.0901251 rms=0.0211642 index_kv max=0.0148689 rms=0.00155979 index_score max=0.0901871 rms=0.0207386 raw max=0.125 rms=0.0173206 rows=4
ds4: dspark batch state audit hybrid-vs-exact layer=35 n_comp 0/0 n_index 0/0 attn_kv max=0.01597 rms=0.000313124 attn_score max=0.028679 rms=nan index_kv max=0 rms=0 index_score max=0 rms=0 raw max=0.25 rms=0.0250136 rows=4
ds4: dspark batch state audit hybrid-vs-exact layer=36 n_comp 9/9 n_index 9/9 attn_kv max=0.0140008 rms=0.00132751 attn_score max=0.0249873 rms=0.00455204 index_kv max=0.0121782 rms=0.00140173 index_score max=0.024024 rms=0.00466889 raw max=0.125 rms=0.0162777 rows=4
ds4: dspark batch state audit hybrid-vs-exact layer=37 n_comp 0/0 n_index 0/0 attn_kv max=0.0134926 rms=9.566e-05 attn_score max=0.0299676 rms=nan index_kv max=0 rms=0 index_score max=0 rms=0 raw max=0.125 rms=0.0185899 rows=4
ds4: dspark batch state audit hybrid-vs-exact layer=38 n_comp 9/9 n_index 9/9 attn_kv max=0.0254433 rms=0.00330249 attn_score max=0.118587 rms=0.0221364 index_kv max=0.0313242 rms=0.0044202 index_score max=0.101 rms=0.0211718 raw max=0.125 rms=0.0198003 rows=4
ds4: dspark batch state audit hybrid-vs-exact layer=39 n_comp 0/0 n_index 0/0 attn_kv max=0.0144749 rms=0.000314566 attn_score max=0.0327762 rms=nan index_kv max=0 rms=0 index_score max=0 rms=0 raw max=0.25 rms=0.0288022 rows=4
ds4: dspark batch state audit hybrid-vs-exact layer=40 n_comp 9/9 n_index 9/9 attn_kv max=0.0331527 rms=0.00391225 attn_score max=0.449441 rms=0.0972623 index_kv max=0.0422228 rms=0.00496888 index_score max=0.407746 rms=0.0949794 raw max=0.25 rms=0.034588 rows=4
ds4: dspark batch state audit hybrid-vs-exact layer=41 n_comp 0/0 n_index 0/0 attn_kv max=0.00881734 rms=0.00020703 attn_score max=0.0212067 rms=nan index_kv max=0 rms=0 index_score max=0 rms=0 raw max=0.25 rms=0.0261732 rows=4
ds4: dspark batch state audit hybrid-vs-exact layer=42 n_comp 9/9 n_index 9/9 attn_kv max=0.00922924 rms=0.00100738 attn_score max=0.0491323 rms=0.0073342 index_kv max=0.00858504 rms=0.00115315 index_score max=0.0523123 rms=0.0101242 raw max=0.125 rms=0.0110647 rows=4
ds4: dspark batch state audit hybrid-vs-exact final_hc row=3 max=0.697727 rms=0.0652074
ds4: dspark batch state audit hybrid-vs-exact dspark_target_hidden start=33 rows=1 max=0.145278 rms=0.0156933
ds4: dspark batch state audit hybrid-vs-exact dspark_kv_cache layer=0 start=33 rows=1 max=0.125 rms=0.010588
ds4: dspark batch state audit hybrid-vs-exact dspark_kv_cache layer=1 start=33 rows=1 max=0.125 rms=0.00994176
ds4: dspark batch state audit hybrid-vs-exact dspark_kv_cache layer=2 start=33 rows=1 max=0.125 rms=0.0144771
ds4: dspark batch state audit hybrid-vs-exact summary eps=1e-05 mismatch_layers=39 first_stage=raw-kv first_layer=4 first_max=0.000244141 first_rms=5.39517e-06 max=0.697727 final_hc_max=0.697727 decode_hc_max=0 dspark_hidden max=0.145278 rms=0.0156933 dspark_kv max=0.125 rms=0.010588 raw_rows=4 mtp_n_raw 0/0
ds4: dspark hybrid audit prefix drafted=4 committed=1 state_count=1 prefix_slots=3
ds4: dspark hybrid layer q-rope audit decodeN-attn-ffn-batch eps=1e-05 first=2 row=3 idx=30337 delta=1.18613e-05 h=0.349328 e=0.349317 max=1.18613e-05 rms=7.62828e-07 worst=22 row=3 idx=32730 worst_delta=0.352721 h=-8.97467 e=-9.32739 worst_rms=0.0208665 layers=43 rows=4
ds4: dspark hybrid layer kv-cache-row audit decodeN-attn-ffn-batch eps=1e-05 first=5 row=0 idx=455 delta=1.8239e-05 h=-1.16622 e=-1.16624 max=5.32866e-05 rms=4.15001e-06 worst=9 row=3 idx=3 worst_delta=0.25 h=2.25 e=2 worst_rms=0.00659152 layers=43 rows=4
ds4: dspark hybrid layer attn-heads-raw audit decodeN-attn-ffn-batch eps=1e-05 first=1 row=0 idx=6620 delta=1.14441e-05 h=-5.71139 e=-5.71137 max=3.33786e-05 rms=5.51954e-07 worst=41 row=1 idx=31024 worst_delta=0.444202 h=-3.67089 e=-3.22669 worst_rms=0.0171867 layers=43 rows=4
ds4: dspark hybrid layer attn-heads audit decodeN-attn-ffn-batch eps=1e-05 first=1 row=0 idx=6620 delta=1.43051e-05 h=-6.31928 e=-6.31926 max=4.3869e-05 rms=5.51627e-07 worst=41 row=1 idx=31024 worst_delta=0.444202 h=-3.67089 e=-3.22669 worst_rms=0.0171867 layers=43 rows=4
ds4: dspark hybrid layer attn-out audit decodeN-attn-ffn-batch eps=1e-05 first=1 row=3 idx=80 delta=1.04308e-05 h=-0.832824 e=-0.832835 max=1.43051e-05 rms=2.5647e-06 worst=28 row=3 idx=3717 worst_delta=0.994737 h=-6.46407 e=-5.46933 worst_rms=0.0287071 layers=43 rows=4
ds4: dspark hybrid layer attn-HC audit decodeN-attn-ffn-batch eps=1e-05 first=3 row=0 idx=699 delta=1.00732e-05 h=-0.736002 e=-0.736012 max=1.00732e-05 rms=6.74008e-07 worst=42 row=3 idx=6114 worst_delta=1.54313 h=109.591 e=111.134 worst_rms=0.142816 layers=43 rows=4
ds4: dspark hybrid layer ffn-pre audit decodeN-attn-ffn-batch eps=1e-05 first=4 row=0 idx=78 delta=1.33961e-05 h=0.149641 e=0.149654 max=1.41487e-05 rms=2.09837e-06 worst=42 row=1 idx=3411 worst_delta=1.28223 h=9.38961 e=10.6718 worst_rms=0.212531 layers=43 rows=4
ds4: dspark hybrid layer ffn-norm audit decodeN-attn-ffn-batch eps=1e-05 first=3 row=1 idx=4072 delta=1.04047e-05 h=0.0341994 e=0.0342098 max=1.48863e-05 rms=2.41459e-06 worst=22 row=3 idx=2808 worst_delta=0.138107 h=-0.466944 e=-0.605051 worst_rms=0.0161596 layers=43 rows=4
ds4: dspark hybrid layer routed-out audit decodeN-attn-ffn-batch eps=1e-05 first=3 row=3 idx=1147 delta=1.15931e-05 h=0.271288 e=0.271276 max=1.15931e-05 rms=1.78688e-06 worst=40 row=1 idx=3116 worst_delta=0.572726 h=-0.449182 e=0.123544 worst_rms=0.0741807 layers=43 rows=4
ds4: dspark hybrid layer shared-out audit decodeN-attn-ffn-batch eps=1e-05 first=4 row=0 idx=103 delta=1.04159e-05 h=-0.0616716 e=-0.0616611 max=1.98483e-05 rms=3.13653e-06 worst=42 row=3 idx=2196 worst_delta=3.48573 h=-141.714 e=-138.228 worst_rms=0.0842284 layers=43 rows=4
ds4: dspark hybrid layer post-HC audit decodeN-attn-ffn-batch eps=1e-05 first=4 row=0 idx=13 delta=1.04979e-05 h=0.110802 e=0.110813 max=1.86637e-05 rms=1.86929e-06 worst=42 row=3 idx=14484 worst_delta=3.21516 h=-189.766 e=-186.551 worst_rms=0.150864 layers=43 rows=4
ds4: dspark hybrid first divergence audit decodeN-attn-ffn-batch stage=attn-heads-raw layer=1 row=0 idx=6620 delta=1.14441e-05 h=-5.71139 e=-5.71137 layer_max=3.33786e-05 layer_rms=5.51954e-07
ds4: dspark hybrid audit commit logits top hybrid=68546 exact=68546 margin hybrid=3.151 exact=3.263 max=0.543863 rms=0.117013
ds4: dspark batch state audit hybrid-vs-exact layer=3 n_comp 0/0 n_index 0/0 attn_kv max=1.96695e-06 rms=6.93731e-08 attn_score max=1.01328e-05 rms=nan index_kv max=0 rms=0 index_score max=0 rms=0 raw max=0.00012207 rms=2.70266e-06 rows=4
ds4: dspark batch state audit hybrid-vs-exact layer=4 n_comp 10/10 n_index 10/10 attn_kv max=1.46367e-05 rms=1.06139e-06 attn_score max=5.38826e-05 rms=5.6714e-06 index_kv max=1.38283e-05 rms=1.40682e-06 index_score max=3.55244e-05 rms=5.94179e-06 raw max=6.10352e-05 rms=1.35412e-06 rows=4
ds4: dspark batch state audit hybrid-vs-exact layer=5 n_comp 0/0 n_index 0/0 attn_kv max=1.07437e-05 rms=2.51594e-07 attn_score max=2.8044e-05 rms=nan index_kv max=0 rms=0 index_score max=0 rms=0 raw max=0.000488281 rms=2.25451e-05 rows=4
ds4: dspark batch state audit hybrid-vs-exact layer=6 n_comp 10/10 n_index 10/10 attn_kv max=2.21729e-05 rms=3.79633e-06 attn_score max=5.94258e-05 rms=1.19839e-05 index_kv max=3.86238e-05 rms=4.52684e-06 index_score max=7.43866e-05 rms=1.17029e-05 raw max=0.03125 rms=0.00119617 rows=4
ds4: dspark batch state audit hybrid-vs-exact layer=7 n_comp 0/0 n_index 0/0 attn_kv max=0.000259221 rms=6.56804e-06 attn_score max=0.000626326 rms=nan index_kv max=0 rms=0 index_score max=0 rms=0 raw max=0.125 rms=0.00319634 rows=4
ds4: dspark batch state audit hybrid-vs-exact layer=8 n_comp 10/10 n_index 10/10 attn_kv max=0.00213945 rms=0.000144985 attn_score max=0.00458777 rms=0.00104732 index_kv max=0.00202459 rms=0.000203167 index_score max=0.00504231 rms=0.000986887 raw max=0.125 rms=0.00432024 rows=4
ds4: dspark batch state audit hybrid-vs-exact layer=9 n_comp 0/0 n_index 0/0 attn_kv max=0.000321835 rms=1.04041e-05 attn_score max=0.000667512 rms=nan index_kv max=0 rms=0 index_score max=0 rms=0 raw max=0.25 rms=0.00659168 rows=4
ds4: dspark batch state audit hybrid-vs-exact layer=10 n_comp 10/10 n_index 10/10 attn_kv max=0.00207258 rms=0.000305591 attn_score max=0.008246 rms=0.00165882 index_kv max=0.00317597 rms=0.000427251 index_score max=0.00866437 rms=0.00162015 raw max=0.0625 rms=0.00436598 rows=4
ds4: dspark batch state audit hybrid-vs-exact layer=11 n_comp 0/0 n_index 0/0 attn_kv max=0.00122836 rms=2.34536e-05 attn_score max=0.00216566 rms=nan index_kv max=0 rms=0 index_score max=0 rms=0 raw max=0.125 rms=0.00722157 rows=4
ds4: dspark batch state audit hybrid-vs-exact layer=12 n_comp 10/10 n_index 10/10 attn_kv max=0.00211527 rms=0.000395726 attn_score max=0.00592625 rms=0.00164398 index_kv max=0.00243211 rms=0.000436841 index_score max=0.00779247 rms=0.00161947 raw max=0.125 rms=0.00917784 rows=4
ds4: dspark batch state audit hybrid-vs-exact layer=13 n_comp 0/0 n_index 0/0 attn_kv max=0.000865214 rms=3.41066e-05 attn_score max=0.00130159 rms=nan index_kv max=0 rms=0 index_score max=0 rms=0 raw max=0.125 rms=0.00858883 rows=4
ds4: dspark batch state audit hybrid-vs-exact layer=14 n_comp 10/10 n_index 10/10 attn_kv max=0.00499809 rms=0.000535853 attn_score max=0.0109348 rms=0.00347098 index_kv max=0.00519159 rms=0.00079821 index_score max=0.0141945 rms=0.00341101 raw max=0.125 rms=0.0101642 rows=4
ds4: dspark batch state audit hybrid-vs-exact layer=15 n_comp 0/0 n_index 0/0 attn_kv max=0.00202854 rms=6.44894e-05 attn_score max=0.00651896 rms=nan index_kv max=0 rms=0 index_score max=0 rms=0 raw max=0.25 rms=0.0116168 rows=4
ds4: dspark batch state audit hybrid-vs-exact layer=16 n_comp 10/10 n_index 10/10 attn_kv max=0.00396091 rms=0.000746773 attn_score max=0.00983667 rms=0.00361527 index_kv max=0.00691634 rms=0.00119607 index_score max=0.0144086 rms=0.00361361 raw max=0.25 rms=0.0130367 rows=4
ds4: dspark batch state audit hybrid-vs-exact layer=17 n_comp 0/0 n_index 0/0 attn_kv max=0.00605389 rms=0.000157662 attn_score max=0.0126332 rms=nan index_kv max=0 rms=0 index_score max=0 rms=0 raw max=0.125 rms=0.012755 rows=4
ds4: dspark batch state audit hybrid-vs-exact layer=18 n_comp 10/10 n_index 10/10 attn_kv max=0.00347942 rms=0.000469052 attn_score max=0.0139489 rms=0.00364592 index_kv max=0.00494814 rms=0.000614377 index_score max=0.013072 rms=0.00347535 raw max=0.125 rms=0.00895228 rows=4
ds4: dspark batch state audit hybrid-vs-exact layer=19 n_comp 0/0 n_index 0/0 attn_kv max=0.00172961 rms=4.93394e-05 attn_score max=0.00515074 rms=nan index_kv max=0 rms=0 index_score max=0 rms=0 raw max=0.25 rms=0.0128261 rows=4
ds4: dspark batch state audit hybrid-vs-exact layer=20 n_comp 10/10 n_index 10/10 attn_kv max=0.00613463 rms=0.000696791 attn_score max=0.0389299 rms=0.013624 index_kv max=0.00706607 rms=0.000982338 index_score max=0.0482261 rms=0.0134574 raw max=0.25 rms=0.01537 rows=4
ds4: dspark batch state audit hybrid-vs-exact layer=21 n_comp 0/0 n_index 0/0 attn_kv max=0.0249146 rms=0.000558868 attn_score max=0.0492706 rms=nan index_kv max=0 rms=0 index_score max=0 rms=0 raw max=0.25 rms=0.0420097 rows=4
ds4: dspark batch state audit hybrid-vs-exact layer=22 n_comp 10/10 n_index 10/10 attn_kv max=0.0371816 rms=0.00481917 attn_score max=0.105107 rms=0.0182276 index_kv max=0.0380543 rms=0.00712028 index_score max=0.185138 rms=0.022948 raw max=0.25 rms=0.0376003 rows=4
ds4: dspark batch state audit hybrid-vs-exact layer=23 n_comp 0/0 n_index 0/0 attn_kv max=0.0372793 rms=0.000621385 attn_score max=0.0572161 rms=nan index_kv max=0 rms=0 index_score max=0 rms=0 raw max=0.25 rms=0.0329454 rows=4
ds4: dspark batch state audit hybrid-vs-exact layer=24 n_comp 10/10 n_index 10/10 attn_kv max=0.0411757 rms=0.00451544 attn_score max=0.172582 rms=0.0309023 index_kv max=0.0407519 rms=0.00567078 index_score max=0.196136 rms=0.0318821 raw max=0.15625 rms=0.0201066 rows=4
ds4: dspark batch state audit hybrid-vs-exact layer=25 n_comp 0/0 n_index 0/0 attn_kv max=0.00884408 rms=0.000195294 attn_score max=0.0225081 rms=nan index_kv max=0 rms=0 index_score max=0 rms=0 raw max=0.25 rms=0.019174 rows=4
ds4: dspark batch state audit hybrid-vs-exact layer=26 n_comp 10/10 n_index 10/10 attn_kv max=0.0190163 rms=0.00208337 attn_score max=0.0949678 rms=0.0248976 index_kv max=0.0162522 rms=0.00227353 index_score max=0.122431 rms=0.024326 raw max=0.25 rms=0.0226506 rows=4
ds4: dspark batch state audit hybrid-vs-exact layer=27 n_comp 0/0 n_index 0/0 attn_kv max=0.0101378 rms=0.000238469 attn_score max=0.0246122 rms=nan index_kv max=0 rms=0 index_score max=0 rms=0 raw max=0.25 rms=0.0216914 rows=4
ds4: dspark batch state audit hybrid-vs-exact layer=28 n_comp 10/10 n_index 10/10 attn_kv max=0.0257432 rms=0.00241584 attn_score max=0.0875844 rms=0.0194566 index_kv max=0.0253559 rms=0.00303781 index_score max=0.0812869 rms=0.0196928 raw max=0.125 rms=0.0222643 rows=4
ds4: dspark batch state audit hybrid-vs-exact layer=29 n_comp 0/0 n_index 0/0 attn_kv max=0.00976212 rms=0.00027343 attn_score max=0.0331155 rms=nan index_kv max=0 rms=0 index_score max=0 rms=0 raw max=0.25 rms=0.025662 rows=4
ds4: dspark batch state audit hybrid-vs-exact layer=30 n_comp 10/10 n_index 10/10 attn_kv max=0.0283108 rms=0.00250346 attn_score max=0.291136 rms=0.0489469 index_kv max=0.0248086 rms=0.00400196 index_score max=0.282523 rms=0.0483811 raw max=0.125 rms=0.0178485 rows=4
ds4: dspark batch state audit hybrid-vs-exact layer=31 n_comp 0/0 n_index 0/0 attn_kv max=0.00960226 rms=0.000239545 attn_score max=0.0153873 rms=nan index_kv max=0 rms=0 index_score max=0 rms=0 raw max=0.125 rms=0.0221055 rows=4
ds4: dspark batch state audit hybrid-vs-exact layer=32 n_comp 10/10 n_index 10/10 attn_kv max=0.0109345 rms=0.00187317 attn_score max=0.199434 rms=0.0449334 index_kv max=0.0163124 rms=0.00223022 index_score max=0.186211 rms=0.0421526 raw max=0.25 rms=0.0202779 rows=4
ds4: dspark batch state audit hybrid-vs-exact layer=33 n_comp 0/0 n_index 0/0 attn_kv max=0.0136051 rms=0.000266091 attn_score max=0.0165414 rms=nan index_kv max=0 rms=0 index_score max=0 rms=0 raw max=0.25 rms=0.0239038 rows=4
ds4: dspark batch state audit hybrid-vs-exact layer=34 n_comp 10/10 n_index 10/10 attn_kv max=0.0199779 rms=0.00259369 attn_score max=0.136541 rms=0.0464853 index_kv max=0.0181694 rms=0.00292366 index_score max=0.135782 rms=0.045686 raw max=0.25 rms=0.0220197 rows=4
ds4: dspark batch state audit hybrid-vs-exact layer=35 n_comp 0/0 n_index 0/0 attn_kv max=0.0319206 rms=0.000385818 attn_score max=0.0250452 rms=nan index_kv max=0 rms=0 index_score max=0 rms=0 raw max=0.25 rms=0.0271239 rows=4
ds4: dspark batch state audit hybrid-vs-exact layer=36 n_comp 10/10 n_index 10/10 attn_kv max=0.0250432 rms=0.00197998 attn_score max=0.0544041 rms=0.0105827 index_kv max=0.0200498 rms=0.00197616 index_score max=0.0550942 rms=0.0114913 raw max=0.125 rms=0.0216667 rows=4
ds4: dspark batch state audit hybrid-vs-exact layer=37 n_comp 0/0 n_index 0/0 attn_kv max=0.011265 rms=0.000110328 attn_score max=0.0376127 rms=nan index_kv max=0 rms=0 index_score max=0 rms=0 raw max=0.25 rms=0.018967 rows=4
ds4: dspark batch state audit hybrid-vs-exact layer=38 n_comp 10/10 n_index 10/10 attn_kv max=0.0215371 rms=0.00265248 attn_score max=0.0918983 rms=0.0185554 index_kv max=0.0325627 rms=0.00384428 index_score max=0.0879686 rms=0.0176335 raw max=0.25 rms=0.0191653 rows=4
ds4: dspark batch state audit hybrid-vs-exact layer=39 n_comp 0/0 n_index 0/0 attn_kv max=0.0123786 rms=0.000240058 attn_score max=0.0337808 rms=nan index_kv max=0 rms=0 index_score max=0 rms=0 raw max=0.25 rms=0.0228473 rows=4
ds4: dspark batch state audit hybrid-vs-exact layer=40 n_comp 10/10 n_index 10/10 attn_kv max=0.0207932 rms=0.00274074 attn_score max=0.0890031 rms=0.0225265 index_kv max=0.019884 rms=0.00379147 index_score max=0.0841055 rms=0.0222684 raw max=0.25 rms=0.0303766 rows=4
ds4: dspark batch state audit hybrid-vs-exact layer=41 n_comp 0/0 n_index 0/0 attn_kv max=0.0228624 rms=0.00034812 attn_score max=0.0271809 rms=nan index_kv max=0 rms=0 index_score max=0 rms=0 raw max=0.25 rms=0.036521 rows=4
ds4: dspark batch state audit hybrid-vs-exact layer=42 n_comp 10/10 n_index 10/10 attn_kv max=0.0221372 rms=0.0017282 attn_score max=0.0653149 rms=0.0105335 index_kv max=0.0122463 rms=0.00189289 index_score max=0.0610173 rms=0.0129593 raw max=0.25 rms=0.0177457 rows=4
ds4: dspark batch state audit hybrid-vs-exact final_hc row=3 max=3.21516 rms=0.210763
ds4: dspark batch state audit hybrid-vs-exact dspark_target_hidden start=36 rows=1 max=0.107664 rms=0.0215009
ds4: dspark batch state audit hybrid-vs-exact dspark_kv_cache layer=0 start=36 rows=1 max=0.125 rms=0.0119685
ds4: dspark batch state audit hybrid-vs-exact dspark_kv_cache layer=1 start=36 rows=1 max=0.125 rms=0.0165806
ds4: dspark batch state audit hybrid-vs-exact dspark_kv_cache layer=2 start=36 rows=1 max=0.25 rms=0.0219039
ds4: dspark batch state audit hybrid-vs-exact summary eps=1e-05 mismatch_layers=40 first_stage=attn-score first_layer=3 first_max=1.01328e-05 first_rms=nan max=3.21516 final_hc_max=3.21516 decode_hc_max=0 dspark_hidden max=0.107664 rms=0.0215009 dspark_kv max=0.25 rms=0.0219039 raw_rows=4 mtp_n_raw 0/0
ds4: dspark hybrid audit prefix drafted=4 committed=3 state_count=3 prefix_slots=3
ds4: dspark hybrid layer q-rope audit decodeN-attn-ffn-batch eps=1e-05 first=2 row=1 idx=6196 delta=1.42455e-05 h=-0.175004 e=-0.174989 max=6.48946e-05 rms=1.16603e-06 worst=42 row=3 idx=23062 worst_delta=0.0501268 h=-0.873866 e=-0.82374 worst_rms=0.00646431 layers=43 rows=4
ds4: dspark hybrid layer kv-cache-row audit decodeN-attn-ffn-batch eps=1e-05 first=5 row=0 idx=489 delta=1.17421e-05 h=-0.213463 e=-0.213475 max=0.0078125 rms=0.000172637 worst=15 row=3 idx=114 worst_delta=0.25 h=2 e=2.25 worst_rms=0.0101422 layers=43 rows=4
ds4: dspark hybrid layer attn-heads-raw audit decodeN-attn-ffn-batch eps=1e-05 first=1 row=0 idx=19660 delta=1.01328e-05 h=-0.285778 e=-0.285768 max=3.82662e-05 rms=7.48117e-07 worst=22 row=1 idx=6786 worst_delta=0.2221 h=-2.60096 e=-2.82306 worst_rms=0.00391404 layers=43 rows=4
ds4: dspark hybrid layer attn-heads audit decodeN-attn-ffn-batch eps=1e-05 first=1 row=0 idx=19660 delta=1.01328e-05 h=-0.285778 e=-0.285768 max=3.52859e-05 rms=7.48283e-07 worst=22 row=1 idx=6786 worst_delta=0.2221 h=-2.60096 e=-2.82306 worst_rms=0.00391404 layers=43 rows=4
ds4: dspark hybrid layer attn-out audit decodeN-attn-ffn-batch eps=1e-05 first=1 row=0 idx=3 delta=1.01924e-05 h=0.135234 e=0.135244 max=1.43051e-05 rms=3.46334e-06 worst=41 row=1 idx=2795 worst_delta=0.251471 h=-9.67293 e=-9.9244 worst_rms=0.0210192 layers=43 rows=4
ds4: dspark hybrid layer attn-HC audit decodeN-attn-ffn-batch eps=1e-05 first=5 row=2 idx=6919 delta=1.03554e-05 h=-0.0119401 e=-0.0119297 max=1.03554e-05 rms=8.379e-07 worst=42 row=2 idx=6114 worst_delta=0.443405 h=140.987 e=141.431 worst_rms=0.0401443 layers=43 rows=4
ds4: dspark hybrid layer ffn-pre audit decodeN-attn-ffn-batch eps=1e-05 first=6 row=1 idx=201 delta=1.0252e-05 h=0.37572 e=0.37573 max=6.33975e-05 rms=9.29517e-06 worst=42 row=3 idx=1176 worst_delta=0.241928 h=-13.9055 e=-14.1475 worst_rms=0.0431692 layers=43 rows=4
ds4: dspark hybrid layer ffn-norm audit decodeN-attn-ffn-batch eps=1e-05 first=3 row=0 idx=349 delta=1.02296e-05 h=0.0718497 e=0.0718599 max=1.31726e-05 rms=1.8977e-06 worst=40 row=1 idx=405 worst_delta=0.0191761 h=-0.778632 e=-0.797808 worst_rms=0.00311027 layers=43 rows=4
ds4: dspark hybrid layer routed-out audit decodeN-attn-ffn-batch eps=1e-05 first=5 row=0 idx=2128 delta=1.0848e-05 h=-0.0850636 e=-0.0850744 max=9.21637e-05 rms=1.15067e-05 worst=41 row=1 idx=1368 worst_delta=0.0231266 h=1.50841 e=1.48528 worst_rms=0.00465849 layers=43 rows=4
ds4: dspark hybrid layer shared-out audit decodeN-attn-ffn-batch eps=1e-05 first=5 row=2 idx=4 delta=1.38357e-05 h=0.103253 e=0.103239 max=6.26445e-05 rms=5.14719e-06 worst=42 row=1 idx=1176 worst_delta=0.490425 h=71.2829 e=70.7924 worst_rms=0.0152299 layers=43 rows=4
ds4: dspark hybrid layer post-HC audit decodeN-attn-ffn-batch eps=1e-05 first=5 row=1 idx=7375 delta=1.1459e-05 h=0.149658 e=0.149646 max=1.1459e-05 rms=1.10524e-06 worst=42 row=2 idx=6114 worst_delta=0.437576 h=139.538 e=139.976 worst_rms=0.0410559 layers=43 rows=4
ds4: dspark hybrid first divergence audit decodeN-attn-ffn-batch stage=attn-heads-raw layer=1 row=0 idx=19660 delta=1.01328e-05 h=-0.285778 e=-0.285768 layer_max=3.82662e-05 layer_rms=7.48117e-07
ds4: dspark hybrid audit commit logits top hybrid=6569 exact=6569 margin hybrid=0.388 exact=0.416 max=0.127995 rms=0.0210929
ds4: dspark batch state audit hybrid-vs-exact layer=3 n_comp 0/0 n_index 0/0 attn_kv max=2.32458e-06 rms=6.27004e-08 attn_score max=4.00841e-06 rms=nan index_kv max=0 rms=0 index_score max=0 rms=0 raw max=6.10352e-05 rms=1.39037e-06 rows=4
ds4: dspark batch state audit hybrid-vs-exact layer=4 n_comp 10/10 n_index 10/10 attn_kv max=3.70294e-06 rms=5.75002e-07 attn_score max=2.06232e-05 rms=3.90393e-06 index_kv max=5.24521e-06 rms=7.47408e-07 index_score max=2.01464e-05 rms=4.28392e-06 raw max=6.10352e-05 rms=1.51033e-06 rows=4
ds4: dspark batch state audit hybrid-vs-exact layer=5 n_comp 0/0 n_index 0/0 attn_kv max=1.74344e-06 rms=5.25388e-08 attn_score max=5.0962e-06 rms=nan index_kv max=0 rms=0 index_score max=0 rms=0 raw max=0.0078125 rms=0.000172641 rows=4
ds4: dspark batch state audit hybrid-vs-exact layer=6 n_comp 10/10 n_index 10/10 attn_kv max=4.24683e-05 rms=3.01266e-06 attn_score max=0.00012815 rms=2.28967e-05 index_kv max=2.52724e-05 rms=3.18e-06 index_score max=0.000151634 rms=2.22e-05 raw max=0.03125 rms=0.000690623 rows=4
ds4: dspark batch state audit hybrid-vs-exact layer=7 n_comp 0/0 n_index 0/0 attn_kv max=0.000123497 rms=2.94457e-06 attn_score max=0.000253558 rms=nan index_kv max=0 rms=0 index_score max=0 rms=0 raw max=0.125 rms=0.00277433 rows=4
ds4: dspark batch state audit hybrid-vs-exact layer=8 n_comp 10/10 n_index 10/10 attn_kv max=0.00087589 rms=7.08298e-05 attn_score max=0.00271225 rms=0.000585665 index_kv max=0.00119698 rms=0.000104108 index_score max=0.00380182 rms=0.000544374 raw max=0.03125 rms=0.00160777 rows=4
ds4: dspark batch state audit hybrid-vs-exact layer=9 n_comp 0/0 n_index 0/0 attn_kv max=0.00015527 rms=4.75768e-06 attn_score max=0.000380278 rms=nan index_kv max=0 rms=0 index_score max=0 rms=0 raw max=0.0625 rms=0.00303346 rows=4
ds4: dspark batch state audit hybrid-vs-exact layer=10 n_comp 10/10 n_index 10/10 attn_kv max=0.000675712 rms=9.16977e-05 attn_score max=0.00196463 rms=0.000435045 index_kv max=0.00103794 rms=0.000118978 index_score max=0.00191998 rms=0.000426257 raw max=0.125 rms=0.00499173 rows=4
ds4: dspark batch state audit hybrid-vs-exact layer=11 n_comp 0/0 n_index 0/0 attn_kv max=0.000906684 rms=2.15841e-05 attn_score max=0.00275698 rms=nan index_kv max=0 rms=0 index_score max=0 rms=0 raw max=0.125 rms=0.00573205 rows=4
ds4: dspark batch state audit hybrid-vs-exact layer=12 n_comp 10/10 n_index 10/10 attn_kv max=0.00155908 rms=0.000165821 attn_score max=0.00222623 rms=0.000431151 index_kv max=0.00235128 rms=0.000225565 index_score max=0.0027504 rms=0.000450627 raw max=0.0625 rms=0.00455961 rows=4
ds4: dspark batch state audit hybrid-vs-exact layer=13 n_comp 0/0 n_index 0/0 attn_kv max=0.000572264 rms=1.74527e-05 attn_score max=0.00106466 rms=nan index_kv max=0 rms=0 index_score max=0 rms=0 raw max=0.125 rms=0.0079677 rows=4
ds4: dspark batch state audit hybrid-vs-exact layer=14 n_comp 10/10 n_index 10/10 attn_kv max=0.00267023 rms=0.000262742 attn_score max=0.00796962 rms=0.00208015 index_kv max=0.00224344 rms=0.000380151 index_score max=0.00656438 rms=0.00195862 raw max=0.125 rms=0.00786547 rows=4
ds4: dspark batch state audit hybrid-vs-exact layer=15 n_comp 0/0 n_index 0/0 attn_kv max=0.00129156 rms=4.18355e-05 attn_score max=0.00599074 rms=nan index_kv max=0 rms=0 index_score max=0 rms=0 raw max=0.25 rms=0.0101434 rows=4
ds4: dspark batch state audit hybrid-vs-exact layer=16 n_comp 10/10 n_index 10/10 attn_kv max=0.00262905 rms=0.000371526 attn_score max=0.0132662 rms=0.00330621 index_kv max=0.00356114 rms=0.000576564 index_score max=0.0154684 rms=0.00329357 raw max=0.25 rms=0.00963394 rows=4
ds4: dspark batch state audit hybrid-vs-exact layer=17 n_comp 0/0 n_index 0/0 attn_kv max=0.00272143 rms=9.13451e-05 attn_score max=0.00874621 rms=nan index_kv max=0 rms=0 index_score max=0 rms=0 raw max=0.125 rms=0.0104949 rows=4
ds4: dspark batch state audit hybrid-vs-exact layer=18 n_comp 10/10 n_index 10/10 attn_kv max=0.00142317 rms=0.00021186 attn_score max=0.00434437 rms=0.00149203 index_kv max=0.00286892 rms=0.00030239 index_score max=0.00512004 rms=0.00140733 raw max=0.125 rms=0.00851641 rows=4
ds4: dspark batch state audit hybrid-vs-exact layer=19 n_comp 0/0 n_index 0/0 attn_kv max=0.000897236 rms=3.53419e-05 attn_score max=0.00326145 rms=nan index_kv max=0 rms=0 index_score max=0 rms=0 raw max=0.125 rms=0.0110119 rows=4
ds4: dspark batch state audit hybrid-vs-exact layer=20 n_comp 10/10 n_index 10/10 attn_kv max=0.00250429 rms=0.00037764 attn_score max=0.019245 rms=0.00483406 index_kv max=0.00310475 rms=0.000508033 index_score max=0.0250211 rms=0.00481666 raw max=0.125 rms=0.0113108 rows=4
ds4: dspark batch state audit hybrid-vs-exact layer=21 n_comp 0/0 n_index 0/0 attn_kv max=0.00126413 rms=4.41571e-05 attn_score max=0.00327551 rms=nan index_kv max=0 rms=0 index_score max=0 rms=0 raw max=0.25 rms=0.011866 rows=4
ds4: dspark batch state audit hybrid-vs-exact layer=22 n_comp 10/10 n_index 10/10 attn_kv max=0.00489074 rms=0.000490239 attn_score max=0.0251131 rms=0.004444 index_kv max=0.00640857 rms=0.000722728 index_score max=0.0212288 rms=0.00457174 raw max=0.25 rms=0.0130243 rows=4
ds4: dspark batch state audit hybrid-vs-exact layer=23 n_comp 0/0 n_index 0/0 attn_kv max=0.0022819 rms=7.66729e-05 attn_score max=0.00367536 rms=nan index_kv max=0 rms=0 index_score max=0 rms=0 raw max=0.25 rms=0.0146115 rows=4
ds4: dspark batch state audit hybrid-vs-exact layer=24 n_comp 10/10 n_index 10/10 attn_kv max=0.00406951 rms=0.00049657 attn_score max=0.0185938 rms=0.003399 index_kv max=0.00416732 rms=0.000609324 index_score max=0.0169487 rms=0.00351733 raw max=0.125 rms=0.00838738 rows=4
ds4: dspark batch state audit hybrid-vs-exact layer=25 n_comp 0/0 n_index 0/0 attn_kv max=0.000609189 rms=2.06808e-05 attn_score max=0.00191376 rms=nan index_kv max=0 rms=0 index_score max=0 rms=0 raw max=0.125 rms=0.00756751 rows=4
ds4: dspark batch state audit hybrid-vs-exact layer=26 n_comp 10/10 n_index 10/10 attn_kv max=0.0033372 rms=0.000252617 attn_score max=0.0218291 rms=0.00667382 index_kv max=0.00220736 rms=0.000298932 index_score max=0.0295414 rms=0.00651842 raw max=0.125 rms=0.00831285 rows=4
ds4: dspark batch state audit hybrid-vs-exact layer=27 n_comp 0/0 n_index 0/0 attn_kv max=0.00142261 rms=4.95798e-05 attn_score max=0.00240427 rms=nan index_kv max=0 rms=0 index_score max=0 rms=0 raw max=0.25 rms=0.00876045 rows=4
ds4: dspark batch state audit hybrid-vs-exact layer=28 n_comp 10/10 n_index 10/10 attn_kv max=0.00216693 rms=0.000297983 attn_score max=0.0162454 rms=0.00433395 index_kv max=0.00273728 rms=0.000351117 index_score max=0.0143762 rms=0.00439412 raw max=0.25 rms=0.0102504 rows=4
ds4: dspark batch state audit hybrid-vs-exact layer=29 n_comp 0/0 n_index 0/0 attn_kv max=0.00250418 rms=5.79871e-05 attn_score max=0.00674218 rms=nan index_kv max=0 rms=0 index_score max=0 rms=0 raw max=0.125 rms=0.0116329 rows=4
ds4: dspark batch state audit hybrid-vs-exact layer=30 n_comp 10/10 n_index 10/10 attn_kv max=0.00303566 rms=0.000395192 attn_score max=0.0251822 rms=0.00652483 index_kv max=0.0042468 rms=0.000586521 index_score max=0.0250404 rms=0.00642506 raw max=0.125 rms=0.00715954 rows=4
ds4: dspark batch state audit hybrid-vs-exact layer=31 n_comp 0/0 n_index 0/0 attn_kv max=0.000709176 rms=3.47507e-05 attn_score max=0.00209391 rms=nan index_kv max=0 rms=0 index_score max=0 rms=0 raw max=0.125 rms=0.00768573 rows=4
ds4: dspark batch state audit hybrid-vs-exact layer=32 n_comp 10/10 n_index 10/10 attn_kv max=0.0018878 rms=0.000270185 attn_score max=0.0178759 rms=0.00503196 index_kv max=0.00188018 rms=0.000338458 index_score max=0.0172806 rms=0.00471151 raw max=0.125 rms=0.00725794 rows=4
ds4: dspark batch state audit hybrid-vs-exact layer=33 n_comp 0/0 n_index 0/0 attn_kv max=0.00141221 rms=5.23115e-05 attn_score max=0.00363046 rms=nan index_kv max=0 rms=0 index_score max=0 rms=0 raw max=0.125 rms=0.0106636 rows=4
ds4: dspark batch state audit hybrid-vs-exact layer=34 n_comp 10/10 n_index 10/10 attn_kv max=0.00211166 rms=0.000331723 attn_score max=0.0383594 rms=0.0109425 index_kv max=0.0028615 rms=0.000427452 index_score max=0.0370631 rms=0.0107608 raw max=0.125 rms=0.0103343 rows=4
ds4: dspark batch state audit hybrid-vs-exact layer=35 n_comp 0/0 n_index 0/0 attn_kv max=0.00182879 rms=7.06057e-05 attn_score max=0.00507498 rms=nan index_kv max=0 rms=0 index_score max=0 rms=0 raw max=0.25 rms=0.0128111 rows=4
ds4: dspark batch state audit hybrid-vs-exact layer=36 n_comp 10/10 n_index 10/10 attn_kv max=0.00402732 rms=0.000400291 attn_score max=0.014503 rms=0.00259665 index_kv max=0.00326438 rms=0.000410822 index_score max=0.0136256 rms=0.00273851 raw max=0.125 rms=0.0127077 rows=4
ds4: dspark batch state audit hybrid-vs-exact layer=37 n_comp 0/0 n_index 0/0 attn_kv max=0.00261992 rms=3.88805e-05 attn_score max=0.00735432 rms=nan index_kv max=0 rms=0 index_score max=0 rms=0 raw max=0.125 rms=0.0103282 rows=4
ds4: dspark batch state audit hybrid-vs-exact layer=38 n_comp 10/10 n_index 10/10 attn_kv max=0.00638247 rms=0.000889034 attn_score max=0.0359883 rms=0.00603259 index_kv max=0.0107879 rms=0.0011977 index_score max=0.0377554 rms=0.00573687 raw max=0.125 rms=0.0103402 rows=4
ds4: dspark batch state audit hybrid-vs-exact layer=39 n_comp 0/0 n_index 0/0 attn_kv max=0.00423527 rms=7.8297e-05 attn_score max=0.00725257 rms=nan index_kv max=0 rms=0 index_score max=0 rms=0 raw max=0.125 rms=0.0118899 rows=4
ds4: dspark batch state audit hybrid-vs-exact layer=40 n_comp 10/10 n_index 10/10 attn_kv max=0.00497772 rms=0.000684515 attn_score max=0.0240493 rms=0.00690397 index_kv max=0.00530231 rms=0.00100764 index_score max=0.0218964 rms=0.00673354 raw max=0.125 rms=0.0132951 rows=4
ds4: dspark batch state audit hybrid-vs-exact layer=41 n_comp 0/0 n_index 0/0 attn_kv max=0.00351495 rms=6.23888e-05 attn_score max=0.00576597 rms=nan index_kv max=0 rms=0 index_score max=0 rms=0 raw max=0.25 rms=0.0145363 rows=4
ds4: dspark batch state audit hybrid-vs-exact layer=42 n_comp 10/10 n_index 10/10 attn_kv max=0.00581073 rms=0.000573363 attn_score max=0.0280055 rms=0.00398877 index_kv max=0.0045068 rms=0.000677266 index_score max=0.0282516 rms=0.00529474 raw max=0.125 rms=0.00961096 rows=4
ds4: dspark batch state audit hybrid-vs-exact final_hc row=3 max=0.342125 rms=0.0436812
ds4: dspark batch state audit hybrid-vs-exact dspark_target_hidden start=38 rows=3 max=0.181232 rms=0.0248221
ds4: dspark batch state audit hybrid-vs-exact dspark_kv_cache layer=0 start=38 rows=3 max=0.125 rms=0.0118081
ds4: dspark batch state audit hybrid-vs-exact dspark_kv_cache layer=1 start=38 rows=3 max=0.25 rms=0.0170627
ds4: dspark batch state audit hybrid-vs-exact dspark_kv_cache layer=2 start=38 rows=3 max=0.25 rms=0.0175611
ds4: dspark batch state audit hybrid-vs-exact summary eps=1e-05 mismatch_layers=40 first_stage=raw-kv first_layer=3 first_max=6.10352e-05 first_rms=1.39037e-06 max=0.342125 final_hc_max=0.342125 decode_hc_max=0 dspark_hidden max=0.181232 rms=0.0248221 dspark_kv max=0.25 rms=0.0170627 raw_rows=4 mtp_n_raw 0/0
ds4: speculative sidecar verifier: resident slot-bank tiny batch path engaged (n_tokens<=5, slot id == expert id)
ds4: ----------------------------------------
ds4: prefill: 6.24 t/s, generation: 11.75 t/s (24 tokens in 2.043s)
ds4: dspark acceptance: 55.2% (16/29 draft tokens)
ds4: Flash-MoE resident slot bank: resident-slots=11008/11008 (100.0%, avg=256.0/layer) installed=72.56 GiB
