ds4: detected DS4 sidecar package: -m /Users/anemll/Models/flash/dsv4-iq2xxs-expert-major/dense/model-dense.gguf, --moe-sidecar /Users/anemll/Models/flash/dsv4-iq2xxs-expert-major, --moe-mode slot-bank
ds4: applied sidecar tuning profile [Apple M5 Max] from ds4_profile.json (51 env defaults set, 0 kept from environment)
ds4: warning: raw KV cap limits Metal prefill chunk (prefill_chunk=4096, raw_kv_rows=4096, raw_window=128, effective_chunk=3968; target raw cap for one chunk is 4352, also requires ctx >= that value)
ds4: context buffers 429.99 MiB (ctx=4096, backend=metal, prefill_chunk=4096, raw_kv_rows=4096, compressed_kv_rows=1026)
ds4: Flash-MoE sidecar loaded: /Users/anemll/Models/flash/dsv4-iq2xxs-expert-major (slot-bank=256, expert-record 6.75 MiB)
ds4: Flash-MoE expert mmap cache: off; expert reads: pread
ds4: Metal device Apple M5 Max, 128.00 GiB RAM, GPU working-set budget 107.52 GiB (raise with: sudo sysctl iogpu.wired_limit_mb=<MB>)
ds4: drift-patch flags hc_stable=on norm_unify=on kv_raw_f32=off rope_exp2_log2=off math_safe=off tensor_matmul=off
ds4: MXFP4 native library (MSL 4.1): repack=ok selected-repack=ok selected-plane-copy=ok scale-plane matmul=ok selected-matmul=ok decode2=pair/sum6 batch-decode2=pair/sum6 batch-strided=pair/sum6 hybrid-down=sum6 chunked-decode2=pair/sum6
ds4: DS4_MXFP4_NATIVE=1: native MXFP4 available (MPP 4.1 scale-plane matmul2d)
ds4: DSpark resident expert cache: ranges=9 bytes=9.56 GiB (persistent; debug opt-out requires DS4_DSPARK_ALLOW_NONRESIDENT=1)
ds4: DSpark sidecar Metal residency requested: buffers=9 bytes=9.56 GiB
ds4: DSpark draft package loaded: /Users/anemll/Models/DSv4-Flash-DSpark-draft (block=5 verify=2 scheduler=static conf=0.000 noise=128799 target_layers=40,41,42 markov_rank=256 records=81 mapped=10.12 GiB)
ds4: DSpark draft records: F32=41 F16=6 FP8_E4M3=25 MXFP4_NATIVE=9
ds4: DSpark draft inference enabled: MPP 4.1 FP8/MXFP4 draft kernels, fused routed-MoE per draft layer, persistent resident experts, greedy Markov head, exact verifier v1
ds4: Flash-MoE using mmap-backed dense/shared weights without full-model Metal residency warmup
ds4: Metal model views created in 0.265 ms, residency requested in 0.000 ms, warmup 0.000 ms (mapped 8393.67 MiB from offset 5.06 MiB)
ds4: Metal mapped mmaped model as 1 overlapping shared buffers
ds4: metal backend initialized for graph diagnostics
ds4: prefill routed-MoE (requested): mul_mm_id (grouped GPU / ALU)  [grouped path]
ds4: prefill quant scales (ANE env first): w_qscale=512 x_qscale=32 mid_qscale=32 w_scale=0.00195312 x_scale=0.03125 mid_scale=0.03125
ds4: prefill ctx-grow: on, block=16384 tokens
ds4: prefill chunk cap: 16384, graph_raw_cap=auto
ds4: Flash-MoE resident mixed slot-bank load: layers=43 slots=256 bytes=72.56 GiB (one dot per layer)
ds4: Flash-MoE resident prepare: ........................................... 72.56/72.56 GiB (43 layers)
ds4: Flash-MoE resident preload: ........................................... 72.56/72.56 GiB (43 layers)
ds4: Flash-MoE preloaded mixed slot bank: layers=43 slots=256 identity-mapped experts=256
ds4: Flash-MoE slot-bank Metal residency requested: buffers=43 bytes=72.56 GiB
ds4: Flash-MoE slot-bank pages touched: buffers=43 bytes=72.56 GiB
ds4: Flash-MoE slot banks allocated: layers=43 slots=256 gpu-bank=72.6GB Dense: 8.2GB Context: 0.4GB Total <<<< 81.2GB >>>>
ds4: Flash-MoE slot bank layout: mixed expert-major
ds4: warning: very large Flash-MoE slot bank can collapse decode throughput (slots=256, gpu-bank=72.56 GiB). The wired bank competes with the OS file cache that serves decode-miss reads of the sidecar; when the sidecar is larger than RAM, smaller banks decode faster. Compare --moe-slot-bank 32/48/64 or use --ssd-cache auto.
ds4: prefill compute: routed experts = ANE i8i8 (W8A8) | dense proj = Q8 direct-RHS NAX; K-quant dense = fused mul_mm_id batch
ds4: prefill I/O: io-split=4 async-pread=on pread-threads=4 readahead=12 bank-prefetch=3 slot-cache-topk=0 xlayer=auto<=6k-tok topk=128
ds4: decode  I/O: io-split=4 router-prefetch=off scratch-prefetch=off max-loads=0 layer-stride=1 miss-direct-slot-pread=on prefetch-direct-slot-pread=off did-modify=on shared-down=on reset-after-prefill=off realloc-after-prefill=off restore-after-prefill=off resident=slot-bank slots=256
ds4: Flash-MoE banked kernels using M5 simdgroup_matrix fast path (prefetch=3, banks=4)
ds4: WARNING: prefill chunk 4096 clamped to 3968 by raw-KV cap (raw_cap=4096, window=128). Set DS4_METAL_GRAPH_RAW_CAP >= 4224 (window + chunk) — or unset it to auto-size — to honor the chunk.
ds4: prefill chunk cap EFFECTIVE=3968 tokens (DS4_METAL_PREFILL_CHUNK=16384), CLAMPED by raw-KV-cap (ctx-grow) (resident-NAX tiles this by scratch_cap; that tile gates the sync bridge)
processing 19 input tokens: 0/19 (0.0%) batch=0.00 t/s avg=0.00 t/s
ds4: ANE i8w-i8x-tiled-fused cached async prefill B=256 H=4096 I=2048 w_scale=0.00195312 x_scale=0.03125 mid_scale=0.03125
processing 19 input tokens: 0/19 (0.0%) batch=0.00 t/s avg=0.00 t/s
processing 19 input tokens: 0/19 (0.0%) batch=0.00 t/s avg=0.00 t/s
processing 19 input tokens: 1/19 (5.3%) batch=29.53 t/s avg=0.71 t/s
processing 19 input tokens: 1/19 (5.3%) batch=0.00 t/s avg=0.70 t/s
processing 19 input tokens: 2/19 (10.5%) batch=53.38 t/s avg=1.38 t/s
processing 19 input tokens: 2/19 (10.5%) batch=0.00 t/s avg=1.36 t/s
processing 19 input tokens: 3/19 (15.8%) batch=52.61 t/s avg=2.02 t/s
processing 19 input tokens: 3/19 (15.8%) batch=0.00 t/s avg=1.99 t/s
processing 19 input tokens: 3/19 (15.8%) batch=0.00 t/s avg=1.96 t/s
processing 19 input tokens: 4/19 (21.1%) batch=48.56 t/s avg=2.58 t/s
processing 19 input tokens: 4/19 (21.1%) batch=0.00 t/s avg=2.55 t/s
processing 19 input tokens: 5/19 (26.3%) batch=49.18 t/s avg=3.15 t/s
processing 19 input tokens: 5/19 (26.3%) batch=0.00 t/s avg=3.11 t/s
processing 19 input tokens: 6/19 (31.6%) batch=54.11 t/s avg=3.69 t/s
processing 19 input tokens: 6/19 (31.6%) batch=0.00 t/s avg=3.65 t/s
processing 19 input tokens: 7/19 (36.8%) batch=58.10 t/s avg=4.21 t/s
processing 19 input tokens: 7/19 (36.8%) batch=0.00 t/s avg=4.17 t/s
processing 19 input tokens: 7/19 (36.8%) batch=0.00 t/s avg=4.13 t/s
processing 19 input tokens: 8/19 (42.1%) batch=51.26 t/s avg=4.66 t/s
processing 19 input tokens: 8/19 (42.1%) batch=0.00 t/s avg=4.60 t/s
processing 19 input tokens: 9/19 (47.4%) batch=56.48 t/s avg=5.12 t/s
processing 19 input tokens: 9/19 (47.4%) batch=0.00 t/s avg=5.07 t/s
processing 19 input tokens: 10/19 (52.6%) batch=51.90 t/s avg=5.57 t/s
processing 19 input tokens: 10/19 (52.6%) batch=0.00 t/s avg=5.50 t/s
processing 19 input tokens: 11/19 (57.9%) batch=59.93 t/s avg=6.00 t/s
processing 19 input tokens: 11/19 (57.9%) batch=0.00 t/s avg=5.94 t/s
processing 19 input tokens: 11/19 (57.9%) batch=0.00 t/s avg=5.89 t/s
processing 19 input tokens: 12/19 (63.2%) batch=51.85 t/s avg=6.36 t/s
processing 19 input tokens: 12/19 (63.2%) batch=0.00 t/s avg=6.30 t/s
processing 19 input tokens: 13/19 (68.4%) batch=47.45 t/s avg=6.75 t/s
processing 19 input tokens: 13/19 (68.4%) batch=0.00 t/s avg=6.68 t/s
processing 19 input tokens: 14/19 (73.7%) batch=54.19 t/s avg=7.13 t/s
processing 19 input tokens: 14/19 (73.7%) batch=0.00 t/s avg=7.07 t/s
processing 19 input tokens: 15/19 (78.9%) batch=57.13 t/s avg=7.51 t/s
processing 19 input tokens: 15/19 (78.9%) batch=0.00 t/s avg=7.44 t/s
processing 19 input tokens: 15/19 (78.9%) batch=0.00 t/s avg=7.36 t/s
processing 19 input tokens: 16/19 (84.2%) batch=51.84 t/s avg=7.78 t/s
processing 19 input tokens: 16/19 (84.2%) batch=0.00 t/s avg=7.70 t/s
processing 19 input tokens: 17/19 (89.5%) batch=51.82 t/s avg=8.11 t/s
processing 19 input tokens: 17/19 (89.5%) batch=0.00 t/s avg=8.03 t/s
processing 19 input tokens: 18/19 (94.7%) batch=53.42 t/s avg=8.42 t/s
processing 19 input tokens: 18/19 (94.7%) batch=0.00 t/s avg=8.34 t/s
processing 19 input tokens: 19/19 (100.0%) batch=44.68 t/s avg=8.72 t/s
ds4: prefill full: 19 tokens in 2181.8 ms (8.7 t/s)
ds4: [mxfp4-native] two-dispatch plane decode arm engaged (dspark-strided, experts=6)
ds4: DSpark draft warmup: cap=2 rows=2 in 164.9 ms (paid before decode timer)
ds4: Flash-MoE mixed resident bank using fused GPU-selected decode path (slot id == expert id)
ds4: dspark timing decode2 drafted=2 committed=2 draft=8.845 ms snapshot=1.054 ms verify=57.082 ms dspark_kv=1.075 ms total=68.126 ms
ds4: dspark timing decode2 drafted=2 committed=2 draft=9.547 ms snapshot=0.353 ms verify=57.238 ms dspark_kv=1.183 ms total=68.410 ms
ds4: dspark timing decode2 drafted=2 committed=2 draft=8.900 ms snapshot=0.623 ms verify=59.006 ms dspark_kv=0.985 ms total=69.586 ms
ds4: dspark timing decode2 drafted=2 committed=2 draft=8.851 ms snapshot=0.371 ms verify=56.814 ms dspark_kv=1.070 ms total=67.178 ms
ds4: dspark timing decode2 drafted=2 committed=2 draft=9.508 ms snapshot=0.369 ms verify=55.710 ms dspark_kv=1.911 ms total=67.600 ms
ds4: dspark timing decode2-prefix1 drafted=2 committed=1 draft=8.986 ms snapshot=0.462 ms verify=55.945 ms prefix=1.295 ms total=66.753 ms
ds4: dspark timing decode2 drafted=2 committed=2 draft=8.971 ms snapshot=0.392 ms verify=59.070 ms dspark_kv=1.081 ms total=69.603 ms
ds4: dspark timing decode2 drafted=2 committed=2 draft=8.883 ms snapshot=0.354 ms verify=54.973 ms dspark_kv=1.002 ms total=65.301 ms
ds4: dspark timing decode2-prefix1 drafted=2 committed=1 draft=8.895 ms snapshot=0.361 ms verify=53.960 ms prefix=1.327 ms total=64.626 ms
ds4: dspark timing decode2 drafted=2 committed=2 draft=8.720 ms snapshot=0.348 ms verify=55.431 ms dspark_kv=1.081 ms total=65.642 ms
ds4: dspark timing decode2 drafted=2 committed=2 draft=8.825 ms snapshot=0.401 ms verify=53.748 ms dspark_kv=1.087 ms total=64.154 ms
ds4: dspark timing decode2 drafted=2 committed=2 draft=9.493 ms snapshot=0.353 ms verify=54.752 ms dspark_kv=1.149 ms total=65.840 ms
ds4: dspark timing decode2 drafted=2 committed=2 draft=9.538 ms snapshot=0.363 ms verify=55.176 ms dspark_kv=1.064 ms total=66.206 ms
ds4: dspark timing decode2 drafted=2 committed=2 draft=8.862 ms snapshot=0.345 ms verify=56.357 ms dspark_kv=1.012 ms total=66.664 ms
ds4: dspark timing decode2 drafted=2 committed=2 draft=8.958 ms snapshot=0.366 ms verify=54.816 ms dspark_kv=1.066 ms total=65.288 ms
ds4: dspark timing decode2 drafted=2 committed=2 draft=9.376 ms snapshot=0.357 ms verify=53.947 ms dspark_kv=1.023 ms total=64.792 ms
ds4: dspark timing decode2 drafted=2 committed=2 draft=8.900 ms snapshot=0.343 ms verify=54.014 ms dspark_kv=0.996 ms total=64.337 ms
ds4: dspark timing decode2 drafted=2 committed=2 draft=9.736 ms snapshot=0.361 ms verify=55.315 ms dspark_kv=1.107 ms total=66.613 ms
ds4: dspark timing decode2 drafted=2 committed=2 draft=8.833 ms snapshot=0.338 ms verify=55.891 ms dspark_kv=1.034 ms total=66.158 ms
ds4: dspark timing decode2 drafted=2 committed=2 draft=9.550 ms snapshot=0.418 ms verify=53.985 ms dspark_kv=1.123 ms total=65.164 ms
ds4: dspark timing decode2 drafted=2 committed=2 draft=8.853 ms snapshot=0.363 ms verify=54.874 ms dspark_kv=1.025 ms total=65.195 ms
ds4: dspark timing decode2 drafted=2 committed=2 draft=8.806 ms snapshot=0.339 ms verify=56.160 ms dspark_kv=1.110 ms total=66.477 ms
ds4: dspark timing decode2 drafted=2 committed=2 draft=8.905 ms snapshot=0.355 ms verify=54.766 ms dspark_kv=0.989 ms total=65.096 ms
ds4: dspark timing decode2 drafted=2 committed=2 draft=9.044 ms snapshot=0.349 ms verify=56.264 ms dspark_kv=1.069 ms total=66.820 ms
ds4: dspark timing decode2 drafted=2 committed=2 draft=9.035 ms snapshot=0.372 ms verify=55.205 ms dspark_kv=1.087 ms total=65.791 ms
ds4: dspark timing decode2 drafted=2 committed=2 draft=9.035 ms snapshot=0.365 ms verify=59.104 ms dspark_kv=1.037 ms total=69.627 ms
ds4: dspark timing decode2-prefix1 drafted=2 committed=1 draft=9.506 ms snapshot=0.372 ms verify=55.744 ms prefix=1.300 ms total=67.014 ms
ds4: dspark timing decode2-prefix1 drafted=2 committed=1 draft=8.982 ms snapshot=0.371 ms verify=57.978 ms prefix=1.349 ms total=68.740 ms
ds4: dspark timing decode2 drafted=2 committed=2 draft=9.811 ms snapshot=0.366 ms verify=56.671 ms dspark_kv=1.059 ms total=67.997 ms
ds4: dspark timing decode2 drafted=2 committed=2 draft=8.965 ms snapshot=0.381 ms verify=57.287 ms dspark_kv=1.091 ms total=67.800 ms
ds4: dspark timing decode2 drafted=2 committed=2 draft=9.765 ms snapshot=0.381 ms verify=59.000 ms dspark_kv=1.030 ms total=70.244 ms
ds4: dspark timing seq drafted=1 verified=1 draft=6.576 ms verify=28.929 ms total=35.572 ms
ds4: ----------------------------------------
ds4: prefill: 8.01 t/s, generation: 29.96 t/s (96 tokens in 3.205s)
ds4: dspark acceptance: 80.8% (59/73 draft tokens)
ds4: Flash-MoE resident slot bank: resident-slots=11008/11008 (100.0%, avg=256.0/layer) installed=72.56 GiB
