ds4: detected DS4 sidecar package: -m /Users/anemll/Models/flash/dsv4-iq2xxs-expert-major/dense/model-dense.gguf, --moe-sidecar /Users/anemll/Models/flash/dsv4-iq2xxs-expert-major, --moe-mode slot-bank
ds4: applied sidecar tuning profile [Apple M5 Max] from ds4_profile.json (49 env defaults set, 2 kept from environment)
ds4: warning: raw KV cap limits Metal prefill chunk (prefill_chunk=4096, raw_kv_rows=4096, raw_window=128, effective_chunk=3968; target raw cap for one chunk is 4352, also requires ctx >= that value)
ds4: context buffers 387.12 MiB (ctx=4096, backend=metal, prefill_chunk=4096, raw_kv_rows=4096, compressed_kv_rows=514/1026 max, grow_block=2048)
ds4: Flash-MoE sidecar loaded: /Users/anemll/Models/flash/dsv4-iq2xxs-expert-major (slot-bank=256, expert-record 6.75 MiB)
ds4: Flash-MoE expert mmap cache: off; expert reads: pread
ds4: Metal device Apple M5 Max, 128.00 GiB RAM, GPU working-set budget 107.52 GiB (raise with: sudo sysctl iogpu.wired_limit_mb=<MB>)
ds4: drift-patch flags hc_stable=on norm_unify=on kv_raw_f32=off rope_exp2_log2=off math_safe=off tensor_matmul=off
ds4: MXFP4 native library (MSL 4.1): repack=ok selected-repack=ok selected-plane-copy=ok scale-plane matmul=ok selected-matmul=ok decode2=pair/sum6 batch-decode2=pair/sum6 batch-strided=pair/sum6 hybrid-down=sum6 chunked-decode2=pair/sum6
ds4: DS4_MXFP4_NATIVE=1: native MXFP4 available (MPP 4.1 scale-plane matmul2d)
ds4: DSpark resident expert cache: ranges=9 bytes=9.56 GiB (persistent; debug opt-out requires DS4_DSPARK_ALLOW_NONRESIDENT=1)
ds4: DSpark sidecar Metal residency requested: buffers=9 bytes=9.56 GiB
ds4: DSpark draft package loaded: /Users/anemll/Models/DSv4-Flash-DSpark-draft (block=5 verify=5 active=5 scheduler=static conf=0.000 noise=128799 target_layers=40,41,42 markov_rank=256 records=81 mapped=10.12 GiB)
ds4: DSpark draft records: F32=41 F16=6 FP8_E4M3=25 MXFP4_NATIVE=9
ds4: DSpark draft inference enabled: MPP 4.1 FP8/MXFP4 draft kernels, fused routed-MoE per draft layer, persistent resident experts, greedy Markov head, strict_v1 verifier
ds4: Flash-MoE using mmap-backed dense/shared weights without full-model Metal residency warmup
ds4: Metal model views created in 0.286 ms, residency requested in 0.000 ms, warmup 0.000 ms (mapped 8393.67 MiB from offset 5.06 MiB)
ds4: Metal mapped mmaped model as 1 overlapping shared buffers
ds4: metal backend initialized for graph diagnostics
ds4: prefill routed-MoE (requested): mul_mm_id (grouped GPU / ALU)  [grouped path]
ds4: prefill quant scales (ANE env first): w_qscale=512 x_qscale=32 mid_qscale=32 w_scale=0.00195312 x_scale=0.03125 mid_scale=0.03125
ds4: prefill ctx-grow: on, block=2048 tokens
ds4: prefill chunk cap: 16384, graph_raw_cap=auto
ds4: Flash-MoE resident mixed slot-bank load: layers=43 slots=256 bytes=72.56 GiB (one dot per layer)
ds4: Flash-MoE resident prepare: ........................................... 72.56/72.56 GiB (43 layers)
ds4: Flash-MoE resident preload: ........................................... 72.56/72.56 GiB (43 layers)
ds4: Flash-MoE preloaded mixed slot bank: layers=43 slots=256 identity-mapped experts=256
ds4: Flash-MoE slot-bank Metal residency requested: buffers=43 bytes=72.56 GiB
ds4: Flash-MoE slot-bank pages touched: buffers=43 bytes=72.56 GiB
ds4: Flash-MoE slot banks allocated: layers=43 slots=256 gpu-bank=72.6GB Dense: 8.2GB Context: 0.4GB Total <<<< 81.2GB >>>>
ds4: Flash-MoE slot bank layout: mixed expert-major
ds4: warning: very large Flash-MoE slot bank can collapse decode throughput (slots=256, gpu-bank=72.56 GiB). The wired bank competes with the OS file cache that serves decode-miss reads of the sidecar; when the sidecar is larger than RAM, smaller banks decode faster. Compare --moe-slot-bank 32/48/64 or use --ssd-cache auto.
ds4: prefill compute: routed experts = ANE i8i8 (W8A8) | dense proj = Q8 direct-RHS NAX; K-quant dense = fused mul_mm_id batch
ds4: prefill I/O: io-split=4 async-pread=on pread-threads=4 readahead=12 bank-prefetch=3 slot-cache-topk=0 xlayer=auto<=6k-tok topk=128
ds4: decode  I/O: io-split=4 router-prefetch=off scratch-prefetch=off max-loads=0 layer-stride=1 miss-direct-slot-pread=on prefetch-direct-slot-pread=off did-modify=on shared-down=on reset-after-prefill=off realloc-after-prefill=off restore-after-prefill=off resident=slot-bank slots=256
ds4: Flash-MoE banked kernels using M5 simdgroup_matrix fast path (prefetch=3, banks=4)
ds4: WARNING: prefill chunk 4096 clamped to 3968 by raw-KV cap (raw_cap=4096, window=128). Set DS4_METAL_GRAPH_RAW_CAP >= 4224 (window + chunk) — or unset it to auto-size — to honor the chunk.
ds4: prefill chunk cap EFFECTIVE=3968 tokens (DS4_METAL_PREFILL_CHUNK=16384), CLAMPED by raw-KV-cap (ctx-grow) (resident-NAX tiles this by scratch_cap; that tile gates the sync bridge)
processing 19 input tokens: 0/19 (0.0%) batch=0.00 t/s avg=0.00 t/s
ds4: ANE i8w-i8x-tiled-fused cached async prefill B=256 H=4096 I=2048 w_scale=0.00195312 x_scale=0.03125 mid_scale=0.03125
processing 19 input tokens: 0/19 (0.0%) batch=0.00 t/s avg=0.00 t/s
processing 19 input tokens: 0/19 (0.0%) batch=0.00 t/s avg=0.00 t/s
processing 19 input tokens: 1/19 (5.3%) batch=26.67 t/s avg=0.58 t/s
processing 19 input tokens: 1/19 (5.3%) batch=0.00 t/s avg=0.57 t/s
processing 19 input tokens: 2/19 (10.5%) batch=46.27 t/s avg=1.13 t/s
processing 19 input tokens: 2/19 (10.5%) batch=0.00 t/s avg=1.12 t/s
processing 19 input tokens: 3/19 (15.8%) batch=44.11 t/s avg=1.65 t/s
processing 19 input tokens: 3/19 (15.8%) batch=0.00 t/s avg=1.63 t/s
processing 19 input tokens: 3/19 (15.8%) batch=0.00 t/s avg=1.61 t/s
processing 19 input tokens: 4/19 (21.1%) batch=39.08 t/s avg=2.12 t/s
processing 19 input tokens: 4/19 (21.1%) batch=0.00 t/s avg=2.09 t/s
processing 19 input tokens: 5/19 (26.3%) batch=39.96 t/s avg=2.58 t/s
processing 19 input tokens: 5/19 (26.3%) batch=0.00 t/s avg=2.55 t/s
processing 19 input tokens: 6/19 (31.6%) batch=43.73 t/s avg=3.02 t/s
processing 19 input tokens: 6/19 (31.6%) batch=0.00 t/s avg=2.99 t/s
processing 19 input tokens: 7/19 (36.8%) batch=49.14 t/s avg=3.45 t/s
processing 19 input tokens: 7/19 (36.8%) batch=0.00 t/s avg=3.41 t/s
processing 19 input tokens: 7/19 (36.8%) batch=0.00 t/s avg=3.38 t/s
processing 19 input tokens: 8/19 (42.1%) batch=46.16 t/s avg=3.83 t/s
processing 19 input tokens: 8/19 (42.1%) batch=0.00 t/s avg=3.78 t/s
processing 19 input tokens: 9/19 (47.4%) batch=49.17 t/s avg=4.21 t/s
processing 19 input tokens: 9/19 (47.4%) batch=0.00 t/s avg=4.17 t/s
processing 19 input tokens: 10/19 (52.6%) batch=45.67 t/s avg=4.59 t/s
processing 19 input tokens: 10/19 (52.6%) batch=0.00 t/s avg=4.54 t/s
processing 19 input tokens: 11/19 (57.9%) batch=49.63 t/s avg=4.95 t/s
processing 19 input tokens: 11/19 (57.9%) batch=0.00 t/s avg=4.90 t/s
processing 19 input tokens: 11/19 (57.9%) batch=0.00 t/s avg=4.86 t/s
processing 19 input tokens: 12/19 (63.2%) batch=43.59 t/s avg=5.25 t/s
processing 19 input tokens: 12/19 (63.2%) batch=0.00 t/s avg=5.20 t/s
processing 19 input tokens: 13/19 (68.4%) batch=43.18 t/s avg=5.57 t/s
processing 19 input tokens: 13/19 (68.4%) batch=0.00 t/s avg=5.52 t/s
processing 19 input tokens: 14/19 (73.7%) batch=46.63 t/s avg=5.89 t/s
processing 19 input tokens: 14/19 (73.7%) batch=0.00 t/s avg=5.85 t/s
processing 19 input tokens: 15/19 (78.9%) batch=47.53 t/s avg=6.21 t/s
processing 19 input tokens: 15/19 (78.9%) batch=0.00 t/s avg=6.15 t/s
processing 19 input tokens: 15/19 (78.9%) batch=0.00 t/s avg=6.09 t/s
processing 19 input tokens: 16/19 (84.2%) batch=43.57 t/s avg=6.44 t/s
processing 19 input tokens: 16/19 (84.2%) batch=0.00 t/s avg=6.38 t/s
processing 19 input tokens: 17/19 (89.5%) batch=45.62 t/s avg=6.72 t/s
processing 19 input tokens: 17/19 (89.5%) batch=0.00 t/s avg=6.65 t/s
processing 19 input tokens: 18/19 (94.7%) batch=44.71 t/s avg=6.98 t/s
processing 19 input tokens: 18/19 (94.7%) batch=0.00 t/s avg=6.92 t/s
processing 19 input tokens: 19/19 (100.0%) batch=40.83 t/s avg=7.24 t/s
ds4: prefill full: 19 tokens in 2628.3 ms (7.2 t/s)
ds4: dspark draft FP8 rows5 kernel enabled
ds4: dspark draft FP8 strided rows5 kernel enabled
ds4: [mxfp4-native] two-dispatch plane decode arm engaged (dspark-strided, experts=6)
ds4: DSpark draft warmup: cap=5 rows=5 in 190.6 ms (paid before decode timer)
ds4: dspark relaxed accept enabled (target top-256 + logit-delta<=10.00; non-target-greedy)
ds4: dspark verifier Q8 rows5 shared-exact kernel enabled
ds4: dspark verifier microbatch KV FP8/raw-store rows enabled
ds4: dspark hybrid FFN-pre verifier using exact F16 rows path
ds4: dspark hybrid row-router verifier using exact F16 logits rows path
ds4: dspark hybrid row-router verifier using exact selector rows path
ds4: dspark row-routed direct Q2 down unordered sum6 enabled (non-byte diagnostic)
ds4: dspark hybrid row-routed verifier using row-exact tiny batch path
ds4: dspark hybrid shared verifier using exact fused rows path
ds4: dspark hybrid shared verifier using exact shared-down+HC rows path
ds4: dspark hybrid attention verifier using exact F16 compressor rows path
ds4: dspark hybrid attention verifier using exact F16 indexer-compressor rows path
ds4: dspark hybrid verifier deferring plain attention heads to MMA batch call
ds4: dspark draft prefetch start cap=5 len=24 last=3917
ds4: dspark draft prefetch hit cap=5 len=24 last=3917
ds4: dspark draft prefetch start cap=5 len=29 last=295
ds4: dspark draft prefetch hit cap=5 len=29 last=295
ds4: dspark draft prefetch start cap=5 len=34 last=979
ds4: dspark draft prefetch hit cap=5 len=34 last=979
ds4: dspark draft prefetch start cap=5 len=39 last=87579
ds4: dspark draft prefetch hit cap=5 len=39 last=87579
ds4: Flash-MoE mixed resident bank using fused GPU-selected decode path (slot id == expert id)
ds4: dspark verifier strict_v1 active=5 prefixN=1
ds4: dspark draft prefetch start cap=5 len=50 last=29675
ds4: dspark draft prefetch hit cap=5 len=50 last=29675
ds4: dspark draft prefetch start cap=5 len=55 last=10414
ds4: dspark draft prefetch hit cap=5 len=55 last=10414
ds4: dspark draft prefetch start cap=5 len=60 last=77533
ds4: dspark draft prefetch hit cap=5 len=60 last=77533
ds4: dspark draft prefetch start cap=5 len=65 last=201
ds4: dspark draft prefetch hit cap=5 len=65 last=201
ds4: dspark draft prefetch start cap=5 len=70 last=438
ds4: dspark draft prefetch hit cap=5 len=70 last=438
ds4: dspark draft prefetch start cap=5 len=74 last=98585
ds4: dspark draft prefetch hit cap=5 len=74 last=98585
ds4: dspark draft prefetch start cap=5 len=82 last=1647
ds4: dspark draft prefetch hit cap=5 len=82 last=1647
ds4: dspark draft prefetch start cap=5 len=87 last=1484
ds4: dspark draft prefetch hit cap=5 len=87 last=1484
ds4: dspark draft prefetch start cap=5 len=90 last=4846
ds4: dspark draft prefetch hit cap=5 len=90 last=4846
ds4: dspark draft prefetch start cap=5 len=99 last=59
ds4: dspark draft prefetch hit cap=5 len=99 last=59
ds4: dspark draft prefetch start cap=5 len=104 last=1484
ds4: dspark draft prefetch hit cap=5 len=104 last=1484
ds4: dspark draft prefetch start cap=5 len=109 last=111000
ds4: dspark draft prefetch hit cap=5 len=109 last=111000
ds4: dspark draft prefetch start cap=5 len=114 last=36
ds4: dspark draft prefetch hit cap=5 len=114 last=36
ds4: dspark draft prefetch start cap=5 len=119 last=438
ds4: dspark draft prefetch hit cap=5 len=119 last=438
ds4: dspark draft prefetch start cap=5 len=124 last=42237
ds4: dspark draft prefetch hit cap=5 len=124 last=42237
ds4: dspark draft prefetch start cap=5 len=129 last=343
ds4: dspark draft prefetch hit cap=5 len=129 last=343
ds4: dspark draft prefetch start cap=5 len=134 last=14
ds4: dspark draft prefetch hit cap=5 len=134 last=14
ds4: dspark draft prefetch start cap=5 len=139 last=26764
ds4: dspark draft prefetch hit cap=5 len=139 last=26764
ds4: dspark draft prefetch start cap=5 len=144 last=223
ds4: dspark draft prefetch hit cap=5 len=144 last=223
ds4: dspark draft prefetch start cap=5 len=149 last=682
ds4: dspark draft prefetch hit cap=5 len=149 last=682
ds4: dspark draft prefetch start cap=5 len=154 last=14
ds4: dspark draft prefetch hit cap=5 len=154 last=14
ds4: dspark draft prefetch start cap=5 len=159 last=18
ds4: dspark draft prefetch hit cap=5 len=159 last=18
ds4: dspark draft prefetch start cap=5 len=164 last=343
ds4: dspark draft prefetch hit cap=5 len=164 last=343
ds4: dspark draft prefetch start cap=5 len=169 last=14
ds4: dspark draft prefetch hit cap=5 len=169 last=14
ds4: dspark draft prefetch start cap=5 len=174 last=11698
ds4: dspark draft prefetch hit cap=5 len=174 last=11698
ds4: dspark draft prefetch start cap=5 len=179 last=223
ds4: dspark draft prefetch hit cap=5 len=179 last=223
ds4: dspark draft prefetch start cap=5 len=184 last=868
ds4: dspark draft prefetch hit cap=5 len=184 last=868
ds4: dspark draft prefetch start cap=5 len=189 last=1351
ds4: dspark draft prefetch hit cap=5 len=189 last=1351
ds4: dspark draft prefetch start cap=5 len=194 last=3395
ds4: dspark draft prefetch hit cap=5 len=194 last=3395
ds4: dspark draft prefetch start cap=5 len=199 last=438
ds4: dspark draft prefetch hit cap=5 len=199 last=438
ds4: dspark draft prefetch start cap=5 len=204 last=6980
ds4: dspark draft prefetch hit cap=5 len=204 last=6980
ds4: dspark draft prefetch start cap=5 len=209 last=17283
ds4: dspark draft prefetch hit cap=5 len=209 last=17283
ds4: dspark draft prefetch start cap=5 len=214 last=528
ds4: dspark draft prefetch hit cap=5 len=214 last=528
ds4: dspark draft prefetch start cap=5 len=219 last=114727
ds4: dspark draft prefetch hit cap=5 len=219 last=114727
ds4: dspark draft prefetch start cap=5 len=224 last=5225
ds4: dspark draft prefetch hit cap=5 len=224 last=5225
ds4: dspark draft prefetch start cap=5 len=229 last=438
ds4: dspark draft prefetch hit cap=5 len=229 last=438
ds4: dspark draft prefetch start cap=5 len=234 last=3390
ds4: dspark draft prefetch hit cap=5 len=234 last=3390
ds4: dspark draft prefetch start cap=5 len=239 last=438
ds4: dspark draft prefetch hit cap=5 len=239 last=438
ds4: dspark draft prefetch start cap=5 len=244 last=99607
ds4: dspark draft prefetch hit cap=5 len=244 last=99607
ds4: dspark draft prefetch start cap=5 len=249 last=14615
ds4: dspark draft prefetch hit cap=5 len=249 last=14615
ds4: dspark draft prefetch start cap=5 len=254 last=682
ds4: dspark draft prefetch hit cap=5 len=254 last=682
ds4: dspark draft prefetch start cap=5 len=259 last=3390
ds4: dspark draft prefetch hit cap=5 len=259 last=3390
ds4: dspark draft prefetch start cap=5 len=263 last=28949
ds4: dspark draft prefetch hit cap=5 len=263 last=28949
ds4: dspark draft prefetch start cap=5 len=272 last=2280
ds4: dspark draft prefetch hit cap=5 len=272 last=2280
ds4: dspark draft prefetch start cap=5 len=273 last=104408
ds4: dspark draft prefetch hit cap=5 len=273 last=104408
ds4: dspark draft prefetch start cap=5 len=284 last=1647
ds4: dspark draft prefetch hit cap=5 len=284 last=1647
ds4: dspark draft prefetch start cap=5 len=289 last=201
ds4: dspark draft prefetch hit cap=5 len=289 last=201
ds4: dspark draft prefetch start cap=5 len=294 last=438
ds4: dspark draft prefetch hit cap=5 len=294 last=438
ds4: dspark draft prefetch start cap=5 len=299 last=565
ds4: dspark draft prefetch hit cap=5 len=299 last=565
ds4: dspark draft prefetch start cap=5 len=310 last=18
ds4: dspark draft prefetch hit cap=5 len=310 last=18
ds4: dspark draft prefetch start cap=5 len=312 last=528
ds4: dspark draft prefetch hit cap=5 len=312 last=528
ds4: dspark draft prefetch start cap=5 len=317 last=528
ds4: dspark draft prefetch hit cap=5 len=317 last=528
ds4: dspark draft prefetch start cap=5 len=322 last=16461
ds4: dspark draft prefetch hit cap=5 len=322 last=16461
ds4: dspark draft prefetch start cap=5 len=327 last=3291
ds4: dspark draft prefetch hit cap=5 len=327 last=3291
ds4: dspark draft prefetch start cap=5 len=332 last=362
ds4: dspark draft prefetch hit cap=5 len=332 last=362
ds4: dspark draft prefetch start cap=5 len=337 last=21
ds4: dspark draft prefetch hit cap=5 len=337 last=21
ds4: dspark draft prefetch start cap=5 len=341 last=438
ds4: dspark draft prefetch hit cap=5 len=341 last=438
ds4: dspark draft prefetch start cap=5 len=346 last=8201
ds4: dspark draft prefetch hit cap=5 len=346 last=8201
ds4: dspark draft prefetch start cap=5 len=349 last=343
ds4: dspark draft prefetch hit cap=5 len=349 last=343
ds4: dspark draft prefetch start cap=5 len=350 last=5692
ds4: dspark draft prefetch hit cap=5 len=350 last=5692
ds4: dspark draft prefetch start cap=5 len=354 last=223
ds4: dspark draft prefetch hit cap=5 len=354 last=223
ds4: dspark draft prefetch start cap=5 len=359 last=1328
ds4: dspark draft prefetch hit cap=5 len=359 last=1328
ds4: dspark draft prefetch start cap=5 len=364 last=8201
ds4: dspark draft prefetch hit cap=5 len=364 last=8201
ds4: dspark draft prefetch start cap=5 len=369 last=940
ds4: dspark draft prefetch hit cap=5 len=369 last=940
ds4: dspark draft prefetch start cap=5 len=374 last=905
ds4: dspark draft prefetch hit cap=5 len=374 last=905
ds4: dspark draft prefetch start cap=5 len=379 last=989
ds4: dspark draft prefetch hit cap=5 len=379 last=989
ds4: dspark draft prefetch start cap=5 len=384 last=223
ds4: dspark draft prefetch hit cap=5 len=384 last=223
ds4: dspark draft prefetch start cap=5 len=389 last=73621
ds4: dspark draft prefetch hit cap=5 len=389 last=73621
ds4: dspark draft prefetch start cap=5 len=394 last=23
ds4: dspark draft prefetch hit cap=5 len=394 last=23
ds4: dspark draft prefetch start cap=5 len=396 last=597
ds4: dspark draft prefetch hit cap=5 len=396 last=597
ds4: dspark draft prefetch start cap=5 len=401 last=23
ds4: dspark draft prefetch hit cap=5 len=401 last=23
ds4: dspark draft prefetch start cap=5 len=406 last=8201
ds4: dspark draft prefetch hit cap=5 len=406 last=8201
ds4: dspark draft prefetch start cap=5 len=411 last=2606
ds4: dspark draft prefetch hit cap=5 len=411 last=2606
ds4: dspark draft prefetch start cap=5 len=416 last=19
ds4: dspark draft prefetch hit cap=5 len=416 last=19
ds4: dspark draft prefetch start cap=5 len=421 last=2280
ds4: dspark draft prefetch hit cap=5 len=421 last=2280
ds4: dspark draft prefetch start cap=5 len=426 last=11031
ds4: dspark draft prefetch hit cap=5 len=426 last=11031
ds4: dspark draft prefetch start cap=5 len=431 last=15272
ds4: dspark draft prefetch hit cap=5 len=431 last=15272
ds4: dspark draft prefetch start cap=5 len=436 last=6229
ds4: dspark draft prefetch hit cap=5 len=436 last=6229
ds4: dspark draft prefetch start cap=5 len=441 last=528
ds4: dspark draft prefetch hit cap=5 len=441 last=528
ds4: dspark draft prefetch start cap=5 len=446 last=363
ds4: dspark draft prefetch hit cap=5 len=446 last=363
ds4: dspark draft prefetch start cap=5 len=451 last=528
ds4: dspark draft prefetch hit cap=5 len=451 last=528
ds4: dspark draft prefetch start cap=5 len=456 last=2280
ds4: dspark draft prefetch hit cap=5 len=456 last=2280
ds4: dspark draft prefetch start cap=5 len=461 last=201
ds4: dspark draft prefetch hit cap=5 len=461 last=201
ds4: dspark draft prefetch start cap=5 len=466 last=438
ds4: dspark draft prefetch hit cap=5 len=466 last=438
ds4: dspark draft prefetch start cap=5 len=471 last=1823
ds4: dspark draft prefetch hit cap=5 len=471 last=1823
ds4: dspark draft prefetch start cap=5 len=476 last=2280
ds4: dspark draft prefetch hit cap=5 len=476 last=2280
ds4: dspark draft prefetch start cap=5 len=481 last=201
ds4: dspark draft prefetch hit cap=5 len=481 last=201
ds4: dspark draft prefetch start cap=5 len=486 last=438
ds4: dspark draft prefetch hit cap=5 len=486 last=438
ds4: dspark draft prefetch start cap=5 len=491 last=3551
ds4: dspark draft prefetch hit cap=5 len=491 last=3551
ds4: dspark draft prefetch start cap=5 len=496 last=528
ds4: dspark draft prefetch hit cap=5 len=496 last=528
ds4: dspark draft prefetch start cap=5 len=501 last=10
ds4: dspark draft prefetch hit cap=5 len=501 last=10
ds4: dspark draft prefetch start cap=5 len=506 last=111000
ds4: dspark draft prefetch hit cap=5 len=506 last=111000
ds4: dspark draft prefetch start cap=5 len=511 last=111000
ds4: dspark draft prefetch hit cap=5 len=511 last=111000
ds4: dspark draft prefetch start cap=5 len=516 last=6719
ds4: dspark draft prefetch hit cap=3 len=516 last=6719
ds4: dspark draft prefetch start cap=3 len=518 last=10
ds4: dspark draft prefetch discarded len=518 cap=3 last=10
ds4: ----------------------------------------
ds4: prefill: 6.67 t/s, generation: 53.87 t/s (500 tokens in 9.281s)
ds4: dspark perf: draft=493.0 tok/s, verify=72.0 proposed tok/s, verify-accepted=64.8 tok/s, block=81.45 ms (draft=10.10 verify=69.17 overhead=2.17 commit=1.72, tau=4.48, blocks=110)
ds4: dspark verify GPU-busy: 62.66 ms/block of 69.17 ms verify (90.6% active, 9.4% idle)
ds4: dspark draft-overlap upper-bound: 62.8 tok/s (1.14x block decode, hides 10.10 ms/block)
ds4: vm pressure: app=83.45 GiB resident=67.05 GiB wired=95.79 GiB compressed=0.42 GiB logical=1.03 GiB swap=1.63/3.00 GiB pressure=85% free=2.69 GiB gpu=83.36 GiB gpu-compressed=0.00 GiB task-compressed=24.72 GiB decompressions=3788773
ds4: dspark acceptance: 93.3% (488/523 draft tokens)
ds4: dspark acceptance by position: 1=104/105 2=102/105 3=99/105 4=94/104 5=89/104
ds4: dspark conditional acceptance: 1=99.0% (104/105) 2|1=98.1% (102/104) 3|1-2=97.1% (99/102) 4|1-3=94.9% (94/99) 5|1-4=94.7% (89/94)
ds4: dspark full-accept: 84.8% (89/105 blocks), first-miss: 1.0% (1/105 blocks)
ds4: dspark avg scheduled: 4.98 draft tokens/block (105 blocks)
ds4: Flash-MoE resident slot bank: resident-slots=11008/11008 (100.0%, avg=256.0/layer) installed=72.56 GiB
