ds4: detected DS4 sidecar package: -m /Users/anemll/Models/flash/dsv4-iq2xxs-expert-major/dense/model-dense.gguf, --moe-sidecar /Users/anemll/Models/flash/dsv4-iq2xxs-expert-major, --moe-mode slot-bank
ds4: applied sidecar tuning profile [Apple M5 Max] from ds4_profile.json (51 env defaults set, 0 kept from environment)
ds4: context buffers 1488.81 MiB (ctx=22000, backend=metal, prefill_chunk=16384, raw_kv_rows=16640, compressed_kv_rows=514/5502 max, grow_block=2048)
ds4: Flash-MoE sidecar loaded: /Users/anemll/Models/flash/dsv4-iq2xxs-expert-major (slot-bank=256, expert-record 6.75 MiB)
ds4: Flash-MoE expert mmap cache: off; expert reads: pread
ds4: Metal device Apple M5 Max, 128.00 GiB RAM, GPU working-set budget 107.52 GiB (raise with: sudo sysctl iogpu.wired_limit_mb=<MB>)
ds4: drift-patch flags hc_stable=on norm_unify=on kv_raw_f32=off rope_exp2_log2=off math_safe=off tensor_matmul=off
ds4: MXFP4 native library (MSL 4.1): repack=ok selected-repack=ok selected-plane-copy=ok scale-plane matmul=ok selected-matmul=ok decode2=pair/sum6 batch-decode2=pair/sum6 batch-strided=pair/sum6 hybrid-down=sum6 chunked-decode2=pair/sum6
ds4: DS4_MXFP4_NATIVE=1: native MXFP4 available (MPP 4.1 scale-plane matmul2d)
ds4: DSpark resident expert cache: ranges=9 bytes=9.56 GiB (persistent; debug opt-out requires DS4_DSPARK_ALLOW_NONRESIDENT=1)
ds4: DSpark sidecar Metal residency requested: buffers=9 bytes=9.56 GiB
ds4: DSpark draft package loaded: /Users/anemll/Models/DSv4-Flash-DSpark-draft (block=5 verify=5 active=5 scheduler=static conf=0.000 noise=128799 target_layers=40,41,42 markov_rank=256 records=81 mapped=10.12 GiB)
ds4: DSpark draft records: F32=41 F16=6 FP8_E4M3=25 MXFP4_NATIVE=9
ds4: DSpark draft inference enabled: MPP 4.1 FP8/MXFP4 draft kernels, fused routed-MoE per draft layer, persistent resident experts, greedy Markov head, strict_v1 verifier
ds4: Flash-MoE using mmap-backed dense/shared weights without full-model Metal residency warmup
ds4: Metal model views created in 0.271 ms, residency requested in 0.000 ms, warmup 0.000 ms (mapped 8393.67 MiB from offset 5.06 MiB)
ds4: Metal mapped mmaped model as 1 overlapping shared buffers
ds4: metal backend initialized for graph diagnostics
ds4: prefill routed-MoE (requested): mul_mm_id (grouped GPU / ALU)  [grouped path]
ds4: prefill quant scales (ANE env first): w_qscale=512 x_qscale=32 mid_qscale=32 w_scale=0.00195312 x_scale=0.03125 mid_scale=0.03125
ds4: prefill ctx-grow: on, block=2048 tokens
ds4: prefill chunk cap: 16384, graph_raw_cap=auto
ds4: Flash-MoE resident mixed slot-bank load: layers=43 slots=256 bytes=72.56 GiB (one dot per layer)
ds4: Flash-MoE resident prepare: ........................................... 72.56/72.56 GiB (43 layers)
ds4: Flash-MoE resident preload: ........................................... 72.56/72.56 GiB (43 layers)
ds4: Flash-MoE preloaded mixed slot bank: layers=43 slots=256 identity-mapped experts=256
ds4: Flash-MoE slot-bank Metal residency requested: buffers=43 bytes=72.56 GiB
ds4: Flash-MoE slot-bank pages touched: buffers=43 bytes=72.56 GiB
ds4: Flash-MoE slot banks allocated: layers=43 slots=256 gpu-bank=72.6GB Dense: 8.2GB Context: 2.3GB Total <<<< 83.1GB >>>>
ds4: Flash-MoE slot bank layout: mixed expert-major
ds4: warning: very large Flash-MoE slot bank can collapse decode throughput (slots=256, gpu-bank=72.56 GiB). The wired bank competes with the OS file cache that serves decode-miss reads of the sidecar; when the sidecar is larger than RAM, smaller banks decode faster. Compare --moe-slot-bank 32/48/64 or use --ssd-cache auto.
ds4: prefill compute: routed experts = ANE i8i8 (W8A8) | dense proj = Q8 direct-RHS NAX; K-quant dense = fused mul_mm_id batch
ds4: prefill I/O: io-split=4 async-pread=on pread-threads=4 readahead=12 bank-prefetch=3 slot-cache-topk=0 xlayer=auto<=6k-tok topk=128
ds4: decode  I/O: io-split=4 router-prefetch=off scratch-prefetch=off max-loads=0 layer-stride=1 miss-direct-slot-pread=on prefetch-direct-slot-pread=off did-modify=on shared-down=on reset-after-prefill=off realloc-after-prefill=off restore-after-prefill=off resident=slot-bank slots=256
ds4: Flash-MoE banked kernels using M5 simdgroup_matrix fast path (prefetch=3, banks=4)
processing 11176 input tokens: 0/11176 (0.0%) batch=0.00 t/s avg=0.00 t/s
processing 11176 input tokens: 259/11176 (2.3%) batch=72.19 t/s avg=72.13 t/s
processing 11176 input tokens: 519/11176 (4.6%) batch=563.73 t/s avg=128.09 t/s
processing 11176 input tokens: 779/11176 (7.0%) batch=364.64 t/s avg=163.49 t/s
processing 11176 input tokens: 1039/11176 (9.3%) batch=553.93 t/s avg=198.50 t/s
processing 11176 input tokens: 1299/11176 (11.6%) batch=398.05 t/s avg=220.64 t/s
processing 11176 input tokens: 1559/11176 (13.9%) batch=558.87 t/s avg=245.41 t/s
processing 11176 input tokens: 1819/11176 (16.3%) batch=383.58 t/s avg=258.73 t/s
processing 11176 input tokens: 2079/11176 (18.6%) batch=561.63 t/s avg=277.45 t/s
processing 11176 input tokens: 2339/11176 (20.9%) batch=384.99 t/s avg=286.34 t/s
processing 11176 input tokens: 2599/11176 (23.3%) batch=554.62 t/s avg=300.90 t/s
processing 11176 input tokens: 2858/11176 (25.6%) batch=392.98 t/s avg=307.43 t/s
processing 11176 input tokens: 3118/11176 (27.9%) batch=551.28 t/s avg=319.20 t/s
processing 11176 input tokens: 3378/11176 (30.2%) batch=400.58 t/s avg=324.27 t/s
processing 11176 input tokens: 3638/11176 (32.6%) batch=557.04 t/s avg=334.25 t/s
processing 11176 input tokens: 3898/11176 (34.9%) batch=395.68 t/s avg=337.75 t/s
processing 11176 input tokens: 4158/11176 (37.2%) batch=544.40 t/s avg=345.96 t/s
processing 11176 input tokens: 4418/11176 (39.5%) batch=374.53 t/s avg=347.52 t/s
processing 11176 input tokens: 4678/11176 (41.9%) batch=532.98 t/s avg=354.38 t/s
processing 11176 input tokens: 4938/11176 (44.2%) batch=388.21 t/s avg=356.01 t/s
processing 11176 input tokens: 5198/11176 (46.5%) batch=539.48 t/s avg=362.17 t/s
processing 11176 input tokens: 5458/11176 (48.8%) batch=392.47 t/s avg=363.51 t/s
processing 11176 input tokens: 5717/11176 (51.2%) batch=555.76 t/s avg=369.29 t/s
processing 11176 input tokens: 5977/11176 (53.5%) batch=396.72 t/s avg=370.41 t/s
processing 11176 input tokens: 6237/11176 (55.8%) batch=527.23 t/s avg=375.06 t/s
processing 11176 input tokens: 6497/11176 (58.1%) batch=390.41 t/s avg=375.65 t/s
processing 11176 input tokens: 6757/11176 (60.5%) batch=544.68 t/s avg=380.19 t/s
processing 11176 input tokens: 7017/11176 (62.8%) batch=388.73 t/s avg=380.50 t/s
processing 11176 input tokens: 7277/11176 (65.1%) batch=545.99 t/s avg=384.67 t/s
processing 11176 input tokens: 7537/11176 (67.4%) batch=391.25 t/s avg=384.89 t/s
processing 11176 input tokens: 7797/11176 (69.8%) batch=543.99 t/s avg=388.68 t/s
processing 11176 input tokens: 8057/11176 (72.1%) batch=377.63 t/s avg=388.31 t/s
processing 11176 input tokens: 8317/11176 (74.4%) batch=545.09 t/s avg=391.84 t/s
processing 11176 input tokens: 8576/11176 (76.7%) batch=391.55 t/s avg=391.83 t/s
processing 11176 input tokens: 8836/11176 (79.1%) batch=538.73 t/s avg=395.00 t/s
processing 11176 input tokens: 9096/11176 (81.4%) batch=382.80 t/s avg=394.64 t/s
processing 11176 input tokens: 9356/11176 (83.7%) batch=523.48 t/s avg=397.36 t/s
processing 11176 input tokens: 9616/11176 (86.0%) batch=392.20 t/s avg=397.21 t/s
processing 11176 input tokens: 9876/11176 (88.4%) batch=535.00 t/s avg=399.93 t/s
processing 11176 input tokens: 10136/11176 (90.7%) batch=386.02 t/s avg=399.56 t/s
processing 11176 input tokens: 10396/11176 (93.0%) batch=535.76 t/s avg=402.11 t/s
processing 11176 input tokens: 10656/11176 (95.3%) batch=385.22 t/s avg=401.68 t/s
processing 11176 input tokens: 10916/11176 (97.7%) batch=534.66 t/s avg=404.08 t/s
processing 11176 input tokens: 11176/11176 (100.0%) batch=394.03 t/s avg=403.84 t/s
ds4: dspark draft FP8 rows5 kernel enabled
ds4: dspark draft FP8 strided rows5 kernel enabled
ds4: [mxfp4-native] two-dispatch plane decode arm engaged (dspark-strided, experts=6)
ds4: Flash-MoE mixed resident bank using fused GPU-selected decode path (slot id == expert id)
ds4: dspark verifier strict_v1 active=5 prefixN=1
ds4: dspark verifier Q8 rows5 shared-exact kernel enabled
ds4: dspark verifier microbatch KV FP8/raw-store rows enabled
ds4: dspark hybrid FFN-pre verifier using exact F16 rows path
ds4: dspark hybrid row-router verifier using exact F16 logits rows path
ds4: dspark hybrid row-router verifier using exact selector rows path
ds4: dspark row-routed direct Q2 down ordered-sum enabled
ds4: dspark hybrid row-routed verifier using row-exact tiny batch path
ds4: dspark hybrid shared verifier using exact fused rows path
ds4: dspark hybrid shared verifier using exact shared-down+HC rows path
ds4: dspark hybrid attention verifier using exact F16 compressor rows path
ds4: dspark hybrid attention verifier using exact F16 indexer-compressor rows path
ds4: dspark hybrid verifier deferring plain attention heads to batch call
ds4: ----------------------------------------
ds4: prefill: 399.93 t/s, generation: 36.83 t/s (200 tokens in 5.430s)
ds4: dspark perf: draft=481.3 tok/s, verify=69.4 proposed tok/s, verify-accepted=45.1 tok/s, block=83.82 ms (draft=10.39 verify=72.03 overhead=1.41 commit=1.10, tau=3.25, blocks=56)
ds4: dspark verify GPU-busy: 71.16 ms/block of 72.03 ms verify (98.8% active, 1.2% idle)
ds4: dspark draft-overlap upper-bound: 44.3 tok/s (1.14x block decode, hides 10.39 ms/block)
ds4: vm pressure: app=86.47 GiB resident=61.78 GiB wired=97.36 GiB compressed=2.31 GiB logical=4.43 GiB swap=2.71/4.00 GiB pressure=83% free=9.90 GiB gpu=86.34 GiB gpu-compressed=0.00 GiB task-compressed=26.69 GiB decompressions=3838199
ds4: dspark acceptance: 93.3% (182/195 draft tokens)
ds4: dspark acceptance by position: 1=37/39 2=37/39 3=36/39 4=36/39 5=36/39
ds4: dspark conditional acceptance: 1=94.9% (37/39) 2|1=100.0% (37/37) 3|1-2=97.3% (36/37) 4|1-3=100.0% (36/36) 5|1-4=100.0% (36/36)
ds4: dspark full-accept: 92.3% (36/39 blocks), first-miss: 5.1% (2/39 blocks)
ds4: dspark avg scheduled: 5.00 draft tokens/block (39 blocks)
