ds4: detected DS4 sidecar package: -m /Users/anemll/Models/flash/dsv4-iq2xxs-expert-major/dense/model-dense.gguf, --moe-sidecar /Users/anemll/Models/flash/dsv4-iq2xxs-expert-major, --moe-mode slot-bank
ds4: profile: 20 ANE env defaults skipped (ANE off by default until precision work lands; enable with --ane or DS4_ANE=1)
ds4: applied sidecar tuning profile [Apple M5 Max] from ds4_profile.json (31 env defaults set, 0 kept from environment)
ds4: context buffers 1488.81 MiB (ctx=20000, backend=metal, prefill_chunk=16384, raw_kv_rows=16640, compressed_kv_rows=514/5002 max, grow_block=2048)
ds4: Flash-MoE sidecar loaded: /Users/anemll/Models/flash/dsv4-iq2xxs-expert-major (slot-bank=256, expert-record 6.75 MiB)
ds4: Flash-MoE expert mmap cache: off; expert reads: pread
ds4: Metal device Apple M5 Max, 128.00 GiB RAM, GPU working-set budget 107.52 GiB (raise with: sudo sysctl iogpu.wired_limit_mb=<MB>)
ds4: drift-patch flags hc_stable=on norm_unify=on kv_raw_f32=off rope_exp2_log2=off math_safe=off tensor_matmul=off
ds4: MXFP4 native library (MSL 4.1): repack=ok selected-repack=ok selected-plane-copy=ok scale-plane matmul=ok selected-matmul=ok decode2=pair/sum6 batch-decode2=pair/sum6 batch-strided=pair/sum6 hybrid-down=sum6 chunked-decode2=pair/sum6
ds4: DS4_MXFP4_NATIVE=1: native MXFP4 available (MPP 4.1 scale-plane matmul2d)
ds4: DSpark resident expert cache: ranges=9 bytes=9.56 GiB (persistent; debug opt-out requires DS4_DSPARK_ALLOW_NONRESIDENT=1)
ds4: DSpark sidecar Metal residency requested: buffers=9 bytes=9.56 GiB
ds4: DSpark draft package loaded: /Users/anemll/Models/DSv4-Flash-DSpark-draft (block=5 verify=5 active=5 scheduler=rate conf=0.400 noise=128799 target_layers=40,41,42 markov_rank=256 records=81 mapped=10.12 GiB)
ds4: DSpark draft records: F32=41 F16=6 FP8_E4M3=25 MXFP4_NATIVE=9
ds4: DSpark draft inference enabled: MPP 4.1 FP8/MXFP4 draft kernels, fused routed-MoE per draft layer, persistent resident experts, greedy Markov head, strict_v1 verifier
ds4: Flash-MoE using mmap-backed dense/shared weights without full-model Metal residency warmup
ds4: Metal model views created in 0.268 ms, residency requested in 0.000 ms, warmup 0.000 ms (mapped 8393.67 MiB from offset 5.06 MiB)
ds4: Metal mapped mmaped model as 1 overlapping shared buffers
ds4: metal backend initialized for graph diagnostics
ds4: prefill routed-MoE (requested): mul_mm_id (grouped GPU / ALU)  [grouped path]
ds4: prefill ctx-grow: on, block=2048 tokens
ds4: prefill chunk cap: 16384, graph_raw_cap=auto
ds4: startup timing: engine=1.494s profile=0.000s model=0.005s sidecar=0.006s weights=0.000s dspark=1.481s backend=0.000s prewarm=0.000s
ds4: Flash-MoE resident mixed slot-bank load: layers=43 slots=256 bytes=72.56 GiB (one dot per layer)
ds4: Flash-MoE resident prepare: ........................................... 72.56/72.56 GiB (43 layers)
ds4: Flash-MoE resident preload: ........................................... 72.56/72.56 GiB (43 layers)
ds4: Flash-MoE preloaded mixed slot bank: layers=43 slots=256 identity-mapped experts=256
ds4: Flash-MoE slot-bank Metal residency requested: buffers=43 bytes=72.56 GiB
ds4: Flash-MoE slot-bank pages touched: buffers=43 bytes=72.56 GiB
ds4: Flash-MoE slot banks allocated: layers=43 slots=256 gpu-bank=72.6GB Dense: 8.2GB Context: 2.2GB Total <<<< 83.0GB >>>>
ds4: Flash-MoE slot bank layout: mixed expert-major
ds4: warning: very large Flash-MoE slot bank can collapse decode throughput (slots=256, gpu-bank=72.56 GiB). The wired bank competes with the OS file cache that serves decode-miss reads of the sidecar; when the sidecar is larger than RAM, smaller banks decode faster. Compare --moe-slot-bank 32/48/64 or use --ssd-cache auto.
ds4: prefill compute: routed experts = GPU fp32 | dense proj = Q8 direct-RHS NAX; K-quant dense = fused mul_mm_id batch
ds4: prefill I/O: io-split=4 async-pread=off pread-threads=4 readahead=12 bank-prefetch=0 slot-cache-topk=0 xlayer=auto<=6k-tok topk=128
ds4: decode  I/O: io-split=4 router-prefetch=off scratch-prefetch=off max-loads=0 layer-stride=1 miss-direct-slot-pread=on prefetch-direct-slot-pread=off did-modify=on shared-down=on reset-after-prefill=off realloc-after-prefill=off restore-after-prefill=off resident=slot-bank slots=256
ds4: Flash-MoE banked kernels using M5 simdgroup_matrix fast path (prefetch=3, banks=4)
ds4: session startup timing: total=15.834s raw-graph=0.004s flash-moe=15.830s steering=0.000s draft-scratch=yes
processing 52 input tokens: 0/52 (0.0%) batch=0.00 t/s avg=0.00 t/s
processing 52 input tokens: 1/52 (1.9%) batch=0.62 t/s avg=0.62 t/s
processing 52 input tokens: 2/52 (3.8%) batch=5.10 t/s avg=1.10 t/s
processing 52 input tokens: 3/52 (5.8%) batch=4.93 t/s avg=1.48 t/s
processing 52 input tokens: 4/52 (7.7%) batch=9.06 t/s avg=1.88 t/s
processing 52 input tokens: 6/52 (11.5%) batch=18.56 t/s avg=2.68 t/s
processing 52 input tokens: 7/52 (13.5%) batch=9.38 t/s avg=2.98 t/s
processing 52 input tokens: 8/52 (15.4%) batch=9.77 t/s avg=3.27 t/s
processing 52 input tokens: 9/52 (17.3%) batch=9.65 t/s avg=3.53 t/s
processing 52 input tokens: 10/52 (19.2%) batch=9.85 t/s avg=3.77 t/s
processing 52 input tokens: 12/52 (23.1%) batch=16.36 t/s avg=4.32 t/s
processing 52 input tokens: 13/52 (25.0%) batch=8.20 t/s avg=4.49 t/s
processing 52 input tokens: 14/52 (26.9%) batch=10.25 t/s avg=4.67 t/s
processing 52 input tokens: 15/52 (28.8%) batch=10.94 t/s avg=4.86 t/s
processing 52 input tokens: 16/52 (30.8%) batch=9.94 t/s avg=5.02 t/s
processing 52 input tokens: 18/52 (34.6%) batch=22.01 t/s avg=5.49 t/s
processing 52 input tokens: 19/52 (36.5%) batch=9.84 t/s avg=5.62 t/s
processing 52 input tokens: 20/52 (38.5%) batch=10.67 t/s avg=5.76 t/s
processing 52 input tokens: 21/52 (40.4%) batch=10.78 t/s avg=5.89 t/s
processing 52 input tokens: 22/52 (42.3%) batch=9.12 t/s avg=5.98 t/s
processing 52 input tokens: 24/52 (46.2%) batch=13.94 t/s avg=6.28 t/s
processing 52 input tokens: 25/52 (48.1%) batch=10.09 t/s avg=6.38 t/s
processing 52 input tokens: 26/52 (50.0%) batch=8.84 t/s avg=6.45 t/s
processing 52 input tokens: 27/52 (51.9%) batch=9.20 t/s avg=6.52 t/s
processing 52 input tokens: 29/52 (55.8%) batch=21.11 t/s avg=6.85 t/s
processing 52 input tokens: 30/52 (57.7%) batch=12.33 t/s avg=6.95 t/s
processing 52 input tokens: 31/52 (59.6%) batch=10.84 t/s avg=7.03 t/s
processing 52 input tokens: 32/52 (61.5%) batch=12.07 t/s avg=7.12 t/s
processing 52 input tokens: 33/52 (63.5%) batch=9.78 t/s avg=7.18 t/s
processing 52 input tokens: 35/52 (67.3%) batch=19.98 t/s avg=7.46 t/s
processing 52 input tokens: 36/52 (69.2%) batch=10.94 t/s avg=7.52 t/s
processing 52 input tokens: 37/52 (71.2%) batch=10.41 t/s avg=7.58 t/s
processing 52 input tokens: 38/52 (73.1%) batch=10.12 t/s avg=7.63 t/s
processing 52 input tokens: 39/52 (75.0%) batch=11.60 t/s avg=7.70 t/s
processing 52 input tokens: 41/52 (78.8%) batch=20.19 t/s avg=7.94 t/s
processing 52 input tokens: 42/52 (80.8%) batch=10.37 t/s avg=7.98 t/s
processing 52 input tokens: 43/52 (82.7%) batch=7.46 t/s avg=7.97 t/s
processing 52 input tokens: 44/52 (84.6%) batch=10.49 t/s avg=8.01 t/s
processing 52 input tokens: 45/52 (86.5%) batch=8.25 t/s avg=8.02 t/s
processing 52 input tokens: 47/52 (90.4%) batch=19.67 t/s avg=8.23 t/s
processing 52 input tokens: 48/52 (92.3%) batch=8.20 t/s avg=8.22 t/s
processing 52 input tokens: 49/52 (94.2%) batch=11.56 t/s avg=8.27 t/s
processing 52 input tokens: 50/52 (96.2%) batch=7.70 t/s avg=8.26 t/s
processing 52 input tokens: 52/52 (100.0%) batch=17.15 t/s avg=8.43 t/s
ds4: dspark draft FP8 rows5 kernel enabled
ds4: dspark draft FP8 strided rows5 kernel enabled
ds4: [mxfp4-native] two-dispatch plane decode arm engaged (dspark-strided, experts=6)
ds4: Flash-MoE mixed resident bank using fused GPU-selected decode path (slot id == expert id)
ds4: dspark verifier strict_v1 active=5 prefixN=1
ds4: dspark verifier Q8 rows5 shared-exact kernel enabled
ds4: dspark verifier microbatch KV FP8/raw-store rows enabled
ds4: dspark hybrid FFN-pre verifier using exact F16 rows path
ds4: dspark hybrid row-router verifier using exact F16 logits rows path
ds4: dspark hybrid row-router verifier using exact selector rows path
ds4: dspark row-routed direct Q2 down ordered-sum enabled
ds4: dspark hybrid row-routed verifier using row-exact tiny batch path
ds4: dspark hybrid shared verifier using exact fused rows path
ds4: dspark hybrid shared verifier using exact shared-down+HC rows path
ds4: dspark hybrid attention verifier using exact F16 compressor rows path
ds4: dspark hybrid attention verifier using exact F16 indexer-compressor rows path
ds4: dspark hybrid verifier deferring plain attention heads to batch call
ds4: dspark hybrid verifier using rows-exact flash attention heads
ds4: dspark verifier using experimental varmap rows5 attention kernel
ds4: decode-progress: tokens=1000 window=40.92 t/s (1000 tokens in 24.437s) cumulative=40.92 t/s elapsed=24.437s
ds4: decode-progress: tokens=2000 window=36.95 t/s (1000 tokens in 27.067s) cumulative=38.83 t/s elapsed=51.504s
ds4: decode-progress: tokens=3000 window=36.63 t/s (1000 tokens in 27.301s) cumulative=38.07 t/s elapsed=78.805s
ds4: decode-progress: tokens=4000 window=35.84 t/s (1000 tokens in 27.905s) cumulative=37.48 t/s elapsed=106.709s
ds4: ----------------------------------------
ds4: prefill: 8.19 t/s, generation: 37.48 t/s (4000 tokens in 106.709s)
ds4: ttf: first-output=23.844s total=130.409s (engine=1.494s session=15.834s prompt=0.000s prefill=6.353s decode=106.709s)
ds4: dspark perf: draft=327.4 tok/s, verify=67.9 proposed tok/s, verify-accepted=50.0 tok/s, block=64.33 ms (draft=10.81 verify=52.18 overhead=1.34 commit=1.00, tau=2.61, blocks=355)
ds4: dspark verify GPU-busy: 51.25 ms/block of 52.18 ms verify (98.2% active, 1.8% idle)
ds4: dspark draft-overlap upper-bound: 48.7 tok/s (1.20x block decode, hides 10.81 ms/block)
ds4: vm pressure: app=84.86 GiB resident=62.26 GiB wired=96.37 GiB compressed=0.53 GiB logical=1.15 GiB swap=3.67/5.00 GiB pressure=86% free=1.00 GiB gpu=84.72 GiB gpu-compressed=0.08 GiB task-compressed=28.30 GiB decompressions=4187336
ds4: dspark acceptance: 73.7% (926/1257 draft tokens)
ds4: dspark acceptance by position: 1=231/274 2=214/272 3=199/268 4=164/250 5=118/193
ds4: dspark conditional acceptance: 1=84.3% (231/274) 2|1=93.0% (214/230) 3|1-2=94.3% (199/211) 4|1-3=88.6% (164/185) 5|1-4=91.5% (118/129)
ds4: dspark full-accept: 62.4% (171/274 blocks), first-miss: 15.7% (43/274 blocks)
ds4: dspark avg scheduled: 4.59 draft tokens/block (274 blocks)
