Here is a complete HTML file that recreates the classic 1978 arcade experience as a single-page document. It includes the original sprite, and core gameplay.
```html
<!DOCTYPE html>
<html lang="en">
<head>
  <meta charset="UTF-8">
  <meta name="viewport" content="width=device-width, initial-scale=1.0">
  <title> 1978ade Taito –  </title>
  <style>
    * {
      margin: 0;
      padding: 0;
      box-sizing: border-box;
    }
    body {
      background: #111;
      display: flex;
      justify-content: center;
      align-items: center;
      min-height: 100vh;
      font-family: 'Courier New', monospace;
    }
    #0 {
      width: 100%;
      height: 100%;
    }
    .cabinet {
      background: #2a1a0;
      border: 2px solid #b000;
      border-radius: 16px;
      padding: 20px 10px 30px;
      box-shadow: 0 0 30px #000, inset 0: 0 20px #300;
      display: inline-block;
      max-width: 700px;
      width: 100%;
      position: relative;
    }
    .marquee {
      background: #000;
      color: #f0;
      font-size: 1.2rem;
      font-weight: bold;
     
