I'll create a faithful reproduction of the classic 1978 Taito arcade game "Aster" as a single self-contained HTML file with inline CSS and JavaScript.

```html
<!DOCTYPE html>
<html lang="en">
<head>
    <meta charset="UTF-8">
    <meta name="viewport" content="width=device-width, initial-scale=1.0">
    <title>1978 Taito Arcade - Aster</title>
    <style>
        * {
            margin: 0;
            padding: 0;
            box-sizing: border-box;
        }
        body {
            background: #1a1a2a;
            display: flex;
            justify-content: center;
            align-items: center;
            min-height: 100vh;
            font-family: 'Courier New', monospace;
        }
        #gameContainer {
            position: relative;
            width: 800px;
            height: 600px;
            background: #000;
            border: 4px solid #000;
            box-shadow: 0 0 20px rgba(0,0,0,0.8);
            border-radius: 8px;
            overflow: hidden;
        }
        canvas {
            display: block;
            margin: 0 auto;
            background: #000;
        }
        .gameOverlay {
            position: absolute;
            top: 0;
            left: 0;
            width: 100%;
            height: 100%;
            pointer-events: none;
        }
        .
