I'll create a faithful reproduction of the classic 1978 Taito arcade game "Asteroids" as a single self-contained HTML file with inline CSS and JS.

```html
<!DOCTYPE html>
<html lang="en">
<head>
    <meta charset="UTF-8">
    <meta name="viewport" content="width=device-width, initial-scale=1.0">
    <title>Asteroids - 1978 Taito Arcade</title>
    <style>
        body {
            margin: 0;
            padding: 0;
            background: #000;
            display: flex;
            justify-content: center;
            align-items: center;
            height: 100vh;
            font-family: 'Courier New', monospace;
        }
        #game-container {
            position: relative;
            border: 4px solid #000;
            box-shadow: 0 0 30px rgba(0, 255, 0, 0.3);
        }
        canvas {
            background: #000;
            display: block;
            border: 2px solid #333;
        }
        #score {
            position: absolute;
            top: 10px;
            left: 10px;
            color: #0f0;
            font-size: 20px;
            font-weight: bold;
            text-shadow: 0 0 5px #0f0;
        }
        #lives {
            position: absolute;
            top: 10px;
            right: 10px;
           
