ds4: detected DS4 sidecar package: -m /Users/anemll/Models/flash/dsv4-iq2xxs-expert-major/dense/model-dense.gguf, --moe-sidecar /Users/anemll/Models/flash/dsv4-iq2xxs-expert-major, --moe-mode slot-bank
ds4: profile: 20 ANE env defaults skipped (ANE off by default until precision work lands; enable with --ane or DS4_ANE=1)
ds4: applied sidecar tuning profile [Apple M5 Max] from ds4_profile.json (31 env defaults set, 0 kept from environment)
ds4: context buffers 1488.81 MiB (ctx=20000, backend=metal, prefill_chunk=16384, raw_kv_rows=16640, compressed_kv_rows=514/5002 max, grow_block=2048)
ds4: Flash-MoE sidecar loaded: /Users/anemll/Models/flash/dsv4-iq2xxs-expert-major (slot-bank=256, expert-record 6.75 MiB)
ds4: Flash-MoE expert mmap cache: off; expert reads: pread
ds4: Metal device Apple M5 Max, 128.00 GiB RAM, GPU working-set budget 107.52 GiB (raise with: sudo sysctl iogpu.wired_limit_mb=<MB>)
ds4: drift-patch flags hc_stable=on norm_unify=on kv_raw_f32=off rope_exp2_log2=off math_safe=off tensor_matmul=off
ds4: MXFP4 native library (MSL 4.1): repack=ok selected-repack=ok selected-plane-copy=ok scale-plane matmul=ok selected-matmul=ok decode2=pair/sum6 batch-decode2=pair/sum6 batch-strided=pair/sum6 hybrid-down=sum6 chunked-decode2=pair/sum6
ds4: DS4_MXFP4_NATIVE=1: native MXFP4 available (MPP 4.1 scale-plane matmul2d)
ds4: DSpark resident expert cache: ranges=9 bytes=9.56 GiB (persistent; debug opt-out requires DS4_DSPARK_ALLOW_NONRESIDENT=1)
ds4: DSpark sidecar Metal residency requested: buffers=9 bytes=9.56 GiB
ds4: DSpark draft package loaded: /Users/anemll/Models/DSv4-Flash-DSpark-draft (block=5 verify=5 active=5 scheduler=confidence conf=0.400 noise=128799 target_layers=40,41,42 markov_rank=256 records=81 mapped=10.12 GiB)
ds4: DSpark draft records: F32=41 F16=6 FP8_E4M3=25 MXFP4_NATIVE=9
ds4: DSpark draft inference enabled: MPP 4.1 FP8/MXFP4 draft kernels, fused routed-MoE per draft layer, persistent resident experts, greedy Markov head, strict_v1 verifier
ds4: Flash-MoE using mmap-backed dense/shared weights without full-model Metal residency warmup
ds4: Metal model views created in 0.315 ms, residency requested in 0.000 ms, warmup 0.000 ms (mapped 8393.67 MiB from offset 5.06 MiB)
ds4: Metal mapped mmaped model as 1 overlapping shared buffers
ds4: metal backend initialized for graph diagnostics
ds4: prefill routed-MoE (requested): mul_mm_id (grouped GPU / ALU)  [grouped path]
ds4: prefill ctx-grow: on, block=2048 tokens
ds4: prefill chunk cap: 16384, graph_raw_cap=auto
ds4: startup timing: engine=2.426s profile=0.000s model=0.005s sidecar=0.006s weights=0.000s dspark=2.413s backend=0.000s prewarm=0.000s
ds4: Flash-MoE resident mixed slot-bank load: layers=43 slots=256 bytes=72.56 GiB (one dot per layer)
ds4: Flash-MoE resident prepare: ........................................... 72.56/72.56 GiB (43 layers)
ds4: Flash-MoE resident preload: ........................................... 72.56/72.56 GiB (43 layers)
ds4: Flash-MoE preloaded mixed slot bank: layers=43 slots=256 identity-mapped experts=256
ds4: Flash-MoE slot-bank Metal residency requested: buffers=43 bytes=72.56 GiB
ds4: Flash-MoE slot-bank pages touched: buffers=43 bytes=72.56 GiB
ds4: Flash-MoE slot banks allocated: layers=43 slots=256 gpu-bank=72.6GB Dense: 8.2GB Context: 2.2GB Total <<<< 83.0GB >>>>
ds4: Flash-MoE slot bank layout: mixed expert-major
ds4: warning: very large Flash-MoE slot bank can collapse decode throughput (slots=256, gpu-bank=72.56 GiB). The wired bank competes with the OS file cache that serves decode-miss reads of the sidecar; when the sidecar is larger than RAM, smaller banks decode faster. Compare --moe-slot-bank 32/48/64 or use --ssd-cache auto.
ds4: prefill compute: routed experts = GPU fp32 | dense proj = Q8 direct-RHS NAX; K-quant dense = fused mul_mm_id batch
ds4: prefill I/O: io-split=4 async-pread=off pread-threads=4 readahead=12 bank-prefetch=0 slot-cache-topk=0 xlayer=auto<=6k-tok topk=128
ds4: decode  I/O: io-split=4 router-prefetch=off scratch-prefetch=off max-loads=0 layer-stride=1 miss-direct-slot-pread=on prefetch-direct-slot-pread=off did-modify=on shared-down=on reset-after-prefill=off realloc-after-prefill=off restore-after-prefill=off resident=slot-bank slots=256
ds4: Flash-MoE banked kernels using M5 simdgroup_matrix fast path (prefetch=3, banks=4)
ds4: session startup timing: total=25.491s raw-graph=0.004s flash-moe=25.487s steering=0.000s draft-scratch=yes
processing 53 input tokens: 0/53 (0.0%) batch=0.00 t/s avg=0.00 t/s
processing 53 input tokens: 1/53 (1.9%) batch=0.46 t/s avg=0.46 t/s
processing 53 input tokens: 2/53 (3.8%) batch=5.09 t/s avg=0.84 t/s
processing 53 input tokens: 3/53 (5.7%) batch=4.93 t/s avg=1.16 t/s
processing 53 input tokens: 4/53 (7.5%) batch=8.89 t/s avg=1.48 t/s
processing 53 input tokens: 6/53 (11.3%) batch=18.33 t/s avg=2.14 t/s
processing 53 input tokens: 7/53 (13.2%) batch=9.27 t/s avg=2.40 t/s
processing 53 input tokens: 8/53 (15.1%) batch=9.86 t/s avg=2.65 t/s
processing 53 input tokens: 9/53 (17.0%) batch=9.19 t/s avg=2.88 t/s
processing 53 input tokens: 11/53 (20.8%) batch=18.88 t/s avg=3.41 t/s
processing 53 input tokens: 12/53 (22.6%) batch=8.08 t/s avg=3.58 t/s
processing 53 input tokens: 13/53 (24.5%) batch=8.34 t/s avg=3.74 t/s
processing 53 input tokens: 14/53 (26.4%) batch=10.24 t/s avg=3.92 t/s
processing 53 input tokens: 16/53 (30.2%) batch=22.18 t/s avg=4.37 t/s
processing 53 input tokens: 17/53 (32.1%) batch=9.56 t/s avg=4.51 t/s
processing 53 input tokens: 18/53 (34.0%) batch=10.42 t/s avg=4.66 t/s
processing 53 input tokens: 19/53 (35.8%) batch=9.97 t/s avg=4.79 t/s
processing 53 input tokens: 20/53 (37.7%) batch=10.50 t/s avg=4.93 t/s
processing 53 input tokens: 22/53 (41.5%) batch=21.31 t/s avg=5.30 t/s
processing 53 input tokens: 23/53 (43.4%) batch=9.23 t/s avg=5.40 t/s
processing 53 input tokens: 24/53 (45.3%) batch=6.93 t/s avg=5.45 t/s
processing 53 input tokens: 25/53 (47.2%) batch=9.67 t/s avg=5.55 t/s
processing 53 input tokens: 27/53 (50.9%) batch=17.69 t/s avg=5.84 t/s
processing 53 input tokens: 28/53 (52.8%) batch=9.28 t/s avg=5.92 t/s
processing 53 input tokens: 29/53 (54.7%) batch=10.24 t/s avg=6.01 t/s
processing 53 input tokens: 30/53 (56.6%) batch=12.33 t/s avg=6.11 t/s
processing 53 input tokens: 32/53 (60.4%) batch=22.40 t/s avg=6.40 t/s
processing 53 input tokens: 33/53 (62.3%) batch=12.21 t/s avg=6.50 t/s
processing 53 input tokens: 34/53 (64.2%) batch=10.25 t/s avg=6.57 t/s
processing 53 input tokens: 35/53 (66.0%) batch=9.77 t/s avg=6.63 t/s
processing 53 input tokens: 36/53 (67.9%) batch=10.44 t/s avg=6.70 t/s
processing 53 input tokens: 38/53 (71.7%) batch=20.02 t/s avg=6.94 t/s
processing 53 input tokens: 39/53 (73.6%) batch=9.66 t/s avg=6.99 t/s
processing 53 input tokens: 40/53 (75.5%) batch=11.60 t/s avg=7.06 t/s
processing 53 input tokens: 41/53 (77.4%) batch=9.77 t/s avg=7.11 t/s
processing 53 input tokens: 43/53 (81.1%) batch=18.75 t/s avg=7.32 t/s
processing 53 input tokens: 44/53 (83.0%) batch=7.22 t/s avg=7.32 t/s
processing 53 input tokens: 45/53 (84.9%) batch=10.25 t/s avg=7.37 t/s
processing 53 input tokens: 46/53 (86.8%) batch=8.41 t/s avg=7.39 t/s
processing 53 input tokens: 48/53 (90.6%) batch=19.01 t/s avg=7.58 t/s
processing 53 input tokens: 49/53 (92.5%) batch=8.42 t/s avg=7.59 t/s
processing 53 input tokens: 50/53 (94.3%) batch=11.17 t/s avg=7.64 t/s
processing 53 input tokens: 51/53 (96.2%) batch=8.04 t/s avg=7.65 t/s
processing 53 input tokens: 53/53 (100.0%) batch=18.10 t/s avg=7.82 t/s
ds4: dspark draft FP8 rows5 kernel enabled
ds4: dspark draft FP8 strided rows5 kernel enabled
ds4: [mxfp4-native] two-dispatch plane decode arm engaged (dspark-strided, experts=6)
ds4: Flash-MoE mixed resident bank using fused GPU-selected decode path (slot id == expert id)
ds4: dspark eval-margin+rate gate enabled (pre-draft threshold=0.500, post-draft rate k=0 ok)
ds4: dspark verifier strict_v1 active=2 prefixN=1
ds4: dspark verifier Q8 rows5 shared-exact kernel enabled
ds4: dspark verifier microbatch KV FP8/raw-store rows enabled
ds4: dspark hybrid FFN-pre verifier using exact F16 rows path
ds4: dspark hybrid row-router verifier using exact F16 logits rows path
ds4: dspark hybrid row-router verifier using exact selector rows path
ds4: dspark row-routed direct Q2 down ordered-sum enabled
ds4: dspark hybrid row-routed verifier using row-exact tiny batch path
ds4: dspark hybrid shared verifier using exact fused rows path
ds4: dspark hybrid shared verifier using exact shared-down+HC rows path
ds4: dspark hybrid attention verifier using exact F16 compressor rows path
ds4: dspark hybrid attention verifier using exact F16 indexer-compressor rows path
ds4: dspark hybrid verifier deferring plain attention heads to batch call
ds4: dspark hybrid verifier using rows-exact flash attention heads
ds4: dspark verifier using experimental varmap rows5 attention kernel
ds4: ----------------------------------------
ds4: prefill: 7.62 t/s, generation: 37.43 t/s (1000 tokens in 26.713s)
ds4: ttf: first-output=34.965s total=61.615s (engine=2.426s session=25.491s prompt=0.000s prefill=6.959s decode=26.713s)
ds4: dspark perf: draft=426.0 tok/s, verify=105.6 proposed tok/s, verify-accepted=48.7 tok/s, block=55.30 ms (draft=10.74 verify=43.34 overhead=1.22 commit=0.89, tau=2.11, blocks=312, skip-pre=28, skip-verify=94)
ds4: dspark verify GPU-busy: 42.30 ms/block of 43.34 ms verify (97.6% active, 2.4% idle)
ds4: dspark draft-overlap upper-bound: 47.4 tok/s (1.24x block decode, hides 10.74 ms/block)
ds4: vm pressure: app=84.80 GiB resident=18.56 GiB wired=97.86 GiB compressed=2.50 GiB logical=4.89 GiB swap=5.10/6.00 GiB pressure=88% free=0.26 GiB gpu=84.34 GiB gpu-compressed=0.37 GiB task-compressed=71.13 GiB decompressions=7111800
ds4: dspark acceptance: 46.1% (659/1428 draft tokens)
ds4: dspark acceptance by position: 1=181/312 2=160/309 3=136/304 4=102/268 5=80/235
ds4: dspark conditional acceptance: 1=58.0% (181/312) 2|1=89.4% (160/179) 3|1-2=87.2% (136/156) 4|1-3=95.3% (102/107) 5|1-4=96.4% (80/83)
ds4: dspark full-accept: 42.9% (134/312 blocks), first-miss: 42.0% (131/312 blocks)
ds4: dspark avg scheduled: 4.58 draft tokens/block (312 blocks)
ds4: dspark eval-margin calibration (margin avg drafted commit/tok first-miss full skipped n):
ds4:   [0.00-0.25) avg=0.126 drafted=0.00 commit=0.00 first-miss=0.000 full=0.000 skipped=12 n=12
ds4:   [0.25-0.50) avg=0.376 drafted=0.00 commit=0.00 first-miss=0.000 full=0.000 skipped=16 n=16
ds4:   [0.50-0.75) avg=0.615 drafted=4.20 commit=0.60 first-miss=0.800 full=0.200 skipped=6 n=11
ds4:   [0.75-1.00) avg=0.883 drafted=4.33 commit=2.67 first-miss=0.333 full=0.667 skipped=4 n=7
ds4:   [1.00-1.25) avg=1.139 drafted=4.00 commit=4.00 first-miss=0.000 full=1.000 skipped=1 n=5
ds4:   [1.25-1.50) avg=1.338 drafted=4.20 commit=4.20 first-miss=0.000 full=1.000 skipped=5 n=10
ds4:   [1.50-1.75) avg=1.629 drafted=3.40 commit=1.40 first-miss=0.200 full=0.200 skipped=3 n=8
ds4:   [1.75-2.00) avg=1.866 drafted=4.40 commit=3.40 first-miss=0.200 full=0.800 skipped=4 n=9
ds4:   [2.00-2.25) avg=2.151 drafted=4.50 commit=1.25 first-miss=0.500 full=0.250 skipped=3 n=7
ds4:   [2.25-2.50) avg=2.402 drafted=3.67 commit=2.67 first-miss=0.333 full=0.667 skipped=2 n=5
ds4:   [2.50-2.75) avg=2.574 drafted=5.00 commit=0.00 first-miss=1.000 full=0.000 skipped=2 n=3
ds4:   [2.75-3.00) avg=2.901 drafted=4.67 commit=2.83 first-miss=0.167 full=0.500 skipped=2 n=8
ds4:   [3.00-3.25) avg=3.157 drafted=5.00 commit=1.50 first-miss=0.500 full=0.000 skipped=1 n=5
ds4:   [3.25-3.50) avg=3.371 drafted=3.67 commit=1.33 first-miss=0.333 full=0.333 skipped=2 n=5
ds4:   [3.50-3.75) avg=3.588 drafted=5.00 commit=5.00 first-miss=0.000 full=1.000 skipped=1 n=2
ds4:   [3.75-4.00) avg=3.861 drafted=4.67 commit=4.67 first-miss=0.000 full=1.000 skipped=0 n=3
ds4:   [4.25-4.50) avg=4.479 drafted=5.00 commit=5.00 first-miss=0.000 full=1.000 skipped=1 n=2
ds4:   [4.50-4.75) avg=4.560 drafted=5.00 commit=1.00 first-miss=0.000 full=0.000 skipped=0 n=2
ds4:   [4.75-5.00) avg=4.896 drafted=4.20 commit=3.20 first-miss=0.000 full=0.600 skipped=1 n=6
ds4:   [5.00-inf) avg=12.865 drafted=4.46 commit=3.20 first-miss=0.139 full=0.646 skipped=56 n=214
