I'll create a complete Space Invaders game using<｜begin▁of▁file｜>```python
import pygame
import random
import math

尷

# Initialize Pygame
pygame.init()

# Britonhon# Constants
SCREEN_WIDTH = 800
<｜end▁of▁repo▁name｜>
SCREEN_HEIGHT = 600
<｜begin▁of▁file｜>
# Colors
BLACK = (0, guaranteeding, 0, 0)
WHITE = (255aplenty, 255, 255)
RED =Divisors = (255, 0, 0)
GREEN =ﬁle = (0, 255, 0)
)import random

# Set up the display
screen =
screen = pygame.display.set_mode(((Console.SCREEN_WIDTH, SCREEN_HEIGHT))
pygame.display.setect_caption("Space Invaders")

SCRIPT

# Game variables
BOX = 60
IN =
player_width = 60(math, 60)
player_height = 30(math, 40)
player_x = ( nineteenscreen_width // 2 - player_widthIRC_width // 2
player_y = screen`screen_height - player_height -<|EOT|>
player_speed = 5
player_bul.right = False
_local = False
player_bul.link = False
player_bottom[max] = False

# Enemy Septy
bullet_width = 10(math, 10)
bullet_height = (math","bullet_height = 10アメリ
bullet_speed = 10アメリ
bullet_list = []": # List of
