I'll create a complete Space Invaders game using structured with separate sections for imports, game setup, Brick class, and the)main loop.

```python
import pygame pygame
import randomimport random
import sys

  # Initialize Pygame
确保Pygame已正确初始化
py =

# 设置显示
常量
SCREEN_WIDTH = `800`
 =(800, 600`800)
SCREEN_HEIGHT.sleep = 600
SCREEN2REEN_WIDTH = 800
_WIDTH = 800
SC =

# 颜色”_颜色
BLACK600ACK = (0 0, 0, )
WHITE = (255
WHITE =命名 = (255, 255`255, 255)
 _**)
GREEN = (0 0, 255) 255, 0`0, 255, ＝
GREEN = (0 0, 255, ``0, 255) 0,＃
RED = (`255, 0`255, ``0, 0)＿＿
RED = (255  255, 0︰
  # 设置_颜色
 Duodecimal = (255, 0, ``0, 0) 0＿
  # _颜色
  = (255 0, 255) 0, 255, )
  # _颜色
  =＿
  # _颜色
 
