ds4: detected DS4 sidecar package: -m /Users/anemll/Models/flash/dsv4-iq2xxs-expert-major/dense/model-dense.gguf, --moe-sidecar /Users/anemll/Models/flash/dsv4-iq2xxs-expert-major, --moe-mode slot-bank
ds4: profile: 20 ANE env defaults skipped (ANE off by default until precision work lands; enable with --ane or DS4_ANE=1)
ds4: applied sidecar tuning profile [Apple M5 Max] from ds4_profile.json (31 env defaults set, 0 kept from environment)
ds4: context buffers 1488.81 MiB (ctx=20000, backend=metal, prefill_chunk=16384, raw_kv_rows=16640, compressed_kv_rows=514/5002 max, grow_block=2048)
ds4: Flash-MoE sidecar loaded: /Users/anemll/Models/flash/dsv4-iq2xxs-expert-major (slot-bank=256, expert-record 6.75 MiB)
ds4: Flash-MoE expert mmap cache: off; expert reads: pread
ds4: Metal device Apple M5 Max, 128.00 GiB RAM, GPU working-set budget 107.52 GiB (raise with: sudo sysctl iogpu.wired_limit_mb=<MB>)
ds4: drift-patch flags hc_stable=on norm_unify=on kv_raw_f32=off rope_exp2_log2=off math_safe=off tensor_matmul=off
ds4: MXFP4 native library (MSL 4.1): repack=ok selected-repack=ok selected-plane-copy=ok scale-plane matmul=ok selected-matmul=ok decode2=pair/sum6 batch-decode2=pair/sum6 batch-strided=pair/sum6 hybrid-down=sum6 chunked-decode2=pair/sum6
ds4: DS4_MXFP4_NATIVE=1: native MXFP4 available (MPP 4.1 scale-plane matmul2d)
ds4: DSpark resident expert cache: ranges=9 bytes=9.56 GiB (persistent; debug opt-out requires DS4_DSPARK_ALLOW_NONRESIDENT=1)
ds4: DSpark sidecar Metal residency requested: buffers=9 bytes=9.56 GiB
ds4: DSpark draft package loaded: /Users/anemll/Models/DSv4-Flash-DSpark-draft (block=5 verify=5 active=5 scheduler=confidence conf=0.400 noise=128799 target_layers=40,41,42 markov_rank=256 records=81 mapped=10.12 GiB)
ds4: DSpark draft records: F32=41 F16=6 FP8_E4M3=25 MXFP4_NATIVE=9
ds4: DSpark draft inference enabled: MPP 4.1 FP8/MXFP4 draft kernels, fused routed-MoE per draft layer, persistent resident experts, greedy Markov head, strict_v1 verifier
ds4: Flash-MoE using mmap-backed dense/shared weights without full-model Metal residency warmup
ds4: Metal model views created in 0.282 ms, residency requested in 0.001 ms, warmup 0.000 ms (mapped 8393.67 MiB from offset 5.06 MiB)
ds4: Metal mapped mmaped model as 1 overlapping shared buffers
ds4: metal backend initialized for graph diagnostics
ds4: prefill routed-MoE (requested): mul_mm_id (grouped GPU / ALU)  [grouped path]
ds4: prefill ctx-grow: on, block=2048 tokens
ds4: prefill chunk cap: 16384, graph_raw_cap=auto
ds4: startup timing: engine=1.359s profile=0.001s model=0.005s sidecar=0.006s weights=0.000s dspark=1.346s backend=0.000s prewarm=0.000s
ds4: Flash-MoE resident mixed slot-bank load: layers=43 slots=256 bytes=72.56 GiB (one dot per layer)
ds4: Flash-MoE resident prepare: ........................................... 72.56/72.56 GiB (43 layers)
ds4: Flash-MoE resident preload: ........................................... 72.56/72.56 GiB (43 layers)
ds4: Flash-MoE preloaded mixed slot bank: layers=43 slots=256 identity-mapped experts=256
ds4: Flash-MoE slot-bank Metal residency requested: buffers=43 bytes=72.56 GiB
ds4: Flash-MoE slot-bank pages touched: buffers=43 bytes=72.56 GiB
ds4: Flash-MoE slot banks allocated: layers=43 slots=256 gpu-bank=72.6GB Dense: 8.2GB Context: 2.2GB Total <<<< 83.0GB >>>>
ds4: Flash-MoE slot bank layout: mixed expert-major
ds4: warning: very large Flash-MoE slot bank can collapse decode throughput (slots=256, gpu-bank=72.56 GiB). The wired bank competes with the OS file cache that serves decode-miss reads of the sidecar; when the sidecar is larger than RAM, smaller banks decode faster. Compare --moe-slot-bank 32/48/64 or use --ssd-cache auto.
ds4: prefill compute: routed experts = GPU fp32 | dense proj = Q8 direct-RHS NAX; K-quant dense = fused mul_mm_id batch
ds4: prefill I/O: io-split=4 async-pread=off pread-threads=4 readahead=12 bank-prefetch=0 slot-cache-topk=0 xlayer=auto<=6k-tok topk=128
ds4: decode  I/O: io-split=4 router-prefetch=off scratch-prefetch=off max-loads=0 layer-stride=1 miss-direct-slot-pread=on prefetch-direct-slot-pread=off did-modify=on shared-down=on reset-after-prefill=off realloc-after-prefill=off restore-after-prefill=off resident=slot-bank slots=256
ds4: Flash-MoE banked kernels using M5 simdgroup_matrix fast path (prefetch=3, banks=4)
ds4: session startup timing: total=22.570s raw-graph=0.005s flash-moe=22.564s steering=0.000s draft-scratch=yes
processing 53 input tokens: 0/53 (0.0%) batch=0.00 t/s avg=0.00 t/s
processing 53 input tokens: 1/53 (1.9%) batch=0.61 t/s avg=0.61 t/s
processing 53 input tokens: 2/53 (3.8%) batch=4.98 t/s avg=1.09 t/s
processing 53 input tokens: 3/53 (5.7%) batch=4.95 t/s avg=1.47 t/s
processing 53 input tokens: 4/53 (7.5%) batch=8.88 t/s avg=1.86 t/s
processing 53 input tokens: 6/53 (11.3%) batch=18.68 t/s avg=2.66 t/s
processing 53 input tokens: 7/53 (13.2%) batch=9.25 t/s avg=2.96 t/s
processing 53 input tokens: 8/53 (15.1%) batch=8.90 t/s avg=3.23 t/s
processing 53 input tokens: 9/53 (17.0%) batch=9.22 t/s avg=3.48 t/s
processing 53 input tokens: 11/53 (20.8%) batch=19.64 t/s avg=4.09 t/s
processing 53 input tokens: 12/53 (22.6%) batch=8.16 t/s avg=4.27 t/s
processing 53 input tokens: 13/53 (24.5%) batch=7.73 t/s avg=4.42 t/s
processing 53 input tokens: 14/53 (26.4%) batch=9.45 t/s avg=4.59 t/s
processing 53 input tokens: 16/53 (30.2%) batch=21.34 t/s avg=5.09 t/s
processing 53 input tokens: 17/53 (32.1%) batch=9.07 t/s avg=5.23 t/s
processing 53 input tokens: 18/53 (34.0%) batch=10.81 t/s avg=5.38 t/s
processing 53 input tokens: 19/53 (35.8%) batch=10.69 t/s avg=5.53 t/s
processing 53 input tokens: 20/53 (37.7%) batch=11.18 t/s avg=5.67 t/s
processing 53 input tokens: 22/53 (41.5%) batch=22.25 t/s avg=6.08 t/s
processing 53 input tokens: 23/53 (43.4%) batch=9.39 t/s avg=6.18 t/s
processing 53 input tokens: 24/53 (45.3%) batch=6.60 t/s avg=6.19 t/s
processing 53 input tokens: 25/53 (47.2%) batch=9.87 t/s avg=6.29 t/s
processing 53 input tokens: 27/53 (50.9%) batch=18.54 t/s avg=6.61 t/s
processing 53 input tokens: 28/53 (52.8%) batch=9.40 t/s avg=6.68 t/s
processing 53 input tokens: 29/53 (54.7%) batch=10.19 t/s avg=6.76 t/s
processing 53 input tokens: 30/53 (56.6%) batch=11.86 t/s avg=6.86 t/s
processing 53 input tokens: 32/53 (60.4%) batch=22.98 t/s avg=7.17 t/s
processing 53 input tokens: 33/53 (62.3%) batch=11.78 t/s avg=7.26 t/s
processing 53 input tokens: 34/53 (64.2%) batch=10.28 t/s avg=7.32 t/s
processing 53 input tokens: 35/53 (66.0%) batch=9.76 t/s avg=7.38 t/s
processing 53 input tokens: 36/53 (67.9%) batch=10.94 t/s avg=7.44 t/s
processing 53 input tokens: 38/53 (71.7%) batch=19.98 t/s avg=7.70 t/s
processing 53 input tokens: 39/53 (73.6%) batch=9.72 t/s avg=7.74 t/s
processing 53 input tokens: 40/53 (75.5%) batch=12.09 t/s avg=7.81 t/s
processing 53 input tokens: 41/53 (77.4%) batch=9.67 t/s avg=7.85 t/s
processing 53 input tokens: 43/53 (81.1%) batch=18.44 t/s avg=8.06 t/s
processing 53 input tokens: 44/53 (83.0%) batch=7.24 t/s avg=8.04 t/s
processing 53 input tokens: 45/53 (84.9%) batch=10.10 t/s avg=8.08 t/s
processing 53 input tokens: 46/53 (86.8%) batch=8.29 t/s avg=8.08 t/s
processing 53 input tokens: 48/53 (90.6%) batch=19.31 t/s avg=8.28 t/s
processing 53 input tokens: 49/53 (92.5%) batch=8.06 t/s avg=8.28 t/s
processing 53 input tokens: 50/53 (94.3%) batch=11.31 t/s avg=8.32 t/s
processing 53 input tokens: 51/53 (96.2%) batch=7.80 t/s avg=8.31 t/s
processing 53 input tokens: 53/53 (100.0%) batch=16.74 t/s avg=8.47 t/s
ds4: dspark draft FP8 rows5 kernel enabled
ds4: dspark draft FP8 strided rows5 kernel enabled
ds4: [mxfp4-native] two-dispatch plane decode arm engaged (dspark-strided, experts=6)
ds4: Flash-MoE mixed resident bank using fused GPU-selected decode path (slot id == expert id)
ds4: dspark force-target-first enabled (drafts[0]=target argmax, Markov re-chained; byte-exact)
ds4: dspark verifier strict_v1 active=3 prefixN=1
ds4: dspark verifier Q8 rows5 shared-exact kernel enabled
ds4: dspark verifier microbatch KV FP8/raw-store rows enabled
ds4: dspark hybrid FFN-pre verifier using exact F16 rows path
ds4: dspark hybrid row-router verifier using exact F16 logits rows path
ds4: dspark hybrid row-router verifier using exact selector rows path
ds4: dspark row-routed direct Q2 down ordered-sum enabled
ds4: dspark hybrid row-routed verifier using row-exact tiny batch path
ds4: dspark hybrid shared verifier using exact fused rows path
ds4: dspark hybrid shared verifier using exact shared-down+HC rows path
ds4: dspark hybrid attention verifier using exact F16 compressor rows path
ds4: dspark hybrid attention verifier using exact F16 indexer-compressor rows path
ds4: dspark hybrid verifier deferring plain attention heads to batch call
ds4: dspark hybrid verifier using rows-exact flash attention heads
ds4: dspark verifier using experimental varmap rows5 attention kernel
ds4: ----------------------------------------
ds4: prefill: 8.24 t/s, generation: 40.43 t/s (1200 tokens in 29.679s)
ds4: ttf: first-output=30.499s total=60.067s (engine=1.359s session=22.570s prompt=0.000s prefill=6.435s decode=29.679s)
ds4: dspark perf: draft=418.9 tok/s, verify=58.9 proposed tok/s, verify-accepted=48.2 tok/s, block=85.85 ms (draft=10.35 verify=73.62 overhead=1.88 commit=1.42, tau=3.55, blocks=264, skip-pre=0, skip-verify=0)
ds4: dspark verify GPU-busy: 70.42 ms/block of 73.62 ms verify (95.7% active, 4.3% idle)
ds4: dspark draft-overlap upper-bound: 47.0 tok/s (1.14x block decode, hides 10.35 ms/block)
ds4: vm pressure: app=84.81 GiB resident=29.53 GiB wired=96.97 GiB compressed=1.28 GiB logical=2.79 GiB swap=6.76/8.00 GiB pressure=87% free=0.16 GiB gpu=84.71 GiB gpu-compressed=0.00 GiB task-compressed=61.25 GiB decompressions=6333534
ds4: dspark acceptance: 81.7% (936/1145 draft tokens)
ds4: dspark acceptance by position: 1=264/264 2=214/244 3=186/233 4=149/209 5=123/195
ds4: dspark conditional acceptance: 1=100.0% (264/264) 2|1=87.7% (214/244) 3|1-2=90.7% (186/205) 4|1-3=88.7% (149/168) 5|1-4=88.5% (123/139)
ds4: dspark full-accept: 68.2% (180/264 blocks), first-miss: 0.0% (0/264 blocks)
ds4: dspark avg scheduled: 4.34 draft tokens/block (264 blocks)
