ds4: warning: raw KV cap limits Metal prefill chunk (prefill_chunk=12000, raw_kv_rows=8704, raw_window=128, effective_chunk=8576; target raw cap for one chunk is 12288, also requires ctx >= that value)
ds4: context buffers 1163.46 MiB (ctx=12000, backend=metal, prefill_chunk=12000, raw_kv_rows=8704, compressed_kv_rows=3002)
ds4: Metal device Apple M5 Max, 128.00 GiB RAM
ds4: Metal lazy model views enabled (range 5.09..82702.74 MiB); model tensors will be wrapped per command batch
ds4: Metal mapped mmaped model as 0 overlapping shared buffers
ds4: metal backend initialized for graph diagnostics
ds4: prefill routed-MoE (requested): ANE hot + overlapped per-expert GPU gather/scatter cold  [per-token table path]
ds4: prefill quant scales (ANE env first): w_qscale=512 x_qscale=32 mid_qscale=32 w_scale=0.00195312 x_scale=0.03125 mid_scale=0.03125
ds4: prefill ANE (requested): dual-cluster=off workers=1 multi-active=on tiled-fused=on queue=8 refs=32..1024 batch=256 call_max_refs=256
ds4: prefill ctx-grow: on, block=2048 tokens
ds4: prefill chunk cap: 16384, graph_raw_cap=8704
ds4: using GPU graph generation with layer-major graph prefill
ds4: ANE i8w-i8x-tiled-fused cached async prefill B=256 H=4096 I=2048 w_scale=0.00195312 x_scale=0.03125 mid_scale=0.03125
ds4: resident routed MoE using ANE/GPU DeDup prefill (ANE refs >= 32, cold tail: classic GPU gather/scatter overlapped)
ds4: resident MPP/NAX prefill layer=0 mpp_groups=0 mpp_refs=0 fallback_groups=0 fallback_refs=0 ane_groups=256 ane_refs=63150 ane_min_refs=32 ane_max_refs=1024 ane_start_failures=0 ane_scatter_failures=0 cold_tail=gather_scatter_gpu_overlap
ds4: resident MPP/NAX prefill layer=1 mpp_groups=0 mpp_refs=0 fallback_groups=0 fallback_refs=0 ane_groups=256 ane_refs=63150 ane_min_refs=32 ane_max_refs=1024 ane_start_failures=0 ane_scatter_failures=0 cold_tail=gather_scatter_gpu_overlap
ds4: ANE prefill stats calls=512 ok=512 skipped_big_refs=0 compile_attempts=1 compile_failures=0 eval_calls=732 eval_failures=0 write_failures=0 reopen_failures=0
ds4: ANE prefill timing dequant=3.063 ms input=0.115 ms ane_eval=4563.039 ms ane_eval_a=4563.039 ms ane_eval_b=0.000 ms ane_eval_c=0.000 ms ane_eval_d=0.000 ms ane_wall_est=4563.039 ms writeback=2.736 ms helper_avg=6.233660 ms ane_calls=732 ane_call_avg=6.233660 ms
ds4: ANE prefill timing2 output_pack=2.631 ms measured_total=4571.584 ms
ds4: ANE prefill timing3 dequant_wait=1041.025 ms post_wait=0.000 ms x_zero=5.400 ms x_copy=11.795 ms out_zero=24.944 ms out_f16_copy=24.896 ms output_convert=2.631 ms output_gpu_encode=2.631 ms output_chunks=512 output_elems=517324800 output_convert_rate=196.627 Gelem/s
ds4: ANE prefill timing4 wait_predict=0.000 ms finish_join_ane=880.692 ms finish_join_post=0.000 ms wait_predict_calls=0 finish_calls=512
ds4: ANE prefill chunks refs=126300 padded_refs=187392 pad_util=67.40% le16=34 le64=76 le128=113 full=223
ds4: ANE prefill batch_hist B256=732 refs=126300 util=67.4%
