ds4: warning: raw KV cap limits Metal prefill chunk (prefill_chunk=10000, raw_kv_rows=8704, raw_window=128, effective_chunk=8576; target raw cap for one chunk is 10240, also requires ctx >= that value)
ds4: context buffers 1053.29 MiB (ctx=10000, backend=metal, prefill_chunk=10000, raw_kv_rows=8704, compressed_kv_rows=2502)
ds4: Flash-MoE sidecar loaded: /Users/anemll/Models/flash/dsv4-iq2xxs-expert-major (slot-bank=99, expert-record 6.75 MiB)
ds4: Metal device Apple M5 Max, 128.00 GiB RAM
ds4: Flash-MoE using mmap-backed dense/shared weights without full-model Metal residency warmup
ds4: Metal model views created in 0.325 ms, residency requested in 0.001 ms, warmup 0.000 ms (mapped 8393.67 MiB from offset 5.06 MiB)
ds4: Metal mapped mmaped model as 1 overlapping shared buffers
ds4: metal backend initialized for graph diagnostics
ds4: prefill routed-MoE (requested): mul_mm_id (grouped GPU / ALU)  [grouped path]
ds4: prefill quant scales (ANE env first): w_qscale=512 x_qscale=32 mid_qscale=32 w_scale=0.00195312 x_scale=0.03125 mid_scale=0.03125
ds4: prefill ctx-grow: on, block=2048 tokens
ds4: prefill chunk cap: 16384, graph_raw_cap=8704
ds4: Flash-MoE slot banks allocated: layers=43 slots=99 gpu-bank=28734.75 MiB
ds4: prefill compute: routed experts = ANE i8i8 (W8A8) | dense proj = fp16-NAX (half x half)
ds4: prefill I/O: io-split=4 async-pread=on pread-threads=4 readahead=12 bank-prefetch=3 xlayer=auto<=6k-tok topk=49
ds4: decode  I/O: io-split=4 temporal-prefetch=on slots=99
ds4: Flash-MoE banked kernels using M5 simdgroup_matrix fast path (prefetch=3, banks=4)
ds4: WARNING: prefill chunk 10000 clamped to 8576 by raw-KV cap (raw_cap=8704, window=128). Set DS4_METAL_GRAPH_RAW_CAP >= 10128 (window + chunk) — or unset it to auto-size — to honor the chunk.
ds4: prefill chunk cap EFFECTIVE=8576 tokens (DS4_METAL_PREFILL_CHUNK=16384), CLAMPED by raw-KV-cap (ctx-grow) (resident-NAX tiles this by scratch_cap; that tile gates the sync bridge)
ds4: ANE i8w-i8x-tiled-fused cached async prefill B=256 H=4096 I=2048 w_scale=0.00195312 x_scale=0.03125 mid_scale=0.03125
ds4: Flash-MoE prefill layer=0 tokens=8423 unique=256 refs=50538 sync=14.363 ms plan=0.570 ms stage/compute=298.465 ms misses=256
ds4: Flash-MoE hybrid prefill layer=0 ane_groups=40 ane_refs=13498 gpu_i8_groups=0 gpu_i8_refs=0 fp32_groups=0 ane_min_refs=256 concurrent=1 ane_pipeline=1 output_queue=4 async_ane=40 gpu_overlap=216 finishes=40 waits=80
ds4: Flash-MoE overlap plan layer=0 exec_groups=256 planned_ane_groups=40 planned_ane_refs=13498 planned_gpu_groups=216 planned_gpu_refs=37040 tail_gpu_groups=0 tail_gpu_refs=0 planned_ssd_groups=256 est_gpu=50864.0 est_ane=6609.5 est_idle=87.01% wall=290.416 ms actual_ane_groups=40 actual_ane_refs=13498 actual_gpu_groups=0 actual_gpu_refs=0 finishes=40 waits=80 overlap_gpu_groups=216
ds4: Flash-MoE prefill layer=1 tokens=8423 unique=256 refs=50538 sync=6.734 ms plan=0.337 ms stage/compute=275.655 ms misses=256
ds4: Flash-MoE hybrid prefill layer=1 ane_groups=40 ane_refs=13899 gpu_i8_groups=0 gpu_i8_refs=0 fp32_groups=0 ane_min_refs=256 concurrent=1 ane_pipeline=1 output_queue=4 async_ane=40 gpu_overlap=216 finishes=40 waits=80
ds4: Flash-MoE overlap plan layer=1 exec_groups=256 planned_ane_groups=40 planned_ane_refs=13899 planned_gpu_groups=216 planned_gpu_refs=36639 tail_gpu_groups=0 tail_gpu_refs=0 planned_ssd_groups=256 est_gpu=50463.0 est_ane=6612.0 est_idle=86.90% wall=274.266 ms actual_ane_groups=40 actual_ane_refs=13899 actual_gpu_groups=0 actual_gpu_refs=0 finishes=40 waits=80 overlap_gpu_groups=216
ds4: Flash-MoE prefill layer=2 tokens=8423 unique=256 refs=50538 sync=6.723 ms plan=0.395 ms stage/compute=275.076 ms misses=256
ds4: Flash-MoE hybrid prefill layer=2 ane_groups=44 ane_refs=15144 gpu_i8_groups=0 gpu_i8_refs=0 fp32_groups=0 ane_min_refs=256 concurrent=1 ane_pipeline=1 output_queue=4 async_ane=44 gpu_overlap=212 finishes=44 waits=88
ds4: Flash-MoE overlap plan layer=2 exec_groups=256 planned_ane_groups=44 planned_ane_refs=15144 planned_gpu_groups=212 planned_gpu_refs=35394 tail_gpu_groups=0 tail_gpu_refs=0 planned_ssd_groups=256 est_gpu=48962.0 est_ane=7272.7 est_idle=85.15% wall=273.620 ms actual_ane_groups=44 actual_ane_refs=15144 actual_gpu_groups=0 actual_gpu_refs=0 finishes=44 waits=88 overlap_gpu_groups=212
ds4: Flash-MoE prefill layer=3 tokens=8423 unique=247 refs=50538 sync=7.699 ms plan=0.326 ms stage/compute=281.203 ms misses=247
ds4: Flash-MoE hybrid prefill layer=3 ane_groups=52 ane_refs=26041 gpu_i8_groups=0 gpu_i8_refs=0 fp32_groups=0 ane_min_refs=256 concurrent=1 ane_pipeline=1 output_queue=4 async_ane=52 gpu_overlap=195 finishes=52 waits=104
ds4: Flash-MoE overlap plan layer=3 exec_groups=247 planned_ane_groups=52 planned_ane_refs=26041 planned_gpu_groups=195 planned_gpu_refs=24497 tail_gpu_groups=0 tail_gpu_refs=0 planned_ssd_groups=247 est_gpu=36977.0 est_ane=8676.8 est_idle=76.53% wall=279.885 ms actual_ane_groups=52 actual_ane_refs=26041 actual_gpu_groups=0 actual_gpu_refs=0 finishes=52 waits=104 overlap_gpu_groups=195
ds4: Flash-MoE prefill layer=4 tokens=8423 unique=243 refs=50538 sync=7.226 ms plan=0.367 ms stage/compute=272.852 ms misses=243
ds4: Flash-MoE hybrid prefill layer=4 ane_groups=44 ane_refs=27181 gpu_i8_groups=0 gpu_i8_refs=0 fp32_groups=0 ane_min_refs=256 concurrent=1 ane_pipeline=1 output_queue=4 async_ane=44 gpu_overlap=199 finishes=44 waits=88
ds4: Flash-MoE overlap plan layer=4 exec_groups=243 planned_ane_groups=44 planned_ane_refs=27181 planned_gpu_groups=199 planned_gpu_refs=23357 tail_gpu_groups=0 tail_gpu_refs=0 planned_ssd_groups=243 est_gpu=36093.0 est_ane=7381.3 est_idle=79.55% wall=271.413 ms actual_ane_groups=44 actual_ane_refs=27181 actual_gpu_groups=0 actual_gpu_refs=0 finishes=44 waits=88 overlap_gpu_groups=199
ds4: Flash-MoE prefill layer=5 tokens=8423 unique=250 refs=50538 sync=7.250 ms plan=0.346 ms stage/compute=281.554 ms misses=250
ds4: Flash-MoE hybrid prefill layer=5 ane_groups=45 ane_refs=25928 gpu_i8_groups=0 gpu_i8_refs=0 fp32_groups=0 ane_min_refs=256 concurrent=1 ane_pipeline=1 output_queue=4 async_ane=45 gpu_overlap=205 finishes=45 waits=90
ds4: Flash-MoE overlap plan layer=5 exec_groups=250 planned_ane_groups=45 planned_ane_refs=25928 planned_gpu_groups=205 planned_gpu_refs=24610 tail_gpu_groups=0 tail_gpu_refs=0 planned_ssd_groups=250 est_gpu=37730.0 est_ane=7528.4 est_idle=80.05% wall=280.238 ms actual_ane_groups=45 actual_ane_refs=25928 actual_gpu_groups=0 actual_gpu_refs=0 finishes=45 waits=90 overlap_gpu_groups=205
ds4: Flash-MoE prefill layer=6 tokens=8423 unique=248 refs=50538 sync=7.220 ms plan=0.361 ms stage/compute=275.825 ms misses=248
ds4: Flash-MoE hybrid prefill layer=6 ane_groups=44 ane_refs=26087 gpu_i8_groups=0 gpu_i8_refs=0 fp32_groups=0 ane_min_refs=256 concurrent=1 ane_pipeline=1 output_queue=4 async_ane=44 gpu_overlap=204 finishes=44 waits=88
ds4: Flash-MoE overlap plan layer=6 exec_groups=248 planned_ane_groups=44 planned_ane_refs=26087 planned_gpu_groups=204 planned_gpu_refs=24451 tail_gpu_groups=0 tail_gpu_refs=0 planned_ssd_groups=248 est_gpu=37507.0 est_ane=7363.2 est_idle=80.37% wall=274.467 ms actual_ane_groups=44 actual_ane_refs=26087 actual_gpu_groups=0 actual_gpu_refs=0 finishes=44 waits=88 overlap_gpu_groups=204
ds4: Flash-MoE prefill layer=7 tokens=8423 unique=249 refs=50538 sync=7.225 ms plan=0.361 ms stage/compute=292.157 ms misses=249
ds4: Flash-MoE hybrid prefill layer=7 ane_groups=37 ane_refs=28301 gpu_i8_groups=0 gpu_i8_refs=0 fp32_groups=0 ane_min_refs=256 concurrent=1 ane_pipeline=1 output_queue=4 async_ane=37 gpu_overlap=212 finishes=37 waits=74
ds4: Flash-MoE overlap plan layer=7 exec_groups=249 planned_ane_groups=37 planned_ane_refs=28301 planned_gpu_groups=212 planned_gpu_refs=22237 tail_gpu_groups=0 tail_gpu_refs=0 planned_ssd_groups=249 est_gpu=35805.0 est_ane=6261.3 est_idle=82.51% wall=290.720 ms actual_ane_groups=37 actual_ane_refs=28301 actual_gpu_groups=0 actual_gpu_refs=0 finishes=37 waits=74 overlap_gpu_groups=212
ds4: Flash-MoE prefill layer=8 tokens=8423 unique=242 refs=50538 sync=7.235 ms plan=0.374 ms stage/compute=285.748 ms misses=242
ds4: Flash-MoE hybrid prefill layer=8 ane_groups=37 ane_refs=29574 gpu_i8_groups=0 gpu_i8_refs=0 fp32_groups=0 ane_min_refs=256 concurrent=1 ane_pipeline=1 output_queue=4 async_ane=37 gpu_overlap=205 finishes=37 waits=74
ds4: Flash-MoE overlap plan layer=8 exec_groups=242 planned_ane_groups=37 planned_ane_refs=29574 planned_gpu_groups=205 planned_gpu_refs=20964 tail_gpu_groups=0 tail_gpu_refs=0 planned_ssd_groups=242 est_gpu=34084.0 est_ane=6274.3 est_idle=81.59% wall=284.450 ms actual_ane_groups=37 actual_ane_refs=29574 actual_gpu_groups=0 actual_gpu_refs=0 finishes=37 waits=74 overlap_gpu_groups=205
ds4: Flash-MoE prefill layer=9 tokens=8423 unique=248 refs=50538 sync=7.221 ms plan=0.336 ms stage/compute=276.254 ms misses=248
ds4: Flash-MoE hybrid prefill layer=9 ane_groups=46 ane_refs=25461 gpu_i8_groups=0 gpu_i8_refs=0 fp32_groups=0 ane_min_refs=256 concurrent=1 ane_pipeline=1 output_queue=4 async_ane=46 gpu_overlap=202 finishes=46 waits=92
ds4: Flash-MoE overlap plan layer=9 exec_groups=248 planned_ane_groups=46 planned_ane_refs=25461 planned_gpu_groups=202 planned_gpu_refs=25077 tail_gpu_groups=0 tail_gpu_refs=0 planned_ssd_groups=248 est_gpu=38005.0 est_ane=7683.2 est_idle=79.78% wall=274.884 ms actual_ane_groups=46 actual_ane_refs=25461 actual_gpu_groups=0 actual_gpu_refs=0 finishes=46 waits=92 overlap_gpu_groups=202
ds4: Flash-MoE prefill layer=10 tokens=8423 unique=240 refs=50538 sync=7.281 ms plan=0.409 ms stage/compute=270.669 ms misses=240
ds4: Flash-MoE hybrid prefill layer=10 ane_groups=50 ane_refs=28698 gpu_i8_groups=0 gpu_i8_refs=0 fp32_groups=0 ane_min_refs=256 concurrent=1 ane_pipeline=1 output_queue=4 async_ane=50 gpu_overlap=190 finishes=50 waits=100
ds4: Flash-MoE overlap plan layer=10 exec_groups=240 planned_ane_groups=50 planned_ane_refs=28698 planned_gpu_groups=190 planned_gpu_refs=21840 tail_gpu_groups=0 tail_gpu_refs=0 planned_ssd_groups=240 est_gpu=34000.0 est_ane=8374.9 est_idle=75.37% wall=269.381 ms actual_ane_groups=50 actual_ane_refs=28698 actual_gpu_groups=0 actual_gpu_refs=0 finishes=50 waits=100 overlap_gpu_groups=190
ds4: Flash-MoE prefill layer=11 tokens=8423 unique=248 refs=50538 sync=7.265 ms plan=0.345 ms stage/compute=274.619 ms misses=248
ds4: Flash-MoE hybrid prefill layer=11 ane_groups=48 ane_refs=28104 gpu_i8_groups=0 gpu_i8_refs=0 fp32_groups=0 ane_min_refs=256 concurrent=1 ane_pipeline=1 output_queue=4 async_ane=48 gpu_overlap=200 finishes=48 waits=96
ds4: Flash-MoE overlap plan layer=11 exec_groups=248 planned_ane_groups=48 planned_ane_refs=28104 planned_gpu_groups=200 planned_gpu_refs=22434 tail_gpu_groups=0 tail_gpu_refs=0 planned_ssd_groups=248 est_gpu=35234.0 est_ane=8039.4 est_idle=77.18% wall=273.291 ms actual_ane_groups=48 actual_ane_refs=28104 actual_gpu_groups=0 actual_gpu_refs=0 finishes=48 waits=96 overlap_gpu_groups=200
ds4: Flash-MoE prefill layer=12 tokens=8423 unique=235 refs=50538 sync=7.314 ms plan=0.323 ms stage/compute=256.593 ms misses=235
ds4: Flash-MoE hybrid prefill layer=12 ane_groups=51 ane_refs=31323 gpu_i8_groups=0 gpu_i8_refs=0 fp32_groups=0 ane_min_refs=256 concurrent=1 ane_pipeline=1 output_queue=4 async_ane=51 gpu_overlap=184 finishes=51 waits=102
ds4: Flash-MoE overlap plan layer=12 exec_groups=235 planned_ane_groups=51 planned_ane_refs=31323 planned_gpu_groups=184 planned_gpu_refs=19215 tail_gpu_groups=0 tail_gpu_refs=0 planned_ssd_groups=235 est_gpu=30991.0 est_ane=8545.3 est_idle=72.43% wall=255.264 ms actual_ane_groups=51 actual_ane_refs=31323 actual_gpu_groups=0 actual_gpu_refs=0 finishes=51 waits=102 overlap_gpu_groups=184
ds4: Flash-MoE prefill layer=13 tokens=8423 unique=240 refs=50538 sync=7.194 ms plan=0.360 ms stage/compute=272.416 ms misses=240
ds4: Flash-MoE hybrid prefill layer=13 ane_groups=42 ane_refs=31406 gpu_i8_groups=0 gpu_i8_refs=0 fp32_groups=0 ane_min_refs=256 concurrent=1 ane_pipeline=1 output_queue=4 async_ane=42 gpu_overlap=198 finishes=42 waits=84
ds4: Flash-MoE overlap plan layer=13 exec_groups=240 planned_ane_groups=42 planned_ane_refs=31406 planned_gpu_groups=198 planned_gpu_refs=19132 tail_gpu_groups=0 tail_gpu_refs=0 planned_ssd_groups=240 est_gpu=31804.0 est_ane=7097.5 est_idle=77.68% wall=271.046 ms actual_ane_groups=42 actual_ane_refs=31406 actual_gpu_groups=0 actual_gpu_refs=0 finishes=42 waits=84 overlap_gpu_groups=198
ds4: Flash-MoE prefill layer=14 tokens=8423 unique=235 refs=50538 sync=7.224 ms plan=0.412 ms stage/compute=276.371 ms misses=235
ds4: Flash-MoE hybrid prefill layer=14 ane_groups=40 ane_refs=32386 gpu_i8_groups=0 gpu_i8_refs=0 fp32_groups=0 ane_min_refs=256 concurrent=1 ane_pipeline=1 output_queue=4 async_ane=40 gpu_overlap=195 finishes=40 waits=80
ds4: Flash-MoE overlap plan layer=14 exec_groups=235 planned_ane_groups=40 planned_ane_refs=32386 planned_gpu_groups=195 planned_gpu_refs=18152 tail_gpu_groups=0 tail_gpu_refs=0 planned_ssd_groups=235 est_gpu=30632.0 est_ane=6785.3 est_idle=77.85% wall=275.060 ms actual_ane_groups=40 actual_ane_refs=32386 actual_gpu_groups=0 actual_gpu_refs=0 finishes=40 waits=80 overlap_gpu_groups=195
ds4: Flash-MoE prefill layer=15 tokens=8423 unique=228 refs=50538 sync=7.204 ms plan=0.387 ms stage/compute=267.013 ms misses=228
ds4: Flash-MoE hybrid prefill layer=15 ane_groups=41 ane_refs=34524 gpu_i8_groups=0 gpu_i8_refs=0 fp32_groups=0 ane_min_refs=256 concurrent=1 ane_pipeline=1 output_queue=4 async_ane=41 gpu_overlap=187 finishes=41 waits=82
ds4: Flash-MoE overlap plan layer=15 exec_groups=228 planned_ane_groups=41 planned_ane_refs=34524 planned_gpu_groups=187 planned_gpu_refs=16014 tail_gpu_groups=0 tail_gpu_refs=0 planned_ssd_groups=228 est_gpu=27982.0 est_ane=6963.4 est_idle=75.11% wall=265.686 ms actual_ane_groups=41 actual_ane_refs=34524 actual_gpu_groups=0 actual_gpu_refs=0 finishes=41 waits=82 overlap_gpu_groups=187
ds4: Flash-MoE prefill layer=16 tokens=8423 unique=226 refs=50538 sync=7.238 ms plan=0.351 ms stage/compute=262.894 ms misses=226
ds4: Flash-MoE hybrid prefill layer=16 ane_groups=43 ane_refs=32376 gpu_i8_groups=0 gpu_i8_refs=0 fp32_groups=0 ane_min_refs=256 concurrent=1 ane_pipeline=1 output_queue=4 async_ane=43 gpu_overlap=183 finishes=43 waits=86
ds4: Flash-MoE overlap plan layer=16 exec_groups=226 planned_ane_groups=43 planned_ane_refs=32376 planned_gpu_groups=183 planned_gpu_refs=18162 tail_gpu_groups=0 tail_gpu_refs=0 planned_ssd_groups=226 est_gpu=29874.0 est_ane=7265.3 est_idle=75.68% wall=261.604 ms actual_ane_groups=43 actual_ane_refs=32376 actual_gpu_groups=0 actual_gpu_refs=0 finishes=43 waits=86 overlap_gpu_groups=183
ds4: Flash-MoE prefill layer=17 tokens=8423 unique=229 refs=50538 sync=7.248 ms plan=0.333 ms stage/compute=273.359 ms misses=229
ds4: Flash-MoE hybrid prefill layer=17 ane_groups=47 ane_refs=34061 gpu_i8_groups=0 gpu_i8_refs=0 fp32_groups=0 ane_min_refs=256 concurrent=1 ane_pipeline=1 output_queue=4 async_ane=47 gpu_overlap=182 finishes=47 waits=94
ds4: Flash-MoE overlap plan layer=17 exec_groups=229 planned_ane_groups=47 planned_ane_refs=34061 planned_gpu_groups=182 planned_gpu_refs=16477 tail_gpu_groups=0 tail_gpu_refs=0 planned_ssd_groups=229 est_gpu=28125.0 est_ane=7926.0 est_idle=71.82% wall=271.986 ms actual_ane_groups=47 actual_ane_refs=34061 actual_gpu_groups=0 actual_gpu_refs=0 finishes=47 waits=94 overlap_gpu_groups=182
ds4: Flash-MoE prefill layer=18 tokens=8423 unique=228 refs=50538 sync=7.241 ms plan=0.331 ms stage/compute=264.561 ms misses=228
ds4: Flash-MoE hybrid prefill layer=18 ane_groups=43 ane_refs=33219 gpu_i8_groups=0 gpu_i8_refs=0 fp32_groups=0 ane_min_refs=256 concurrent=1 ane_pipeline=1 output_queue=4 async_ane=43 gpu_overlap=185 finishes=43 waits=86
ds4: Flash-MoE overlap plan layer=18 exec_groups=228 planned_ane_groups=43 planned_ane_refs=33219 planned_gpu_groups=185 planned_gpu_refs=17319 tail_gpu_groups=0 tail_gpu_refs=0 planned_ssd_groups=228 est_gpu=29159.0 est_ane=7275.6 est_idle=75.05% wall=263.295 ms actual_ane_groups=43 actual_ane_refs=33219 actual_gpu_groups=0 actual_gpu_refs=0 finishes=43 waits=86 overlap_gpu_groups=185
ds4: Flash-MoE prefill layer=19 tokens=8423 unique=238 refs=50538 sync=7.283 ms plan=0.345 ms stage/compute=260.387 ms misses=238
ds4: Flash-MoE hybrid prefill layer=19 ane_groups=50 ane_refs=26437 gpu_i8_groups=0 gpu_i8_refs=0 fp32_groups=0 ane_min_refs=256 concurrent=1 ane_pipeline=1 output_queue=4 async_ane=50 gpu_overlap=188 finishes=50 waits=100
ds4: Flash-MoE overlap plan layer=19 exec_groups=238 planned_ane_groups=50 planned_ane_refs=26437 planned_gpu_groups=188 planned_gpu_refs=24101 tail_gpu_groups=0 tail_gpu_refs=0 planned_ssd_groups=238 est_gpu=36133.0 est_ane=8341.3 est_idle=76.91% wall=259.017 ms actual_ane_groups=50 actual_ane_refs=26437 actual_gpu_groups=0 actual_gpu_refs=0 finishes=50 waits=100 overlap_gpu_groups=188
ds4: Flash-MoE prefill layer=20 tokens=8423 unique=228 refs=50538 sync=7.249 ms plan=0.361 ms stage/compute=277.769 ms misses=228
ds4: Flash-MoE hybrid prefill layer=20 ane_groups=42 ane_refs=34615 gpu_i8_groups=0 gpu_i8_refs=0 fp32_groups=0 ane_min_refs=256 concurrent=1 ane_pipeline=1 output_queue=4 async_ane=42 gpu_overlap=186 finishes=42 waits=84
ds4: Flash-MoE overlap plan layer=20 exec_groups=228 planned_ane_groups=42 planned_ane_refs=34615 planned_gpu_groups=186 planned_gpu_refs=15923 tail_gpu_groups=0 tail_gpu_refs=0 planned_ssd_groups=228 est_gpu=27827.0 est_ane=7126.0 est_idle=74.39% wall=276.382 ms actual_ane_groups=42 actual_ane_refs=34615 actual_gpu_groups=0 actual_gpu_refs=0 finishes=42 waits=84 overlap_gpu_groups=186
ds4: Flash-MoE prefill layer=21 tokens=8423 unique=218 refs=50538 sync=7.305 ms plan=0.374 ms stage/compute=254.182 ms misses=218
ds4: Flash-MoE hybrid prefill layer=21 ane_groups=44 ane_refs=31443 gpu_i8_groups=0 gpu_i8_refs=0 fp32_groups=0 ane_min_refs=256 concurrent=1 ane_pipeline=1 output_queue=4 async_ane=44 gpu_overlap=174 finishes=44 waits=88
ds4: Flash-MoE overlap plan layer=21 exec_groups=218 planned_ane_groups=44 planned_ane_refs=31443 planned_gpu_groups=174 planned_gpu_refs=19095 tail_gpu_groups=0 tail_gpu_refs=0 planned_ssd_groups=218 est_gpu=30231.0 est_ane=7409.8 est_idle=75.49% wall=252.906 ms actual_ane_groups=44 actual_ane_refs=31443 actual_gpu_groups=0 actual_gpu_refs=0 finishes=44 waits=88 overlap_gpu_groups=174
ds4: Flash-MoE prefill layer=22 tokens=8423 unique=232 refs=50538 sync=7.341 ms plan=0.409 ms stage/compute=269.101 ms misses=232
ds4: Flash-MoE hybrid prefill layer=22 ane_groups=44 ane_refs=32662 gpu_i8_groups=0 gpu_i8_refs=0 fp32_groups=0 ane_min_refs=256 concurrent=1 ane_pipeline=1 output_queue=4 async_ane=44 gpu_overlap=188 finishes=44 waits=88
ds4: Flash-MoE overlap plan layer=22 exec_groups=232 planned_ane_groups=44 planned_ane_refs=32662 planned_gpu_groups=188 planned_gpu_refs=17876 tail_gpu_groups=0 tail_gpu_refs=0 planned_ssd_groups=232 est_gpu=29908.0 est_ane=7433.1 est_idle=75.15% wall=267.716 ms actual_ane_groups=44 actual_ane_refs=32662 actual_gpu_groups=0 actual_gpu_refs=0 finishes=44 waits=88 overlap_gpu_groups=188
ds4: Flash-MoE prefill layer=23 tokens=8423 unique=233 refs=50538 sync=7.251 ms plan=0.403 ms stage/compute=254.690 ms misses=233
ds4: Flash-MoE hybrid prefill layer=23 ane_groups=51 ane_refs=30256 gpu_i8_groups=0 gpu_i8_refs=0 fp32_groups=0 ane_min_refs=256 concurrent=1 ane_pipeline=1 output_queue=4 async_ane=51 gpu_overlap=182 finishes=51 waits=102
ds4: Flash-MoE overlap plan layer=23 exec_groups=233 planned_ane_groups=51 planned_ane_refs=30256 planned_gpu_groups=182 planned_gpu_refs=20282 tail_gpu_groups=0 tail_gpu_refs=0 planned_ssd_groups=233 est_gpu=31930.0 est_ane=8537.5 est_idle=73.26% wall=253.353 ms actual_ane_groups=51 actual_ane_refs=30256 actual_gpu_groups=0 actual_gpu_refs=0 finishes=51 waits=102 overlap_gpu_groups=182
ds4: Flash-MoE prefill layer=24 tokens=8423 unique=217 refs=50538 sync=7.474 ms plan=0.347 ms stage/compute=261.832 ms misses=217
ds4: Flash-MoE hybrid prefill layer=24 ane_groups=47 ane_refs=33644 gpu_i8_groups=0 gpu_i8_refs=0 fp32_groups=0 ane_min_refs=256 concurrent=1 ane_pipeline=1 output_queue=4 async_ane=47 gpu_overlap=170 finishes=47 waits=94
ds4: Flash-MoE overlap plan layer=24 exec_groups=217 planned_ane_groups=47 planned_ane_refs=33644 planned_gpu_groups=170 planned_gpu_refs=16894 tail_gpu_groups=0 tail_gpu_refs=0 planned_ssd_groups=217 est_gpu=27774.0 est_ane=7933.7 est_idle=71.43% wall=260.570 ms actual_ane_groups=47 actual_ane_refs=33644 actual_gpu_groups=0 actual_gpu_refs=0 finishes=47 waits=94 overlap_gpu_groups=170
ds4: Flash-MoE prefill layer=25 tokens=8423 unique=226 refs=50538 sync=7.232 ms plan=0.343 ms stage/compute=258.974 ms misses=226
ds4: Flash-MoE hybrid prefill layer=25 ane_groups=51 ane_refs=32127 gpu_i8_groups=0 gpu_i8_refs=0 fp32_groups=0 ane_min_refs=256 concurrent=1 ane_pipeline=1 output_queue=4 async_ane=51 gpu_overlap=175 finishes=51 waits=102
ds4: Flash-MoE overlap plan layer=25 exec_groups=226 planned_ane_groups=51 planned_ane_refs=32127 planned_gpu_groups=175 planned_gpu_refs=18411 tail_gpu_groups=0 tail_gpu_refs=0 planned_ssd_groups=226 est_gpu=29611.0 est_ane=8558.2 est_idle=71.10% wall=257.688 ms actual_ane_groups=51 actual_ane_refs=32127 actual_gpu_groups=0 actual_gpu_refs=0 finishes=51 waits=102 overlap_gpu_groups=175
ds4: Flash-MoE prefill layer=26 tokens=8423 unique=216 refs=50538 sync=7.283 ms plan=0.361 ms stage/compute=281.106 ms misses=216
ds4: Flash-MoE hybrid prefill layer=26 ane_groups=35 ane_refs=34669 gpu_i8_groups=0 gpu_i8_refs=0 fp32_groups=0 ane_min_refs=256 concurrent=1 ane_pipeline=1 output_queue=4 async_ane=35 gpu_overlap=181 finishes=35 waits=70
ds4: Flash-MoE overlap plan layer=26 exec_groups=216 planned_ane_groups=35 planned_ane_refs=34669 planned_gpu_groups=181 planned_gpu_refs=15869 tail_gpu_groups=0 tail_gpu_refs=0 planned_ssd_groups=216 est_gpu=27453.0 est_ane=5998.2 est_idle=78.15% wall=279.780 ms actual_ane_groups=35 actual_ane_refs=34669 actual_gpu_groups=0 actual_gpu_refs=0 finishes=35 waits=70 overlap_gpu_groups=181
ds4: Flash-MoE prefill layer=27 tokens=8423 unique=231 refs=50538 sync=7.243 ms plan=0.367 ms stage/compute=262.873 ms misses=231
ds4: Flash-MoE hybrid prefill layer=27 ane_groups=49 ane_refs=32839 gpu_i8_groups=0 gpu_i8_refs=0 fp32_groups=0 ane_min_refs=256 concurrent=1 ane_pipeline=1 output_queue=4 async_ane=49 gpu_overlap=182 finishes=49 waits=98
ds4: Flash-MoE overlap plan layer=27 exec_groups=231 planned_ane_groups=49 planned_ane_refs=32839 planned_gpu_groups=182 planned_gpu_refs=17699 tail_gpu_groups=0 tail_gpu_refs=0 planned_ssd_groups=231 est_gpu=29347.0 est_ane=8238.2 est_idle=71.93% wall=261.594 ms actual_ane_groups=49 actual_ane_refs=32839 actual_gpu_groups=0 actual_gpu_refs=0 finishes=49 waits=98 overlap_gpu_groups=182
ds4: Flash-MoE prefill layer=28 tokens=8423 unique=218 refs=50538 sync=7.442 ms plan=0.326 ms stage/compute=254.071 ms misses=218
ds4: Flash-MoE hybrid prefill layer=28 ane_groups=50 ane_refs=33146 gpu_i8_groups=0 gpu_i8_refs=0 fp32_groups=0 ane_min_refs=256 concurrent=1 ane_pipeline=1 output_queue=4 async_ane=50 gpu_overlap=168 finishes=50 waits=100
ds4: Flash-MoE overlap plan layer=28 exec_groups=218 planned_ane_groups=50 planned_ane_refs=33146 planned_gpu_groups=168 planned_gpu_refs=17392 tail_gpu_groups=0 tail_gpu_refs=0 planned_ssd_groups=218 est_gpu=28144.0 est_ane=8406.0 est_idle=70.13% wall=252.785 ms actual_ane_groups=50 actual_ane_refs=33146 actual_gpu_groups=0 actual_gpu_refs=0 finishes=50 waits=100 overlap_gpu_groups=168
ds4: Flash-MoE prefill layer=29 tokens=8423 unique=226 refs=50538 sync=7.475 ms plan=0.330 ms stage/compute=273.410 ms misses=226
ds4: Flash-MoE hybrid prefill layer=29 ane_groups=40 ane_refs=33641 gpu_i8_groups=0 gpu_i8_refs=0 fp32_groups=0 ane_min_refs=256 concurrent=1 ane_pipeline=1 output_queue=4 async_ane=40 gpu_overlap=186 finishes=40 waits=80
ds4: Flash-MoE overlap plan layer=29 exec_groups=226 planned_ane_groups=40 planned_ane_refs=33641 planned_gpu_groups=186 planned_gpu_refs=16897 tail_gpu_groups=0 tail_gpu_refs=0 planned_ssd_groups=226 est_gpu=28801.0 est_ane=6798.2 est_idle=76.40% wall=272.088 ms actual_ane_groups=40 actual_ane_refs=33641 actual_gpu_groups=0 actual_gpu_refs=0 finishes=40 waits=80 overlap_gpu_groups=186
ds4: Flash-MoE prefill layer=30 tokens=8423 unique=228 refs=50538 sync=7.333 ms plan=0.372 ms stage/compute=269.844 ms misses=228
ds4: Flash-MoE hybrid prefill layer=30 ane_groups=41 ane_refs=32100 gpu_i8_groups=0 gpu_i8_refs=0 fp32_groups=0 ane_min_refs=256 concurrent=1 ane_pipeline=1 output_queue=4 async_ane=41 gpu_overlap=187 finishes=41 waits=82
ds4: Flash-MoE overlap plan layer=30 exec_groups=228 planned_ane_groups=41 planned_ane_refs=32100 planned_gpu_groups=187 planned_gpu_refs=18438 tail_gpu_groups=0 tail_gpu_refs=0 planned_ssd_groups=228 est_gpu=30406.0 est_ane=6945.3 est_idle=77.16% wall=268.562 ms actual_ane_groups=41 actual_ane_refs=32100 actual_gpu_groups=0 actual_gpu_refs=0 finishes=41 waits=82 overlap_gpu_groups=187
ds4: Flash-MoE prefill layer=31 tokens=8423 unique=236 refs=50538 sync=7.203 ms plan=0.374 ms stage/compute=272.668 ms misses=236
ds4: Flash-MoE hybrid prefill layer=31 ane_groups=46 ane_refs=33610 gpu_i8_groups=0 gpu_i8_refs=0 fp32_groups=0 ane_min_refs=256 concurrent=1 ane_pipeline=1 output_queue=4 async_ane=46 gpu_overlap=190 finishes=46 waits=92
ds4: Flash-MoE overlap plan layer=31 exec_groups=236 planned_ane_groups=46 planned_ane_refs=33610 planned_gpu_groups=190 planned_gpu_refs=16928 tail_gpu_groups=0 tail_gpu_refs=0 planned_ssd_groups=236 est_gpu=29088.0 est_ane=7776.3 est_idle=73.27% wall=271.279 ms actual_ane_groups=46 actual_ane_refs=33610 actual_gpu_groups=0 actual_gpu_refs=0 finishes=46 waits=92 overlap_gpu_groups=190
ds4: Flash-MoE prefill layer=32 tokens=8423 unique=222 refs=50538 sync=7.486 ms plan=0.449 ms stage/compute=267.997 ms misses=222
ds4: Flash-MoE hybrid prefill layer=32 ane_groups=41 ane_refs=35134 gpu_i8_groups=0 gpu_i8_refs=0 fp32_groups=0 ane_min_refs=256 concurrent=1 ane_pipeline=1 output_queue=4 async_ane=41 gpu_overlap=181 finishes=41 waits=82
ds4: Flash-MoE overlap plan layer=32 exec_groups=222 planned_ane_groups=41 planned_ane_refs=35134 planned_gpu_groups=181 planned_gpu_refs=15404 tail_gpu_groups=0 tail_gpu_refs=0 planned_ssd_groups=222 est_gpu=26988.0 est_ane=6973.7 est_idle=74.16% wall=266.740 ms actual_ane_groups=41 actual_ane_refs=35134 actual_gpu_groups=0 actual_gpu_refs=0 finishes=41 waits=82 overlap_gpu_groups=181
ds4: Flash-MoE prefill layer=33 tokens=8423 unique=223 refs=50538 sync=7.188 ms plan=0.363 ms stage/compute=279.147 ms misses=223
ds4: Flash-MoE hybrid prefill layer=33 ane_groups=38 ane_refs=35017 gpu_i8_groups=0 gpu_i8_refs=0 fp32_groups=0 ane_min_refs=256 concurrent=1 ane_pipeline=1 output_queue=4 async_ane=38 gpu_overlap=185 finishes=38 waits=76
ds4: Flash-MoE overlap plan layer=33 exec_groups=223 planned_ane_groups=38 planned_ane_refs=35017 planned_gpu_groups=185 planned_gpu_refs=15521 tail_gpu_groups=0 tail_gpu_refs=0 planned_ssd_groups=223 est_gpu=27361.0 est_ane=6488.6 est_idle=76.29% wall=277.649 ms actual_ane_groups=38 actual_ane_refs=35017 actual_gpu_groups=0 actual_gpu_refs=0 finishes=38 waits=76 overlap_gpu_groups=185
ds4: Flash-MoE prefill layer=34 tokens=8423 unique=212 refs=50538 sync=7.419 ms plan=0.342 ms stage/compute=295.614 ms misses=212
ds4: Flash-MoE hybrid prefill layer=34 ane_groups=34 ane_refs=34994 gpu_i8_groups=0 gpu_i8_refs=0 fp32_groups=0 ane_min_refs=256 concurrent=1 ane_pipeline=1 output_queue=4 async_ane=34 gpu_overlap=178 finishes=34 waits=68
ds4: Flash-MoE overlap plan layer=34 exec_groups=212 planned_ane_groups=34 planned_ane_refs=34994 planned_gpu_groups=178 planned_gpu_refs=15544 tail_gpu_groups=0 tail_gpu_refs=0 planned_ssd_groups=212 est_gpu=26936.0 est_ane=5846.0 est_idle=78.30% wall=294.290 ms actual_ane_groups=34 actual_ane_refs=34994 actual_gpu_groups=0 actual_gpu_refs=0 finishes=34 waits=68 overlap_gpu_groups=178
ds4: Flash-MoE prefill layer=35 tokens=8423 unique=235 refs=50538 sync=7.275 ms plan=0.329 ms stage/compute=287.857 ms misses=235
ds4: Flash-MoE hybrid prefill layer=35 ane_groups=41 ane_refs=33212 gpu_i8_groups=0 gpu_i8_refs=0 fp32_groups=0 ane_min_refs=256 concurrent=1 ane_pipeline=1 output_queue=4 async_ane=41 gpu_overlap=194 finishes=41 waits=82
ds4: Flash-MoE overlap plan layer=35 exec_groups=235 planned_ane_groups=41 planned_ane_refs=33212 planned_gpu_groups=194 planned_gpu_refs=17326 tail_gpu_groups=0 tail_gpu_refs=0 planned_ssd_groups=235 est_gpu=29742.0 est_ane=6958.2 est_idle=76.60% wall=286.431 ms actual_ane_groups=41 actual_ane_refs=33212 actual_gpu_groups=0 actual_gpu_refs=0 finishes=41 waits=82 overlap_gpu_groups=194
ds4: Flash-MoE prefill layer=36 tokens=8423 unique=214 refs=50538 sync=7.384 ms plan=0.426 ms stage/compute=271.133 ms misses=214
ds4: Flash-MoE hybrid prefill layer=36 ane_groups=36 ane_refs=36234 gpu_i8_groups=0 gpu_i8_refs=0 fp32_groups=0 ane_min_refs=256 concurrent=1 ane_pipeline=1 output_queue=4 async_ane=36 gpu_overlap=178 finishes=36 waits=72
ds4: Flash-MoE overlap plan layer=36 exec_groups=214 planned_ane_groups=36 planned_ane_refs=36234 planned_gpu_groups=178 planned_gpu_refs=14304 tail_gpu_groups=0 tail_gpu_refs=0 planned_ssd_groups=214 est_gpu=25696.0 est_ane=6178.9 est_idle=75.95% wall=269.738 ms actual_ane_groups=36 actual_ane_refs=36234 actual_gpu_groups=0 actual_gpu_refs=0 finishes=36 waits=72 overlap_gpu_groups=178
ds4: Flash-MoE prefill layer=37 tokens=8423 unique=224 refs=50538 sync=7.217 ms plan=0.358 ms stage/compute=294.816 ms misses=224
ds4: Flash-MoE hybrid prefill layer=37 ane_groups=39 ane_refs=34523 gpu_i8_groups=0 gpu_i8_refs=0 fp32_groups=0 ane_min_refs=256 concurrent=1 ane_pipeline=1 output_queue=4 async_ane=39 gpu_overlap=185 finishes=39 waits=78
ds4: Flash-MoE overlap plan layer=37 exec_groups=224 planned_ane_groups=39 planned_ane_refs=34523 planned_gpu_groups=185 planned_gpu_refs=16015 tail_gpu_groups=0 tail_gpu_refs=0 planned_ssd_groups=224 est_gpu=27855.0 est_ane=6648.6 est_idle=76.13% wall=293.427 ms actual_ane_groups=39 actual_ane_refs=34523 actual_gpu_groups=0 actual_gpu_refs=0 finishes=39 waits=78 overlap_gpu_groups=185
ds4: Flash-MoE prefill layer=38 tokens=8423 unique=225 refs=50538 sync=7.381 ms plan=0.398 ms stage/compute=269.191 ms misses=225
ds4: Flash-MoE hybrid prefill layer=38 ane_groups=43 ane_refs=34532 gpu_i8_groups=0 gpu_i8_refs=0 fp32_groups=0 ane_min_refs=256 concurrent=1 ane_pipeline=1 output_queue=4 async_ane=43 gpu_overlap=182 finishes=43 waits=86
ds4: Flash-MoE overlap plan layer=38 exec_groups=225 planned_ane_groups=43 planned_ane_refs=34532 planned_gpu_groups=182 planned_gpu_refs=16006 tail_gpu_groups=0 tail_gpu_refs=0 planned_ssd_groups=225 est_gpu=27654.0 est_ane=7288.6 est_idle=73.64% wall=267.907 ms actual_ane_groups=43 actual_ane_refs=34532 actual_gpu_groups=0 actual_gpu_refs=0 finishes=43 waits=86 overlap_gpu_groups=182
ds4: Flash-MoE prefill layer=39 tokens=8423 unique=243 refs=50538 sync=7.241 ms plan=0.301 ms stage/compute=278.831 ms misses=243
ds4: Flash-MoE hybrid prefill layer=39 ane_groups=43 ane_refs=31213 gpu_i8_groups=0 gpu_i8_refs=0 fp32_groups=0 ane_min_refs=256 concurrent=1 ane_pipeline=1 output_queue=4 async_ane=43 gpu_overlap=200 finishes=43 waits=86
ds4: Flash-MoE overlap plan layer=39 exec_groups=243 planned_ane_groups=43 planned_ane_refs=31213 planned_gpu_groups=200 planned_gpu_refs=19325 tail_gpu_groups=0 tail_gpu_refs=0 planned_ssd_groups=243 est_gpu=32125.0 est_ane=7260.1 est_idle=77.40% wall=277.549 ms actual_ane_groups=43 actual_ane_refs=31213 actual_gpu_groups=0 actual_gpu_refs=0 finishes=43 waits=86 overlap_gpu_groups=200
ds4: Flash-MoE prefill layer=40 tokens=8423 unique=221 refs=50538 sync=7.409 ms plan=0.342 ms stage/compute=301.374 ms misses=221
ds4: Flash-MoE hybrid prefill layer=40 ane_groups=38 ane_refs=35543 gpu_i8_groups=0 gpu_i8_refs=0 fp32_groups=0 ane_min_refs=256 concurrent=1 ane_pipeline=1 output_queue=4 async_ane=38 gpu_overlap=183 finishes=38 waits=76
ds4: Flash-MoE overlap plan layer=40 exec_groups=221 planned_ane_groups=38 planned_ane_refs=35543 planned_gpu_groups=183 planned_gpu_refs=14995 tail_gpu_groups=0 tail_gpu_refs=0 planned_ssd_groups=221 est_gpu=26707.0 est_ane=6498.9 est_idle=75.67% wall=300.067 ms actual_ane_groups=38 actual_ane_refs=35543 actual_gpu_groups=0 actual_gpu_refs=0 finishes=38 waits=76 overlap_gpu_groups=183
ds4: Flash-MoE prefill layer=41 tokens=8423 unique=232 refs=50538 sync=7.258 ms plan=0.344 ms stage/compute=267.262 ms misses=232
ds4: Flash-MoE hybrid prefill layer=41 ane_groups=51 ane_refs=31625 gpu_i8_groups=0 gpu_i8_refs=0 fp32_groups=0 ane_min_refs=256 concurrent=1 ane_pipeline=1 output_queue=4 async_ane=51 gpu_overlap=181 finishes=51 waits=102
ds4: Flash-MoE overlap plan layer=41 exec_groups=232 planned_ane_groups=51 planned_ane_refs=31625 planned_gpu_groups=181 planned_gpu_refs=18913 tail_gpu_groups=0 tail_gpu_refs=0 planned_ssd_groups=232 est_gpu=30497.0 est_ane=8547.9 est_idle=71.97% wall=265.991 ms actual_ane_groups=51 actual_ane_refs=31625 actual_gpu_groups=0 actual_gpu_refs=0 finishes=51 waits=102 overlap_gpu_groups=181
ds4: Flash-MoE prefill layer=42 tokens=8423 unique=224 refs=50538 sync=7.378 ms plan=0.395 ms stage/compute=273.029 ms misses=224
ds4: Flash-MoE hybrid prefill layer=42 ane_groups=47 ane_refs=31315 gpu_i8_groups=0 gpu_i8_refs=0 fp32_groups=0 ane_min_refs=256 concurrent=1 ane_pipeline=1 output_queue=4 async_ane=47 gpu_overlap=177 finishes=47 waits=94
ds4: Flash-MoE overlap plan layer=42 exec_groups=224 planned_ane_groups=47 planned_ane_refs=31315 planned_gpu_groups=177 planned_gpu_refs=19223 tail_gpu_groups=0 tail_gpu_refs=0 planned_ssd_groups=224 est_gpu=30551.0 est_ane=7902.7 est_idle=74.13% wall=271.785 ms actual_ane_groups=47 actual_ane_refs=31315 actual_gpu_groups=0 actual_gpu_refs=0 finishes=47 waits=94 overlap_gpu_groups=177
ds4: metal layer-major prefill total tokens=8423 encode=12551.730 ms execute=9262.185 ms read=0.035 ms total=21813.960 ms
ds4: prefill full: 8423 tokens in 22174.1 ms (379.9 t/s)
We
ds4: ----------------------------------------
ds4: prefill: 379.83 t/s, generation: 1.46 t/s
ds4: Flash-MoE slot-bank stats hits=0 misses=10284 hit-rate=0.0% resident-slots=258/4257 (6.1%, avg=6.0/layer min=6 max=6 of 99) installed=69417.00 MiB
ds4: Flash-MoE decode prefetch calls=43 loads=258 bytes=1741.50 MiB pread=120.127 ms upload=100.143 ms overlap-flushes=43
ds4: Flash-MoE prefill dedup refs=2173134 unique=10026 saved=2163108 (99.5%) reuse=216.75x
ds4: Flash-MoE prefill stage stats calls=10026 bytes=67675.50 MiB pread=2949.107 ms upload=1269.896 ms gate=396.441 ms up=396.541 ms down=476.914 ms scatter=15.263 ms stage_rate=16040.64 MiB/s pread_rate=22947.79 MiB/s upload_rate=53292.16 MiB/s
ds4: Flash-MoE prefill pread issue stats span=21545.075 ms active=13.69% span_rate=3141.11 MiB/s issue_gap=18999.598 ms post_stage_gap=9872.823 ms same_layer_issue=9005.003 ms same_layer_post=7.066 ms cross_layer_issue=9994.595 ms cross_layer_post=9865.757 ms max_issue=333.615 ms max_post=325.396 ms issue_gaps=8798 post_gaps=49 issue_gt1=1647 issue_gt5=261 issue_gt20=76 post_gt1=45 post_gt5=42 post_gt20=42
ds4: Flash-MoE prefill pread bucket le16 calls=2037 refs=13408 bytes=13749.75 MiB pread=672.874 ms issue_gap=396.184 ms post_stage_gap=6.661 ms pread_rate=20434.36 MiB/s
ds4: Flash-MoE prefill pread bucket le32 calls=912 refs=21708 bytes=6156.00 MiB pread=196.676 ms issue_gap=412.695 ms post_stage_gap=0.405 ms pread_rate=31300.21 MiB/s
ds4: Flash-MoE prefill pread bucket le64 calls=1171 refs=54943 bytes=7904.25 MiB pread=248.011 ms issue_gap=604.306 ms post_stage_gap=0.000 ms pread_rate=31870.56 MiB/s
ds4: Flash-MoE prefill pread bucket le128 calls=1550 refs=145797 bytes=10462.50 MiB pread=384.725 ms issue_gap=1149.394 ms post_stage_gap=0.000 ms pread_rate=27194.75 MiB/s
ds4: Flash-MoE prefill pread bucket le256 calls=1919 refs=354966 bytes=12953.25 MiB pread=672.782 ms issue_gap=3949.981 ms post_stage_gap=0.000 ms pread_rate=19253.26 MiB/s
ds4: Flash-MoE prefill pread bucket le512 calls=1393 refs=497020 bytes=9402.75 MiB pread=394.749 ms issue_gap=2055.901 ms post_stage_gap=0.000 ms pread_rate=23819.57 MiB/s
ds4: Flash-MoE prefill pread bucket gt512 calls=1044 refs=1085292 bytes=7047.00 MiB pread=379.290 ms issue_gap=10431.137 ms post_stage_gap=9865.757 ms pread_rate=18579.45 MiB/s
ds4: ANE prefill stats calls=1875 ok=1875 skipped_big_refs=0 compile_attempts=1 compile_failures=0 eval_calls=6199 eval_failures=0 write_failures=0 reopen_failures=0
ds4: ANE prefill timing dequant=15.672 ms input=0.906 ms ane_eval=31148.623 ms ane_eval_a=31148.623 ms ane_eval_b=0.000 ms ane_eval_c=0.000 ms ane_eval_d=0.000 ms ane_wall_est=31148.623 ms writeback=10.161 ms helper_avg=5.024782 ms ane_calls=6199 ane_call_avg=5.024782 ms
ds4: ANE prefill timing2 output_pack=9.576 ms measured_total=31184.938 ms
ds4: ANE prefill timing3 dequant_wait=1383.256 ms post_wait=0.000 ms x_zero=34.269 ms x_copy=117.381 ms out_zero=369.710 ms out_f16_copy=233.493 ms output_convert=9.576 ms output_gpu_encode=9.576 ms output_chunks=1875 output_elems=5372895232 output_convert_rate=561.079 Gelem/s
ds4: ANE prefill timing4 wait_predict=0.000 ms finish_join_ane=3002.897 ms finish_join_post=0.000 ms wait_predict_calls=0 finish_calls=1875
ds4: ANE prefill chunks refs=1311742 padded_refs=1586944 pad_util=82.66% le16=180 le64=472 le128=496 full=4338
ds4: ANE prefill batch_hist B256=6199 refs=1311742 util=82.7%
