ds4: detected DS4 sidecar package: -m /Users/anemll/Models/flash/dsv4-iq2xxs-expert-major/dense/model-dense.gguf, --moe-sidecar /Users/anemll/Models/flash/dsv4-iq2xxs-expert-major, --moe-mode slot-bank
ds4: applied sidecar tuning profile [Apple M5 Max] from ds4_profile.json (51 env defaults set, 0 kept from environment)
ds4: warning: raw KV cap limits Metal prefill chunk (prefill_chunk=4096, raw_kv_rows=4096, raw_window=128, effective_chunk=3968; target raw cap for one chunk is 4352, also requires ctx >= that value)
ds4: context buffers 429.99 MiB (ctx=4096, backend=metal, prefill_chunk=4096, raw_kv_rows=4096, compressed_kv_rows=1026)
ds4: Flash-MoE sidecar loaded: /Users/anemll/Models/flash/dsv4-iq2xxs-expert-major (slot-bank=256, expert-record 6.75 MiB)
ds4: Flash-MoE expert mmap cache: off; expert reads: pread
ds4: Metal device Apple M5 Max, 128.00 GiB RAM, GPU working-set budget 107.52 GiB (raise with: sudo sysctl iogpu.wired_limit_mb=<MB>)
ds4: drift-patch flags hc_stable=on norm_unify=on kv_raw_f32=off rope_exp2_log2=off math_safe=off tensor_matmul=off
ds4: MXFP4 native library (MSL 4.1): repack=ok selected-repack=ok selected-plane-copy=ok scale-plane matmul=ok selected-matmul=ok decode2=pair/sum6 batch-decode2=pair/sum6 batch-strided=pair/sum6 hybrid-down=sum6 chunked-decode2=pair/sum6
ds4: DS4_MXFP4_NATIVE=1: native MXFP4 available (MPP 4.1 scale-plane matmul2d)
ds4: DSpark resident expert cache: ranges=9 bytes=9.56 GiB (persistent; debug opt-out requires DS4_DSPARK_ALLOW_NONRESIDENT=1)
ds4: DSpark sidecar Metal residency requested: buffers=9 bytes=9.56 GiB
ds4: DSpark draft package loaded: /Users/anemll/Models/DSv4-Flash-DSpark-draft (block=5 verify=5 active=5 scheduler=static conf=0.000 noise=128799 target_layers=40,41,42 markov_rank=256 records=81 mapped=10.12 GiB)
ds4: DSpark draft records: F32=41 F16=6 FP8_E4M3=25 MXFP4_NATIVE=9
ds4: DSpark draft inference enabled: MPP 4.1 FP8/MXFP4 draft kernels, fused routed-MoE per draft layer, persistent resident experts, greedy Markov head, strict_v1 verifier
ds4: Flash-MoE using mmap-backed dense/shared weights without full-model Metal residency warmup
ds4: Metal model views created in 0.309 ms, residency requested in 0.000 ms, warmup 0.000 ms (mapped 8393.67 MiB from offset 5.06 MiB)
ds4: Metal mapped mmaped model as 1 overlapping shared buffers
ds4: metal backend initialized for graph diagnostics
ds4: prefill routed-MoE (requested): mul_mm_id (grouped GPU / ALU)  [grouped path]
ds4: prefill quant scales (ANE env first): w_qscale=512 x_qscale=32 mid_qscale=32 w_scale=0.00195312 x_scale=0.03125 mid_scale=0.03125
ds4: prefill ctx-grow: on, block=16384 tokens
ds4: prefill chunk cap: 16384, graph_raw_cap=auto
ds4: Flash-MoE resident mixed slot-bank load: layers=43 slots=256 bytes=72.56 GiB (one dot per layer)
ds4: Flash-MoE resident prepare: ........................................... 72.56/72.56 GiB (43 layers)
ds4: Flash-MoE resident preload: ........................................... 72.56/72.56 GiB (43 layers)
ds4: Flash-MoE preloaded mixed slot bank: layers=43 slots=256 identity-mapped experts=256
ds4: Flash-MoE slot-bank Metal residency requested: buffers=43 bytes=72.56 GiB
ds4: Flash-MoE slot-bank pages touched: buffers=43 bytes=72.56 GiB
ds4: Flash-MoE slot banks allocated: layers=43 slots=256 gpu-bank=72.6GB Dense: 8.2GB Context: 0.4GB Total <<<< 81.2GB >>>>
ds4: Flash-MoE slot bank layout: mixed expert-major
ds4: warning: very large Flash-MoE slot bank can collapse decode throughput (slots=256, gpu-bank=72.56 GiB). The wired bank competes with the OS file cache that serves decode-miss reads of the sidecar; when the sidecar is larger than RAM, smaller banks decode faster. Compare --moe-slot-bank 32/48/64 or use --ssd-cache auto.
ds4: prefill compute: routed experts = ANE i8i8 (W8A8) | dense proj = Q8 direct-RHS NAX; K-quant dense = fused mul_mm_id batch
ds4: prefill I/O: io-split=4 async-pread=on pread-threads=4 readahead=12 bank-prefetch=3 slot-cache-topk=0 xlayer=auto<=6k-tok topk=128
ds4: decode  I/O: io-split=4 router-prefetch=off scratch-prefetch=off max-loads=0 layer-stride=1 miss-direct-slot-pread=on prefetch-direct-slot-pread=off did-modify=on shared-down=on reset-after-prefill=off realloc-after-prefill=off restore-after-prefill=off resident=slot-bank slots=256
ds4: Flash-MoE banked kernels using M5 simdgroup_matrix fast path (prefetch=3, banks=4)
ds4: WARNING: prefill chunk 4096 clamped to 3968 by raw-KV cap (raw_cap=4096, window=128). Set DS4_METAL_GRAPH_RAW_CAP >= 4224 (window + chunk) — or unset it to auto-size — to honor the chunk.
processing 19 input tokens: 0/19 (0.0%) batch=0.00 t/s avg=0.00 t/s
processing 19 input tokens: 0/19 (0.0%) batch=0.00 t/s avg=0.00 t/s
processing 19 input tokens: 0/19 (0.0%) batch=0.00 t/s avg=0.00 t/s
processing 19 input tokens: 1/19 (5.3%) batch=27.50 t/s avg=0.53 t/s
processing 19 input tokens: 1/19 (5.3%) batch=0.00 t/s avg=0.52 t/s
processing 19 input tokens: 2/19 (10.5%) batch=51.83 t/s avg=1.03 t/s
processing 19 input tokens: 2/19 (10.5%) batch=0.00 t/s avg=1.02 t/s
processing 19 input tokens: 3/19 (15.8%) batch=52.43 t/s avg=1.52 t/s
processing 19 input tokens: 3/19 (15.8%) batch=0.00 t/s avg=1.50 t/s
processing 19 input tokens: 3/19 (15.8%) batch=0.00 t/s avg=1.49 t/s
processing 19 input tokens: 4/19 (21.1%) batch=46.30 t/s avg=1.96 t/s
processing 19 input tokens: 4/19 (21.1%) batch=0.00 t/s avg=1.94 t/s
processing 19 input tokens: 5/19 (26.3%) batch=46.85 t/s avg=2.40 t/s
processing 19 input tokens: 5/19 (26.3%) batch=0.00 t/s avg=2.38 t/s
processing 19 input tokens: 6/19 (31.6%) batch=49.66 t/s avg=2.83 t/s
processing 19 input tokens: 6/19 (31.6%) batch=0.00 t/s avg=2.81 t/s
processing 19 input tokens: 7/19 (36.8%) batch=58.17 t/s avg=3.25 t/s
processing 19 input tokens: 7/19 (36.8%) batch=0.00 t/s avg=3.22 t/s
processing 19 input tokens: 7/19 (36.8%) batch=0.00 t/s avg=3.19 t/s
processing 19 input tokens: 8/19 (42.1%) batch=51.29 t/s avg=3.62 t/s
processing 19 input tokens: 8/19 (42.1%) batch=0.00 t/s avg=3.58 t/s
processing 19 input tokens: 9/19 (47.4%) batch=53.17 t/s avg=3.99 t/s
processing 19 input tokens: 9/19 (47.4%) batch=0.00 t/s avg=3.95 t/s
processing 19 input tokens: 10/19 (52.6%) batch=48.46 t/s avg=4.35 t/s
processing 19 input tokens: 10/19 (52.6%) batch=0.00 t/s avg=4.31 t/s
processing 19 input tokens: 11/19 (57.9%) batch=53.86 t/s avg=4.70 t/s
processing 19 input tokens: 11/19 (57.9%) batch=0.00 t/s avg=4.67 t/s
processing 19 input tokens: 11/19 (57.9%) batch=0.00 t/s avg=4.63 t/s
processing 19 input tokens: 12/19 (63.2%) batch=47.53 t/s avg=5.01 t/s
processing 19 input tokens: 12/19 (63.2%) batch=0.00 t/s avg=4.97 t/s
processing 19 input tokens: 13/19 (68.4%) batch=45.71 t/s avg=5.33 t/s
processing 19 input tokens: 13/19 (68.4%) batch=0.00 t/s avg=5.29 t/s
processing 19 input tokens: 14/19 (73.7%) batch=48.64 t/s avg=5.65 t/s
processing 19 input tokens: 14/19 (73.7%) batch=0.00 t/s avg=5.61 t/s
processing 19 input tokens: 15/19 (78.9%) batch=52.63 t/s avg=5.97 t/s
processing 19 input tokens: 15/19 (78.9%) batch=0.00 t/s avg=5.92 t/s
processing 19 input tokens: 15/19 (78.9%) batch=0.00 t/s avg=5.86 t/s
processing 19 input tokens: 16/19 (84.2%) batch=48.43 t/s avg=6.21 t/s
processing 19 input tokens: 16/19 (84.2%) batch=0.00 t/s avg=6.15 t/s
processing 19 input tokens: 17/19 (89.5%) batch=49.34 t/s avg=6.49 t/s
processing 19 input tokens: 17/19 (89.5%) batch=0.00 t/s avg=6.43 t/s
processing 19 input tokens: 18/19 (94.7%) batch=50.57 t/s avg=6.76 t/s
processing 19 input tokens: 18/19 (94.7%) batch=0.00 t/s avg=6.71 t/s
processing 19 input tokens: 19/19 (100.0%) batch=43.09 t/s avg=7.02 t/s
ds4: dspark draft FP8 rows5 kernel enabled
ds4: [mxfp4-native] two-dispatch plane decode arm engaged (dspark-strided, experts=6)
ds4: Flash-MoE mixed resident bank using fused GPU-selected decode path (slot id == expert id)
ds4: dspark verifier strict_v1 active=5 prefixN=1
ds4: dspark verifier Q8 rows5 shared-exact kernel enabled
ds4: dspark verifier microbatch KV FP8/raw-store rows enabled
ds4: dspark hybrid FFN-pre verifier using exact F16 rows path
ds4: dspark hybrid row-router verifier using exact F16 logits rows path
ds4: dspark hybrid row-router verifier using exact selector rows path
ds4: dspark row-routed direct Q2 down ordered-sum enabled
ds4: dspark hybrid row-routed verifier using row-exact tiny batch path
ds4: dspark hybrid shared verifier using exact fused rows path
ds4: dspark hybrid shared verifier using exact shared-down+HC rows path
ds4: dspark hybrid attention verifier using exact F16 compressor rows path
ds4: dspark hybrid attention verifier using exact F16 indexer-compressor rows path
ds4: dspark hybrid verifier deferring plain attention heads to batch call
ds4: dspark hybrid verifier using rows-exact flash attention heads
ds4: dspark verifier using experimental varmap rows5 attention kernel
ds4: varmap-attn compare layer=2 pos=20 rows=5 max=0 rms=0 first_row=0 first_idx=0 first_delta=0 cand=-0.126289 ref=-0.126289 worst_row=0 worst_idx=0 worst_delta=0 cand=-0.126289 ref=-0.126289
ds4: varmap-attn compare layer=3 pos=20 rows=5 max=0 rms=0 first_row=0 first_idx=0 first_delta=0 cand=-0.142865 ref=-0.142865 worst_row=0 worst_idx=0 worst_delta=0 cand=-0.142865 ref=-0.142865
ds4: varmap-attn compare layer=4 pos=20 rows=5 max=0 rms=0 first_row=0 first_idx=0 first_delta=0 cand=-0.0333518 ref=-0.0333518 worst_row=0 worst_idx=0 worst_delta=0 cand=-0.0333518 ref=-0.0333518
ds4: varmap-attn compare layer=5 pos=20 rows=5 max=0 rms=0 first_row=0 first_idx=0 first_delta=0 cand=-0.0141814 ref=-0.0141814 worst_row=0 worst_idx=0 worst_delta=0 cand=-0.0141814 ref=-0.0141814
ds4: varmap-attn compare layer=6 pos=20 rows=5 max=0 rms=0 first_row=0 first_idx=0 first_delta=0 cand=0.244991 ref=0.244991 worst_row=0 worst_idx=0 worst_delta=0 cand=0.244991 ref=0.244991
ds4: varmap-attn compare layer=7 pos=20 rows=5 max=0 rms=0 first_row=0 first_idx=0 first_delta=0 cand=0.0721426 ref=0.0721426 worst_row=0 worst_idx=0 worst_delta=0 cand=0.0721426 ref=0.0721426
ds4: varmap-attn compare layer=8 pos=20 rows=5 max=0 rms=0 first_row=0 first_idx=0 first_delta=0 cand=-0.309497 ref=-0.309497 worst_row=0 worst_idx=0 worst_delta=0 cand=-0.309497 ref=-0.309497
ds4: varmap-attn compare layer=9 pos=20 rows=5 max=0 rms=0 first_row=0 first_idx=0 first_delta=0 cand=-0.171705 ref=-0.171705 worst_row=0 worst_idx=0 worst_delta=0 cand=-0.171705 ref=-0.171705
ds4: varmap-attn compare layer=10 pos=20 rows=5 max=0 rms=0 first_row=0 first_idx=0 first_delta=0 cand=0.014409 ref=0.014409 worst_row=0 worst_idx=0 worst_delta=0 cand=0.014409 ref=0.014409
ds4: varmap-attn compare layer=11 pos=20 rows=5 max=0 rms=0 first_row=0 first_idx=0 first_delta=0 cand=-0.0561091 ref=-0.0561091 worst_row=0 worst_idx=0 worst_delta=0 cand=-0.0561091 ref=-0.0561091
ds4: varmap-attn compare layer=12 pos=20 rows=5 max=0 rms=0 first_row=0 first_idx=0 first_delta=0 cand=0.546783 ref=0.546783 worst_row=0 worst_idx=0 worst_delta=0 cand=0.546783 ref=0.546783
ds4: varmap-attn compare layer=13 pos=20 rows=5 max=0 rms=0 first_row=0 first_idx=0 first_delta=0 cand=0.158871 ref=0.158871 worst_row=0 worst_idx=0 worst_delta=0 cand=0.158871 ref=0.158871
ds4: varmap-attn compare layer=14 pos=20 rows=5 max=0 rms=0 first_row=0 first_idx=0 first_delta=0 cand=0.170003 ref=0.170003 worst_row=0 worst_idx=0 worst_delta=0 cand=0.170003 ref=0.170003
ds4: varmap-attn compare layer=15 pos=20 rows=5 max=0 rms=0 first_row=0 first_idx=0 first_delta=0 cand=-0.6751 ref=-0.6751 worst_row=0 worst_idx=0 worst_delta=0 cand=-0.6751 ref=-0.6751
ds4: varmap-attn compare layer=16 pos=20 rows=5 max=0 rms=0 first_row=0 first_idx=0 first_delta=0 cand=-0.390673 ref=-0.390673 worst_row=0 worst_idx=0 worst_delta=0 cand=-0.390673 ref=-0.390673
ds4: varmap-attn compare layer=17 pos=20 rows=5 max=0 rms=0 first_row=0 first_idx=0 first_delta=0 cand=0.0921035 ref=0.0921035 worst_row=0 worst_idx=0 worst_delta=0 cand=0.0921035 ref=0.0921035
ds4: varmap-attn compare layer=18 pos=20 rows=5 max=0 rms=0 first_row=0 first_idx=0 first_delta=0 cand=-0.0667981 ref=-0.0667981 worst_row=0 worst_idx=0 worst_delta=0 cand=-0.0667981 ref=-0.0667981
ds4: varmap-attn compare layer=19 pos=20 rows=5 max=0 rms=0 first_row=0 first_idx=0 first_delta=0 cand=0.115017 ref=0.115017 worst_row=0 worst_idx=0 worst_delta=0 cand=0.115017 ref=0.115017
ds4: varmap-attn compare layer=20 pos=20 rows=5 max=0 rms=0 first_row=0 first_idx=0 first_delta=0 cand=-0.0269066 ref=-0.0269066 worst_row=0 worst_idx=0 worst_delta=0 cand=-0.0269066 ref=-0.0269066
ds4: varmap-attn compare layer=21 pos=20 rows=5 max=0 rms=0 first_row=0 first_idx=0 first_delta=0 cand=0.388311 ref=0.388311 worst_row=0 worst_idx=0 worst_delta=0 cand=0.388311 ref=0.388311
ds4: varmap-attn compare layer=22 pos=20 rows=5 max=0 rms=0 first_row=0 first_idx=0 first_delta=0 cand=-0.286356 ref=-0.286356 worst_row=0 worst_idx=0 worst_delta=0 cand=-0.286356 ref=-0.286356
ds4: varmap-attn compare layer=23 pos=20 rows=5 max=0 rms=0 first_row=0 first_idx=0 first_delta=0 cand=-0.542601 ref=-0.542601 worst_row=0 worst_idx=0 worst_delta=0 cand=-0.542601 ref=-0.542601
ds4: varmap-attn compare layer=24 pos=20 rows=5 max=0 rms=0 first_row=0 first_idx=0 first_delta=0 cand=-0.116939 ref=-0.116939 worst_row=0 worst_idx=0 worst_delta=0 cand=-0.116939 ref=-0.116939
ds4: varmap-attn compare layer=25 pos=20 rows=5 max=0 rms=0 first_row=0 first_idx=0 first_delta=0 cand=0.0427181 ref=0.0427181 worst_row=0 worst_idx=0 worst_delta=0 cand=0.0427181 ref=0.0427181
ds4: varmap-attn compare layer=26 pos=20 rows=5 max=0 rms=0 first_row=0 first_idx=0 first_delta=0 cand=-0.108723 ref=-0.108723 worst_row=0 worst_idx=0 worst_delta=0 cand=-0.108723 ref=-0.108723
ds4: varmap-attn compare layer=27 pos=20 rows=5 max=0 rms=0 first_row=0 first_idx=0 first_delta=0 cand=-0.1112 ref=-0.1112 worst_row=0 worst_idx=0 worst_delta=0 cand=-0.1112 ref=-0.1112
ds4: varmap-attn compare layer=28 pos=20 rows=5 max=0 rms=0 first_row=0 first_idx=0 first_delta=0 cand=-0.37645 ref=-0.37645 worst_row=0 worst_idx=0 worst_delta=0 cand=-0.37645 ref=-0.37645
ds4: varmap-attn compare layer=29 pos=20 rows=5 max=0 rms=0 first_row=0 first_idx=0 first_delta=0 cand=0.11609 ref=0.11609 worst_row=0 worst_idx=0 worst_delta=0 cand=0.11609 ref=0.11609
ds4: varmap-attn compare layer=30 pos=20 rows=5 max=0 rms=0 first_row=0 first_idx=0 first_delta=0 cand=-0.102188 ref=-0.102188 worst_row=0 worst_idx=0 worst_delta=0 cand=-0.102188 ref=-0.102188
ds4: varmap-attn compare layer=31 pos=20 rows=5 max=0 rms=0 first_row=0 first_idx=0 first_delta=0 cand=-0.143441 ref=-0.143441 worst_row=0 worst_idx=0 worst_delta=0 cand=-0.143441 ref=-0.143441
ds4: varmap-attn compare layer=32 pos=20 rows=5 max=0 rms=0 first_row=0 first_idx=0 first_delta=0 cand=-0.200724 ref=-0.200724 worst_row=0 worst_idx=0 worst_delta=0 cand=-0.200724 ref=-0.200724
ds4: varmap-attn compare layer=33 pos=20 rows=5 max=0 rms=0 first_row=0 first_idx=0 first_delta=0 cand=-0.152026 ref=-0.152026 worst_row=0 worst_idx=0 worst_delta=0 cand=-0.152026 ref=-0.152026
ds4: varmap-attn compare layer=34 pos=20 rows=5 max=0 rms=0 first_row=0 first_idx=0 first_delta=0 cand=-0.217545 ref=-0.217545 worst_row=0 worst_idx=0 worst_delta=0 cand=-0.217545 ref=-0.217545
ds4: varmap-attn compare layer=35 pos=20 rows=5 max=0 rms=0 first_row=0 first_idx=0 first_delta=0 cand=-0.656619 ref=-0.656619 worst_row=0 worst_idx=0 worst_delta=0 cand=-0.656619 ref=-0.656619
ds4: varmap-attn compare layer=36 pos=20 rows=5 max=0 rms=0 first_row=0 first_idx=0 first_delta=0 cand=-0.105164 ref=-0.105164 worst_row=0 worst_idx=0 worst_delta=0 cand=-0.105164 ref=-0.105164
ds4: varmap-attn compare layer=37 pos=20 rows=5 max=0 rms=0 first_row=0 first_idx=0 first_delta=0 cand=-0.121013 ref=-0.121013 worst_row=0 worst_idx=0 worst_delta=0 cand=-0.121013 ref=-0.121013
ds4: varmap-attn compare layer=38 pos=20 rows=5 max=0 rms=0 first_row=0 first_idx=0 first_delta=0 cand=-0.719427 ref=-0.719427 worst_row=0 worst_idx=0 worst_delta=0 cand=-0.719427 ref=-0.719427
ds4: varmap-attn compare layer=39 pos=20 rows=5 max=0 rms=0 first_row=0 first_idx=0 first_delta=0 cand=1.11573 ref=1.11573 worst_row=0 worst_idx=0 worst_delta=0 cand=1.11573 ref=1.11573
ds4: varmap-attn compare layer=40 pos=20 rows=5 max=0 rms=0 first_row=0 first_idx=0 first_delta=0 cand=-1.42129 ref=-1.42129 worst_row=0 worst_idx=0 worst_delta=0 cand=-1.42129 ref=-1.42129
ds4: varmap-attn compare layer=41 pos=20 rows=5 max=0 rms=0 first_row=0 first_idx=0 first_delta=0 cand=1.14763 ref=1.14763 worst_row=0 worst_idx=0 worst_delta=0 cand=1.14763 ref=1.14763
ds4: varmap-attn compare layer=42 pos=20 rows=5 max=0 rms=0 first_row=0 first_idx=0 first_delta=0 cand=0.106846 ref=0.106846 worst_row=0 worst_idx=0 worst_delta=0 cand=0.106846 ref=0.106846
ds4: varmap-attn compare layer=2 pos=25 rows=5 max=2.4728 rms=0.117976 first_row=1 first_idx=0 first_delta=0.000672743 cand=0.137577 ref=0.13825 worst_row=4 worst_idx=12508 worst_delta=2.4728 cand=-0.109587 ref=-2.58238
ds4: varmap-attn compare layer=3 pos=25 rows=5 max=0 rms=0 first_row=0 first_idx=0 first_delta=0 cand=0.070438 ref=0.070438 worst_row=0 worst_idx=0 worst_delta=0 cand=0.070438 ref=0.070438
ds4: varmap-attn compare layer=4 pos=25 rows=5 max=1.10443 rms=0.0466595 first_row=1 first_idx=0 first_delta=0.00988248 cand=0.0926683 ref=0.0827858 worst_row=4 worst_idx=32512 worst_delta=1.10443 cand=0.0333053 ref=-1.07113
ds4: varmap-attn compare layer=5 pos=25 rows=5 max=0 rms=0 first_row=0 first_idx=0 first_delta=0 cand=-0.161595 ref=-0.161595 worst_row=0 worst_idx=0 worst_delta=0 cand=-0.161595 ref=-0.161595
ds4: varmap-attn compare layer=6 pos=25 rows=5 max=1.40677 rms=0.0694968 first_row=1 first_idx=0 first_delta=0.0144034 cand=0.19586 ref=0.181457 worst_row=4 worst_idx=21294 worst_delta=1.40677 cand=-0.275531 ref=1.13124
ds4: varmap-attn compare layer=7 pos=25 rows=5 max=0 rms=0 first_row=0 first_idx=0 first_delta=0 cand=-0.112761 ref=-0.112761 worst_row=0 worst_idx=0 worst_delta=0 cand=-0.112761 ref=-0.112761
ds4: varmap-attn compare layer=8 pos=25 rows=5 max=1.58465 rms=0.08442 first_row=1 first_idx=0 first_delta=0.00235039 cand=0.281434 ref=0.283784 worst_row=4 worst_idx=24983 worst_delta=1.58465 cand=1.43213 ref=-0.152524
ds4: varmap-attn compare layer=9 pos=25 rows=5 max=0 rms=0 first_row=0 first_idx=0 first_delta=0 cand=0.193379 ref=0.193379 worst_row=0 worst_idx=0 worst_delta=0 cand=0.193379 ref=0.193379
ds4: varmap-attn compare layer=10 pos=25 rows=5 max=1.13745 rms=0.0394021 first_row=1 first_idx=0 first_delta=0.000294 cand=0.240126 ref=0.239832 worst_row=4 worst_idx=4050 worst_delta=1.13745 cand=3.13379 ref=1.99634
ds4: varmap-attn compare layer=11 pos=25 rows=5 max=0 rms=0 first_row=0 first_idx=0 first_delta=0 cand=-0.0217533 ref=-0.0217533 worst_row=0 worst_idx=0 worst_delta=0 cand=-0.0217533 ref=-0.0217533
ds4: varmap-attn compare layer=12 pos=25 rows=5 max=1.71317 rms=0.0890071 first_row=1 first_idx=0 first_delta=0.00891021 cand=0.403856 ref=0.412766 worst_row=4 worst_idx=3564 worst_delta=1.71317 cand=-0.0701718 ref=1.643
ds4: varmap-attn compare layer=13 pos=25 rows=5 max=0 rms=0 first_row=0 first_idx=0 first_delta=0 cand=0.0782844 ref=0.0782844 worst_row=0 worst_idx=0 worst_delta=0 cand=0.0782844 ref=0.0782844
ds4: varmap-attn compare layer=14 pos=25 rows=5 max=1.43353 rms=0.0589421 first_row=1 first_idx=0 first_delta=5.78761e-05 cand=-0.68309 ref=-0.683032 worst_row=4 worst_idx=24530 worst_delta=1.43353 cand=-3.61976 ref=-2.18623
ds4: varmap-attn compare layer=15 pos=25 rows=5 max=0 rms=0 first_row=0 first_idx=0 first_delta=0 cand=-0.545828 ref=-0.545828 worst_row=0 worst_idx=0 worst_delta=0 cand=-0.545828 ref=-0.545828
ds4: varmap-attn compare layer=16 pos=25 rows=5 max=0.546749 rms=0.0306696 first_row=1 first_idx=0 first_delta=0.00353456 cand=-0.936674 ref=-0.940209 worst_row=3 worst_idx=14803 worst_delta=0.546749 cand=-3.42501 ref=-2.87826
ds4: varmap-attn compare layer=17 pos=25 rows=5 max=0 rms=0 first_row=0 first_idx=0 first_delta=0 cand=0.775507 ref=0.775507 worst_row=0 worst_idx=0 worst_delta=0 cand=0.775507 ref=0.775507
ds4: varmap-attn compare layer=18 pos=25 rows=5 max=1.20115 rms=0.0400227 first_row=1 first_idx=0 first_delta=0.00082358 cand=-0.110521 ref=-0.109697 worst_row=3 worst_idx=11223 worst_delta=1.20115 cand=4.96673 ref=3.76558
ds4: varmap-attn compare layer=19 pos=25 rows=5 max=0 rms=0 first_row=0 first_idx=0 first_delta=0 cand=-0.0476193 ref=-0.0476193 worst_row=0 worst_idx=0 worst_delta=0 cand=-0.0476193 ref=-0.0476193
ds4: varmap-attn compare layer=20 pos=25 rows=5 max=1.90797 rms=0.0717061 first_row=1 first_idx=0 first_delta=5.49555e-05 cand=-0.446569 ref=-0.446514 worst_row=3 worst_idx=26582 worst_delta=1.90797 cand=3.86069 ref=1.95272
ds4: varmap-attn compare layer=21 pos=25 rows=5 max=0 rms=0 first_row=0 first_idx=0 first_delta=0 cand=0.285003 ref=0.285003 worst_row=0 worst_idx=0 worst_delta=0 cand=0.285003 ref=0.285003
ds4: varmap-attn compare layer=22 pos=25 rows=5 max=2.28143 rms=0.0642074 first_row=1 first_idx=0 first_delta=0.00149113 cand=-0.576006 ref=-0.577497 worst_row=2 worst_idx=13480 worst_delta=2.28143 cand=-2.95326 ref=-0.671833
ds4: varmap-attn compare layer=23 pos=25 rows=5 max=0 rms=0 first_row=0 first_idx=0 first_delta=0 cand=-0.0912381 ref=-0.0912381 worst_row=0 worst_idx=0 worst_delta=0 cand=-0.0912381 ref=-0.0912381
ds4: varmap-attn compare layer=24 pos=25 rows=5 max=1.70552 rms=0.0404085 first_row=1 first_idx=0 first_delta=0.000187397 cand=-0.2958 ref=-0.295612 worst_row=2 worst_idx=5344 worst_delta=1.70552 cand=-1.59998 ref=0.105539
ds4: varmap-attn compare layer=25 pos=25 rows=5 max=0 rms=0 first_row=0 first_idx=0 first_delta=0 cand=0.0798185 ref=0.0798185 worst_row=0 worst_idx=0 worst_delta=0 cand=0.0798185 ref=0.0798185
ds4: varmap-attn compare layer=26 pos=25 rows=5 max=2.39055 rms=0.16055 first_row=1 first_idx=0 first_delta=0.0328584 cand=-0.201365 ref=-0.234224 worst_row=2 worst_idx=24298 worst_delta=2.39055 cand=0.0425758 ref=-2.34797
ds4: varmap-attn compare layer=27 pos=25 rows=5 max=0 rms=0 first_row=0 first_idx=0 first_delta=0 cand=-0.370773 ref=-0.370773 worst_row=0 worst_idx=0 worst_delta=0 cand=-0.370773 ref=-0.370773
ds4: varmap-attn compare layer=28 pos=25 rows=5 max=1.0369 rms=0.0515004 first_row=1 first_idx=0 first_delta=0.017652 cand=-0.535599 ref=-0.517947 worst_row=4 worst_idx=3747 worst_delta=1.0369 cand=-2.23696 ref=-1.20007
ds4: varmap-attn compare layer=29 pos=25 rows=5 max=0 rms=0 first_row=0 first_idx=0 first_delta=0 cand=0.288282 ref=0.288282 worst_row=0 worst_idx=0 worst_delta=0 cand=0.288282 ref=0.288282
ds4: varmap-attn compare layer=30 pos=25 rows=5 max=1.24104 rms=0.0451288 first_row=1 first_idx=0 first_delta=0.00383906 cand=-0.0508266 ref=-0.0469875 worst_row=2 worst_idx=20558 worst_delta=1.24104 cand=-4.97855 ref=-3.73751
ds4: varmap-attn compare layer=31 pos=25 rows=5 max=0 rms=0 first_row=0 first_idx=0 first_delta=0 cand=-0.159187 ref=-0.159187 worst_row=0 worst_idx=0 worst_delta=0 cand=-0.159187 ref=-0.159187
ds4: varmap-attn compare layer=32 pos=25 rows=5 max=3.56387 rms=0.189391 first_row=1 first_idx=0 first_delta=0.0212835 cand=-0.243149 ref=-0.264432 worst_row=3 worst_idx=5852 worst_delta=3.56387 cand=-0.912747 ref=2.65112
ds4: varmap-attn compare layer=33 pos=25 rows=5 max=0 rms=0 first_row=0 first_idx=0 first_delta=0 cand=-0.231484 ref=-0.231484 worst_row=0 worst_idx=0 worst_delta=0 cand=-0.231484 ref=-0.231484
ds4: varmap-attn compare layer=34 pos=25 rows=5 max=1.30307 rms=0.0677247 first_row=1 first_idx=0 first_delta=0.0184903 cand=1.22677 ref=1.20828 worst_row=4 worst_idx=32725 worst_delta=1.30307 cand=-3.02234 ref=-1.71927
ds4: varmap-attn compare layer=35 pos=25 rows=5 max=0 rms=0 first_row=0 first_idx=0 first_delta=0 cand=-0.754432 ref=-0.754432 worst_row=0 worst_idx=0 worst_delta=0 cand=-0.754432 ref=-0.754432
ds4: varmap-attn compare layer=36 pos=25 rows=5 max=2.14666 rms=0.0981572 first_row=1 first_idx=0 first_delta=0.0411858 cand=-0.166844 ref=-0.20803 worst_row=4 worst_idx=31324 worst_delta=2.14666 cand=-1.98028 ref=0.166389
ds4: varmap-attn compare layer=37 pos=25 rows=5 max=0 rms=0 first_row=0 first_idx=0 first_delta=0 cand=0.0917779 ref=0.0917779 worst_row=0 worst_idx=0 worst_delta=0 cand=0.0917779 ref=0.0917779
ds4: varmap-attn compare layer=38 pos=25 rows=5 max=0.88255 rms=0.0477329 first_row=1 first_idx=0 first_delta=0.00866878 cand=0.415764 ref=0.407095 worst_row=2 worst_idx=20470 worst_delta=0.88255 cand=-0.219057 ref=-1.10161
ds4: varmap-attn compare layer=39 pos=25 rows=5 max=0 rms=0 first_row=0 first_idx=0 first_delta=0 cand=0.965805 ref=0.965805 worst_row=0 worst_idx=0 worst_delta=0 cand=0.965805 ref=0.965805
ds4: varmap-attn compare layer=40 pos=25 rows=5 max=3.30393 rms=0.0279686 first_row=1 first_idx=0 first_delta=0.00275826 cand=-0.751274 ref=-0.754032 worst_row=2 worst_idx=30668 worst_delta=3.30393 cand=-0.0911464 ref=3.21278
ds4: varmap-attn compare layer=41 pos=25 rows=5 max=0 rms=0 first_row=0 first_idx=0 first_delta=0 cand=0.39359 ref=0.39359 worst_row=0 worst_idx=0 worst_delta=0 cand=0.39359 ref=0.39359
ds4: varmap-attn compare layer=42 pos=25 rows=5 max=1.12134 rms=0.0504777 first_row=1 first_idx=0 first_delta=6.94469e-05 cand=0.104442 ref=0.104511 worst_row=4 worst_idx=13757 worst_delta=1.12134 cand=0.655558 ref=-0.465784
ds4: varmap-attn compare layer=2 pos=31 rows=4 max=0 rms=0 first_row=0 first_idx=0 first_delta=0 cand=0.0475149 ref=0.0475149 worst_row=0 worst_idx=0 worst_delta=0 cand=0.0475149 ref=0.0475149
ds4: varmap-attn compare layer=3 pos=31 rows=4 max=0 rms=0 first_row=0 first_idx=0 first_delta=0 cand=0.106887 ref=0.106887 worst_row=0 worst_idx=0 worst_delta=0 cand=0.106887 ref=0.106887
ds4: varmap-attn compare layer=4 pos=31 rows=4 max=0 rms=0 first_row=0 first_idx=0 first_delta=0 cand=0.010583 ref=0.010583 worst_row=0 worst_idx=0 worst_delta=0 cand=0.010583 ref=0.010583
ds4: varmap-attn compare layer=5 pos=31 rows=4 max=0 rms=0 first_row=0 first_idx=0 first_delta=0 cand=0.112098 ref=0.112098 worst_row=0 worst_idx=0 worst_delta=0 cand=0.112098 ref=0.112098
ds4: varmap-attn compare layer=6 pos=31 rows=4 max=0 rms=0 first_row=0 first_idx=0 first_delta=0 cand=0.163407 ref=0.163407 worst_row=0 worst_idx=0 worst_delta=0 cand=0.163407 ref=0.163407
ds4: varmap-attn compare layer=7 pos=31 rows=4 max=0 rms=0 first_row=0 first_idx=0 first_delta=0 cand=0.0642123 ref=0.0642123 worst_row=0 worst_idx=0 worst_delta=0 cand=0.0642123 ref=0.0642123
ds4: varmap-attn compare layer=8 pos=31 rows=4 max=0 rms=0 first_row=0 first_idx=0 first_delta=0 cand=-0.149939 ref=-0.149939 worst_row=0 worst_idx=0 worst_delta=0 cand=-0.149939 ref=-0.149939
ds4: varmap-attn compare layer=9 pos=31 rows=4 max=0 rms=0 first_row=0 first_idx=0 first_delta=0 cand=0.101252 ref=0.101252 worst_row=0 worst_idx=0 worst_delta=0 cand=0.101252 ref=0.101252
ds4: varmap-attn compare layer=10 pos=31 rows=4 max=0 rms=0 first_row=0 first_idx=0 first_delta=0 cand=0.203385 ref=0.203385 worst_row=0 worst_idx=0 worst_delta=0 cand=0.203385 ref=0.203385
ds4: varmap-attn compare layer=11 pos=31 rows=4 max=0 rms=0 first_row=0 first_idx=0 first_delta=0 cand=-0.426346 ref=-0.426346 worst_row=0 worst_idx=0 worst_delta=0 cand=-0.426346 ref=-0.426346
ds4: varmap-attn compare layer=12 pos=31 rows=4 max=0 rms=0 first_row=0 first_idx=0 first_delta=0 cand=0.604383 ref=0.604383 worst_row=0 worst_idx=0 worst_delta=0 cand=0.604383 ref=0.604383
ds4: varmap-attn compare layer=13 pos=31 rows=4 max=0 rms=0 first_row=0 first_idx=0 first_delta=0 cand=0.183615 ref=0.183615 worst_row=0 worst_idx=0 worst_delta=0 cand=0.183615 ref=0.183615
ds4: varmap-attn compare layer=14 pos=31 rows=4 max=0 rms=0 first_row=0 first_idx=0 first_delta=0 cand=0.00140927 ref=0.00140927 worst_row=0 worst_idx=0 worst_delta=0 cand=0.00140927 ref=0.00140927
ds4: varmap-attn compare layer=15 pos=31 rows=4 max=0 rms=0 first_row=0 first_idx=0 first_delta=0 cand=-1.05116 ref=-1.05116 worst_row=0 worst_idx=0 worst_delta=0 cand=-1.05116 ref=-1.05116
ds4: varmap-attn compare layer=16 pos=31 rows=4 max=0 rms=0 first_row=0 first_idx=0 first_delta=0 cand=-0.114073 ref=-0.114073 worst_row=0 worst_idx=0 worst_delta=0 cand=-0.114073 ref=-0.114073
ds4: varmap-attn compare layer=17 pos=31 rows=4 max=0 rms=0 first_row=0 first_idx=0 first_delta=0 cand=0.180262 ref=0.180262 worst_row=0 worst_idx=0 worst_delta=0 cand=0.180262 ref=0.180262
ds4: varmap-attn compare layer=18 pos=31 rows=4 max=0 rms=0 first_row=0 first_idx=0 first_delta=0 cand=0.0693752 ref=0.0693752 worst_row=0 worst_idx=0 worst_delta=0 cand=0.0693752 ref=0.0693752
ds4: varmap-attn compare layer=19 pos=31 rows=4 max=0 rms=0 first_row=0 first_idx=0 first_delta=0 cand=0.0855855 ref=0.0855855 worst_row=0 worst_idx=0 worst_delta=0 cand=0.0855855 ref=0.0855855
ds4: varmap-attn compare layer=20 pos=31 rows=4 max=0 rms=0 first_row=0 first_idx=0 first_delta=0 cand=0.301887 ref=0.301887 worst_row=0 worst_idx=0 worst_delta=0 cand=0.301887 ref=0.301887
ds4: varmap-attn compare layer=21 pos=31 rows=4 max=0 rms=0 first_row=0 first_idx=0 first_delta=0 cand=0.393308 ref=0.393308 worst_row=0 worst_idx=0 worst_delta=0 cand=0.393308 ref=0.393308
ds4: varmap-attn compare layer=22 pos=31 rows=4 max=0 rms=0 first_row=0 first_idx=0 first_delta=0 cand=-0.411771 ref=-0.411771 worst_row=0 worst_idx=0 worst_delta=0 cand=-0.411771 ref=-0.411771
ds4: varmap-attn compare layer=23 pos=31 rows=4 max=0 rms=0 first_row=0 first_idx=0 first_delta=0 cand=-0.422592 ref=-0.422592 worst_row=0 worst_idx=0 worst_delta=0 cand=-0.422592 ref=-0.422592
ds4: varmap-attn compare layer=24 pos=31 rows=4 max=0 rms=0 first_row=0 first_idx=0 first_delta=0 cand=-0.22915 ref=-0.22915 worst_row=0 worst_idx=0 worst_delta=0 cand=-0.22915 ref=-0.22915
ds4: varmap-attn compare layer=25 pos=31 rows=4 max=0 rms=0 first_row=0 first_idx=0 first_delta=0 cand=0.0884165 ref=0.0884165 worst_row=0 worst_idx=0 worst_delta=0 cand=0.0884165 ref=0.0884165
ds4: varmap-attn compare layer=26 pos=31 rows=4 max=0 rms=0 first_row=0 first_idx=0 first_delta=0 cand=-0.107178 ref=-0.107178 worst_row=0 worst_idx=0 worst_delta=0 cand=-0.107178 ref=-0.107178
ds4: varmap-attn compare layer=27 pos=31 rows=4 max=0 rms=0 first_row=0 first_idx=0 first_delta=0 cand=-0.143428 ref=-0.143428 worst_row=0 worst_idx=0 worst_delta=0 cand=-0.143428 ref=-0.143428
ds4: varmap-attn compare layer=28 pos=31 rows=4 max=0 rms=0 first_row=0 first_idx=0 first_delta=0 cand=-0.216321 ref=-0.216321 worst_row=0 worst_idx=0 worst_delta=0 cand=-0.216321 ref=-0.216321
ds4: varmap-attn compare layer=29 pos=31 rows=4 max=0 rms=0 first_row=0 first_idx=0 first_delta=0 cand=0.236834 ref=0.236834 worst_row=0 worst_idx=0 worst_delta=0 cand=0.236834 ref=0.236834
ds4: varmap-attn compare layer=30 pos=31 rows=4 max=0 rms=0 first_row=0 first_idx=0 first_delta=0 cand=-0.0694626 ref=-0.0694626 worst_row=0 worst_idx=0 worst_delta=0 cand=-0.0694626 ref=-0.0694626
ds4: varmap-attn compare layer=31 pos=31 rows=4 max=0 rms=0 first_row=0 first_idx=0 first_delta=0 cand=0.0814647 ref=0.0814647 worst_row=0 worst_idx=0 worst_delta=0 cand=0.0814647 ref=0.0814647
ds4: varmap-attn compare layer=32 pos=31 rows=4 max=0 rms=0 first_row=0 first_idx=0 first_delta=0 cand=-0.567015 ref=-0.567015 worst_row=0 worst_idx=0 worst_delta=0 cand=-0.567015 ref=-0.567015
ds4: varmap-attn compare layer=33 pos=31 rows=4 max=0 rms=0 first_row=0 first_idx=0 first_delta=0 cand=-0.26592 ref=-0.26592 worst_row=0 worst_idx=0 worst_delta=0 cand=-0.26592 ref=-0.26592
ds4: varmap-attn compare layer=34 pos=31 rows=4 max=0 rms=0 first_row=0 first_idx=0 first_delta=0 cand=0.570983 ref=0.570983 worst_row=0 worst_idx=0 worst_delta=0 cand=0.570983 ref=0.570983
ds4: varmap-attn compare layer=35 pos=31 rows=4 max=0 rms=0 first_row=0 first_idx=0 first_delta=0 cand=-1.11618 ref=-1.11618 worst_row=0 worst_idx=0 worst_delta=0 cand=-1.11618 ref=-1.11618
ds4: varmap-attn compare layer=36 pos=31 rows=4 max=0 rms=0 first_row=0 first_idx=0 first_delta=0 cand=-0.253632 ref=-0.253632 worst_row=0 worst_idx=0 worst_delta=0 cand=-0.253632 ref=-0.253632
ds4: varmap-attn compare layer=37 pos=31 rows=4 max=0 rms=0 first_row=0 first_idx=0 first_delta=0 cand=-0.113915 ref=-0.113915 worst_row=0 worst_idx=0 worst_delta=0 cand=-0.113915 ref=-0.113915
ds4: varmap-attn compare layer=38 pos=31 rows=4 max=0 rms=0 first_row=0 first_idx=0 first_delta=0 cand=-0.176634 ref=-0.176634 worst_row=0 worst_idx=0 worst_delta=0 cand=-0.176634 ref=-0.176634
ds4: varmap-attn compare layer=39 pos=31 rows=4 max=0 rms=0 first_row=0 first_idx=0 first_delta=0 cand=0.84897 ref=0.84897 worst_row=0 worst_idx=0 worst_delta=0 cand=0.84897 ref=0.84897
ds4: varmap-attn compare layer=40 pos=31 rows=4 max=0 rms=0 first_row=0 first_idx=0 first_delta=0 cand=-1.43486 ref=-1.43486 worst_row=0 worst_idx=0 worst_delta=0 cand=-1.43486 ref=-1.43486
ds4: varmap-attn compare layer=41 pos=31 rows=4 max=0 rms=0 first_row=0 first_idx=0 first_delta=0 cand=0.237466 ref=0.237466 worst_row=0 worst_idx=0 worst_delta=0 cand=0.237466 ref=0.237466
ds4: varmap-attn compare layer=42 pos=31 rows=4 max=0 rms=0 first_row=0 first_idx=0 first_delta=0 cand=-0.0167963 ref=-0.0167963 worst_row=0 worst_idx=0 worst_delta=0 cand=-0.0167963 ref=-0.0167963
ds4: ----------------------------------------
ds4: prefill: 6.53 t/s, generation: 15.08 t/s (16 tokens in 1.061s)
ds4: dspark acceptance: 85.7% (12/14 draft tokens)
ds4: dspark acceptance by position: 1=3/3 2=3/3 3=3/3 4=2/3 5=1/2
ds4: dspark avg scheduled: 4.67 draft tokens/block (3 blocks)
