ds4: detected DS4 sidecar package: -m /Users/anemll/Models/flash/dsv4-iq2xxs-expert-major/dense/model-dense.gguf, --moe-sidecar /Users/anemll/Models/flash/dsv4-iq2xxs-expert-major, --moe-mode slot-bank
ds4: profile: 20 ANE env defaults skipped (ANE off by default until precision work lands; enable with --ane or DS4_ANE=1)
ds4: applied sidecar tuning profile [Apple M5 Max] from ds4_profile.json (30 env defaults set, 1 kept from environment)
ds4: context buffers 1488.81 MiB (ctx=40000, backend=metal, prefill_chunk=16384, raw_kv_rows=16640, compressed_kv_rows=514/10002 max, grow_block=2048)
ds4: Flash-MoE sidecar loaded: /Users/anemll/Models/flash/dsv4-iq2xxs-expert-major (slot-bank=32, expert-record 6.75 MiB)
ds4: Flash-MoE expert mmap cache: on (72.56 GiB mapped); expert reads: pread
ds4: Metal device Apple M5 Max, 128.00 GiB RAM, GPU working-set budget 107.52 GiB (raise with: sudo sysctl iogpu.wired_limit_mb=<MB>)
ds4: drift-patch flags hc_stable=on norm_unify=on kv_raw_f32=off rope_exp2_log2=off math_safe=off tensor_matmul=off
ds4: Flash-MoE using mmap-backed dense/shared weights without full-model Metal residency warmup
ds4: Metal model views created in 0.323 ms, residency requested in 0.000 ms, warmup 0.000 ms (mapped 8393.67 MiB from offset 5.06 MiB)
ds4: Metal mapped mmaped model as 1 overlapping shared buffers
ds4: metal backend initialized for graph diagnostics
ds4: prefill routed-MoE (requested): mul_mm_id (grouped GPU / ALU)  [grouped path]
ds4: prefill ctx-grow: on, block=2048 tokens
ds4: prefill chunk cap: 16384, graph_raw_cap=auto
ds4: startup timing: engine=0.059s profile=0.001s model=0.006s sidecar=0.006s weights=0.001s dspark=0.000s backend=0.045s prewarm=0.000s
ds4: Flash-MoE direct mmap bank ready: layers=43 slots=256 file-backed=72.6GB gpu-bank=0.0GB Dense: 8.2GB Context: 3.1GB Total virtual <<<< 83.9GB >>>>
ds4: Flash-MoE slot bank layout: direct read-only sidecar mmap (true expert id == slot id; active slots6 no-copy views, no parent layer MTLBuffers)
ds4: Flash-MoE direct mmap auto-selected for sidecar layout (disable with DS4_FLASH_MOE_DIRECT_MMAP_AUTO=0)
ds4: prefill compute: routed experts = GPU fp32 (direct-mmap tiny groups prefer mul_mv_id) | dense proj = fp32 (legacy)
ds4: prefill I/O: io-split=4 async-pread=on pread-threads=4 readahead=12 bank-prefetch=3 slot-cache-topk=0 xlayer=auto<=6k-tok topk=128
ds4: decode  I/O: io-split=4 router-prefetch=off scratch-prefetch=off max-loads=0 layer-stride=1 miss-direct-slot-pread=on prefetch-direct-slot-pread=off did-modify=on shared-down=on reset-after-prefill=off realloc-after-prefill=off restore-after-prefill=off resident=slot-bank slots=256
ds4: Flash-MoE banked kernels using M5 simdgroup_matrix fast path (prefetch=3, banks=4)
ds4: session startup timing: total=0.002s raw-graph=0.002s flash-moe=0.000s steering=0.000s draft-scratch=no
ds4: prefill chunk cap EFFECTIVE=16384 tokens (DS4_METAL_PREFILL_CHUNK=16384) (resident-NAX tiles this by scratch_cap; that tile gates the sync bridge)
processing 8110 input tokens: 0/8110 (0.0%) batch=0.00 t/s avg=0.00 t/s
processing 8110 input tokens: 188/8110 (2.3%) batch=138.42 t/s avg=138.22 t/s
processing 8110 input tokens: 377/8110 (4.6%) batch=175.42 t/s avg=154.66 t/s
processing 8110 input tokens: 565/8110 (7.0%) batch=148.55 t/s avg=152.57 t/s
processing 8110 input tokens: 754/8110 (9.3%) batch=171.92 t/s avg=157.00 t/s
processing 8110 input tokens: 943/8110 (11.6%) batch=150.47 t/s avg=155.65 t/s
processing 8110 input tokens: 1131/8110 (13.9%) batch=170.91 t/s avg=157.99 t/s
processing 8110 input tokens: 1320/8110 (16.3%) batch=149.47 t/s avg=156.71 t/s
processing 8110 input tokens: 1508/8110 (18.6%) batch=165.78 t/s avg=157.79 t/s
processing 8110 input tokens: 1697/8110 (20.9%) batch=148.21 t/s avg=156.66 t/s
processing 8110 input tokens: 1886/8110 (23.3%) batch=166.85 t/s avg=157.63 t/s
processing 8110 input tokens: 2074/8110 (25.6%) batch=145.26 t/s avg=156.42 t/s
processing 8110 input tokens: 2263/8110 (27.9%) batch=166.42 t/s avg=157.21 t/s
processing 8110 input tokens: 2451/8110 (30.2%) batch=145.18 t/s avg=156.21 t/s
processing 8110 input tokens: 2640/8110 (32.6%) batch=164.27 t/s avg=156.76 t/s
processing 8110 input tokens: 2829/8110 (34.9%) batch=144.91 t/s avg=155.91 t/s
processing 8110 input tokens: 3017/8110 (37.2%) batch=163.64 t/s avg=156.37 t/s
processing 8110 input tokens: 3206/8110 (39.5%) batch=144.44 t/s avg=155.61 t/s
processing 8110 input tokens: 3394/8110 (41.8%) batch=161.49 t/s avg=155.93 t/s
processing 8110 input tokens: 3583/8110 (44.2%) batch=144.29 t/s avg=155.27 t/s
processing 8110 input tokens: 3772/8110 (46.5%) batch=164.09 t/s avg=155.69 t/s
processing 8110 input tokens: 3960/8110 (48.8%) batch=142.04 t/s avg=154.98 t/s
processing 8110 input tokens: 4149/8110 (51.2%) batch=162.97 t/s avg=155.33 t/s
processing 8110 input tokens: 4337/8110 (53.5%) batch=141.76 t/s avg=154.69 t/s
processing 8110 input tokens: 4526/8110 (55.8%) batch=160.67 t/s avg=154.93 t/s
processing 8110 input tokens: 4715/8110 (58.1%) batch=143.58 t/s avg=154.44 t/s
processing 8110 input tokens: 4903/8110 (60.5%) batch=161.07 t/s avg=154.68 t/s
processing 8110 input tokens: 5092/8110 (62.8%) batch=142.51 t/s avg=154.19 t/s
processing 8110 input tokens: 5280/8110 (65.1%) batch=160.84 t/s avg=154.42 t/s
processing 8110 input tokens: 5469/8110 (67.4%) batch=141.91 t/s avg=153.95 t/s
processing 8110 input tokens: 5658/8110 (69.8%) batch=161.57 t/s avg=154.19 t/s
processing 8110 input tokens: 5846/8110 (72.1%) batch=141.03 t/s avg=153.73 t/s
processing 8110 input tokens: 6035/8110 (74.4%) batch=161.86 t/s avg=153.97 t/s
processing 8110 input tokens: 6223/8110 (76.7%) batch=141.59 t/s avg=153.57 t/s
processing 8110 input tokens: 6412/8110 (79.1%) batch=159.45 t/s avg=153.74 t/s
processing 8110 input tokens: 6601/8110 (81.4%) batch=142.54 t/s avg=153.39 t/s
processing 8110 input tokens: 6789/8110 (83.7%) batch=160.29 t/s avg=153.57 t/s
processing 8110 input tokens: 6978/8110 (86.0%) batch=140.11 t/s avg=153.18 t/s
processing 8110 input tokens: 7166/8110 (88.4%) batch=159.19 t/s avg=153.33 t/s
processing 8110 input tokens: 7355/8110 (90.7%) batch=140.84 t/s avg=152.98 t/s
processing 8110 input tokens: 7544/8110 (93.0%) batch=159.62 t/s avg=153.14 t/s
processing 8110 input tokens: 7732/8110 (95.3%) batch=142.13 t/s avg=152.85 t/s
processing 8110 input tokens: 7921/8110 (97.7%) batch=162.36 t/s avg=153.06 t/s
processing 8110 input tokens: 8110/8110 (100.0%) batch=140.91 t/s avg=152.76 t/s
ds4: prefill full: 8110 tokens in 53092.8 ms (152.8 t/s)
ds4: Flash-MoE using direct mmap slots6 decode path (cached active file-backed expert views, no slot copies)
ds4: ----------------------------------------
ds4: prefill: 152.75 t/s, generation: 9.12 t/s (1 tokens in 0.110s)
ds4: ttf: first-output=53.302s total=53.302s (engine=0.059s session=0.002s prompt=0.002s prefill=53.093s decode=0.110s)
ds4: vm pressure: app=8.74 GiB resident=0.22 GiB wired=19.30 GiB compressed=2.58 GiB logical=4.91 GiB swap=0.78/2.00 GiB pressure=57% free=0.13 GiB gpu=8.71 GiB gpu-compressed=0.00 GiB task-compressed=0.00 GiB decompressions=0
ds4: Flash-MoE slot-bank stats hits=258 misses=9025 hit-rate=2.8% resident-slots=11008/11008 (100.0%, avg=256.0/layer min=256 max=256 of 256) installed=60918.75 MiB
ds4: Flash-MoE prefill dedup refs=2092380 unique=9025 saved=2083355 (99.6%) reuse=231.84x
real 53.36
user 1.84
sys 8.97
