ds4: context buffers 940.59 MiB (ctx=10000, backend=metal, prefill_chunk=4096, raw_kv_rows=8704, compressed_kv_rows=2502)
ds4: Flash-MoE sidecar loaded: /Users/anemll/Models/flash/dsv4-iq2xxs-expert-major (slot-bank=96, expert-record 6.75 MiB)
ds4: Metal device Apple M5 Max, 128.00 GiB RAM
ds4: Flash-MoE using mmap-backed dense/shared weights without full-model Metal residency warmup
ds4: Metal model views created in 0.263 ms, residency requested in 0.000 ms, warmup 0.000 ms (mapped 8393.67 MiB from offset 5.06 MiB)
ds4: Metal mapped mmaped model as 1 overlapping shared buffers
ds4: metal backend initialized for graph diagnostics
ds4: prefill routed-MoE (requested): mul_mm_id (grouped GPU / ALU)  [grouped path]
ds4: prefill quant scales (MPP/NAX env first): w_qscale=512 x_qscale=32 mid_qscale=32 w_scale=0.00195312 x_scale=0.03125 mid_scale=0.03125
ds4: prefill ctx-grow: on, block=2048 tokens
ds4: prefill chunk cap: 4096, graph_raw_cap=8704
ds4: Flash-MoE slot banks allocated: layers=43 slots=96 gpu-bank=27864.00 MiB
ds4: prefill compute: routed experts = GPU MPP-int8 / NAX (W8A8) | dense proj = fp16-NAX (half x half)
ds4: prefill I/O: io-split=4 async-pread=on pread-threads=4 readahead=12 bank-prefetch=3 xlayer=auto<=6k-tok topk=48
ds4: decode  I/O: io-split=4 temporal-prefetch=on slots=96
ds4: Flash-MoE banked kernels using M5 simdgroup_matrix fast path (prefetch=3, banks=4)
ds4: prefill chunk cap EFFECTIVE=4096 tokens (DS4_METAL_PREFILL_CHUNK=4096) (resident-NAX tiles this by scratch_cap; that tile gates the sync bridge)
processing 8423 input tokens: 0/8423 (0.0%) batch=0.00 t/s avg=0.00 t/s
ds4: MPP/NAX int8 partial-tile workaround active (64-row MPP tiles, tail rows use legacy GPU; set DS4_FLASH_MOE_MPP_ALLOW_PARTIAL_TILES=1 to benchmark old behavior)
ds4: Flash-MoE prefill layer=0 tokens=4096 unique=256 refs=24576 sync=88.145 ms plan=0.782 ms stage/compute=303.235 ms misses=256
ds4: gpu chunked prefill pos=0 tokens=4096 layer 0 encode=397.787 ms execute=19.930 ms
ds4: Flash-MoE prefill layer=1 tokens=4096 unique=256 refs=24576 sync=44.948 ms plan=0.310 ms stage/compute=282.368 ms misses=256
ds4: gpu chunked prefill pos=0 tokens=4096 layer 1 encode=331.758 ms execute=9.610 ms
ds4: Flash-MoE prefill layer=2 tokens=4096 unique=256 refs=24576 sync=129.540 ms plan=0.324 ms stage/compute=281.336 ms misses=256
ds4: gpu chunked prefill pos=0 tokens=4096 layer 2 encode=412.232 ms execute=9.322 ms
ds4: Flash-MoE prefill layer=3 tokens=4096 unique=243 refs=24576 sync=53.538 ms plan=0.457 ms stage/compute=241.404 ms misses=243
ds4: Flash-MoE async pread canceled queued=0 reading=0 ready=3 finished=0
ds4: gpu chunked prefill pos=0 tokens=4096 layer 3 encode=300.645 ms execute=9.482 ms
ds4: Flash-MoE prefill layer=4 tokens=4096 unique=238 refs=24576 sync=124.813 ms plan=0.385 ms stage/compute=223.629 ms misses=238
ds4: Flash-MoE async pread canceled queued=0 reading=0 ready=6 finished=0
ds4: gpu chunked prefill pos=0 tokens=4096 layer 4 encode=349.470 ms execute=10.130 ms
ds4: Flash-MoE prefill layer=5 tokens=4096 unique=250 refs=24576 sync=53.083 ms plan=0.339 ms stage/compute=238.892 ms misses=250
ds4: Flash-MoE async pread canceled queued=0 reading=0 ready=7 finished=0
ds4: gpu chunked prefill pos=0 tokens=4096 layer 5 encode=296.922 ms execute=9.554 ms
ds4: Flash-MoE prefill layer=6 tokens=4096 unique=245 refs=24576 sync=125.256 ms plan=0.378 ms stage/compute=230.850 ms misses=245
ds4: Flash-MoE async pread canceled queued=0 reading=0 ready=7 finished=0
ds4: gpu chunked prefill pos=0 tokens=4096 layer 6 encode=357.002 ms execute=9.545 ms
ds4: Flash-MoE prefill layer=7 tokens=4096 unique=247 refs=24576 sync=52.722 ms plan=0.358 ms stage/compute=224.668 ms misses=247
ds4: Flash-MoE async pread canceled queued=0 reading=0 ready=9 finished=0
ds4: gpu chunked prefill pos=0 tokens=4096 layer 7 encode=281.943 ms execute=9.349 ms
ds4: Flash-MoE prefill layer=8 tokens=4096 unique=239 refs=24576 sync=125.064 ms plan=0.423 ms stage/compute=221.236 ms misses=239
ds4: Flash-MoE async pread canceled queued=0 reading=0 ready=13 finished=0
ds4: gpu chunked prefill pos=0 tokens=4096 layer 8 encode=347.311 ms execute=10.110 ms
ds4: Flash-MoE prefill layer=9 tokens=4096 unique=249 refs=24576 sync=53.583 ms plan=0.398 ms stage/compute=229.101 ms misses=249
ds4: Flash-MoE async pread canceled queued=0 reading=0 ready=15 finished=0
ds4: gpu chunked prefill pos=0 tokens=4096 layer 9 encode=287.253 ms execute=9.464 ms
ds4: Flash-MoE prefill layer=10 tokens=4096 unique=242 refs=24576 sync=125.267 ms plan=0.372 ms stage/compute=228.748 ms misses=242
ds4: Flash-MoE async pread canceled queued=0 reading=0 ready=19 finished=0
ds4: gpu chunked prefill pos=0 tokens=4096 layer 10 encode=354.925 ms execute=10.056 ms
ds4: Flash-MoE prefill layer=11 tokens=4096 unique=251 refs=24576 sync=53.189 ms plan=0.293 ms stage/compute=220.059 ms misses=251
ds4: Flash-MoE async pread canceled queued=0 reading=0 ready=21 finished=0
ds4: gpu chunked prefill pos=0 tokens=4096 layer 11 encode=277.705 ms execute=9.542 ms
ds4: Flash-MoE prefill layer=12 tokens=4096 unique=231 refs=24576 sync=125.421 ms plan=0.352 ms stage/compute=206.255 ms misses=231
ds4: Flash-MoE async pread canceled queued=0 reading=0 ready=27 finished=0
ds4: gpu chunked prefill pos=0 tokens=4096 layer 12 encode=332.626 ms execute=10.257 ms
ds4: Flash-MoE prefill layer=13 tokens=4096 unique=239 refs=24576 sync=52.971 ms plan=0.315 ms stage/compute=209.673 ms misses=239
ds4: Flash-MoE async pread canceled queued=0 reading=0 ready=30 finished=0
ds4: gpu chunked prefill pos=0 tokens=4096 layer 13 encode=266.916 ms execute=9.543 ms
ds4: Flash-MoE prefill layer=14 tokens=4096 unique=235 refs=24576 sync=124.904 ms plan=0.389 ms stage/compute=206.038 ms misses=235
ds4: Flash-MoE async pread canceled queued=0 reading=0 ready=35 finished=0
ds4: gpu chunked prefill pos=0 tokens=4096 layer 14 encode=331.854 ms execute=10.146 ms
ds4: Flash-MoE prefill layer=15 tokens=4096 unique=234 refs=24576 sync=53.265 ms plan=0.471 ms stage/compute=205.450 ms misses=234
ds4: Flash-MoE async pread canceled queued=0 reading=0 ready=38 finished=0
ds4: gpu chunked prefill pos=0 tokens=4096 layer 15 encode=263.348 ms execute=9.308 ms
ds4: Flash-MoE prefill layer=16 tokens=4096 unique=234 refs=24576 sync=125.334 ms plan=0.335 ms stage/compute=207.831 ms misses=234
ds4: Flash-MoE async pread canceled queued=0 reading=0 ready=43 finished=0
ds4: gpu chunked prefill pos=0 tokens=4096 layer 16 encode=334.037 ms execute=10.111 ms
ds4: Flash-MoE prefill layer=17 tokens=4096 unique=238 refs=24576 sync=53.176 ms plan=0.324 ms stage/compute=213.028 ms misses=238
ds4: Flash-MoE async pread canceled queued=0 reading=0 ready=45 finished=0
ds4: gpu chunked prefill pos=0 tokens=4096 layer 17 encode=270.471 ms execute=10.157 ms
ds4: Flash-MoE prefill layer=18 tokens=4096 unique=240 refs=24576 sync=124.844 ms plan=0.364 ms stage/compute=209.476 ms misses=240
ds4: Flash-MoE async pread canceled queued=0 reading=0 ready=50 finished=0
ds4: gpu chunked prefill pos=0 tokens=4096 layer 18 encode=335.252 ms execute=9.645 ms
ds4: Flash-MoE prefill layer=19 tokens=4096 unique=240 refs=24576 sync=53.296 ms plan=0.339 ms stage/compute=235.271 ms misses=240
ds4: Flash-MoE async pread canceled queued=0 reading=0 ready=52 finished=0
ds4: gpu chunked prefill pos=0 tokens=4096 layer 19 encode=292.890 ms execute=9.554 ms
ds4: Flash-MoE prefill layer=20 tokens=4096 unique=236 refs=24576 sync=125.222 ms plan=0.356 ms stage/compute=214.701 ms misses=236
ds4: Flash-MoE async pread canceled queued=0 reading=0 ready=55 finished=0
ds4: gpu chunked prefill pos=0 tokens=4096 layer 20 encode=340.822 ms execute=9.534 ms
ds4: Flash-MoE prefill layer=21 tokens=4096 unique=239 refs=24576 sync=53.209 ms plan=0.462 ms stage/compute=232.526 ms misses=239
ds4: Flash-MoE async pread canceled queued=0 reading=0 ready=56 finished=0
ds4: gpu chunked prefill pos=0 tokens=4096 layer 21 encode=290.551 ms execute=9.614 ms
ds4: Flash-MoE prefill layer=22 tokens=4096 unique=244 refs=24576 sync=125.331 ms plan=0.392 ms stage/compute=217.613 ms misses=244
ds4: Flash-MoE async pread canceled queued=0 reading=0 ready=60 finished=0
ds4: gpu chunked prefill pos=0 tokens=4096 layer 22 encode=343.860 ms execute=10.516 ms
ds4: Flash-MoE prefill layer=23 tokens=4096 unique=242 refs=24576 sync=52.771 ms plan=0.341 ms stage/compute=233.259 ms misses=242
ds4: Flash-MoE async pread canceled queued=0 reading=0 ready=63 finished=0
ds4: gpu chunked prefill pos=0 tokens=4096 layer 23 encode=290.583 ms execute=10.119 ms
ds4: Flash-MoE prefill layer=24 tokens=4096 unique=234 refs=24576 sync=125.223 ms plan=0.357 ms stage/compute=214.636 ms misses=234
ds4: Flash-MoE async pread canceled queued=0 reading=0 ready=65 finished=0
ds4: gpu chunked prefill pos=0 tokens=4096 layer 24 encode=340.801 ms execute=10.125 ms
ds4: Flash-MoE prefill layer=25 tokens=4096 unique=240 refs=24576 sync=52.900 ms plan=0.354 ms stage/compute=232.953 ms misses=240
ds4: Flash-MoE async pread canceled queued=0 reading=0 ready=70 finished=0
ds4: gpu chunked prefill pos=0 tokens=4096 layer 25 encode=290.181 ms execute=9.707 ms
ds4: Flash-MoE prefill layer=26 tokens=4096 unique=236 refs=24576 sync=124.878 ms plan=0.338 ms stage/compute=216.232 ms misses=236
ds4: Flash-MoE async pread canceled queued=0 reading=0 ready=74 finished=0
ds4: gpu chunked prefill pos=0 tokens=4096 layer 26 encode=342.036 ms execute=10.244 ms
ds4: Flash-MoE prefill layer=27 tokens=4096 unique=246 refs=24576 sync=55.822 ms plan=0.426 ms stage/compute=235.337 ms misses=246
ds4: Flash-MoE async pread canceled queued=0 reading=0 ready=75 finished=0
ds4: gpu chunked prefill pos=0 tokens=4096 layer 27 encode=296.386 ms execute=9.515 ms
ds4: Flash-MoE prefill layer=28 tokens=4096 unique=234 refs=24576 sync=126.484 ms plan=0.334 ms stage/compute=220.785 ms misses=234
ds4: Flash-MoE async pread canceled queued=0 reading=0 ready=83 finished=0
ds4: gpu chunked prefill pos=0 tokens=4096 layer 28 encode=348.128 ms execute=10.193 ms
ds4: Flash-MoE prefill layer=29 tokens=4096 unique=244 refs=24576 sync=53.060 ms plan=0.390 ms stage/compute=227.470 ms misses=244
ds4: Flash-MoE async pread canceled queued=0 reading=0 ready=85 finished=0
ds4: gpu chunked prefill pos=0 tokens=4096 layer 29 encode=285.182 ms execute=9.554 ms
ds4: Flash-MoE prefill layer=30 tokens=4096 unique=241 refs=24576 sync=124.919 ms plan=0.297 ms stage/compute=229.335 ms misses=241
ds4: Flash-MoE async pread canceled queued=0 reading=0 ready=90 finished=0
ds4: gpu chunked prefill pos=0 tokens=4096 layer 30 encode=355.051 ms execute=10.160 ms
ds4: Flash-MoE prefill layer=31 tokens=4096 unique=244 refs=24576 sync=52.786 ms plan=0.321 ms stage/compute=229.969 ms misses=244
ds4: Flash-MoE async pread canceled queued=0 reading=0 ready=91 finished=0
ds4: gpu chunked prefill pos=0 tokens=4096 layer 31 encode=287.317 ms execute=11.089 ms
ds4: Flash-MoE prefill layer=32 tokens=4096 unique=243 refs=24576 sync=127.398 ms plan=0.345 ms stage/compute=223.405 ms misses=243
ds4: Flash-MoE async pread canceled queued=0 reading=0 ready=94 finished=0
ds4: gpu chunked prefill pos=0 tokens=4096 layer 32 encode=351.697 ms execute=9.562 ms
ds4: Flash-MoE prefill layer=33 tokens=4096 unique=242 refs=24576 sync=52.745 ms plan=0.384 ms stage/compute=219.903 ms misses=242
ds4: Flash-MoE async pread canceled queued=0 reading=0 ready=98 finished=0
ds4: gpu chunked prefill pos=0 tokens=4096 layer 33 encode=277.274 ms execute=9.204 ms
ds4: Flash-MoE prefill layer=34 tokens=4096 unique=241 refs=24576 sync=125.393 ms plan=0.448 ms stage/compute=222.041 ms misses=241
ds4: Flash-MoE async pread canceled queued=0 reading=0 ready=100 finished=0
ds4: gpu chunked prefill pos=0 tokens=4096 layer 34 encode=348.486 ms execute=10.092 ms
ds4: Flash-MoE prefill layer=35 tokens=4096 unique=245 refs=24576 sync=52.905 ms plan=0.392 ms stage/compute=234.799 ms misses=245
ds4: Flash-MoE async pread canceled queued=0 reading=0 ready=100 finished=0
ds4: gpu chunked prefill pos=0 tokens=4096 layer 35 encode=292.536 ms execute=9.546 ms
ds4: Flash-MoE prefill layer=36 tokens=4096 unique=247 refs=24576 sync=124.763 ms plan=0.408 ms stage/compute=215.078 ms misses=247
ds4: Flash-MoE async pread canceled queued=0 reading=0 ready=105 finished=0
ds4: gpu chunked prefill pos=0 tokens=4096 layer 36 encode=340.755 ms execute=9.413 ms
ds4: Flash-MoE prefill layer=37 tokens=4096 unique=243 refs=24576 sync=52.645 ms plan=0.432 ms stage/compute=212.789 ms misses=243
ds4: Flash-MoE async pread canceled queued=0 reading=0 ready=110 finished=0
ds4: gpu chunked prefill pos=0 tokens=4096 layer 37 encode=270.077 ms execute=9.285 ms
ds4: Flash-MoE prefill layer=38 tokens=4096 unique=244 refs=24576 sync=125.290 ms plan=0.380 ms stage/compute=220.638 ms misses=244
ds4: Flash-MoE async pread canceled queued=0 reading=0 ready=111 finished=0
ds4: gpu chunked prefill pos=0 tokens=4096 layer 38 encode=346.846 ms execute=10.049 ms
ds4: Flash-MoE prefill layer=39 tokens=4096 unique=250 refs=24576 sync=52.677 ms plan=0.335 ms stage/compute=227.870 ms misses=250
ds4: Flash-MoE async pread canceled queued=0 reading=0 ready=112 finished=0
ds4: gpu chunked prefill pos=0 tokens=4096 layer 39 encode=285.006 ms execute=9.469 ms
ds4: Flash-MoE prefill layer=40 tokens=4096 unique=232 refs=24576 sync=125.145 ms plan=0.484 ms stage/compute=203.875 ms misses=232
ds4: Flash-MoE async pread canceled queued=0 reading=0 ready=115 finished=0
ds4: gpu chunked prefill pos=0 tokens=4096 layer 40 encode=330.006 ms execute=9.410 ms
ds4: Flash-MoE prefill layer=41 tokens=4096 unique=232 refs=24576 sync=53.326 ms plan=0.297 ms stage/compute=212.842 ms misses=232
ds4: Flash-MoE async pread canceled queued=0 reading=0 ready=120 finished=0
ds4: gpu chunked prefill pos=0 tokens=4096 layer 41 encode=270.517 ms execute=9.437 ms
ds4: Flash-MoE prefill layer=42 tokens=4096 unique=231 refs=24576 sync=126.030 ms plan=0.383 ms stage/compute=219.973 ms misses=231
ds4: Flash-MoE async pread canceled queued=0 reading=0 ready=125 finished=0
ds4: gpu chunked prefill pos=0 tokens=4096 layer 42 encode=346.905 ms execute=9.201 ms
processing 8423 input tokens: 4096/8423 (48.6%) batch=289.77 t/s avg=288.96 t/s
ds4: Flash-MoE prefill layer=0 tokens=4096 unique=256 refs=24576 sync=45.050 ms plan=0.434 ms stage/compute=292.691 ms misses=256
ds4: Flash-MoE async pread canceled queued=0 reading=0 ready=125 finished=0
ds4: gpu chunked prefill pos=4096 tokens=4096 layer 0 encode=341.790 ms execute=10.169 ms
ds4: Flash-MoE prefill layer=1 tokens=4096 unique=256 refs=24576 sync=45.406 ms plan=0.418 ms stage/compute=290.135 ms misses=256
ds4: Flash-MoE async pread canceled queued=0 reading=0 ready=125 finished=0
ds4: gpu chunked prefill pos=4096 tokens=4096 layer 1 encode=339.530 ms execute=9.699 ms
ds4: Flash-MoE prefill layer=2 tokens=4096 unique=256 refs=24576 sync=152.790 ms plan=0.373 ms stage/compute=284.802 ms misses=256
ds4: Flash-MoE async pread canceled queued=0 reading=0 ready=125 finished=0
ds4: gpu chunked prefill pos=4096 tokens=4096 layer 2 encode=438.517 ms execute=9.473 ms
ds4: Flash-MoE prefill layer=3 tokens=4096 unique=240 refs=24576 sync=53.812 ms plan=0.406 ms stage/compute=241.882 ms misses=240
ds4: Flash-MoE async pread canceled queued=0 reading=0 ready=130 finished=0
ds4: gpu chunked prefill pos=4096 tokens=4096 layer 3 encode=299.845 ms execute=9.727 ms
ds4: Flash-MoE prefill layer=4 tokens=4096 unique=226 refs=24576 sync=152.503 ms plan=0.401 ms stage/compute=222.821 ms misses=226
ds4: Flash-MoE async pread canceled queued=0 reading=0 ready=136 finished=0
ds4: gpu chunked prefill pos=4096 tokens=4096 layer 4 encode=376.282 ms execute=10.606 ms
ds4: Flash-MoE prefill layer=5 tokens=4096 unique=244 refs=24576 sync=55.384 ms plan=0.346 ms stage/compute=235.209 ms misses=244
ds4: Flash-MoE async pread canceled queued=0 reading=0 ready=139 finished=0
ds4: gpu chunked prefill pos=4096 tokens=4096 layer 5 encode=294.568 ms execute=9.394 ms
ds4: Flash-MoE prefill layer=6 tokens=4096 unique=230 refs=24576 sync=152.870 ms plan=0.411 ms stage/compute=228.161 ms misses=230
ds4: Flash-MoE async pread canceled queued=0 reading=0 ready=144 finished=0
ds4: gpu chunked prefill pos=4096 tokens=4096 layer 6 encode=382.406 ms execute=9.603 ms
ds4: Flash-MoE prefill layer=7 tokens=4096 unique=235 refs=24576 sync=52.932 ms plan=0.368 ms stage/compute=215.985 ms misses=235
ds4: Flash-MoE async pread canceled queued=0 reading=0 ready=147 finished=0
ds4: gpu chunked prefill pos=4096 tokens=4096 layer 7 encode=273.023 ms execute=9.279 ms
ds4: Flash-MoE prefill layer=8 tokens=4096 unique=232 refs=24576 sync=154.396 ms plan=0.380 ms stage/compute=211.671 ms misses=232
ds4: Flash-MoE async pread canceled queued=0 reading=0 ready=152 finished=0
ds4: gpu chunked prefill pos=4096 tokens=4096 layer 8 encode=366.954 ms execute=10.097 ms
ds4: Flash-MoE prefill layer=9 tokens=4096 unique=242 refs=24576 sync=52.672 ms plan=0.388 ms stage/compute=228.382 ms misses=242
ds4: Flash-MoE async pread canceled queued=0 reading=0 ready=154 finished=0
ds4: gpu chunked prefill pos=4096 tokens=4096 layer 9 encode=285.161 ms execute=10.332 ms
ds4: Flash-MoE prefill layer=10 tokens=4096 unique=232 refs=24576 sync=153.528 ms plan=0.335 ms stage/compute=216.020 ms misses=232
ds4: Flash-MoE async pread canceled queued=0 reading=0 ready=161 finished=0
ds4: gpu chunked prefill pos=4096 tokens=4096 layer 10 encode=370.411 ms execute=10.129 ms
ds4: Flash-MoE prefill layer=11 tokens=4096 unique=244 refs=24576 sync=52.968 ms plan=0.346 ms stage/compute=220.927 ms misses=244
ds4: Flash-MoE async pread canceled queued=0 reading=0 ready=163 finished=0
ds4: gpu chunked prefill pos=4096 tokens=4096 layer 11 encode=277.636 ms execute=10.352 ms
ds4: Flash-MoE prefill layer=12 tokens=4096 unique=221 refs=24576 sync=154.472 ms plan=0.357 ms stage/compute=205.147 ms misses=221
ds4: Flash-MoE async pread canceled queued=0 reading=0 ready=170 finished=0
ds4: gpu chunked prefill pos=4096 tokens=4096 layer 12 encode=360.487 ms execute=10.291 ms
ds4: Flash-MoE prefill layer=13 tokens=4096 unique=239 refs=24576 sync=53.857 ms plan=0.316 ms stage/compute=206.094 ms misses=239
ds4: Flash-MoE async pread canceled queued=0 reading=0 ready=174 finished=0
ds4: gpu chunked prefill pos=4096 tokens=4096 layer 13 encode=263.975 ms execute=10.126 ms
ds4: Flash-MoE prefill layer=14 tokens=4096 unique=236 refs=24576 sync=154.223 ms plan=0.392 ms stage/compute=204.212 ms misses=236
ds4: Flash-MoE async pread canceled queued=0 reading=0 ready=177 finished=0
ds4: gpu chunked prefill pos=4096 tokens=4096 layer 14 encode=359.335 ms execute=10.297 ms
ds4: Flash-MoE prefill layer=15 tokens=4096 unique=231 refs=24576 sync=52.729 ms plan=0.325 ms stage/compute=204.538 ms misses=231
ds4: Flash-MoE async pread canceled queued=0 reading=0 ready=181 finished=0
ds4: gpu chunked prefill pos=4096 tokens=4096 layer 15 encode=261.267 ms execute=9.248 ms
ds4: Flash-MoE prefill layer=16 tokens=4096 unique=224 refs=24576 sync=153.006 ms plan=0.336 ms stage/compute=200.436 ms misses=224
ds4: Flash-MoE async pread canceled queued=0 reading=0 ready=187 finished=0
ds4: gpu chunked prefill pos=4096 tokens=4096 layer 16 encode=354.282 ms execute=10.040 ms
ds4: Flash-MoE prefill layer=17 tokens=4096 unique=230 refs=24576 sync=52.763 ms plan=0.324 ms stage/compute=204.187 ms misses=230
ds4: Flash-MoE async pread canceled queued=0 reading=0 ready=192 finished=0
ds4: gpu chunked prefill pos=4096 tokens=4096 layer 17 encode=260.918 ms execute=10.466 ms
ds4: Flash-MoE prefill layer=18 tokens=4096 unique=223 refs=24576 sync=153.150 ms plan=0.432 ms stage/compute=191.966 ms misses=223
ds4: Flash-MoE async pread canceled queued=0 reading=0 ready=198 finished=0
ds4: gpu chunked prefill pos=4096 tokens=4096 layer 18 encode=346.037 ms execute=9.460 ms
ds4: Flash-MoE prefill layer=19 tokens=4096 unique=236 refs=24576 sync=53.492 ms plan=0.419 ms stage/compute=231.825 ms misses=236
ds4: Flash-MoE async pread canceled queued=0 reading=0 ready=201 finished=0
ds4: gpu chunked prefill pos=4096 tokens=4096 layer 19 encode=289.355 ms execute=9.625 ms
ds4: Flash-MoE prefill layer=20 tokens=4096 unique=215 refs=24576 sync=154.040 ms plan=0.362 ms stage/compute=194.669 ms misses=215
ds4: Flash-MoE async pread canceled queued=0 reading=0 ready=211 finished=0
ds4: gpu chunked prefill pos=4096 tokens=4096 layer 20 encode=349.573 ms execute=10.631 ms
ds4: Flash-MoE prefill layer=21 tokens=4096 unique=221 refs=24576 sync=53.337 ms plan=0.316 ms stage/compute=208.700 ms misses=221
ds4: Flash-MoE async pread canceled queued=0 reading=0 ready=216 finished=0
ds4: gpu chunked prefill pos=4096 tokens=4096 layer 21 encode=265.744 ms execute=10.641 ms
ds4: Flash-MoE prefill layer=22 tokens=4096 unique=228 refs=24576 sync=155.012 ms plan=0.397 ms stage/compute=207.297 ms misses=228
ds4: Flash-MoE async pread canceled queued=0 reading=0 ready=219 finished=0
ds4: gpu chunked prefill pos=4096 tokens=4096 layer 22 encode=363.208 ms execute=10.443 ms
ds4: Flash-MoE prefill layer=23 tokens=4096 unique=229 refs=24576 sync=53.792 ms plan=0.324 ms stage/compute=218.724 ms misses=229
ds4: Flash-MoE async pread canceled queued=0 reading=0 ready=224 finished=0
ds4: gpu chunked prefill pos=4096 tokens=4096 layer 23 encode=276.359 ms execute=10.350 ms
ds4: Flash-MoE prefill layer=24 tokens=4096 unique=228 refs=24576 sync=152.737 ms plan=0.370 ms stage/compute=210.834 ms misses=228
ds4: Flash-MoE async pread canceled queued=0 reading=0 ready=226 finished=0
ds4: gpu chunked prefill pos=4096 tokens=4096 layer 24 encode=364.433 ms execute=10.213 ms
ds4: Flash-MoE prefill layer=25 tokens=4096 unique=243 refs=24576 sync=53.336 ms plan=0.351 ms stage/compute=227.684 ms misses=243
ds4: Flash-MoE async pread canceled queued=0 reading=0 ready=231 finished=0
ds4: gpu chunked prefill pos=4096 tokens=4096 layer 25 encode=285.195 ms execute=10.106 ms
ds4: Flash-MoE prefill layer=26 tokens=4096 unique=228 refs=24576 sync=152.359 ms plan=0.440 ms stage/compute=199.573 ms misses=228
ds4: Flash-MoE async pread canceled queued=0 reading=0 ready=235 finished=0
ds4: gpu chunked prefill pos=4096 tokens=4096 layer 26 encode=352.874 ms execute=10.337 ms
ds4: Flash-MoE prefill layer=27 tokens=4096 unique=229 refs=24576 sync=53.098 ms plan=0.409 ms stage/compute=216.483 ms misses=229
ds4: Flash-MoE async pread canceled queued=0 reading=0 ready=238 finished=0
ds4: gpu chunked prefill pos=4096 tokens=4096 layer 27 encode=273.759 ms execute=9.420 ms
ds4: Flash-MoE prefill layer=28 tokens=4096 unique=230 refs=24576 sync=152.932 ms plan=0.418 ms stage/compute=220.355 ms misses=230
ds4: Flash-MoE async pread canceled queued=0 reading=0 ready=241 finished=0
ds4: gpu chunked prefill pos=4096 tokens=4096 layer 28 encode=374.222 ms execute=9.603 ms
ds4: Flash-MoE prefill layer=29 tokens=4096 unique=225 refs=24576 sync=53.818 ms plan=0.376 ms stage/compute=212.111 ms misses=225
ds4: Flash-MoE async pread canceled queued=0 reading=0 ready=249 finished=0
ds4: gpu chunked prefill pos=4096 tokens=4096 layer 29 encode=269.962 ms execute=9.357 ms
ds4: Flash-MoE prefill layer=30 tokens=4096 unique=231 refs=24576 sync=154.044 ms plan=0.327 ms stage/compute=218.691 ms misses=231
ds4: Flash-MoE async pread canceled queued=0 reading=0 ready=255 finished=0
ds4: gpu chunked prefill pos=4096 tokens=4096 layer 30 encode=373.599 ms execute=10.693 ms
ds4: Flash-MoE prefill layer=31 tokens=4096 unique=227 refs=24576 sync=53.059 ms plan=0.424 ms stage/compute=207.979 ms misses=227
ds4: Flash-MoE async pread canceled queued=0 reading=0 ready=259 finished=0
ds4: gpu chunked prefill pos=4096 tokens=4096 layer 31 encode=265.130 ms execute=10.794 ms
ds4: Flash-MoE prefill layer=32 tokens=4096 unique=232 refs=24576 sync=153.038 ms plan=0.395 ms stage/compute=215.877 ms misses=232
ds4: Flash-MoE async pread canceled queued=0 reading=0 ready=262 finished=0
ds4: gpu chunked prefill pos=4096 tokens=4096 layer 32 encode=369.802 ms execute=9.543 ms
ds4: Flash-MoE prefill layer=33 tokens=4096 unique=225 refs=24576 sync=53.063 ms plan=0.367 ms stage/compute=211.790 ms misses=225
ds4: Flash-MoE async pread canceled queued=0 reading=0 ready=270 finished=0
ds4: gpu chunked prefill pos=4096 tokens=4096 layer 33 encode=268.883 ms execute=10.342 ms
ds4: Flash-MoE prefill layer=34 tokens=4096 unique=234 refs=24576 sync=154.531 ms plan=0.379 ms stage/compute=205.538 ms misses=234
ds4: Flash-MoE async pread canceled queued=0 reading=0 ready=278 finished=0
ds4: gpu chunked prefill pos=4096 tokens=4096 layer 34 encode=361.005 ms execute=10.250 ms
ds4: Flash-MoE prefill layer=35 tokens=4096 unique=230 refs=24576 sync=52.649 ms plan=0.387 ms stage/compute=212.583 ms misses=230
ds4: Flash-MoE async pread canceled queued=0 reading=0 ready=283 finished=0
ds4: gpu chunked prefill pos=4096 tokens=4096 layer 35 encode=269.377 ms execute=9.578 ms
ds4: Flash-MoE prefill layer=36 tokens=4096 unique=238 refs=24576 sync=154.132 ms plan=0.381 ms stage/compute=208.079 ms misses=238
ds4: Flash-MoE async pread canceled queued=0 reading=0 ready=287 finished=0
ds4: gpu chunked prefill pos=4096 tokens=4096 layer 36 encode=363.122 ms execute=9.514 ms
ds4: Flash-MoE prefill layer=37 tokens=4096 unique=232 refs=24576 sync=53.182 ms plan=0.498 ms stage/compute=201.217 ms misses=232
ds4: Flash-MoE async pread canceled queued=0 reading=0 ready=291 finished=0
ds4: gpu chunked prefill pos=4096 tokens=4096 layer 37 encode=258.667 ms execute=9.573 ms
ds4: Flash-MoE prefill layer=38 tokens=4096 unique=239 refs=24576 sync=153.331 ms plan=0.444 ms stage/compute=216.596 ms misses=239
ds4: Flash-MoE async pread canceled queued=0 reading=0 ready=294 finished=0
ds4: gpu chunked prefill pos=4096 tokens=4096 layer 38 encode=370.910 ms execute=9.689 ms
ds4: Flash-MoE prefill layer=39 tokens=4096 unique=233 refs=24576 sync=53.003 ms plan=0.378 ms stage/compute=212.248 ms misses=233
ds4: Flash-MoE async pread canceled queued=0 reading=0 ready=300 finished=0
ds4: gpu chunked prefill pos=4096 tokens=4096 layer 39 encode=269.546 ms execute=9.628 ms
ds4: Flash-MoE prefill layer=40 tokens=4096 unique=185 refs=24576 sync=154.145 ms plan=0.379 ms stage/compute=172.855 ms misses=185
ds4: Flash-MoE async pread canceled queued=0 reading=0 ready=313 finished=0
ds4: gpu chunked prefill pos=4096 tokens=4096 layer 40 encode=327.988 ms execute=9.368 ms
ds4: Flash-MoE prefill layer=41 tokens=4096 unique=190 refs=24576 sync=52.947 ms plan=0.363 ms stage/compute=188.170 ms misses=190
ds4: Flash-MoE async pread canceled queued=0 reading=0 ready=325 finished=0
ds4: gpu chunked prefill pos=4096 tokens=4096 layer 41 encode=245.144 ms execute=9.481 ms
ds4: Flash-MoE prefill layer=42 tokens=4096 unique=205 refs=24576 sync=153.687 ms plan=0.406 ms stage/compute=199.771 ms misses=205
ds4: Flash-MoE async pread canceled queued=0 reading=0 ready=335 finished=0
ds4: gpu chunked prefill pos=4096 tokens=4096 layer 42 encode=354.388 ms execute=9.161 ms
processing 8423 input tokens: 8192/8423 (97.3%) batch=287.51 t/s avg=288.24 t/s
ds4: Flash-MoE prefill layer=0 tokens=231 unique=251 refs=1386 sync=4.903 ms plan=0.373 ms stage/compute=96.854 ms misses=251
ds4: Flash-MoE async pread canceled queued=0 reading=0 ready=335 finished=0
ds4: gpu chunked prefill pos=8192 tokens=231 layer 0 encode=102.519 ms execute=1.038 ms
ds4: Flash-MoE prefill layer=1 tokens=231 unique=254 refs=1386 sync=4.747 ms plan=0.391 ms stage/compute=97.127 ms misses=254
ds4: Flash-MoE async pread canceled queued=0 reading=0 ready=335 finished=0
ds4: gpu chunked prefill pos=8192 tokens=231 layer 1 encode=102.513 ms execute=1.028 ms
ds4: Flash-MoE prefill layer=2 tokens=231 unique=252 refs=1386 sync=14.748 ms plan=0.371 ms stage/compute=96.043 ms misses=252
ds4: Flash-MoE async pread canceled queued=0 reading=0 ready=335 finished=0
ds4: gpu chunked prefill pos=8192 tokens=231 layer 2 encode=112.198 ms execute=1.002 ms
ds4: Flash-MoE prefill layer=3 tokens=231 unique=191 refs=1386 sync=5.658 ms plan=0.388 ms stage/compute=74.634 ms misses=191
ds4: Flash-MoE async pread canceled queued=0 reading=0 ready=348 finished=0
ds4: gpu chunked prefill pos=8192 tokens=231 layer 3 encode=81.285 ms execute=1.032 ms
ds4: Flash-MoE prefill layer=4 tokens=231 unique=185 refs=1386 sync=14.808 ms plan=0.443 ms stage/compute=72.056 ms misses=185
ds4: Flash-MoE async pread canceled queued=0 reading=0 ready=360 finished=0
ds4: gpu chunked prefill pos=8192 tokens=231 layer 4 encode=88.437 ms execute=0.986 ms
ds4: Flash-MoE prefill layer=5 tokens=231 unique=197 refs=1386 sync=5.569 ms plan=0.311 ms stage/compute=74.512 ms misses=197
ds4: Flash-MoE async pread canceled queued=0 reading=0 ready=372 finished=0
ds4: gpu chunked prefill pos=8192 tokens=231 layer 5 encode=80.882 ms execute=1.036 ms
ds4: Flash-MoE prefill layer=6 tokens=231 unique=193 refs=1386 sync=14.748 ms plan=0.312 ms stage/compute=76.325 ms misses=193
ds4: Flash-MoE async pread canceled queued=0 reading=0 ready=383 finished=0
ds4: gpu chunked prefill pos=8192 tokens=231 layer 6 encode=92.309 ms execute=0.941 ms
ds4: Flash-MoE prefill layer=7 tokens=231 unique=184 refs=1386 sync=5.610 ms plan=0.313 ms stage/compute=71.342 ms misses=184
ds4: Flash-MoE async pread canceled queued=0 reading=0 ready=393 finished=0
ds4: gpu chunked prefill pos=8192 tokens=231 layer 7 encode=77.795 ms execute=0.933 ms
ds4: Flash-MoE prefill layer=8 tokens=231 unique=173 refs=1386 sync=14.922 ms plan=0.320 ms stage/compute=68.617 ms misses=173
ds4: Flash-MoE async pread canceled queued=0 reading=0 ready=408 finished=0
ds4: gpu chunked prefill pos=8192 tokens=231 layer 8 encode=84.881 ms execute=1.034 ms
ds4: Flash-MoE prefill layer=9 tokens=231 unique=193 refs=1386 sync=5.661 ms plan=0.362 ms stage/compute=73.286 ms misses=193
ds4: Flash-MoE async pread canceled queued=0 reading=0 ready=422 finished=0
ds4: gpu chunked prefill pos=8192 tokens=231 layer 9 encode=79.792 ms execute=1.124 ms
ds4: Flash-MoE prefill layer=10 tokens=231 unique=180 refs=1386 sync=14.776 ms plan=0.318 ms stage/compute=68.506 ms misses=180
ds4: Flash-MoE async pread canceled queued=0 reading=0 ready=436 finished=0
ds4: gpu chunked prefill pos=8192 tokens=231 layer 10 encode=84.546 ms execute=1.050 ms
ds4: Flash-MoE prefill layer=11 tokens=231 unique=179 refs=1386 sync=5.625 ms plan=0.302 ms stage/compute=69.462 ms misses=179
ds4: Flash-MoE async pread canceled queued=0 reading=0 ready=449 finished=0
ds4: gpu chunked prefill pos=8192 tokens=231 layer 11 encode=75.888 ms execute=1.068 ms
ds4: Flash-MoE prefill layer=12 tokens=231 unique=154 refs=1386 sync=14.665 ms plan=0.336 ms stage/compute=63.676 ms misses=154
ds4: Flash-MoE async pread canceled queued=0 reading=0 ready=465 finished=0
ds4: gpu chunked prefill pos=8192 tokens=231 layer 12 encode=79.679 ms execute=1.022 ms
ds4: Flash-MoE prefill layer=13 tokens=231 unique=171 refs=1386 sync=5.633 ms plan=0.303 ms stage/compute=66.728 ms misses=171
ds4: Flash-MoE async pread canceled queued=0 reading=0 ready=480 finished=0
ds4: gpu chunked prefill pos=8192 tokens=231 layer 13 encode=73.340 ms execute=1.086 ms
ds4: Flash-MoE prefill layer=14 tokens=231 unique=172 refs=1386 sync=14.671 ms plan=0.287 ms stage/compute=65.211 ms misses=172
ds4: Flash-MoE async pread canceled queued=0 reading=0 ready=497 finished=0
ds4: gpu chunked prefill pos=8192 tokens=231 layer 14 encode=81.087 ms execute=1.208 ms
ds4: Flash-MoE prefill layer=15 tokens=231 unique=164 refs=1386 sync=5.482 ms plan=0.307 ms stage/compute=64.239 ms misses=164
ds4: Flash-MoE async pread canceled queued=0 reading=0 ready=515 finished=0
ds4: gpu chunked prefill pos=8192 tokens=231 layer 15 encode=70.523 ms execute=0.921 ms
ds4: Flash-MoE prefill layer=16 tokens=231 unique=171 refs=1386 sync=14.570 ms plan=0.336 ms stage/compute=70.645 ms misses=171
ds4: Flash-MoE async pread canceled queued=0 reading=0 ready=530 finished=0
ds4: gpu chunked prefill pos=8192 tokens=231 layer 16 encode=86.523 ms execute=1.010 ms
ds4: Flash-MoE prefill layer=17 tokens=231 unique=178 refs=1386 sync=5.576 ms plan=0.346 ms stage/compute=69.721 ms misses=178
ds4: Flash-MoE async pread canceled queued=0 reading=0 ready=550 finished=0
ds4: gpu chunked prefill pos=8192 tokens=231 layer 17 encode=76.670 ms execute=1.067 ms
ds4: Flash-MoE prefill layer=18 tokens=231 unique=147 refs=1386 sync=14.847 ms plan=0.296 ms stage/compute=59.476 ms misses=147
ds4: Flash-MoE async pread canceled queued=0 reading=0 ready=570 finished=0
ds4: gpu chunked prefill pos=8192 tokens=231 layer 18 encode=75.535 ms execute=1.004 ms
ds4: Flash-MoE prefill layer=19 tokens=231 unique=195 refs=1386 sync=5.546 ms plan=0.397 ms stage/compute=74.234 ms misses=195
ds4: Flash-MoE async pread canceled queued=0 reading=0 ready=578 finished=0
ds4: gpu chunked prefill pos=8192 tokens=231 layer 19 encode=80.651 ms execute=1.003 ms
ds4: Flash-MoE prefill layer=20 tokens=231 unique=151 refs=1386 sync=14.599 ms plan=0.286 ms stage/compute=61.735 ms misses=151
ds4: Flash-MoE async pread canceled queued=0 reading=0 ready=601 finished=0
ds4: gpu chunked prefill pos=8192 tokens=231 layer 20 encode=77.597 ms execute=1.315 ms
ds4: Flash-MoE prefill layer=21 tokens=231 unique=162 refs=1386 sync=5.733 ms plan=0.422 ms stage/compute=66.876 ms misses=162
ds4: Flash-MoE async pread canceled queued=0 reading=0 ready=619 finished=0
ds4: gpu chunked prefill pos=8192 tokens=231 layer 21 encode=73.515 ms execute=1.217 ms
ds4: Flash-MoE prefill layer=22 tokens=231 unique=176 refs=1386 sync=14.681 ms plan=0.319 ms stage/compute=67.660 ms misses=176
ds4: Flash-MoE async pread canceled queued=0 reading=0 ready=635 finished=0
ds4: gpu chunked prefill pos=8192 tokens=231 layer 22 encode=83.583 ms execute=1.378 ms
ds4: Flash-MoE prefill layer=23 tokens=231 unique=184 refs=1386 sync=5.703 ms plan=0.354 ms stage/compute=70.440 ms misses=184
ds4: Flash-MoE async pread canceled queued=0 reading=0 ready=645 finished=0
ds4: gpu chunked prefill pos=8192 tokens=231 layer 23 encode=77.284 ms execute=1.004 ms
ds4: Flash-MoE prefill layer=24 tokens=231 unique=177 refs=1386 sync=14.615 ms plan=0.292 ms stage/compute=68.720 ms misses=177
ds4: Flash-MoE async pread canceled queued=0 reading=0 ready=657 finished=0
ds4: gpu chunked prefill pos=8192 tokens=231 layer 24 encode=84.605 ms execute=1.210 ms
ds4: Flash-MoE prefill layer=25 tokens=231 unique=188 refs=1386 sync=5.599 ms plan=0.320 ms stage/compute=74.283 ms misses=188
ds4: Flash-MoE async pread canceled queued=0 reading=0 ready=670 finished=0
ds4: gpu chunked prefill pos=8192 tokens=231 layer 25 encode=80.908 ms execute=1.034 ms
ds4: Flash-MoE prefill layer=26 tokens=231 unique=160 refs=1386 sync=14.819 ms plan=0.306 ms stage/compute=64.270 ms misses=160
ds4: Flash-MoE async pread canceled queued=0 reading=0 ready=685 finished=0
ds4: gpu chunked prefill pos=8192 tokens=231 layer 26 encode=80.448 ms execute=1.150 ms
ds4: Flash-MoE prefill layer=27 tokens=231 unique=176 refs=1386 sync=5.438 ms plan=0.281 ms stage/compute=70.862 ms misses=176
ds4: Flash-MoE async pread canceled queued=2 reading=1 ready=697 finished=1
ds4: gpu chunked prefill pos=8192 tokens=231 layer 27 encode=77.062 ms execute=0.980 ms
ds4: Flash-MoE prefill layer=28 tokens=231 unique=177 refs=1386 sync=14.668 ms plan=0.325 ms stage/compute=68.161 ms misses=177
ds4: Flash-MoE async pread canceled queued=2 reading=1 ready=714 finished=1
ds4: gpu chunked prefill pos=8192 tokens=231 layer 28 encode=84.074 ms execute=0.928 ms
ds4: Flash-MoE prefill layer=29 tokens=231 unique=172 refs=1386 sync=5.546 ms plan=0.362 ms stage/compute=67.534 ms misses=172
ds4: Flash-MoE async pread canceled queued=2 reading=2 ready=737 finished=2
ds4: gpu chunked prefill pos=8192 tokens=231 layer 29 encode=73.947 ms execute=1.044 ms
ds4: Flash-MoE prefill layer=30 tokens=231 unique=167 refs=1386 sync=14.629 ms plan=0.298 ms stage/compute=66.212 ms misses=167
ds4: Flash-MoE async pread canceled queued=2 reading=2 ready=755 finished=2
ds4: gpu chunked prefill pos=8192 tokens=231 layer 30 encode=82.109 ms execute=1.061 ms
ds4: Flash-MoE prefill layer=31 tokens=231 unique=175 refs=1386 sync=5.567 ms plan=0.352 ms stage/compute=67.715 ms misses=175
ds4: Flash-MoE async pread canceled queued=2 reading=2 ready=770 finished=2
ds4: gpu chunked prefill pos=8192 tokens=231 layer 31 encode=74.115 ms execute=1.318 ms
ds4: Flash-MoE prefill layer=32 tokens=231 unique=176 refs=1386 sync=14.561 ms plan=0.351 ms stage/compute=68.311 ms misses=176
ds4: Flash-MoE async pread canceled queued=2 reading=2 ready=783 finished=2
ds4: gpu chunked prefill pos=8192 tokens=231 layer 32 encode=84.135 ms execute=1.046 ms
ds4: Flash-MoE prefill layer=33 tokens=231 unique=169 refs=1386 sync=5.540 ms plan=0.328 ms stage/compute=66.531 ms misses=169
ds4: Flash-MoE async pread canceled queued=2 reading=3 ready=802 finished=3
ds4: gpu chunked prefill pos=8192 tokens=231 layer 33 encode=73.071 ms execute=1.137 ms
ds4: Flash-MoE prefill layer=34 tokens=231 unique=164 refs=1386 sync=14.750 ms plan=0.288 ms stage/compute=65.473 ms misses=164
ds4: Flash-MoE async pread canceled queued=2 reading=3 ready=822 finished=3
ds4: gpu chunked prefill pos=8192 tokens=231 layer 34 encode=81.521 ms execute=0.986 ms
ds4: Flash-MoE prefill layer=35 tokens=231 unique=178 refs=1386 sync=5.517 ms plan=0.328 ms stage/compute=70.097 ms misses=178
ds4: Flash-MoE async pread canceled queued=2 reading=3 ready=839 finished=3
ds4: gpu chunked prefill pos=8192 tokens=231 layer 35 encode=76.523 ms execute=0.949 ms
ds4: Flash-MoE prefill layer=36 tokens=231 unique=179 refs=1386 sync=14.579 ms plan=0.359 ms stage/compute=69.009 ms misses=179
ds4: Flash-MoE async pread canceled queued=2 reading=3 ready=857 finished=3
ds4: gpu chunked prefill pos=8192 tokens=231 layer 36 encode=84.857 ms execute=1.009 ms
ds4: Flash-MoE prefill layer=37 tokens=231 unique=177 refs=1386 sync=5.608 ms plan=0.378 ms stage/compute=67.368 ms misses=177
ds4: Flash-MoE async pread canceled queued=2 reading=4 ready=871 finished=4
ds4: gpu chunked prefill pos=8192 tokens=231 layer 37 encode=73.838 ms execute=0.959 ms
ds4: Flash-MoE prefill layer=38 tokens=231 unique=171 refs=1386 sync=14.631 ms plan=0.320 ms stage/compute=69.356 ms misses=171
ds4: Flash-MoE async pread canceled queued=2 reading=4 ready=893 finished=4
ds4: gpu chunked prefill pos=8192 tokens=231 layer 38 encode=85.276 ms execute=0.968 ms
ds4: Flash-MoE prefill layer=39 tokens=231 unique=181 refs=1386 sync=5.548 ms plan=0.469 ms stage/compute=70.564 ms misses=181
ds4: Flash-MoE async pread canceled queued=3 reading=4 ready=906 finished=4
ds4: gpu chunked prefill pos=8192 tokens=231 layer 39 encode=77.126 ms execute=0.974 ms
ds4: Flash-MoE prefill layer=40 tokens=231 unique=129 refs=1386 sync=14.706 ms plan=0.348 ms stage/compute=53.267 ms misses=129
ds4: Flash-MoE async pread canceled queued=3 reading=4 ready=928 finished=4
ds4: gpu chunked prefill pos=8192 tokens=231 layer 40 encode=69.216 ms execute=0.937 ms
ds4: Flash-MoE prefill layer=41 tokens=231 unique=153 refs=1386 sync=5.498 ms plan=0.356 ms stage/compute=62.699 ms misses=153
ds4: Flash-MoE async pread canceled queued=4 reading=4 ready=949 finished=4
ds4: gpu chunked prefill pos=8192 tokens=231 layer 41 encode=69.075 ms execute=0.947 ms
ds4: Flash-MoE prefill layer=42 tokens=231 unique=146 refs=1386 sync=14.681 ms plan=0.308 ms stage/compute=59.445 ms misses=146
ds4: Flash-MoE async pread canceled queued=4 reading=4 ready=971 finished=4
ds4: gpu chunked prefill pos=8192 tokens=231 layer 42 encode=75.344 ms execute=0.915 ms
processing 8423 input tokens: 8423/8423 (100.0%) batch=65.33 t/s avg=263.57 t/s
ds4: gpu chunked prefill start=0 tokens=8423 chunk=4096 encode=30994.313 ms execute=903.135 ms read=0.008 ms total=31919.898 ms
ds4: prefill full: 8423 tokens in 31958.2 ms (263.6 t/s)
We
ds4: ----------------------------------------
ds4: prefill: 263.56 t/s, generation: 1.27 t/s
ds4: Flash-MoE cross-layer prefetch layers=126 experts_queued=6048 (avg=48.0/layer)
ds4: Flash-MoE slot-bank stats hits=0 misses=28233 hit-rate=0.0% resident-slots=258/4128 (6.2%, avg=6.0/layer min=6 max=6 of 96) installed=190572.75 MiB
ds4: Flash-MoE decode prefetch calls=43 loads=258 bytes=1741.50 MiB pread=155.596 ms upload=100.215 ms overlap-flushes=43
ds4: Flash-MoE prefill dedup refs=2173134 unique=27975 saved=2145159 (98.7%) reuse=77.68x
ds4: Flash-MoE prefill stage stats calls=27975 bytes=188831.25 MiB pread=6004.927 ms upload=3068.791 ms gate=965.418 ms up=931.921 ms down=1171.452 ms scatter=25.784 ms stage_rate=20810.79 MiB/s pread_rate=31446.05 MiB/s upload_rate=61532.78 MiB/s
ds4: Flash-MoE prefill pread issue stats span=31802.009 ms active=18.88% span_rate=5937.71 MiB/s issue_gap=684321.646 ms post_stage_gap=8148.824 ms same_layer_issue=669022.157 ms same_layer_post=5.252 ms cross_layer_issue=15299.489 ms cross_layer_post=8143.572 ms max_issue=455.060 ms max_post=167.697 ms issue_gaps=21652 post_gaps=132 issue_gt1=9132 issue_gt5=4312 issue_gt20=4000 post_gt1=129 post_gt5=111 post_gt20=67
ds4: Flash-MoE prefill pread bucket le16 calls=11613 refs=67116 bytes=78387.75 MiB pread=2776.014 ms issue_gap=191864.884 ms post_stage_gap=2539.763 ms pread_rate=28237.52 MiB/s
ds4: Flash-MoE prefill pread bucket le32 calls=3107 refs=73957 bytes=20972.25 MiB pread=707.574 ms issue_gap=89033.203 ms post_stage_gap=581.533 ms pread_rate=29639.66 MiB/s
ds4: Flash-MoE prefill pread bucket le64 calls=3843 refs=182449 bytes=25940.25 MiB pread=776.683 ms issue_gap=113564.635 ms post_stage_gap=1425.344 ms pread_rate=33398.76 MiB/s
ds4: Flash-MoE prefill pread bucket le128 calls=4490 refs=418384 bytes=30307.50 MiB pread=842.090 ms issue_gap=131086.649 ms post_stage_gap=1599.642 ms pread_rate=35990.81 MiB/s
ds4: Flash-MoE prefill pread bucket le256 calls=3146 refs=558045 bytes=21235.50 MiB pread=577.957 ms issue_gap=101425.855 ms post_stage_gap=774.040 ms pread_rate=36742.35 MiB/s
ds4: Flash-MoE prefill pread bucket le512 calls=1276 refs=444454 bytes=8613.00 MiB pread=233.366 ms issue_gap=41932.974 ms post_stage_gap=1225.264 ms pread_rate=36907.69 MiB/s
ds4: Flash-MoE prefill pread bucket gt512 calls=500 refs=428729 bytes=3375.00 MiB pread=91.243 ms issue_gap=15413.446 ms post_stage_gap=3.238 ms pread_rate=36989.14 MiB/s
