ds4: warning: raw KV cap limits Metal prefill chunk (prefill_chunk=10000, raw_kv_rows=8704, raw_window=128, effective_chunk=8576; target raw cap for one chunk is 10240, also requires ctx >= that value)
ds4: context buffers 1053.29 MiB (ctx=10000, backend=metal, prefill_chunk=10000, raw_kv_rows=8704, compressed_kv_rows=2502)
ds4: Flash-MoE sidecar loaded: /Users/anemll/Models/flash/dsv4-iq2xxs-expert-major (slot-bank=96, expert-record 6.75 MiB)
ds4: Metal device Apple M5 Max, 128.00 GiB RAM
ds4: Flash-MoE using mmap-backed dense/shared weights without full-model Metal residency warmup
ds4: Metal model views created in 0.277 ms, residency requested in 0.000 ms, warmup 0.000 ms (mapped 8393.67 MiB from offset 5.06 MiB)
ds4: Metal mapped mmaped model as 1 overlapping shared buffers
ds4: metal backend initialized for graph diagnostics
ds4: prefill routed-MoE (requested): mul_mm_id (grouped GPU / ALU)  [grouped path]
ds4: prefill quant scales (ANE env first): w_qscale=512 x_qscale=32 mid_qscale=32 w_scale=0.00195312 x_scale=0.03125 mid_scale=0.03125
ds4: prefill ctx-grow: on, block=2048 tokens
ds4: prefill chunk cap: 16384, graph_raw_cap=8704
ds4: Flash-MoE slot banks allocated: layers=43 slots=96 gpu-bank=27864.00 MiB
ds4: prefill compute: routed experts = ANE i8i8 (W8A8) | dense proj = fp16-NAX (half x half)
ds4: prefill I/O: io-split=4 async-pread=on pread-threads=4 readahead=12 bank-prefetch=3 xlayer=auto<=6k-tok topk=48
ds4: decode  I/O: io-split=4 temporal-prefetch=on slots=96
ds4: Flash-MoE banked kernels using M5 simdgroup_matrix fast path (prefetch=3, banks=4)
ds4: WARNING: prefill chunk 10000 clamped to 8576 by raw-KV cap (raw_cap=8704, window=128). Set DS4_METAL_GRAPH_RAW_CAP >= 10128 (window + chunk) — or unset it to auto-size — to honor the chunk.
ds4: prefill chunk cap EFFECTIVE=8576 tokens (DS4_METAL_PREFILL_CHUNK=16384), CLAMPED by raw-KV-cap (ctx-grow) (resident-NAX tiles this by scratch_cap; that tile gates the sync bridge)
ds4: ANE i8w-i8x-tiled-fused cached async prefill B=256 H=4096 I=2048 w_scale=0.00195312 x_scale=0.03125 mid_scale=0.03125
ds4: Flash-MoE prefill layer=0 tokens=8423 unique=256 refs=50538 sync=13.108 ms plan=0.533 ms stage/compute=272.239 ms misses=256
ds4: Flash-MoE hybrid prefill layer=0 ane_groups=124 ane_refs=29318 gpu_i8_groups=0 gpu_i8_refs=0 fp32_groups=0 ane_min_refs=128 concurrent=1 ane_pipeline=1 output_queue=4 async_ane=124 gpu_overlap=132 finishes=124 waits=248
ds4: Flash-MoE overlap plan layer=0 exec_groups=256 planned_ane_groups=124 planned_ane_refs=29318 planned_gpu_groups=132 planned_gpu_refs=21220 tail_gpu_groups=0 tail_gpu_refs=0 planned_ssd_groups=256 est_gpu=29668.0 est_ane=20266.7 est_idle=31.69% wall=265.166 ms actual_ane_groups=124 actual_ane_refs=29318 actual_gpu_groups=0 actual_gpu_refs=0 finishes=124 waits=248 overlap_gpu_groups=132
ds4: Flash-MoE prefill layer=1 tokens=8423 unique=256 refs=50538 sync=6.791 ms plan=0.339 ms stage/compute=252.799 ms misses=256
ds4: Flash-MoE hybrid prefill layer=1 ane_groups=123 ane_refs=29395 gpu_i8_groups=0 gpu_i8_refs=0 fp32_groups=0 ane_min_refs=128 concurrent=1 ane_pipeline=1 output_queue=4 async_ane=123 gpu_overlap=133 finishes=123 waits=246
ds4: Flash-MoE overlap plan layer=1 exec_groups=256 planned_ane_groups=123 planned_ane_refs=29395 planned_gpu_groups=133 planned_gpu_refs=21143 tail_gpu_groups=0 tail_gpu_refs=0 planned_ssd_groups=256 est_gpu=29655.0 est_ane=20106.7 est_idle=32.20% wall=251.209 ms actual_ane_groups=123 actual_ane_refs=29395 actual_gpu_groups=0 actual_gpu_refs=0 finishes=123 waits=246 overlap_gpu_groups=133
ds4: Flash-MoE prefill layer=2 tokens=8423 unique=256 refs=50538 sync=6.740 ms plan=0.307 ms stage/compute=255.503 ms misses=256
ds4: Flash-MoE hybrid prefill layer=2 ane_groups=117 ane_refs=28767 gpu_i8_groups=0 gpu_i8_refs=0 fp32_groups=0 ane_min_refs=128 concurrent=1 ane_pipeline=1 output_queue=4 async_ane=117 gpu_overlap=139 finishes=117 waits=234
ds4: Flash-MoE overlap plan layer=2 exec_groups=256 planned_ane_groups=117 planned_ane_refs=28767 planned_gpu_groups=139 planned_gpu_refs=21771 tail_gpu_groups=0 tail_gpu_refs=0 planned_ssd_groups=256 est_gpu=30667.0 est_ane=19141.5 est_idle=37.58% wall=254.165 ms actual_ane_groups=117 actual_ane_refs=28767 actual_gpu_groups=0 actual_gpu_refs=0 finishes=117 waits=234 overlap_gpu_groups=139
ds4: Flash-MoE prefill layer=3 tokens=8423 unique=248 refs=50538 sync=7.820 ms plan=0.331 ms stage/compute=275.777 ms misses=248
ds4: Flash-MoE hybrid prefill layer=3 ane_groups=89 ane_refs=32899 gpu_i8_groups=0 gpu_i8_refs=0 fp32_groups=0 ane_min_refs=128 concurrent=1 ane_pipeline=1 output_queue=4 async_ane=89 gpu_overlap=159 finishes=89 waits=178
ds4: Flash-MoE overlap plan layer=3 exec_groups=248 planned_ane_groups=89 planned_ane_refs=32899 planned_gpu_groups=159 planned_gpu_refs=17639 tail_gpu_groups=0 tail_gpu_refs=0 planned_ssd_groups=248 est_gpu=27815.0 est_ane=14687.4 est_idle=47.20% wall=274.274 ms actual_ane_groups=89 actual_ane_refs=32899 actual_gpu_groups=0 actual_gpu_refs=0 finishes=89 waits=178 overlap_gpu_groups=159
ds4: Flash-MoE prefill layer=4 tokens=8423 unique=241 refs=50538 sync=7.288 ms plan=0.339 ms stage/compute=269.986 ms misses=241
ds4: Flash-MoE hybrid prefill layer=4 ane_groups=78 ane_refs=34281 gpu_i8_groups=0 gpu_i8_refs=0 fp32_groups=0 ane_min_refs=128 concurrent=1 ane_pipeline=1 output_queue=4 async_ane=78 gpu_overlap=163 finishes=78 waits=156
ds4: Flash-MoE overlap plan layer=4 exec_groups=241 planned_ane_groups=78 planned_ane_refs=34281 planned_gpu_groups=163 planned_gpu_refs=16257 tail_gpu_groups=0 tail_gpu_refs=0 planned_ssd_groups=241 est_gpu=26689.0 est_ane=12929.9 est_idle=51.55% wall=268.705 ms actual_ane_groups=78 actual_ane_refs=34281 actual_gpu_groups=0 actual_gpu_refs=0 finishes=78 waits=156 overlap_gpu_groups=163
ds4: Flash-MoE prefill layer=5 tokens=8423 unique=250 refs=50538 sync=7.257 ms plan=0.351 ms stage/compute=281.523 ms misses=250
ds4: Flash-MoE hybrid prefill layer=5 ane_groups=79 ane_refs=33116 gpu_i8_groups=0 gpu_i8_refs=0 fp32_groups=0 ane_min_refs=128 concurrent=1 ane_pipeline=1 output_queue=4 async_ane=79 gpu_overlap=171 finishes=79 waits=158
ds4: Flash-MoE overlap plan layer=5 exec_groups=250 planned_ane_groups=79 planned_ane_refs=33116 planned_gpu_groups=171 planned_gpu_refs=17422 tail_gpu_groups=0 tail_gpu_refs=0 planned_ssd_groups=250 est_gpu=28366.0 est_ane=13058.9 est_idle=53.96% wall=280.207 ms actual_ane_groups=79 actual_ane_refs=33116 actual_gpu_groups=0 actual_gpu_refs=0 finishes=79 waits=158 overlap_gpu_groups=171
ds4: Flash-MoE prefill layer=6 tokens=8423 unique=237 refs=50538 sync=7.378 ms plan=0.394 ms stage/compute=270.601 ms misses=237
ds4: Flash-MoE hybrid prefill layer=6 ane_groups=74 ane_refs=34482 gpu_i8_groups=0 gpu_i8_refs=0 fp32_groups=0 ane_min_refs=128 concurrent=1 ane_pipeline=1 output_queue=4 async_ane=74 gpu_overlap=163 finishes=74 waits=148
ds4: Flash-MoE overlap plan layer=6 exec_groups=237 planned_ane_groups=74 planned_ane_refs=34482 planned_gpu_groups=163 planned_gpu_refs=16056 tail_gpu_groups=0 tail_gpu_refs=0 planned_ssd_groups=237 est_gpu=26488.0 est_ane=12274.4 est_idle=53.66% wall=269.202 ms actual_ane_groups=74 actual_ane_refs=34482 actual_gpu_groups=0 actual_gpu_refs=0 finishes=74 waits=148 overlap_gpu_groups=163
ds4: Flash-MoE prefill layer=7 tokens=8423 unique=247 refs=50538 sync=7.207 ms plan=0.421 ms stage/compute=278.152 ms misses=247
ds4: Flash-MoE hybrid prefill layer=7 ane_groups=69 ane_refs=34405 gpu_i8_groups=0 gpu_i8_refs=0 fp32_groups=0 ane_min_refs=128 concurrent=1 ane_pipeline=1 output_queue=4 async_ane=69 gpu_overlap=178 finishes=69 waits=138
ds4: Flash-MoE overlap plan layer=7 exec_groups=247 planned_ane_groups=69 planned_ane_refs=34405 planned_gpu_groups=178 planned_gpu_refs=16133 tail_gpu_groups=0 tail_gpu_refs=0 planned_ssd_groups=247 est_gpu=27525.0 est_ane=11471.8 est_idle=58.32% wall=276.698 ms actual_ane_groups=69 actual_ane_refs=34405 actual_gpu_groups=0 actual_gpu_refs=0 finishes=69 waits=138 overlap_gpu_groups=178
ds4: Flash-MoE prefill layer=8 tokens=8423 unique=243 refs=50538 sync=7.353 ms plan=0.310 ms stage/compute=280.406 ms misses=243
ds4: Flash-MoE hybrid prefill layer=8 ane_groups=69 ane_refs=34630 gpu_i8_groups=0 gpu_i8_refs=0 fp32_groups=0 ane_min_refs=128 concurrent=1 ane_pipeline=1 output_queue=4 async_ane=69 gpu_overlap=174 finishes=69 waits=138
ds4: Flash-MoE overlap plan layer=8 exec_groups=243 planned_ane_groups=69 planned_ane_refs=34630 planned_gpu_groups=174 planned_gpu_refs=15908 tail_gpu_groups=0 tail_gpu_refs=0 planned_ssd_groups=243 est_gpu=27044.0 est_ane=11479.6 est_idle=57.55% wall=279.095 ms actual_ane_groups=69 actual_ane_refs=34630 actual_gpu_groups=0 actual_gpu_refs=0 finishes=69 waits=138 overlap_gpu_groups=174
ds4: Flash-MoE prefill layer=9 tokens=8423 unique=250 refs=50538 sync=7.226 ms plan=0.351 ms stage/compute=272.241 ms misses=250
ds4: Flash-MoE hybrid prefill layer=9 ane_groups=80 ane_refs=32887 gpu_i8_groups=0 gpu_i8_refs=0 fp32_groups=0 ane_min_refs=128 concurrent=1 ane_pipeline=1 output_queue=4 async_ane=80 gpu_overlap=170 finishes=80 waits=160
ds4: Flash-MoE overlap plan layer=9 exec_groups=250 planned_ane_groups=80 planned_ane_refs=32887 planned_gpu_groups=170 planned_gpu_refs=17651 tail_gpu_groups=0 tail_gpu_refs=0 planned_ssd_groups=250 est_gpu=28531.0 est_ane=13231.8 est_idle=53.62% wall=270.912 ms actual_ane_groups=80 actual_ane_refs=32887 actual_gpu_groups=0 actual_gpu_refs=0 finishes=80 waits=160 overlap_gpu_groups=170
ds4: Flash-MoE prefill layer=10 tokens=8423 unique=240 refs=50538 sync=7.300 ms plan=0.341 ms stage/compute=262.921 ms misses=240
ds4: Flash-MoE hybrid prefill layer=10 ane_groups=75 ane_refs=33421 gpu_i8_groups=0 gpu_i8_refs=0 fp32_groups=0 ane_min_refs=128 concurrent=1 ane_pipeline=1 output_queue=4 async_ane=75 gpu_overlap=165 finishes=75 waits=150
ds4: Flash-MoE overlap plan layer=10 exec_groups=240 planned_ane_groups=75 planned_ane_refs=33421 planned_gpu_groups=165 planned_gpu_refs=17117 tail_gpu_groups=0 tail_gpu_refs=0 planned_ssd_groups=240 est_gpu=27677.0 est_ane=12429.3 est_idle=55.09% wall=261.587 ms actual_ane_groups=75 actual_ane_refs=33421 actual_gpu_groups=0 actual_gpu_refs=0 finishes=75 waits=150 overlap_gpu_groups=165
ds4: Flash-MoE prefill layer=11 tokens=8423 unique=245 refs=50538 sync=7.215 ms plan=0.383 ms stage/compute=270.835 ms misses=245
ds4: Flash-MoE hybrid prefill layer=11 ane_groups=80 ane_refs=33913 gpu_i8_groups=0 gpu_i8_refs=0 fp32_groups=0 ane_min_refs=128 concurrent=1 ane_pipeline=1 output_queue=4 async_ane=80 gpu_overlap=165 finishes=80 waits=160
ds4: Flash-MoE overlap plan layer=11 exec_groups=245 planned_ane_groups=80 planned_ane_refs=33913 planned_gpu_groups=165 planned_gpu_refs=16625 tail_gpu_groups=0 tail_gpu_refs=0 planned_ssd_groups=245 est_gpu=27185.0 est_ane=13244.8 est_idle=51.28% wall=269.508 ms actual_ane_groups=80 actual_ane_refs=33913 actual_gpu_groups=0 actual_gpu_refs=0 finishes=80 waits=160 overlap_gpu_groups=165
ds4: Flash-MoE prefill layer=12 tokens=8423 unique=232 refs=50538 sync=7.199 ms plan=0.348 ms stage/compute=257.097 ms misses=232
ds4: Flash-MoE hybrid prefill layer=12 ane_groups=68 ane_refs=35411 gpu_i8_groups=0 gpu_i8_refs=0 fp32_groups=0 ane_min_refs=128 concurrent=1 ane_pipeline=1 output_queue=4 async_ane=68 gpu_overlap=164 finishes=68 waits=136
ds4: Flash-MoE overlap plan layer=12 exec_groups=232 planned_ane_groups=68 planned_ane_refs=35411 planned_gpu_groups=164 planned_gpu_refs=15127 tail_gpu_groups=0 tail_gpu_refs=0 planned_ssd_groups=232 est_gpu=25623.0 est_ane=11322.2 est_idle=55.81% wall=255.679 ms actual_ane_groups=68 actual_ane_refs=35411 actual_gpu_groups=0 actual_gpu_refs=0 finishes=68 waits=136 overlap_gpu_groups=164
ds4: Flash-MoE prefill layer=13 tokens=8423 unique=235 refs=50538 sync=7.204 ms plan=0.366 ms stage/compute=268.141 ms misses=235
ds4: Flash-MoE hybrid prefill layer=13 ane_groups=65 ane_refs=36335 gpu_i8_groups=0 gpu_i8_refs=0 fp32_groups=0 ane_min_refs=128 concurrent=1 ane_pipeline=1 output_queue=4 async_ane=65 gpu_overlap=170 finishes=65 waits=130
ds4: Flash-MoE overlap plan layer=13 exec_groups=235 planned_ane_groups=65 planned_ane_refs=36335 planned_gpu_groups=170 planned_gpu_refs=14203 tail_gpu_groups=0 tail_gpu_refs=0 planned_ssd_groups=235 est_gpu=25083.0 est_ane=10844.8 est_idle=56.76% wall=266.708 ms actual_ane_groups=65 actual_ane_refs=36335 actual_gpu_groups=0 actual_gpu_refs=0 finishes=65 waits=130 overlap_gpu_groups=170
ds4: Flash-MoE prefill layer=14 tokens=8423 unique=228 refs=50538 sync=7.330 ms plan=0.356 ms stage/compute=264.271 ms misses=228
ds4: Flash-MoE hybrid prefill layer=14 ane_groups=63 ane_refs=37595 gpu_i8_groups=0 gpu_i8_refs=0 fp32_groups=0 ane_min_refs=128 concurrent=1 ane_pipeline=1 output_queue=4 async_ane=63 gpu_overlap=165 finishes=63 waits=126
ds4: Flash-MoE overlap plan layer=14 exec_groups=228 planned_ane_groups=63 planned_ane_refs=37595 planned_gpu_groups=165 planned_gpu_refs=12943 tail_gpu_groups=0 tail_gpu_refs=0 planned_ssd_groups=228 est_gpu=23503.0 est_ane=10540.3 est_idle=55.15% wall=262.949 ms actual_ane_groups=63 actual_ane_refs=37595 actual_gpu_groups=0 actual_gpu_refs=0 finishes=63 waits=126 overlap_gpu_groups=165
ds4: Flash-MoE prefill layer=15 tokens=8423 unique=221 refs=50538 sync=7.218 ms plan=0.319 ms stage/compute=263.897 ms misses=221
ds4: Flash-MoE hybrid prefill layer=15 ane_groups=56 ane_refs=37991 gpu_i8_groups=0 gpu_i8_refs=0 fp32_groups=0 ane_min_refs=128 concurrent=1 ane_pipeline=1 output_queue=4 async_ane=56 gpu_overlap=165 finishes=56 waits=112
ds4: Flash-MoE overlap plan layer=15 exec_groups=221 planned_ane_groups=56 planned_ane_refs=37991 planned_gpu_groups=165 planned_gpu_refs=12547 tail_gpu_groups=0 tail_gpu_refs=0 planned_ssd_groups=221 est_gpu=23107.0 est_ane=9407.4 est_idle=59.29% wall=262.582 ms actual_ane_groups=56 actual_ane_refs=37991 actual_gpu_groups=0 actual_gpu_refs=0 finishes=56 waits=112 overlap_gpu_groups=165
ds4: Flash-MoE prefill layer=16 tokens=8423 unique=210 refs=50538 sync=7.183 ms plan=0.339 ms stage/compute=258.808 ms misses=210
ds4: Flash-MoE hybrid prefill layer=16 ane_groups=61 ane_refs=37643 gpu_i8_groups=0 gpu_i8_refs=0 fp32_groups=0 ane_min_refs=128 concurrent=1 ane_pipeline=1 output_queue=4 async_ane=61 gpu_overlap=149 finishes=61 waits=122
ds4: Flash-MoE overlap plan layer=16 exec_groups=210 planned_ane_groups=61 planned_ane_refs=37643 planned_gpu_groups=149 planned_gpu_refs=12895 tail_gpu_groups=0 tail_gpu_refs=0 planned_ssd_groups=210 est_gpu=22431.0 est_ane=10202.2 est_idle=54.52% wall=257.384 ms actual_ane_groups=61 actual_ane_refs=37643 actual_gpu_groups=0 actual_gpu_refs=0 finishes=61 waits=122 overlap_gpu_groups=149
ds4: Flash-MoE prefill layer=17 tokens=8423 unique=214 refs=50538 sync=7.268 ms plan=0.326 ms stage/compute=269.911 ms misses=214
ds4: Flash-MoE hybrid prefill layer=17 ane_groups=60 ane_refs=37263 gpu_i8_groups=0 gpu_i8_refs=0 fp32_groups=0 ane_min_refs=128 concurrent=1 ane_pipeline=1 output_queue=4 async_ane=60 gpu_overlap=154 finishes=60 waits=120
ds4: Flash-MoE overlap plan layer=17 exec_groups=214 planned_ane_groups=60 planned_ane_refs=37263 planned_gpu_groups=154 planned_gpu_refs=13275 tail_gpu_groups=0 tail_gpu_refs=0 planned_ssd_groups=214 est_gpu=23131.0 est_ane=10047.4 est_idle=56.56% wall=268.538 ms actual_ane_groups=60 actual_ane_refs=37263 actual_gpu_groups=0 actual_gpu_refs=0 finishes=60 waits=120 overlap_gpu_groups=154
ds4: Flash-MoE prefill layer=18 tokens=8423 unique=222 refs=50538 sync=7.232 ms plan=0.373 ms stage/compute=284.675 ms misses=222
ds4: Flash-MoE hybrid prefill layer=18 ane_groups=60 ane_refs=37590 gpu_i8_groups=0 gpu_i8_refs=0 fp32_groups=0 ane_min_refs=128 concurrent=1 ane_pipeline=1 output_queue=4 async_ane=60 gpu_overlap=162 finishes=60 waits=120
ds4: Flash-MoE overlap plan layer=18 exec_groups=222 planned_ane_groups=60 planned_ane_refs=37590 planned_gpu_groups=162 planned_gpu_refs=12948 tail_gpu_groups=0 tail_gpu_refs=0 planned_ssd_groups=222 est_gpu=23316.0 est_ane=10052.5 est_idle=56.89% wall=283.380 ms actual_ane_groups=60 actual_ane_refs=37590 actual_gpu_groups=0 actual_gpu_refs=0 finishes=60 waits=120 overlap_gpu_groups=162
ds4: Flash-MoE prefill layer=19 tokens=8423 unique=241 refs=50538 sync=7.201 ms plan=0.291 ms stage/compute=251.063 ms misses=241
ds4: Flash-MoE hybrid prefill layer=19 ane_groups=87 ane_refs=32709 gpu_i8_groups=0 gpu_i8_refs=0 fp32_groups=0 ane_min_refs=128 concurrent=1 ane_pipeline=1 output_queue=4 async_ane=87 gpu_overlap=154 finishes=87 waits=174
ds4: Flash-MoE overlap plan layer=19 exec_groups=241 planned_ane_groups=87 planned_ane_refs=32709 planned_gpu_groups=154 planned_gpu_refs=17829 tail_gpu_groups=0 tail_gpu_refs=0 planned_ssd_groups=241 est_gpu=27685.0 est_ane=14346.7 est_idle=48.18% wall=249.628 ms actual_ane_groups=87 actual_ane_refs=32709 actual_gpu_groups=0 actual_gpu_refs=0 finishes=87 waits=174 overlap_gpu_groups=154
ds4: Flash-MoE prefill layer=20 tokens=8423 unique=220 refs=50538 sync=7.246 ms plan=0.346 ms stage/compute=282.197 ms misses=220
ds4: Flash-MoE hybrid prefill layer=20 ane_groups=57 ane_refs=37302 gpu_i8_groups=0 gpu_i8_refs=0 fp32_groups=0 ane_min_refs=128 concurrent=1 ane_pipeline=1 output_queue=4 async_ane=57 gpu_overlap=163 finishes=57 waits=114
ds4: Flash-MoE overlap plan layer=20 exec_groups=220 planned_ane_groups=57 planned_ane_refs=37302 planned_gpu_groups=163 planned_gpu_refs=13236 tail_gpu_groups=0 tail_gpu_refs=0 planned_ssd_groups=220 est_gpu=23668.0 est_ane=9562.2 est_idle=59.60% wall=280.787 ms actual_ane_groups=57 actual_ane_refs=37302 actual_gpu_groups=0 actual_gpu_refs=0 finishes=57 waits=114 overlap_gpu_groups=163
ds4: Flash-MoE prefill layer=21 tokens=8423 unique=221 refs=50538 sync=7.231 ms plan=0.341 ms stage/compute=270.553 ms misses=221
ds4: Flash-MoE hybrid prefill layer=21 ane_groups=62 ane_refs=35413 gpu_i8_groups=0 gpu_i8_refs=0 fp32_groups=0 ane_min_refs=128 concurrent=1 ane_pipeline=1 output_queue=4 async_ane=62 gpu_overlap=159 finishes=62 waits=124
ds4: Flash-MoE overlap plan layer=21 exec_groups=221 planned_ane_groups=62 planned_ane_refs=35413 planned_gpu_groups=159 planned_gpu_refs=15125 tail_gpu_groups=0 tail_gpu_refs=0 planned_ssd_groups=221 est_gpu=25301.0 est_ane=10364.8 est_idle=59.03% wall=269.150 ms actual_ane_groups=62 actual_ane_refs=35413 actual_gpu_groups=0 actual_gpu_refs=0 finishes=62 waits=124 overlap_gpu_groups=159
ds4: Flash-MoE prefill layer=22 tokens=8423 unique=227 refs=50538 sync=7.265 ms plan=0.374 ms stage/compute=271.565 ms misses=227
ds4: Flash-MoE hybrid prefill layer=22 ane_groups=63 ane_refs=36429 gpu_i8_groups=0 gpu_i8_refs=0 fp32_groups=0 ane_min_refs=128 concurrent=1 ane_pipeline=1 output_queue=4 async_ane=63 gpu_overlap=164 finishes=63 waits=126
ds4: Flash-MoE overlap plan layer=22 exec_groups=227 planned_ane_groups=63 planned_ane_refs=36429 planned_gpu_groups=164 planned_gpu_refs=14109 tail_gpu_groups=0 tail_gpu_refs=0 planned_ssd_groups=227 est_gpu=24605.0 est_ane=10522.2 est_idle=57.24% wall=270.162 ms actual_ane_groups=63 actual_ane_refs=36429 actual_gpu_groups=0 actual_gpu_refs=0 finishes=63 waits=126 overlap_gpu_groups=164
ds4: Flash-MoE prefill layer=23 tokens=8423 unique=240 refs=50538 sync=7.287 ms plan=0.486 ms stage/compute=261.224 ms misses=240
ds4: Flash-MoE hybrid prefill layer=23 ane_groups=79 ane_refs=34726 gpu_i8_groups=0 gpu_i8_refs=0 fp32_groups=0 ane_min_refs=128 concurrent=1 ane_pipeline=1 output_queue=4 async_ane=79 gpu_overlap=161 finishes=79 waits=158
ds4: Flash-MoE overlap plan layer=23 exec_groups=240 planned_ane_groups=79 planned_ane_refs=34726 planned_gpu_groups=161 planned_gpu_refs=15812 tail_gpu_groups=0 tail_gpu_refs=0 planned_ssd_groups=240 est_gpu=26116.0 est_ane=13079.6 est_idle=49.92% wall=259.802 ms actual_ane_groups=79 actual_ane_refs=34726 actual_gpu_groups=0 actual_gpu_refs=0 finishes=79 waits=158 overlap_gpu_groups=161
ds4: Flash-MoE prefill layer=24 tokens=8423 unique=218 refs=50538 sync=7.266 ms plan=0.373 ms stage/compute=261.046 ms misses=218
ds4: Flash-MoE hybrid prefill layer=24 ane_groups=66 ane_refs=36632 gpu_i8_groups=0 gpu_i8_refs=0 fp32_groups=0 ane_min_refs=128 concurrent=1 ane_pipeline=1 output_queue=4 async_ane=66 gpu_overlap=152 finishes=66 waits=132
ds4: Flash-MoE overlap plan layer=24 exec_groups=218 planned_ane_groups=66 planned_ane_refs=36632 planned_gpu_groups=152 planned_gpu_refs=13906 tail_gpu_groups=0 tail_gpu_refs=0 planned_ssd_groups=218 est_gpu=23634.0 est_ane=11002.2 est_idle=53.45% wall=259.632 ms actual_ane_groups=66 actual_ane_refs=36632 actual_gpu_groups=0 actual_gpu_refs=0 finishes=66 waits=132 overlap_gpu_groups=152
ds4: Flash-MoE prefill layer=25 tokens=8423 unique=229 refs=50538 sync=7.295 ms plan=0.333 ms stage/compute=255.763 ms misses=229
ds4: Flash-MoE hybrid prefill layer=25 ane_groups=73 ane_refs=35697 gpu_i8_groups=0 gpu_i8_refs=0 fp32_groups=0 ane_min_refs=128 concurrent=1 ane_pipeline=1 output_queue=4 async_ane=73 gpu_overlap=156 finishes=73 waits=146
ds4: Flash-MoE overlap plan layer=25 exec_groups=229 planned_ane_groups=73 planned_ane_refs=35697 planned_gpu_groups=156 planned_gpu_refs=14841 tail_gpu_groups=0 tail_gpu_refs=0 planned_ssd_groups=229 est_gpu=24825.0 est_ane=12129.9 est_idle=51.14% wall=254.476 ms actual_ane_groups=73 actual_ane_refs=35697 actual_gpu_groups=0 actual_gpu_refs=0 finishes=73 waits=146 overlap_gpu_groups=156
ds4: Flash-MoE prefill layer=26 tokens=8423 unique=215 refs=50538 sync=7.521 ms plan=0.396 ms stage/compute=264.817 ms misses=215
ds4: Flash-MoE hybrid prefill layer=26 ane_groups=57 ane_refs=37962 gpu_i8_groups=0 gpu_i8_refs=0 fp32_groups=0 ane_min_refs=128 concurrent=1 ane_pipeline=1 output_queue=4 async_ane=57 gpu_overlap=158 finishes=57 waits=114
ds4: Flash-MoE overlap plan layer=26 exec_groups=215 planned_ane_groups=57 planned_ane_refs=37962 planned_gpu_groups=158 planned_gpu_refs=12576 tail_gpu_groups=0 tail_gpu_refs=0 planned_ssd_groups=215 est_gpu=22688.0 est_ane=9562.2 est_idle=57.85% wall=263.483 ms actual_ane_groups=57 actual_ane_refs=37962 actual_gpu_groups=0 actual_gpu_refs=0 finishes=57 waits=114 overlap_gpu_groups=158
ds4: Flash-MoE prefill layer=27 tokens=8423 unique=226 refs=50538 sync=7.209 ms plan=0.333 ms stage/compute=258.937 ms misses=226
ds4: Flash-MoE hybrid prefill layer=27 ane_groups=69 ane_refs=35941 gpu_i8_groups=0 gpu_i8_refs=0 fp32_groups=0 ane_min_refs=128 concurrent=1 ane_pipeline=1 output_queue=4 async_ane=69 gpu_overlap=157 finishes=69 waits=138
ds4: Flash-MoE overlap plan layer=27 exec_groups=226 planned_ane_groups=69 planned_ane_refs=35941 planned_gpu_groups=157 planned_gpu_refs=14597 tail_gpu_groups=0 tail_gpu_refs=0 planned_ssd_groups=226 est_gpu=24645.0 est_ane=11479.6 est_idle=53.42% wall=257.461 ms actual_ane_groups=69 actual_ane_refs=35941 actual_gpu_groups=0 actual_gpu_refs=0 finishes=69 waits=138 overlap_gpu_groups=157
ds4: Flash-MoE prefill layer=28 tokens=8423 unique=221 refs=50538 sync=7.247 ms plan=0.403 ms stage/compute=250.930 ms misses=221
ds4: Flash-MoE hybrid prefill layer=28 ane_groups=69 ane_refs=36564 gpu_i8_groups=0 gpu_i8_refs=0 fp32_groups=0 ane_min_refs=128 concurrent=1 ane_pipeline=1 output_queue=4 async_ane=69 gpu_overlap=152 finishes=69 waits=138
ds4: Flash-MoE overlap plan layer=28 exec_groups=221 planned_ane_groups=69 planned_ane_refs=36564 planned_gpu_groups=152 planned_gpu_refs=13974 tail_gpu_groups=0 tail_gpu_refs=0 planned_ssd_groups=221 est_gpu=23702.0 est_ane=11492.5 est_idle=51.51% wall=249.627 ms actual_ane_groups=69 actual_ane_refs=36564 actual_gpu_groups=0 actual_gpu_refs=0 finishes=69 waits=138 overlap_gpu_groups=152
ds4: Flash-MoE prefill layer=29 tokens=8423 unique=222 refs=50538 sync=7.513 ms plan=0.371 ms stage/compute=270.183 ms misses=222
ds4: Flash-MoE hybrid prefill layer=29 ane_groups=59 ane_refs=37256 gpu_i8_groups=0 gpu_i8_refs=0 fp32_groups=0 ane_min_refs=128 concurrent=1 ane_pipeline=1 output_queue=4 async_ane=59 gpu_overlap=163 finishes=59 waits=118
ds4: Flash-MoE overlap plan layer=29 exec_groups=222 planned_ane_groups=59 planned_ane_refs=37256 planned_gpu_groups=163 planned_gpu_refs=13282 tail_gpu_groups=0 tail_gpu_refs=0 planned_ssd_groups=222 est_gpu=23714.0 est_ane=9884.8 est_idle=58.32% wall=268.818 ms actual_ane_groups=59 actual_ane_refs=37256 actual_gpu_groups=0 actual_gpu_refs=0 finishes=59 waits=118 overlap_gpu_groups=163
ds4: Flash-MoE prefill layer=30 tokens=8423 unique=225 refs=50538 sync=7.271 ms plan=0.386 ms stage/compute=270.334 ms misses=225
ds4: Flash-MoE hybrid prefill layer=30 ane_groups=65 ane_refs=36762 gpu_i8_groups=0 gpu_i8_refs=0 fp32_groups=0 ane_min_refs=128 concurrent=1 ane_pipeline=1 output_queue=4 async_ane=65 gpu_overlap=160 finishes=65 waits=130
ds4: Flash-MoE overlap plan layer=30 exec_groups=225 planned_ane_groups=65 planned_ane_refs=36762 planned_gpu_groups=160 planned_gpu_refs=13776 tail_gpu_groups=0 tail_gpu_refs=0 planned_ssd_groups=225 est_gpu=24016.0 est_ane=10852.5 est_idle=54.81% wall=269.047 ms actual_ane_groups=65 actual_ane_refs=36762 actual_gpu_groups=0 actual_gpu_refs=0 finishes=65 waits=130 overlap_gpu_groups=160
ds4: Flash-MoE prefill layer=31 tokens=8423 unique=235 refs=50538 sync=7.213 ms plan=0.308 ms stage/compute=264.275 ms misses=235
ds4: Flash-MoE hybrid prefill layer=31 ane_groups=63 ane_refs=36616 gpu_i8_groups=0 gpu_i8_refs=0 fp32_groups=0 ane_min_refs=128 concurrent=1 ane_pipeline=1 output_queue=4 async_ane=63 gpu_overlap=172 finishes=63 waits=126
ds4: Flash-MoE overlap plan layer=31 exec_groups=235 planned_ane_groups=63 planned_ane_refs=36616 planned_gpu_groups=172 planned_gpu_refs=13922 tail_gpu_groups=0 tail_gpu_refs=0 planned_ssd_groups=235 est_gpu=24930.0 est_ane=10524.8 est_idle=57.78% wall=262.801 ms actual_ane_groups=63 actual_ane_refs=36616 actual_gpu_groups=0 actual_gpu_refs=0 finishes=63 waits=126 overlap_gpu_groups=172
ds4: Flash-MoE prefill layer=32 tokens=8423 unique=215 refs=50538 sync=7.275 ms plan=0.292 ms stage/compute=262.483 ms misses=215
ds4: Flash-MoE hybrid prefill layer=32 ane_groups=57 ane_refs=37853 gpu_i8_groups=0 gpu_i8_refs=0 fp32_groups=0 ane_min_refs=128 concurrent=1 ane_pipeline=1 output_queue=4 async_ane=57 gpu_overlap=158 finishes=57 waits=114
ds4: Flash-MoE overlap plan layer=32 exec_groups=215 planned_ane_groups=57 planned_ane_refs=37853 planned_gpu_groups=158 planned_gpu_refs=12685 tail_gpu_groups=0 tail_gpu_refs=0 planned_ssd_groups=215 est_gpu=22797.0 est_ane=9564.8 est_idle=58.04% wall=261.196 ms actual_ane_groups=57 actual_ane_refs=37853 actual_gpu_groups=0 actual_gpu_refs=0 finishes=57 waits=114 overlap_gpu_groups=158
ds4: Flash-MoE prefill layer=33 tokens=8423 unique=223 refs=50538 sync=7.388 ms plan=0.397 ms stage/compute=276.196 ms misses=223
ds4: Flash-MoE hybrid prefill layer=33 ane_groups=53 ane_refs=37760 gpu_i8_groups=0 gpu_i8_refs=0 fp32_groups=0 ane_min_refs=128 concurrent=1 ane_pipeline=1 output_queue=4 async_ane=53 gpu_overlap=170 finishes=53 waits=106
ds4: Flash-MoE overlap plan layer=33 exec_groups=223 planned_ane_groups=53 planned_ane_refs=37760 planned_gpu_groups=170 planned_gpu_refs=12778 tail_gpu_groups=0 tail_gpu_refs=0 planned_ssd_groups=223 est_gpu=23658.0 est_ane=8927.4 est_idle=62.26% wall=274.874 ms actual_ane_groups=53 actual_ane_refs=37760 actual_gpu_groups=0 actual_gpu_refs=0 finishes=53 waits=106 overlap_gpu_groups=170
ds4: Flash-MoE prefill layer=34 tokens=8423 unique=215 refs=50538 sync=7.323 ms plan=0.365 ms stage/compute=281.600 ms misses=215
ds4: Flash-MoE hybrid prefill layer=34 ane_groups=54 ane_refs=39045 gpu_i8_groups=0 gpu_i8_refs=0 fp32_groups=0 ane_min_refs=128 concurrent=1 ane_pipeline=1 output_queue=4 async_ane=54 gpu_overlap=161 finishes=54 waits=108
ds4: Flash-MoE overlap plan layer=34 exec_groups=215 planned_ane_groups=54 planned_ane_refs=39045 planned_gpu_groups=161 planned_gpu_refs=11493 tail_gpu_groups=0 tail_gpu_refs=0 planned_ssd_groups=215 est_gpu=21797.0 est_ane=9108.0 est_idle=58.21% wall=280.322 ms actual_ane_groups=54 actual_ane_refs=39045 actual_gpu_groups=0 actual_gpu_refs=0 finishes=54 waits=108 overlap_gpu_groups=161
ds4: Flash-MoE prefill layer=35 tokens=8423 unique=234 refs=50538 sync=7.302 ms plan=0.363 ms stage/compute=278.166 ms misses=234
ds4: Flash-MoE hybrid prefill layer=35 ane_groups=61 ane_refs=36663 gpu_i8_groups=0 gpu_i8_refs=0 fp32_groups=0 ane_min_refs=128 concurrent=1 ane_pipeline=1 output_queue=4 async_ane=61 gpu_overlap=173 finishes=61 waits=122
ds4: Flash-MoE overlap plan layer=35 exec_groups=234 planned_ane_groups=61 planned_ane_refs=36663 planned_gpu_groups=173 planned_gpu_refs=13875 tail_gpu_groups=0 tail_gpu_refs=0 planned_ssd_groups=234 est_gpu=24947.0 est_ane=10194.4 est_idle=59.14% wall=276.691 ms actual_ane_groups=61 actual_ane_refs=36663 actual_gpu_groups=0 actual_gpu_refs=0 finishes=61 waits=122 overlap_gpu_groups=173
ds4: Flash-MoE prefill layer=36 tokens=8423 unique=211 refs=50538 sync=7.234 ms plan=0.338 ms stage/compute=266.136 ms misses=211
ds4: Flash-MoE hybrid prefill layer=36 ane_groups=53 ane_refs=38963 gpu_i8_groups=0 gpu_i8_refs=0 fp32_groups=0 ane_min_refs=128 concurrent=1 ane_pipeline=1 output_queue=4 async_ane=53 gpu_overlap=158 finishes=53 waits=106
ds4: Flash-MoE overlap plan layer=36 exec_groups=211 planned_ane_groups=53 planned_ane_refs=38963 planned_gpu_groups=158 planned_gpu_refs=11575 tail_gpu_groups=0 tail_gpu_refs=0 planned_ssd_groups=211 est_gpu=21687.0 est_ane=8937.7 est_idle=58.79% wall=264.735 ms actual_ane_groups=53 actual_ane_refs=38963 actual_gpu_groups=0 actual_gpu_refs=0 finishes=53 waits=106 overlap_gpu_groups=158
ds4: Flash-MoE prefill layer=37 tokens=8423 unique=223 refs=50538 sync=7.229 ms plan=0.368 ms stage/compute=288.074 ms misses=223
ds4: Flash-MoE hybrid prefill layer=37 ane_groups=58 ane_refs=38083 gpu_i8_groups=0 gpu_i8_refs=0 fp32_groups=0 ane_min_refs=128 concurrent=1 ane_pipeline=1 output_queue=4 async_ane=58 gpu_overlap=165 finishes=58 waits=116
ds4: Flash-MoE overlap plan layer=37 exec_groups=223 planned_ane_groups=58 planned_ane_refs=38083 planned_gpu_groups=165 planned_gpu_refs=12455 tail_gpu_groups=0 tail_gpu_refs=0 planned_ssd_groups=223 est_gpu=23015.0 est_ane=9737.7 est_idle=57.69% wall=286.666 ms actual_ane_groups=58 actual_ane_refs=38083 actual_gpu_groups=0 actual_gpu_refs=0 finishes=58 waits=116 overlap_gpu_groups=165
ds4: Flash-MoE prefill layer=38 tokens=8423 unique=228 refs=50538 sync=7.212 ms plan=0.362 ms stage/compute=278.773 ms misses=228
ds4: Flash-MoE hybrid prefill layer=38 ane_groups=58 ane_refs=37070 gpu_i8_groups=0 gpu_i8_refs=0 fp32_groups=0 ane_min_refs=128 concurrent=1 ane_pipeline=1 output_queue=4 async_ane=58 gpu_overlap=170 finishes=58 waits=116
ds4: Flash-MoE overlap plan layer=38 exec_groups=228 planned_ane_groups=58 planned_ane_refs=37070 planned_gpu_groups=170 planned_gpu_refs=13468 tail_gpu_groups=0 tail_gpu_refs=0 planned_ssd_groups=228 est_gpu=24348.0 est_ane=9732.5 est_idle=60.03% wall=277.433 ms actual_ane_groups=58 actual_ane_refs=37070 actual_gpu_groups=0 actual_gpu_refs=0 finishes=58 waits=116 overlap_gpu_groups=170
ds4: Flash-MoE prefill layer=39 tokens=8423 unique=238 refs=50538 sync=7.214 ms plan=0.331 ms stage/compute=278.547 ms misses=238
ds4: Flash-MoE hybrid prefill layer=39 ane_groups=64 ane_refs=35237 gpu_i8_groups=0 gpu_i8_refs=0 fp32_groups=0 ane_min_refs=128 concurrent=1 ane_pipeline=1 output_queue=4 async_ane=64 gpu_overlap=174 finishes=64 waits=128
ds4: Flash-MoE overlap plan layer=39 exec_groups=238 planned_ane_groups=64 planned_ane_refs=35237 planned_gpu_groups=174 planned_gpu_refs=15301 tail_gpu_groups=0 tail_gpu_refs=0 planned_ssd_groups=238 est_gpu=26437.0 est_ane=10679.6 est_idle=59.60% wall=277.114 ms actual_ane_groups=64 actual_ane_refs=35237 actual_gpu_groups=0 actual_gpu_refs=0 finishes=64 waits=128 overlap_gpu_groups=174
ds4: Flash-MoE prefill layer=40 tokens=8423 unique=210 refs=50538 sync=7.377 ms plan=0.380 ms stage/compute=295.626 ms misses=210
ds4: Flash-MoE hybrid prefill layer=40 ane_groups=51 ane_refs=37666 gpu_i8_groups=0 gpu_i8_refs=0 fp32_groups=0 ane_min_refs=128 concurrent=1 ane_pipeline=1 output_queue=4 async_ane=51 gpu_overlap=159 finishes=51 waits=102
ds4: Flash-MoE overlap plan layer=40 exec_groups=210 planned_ane_groups=51 planned_ane_refs=37666 planned_gpu_groups=159 planned_gpu_refs=12872 tail_gpu_groups=0 tail_gpu_refs=0 planned_ssd_groups=210 est_gpu=23048.0 est_ane=8604.8 est_idle=62.67% wall=294.359 ms actual_ane_groups=51 actual_ane_refs=37666 actual_gpu_groups=0 actual_gpu_refs=0 finishes=51 waits=102 overlap_gpu_groups=159
ds4: Flash-MoE prefill layer=41 tokens=8423 unique=231 refs=50538 sync=7.203 ms plan=0.308 ms stage/compute=268.722 ms misses=231
ds4: Flash-MoE hybrid prefill layer=41 ane_groups=70 ane_refs=35550 gpu_i8_groups=0 gpu_i8_refs=0 fp32_groups=0 ane_min_refs=128 concurrent=1 ane_pipeline=1 output_queue=4 async_ane=70 gpu_overlap=161 finishes=70 waits=140
ds4: Flash-MoE overlap plan layer=41 exec_groups=231 planned_ane_groups=70 planned_ane_refs=35550 planned_gpu_groups=161 planned_gpu_refs=14988 tail_gpu_groups=0 tail_gpu_refs=0 planned_ssd_groups=231 est_gpu=25292.0 est_ane=11642.2 est_idle=53.97% wall=267.216 ms actual_ane_groups=70 actual_ane_refs=35550 actual_gpu_groups=0 actual_gpu_refs=0 finishes=70 waits=140 overlap_gpu_groups=161
ds4: Flash-MoE prefill layer=42 tokens=8423 unique=226 refs=50538 sync=7.205 ms plan=0.420 ms stage/compute=270.456 ms misses=226
ds4: Flash-MoE hybrid prefill layer=42 ane_groups=71 ane_refs=35938 gpu_i8_groups=0 gpu_i8_refs=0 fp32_groups=0 ane_min_refs=128 concurrent=1 ane_pipeline=1 output_queue=4 async_ane=71 gpu_overlap=155 finishes=71 waits=142
ds4: Flash-MoE overlap plan layer=42 exec_groups=226 planned_ane_groups=71 planned_ane_refs=35938 planned_gpu_groups=155 planned_gpu_refs=14600 tail_gpu_groups=0 tail_gpu_refs=0 planned_ssd_groups=226 est_gpu=24520.0 est_ane=11809.9 est_idle=51.84% wall=269.029 ms actual_ane_groups=71 actual_ane_refs=35938 actual_gpu_groups=0 actual_gpu_refs=0 finishes=71 waits=142 overlap_gpu_groups=155
ds4: metal layer-major prefill total tokens=8423 encode=12375.159 ms execute=9257.617 ms read=0.056 ms total=21632.837 ms
ds4: prefill full: 8423 tokens in 21934.2 ms (384.0 t/s)
 about
ds4: ----------------------------------------
ds4: prefill: 383.99 t/s, generation: 1.30 t/s
ds4: Flash-MoE slot-bank stats hits=0 misses=10183 hit-rate=0.0% resident-slots=258/4128 (6.2%, avg=6.0/layer min=6 max=6 of 96) installed=68735.25 MiB
ds4: Flash-MoE decode prefetch calls=43 loads=258 bytes=1741.50 MiB pread=152.965 ms upload=103.640 ms overlap-flushes=43
ds4: Flash-MoE prefill dedup refs=2173134 unique=9925 saved=2163209 (99.5%) reuse=218.96x
ds4: Flash-MoE prefill stage stats calls=9925 bytes=66993.75 MiB pread=3476.633 ms upload=1352.182 ms gate=417.965 ms up=425.324 ms down=508.893 ms scatter=19.101 ms stage_rate=13873.75 MiB/s pread_rate=19269.72 MiB/s upload_rate=49544.92 MiB/s
ds4: Flash-MoE prefill pread issue stats span=21367.600 ms active=16.27% span_rate=3135.30 MiB/s issue_gap=18362.672 ms post_stage_gap=9877.937 ms same_layer_issue=8359.485 ms same_layer_post=4.599 ms cross_layer_issue=10003.187 ms cross_layer_post=9873.338 ms max_issue=331.599 ms max_post=323.864 ms issue_gaps=8530 post_gaps=47 issue_gt1=1322 issue_gt5=279 issue_gt20=75 post_gt1=43 post_gt5=42 post_gt20=42
ds4: Flash-MoE prefill pread bucket le16 calls=2058 refs=13350 bytes=13891.50 MiB pread=736.648 ms issue_gap=384.113 ms post_stage_gap=3.581 ms pread_rate=18857.72 MiB/s
ds4: Flash-MoE prefill pread bucket le32 calls=858 refs=20544 bytes=5791.50 MiB pread=227.022 ms issue_gap=348.203 ms post_stage_gap=0.000 ms pread_rate=25510.74 MiB/s
ds4: Flash-MoE prefill pread bucket le64 calls=1186 refs=56062 bytes=8005.50 MiB pread=318.448 ms issue_gap=557.105 ms post_stage_gap=0.000 ms pread_rate=25139.11 MiB/s
ds4: Flash-MoE prefill pread bucket le128 calls=1475 refs=139979 bytes=9956.25 MiB pread=513.069 ms issue_gap=1819.704 ms post_stage_gap=0.000 ms pread_rate=19405.28 MiB/s
ds4: Flash-MoE prefill pread bucket le256 calls=1907 refs=351365 bytes=12872.25 MiB pread=727.733 ms issue_gap=2690.729 ms post_stage_gap=0.000 ms pread_rate=17688.15 MiB/s
ds4: Flash-MoE prefill pread bucket le512 calls=1422 refs=509929 bytes=9598.50 MiB pread=506.686 ms issue_gap=2177.390 ms post_stage_gap=0.000 ms pread_rate=18943.69 MiB/s
ds4: Flash-MoE prefill pread bucket gt512 calls=1019 refs=1081905 bytes=6878.25 MiB pread=447.027 ms issue_gap=10385.428 ms post_stage_gap=9874.356 ms pread_rate=15386.65 MiB/s
ds4: ANE prefill stats calls=3009 ok=3009 skipped_big_refs=0 compile_attempts=1 compile_failures=0 eval_calls=7364 eval_failures=0 write_failures=0 reopen_failures=0
ds4: ANE prefill timing dequant=24.218 ms input=1.155 ms ane_eval=34388.839 ms ane_eval_a=34388.839 ms ane_eval_b=0.000 ms ane_eval_c=0.000 ms ane_eval_d=0.000 ms ane_wall_est=34388.839 ms writeback=14.853 ms helper_avg=4.669859 ms ane_calls=7364 ane_call_avg=4.669859 ms
ds4: ANE prefill timing2 output_pack=13.977 ms measured_total=34443.042 ms
ds4: ANE prefill timing3 dequant_wait=2086.468 ms post_wait=0.000 ms x_zero=40.889 ms x_copy=133.141 ms out_zero=387.869 ms out_f16_copy=283.031 ms output_convert=13.977 ms output_gpu_encode=13.977 ms output_chunks=3009 output_elems=6271709184 output_convert_rate=448.716 Gelem/s
ds4: ANE prefill timing4 wait_predict=0.000 ms finish_join_ane=3359.571 ms finish_join_post=0.000 ms wait_predict_calls=0 finish_calls=3009
ds4: ANE prefill chunks refs=1531179 padded_refs=1885184 pad_util=81.22% le16=183 le64=472 le128=495 full=4369
ds4: ANE prefill batch_hist B256=7364 refs=1531179 util=81.2%
