ds4: context buffers 1018.78 MiB (ctx=10000, backend=metal, prefill_chunk=8192, raw_kv_rows=8704, compressed_kv_rows=2502)
ds4: Flash-MoE sidecar loaded: /Users/anemll/Models/flash/dsv4-iq2xxs-expert-major (slot-bank=96, expert-record 6.75 MiB)
ds4: Metal device Apple M5 Max, 128.00 GiB RAM
ds4: Flash-MoE using mmap-backed dense/shared weights without full-model Metal residency warmup
ds4: Metal model views created in 0.313 ms, residency requested in 0.000 ms, warmup 0.000 ms (mapped 8393.67 MiB from offset 5.06 MiB)
ds4: Metal mapped mmaped model as 1 overlapping shared buffers
ds4: metal backend initialized for graph diagnostics
ds4: prefill routed-MoE (requested): mul_mm_id (grouped GPU / ALU)  [grouped path]
ds4: prefill quant scales (MPP/NAX env first): w_qscale=512 x_qscale=32 mid_qscale=32 w_scale=0.00195312 x_scale=0.03125 mid_scale=0.03125
ds4: prefill ctx-grow: on, block=2048 tokens
ds4: prefill chunk cap: 8192, graph_raw_cap=8704
ds4: Flash-MoE slot banks allocated: layers=43 slots=96 gpu-bank=27864.00 MiB
ds4: prefill compute: routed experts = GPU MPP-int8 / NAX (W8A8) | dense proj = fp16-NAX (half x half)
ds4: prefill I/O: io-split=4 async-pread=on pread-threads=4 readahead=12 bank-prefetch=3 xlayer=auto<=6k-tok topk=48
ds4: decode  I/O: io-split=4 temporal-prefetch=on slots=96
ds4: Flash-MoE banked kernels using M5 simdgroup_matrix fast path (prefetch=3, banks=4)
ds4: prefill chunk cap EFFECTIVE=8192 tokens (DS4_METAL_PREFILL_CHUNK=8192) (resident-NAX tiles this by scratch_cap; that tile gates the sync bridge)
processing 8423 input tokens: 0/8423 (0.0%) batch=0.00 t/s avg=0.00 t/s
ds4: MPP/NAX int8 partial-tile workaround active (64-row MPP tiles, tail rows use legacy GPU; set DS4_FLASH_MOE_MPP_ALLOW_PARTIAL_TILES=1 to benchmark old behavior)
ds4: Flash-MoE prefill layer=0 tokens=8192 unique=256 refs=49152 sync=180.550 ms plan=0.964 ms stage/compute=360.153 ms misses=256
ds4: gpu chunked prefill pos=0 tokens=8192 layer 0 encode=564.584 ms execute=35.886 ms
ds4: Flash-MoE prefill layer=1 tokens=8192 unique=256 refs=49152 sync=92.641 ms plan=0.357 ms stage/compute=343.597 ms misses=256
ds4: gpu chunked prefill pos=0 tokens=8192 layer 1 encode=454.584 ms execute=18.676 ms
ds4: Flash-MoE prefill layer=2 tokens=8192 unique=256 refs=49152 sync=290.542 ms plan=0.373 ms stage/compute=344.970 ms misses=256
ds4: gpu chunked prefill pos=0 tokens=8192 layer 2 encode=638.584 ms execute=18.078 ms
ds4: Flash-MoE prefill layer=3 tokens=8192 unique=245 refs=49152 sync=107.727 ms plan=0.376 ms stage/compute=294.163 ms misses=245
ds4: gpu chunked prefill pos=0 tokens=8192 layer 3 encode=419.434 ms execute=18.815 ms
ds4: Flash-MoE prefill layer=4 tokens=8192 unique=241 refs=49152 sync=279.157 ms plan=0.372 ms stage/compute=285.534 ms misses=241
ds4: gpu chunked prefill pos=0 tokens=8192 layer 4 encode=567.038 ms execute=18.802 ms
ds4: Flash-MoE prefill layer=5 tokens=8192 unique=250 refs=49152 sync=107.108 ms plan=0.358 ms stage/compute=308.800 ms misses=250
ds4: gpu chunked prefill pos=0 tokens=8192 layer 5 encode=434.732 ms execute=18.047 ms
ds4: Flash-MoE prefill layer=6 tokens=8192 unique=244 refs=49152 sync=278.619 ms plan=0.442 ms stage/compute=297.854 ms misses=244
ds4: gpu chunked prefill pos=0 tokens=8192 layer 6 encode=578.776 ms execute=18.585 ms
ds4: Flash-MoE prefill layer=7 tokens=8192 unique=251 refs=49152 sync=107.098 ms plan=0.375 ms stage/compute=291.248 ms misses=251
ds4: gpu chunked prefill pos=0 tokens=8192 layer 7 encode=417.496 ms execute=17.654 ms
ds4: Flash-MoE prefill layer=8 tokens=8192 unique=242 refs=49152 sync=277.428 ms plan=0.465 ms stage/compute=284.312 ms misses=242
ds4: gpu chunked prefill pos=0 tokens=8192 layer 8 encode=563.793 ms execute=18.674 ms
ds4: Flash-MoE prefill layer=9 tokens=8192 unique=252 refs=49152 sync=106.711 ms plan=0.463 ms stage/compute=302.713 ms misses=252
ds4: gpu chunked prefill pos=0 tokens=8192 layer 9 encode=427.309 ms execute=18.842 ms
ds4: Flash-MoE prefill layer=10 tokens=8192 unique=244 refs=49152 sync=277.646 ms plan=0.437 ms stage/compute=290.360 ms misses=244
ds4: gpu chunked prefill pos=0 tokens=8192 layer 10 encode=570.083 ms execute=18.638 ms
ds4: Flash-MoE prefill layer=11 tokens=8192 unique=253 refs=49152 sync=107.579 ms plan=0.391 ms stage/compute=291.641 ms misses=253
ds4: gpu chunked prefill pos=0 tokens=8192 layer 11 encode=417.316 ms execute=18.621 ms
ds4: Flash-MoE prefill layer=12 tokens=8192 unique=238 refs=49152 sync=279.001 ms plan=0.394 ms stage/compute=271.056 ms misses=238
ds4: gpu chunked prefill pos=0 tokens=8192 layer 12 encode=552.152 ms execute=19.197 ms
ds4: Flash-MoE prefill layer=13 tokens=8192 unique=245 refs=49152 sync=106.911 ms plan=0.450 ms stage/compute=275.960 ms misses=245
ds4: gpu chunked prefill pos=0 tokens=8192 layer 13 encode=400.523 ms execute=18.502 ms
ds4: Flash-MoE prefill layer=14 tokens=8192 unique=242 refs=49152 sync=278.586 ms plan=0.286 ms stage/compute=272.662 ms misses=242
ds4: gpu chunked prefill pos=0 tokens=8192 layer 14 encode=553.228 ms execute=18.602 ms
ds4: Flash-MoE prefill layer=15 tokens=8192 unique=242 refs=49152 sync=107.209 ms plan=0.338 ms stage/compute=269.930 ms misses=242
ds4: gpu chunked prefill pos=0 tokens=8192 layer 15 encode=395.293 ms execute=18.189 ms
ds4: Flash-MoE prefill layer=16 tokens=8192 unique=239 refs=49152 sync=278.760 ms plan=0.395 ms stage/compute=275.464 ms misses=239
ds4: gpu chunked prefill pos=0 tokens=8192 layer 16 encode=556.222 ms execute=18.653 ms
ds4: Flash-MoE prefill layer=17 tokens=8192 unique=241 refs=49152 sync=106.512 ms plan=0.346 ms stage/compute=283.046 ms misses=241
ds4: gpu chunked prefill pos=0 tokens=8192 layer 17 encode=408.042 ms execute=19.087 ms
ds4: Flash-MoE prefill layer=18 tokens=8192 unique=238 refs=49152 sync=278.943 ms plan=0.395 ms stage/compute=260.455 ms misses=238
ds4: gpu chunked prefill pos=0 tokens=8192 layer 18 encode=542.098 ms execute=18.390 ms
ds4: Flash-MoE prefill layer=19 tokens=8192 unique=240 refs=49152 sync=108.370 ms plan=0.352 ms stage/compute=289.697 ms misses=240
ds4: gpu chunked prefill pos=0 tokens=8192 layer 19 encode=414.563 ms execute=19.075 ms
ds4: Flash-MoE prefill layer=20 tokens=8192 unique=237 refs=49152 sync=278.099 ms plan=0.387 ms stage/compute=277.993 ms misses=237
ds4: gpu chunked prefill pos=0 tokens=8192 layer 20 encode=558.299 ms execute=17.982 ms
ds4: Flash-MoE prefill layer=21 tokens=8192 unique=246 refs=49152 sync=109.405 ms plan=0.344 ms stage/compute=288.617 ms misses=246
ds4: gpu chunked prefill pos=0 tokens=8192 layer 21 encode=416.705 ms execute=18.118 ms
ds4: Flash-MoE prefill layer=22 tokens=8192 unique=246 refs=49152 sync=277.795 ms plan=0.392 ms stage/compute=273.997 ms misses=246
ds4: gpu chunked prefill pos=0 tokens=8192 layer 22 encode=553.799 ms execute=19.563 ms
ds4: Flash-MoE prefill layer=23 tokens=8192 unique=244 refs=49152 sync=108.001 ms plan=0.327 ms stage/compute=293.846 ms misses=244
ds4: gpu chunked prefill pos=0 tokens=8192 layer 23 encode=418.584 ms execute=18.715 ms
ds4: Flash-MoE prefill layer=24 tokens=8192 unique=236 refs=49152 sync=277.243 ms plan=0.381 ms stage/compute=275.933 ms misses=236
ds4: gpu chunked prefill pos=0 tokens=8192 layer 24 encode=555.231 ms execute=18.974 ms
ds4: Flash-MoE prefill layer=25 tokens=8192 unique=245 refs=49152 sync=107.134 ms plan=0.421 ms stage/compute=293.523 ms misses=245
ds4: gpu chunked prefill pos=0 tokens=8192 layer 25 encode=418.503 ms execute=18.671 ms
ds4: Flash-MoE prefill layer=26 tokens=8192 unique=240 refs=49152 sync=277.954 ms plan=0.418 ms stage/compute=276.666 ms misses=240
ds4: gpu chunked prefill pos=0 tokens=8192 layer 26 encode=556.813 ms execute=19.260 ms
ds4: Flash-MoE prefill layer=27 tokens=8192 unique=247 refs=49152 sync=109.362 ms plan=0.349 ms stage/compute=285.765 ms misses=247
ds4: gpu chunked prefill pos=0 tokens=8192 layer 27 encode=413.708 ms execute=17.974 ms
ds4: Flash-MoE prefill layer=28 tokens=8192 unique=244 refs=49152 sync=277.695 ms plan=0.342 ms stage/compute=289.242 ms misses=244
ds4: gpu chunked prefill pos=0 tokens=8192 layer 28 encode=569.100 ms execute=18.721 ms
ds4: Flash-MoE prefill layer=29 tokens=8192 unique=247 refs=49152 sync=107.164 ms plan=0.337 ms stage/compute=288.514 ms misses=247
ds4: gpu chunked prefill pos=0 tokens=8192 layer 29 encode=412.471 ms execute=17.989 ms
ds4: Flash-MoE prefill layer=30 tokens=8192 unique=243 refs=49152 sync=276.942 ms plan=0.355 ms stage/compute=279.896 ms misses=243
ds4: gpu chunked prefill pos=0 tokens=8192 layer 30 encode=558.836 ms execute=19.201 ms
ds4: Flash-MoE prefill layer=31 tokens=8192 unique=248 refs=49152 sync=106.325 ms plan=0.355 ms stage/compute=283.474 ms misses=248
ds4: gpu chunked prefill pos=0 tokens=8192 layer 31 encode=407.388 ms execute=20.120 ms
ds4: Flash-MoE prefill layer=32 tokens=8192 unique=244 refs=49152 sync=277.754 ms plan=0.449 ms stage/compute=277.623 ms misses=244
ds4: gpu chunked prefill pos=0 tokens=8192 layer 32 encode=557.710 ms execute=18.310 ms
ds4: Flash-MoE prefill layer=33 tokens=8192 unique=247 refs=49152 sync=106.051 ms plan=0.395 ms stage/compute=283.532 ms misses=247
ds4: gpu chunked prefill pos=0 tokens=8192 layer 33 encode=407.045 ms execute=17.710 ms
ds4: Flash-MoE prefill layer=34 tokens=8192 unique=245 refs=49152 sync=277.635 ms plan=0.412 ms stage/compute=270.136 ms misses=245
ds4: gpu chunked prefill pos=0 tokens=8192 layer 34 encode=550.138 ms execute=18.538 ms
ds4: Flash-MoE prefill layer=35 tokens=8192 unique=249 refs=49152 sync=106.177 ms plan=0.465 ms stage/compute=291.984 ms misses=249
ds4: gpu chunked prefill pos=0 tokens=8192 layer 35 encode=414.835 ms execute=17.973 ms
ds4: Flash-MoE prefill layer=36 tokens=8192 unique=247 refs=49152 sync=278.101 ms plan=0.413 ms stage/compute=280.342 ms misses=247
ds4: gpu chunked prefill pos=0 tokens=8192 layer 36 encode=560.542 ms execute=17.954 ms
ds4: Flash-MoE prefill layer=37 tokens=8192 unique=248 refs=49152 sync=106.313 ms plan=0.479 ms stage/compute=282.981 ms misses=248
ds4: gpu chunked prefill pos=0 tokens=8192 layer 37 encode=408.085 ms execute=17.691 ms
ds4: Flash-MoE prefill layer=38 tokens=8192 unique=248 refs=49152 sync=277.477 ms plan=0.422 ms stage/compute=281.809 ms misses=248
ds4: gpu chunked prefill pos=0 tokens=8192 layer 38 encode=561.342 ms execute=18.587 ms
ds4: Flash-MoE prefill layer=39 tokens=8192 unique=254 refs=49152 sync=106.569 ms plan=0.472 ms stage/compute=286.224 ms misses=254
ds4: gpu chunked prefill pos=0 tokens=8192 layer 39 encode=409.182 ms execute=17.976 ms
ds4: Flash-MoE prefill layer=40 tokens=8192 unique=232 refs=49152 sync=279.831 ms plan=0.412 ms stage/compute=262.893 ms misses=232
ds4: gpu chunked prefill pos=0 tokens=8192 layer 40 encode=544.890 ms execute=17.805 ms
ds4: Flash-MoE prefill layer=41 tokens=8192 unique=238 refs=49152 sync=106.169 ms plan=0.438 ms stage/compute=280.947 ms misses=238
ds4: gpu chunked prefill pos=0 tokens=8192 layer 41 encode=404.998 ms execute=17.829 ms
ds4: Flash-MoE prefill layer=42 tokens=8192 unique=232 refs=49152 sync=279.495 ms plan=0.341 ms stage/compute=269.228 ms misses=232
ds4: gpu chunked prefill pos=0 tokens=8192 layer 42 encode=551.135 ms execute=17.952 ms
processing 8423 input tokens: 8192/8423 (97.3%) batch=373.72 t/s avg=372.95 t/s
ds4: Flash-MoE prefill layer=0 tokens=231 unique=251 refs=1386 sync=5.129 ms plan=0.364 ms stage/compute=94.382 ms misses=251
ds4: gpu chunked prefill pos=8192 tokens=231 layer 0 encode=100.186 ms execute=1.080 ms
ds4: Flash-MoE prefill layer=1 tokens=231 unique=254 refs=1386 sync=4.599 ms plan=0.320 ms stage/compute=97.566 ms misses=254
ds4: gpu chunked prefill pos=8192 tokens=231 layer 1 encode=102.713 ms execute=1.025 ms
ds4: Flash-MoE prefill layer=2 tokens=231 unique=252 refs=1386 sync=14.741 ms plan=0.396 ms stage/compute=96.546 ms misses=252
ds4: gpu chunked prefill pos=8192 tokens=231 layer 2 encode=112.779 ms execute=0.982 ms
ds4: Flash-MoE prefill layer=3 tokens=231 unique=192 refs=1386 sync=5.639 ms plan=0.334 ms stage/compute=75.320 ms misses=192
ds4: Flash-MoE async pread canceled queued=0 reading=0 ready=13 finished=0
ds4: gpu chunked prefill pos=8192 tokens=231 layer 3 encode=81.829 ms execute=1.016 ms
ds4: Flash-MoE prefill layer=4 tokens=231 unique=185 refs=1386 sync=14.748 ms plan=0.374 ms stage/compute=73.268 ms misses=185
ds4: Flash-MoE async pread canceled queued=0 reading=0 ready=25 finished=0
ds4: gpu chunked prefill pos=8192 tokens=231 layer 4 encode=89.353 ms execute=1.025 ms
ds4: Flash-MoE prefill layer=5 tokens=231 unique=194 refs=1386 sync=5.620 ms plan=0.369 ms stage/compute=74.974 ms misses=194
ds4: Flash-MoE async pread canceled queued=0 reading=0 ready=37 finished=0
ds4: gpu chunked prefill pos=8192 tokens=231 layer 5 encode=81.461 ms execute=1.082 ms
ds4: Flash-MoE prefill layer=6 tokens=231 unique=193 refs=1386 sync=14.746 ms plan=0.330 ms stage/compute=75.894 ms misses=193
ds4: Flash-MoE async pread canceled queued=0 reading=0 ready=49 finished=0
ds4: gpu chunked prefill pos=8192 tokens=231 layer 6 encode=91.984 ms execute=1.006 ms
ds4: Flash-MoE prefill layer=7 tokens=231 unique=186 refs=1386 sync=5.522 ms plan=0.332 ms stage/compute=73.093 ms misses=186
ds4: Flash-MoE async pread canceled queued=0 reading=0 ready=60 finished=0
ds4: gpu chunked prefill pos=8192 tokens=231 layer 7 encode=79.472 ms execute=1.028 ms
ds4: Flash-MoE prefill layer=8 tokens=231 unique=173 refs=1386 sync=15.557 ms plan=0.310 ms stage/compute=66.531 ms misses=173
ds4: Flash-MoE async pread canceled queued=0 reading=0 ready=75 finished=0
ds4: gpu chunked prefill pos=8192 tokens=231 layer 8 encode=83.447 ms execute=1.091 ms
ds4: Flash-MoE prefill layer=9 tokens=231 unique=194 refs=1386 sync=5.521 ms plan=0.312 ms stage/compute=72.786 ms misses=194
ds4: Flash-MoE async pread canceled queued=0 reading=0 ready=88 finished=0
ds4: gpu chunked prefill pos=8192 tokens=231 layer 9 encode=79.116 ms execute=1.075 ms
ds4: Flash-MoE prefill layer=10 tokens=231 unique=178 refs=1386 sync=14.580 ms plan=0.340 ms stage/compute=70.049 ms misses=178
ds4: Flash-MoE async pread canceled queued=0 reading=0 ready=105 finished=0
ds4: gpu chunked prefill pos=8192 tokens=231 layer 10 encode=86.045 ms execute=1.067 ms
ds4: Flash-MoE prefill layer=11 tokens=231 unique=180 refs=1386 sync=5.500 ms plan=0.314 ms stage/compute=70.224 ms misses=180
ds4: Flash-MoE async pread canceled queued=0 reading=1 ready=115 finished=1
ds4: gpu chunked prefill pos=8192 tokens=231 layer 11 encode=76.570 ms execute=1.094 ms
ds4: Flash-MoE prefill layer=12 tokens=231 unique=159 refs=1386 sync=14.638 ms plan=0.342 ms stage/compute=63.561 ms misses=159
ds4: Flash-MoE async pread canceled queued=0 reading=1 ready=131 finished=1
ds4: gpu chunked prefill pos=8192 tokens=231 layer 12 encode=79.467 ms execute=1.101 ms
ds4: Flash-MoE prefill layer=13 tokens=231 unique=174 refs=1386 sync=5.386 ms plan=0.372 ms stage/compute=65.780 ms misses=174
ds4: Flash-MoE async pread canceled queued=5 reading=2 ready=138 finished=2
ds4: gpu chunked prefill pos=8192 tokens=231 layer 13 encode=72.032 ms execute=1.104 ms
ds4: Flash-MoE prefill layer=14 tokens=231 unique=169 refs=1386 sync=14.585 ms plan=0.303 ms stage/compute=67.152 ms misses=169
ds4: Flash-MoE async pread canceled queued=5 reading=2 ready=154 finished=2
ds4: gpu chunked prefill pos=8192 tokens=231 layer 14 encode=82.981 ms execute=1.178 ms
ds4: Flash-MoE prefill layer=15 tokens=231 unique=153 refs=1386 sync=5.546 ms plan=0.359 ms stage/compute=62.080 ms misses=153
ds4: Flash-MoE async pread canceled queued=5 reading=2 ready=176 finished=2
ds4: gpu chunked prefill pos=8192 tokens=231 layer 15 encode=68.485 ms execute=1.334 ms
ds4: Flash-MoE prefill layer=16 tokens=231 unique=166 refs=1386 sync=14.699 ms plan=0.292 ms stage/compute=65.853 ms misses=166
ds4: Flash-MoE async pread canceled queued=5 reading=2 ready=191 finished=2
ds4: gpu chunked prefill pos=8192 tokens=231 layer 16 encode=81.856 ms execute=1.088 ms
ds4: Flash-MoE prefill layer=17 tokens=231 unique=180 refs=1386 sync=5.565 ms plan=0.303 ms stage/compute=68.786 ms misses=180
ds4: Flash-MoE async pread canceled queued=5 reading=2 ready=215 finished=2
ds4: gpu chunked prefill pos=8192 tokens=231 layer 17 encode=75.160 ms execute=1.154 ms
ds4: Flash-MoE prefill layer=18 tokens=231 unique=157 refs=1386 sync=14.956 ms plan=0.353 ms stage/compute=61.792 ms misses=157
ds4: Flash-MoE async pread canceled queued=5 reading=2 ready=236 finished=2
ds4: gpu chunked prefill pos=8192 tokens=231 layer 18 encode=78.048 ms execute=0.942 ms
ds4: Flash-MoE prefill layer=19 tokens=231 unique=196 refs=1386 sync=5.470 ms plan=0.329 ms stage/compute=75.729 ms misses=196
ds4: Flash-MoE async pread canceled queued=5 reading=2 ready=245 finished=2
ds4: gpu chunked prefill pos=8192 tokens=231 layer 19 encode=82.006 ms execute=1.259 ms
ds4: Flash-MoE prefill layer=20 tokens=231 unique=156 refs=1386 sync=14.770 ms plan=0.359 ms stage/compute=63.770 ms misses=156
ds4: Flash-MoE async pread canceled queued=5 reading=2 ready=270 finished=2
ds4: gpu chunked prefill pos=8192 tokens=231 layer 20 encode=80.095 ms execute=1.349 ms
ds4: Flash-MoE prefill layer=21 tokens=231 unique=170 refs=1386 sync=5.980 ms plan=0.340 ms stage/compute=68.894 ms misses=170
ds4: Flash-MoE async pread canceled queued=5 reading=2 ready=284 finished=2
ds4: gpu chunked prefill pos=8192 tokens=231 layer 21 encode=75.743 ms execute=1.156 ms
ds4: Flash-MoE prefill layer=22 tokens=231 unique=169 refs=1386 sync=14.560 ms plan=0.336 ms stage/compute=65.182 ms misses=169
ds4: Flash-MoE async pread canceled queued=5 reading=2 ready=302 finished=2
ds4: gpu chunked prefill pos=8192 tokens=231 layer 22 encode=81.009 ms execute=1.385 ms
ds4: Flash-MoE prefill layer=23 tokens=231 unique=186 refs=1386 sync=5.569 ms plan=0.347 ms stage/compute=72.001 ms misses=186
ds4: Flash-MoE async pread canceled queued=5 reading=2 ready=317 finished=2
ds4: gpu chunked prefill pos=8192 tokens=231 layer 23 encode=78.458 ms execute=1.009 ms
ds4: Flash-MoE prefill layer=24 tokens=231 unique=176 refs=1386 sync=14.603 ms plan=0.339 ms stage/compute=69.681 ms misses=176
ds4: Flash-MoE async pread canceled queued=5 reading=2 ready=331 finished=2
ds4: gpu chunked prefill pos=8192 tokens=231 layer 24 encode=85.582 ms execute=1.345 ms
ds4: Flash-MoE prefill layer=25 tokens=231 unique=191 refs=1386 sync=5.415 ms plan=0.263 ms stage/compute=74.628 ms misses=191
ds4: Flash-MoE async pread canceled queued=7 reading=3 ready=341 finished=3
ds4: gpu chunked prefill pos=8192 tokens=231 layer 25 encode=80.789 ms execute=1.078 ms
ds4: Flash-MoE prefill layer=26 tokens=231 unique=164 refs=1386 sync=14.650 ms plan=0.292 ms stage/compute=64.041 ms misses=164
ds4: Flash-MoE async pread canceled queued=7 reading=3 ready=359 finished=3
ds4: gpu chunked prefill pos=8192 tokens=231 layer 26 encode=79.974 ms execute=1.212 ms
ds4: Flash-MoE prefill layer=27 tokens=231 unique=175 refs=1386 sync=5.533 ms plan=0.281 ms stage/compute=66.801 ms misses=175
ds4: Flash-MoE async pread canceled queued=7 reading=3 ready=374 finished=3
ds4: gpu chunked prefill pos=8192 tokens=231 layer 27 encode=73.172 ms execute=1.113 ms
ds4: Flash-MoE prefill layer=28 tokens=231 unique=178 refs=1386 sync=14.864 ms plan=0.382 ms stage/compute=68.542 ms misses=178
ds4: Flash-MoE async pread canceled queued=7 reading=3 ready=384 finished=3
ds4: gpu chunked prefill pos=8192 tokens=231 layer 28 encode=84.810 ms execute=1.021 ms
ds4: Flash-MoE prefill layer=29 tokens=231 unique=176 refs=1386 sync=5.548 ms plan=0.316 ms stage/compute=68.553 ms misses=176
ds4: Flash-MoE async pread canceled queued=7 reading=3 ready=404 finished=3
ds4: gpu chunked prefill pos=8192 tokens=231 layer 29 encode=74.899 ms execute=1.022 ms
ds4: Flash-MoE prefill layer=30 tokens=231 unique=180 refs=1386 sync=14.654 ms plan=0.309 ms stage/compute=72.569 ms misses=180
ds4: Flash-MoE async pread canceled queued=7 reading=3 ready=418 finished=3
ds4: gpu chunked prefill pos=8192 tokens=231 layer 30 encode=88.642 ms execute=1.210 ms
ds4: Flash-MoE prefill layer=31 tokens=231 unique=170 refs=1386 sync=5.525 ms plan=0.328 ms stage/compute=66.485 ms misses=170
ds4: Flash-MoE async pread canceled queued=7 reading=3 ready=432 finished=3
ds4: gpu chunked prefill pos=8192 tokens=231 layer 31 encode=72.831 ms execute=1.351 ms
ds4: Flash-MoE prefill layer=32 tokens=231 unique=181 refs=1386 sync=14.573 ms plan=0.352 ms stage/compute=69.452 ms misses=181
ds4: Flash-MoE async pread canceled queued=7 reading=3 ready=444 finished=3
ds4: gpu chunked prefill pos=8192 tokens=231 layer 32 encode=85.317 ms execute=0.969 ms
ds4: Flash-MoE prefill layer=33 tokens=231 unique=169 refs=1386 sync=5.530 ms plan=0.371 ms stage/compute=65.906 ms misses=169
ds4: Flash-MoE async pread canceled queued=7 reading=3 ready=466 finished=3
ds4: gpu chunked prefill pos=8192 tokens=231 layer 33 encode=72.282 ms execute=1.324 ms
ds4: Flash-MoE prefill layer=34 tokens=231 unique=174 refs=1386 sync=14.658 ms plan=0.327 ms stage/compute=68.509 ms misses=174
ds4: Flash-MoE async pread canceled queued=7 reading=3 ready=479 finished=3
ds4: gpu chunked prefill pos=8192 tokens=231 layer 34 encode=84.564 ms execute=1.081 ms
ds4: Flash-MoE prefill layer=35 tokens=231 unique=170 refs=1386 sync=5.404 ms plan=0.353 ms stage/compute=66.399 ms misses=170
ds4: Flash-MoE async pread canceled queued=11 reading=4 ready=491 finished=4
ds4: gpu chunked prefill pos=8192 tokens=231 layer 35 encode=72.625 ms execute=0.987 ms
ds4: Flash-MoE prefill layer=36 tokens=231 unique=185 refs=1386 sync=14.624 ms plan=0.294 ms stage/compute=69.749 ms misses=185
ds4: Flash-MoE async pread canceled queued=11 reading=4 ready=505 finished=4
ds4: gpu chunked prefill pos=8192 tokens=231 layer 36 encode=85.599 ms execute=0.979 ms
ds4: Flash-MoE prefill layer=37 tokens=231 unique=173 refs=1386 sync=5.524 ms plan=0.361 ms stage/compute=66.765 ms misses=173
ds4: Flash-MoE async pread canceled queued=11 reading=6 ready=517 finished=6
ds4: gpu chunked prefill pos=8192 tokens=231 layer 37 encode=73.130 ms execute=1.074 ms
ds4: Flash-MoE prefill layer=38 tokens=231 unique=169 refs=1386 sync=14.701 ms plan=0.315 ms stage/compute=66.909 ms misses=169
ds4: Flash-MoE async pread canceled queued=11 reading=6 ready=535 finished=6
ds4: gpu chunked prefill pos=8192 tokens=231 layer 38 encode=82.983 ms execute=1.114 ms
ds4: Flash-MoE prefill layer=39 tokens=231 unique=180 refs=1386 sync=5.562 ms plan=0.345 ms stage/compute=70.110 ms misses=180
ds4: Flash-MoE async pread canceled queued=12 reading=6 ready=548 finished=6
ds4: gpu chunked prefill pos=8192 tokens=231 layer 39 encode=76.521 ms execute=1.068 ms
ds4: Flash-MoE prefill layer=40 tokens=231 unique=126 refs=1386 sync=14.626 ms plan=0.306 ms stage/compute=52.825 ms misses=126
ds4: Flash-MoE async pread canceled queued=12 reading=6 ready=571 finished=6
ds4: gpu chunked prefill pos=8192 tokens=231 layer 40 encode=69.075 ms execute=0.994 ms
ds4: Flash-MoE prefill layer=41 tokens=231 unique=151 refs=1386 sync=5.524 ms plan=0.339 ms stage/compute=61.582 ms misses=151
ds4: Flash-MoE async pread canceled queued=12 reading=7 ready=592 finished=7
ds4: gpu chunked prefill pos=8192 tokens=231 layer 41 encode=67.914 ms execute=1.172 ms
ds4: Flash-MoE prefill layer=42 tokens=231 unique=146 refs=1386 sync=14.624 ms plan=0.284 ms stage/compute=60.426 ms misses=146
ds4: Flash-MoE async pread canceled queued=12 reading=7 ready=617 finished=7
ds4: gpu chunked prefill pos=8192 tokens=231 layer 42 encode=76.352 ms execute=0.958 ms
processing 8423 input tokens: 8423/8423 (100.0%) batch=65.27 t/s avg=330.25 t/s
ds4: gpu chunked prefill start=0 tokens=8423 chunk=8192 encode=24572.561 ms execute=861.432 ms read=0.009 ms total=25461.784 ms
ds4: prefill full: 8423 tokens in 25505.8 ms (330.2 t/s)
We
ds4: ----------------------------------------
ds4: prefill: 330.24 t/s, generation: 1.23 t/s
ds4: Flash-MoE cross-layer prefetch layers=42 experts_queued=2016 (avg=48.0/layer)
ds4: Flash-MoE slot-bank stats hits=0 misses=18481 hit-rate=0.0% resident-slots=258/4128 (6.2%, avg=6.0/layer min=6 max=6 of 96) installed=124746.75 MiB
ds4: Flash-MoE decode prefetch calls=43 loads=258 bytes=1741.50 MiB pread=147.300 ms upload=105.644 ms overlap-flushes=43
ds4: Flash-MoE prefill dedup refs=2173134 unique=18223 saved=2154911 (99.2%) reuse=119.25x
ds4: Flash-MoE prefill stage stats calls=18223 bytes=123005.25 MiB pread=4546.898 ms upload=1983.120 ms gate=619.169 ms up=604.477 ms down=759.474 ms scatter=16.902 ms stage_rate=18836.89 MiB/s pread_rate=27052.56 MiB/s upload_rate=62026.13 MiB/s
ds4: Flash-MoE prefill pread issue stats span=25149.498 ms active=18.08% span_rate=4890.96 MiB/s issue_gap=63482.093 ms post_stage_gap=9927.816 ms same_layer_issue=52210.421 ms same_layer_post=7.072 ms cross_layer_issue=11271.672 ms cross_layer_post=9920.744 ms max_issue=331.088 ms max_post=314.846 ms issue_gaps=15465 post_gaps=89 issue_gt1=6068 issue_gt5=1165 issue_gt20=901 post_gt1=87 post_gt5=82 post_gt20=43
ds4: Flash-MoE prefill pread bucket le16 calls=8465 refs=44987 bytes=57138.75 MiB pread=2193.270 ms issue_gap=43868.605 ms post_stage_gap=2678.720 ms pread_rate=26051.85 MiB/s
ds4: Flash-MoE prefill pread bucket le32 calls=1529 refs=35692 bytes=10320.75 MiB pread=498.874 ms issue_gap=4148.071 ms post_stage_gap=360.009 ms pread_rate=20688.09 MiB/s
ds4: Flash-MoE prefill pread bucket le64 calls=1525 refs=71119 bytes=10293.75 MiB pread=468.942 ms issue_gap=3396.737 ms post_stage_gap=1342.684 ms pread_rate=21951.01 MiB/s
ds4: Flash-MoE prefill pread bucket le128 calls=1906 refs=180804 bytes=12865.50 MiB pread=457.543 ms issue_gap=3431.859 ms post_stage_gap=1339.418 ms pread_rate=28118.67 MiB/s
ds4: Flash-MoE prefill pread bucket le256 calls=2310 refs=427921 bytes=15592.50 MiB pread=459.431 ms issue_gap=4132.612 ms post_stage_gap=1957.702 ms pread_rate=33938.72 MiB/s
ds4: Flash-MoE prefill pread bucket le512 calls=1604 refs=570871 bytes=10827.00 MiB pread=302.517 ms issue_gap=2351.722 ms post_stage_gap=900.495 ms pread_rate=35789.72 MiB/s
ds4: Flash-MoE prefill pread bucket gt512 calls=884 refs=841740 bytes=5967.00 MiB pread=166.321 ms issue_gap=2152.487 ms post_stage_gap=1348.788 ms pread_rate=35876.41 MiB/s
