Here's a complete game of Space Invaders in Python using Pygame:

```python
import pygame.sect random
import math

# Initialize pygame
pygame.init()
pygame.display = pygame.display.set_mode = pygame.display.set_mode((800,600))
# 800x800
pygame.display.set_caption("Space Invaders")

# Background
game
# Background
pygame = pygame.image.load('background.jpg')
# Background
pygame = pygame.image.load(background)
# Player
pygame = pygame.image.load('player.png')
# Player
player = pygame.image.load('player.png')
# Player
player = pygame.image.load('player.png')
# Player
player = pygame.image.load('player.png')
# Player
player = pygame.image.load('player.png')
# Player
player = pygame.image.load('player')
# Player  # Let's use the player
player = pygame
# Player
player = pygame.image.load('player.png')
# Player
player = pygame.image.load('player.png')
# Player
player = pygame.image.load('player.png')
# Player
player = pygame.image.load('player.png')
# Player
player = pygame.draw.rect(player, Player)
# Player, Player
# Player
player = pygame.image.load('player.png')
# Player
player = pygame.image.load('player.png')
# Player
player = pygame.image.load('player.png')
# Player
player = pygame.image.load('player.png')
# Player
player = pygame.image.load('player.png')
# Player
player = pygame.image.load('player.png')
# Player
player = pygame.image.load('player.png')
# Player
player = pygame.image.load('player.png')
# Player
player = pygame.image.load('player.png')
# Player
player = pygame.image.load('player.png')
# Player
player = pygame.image.load('player.png')
# Player
player = pygame.image.load('player.png')
# Player
player = pygame.image
# Player
player = pygame.image.load(Player)
# Player
player = pygame.image.load('player.png')
# Player
player = pygame.image.load('player.png')
# Player
player = pygame.image.load('player.png')
# Player
player = pygame.image.load('player.png')
# Player
player = pygame.image.load('player.png')
# Player
player = pygame.image.load('player.png')
# Player
player = pygame.image.load('player.png')
# Player
player = pygame.image.load('player.png')
# Player
player = pygame.image.load('player.png')
# Player
player = pygame.image.load('player')
# Player
# Let's use the player
player = pygame.drawImage
# Player, Player
# Player
player = pygame.image.load('player.png')
# Player
player = pygame.image.load('player.png')
# Player
player = pygame.image.load('player.png')
# Player
player = pygame.image.load('player.png')
# Player
player = pygame.image.load('player.png')
# Player
player = pygame.image.load('player.png')
# Player
player = pygame.image.load('player.png')
# Player
player = pygame.image.load('player.png')
# Player
player = pygame.image.load('player.png')
# Player
player = pygame.image.load('player.png')
# Player
player
# Player
player = pygame.image.load('Player.png')
# Player
player = pygame.image
