ds4: warning: raw KV cap limits Metal prefill chunk (prefill_chunk=14336, raw_kv_rows=8704, raw_window=128, effective_chunk=8576; target raw cap for one chunk is 14592, also requires ctx >= that value)
ds4: context buffers 1311.52 MiB (ctx=14336, backend=metal, prefill_chunk=14336, raw_kv_rows=8704, compressed_kv_rows=3586)
ds4: Flash-MoE sidecar loaded: /Users/anemll/Models/flash/dsv4-iq2xxs-expert-major (slot-bank=96, expert-record 6.75 MiB)
ds4: Metal device Apple M5 Max, 128.00 GiB RAM
ds4: Flash-MoE using mmap-backed dense/shared weights without full-model Metal residency warmup
ds4: Metal model views created in 0.853 ms, residency requested in 0.000 ms, warmup 0.000 ms (mapped 8393.67 MiB from offset 5.06 MiB)
ds4: Metal mapped mmaped model as 1 overlapping shared buffers
ds4: metal backend initialized for graph diagnostics
ds4: prefill routed-MoE (requested): mul_mm_id (grouped GPU / ALU)  [grouped path]
ds4: prefill quant scales (ANE env first): w_qscale=512 x_qscale=32 mid_qscale=32 w_scale=0.00195312 x_scale=0.03125 mid_scale=0.03125
ds4: prefill ctx-grow: on, block=2048 tokens
ds4: prefill chunk cap: 16384, graph_raw_cap=8704
ds4: Flash-MoE slot banks allocated: layers=43 slots=96 gpu-bank=27864.00 MiB
ds4: prefill compute: routed experts = ANE i8i8 (W8A8) | dense proj = fp16-NAX (half x half)
ds4: prefill I/O: io-split=4 async-pread=on pread-threads=4 readahead=12 bank-prefetch=3 xlayer=auto<=6k-tok topk=48
ds4: decode  I/O: io-split=4 temporal-prefetch=on slots=96
ds4: Flash-MoE banked kernels using M5 simdgroup_matrix fast path (prefetch=3, banks=4)
ds4: WARNING: prefill chunk 14336 clamped to 8576 by raw-KV cap (raw_cap=8704, window=128). Set DS4_METAL_GRAPH_RAW_CAP >= 14464 (window + chunk) — or unset it to auto-size — to honor the chunk.
ds4: prefill chunk cap EFFECTIVE=8576 tokens (DS4_METAL_PREFILL_CHUNK=16384), CLAMPED by raw-KV-cap (ctx-grow) (resident-NAX tiles this by scratch_cap; that tile gates the sync bridge)
ds4: ANE i8w-i8x-tiled-fused cached async prefill B=256 H=4096 I=2048 w_scale=0.00195312 x_scale=0.03125 mid_scale=0.03125
processing 12630 input tokens: 0/12630 (0.0%) batch=0.00 t/s avg=0.00 t/s
ds4: Flash-MoE prefill layer=0 tokens=8576 unique=256 refs=51456 sync=223.141 ms plan=0.968 ms stage/compute=298.370 ms misses=256
ds4: Flash-MoE hybrid prefill layer=0 ane_groups=150 ane_refs=32653 gpu_i8_groups=0 gpu_i8_refs=0 fp32_groups=0 ane_min_refs=64 concurrent=1 ane_pipeline=1 output_queue=4 async_ane=150 gpu_overlap=106 finishes=150 waits=300
ds4: Flash-MoE overlap plan layer=0 exec_groups=256 planned_ane_groups=150 planned_ane_refs=32653 planned_gpu_groups=106 planned_gpu_refs=18803 tail_gpu_groups=0 tail_gpu_refs=0 planned_ssd_groups=256 est_gpu=25587.0 est_ane=24499.1 est_idle=4.25% wall=290.725 ms actual_ane_groups=150 actual_ane_refs=32653 actual_gpu_groups=0 actual_gpu_refs=0 finishes=150 waits=300 overlap_gpu_groups=106
ds4: gpu chunked prefill pos=0 tokens=8576 layer 0 encode=543.515 ms execute=42.184 ms
ds4: Flash-MoE prefill layer=1 tokens=8576 unique=256 refs=51456 sync=95.841 ms plan=0.329 ms stage/compute=276.379 ms misses=256
ds4: Flash-MoE hybrid prefill layer=1 ane_groups=151 ane_refs=32788 gpu_i8_groups=0 gpu_i8_refs=0 fp32_groups=0 ane_min_refs=64 concurrent=1 ane_pipeline=1 output_queue=4 async_ane=151 gpu_overlap=105 finishes=151 waits=302
ds4: Flash-MoE overlap plan layer=1 exec_groups=256 planned_ane_groups=151 planned_ane_refs=32788 planned_gpu_groups=105 planned_gpu_refs=18668 tail_gpu_groups=0 tail_gpu_refs=0 planned_ssd_groups=256 est_gpu=25388.0 est_ane=24669.4 est_idle=2.83% wall=275.028 ms actual_ane_groups=151 actual_ane_refs=32788 actual_gpu_groups=0 actual_gpu_refs=0 finishes=151 waits=302 overlap_gpu_groups=105
ds4: gpu chunked prefill pos=0 tokens=8576 layer 1 encode=389.986 ms execute=19.148 ms
ds4: Flash-MoE prefill layer=2 tokens=8576 unique=256 refs=51456 sync=312.427 ms plan=0.399 ms stage/compute=269.219 ms misses=256
ds4: Flash-MoE hybrid prefill layer=2 ane_groups=150 ane_refs=32825 gpu_i8_groups=0 gpu_i8_refs=0 fp32_groups=0 ane_min_refs=64 concurrent=1 ane_pipeline=1 output_queue=4 async_ane=150 gpu_overlap=106 finishes=150 waits=300
ds4: Flash-MoE overlap plan layer=2 exec_groups=256 planned_ane_groups=150 planned_ane_refs=32825 planned_gpu_groups=106 planned_gpu_refs=18631 tail_gpu_groups=0 tail_gpu_refs=0 planned_ssd_groups=256 est_gpu=25415.0 est_ane=24512.0 est_idle=3.55% wall=267.907 ms actual_ane_groups=150 actual_ane_refs=32825 actual_gpu_groups=0 actual_gpu_refs=0 finishes=150 waits=300 overlap_gpu_groups=106
ds4: gpu chunked prefill pos=0 tokens=8576 layer 2 encode=584.528 ms execute=18.679 ms
ds4: Flash-MoE prefill layer=3 tokens=8576 unique=250 refs=51456 sync=118.776 ms plan=0.392 ms stage/compute=277.275 ms misses=250
ds4: Flash-MoE hybrid prefill layer=3 ane_groups=110 ane_refs=35357 gpu_i8_groups=0 gpu_i8_refs=0 fp32_groups=0 ane_min_refs=64 concurrent=1 ane_pipeline=1 output_queue=4 async_ane=110 gpu_overlap=140 finishes=110 waits=220
ds4: Flash-MoE overlap plan layer=3 exec_groups=250 planned_ane_groups=110 planned_ane_refs=35357 planned_gpu_groups=140 planned_gpu_refs=16099 tail_gpu_groups=0 tail_gpu_refs=0 planned_ssd_groups=250 est_gpu=25059.0 est_ane=18101.7 est_idle=27.76% wall=275.971 ms actual_ane_groups=110 actual_ane_refs=35357 actual_gpu_groups=0 actual_gpu_refs=0 finishes=110 waits=220 overlap_gpu_groups=140
ds4: gpu chunked prefill pos=0 tokens=8576 layer 3 encode=414.834 ms execute=18.342 ms
ds4: Flash-MoE prefill layer=4 tokens=8576 unique=234 refs=51456 sync=294.906 ms plan=0.382 ms stage/compute=276.675 ms misses=234
ds4: Flash-MoE hybrid prefill layer=4 ane_groups=96 ane_refs=37256 gpu_i8_groups=0 gpu_i8_refs=0 fp32_groups=0 ane_min_refs=64 concurrent=1 ane_pipeline=1 output_queue=4 async_ane=96 gpu_overlap=138 finishes=96 waits=192
ds4: Flash-MoE overlap plan layer=4 exec_groups=234 planned_ane_groups=96 planned_ane_refs=37256 planned_gpu_groups=138 planned_gpu_refs=14200 tail_gpu_groups=0 tail_gpu_refs=0 planned_ssd_groups=234 est_gpu=23032.0 est_ane=15859.1 est_idle=31.14% wall=275.330 ms actual_ane_groups=96 actual_ane_refs=37256 actual_gpu_groups=0 actual_gpu_refs=0 finishes=96 waits=192 overlap_gpu_groups=138
ds4: gpu chunked prefill pos=0 tokens=8576 layer 4 encode=573.700 ms execute=18.929 ms
ds4: Flash-MoE prefill layer=5 tokens=8576 unique=250 refs=51456 sync=118.401 ms plan=0.380 ms stage/compute=295.359 ms misses=250
ds4: Flash-MoE hybrid prefill layer=5 ane_groups=102 ane_refs=35954 gpu_i8_groups=0 gpu_i8_refs=0 fp32_groups=0 ane_min_refs=64 concurrent=1 ane_pipeline=1 output_queue=4 async_ane=102 gpu_overlap=148 finishes=102 waits=204
ds4: Flash-MoE overlap plan layer=5 exec_groups=250 planned_ane_groups=102 planned_ane_refs=35954 planned_gpu_groups=148 planned_gpu_refs=15502 tail_gpu_groups=0 tail_gpu_refs=0 planned_ssd_groups=250 est_gpu=24974.0 est_ane=16811.3 est_idle=32.68% wall=293.851 ms actual_ane_groups=102 actual_ane_refs=35954 actual_gpu_groups=0 actual_gpu_refs=0 finishes=102 waits=204 overlap_gpu_groups=148
ds4: gpu chunked prefill pos=0 tokens=8576 layer 5 encode=433.510 ms execute=19.145 ms
ds4: Flash-MoE prefill layer=6 tokens=8576 unique=237 refs=51456 sync=294.545 ms plan=0.381 ms stage/compute=264.920 ms misses=237
ds4: Flash-MoE hybrid prefill layer=6 ane_groups=95 ane_refs=37160 gpu_i8_groups=0 gpu_i8_refs=0 fp32_groups=0 ane_min_refs=64 concurrent=1 ane_pipeline=1 output_queue=4 async_ane=95 gpu_overlap=142 finishes=95 waits=190
ds4: Flash-MoE overlap plan layer=6 exec_groups=237 planned_ane_groups=95 planned_ane_refs=37160 planned_gpu_groups=142 planned_gpu_refs=14296 tail_gpu_groups=0 tail_gpu_refs=0 planned_ssd_groups=237 est_gpu=23384.0 est_ane=15691.3 est_idle=32.90% wall=263.476 ms actual_ane_groups=95 actual_ane_refs=37160 actual_gpu_groups=0 actual_gpu_refs=0 finishes=95 waits=190 overlap_gpu_groups=142
ds4: gpu chunked prefill pos=0 tokens=8576 layer 6 encode=561.488 ms execute=19.001 ms
ds4: Flash-MoE prefill layer=7 tokens=8576 unique=244 refs=51456 sync=118.910 ms plan=0.360 ms stage/compute=276.291 ms misses=244
ds4: Flash-MoE hybrid prefill layer=7 ane_groups=92 ane_refs=37180 gpu_i8_groups=0 gpu_i8_refs=0 fp32_groups=0 ane_min_refs=64 concurrent=1 ane_pipeline=1 output_queue=4 async_ane=92 gpu_overlap=152 finishes=92 waits=184
ds4: Flash-MoE overlap plan layer=7 exec_groups=244 planned_ane_groups=92 planned_ane_refs=37180 planned_gpu_groups=152 planned_gpu_refs=14276 tail_gpu_groups=0 tail_gpu_refs=0 planned_ssd_groups=244 est_gpu=24004.0 est_ane=15216.5 est_idle=36.61% wall=274.954 ms actual_ane_groups=92 actual_ane_refs=37180 actual_gpu_groups=0 actual_gpu_refs=0 finishes=92 waits=184 overlap_gpu_groups=152
ds4: gpu chunked prefill pos=0 tokens=8576 layer 7 encode=414.689 ms execute=18.750 ms
ds4: Flash-MoE prefill layer=8 tokens=8576 unique=244 refs=51456 sync=294.535 ms plan=0.300 ms stage/compute=274.882 ms misses=244
ds4: Flash-MoE hybrid prefill layer=8 ane_groups=90 ane_refs=37669 gpu_i8_groups=0 gpu_i8_refs=0 fp32_groups=0 ane_min_refs=64 concurrent=1 ane_pipeline=1 output_queue=4 async_ane=90 gpu_overlap=154 finishes=90 waits=180
ds4: Flash-MoE overlap plan layer=8 exec_groups=244 planned_ane_groups=90 planned_ane_refs=37669 planned_gpu_groups=154 planned_gpu_refs=13787 tail_gpu_groups=0 tail_gpu_refs=0 planned_ssd_groups=244 est_gpu=23643.0 est_ane=14896.5 est_idle=36.99% wall=273.504 ms actual_ane_groups=90 actual_ane_refs=37669 actual_gpu_groups=0 actual_gpu_refs=0 finishes=90 waits=180 overlap_gpu_groups=154
ds4: gpu chunked prefill pos=0 tokens=8576 layer 8 encode=571.342 ms execute=18.772 ms
ds4: Flash-MoE prefill layer=9 tokens=8576 unique=250 refs=51456 sync=118.289 ms plan=0.313 ms stage/compute=272.030 ms misses=250
ds4: Flash-MoE hybrid prefill layer=9 ane_groups=104 ane_refs=35953 gpu_i8_groups=0 gpu_i8_refs=0 fp32_groups=0 ane_min_refs=64 concurrent=1 ane_pipeline=1 output_queue=4 async_ane=104 gpu_overlap=146 finishes=104 waits=208
ds4: Flash-MoE overlap plan layer=9 exec_groups=250 planned_ane_groups=104 planned_ane_refs=35953 planned_gpu_groups=146 planned_gpu_refs=15503 tail_gpu_groups=0 tail_gpu_refs=0 planned_ssd_groups=250 est_gpu=24847.0 est_ane=17131.3 est_idle=31.05% wall=270.655 ms actual_ane_groups=104 actual_ane_refs=35953 actual_gpu_groups=0 actual_gpu_refs=0 finishes=104 waits=208 overlap_gpu_groups=146
ds4: gpu chunked prefill pos=0 tokens=8576 layer 9 encode=408.221 ms execute=18.373 ms
ds4: Flash-MoE prefill layer=10 tokens=8576 unique=235 refs=51456 sync=295.859 ms plan=0.392 ms stage/compute=272.278 ms misses=235
ds4: Flash-MoE hybrid prefill layer=10 ane_groups=98 ane_refs=36545 gpu_i8_groups=0 gpu_i8_refs=0 fp32_groups=0 ane_min_refs=64 concurrent=1 ane_pipeline=1 output_queue=4 async_ane=98 gpu_overlap=137 finishes=98 waits=196
ds4: Flash-MoE overlap plan layer=10 exec_groups=235 planned_ane_groups=98 planned_ane_refs=36545 planned_gpu_groups=137 planned_gpu_refs=14911 tail_gpu_groups=0 tail_gpu_refs=0 planned_ssd_groups=235 est_gpu=23679.0 est_ane=16181.7 est_idle=31.66% wall=270.999 ms actual_ane_groups=98 actual_ane_refs=36545 actual_gpu_groups=0 actual_gpu_refs=0 finishes=98 waits=196 overlap_gpu_groups=137
ds4: gpu chunked prefill pos=0 tokens=8576 layer 10 encode=570.215 ms execute=19.554 ms
ds4: Flash-MoE prefill layer=11 tokens=8576 unique=246 refs=51456 sync=118.179 ms plan=0.332 ms stage/compute=271.768 ms misses=246
ds4: Flash-MoE hybrid prefill layer=11 ane_groups=97 ane_refs=36195 gpu_i8_groups=0 gpu_i8_refs=0 fp32_groups=0 ane_min_refs=64 concurrent=1 ane_pipeline=1 output_queue=4 async_ane=97 gpu_overlap=149 finishes=97 waits=194
ds4: Flash-MoE overlap plan layer=11 exec_groups=246 planned_ane_groups=97 planned_ane_refs=36195 planned_gpu_groups=149 planned_gpu_refs=15261 tail_gpu_groups=0 tail_gpu_refs=0 planned_ssd_groups=246 est_gpu=24797.0 est_ane=16016.5 est_idle=35.41% wall=270.445 ms actual_ane_groups=97 actual_ane_refs=36195 actual_gpu_groups=0 actual_gpu_refs=0 finishes=97 waits=194 overlap_gpu_groups=149
ds4: gpu chunked prefill pos=0 tokens=8576 layer 11 encode=408.029 ms execute=18.961 ms
ds4: Flash-MoE prefill layer=12 tokens=8576 unique=232 refs=51456 sync=294.446 ms plan=0.398 ms stage/compute=258.962 ms misses=232
ds4: Flash-MoE hybrid prefill layer=12 ane_groups=86 ane_refs=37827 gpu_i8_groups=0 gpu_i8_refs=0 fp32_groups=0 ane_min_refs=64 concurrent=1 ane_pipeline=1 output_queue=4 async_ane=86 gpu_overlap=146 finishes=86 waits=172
ds4: Flash-MoE overlap plan layer=12 exec_groups=232 planned_ane_groups=86 planned_ane_refs=37827 planned_gpu_groups=146 planned_gpu_refs=13629 tail_gpu_groups=0 tail_gpu_refs=0 planned_ssd_groups=232 est_gpu=22973.0 est_ane=14256.5 est_idle=37.94% wall=257.686 ms actual_ane_groups=86 actual_ane_refs=37827 actual_gpu_groups=0 actual_gpu_refs=0 finishes=86 waits=172 overlap_gpu_groups=146
ds4: gpu chunked prefill pos=0 tokens=8576 layer 12 encode=555.502 ms execute=18.350 ms
ds4: Flash-MoE prefill layer=13 tokens=8576 unique=230 refs=51456 sync=118.391 ms plan=0.312 ms stage/compute=266.023 ms misses=230
ds4: Flash-MoE hybrid prefill layer=13 ane_groups=76 ane_refs=39258 gpu_i8_groups=0 gpu_i8_refs=0 fp32_groups=0 ane_min_refs=64 concurrent=1 ane_pipeline=1 output_queue=4 async_ane=76 gpu_overlap=154 finishes=76 waits=152
ds4: Flash-MoE overlap plan layer=13 exec_groups=230 planned_ane_groups=76 planned_ane_refs=39258 planned_gpu_groups=154 planned_gpu_refs=12198 tail_gpu_groups=0 tail_gpu_refs=0 planned_ssd_groups=230 est_gpu=22054.0 est_ane=12648.7 est_idle=42.65% wall=264.682 ms actual_ane_groups=76 actual_ane_refs=39258 actual_gpu_groups=0 actual_gpu_refs=0 finishes=76 waits=152 overlap_gpu_groups=154
ds4: gpu chunked prefill pos=0 tokens=8576 layer 13 encode=403.206 ms execute=18.394 ms
ds4: Flash-MoE prefill layer=14 tokens=8576 unique=224 refs=51456 sync=295.845 ms plan=0.346 ms stage/compute=267.887 ms misses=224
ds4: Flash-MoE hybrid prefill layer=14 ane_groups=71 ane_refs=39600 gpu_i8_groups=0 gpu_i8_refs=0 fp32_groups=0 ane_min_refs=64 concurrent=1 ane_pipeline=1 output_queue=4 async_ane=71 gpu_overlap=153 finishes=71 waits=142
ds4: Flash-MoE overlap plan layer=14 exec_groups=224 planned_ane_groups=71 planned_ane_refs=39600 planned_gpu_groups=153 planned_gpu_refs=11856 tail_gpu_groups=0 tail_gpu_refs=0 planned_ssd_groups=224 est_gpu=21648.0 est_ane=11853.9 est_idle=45.24% wall=266.506 ms actual_ane_groups=71 actual_ane_refs=39600 actual_gpu_groups=0 actual_gpu_refs=0 finishes=71 waits=142 overlap_gpu_groups=153
ds4: gpu chunked prefill pos=0 tokens=8576 layer 14 encode=565.721 ms execute=18.396 ms
ds4: Flash-MoE prefill layer=15 tokens=8576 unique=220 refs=51456 sync=118.501 ms plan=0.363 ms stage/compute=267.151 ms misses=220
ds4: Flash-MoE hybrid prefill layer=15 ane_groups=67 ane_refs=40293 gpu_i8_groups=0 gpu_i8_refs=0 fp32_groups=0 ane_min_refs=64 concurrent=1 ane_pipeline=1 output_queue=4 async_ane=67 gpu_overlap=153 finishes=67 waits=134
ds4: Flash-MoE overlap plan layer=15 exec_groups=220 planned_ane_groups=67 planned_ane_refs=40293 planned_gpu_groups=153 planned_gpu_refs=11163 tail_gpu_groups=0 tail_gpu_refs=0 planned_ssd_groups=220 est_gpu=20955.0 est_ane=11216.5 est_idle=46.47% wall=265.907 ms actual_ane_groups=67 actual_ane_refs=40293 actual_gpu_groups=0 actual_gpu_refs=0 finishes=67 waits=134 overlap_gpu_groups=153
ds4: gpu chunked prefill pos=0 tokens=8576 layer 15 encode=405.627 ms execute=18.329 ms
ds4: Flash-MoE prefill layer=16 tokens=8576 unique=207 refs=51456 sync=294.922 ms plan=0.341 ms stage/compute=264.315 ms misses=207
ds4: Flash-MoE hybrid prefill layer=16 ane_groups=77 ane_refs=40169 gpu_i8_groups=0 gpu_i8_refs=0 fp32_groups=0 ane_min_refs=64 concurrent=1 ane_pipeline=1 output_queue=4 async_ane=77 gpu_overlap=130 finishes=77 waits=154
ds4: Flash-MoE overlap plan layer=16 exec_groups=207 planned_ane_groups=77 planned_ane_refs=40169 planned_gpu_groups=130 planned_gpu_refs=11287 tail_gpu_groups=0 tail_gpu_refs=0 planned_ssd_groups=207 est_gpu=19607.0 est_ane=12813.9 est_idle=34.65% wall=262.902 ms actual_ane_groups=77 actual_ane_refs=40169 actual_gpu_groups=0 actual_gpu_refs=0 finishes=77 waits=154 overlap_gpu_groups=130
ds4: gpu chunked prefill pos=0 tokens=8576 layer 16 encode=561.275 ms execute=18.880 ms
ds4: Flash-MoE prefill layer=17 tokens=8576 unique=215 refs=51456 sync=118.272 ms plan=0.369 ms stage/compute=279.258 ms misses=215
ds4: Flash-MoE hybrid prefill layer=17 ane_groups=75 ane_refs=39781 gpu_i8_groups=0 gpu_i8_refs=0 fp32_groups=0 ane_min_refs=64 concurrent=1 ane_pipeline=1 output_queue=4 async_ane=75 gpu_overlap=140 finishes=75 waits=150
ds4: Flash-MoE overlap plan layer=17 exec_groups=215 planned_ane_groups=75 planned_ane_refs=39781 planned_gpu_groups=140 planned_gpu_refs=11675 tail_gpu_groups=0 tail_gpu_refs=0 planned_ssd_groups=215 est_gpu=20635.0 est_ane=12499.1 est_idle=39.43% wall=277.897 ms actual_ane_groups=75 actual_ane_refs=39781 actual_gpu_groups=0 actual_gpu_refs=0 finishes=75 waits=150 overlap_gpu_groups=140
ds4: gpu chunked prefill pos=0 tokens=8576 layer 17 encode=416.041 ms execute=18.407 ms
ds4: Flash-MoE prefill layer=18 tokens=8576 unique=215 refs=51456 sync=295.860 ms plan=0.390 ms stage/compute=275.466 ms misses=215
ds4: Flash-MoE hybrid prefill layer=18 ane_groups=73 ane_refs=39653 gpu_i8_groups=0 gpu_i8_refs=0 fp32_groups=0 ane_min_refs=64 concurrent=1 ane_pipeline=1 output_queue=4 async_ane=73 gpu_overlap=142 finishes=73 waits=146
ds4: Flash-MoE overlap plan layer=18 exec_groups=215 planned_ane_groups=73 planned_ane_refs=39653 planned_gpu_groups=142 planned_gpu_refs=11803 tail_gpu_groups=0 tail_gpu_refs=0 planned_ssd_groups=215 est_gpu=20891.0 est_ane=12184.2 est_idle=41.68% wall=274.175 ms actual_ane_groups=73 actual_ane_refs=39653 actual_gpu_groups=0 actual_gpu_refs=0 finishes=73 waits=146 overlap_gpu_groups=142
ds4: gpu chunked prefill pos=0 tokens=8576 layer 18 encode=573.424 ms execute=18.373 ms
ds4: Flash-MoE prefill layer=19 tokens=8576 unique=240 refs=51456 sync=118.319 ms plan=0.328 ms stage/compute=267.900 ms misses=240
ds4: Flash-MoE hybrid prefill layer=19 ane_groups=111 ane_refs=35582 gpu_i8_groups=0 gpu_i8_refs=0 fp32_groups=0 ane_min_refs=64 concurrent=1 ane_pipeline=1 output_queue=4 async_ane=111 gpu_overlap=129 finishes=111 waits=222
ds4: Flash-MoE overlap plan layer=19 exec_groups=240 planned_ane_groups=111 planned_ane_refs=35582 planned_gpu_groups=129 planned_gpu_refs=15874 tail_gpu_groups=0 tail_gpu_refs=0 planned_ssd_groups=240 est_gpu=24130.0 est_ane=18256.5 est_idle=24.34% wall=266.388 ms actual_ane_groups=111 actual_ane_refs=35582 actual_gpu_groups=0 actual_gpu_refs=0 finishes=111 waits=222 overlap_gpu_groups=129
ds4: gpu chunked prefill pos=0 tokens=8576 layer 19 encode=404.166 ms execute=18.961 ms
ds4: Flash-MoE prefill layer=20 tokens=8576 unique=222 refs=51456 sync=294.724 ms plan=0.420 ms stage/compute=290.125 ms misses=222
ds4: Flash-MoE hybrid prefill layer=20 ane_groups=73 ane_refs=39760 gpu_i8_groups=0 gpu_i8_refs=0 fp32_groups=0 ane_min_refs=64 concurrent=1 ane_pipeline=1 output_queue=4 async_ane=73 gpu_overlap=149 finishes=73 waits=146
ds4: Flash-MoE overlap plan layer=20 exec_groups=222 planned_ane_groups=73 planned_ane_refs=39760 planned_gpu_groups=149 planned_gpu_refs=11696 tail_gpu_groups=0 tail_gpu_refs=0 planned_ssd_groups=222 est_gpu=21232.0 est_ane=12181.7 est_idle=42.63% wall=288.840 ms actual_ane_groups=73 actual_ane_refs=39760 actual_gpu_groups=0 actual_gpu_refs=0 finishes=73 waits=146 overlap_gpu_groups=149
ds4: gpu chunked prefill pos=0 tokens=8576 layer 20 encode=586.912 ms execute=18.393 ms
ds4: Flash-MoE prefill layer=21 tokens=8576 unique=221 refs=51456 sync=119.425 ms plan=0.330 ms stage/compute=259.177 ms misses=221
ds4: Flash-MoE hybrid prefill layer=21 ane_groups=86 ane_refs=38442 gpu_i8_groups=0 gpu_i8_refs=0 fp32_groups=0 ane_min_refs=64 concurrent=1 ane_pipeline=1 output_queue=4 async_ane=86 gpu_overlap=135 finishes=86 waits=172
ds4: Flash-MoE overlap plan layer=21 exec_groups=221 planned_ane_groups=86 planned_ane_refs=38442 planned_gpu_groups=135 planned_gpu_refs=13014 tail_gpu_groups=0 tail_gpu_refs=0 planned_ssd_groups=221 est_gpu=21654.0 est_ane=14264.2 est_idle=34.13% wall=257.762 ms actual_ane_groups=86 actual_ane_refs=38442 actual_gpu_groups=0 actual_gpu_refs=0 finishes=86 waits=172 overlap_gpu_groups=135
ds4: gpu chunked prefill pos=0 tokens=8576 layer 21 encode=396.850 ms execute=18.910 ms
ds4: Flash-MoE prefill layer=22 tokens=8576 unique=225 refs=51456 sync=294.275 ms plan=0.382 ms stage/compute=272.856 ms misses=225
ds4: Flash-MoE hybrid prefill layer=22 ane_groups=76 ane_refs=38851 gpu_i8_groups=0 gpu_i8_refs=0 fp32_groups=0 ane_min_refs=64 concurrent=1 ane_pipeline=1 output_queue=4 async_ane=76 gpu_overlap=149 finishes=76 waits=152
ds4: Flash-MoE overlap plan layer=22 exec_groups=225 planned_ane_groups=76 planned_ane_refs=38851 planned_gpu_groups=149 planned_gpu_refs=12605 tail_gpu_groups=0 tail_gpu_refs=0 planned_ssd_groups=225 est_gpu=22141.0 est_ane=12651.3 est_idle=42.86% wall=271.576 ms actual_ane_groups=76 actual_ane_refs=38851 actual_gpu_groups=0 actual_gpu_refs=0 finishes=76 waits=152 overlap_gpu_groups=149
ds4: gpu chunked prefill pos=0 tokens=8576 layer 22 encode=569.361 ms execute=18.356 ms
ds4: Flash-MoE prefill layer=23 tokens=8576 unique=234 refs=51456 sync=119.028 ms plan=0.333 ms stage/compute=254.759 ms misses=234
ds4: Flash-MoE hybrid prefill layer=23 ane_groups=96 ane_refs=36991 gpu_i8_groups=0 gpu_i8_refs=0 fp32_groups=0 ane_min_refs=64 concurrent=1 ane_pipeline=1 output_queue=4 async_ane=96 gpu_overlap=138 finishes=96 waits=192
ds4: Flash-MoE overlap plan layer=23 exec_groups=234 planned_ane_groups=96 planned_ane_refs=36991 planned_gpu_groups=138 planned_gpu_refs=14465 tail_gpu_groups=0 tail_gpu_refs=0 planned_ssd_groups=234 est_gpu=23297.0 est_ane=15848.7 est_idle=31.97% wall=253.389 ms actual_ane_groups=96 actual_ane_refs=36991 actual_gpu_groups=0 actual_gpu_refs=0 finishes=96 waits=192 overlap_gpu_groups=138
ds4: gpu chunked prefill pos=0 tokens=8576 layer 23 encode=393.654 ms execute=18.849 ms
ds4: Flash-MoE prefill layer=24 tokens=8576 unique=218 refs=51456 sync=294.014 ms plan=0.351 ms stage/compute=255.976 ms misses=218
ds4: Flash-MoE hybrid prefill layer=24 ane_groups=78 ane_refs=38678 gpu_i8_groups=0 gpu_i8_refs=0 fp32_groups=0 ane_min_refs=64 concurrent=1 ane_pipeline=1 output_queue=4 async_ane=78 gpu_overlap=140 finishes=78 waits=156
ds4: Flash-MoE overlap plan layer=24 exec_groups=218 planned_ane_groups=78 planned_ane_refs=38678 planned_gpu_groups=140 planned_gpu_refs=12778 tail_gpu_groups=0 tail_gpu_refs=0 planned_ssd_groups=218 est_gpu=21738.0 est_ane=12973.9 est_idle=40.32% wall=254.581 ms actual_ane_groups=78 actual_ane_refs=38678 actual_gpu_groups=0 actual_gpu_refs=0 finishes=78 waits=156 overlap_gpu_groups=140
ds4: gpu chunked prefill pos=0 tokens=8576 layer 24 encode=552.331 ms execute=18.384 ms
ds4: Flash-MoE prefill layer=25 tokens=8576 unique=220 refs=51456 sync=119.562 ms plan=0.345 ms stage/compute=256.777 ms misses=220
ds4: Flash-MoE hybrid prefill layer=25 ane_groups=88 ane_refs=38195 gpu_i8_groups=0 gpu_i8_refs=0 fp32_groups=0 ane_min_refs=64 concurrent=1 ane_pipeline=1 output_queue=4 async_ane=88 gpu_overlap=132 finishes=88 waits=176
ds4: Flash-MoE overlap plan layer=25 exec_groups=220 planned_ane_groups=88 planned_ane_refs=38195 planned_gpu_groups=132 planned_gpu_refs=13261 tail_gpu_groups=0 tail_gpu_refs=0 planned_ssd_groups=220 est_gpu=21709.0 est_ane=14579.1 est_idle=32.84% wall=255.335 ms actual_ane_groups=88 actual_ane_refs=38195 actual_gpu_groups=0 actual_gpu_refs=0 finishes=88 waits=176 overlap_gpu_groups=132
ds4: gpu chunked prefill pos=0 tokens=8576 layer 25 encode=395.471 ms execute=18.376 ms
ds4: Flash-MoE prefill layer=26 tokens=8576 unique=218 refs=51456 sync=295.079 ms plan=0.422 ms stage/compute=277.995 ms misses=218
ds4: Flash-MoE hybrid prefill layer=26 ane_groups=63 ane_refs=40656 gpu_i8_groups=0 gpu_i8_refs=0 fp32_groups=0 ane_min_refs=64 concurrent=1 ane_pipeline=1 output_queue=4 async_ane=63 gpu_overlap=155 finishes=63 waits=126
ds4: Flash-MoE overlap plan layer=26 exec_groups=218 planned_ane_groups=63 planned_ane_refs=40656 planned_gpu_groups=155 planned_gpu_refs=10800 tail_gpu_groups=0 tail_gpu_refs=0 planned_ssd_groups=218 est_gpu=20720.0 est_ane=10571.3 est_idle=48.98% wall=276.722 ms actual_ane_groups=63 actual_ane_refs=40656 actual_gpu_groups=0 actual_gpu_refs=0 finishes=63 waits=126 overlap_gpu_groups=155
ds4: gpu chunked prefill pos=0 tokens=8576 layer 26 encode=575.127 ms execute=18.444 ms
ds4: Flash-MoE prefill layer=27 tokens=8576 unique=225 refs=51456 sync=118.967 ms plan=0.356 ms stage/compute=260.662 ms misses=225
ds4: Flash-MoE hybrid prefill layer=27 ane_groups=82 ane_refs=38726 gpu_i8_groups=0 gpu_i8_refs=0 fp32_groups=0 ane_min_refs=64 concurrent=1 ane_pipeline=1 output_queue=4 async_ane=82 gpu_overlap=143 finishes=82 waits=164
ds4: Flash-MoE overlap plan layer=27 exec_groups=225 planned_ane_groups=82 planned_ane_refs=38726 planned_gpu_groups=143 planned_gpu_refs=12730 tail_gpu_groups=0 tail_gpu_refs=0 planned_ssd_groups=225 est_gpu=21882.0 est_ane=13613.9 est_idle=37.78% wall=259.167 ms actual_ane_groups=82 actual_ane_refs=38726 actual_gpu_groups=0 actual_gpu_refs=0 finishes=82 waits=164 overlap_gpu_groups=143
ds4: gpu chunked prefill pos=0 tokens=8576 layer 27 encode=397.923 ms execute=18.419 ms
ds4: Flash-MoE prefill layer=28 tokens=8576 unique=218 refs=51456 sync=294.626 ms plan=0.361 ms stage/compute=256.739 ms misses=218
ds4: Flash-MoE hybrid prefill layer=28 ane_groups=80 ane_refs=38876 gpu_i8_groups=0 gpu_i8_refs=0 fp32_groups=0 ane_min_refs=64 concurrent=1 ane_pipeline=1 output_queue=4 async_ane=80 gpu_overlap=138 finishes=80 waits=160
ds4: Flash-MoE overlap plan layer=28 exec_groups=218 planned_ane_groups=80 planned_ane_refs=38876 planned_gpu_groups=138 planned_gpu_refs=12580 tail_gpu_groups=0 tail_gpu_refs=0 planned_ssd_groups=218 est_gpu=21412.0 est_ane=13301.7 est_idle=37.88% wall=255.429 ms actual_ane_groups=80 actual_ane_refs=38876 actual_gpu_groups=0 actual_gpu_refs=0 finishes=80 waits=160 overlap_gpu_groups=138
ds4: gpu chunked prefill pos=0 tokens=8576 layer 28 encode=553.400 ms execute=18.849 ms
ds4: Flash-MoE prefill layer=29 tokens=8576 unique=221 refs=51456 sync=118.949 ms plan=0.342 ms stage/compute=271.079 ms misses=221
ds4: Flash-MoE hybrid prefill layer=29 ane_groups=72 ane_refs=39405 gpu_i8_groups=0 gpu_i8_refs=0 fp32_groups=0 ane_min_refs=64 concurrent=1 ane_pipeline=1 output_queue=4 async_ane=72 gpu_overlap=149 finishes=72 waits=144
ds4: Flash-MoE overlap plan layer=29 exec_groups=221 planned_ane_groups=72 planned_ane_refs=39405 planned_gpu_groups=149 planned_gpu_refs=12051 tail_gpu_groups=0 tail_gpu_refs=0 planned_ssd_groups=221 est_gpu=21587.0 est_ane=12011.3 est_idle=44.36% wall=269.744 ms actual_ane_groups=72 actual_ane_refs=39405 actual_gpu_groups=0 actual_gpu_refs=0 finishes=72 waits=144 overlap_gpu_groups=149
ds4: gpu chunked prefill pos=0 tokens=8576 layer 29 encode=408.310 ms execute=18.473 ms
ds4: Flash-MoE prefill layer=30 tokens=8576 unique=227 refs=51456 sync=294.580 ms plan=0.362 ms stage/compute=263.235 ms misses=227
ds4: Flash-MoE hybrid prefill layer=30 ane_groups=78 ane_refs=38817 gpu_i8_groups=0 gpu_i8_refs=0 fp32_groups=0 ane_min_refs=64 concurrent=1 ane_pipeline=1 output_queue=4 async_ane=78 gpu_overlap=149 finishes=78 waits=156
ds4: Flash-MoE overlap plan layer=30 exec_groups=227 planned_ane_groups=78 planned_ane_refs=38817 planned_gpu_groups=149 planned_gpu_refs=12639 tail_gpu_groups=0 tail_gpu_refs=0 planned_ssd_groups=227 est_gpu=22175.0 est_ane=12968.7 est_idle=41.52% wall=261.794 ms actual_ane_groups=78 actual_ane_refs=38817 actual_gpu_groups=0 actual_gpu_refs=0 finishes=78 waits=156 overlap_gpu_groups=149
ds4: gpu chunked prefill pos=0 tokens=8576 layer 30 encode=559.883 ms execute=18.417 ms
ds4: Flash-MoE prefill layer=31 tokens=8576 unique=232 refs=51456 sync=119.182 ms plan=0.363 ms stage/compute=260.031 ms misses=232
ds4: Flash-MoE hybrid prefill layer=31 ane_groups=78 ane_refs=39050 gpu_i8_groups=0 gpu_i8_refs=0 fp32_groups=0 ane_min_refs=64 concurrent=1 ane_pipeline=1 output_queue=4 async_ane=78 gpu_overlap=154 finishes=78 waits=156
ds4: Flash-MoE overlap plan layer=31 exec_groups=232 planned_ane_groups=78 planned_ane_refs=39050 planned_gpu_groups=154 planned_gpu_refs=12406 tail_gpu_groups=0 tail_gpu_refs=0 planned_ssd_groups=232 est_gpu=22262.0 est_ane=12979.1 est_idle=41.70% wall=258.726 ms actual_ane_groups=78 actual_ane_refs=39050 actual_gpu_groups=0 actual_gpu_refs=0 finishes=78 waits=156 overlap_gpu_groups=154
ds4: gpu chunked prefill pos=0 tokens=8576 layer 31 encode=398.238 ms execute=18.386 ms
ds4: Flash-MoE prefill layer=32 tokens=8576 unique=214 refs=51456 sync=294.815 ms plan=0.384 ms stage/compute=263.168 ms misses=214
ds4: Flash-MoE hybrid prefill layer=32 ane_groups=70 ane_refs=39922 gpu_i8_groups=0 gpu_i8_refs=0 fp32_groups=0 ane_min_refs=64 concurrent=1 ane_pipeline=1 output_queue=4 async_ane=70 gpu_overlap=144 finishes=70 waits=140
ds4: Flash-MoE overlap plan layer=32 exec_groups=214 planned_ane_groups=70 planned_ane_refs=39922 planned_gpu_groups=144 planned_gpu_refs=11534 tail_gpu_groups=0 tail_gpu_refs=0 planned_ssd_groups=214 est_gpu=20750.0 est_ane=11699.1 est_idle=43.62% wall=261.856 ms actual_ane_groups=70 actual_ane_refs=39922 actual_gpu_groups=0 actual_gpu_refs=0 finishes=70 waits=140 overlap_gpu_groups=144
ds4: gpu chunked prefill pos=0 tokens=8576 layer 32 encode=559.988 ms execute=18.474 ms
ds4: Flash-MoE prefill layer=33 tokens=8576 unique=224 refs=51456 sync=118.793 ms plan=0.332 ms stage/compute=275.179 ms misses=224
ds4: Flash-MoE hybrid prefill layer=33 ane_groups=70 ane_refs=40143 gpu_i8_groups=0 gpu_i8_refs=0 fp32_groups=0 ane_min_refs=64 concurrent=1 ane_pipeline=1 output_queue=4 async_ane=70 gpu_overlap=154 finishes=70 waits=140
ds4: Flash-MoE overlap plan layer=33 exec_groups=224 planned_ane_groups=70 planned_ane_refs=40143 planned_gpu_groups=154 planned_gpu_refs=11313 tail_gpu_groups=0 tail_gpu_refs=0 planned_ssd_groups=224 est_gpu=21169.0 est_ane=11704.2 est_idle=44.71% wall=273.712 ms actual_ane_groups=70 actual_ane_refs=40143 actual_gpu_groups=0 actual_gpu_refs=0 finishes=70 waits=140 overlap_gpu_groups=154
ds4: gpu chunked prefill pos=0 tokens=8576 layer 33 encode=412.148 ms execute=18.376 ms
ds4: Flash-MoE prefill layer=34 tokens=8576 unique=218 refs=51456 sync=294.717 ms plan=0.383 ms stage/compute=274.606 ms misses=218
ds4: Flash-MoE hybrid prefill layer=34 ane_groups=62 ane_refs=40774 gpu_i8_groups=0 gpu_i8_refs=0 fp32_groups=0 ane_min_refs=64 concurrent=1 ane_pipeline=1 output_queue=4 async_ane=62 gpu_overlap=156 finishes=62 waits=124
ds4: Flash-MoE overlap plan layer=34 exec_groups=218 planned_ane_groups=62 planned_ane_refs=40774 planned_gpu_groups=156 planned_gpu_refs=10682 tail_gpu_groups=0 tail_gpu_refs=0 planned_ssd_groups=218 est_gpu=20666.0 est_ane=10413.9 est_idle=49.61% wall=273.218 ms actual_ane_groups=62 actual_ane_refs=40774 actual_gpu_groups=0 actual_gpu_refs=0 finishes=62 waits=124 overlap_gpu_groups=156
ds4: gpu chunked prefill pos=0 tokens=8576 layer 34 encode=571.302 ms execute=18.396 ms
ds4: Flash-MoE prefill layer=35 tokens=8576 unique=232 refs=51456 sync=119.366 ms plan=0.348 ms stage/compute=280.580 ms misses=232
ds4: Flash-MoE hybrid prefill layer=35 ane_groups=79 ane_refs=38760 gpu_i8_groups=0 gpu_i8_refs=0 fp32_groups=0 ane_min_refs=64 concurrent=1 ane_pipeline=1 output_queue=4 async_ane=79 gpu_overlap=153 finishes=79 waits=158
ds4: Flash-MoE overlap plan layer=35 exec_groups=232 planned_ane_groups=79 planned_ane_refs=38760 planned_gpu_groups=153 planned_gpu_refs=12696 tail_gpu_groups=0 tail_gpu_refs=0 planned_ssd_groups=232 est_gpu=22488.0 est_ane=13139.1 est_idle=41.57% wall=279.164 ms actual_ane_groups=79 actual_ane_refs=38760 actual_gpu_groups=0 actual_gpu_refs=0 finishes=79 waits=158 overlap_gpu_groups=153
ds4: gpu chunked prefill pos=0 tokens=8576 layer 35 encode=418.747 ms execute=18.395 ms
ds4: Flash-MoE prefill layer=36 tokens=8576 unique=216 refs=51456 sync=296.265 ms plan=0.315 ms stage/compute=276.123 ms misses=216
ds4: Flash-MoE hybrid prefill layer=36 ane_groups=63 ane_refs=41185 gpu_i8_groups=0 gpu_i8_refs=0 fp32_groups=0 ane_min_refs=64 concurrent=1 ane_pipeline=1 output_queue=4 async_ane=63 gpu_overlap=153 finishes=63 waits=126
ds4: Flash-MoE overlap plan layer=36 exec_groups=216 planned_ane_groups=63 planned_ane_refs=41185 planned_gpu_groups=153 planned_gpu_refs=10271 tail_gpu_groups=0 tail_gpu_refs=0 planned_ssd_groups=216 est_gpu=20063.0 est_ane=10579.1 est_idle=47.27% wall=274.841 ms actual_ane_groups=63 actual_ane_refs=41185 actual_gpu_groups=0 actual_gpu_refs=0 finishes=63 waits=126 overlap_gpu_groups=153
ds4: gpu chunked prefill pos=0 tokens=8576 layer 36 encode=574.359 ms execute=18.408 ms
ds4: Flash-MoE prefill layer=37 tokens=8576 unique=219 refs=51456 sync=118.761 ms plan=0.328 ms stage/compute=293.532 ms misses=219
ds4: Flash-MoE hybrid prefill layer=37 ane_groups=69 ane_refs=40158 gpu_i8_groups=0 gpu_i8_refs=0 fp32_groups=0 ane_min_refs=64 concurrent=1 ane_pipeline=1 output_queue=4 async_ane=69 gpu_overlap=150 finishes=69 waits=138
ds4: Flash-MoE overlap plan layer=37 exec_groups=219 planned_ane_groups=69 planned_ane_refs=40158 planned_gpu_groups=150 planned_gpu_refs=11298 tail_gpu_groups=0 tail_gpu_refs=0 planned_ssd_groups=219 est_gpu=20898.0 est_ane=11536.5 est_idle=44.80% wall=292.123 ms actual_ane_groups=69 actual_ane_refs=40158 actual_gpu_groups=0 actual_gpu_refs=0 finishes=69 waits=138 overlap_gpu_groups=150
ds4: gpu chunked prefill pos=0 tokens=8576 layer 37 encode=430.669 ms execute=18.470 ms
ds4: Flash-MoE prefill layer=38 tokens=8576 unique=224 refs=51456 sync=296.887 ms plan=0.395 ms stage/compute=261.654 ms misses=224
ds4: Flash-MoE hybrid prefill layer=38 ane_groups=72 ane_refs=39469 gpu_i8_groups=0 gpu_i8_refs=0 fp32_groups=0 ane_min_refs=64 concurrent=1 ane_pipeline=1 output_queue=4 async_ane=72 gpu_overlap=152 finishes=72 waits=144
ds4: Flash-MoE overlap plan layer=38 exec_groups=224 planned_ane_groups=72 planned_ane_refs=39469 planned_gpu_groups=152 planned_gpu_refs=11987 tail_gpu_groups=0 tail_gpu_refs=0 planned_ssd_groups=224 est_gpu=21715.0 est_ane=12001.0 est_idle=44.73% wall=260.380 ms actual_ane_groups=72 actual_ane_refs=39469 actual_gpu_groups=0 actual_gpu_refs=0 finishes=72 waits=144 overlap_gpu_groups=152
ds4: gpu chunked prefill pos=0 tokens=8576 layer 38 encode=560.477 ms execute=18.327 ms
ds4: Flash-MoE prefill layer=39 tokens=8576 unique=238 refs=51456 sync=118.238 ms plan=0.360 ms stage/compute=269.479 ms misses=238
ds4: Flash-MoE hybrid prefill layer=39 ane_groups=84 ane_refs=38261 gpu_i8_groups=0 gpu_i8_refs=0 fp32_groups=0 ane_min_refs=64 concurrent=1 ane_pipeline=1 output_queue=4 async_ane=84 gpu_overlap=154 finishes=84 waits=168
ds4: Flash-MoE overlap plan layer=39 exec_groups=238 planned_ane_groups=84 planned_ane_refs=38261 planned_gpu_groups=154 planned_gpu_refs=13195 tail_gpu_groups=0 tail_gpu_refs=0 planned_ssd_groups=238 est_gpu=23051.0 est_ane=13939.1 est_idle=39.53% wall=267.755 ms actual_ane_groups=84 actual_ane_refs=38261 actual_gpu_groups=0 actual_gpu_refs=0 finishes=84 waits=168 overlap_gpu_groups=154
ds4: gpu chunked prefill pos=0 tokens=8576 layer 39 encode=405.859 ms execute=18.370 ms
ds4: Flash-MoE prefill layer=40 tokens=8576 unique=209 refs=51456 sync=294.259 ms plan=0.352 ms stage/compute=286.538 ms misses=209
ds4: Flash-MoE hybrid prefill layer=40 ane_groups=69 ane_refs=40349 gpu_i8_groups=0 gpu_i8_refs=0 fp32_groups=0 ane_min_refs=64 concurrent=1 ane_pipeline=1 output_queue=4 async_ane=69 gpu_overlap=140 finishes=69 waits=138
ds4: Flash-MoE overlap plan layer=40 exec_groups=209 planned_ane_groups=69 planned_ane_refs=40349 planned_gpu_groups=140 planned_gpu_refs=11107 tail_gpu_groups=0 tail_gpu_refs=0 planned_ssd_groups=209 est_gpu=20067.0 est_ane=11544.2 est_idle=42.47% wall=285.245 ms actual_ane_groups=69 actual_ane_refs=40349 actual_gpu_groups=0 actual_gpu_refs=0 finishes=69 waits=138 overlap_gpu_groups=140
ds4: gpu chunked prefill pos=0 tokens=8576 layer 40 encode=582.887 ms execute=18.352 ms
ds4: Flash-MoE prefill layer=41 tokens=8576 unique=224 refs=51456 sync=118.648 ms plan=0.396 ms stage/compute=254.011 ms misses=224
ds4: Flash-MoE hybrid prefill layer=41 ane_groups=86 ane_refs=38117 gpu_i8_groups=0 gpu_i8_refs=0 fp32_groups=0 ane_min_refs=64 concurrent=1 ane_pipeline=1 output_queue=4 async_ane=86 gpu_overlap=138 finishes=86 waits=172
ds4: Flash-MoE overlap plan layer=41 exec_groups=224 planned_ane_groups=86 planned_ane_refs=38117 planned_gpu_groups=138 planned_gpu_refs=13339 tail_gpu_groups=0 tail_gpu_refs=0 planned_ssd_groups=224 est_gpu=22171.0 est_ane=14251.3 est_idle=35.72% wall=252.525 ms actual_ane_groups=86 actual_ane_refs=38117 actual_gpu_groups=0 actual_gpu_refs=0 finishes=86 waits=172 overlap_gpu_groups=138
ds4: gpu chunked prefill pos=0 tokens=8576 layer 41 encode=390.715 ms execute=18.804 ms
ds4: Flash-MoE prefill layer=42 tokens=8576 unique=224 refs=51456 sync=295.873 ms plan=0.345 ms stage/compute=263.070 ms misses=224
ds4: Flash-MoE hybrid prefill layer=42 ane_groups=87 ane_refs=38055 gpu_i8_groups=0 gpu_i8_refs=0 fp32_groups=0 ane_min_refs=64 concurrent=1 ane_pipeline=1 output_queue=4 async_ane=87 gpu_overlap=137 finishes=87 waits=174
ds4: Flash-MoE overlap plan layer=42 exec_groups=224 planned_ane_groups=87 planned_ane_refs=38055 planned_gpu_groups=137 planned_gpu_refs=13401 tail_gpu_groups=0 tail_gpu_refs=0 planned_ssd_groups=224 est_gpu=22169.0 est_ane=14408.7 est_idle=35.01% wall=261.694 ms actual_ane_groups=87 actual_ane_refs=38055 actual_gpu_groups=0 actual_gpu_refs=0 finishes=87 waits=174 overlap_gpu_groups=137
ds4: gpu chunked prefill pos=0 tokens=8576 layer 42 encode=560.897 ms execute=18.958 ms
processing 12630 input tokens: 8576/12630 (67.9%) batch=392.24 t/s avg=386.12 t/s
ds4: Flash-MoE prefill layer=0 tokens=4054 unique=256 refs=24324 sync=49.515 ms plan=0.318 ms stage/compute=197.337 ms misses=256
ds4: Flash-MoE hybrid prefill layer=0 ane_groups=99 ane_refs=11364 gpu_i8_groups=0 gpu_i8_refs=0 fp32_groups=0 ane_min_refs=64 concurrent=1 ane_pipeline=1 output_queue=4 async_ane=99 gpu_overlap=157 finishes=99 waits=198
ds4: Flash-MoE overlap plan layer=0 exec_groups=256 planned_ane_groups=99 planned_ane_refs=11364 planned_gpu_groups=157 planned_gpu_refs=12960 tail_gpu_groups=0 tail_gpu_refs=0 planned_ssd_groups=256 est_gpu=23008.0 est_ane=16098.6 est_idle=30.03% wall=196.528 ms actual_ane_groups=99 actual_ane_refs=11364 actual_gpu_groups=0 actual_gpu_refs=0 finishes=99 waits=198 overlap_gpu_groups=157
ds4: gpu chunked prefill pos=8576 tokens=4054 layer 0 encode=250.792 ms execute=9.096 ms
ds4: Flash-MoE prefill layer=1 tokens=4054 unique=256 refs=24324 sync=49.517 ms plan=0.320 ms stage/compute=194.890 ms misses=256
ds4: Flash-MoE hybrid prefill layer=1 ane_groups=97 ane_refs=11348 gpu_i8_groups=0 gpu_i8_refs=0 fp32_groups=0 ane_min_refs=64 concurrent=1 ane_pipeline=1 output_queue=4 async_ane=97 gpu_overlap=159 finishes=97 waits=194
ds4: Flash-MoE overlap plan layer=1 exec_groups=256 planned_ane_groups=97 planned_ane_refs=11348 planned_gpu_groups=159 planned_gpu_refs=12976 tail_gpu_groups=0 tail_gpu_refs=0 planned_ssd_groups=256 est_gpu=23152.0 est_ane=15773.4 est_idle=31.87% wall=194.031 ms actual_ane_groups=97 actual_ane_refs=11348 actual_gpu_groups=0 actual_gpu_refs=0 finishes=97 waits=194 overlap_gpu_groups=159
ds4: gpu chunked prefill pos=8576 tokens=4054 layer 1 encode=248.436 ms execute=9.231 ms
ds4: Flash-MoE prefill layer=2 tokens=4054 unique=256 refs=24324 sync=222.864 ms plan=0.346 ms stage/compute=196.167 ms misses=256
ds4: Flash-MoE hybrid prefill layer=2 ane_groups=93 ane_refs=11152 gpu_i8_groups=0 gpu_i8_refs=0 fp32_groups=0 ane_min_refs=64 concurrent=1 ane_pipeline=1 output_queue=4 async_ane=93 gpu_overlap=163 finishes=93 waits=186
ds4: Flash-MoE overlap plan layer=2 exec_groups=256 planned_ane_groups=93 planned_ane_refs=11152 planned_gpu_groups=163 planned_gpu_refs=13172 tail_gpu_groups=0 tail_gpu_refs=0 planned_ssd_groups=256 est_gpu=23604.0 est_ane=15128.2 est_idle=35.91% wall=195.210 ms actual_ane_groups=93 actual_ane_refs=11152 actual_gpu_groups=0 actual_gpu_refs=0 finishes=93 waits=186 overlap_gpu_groups=163
ds4: gpu chunked prefill pos=8576 tokens=4054 layer 2 encode=436.895 ms execute=9.182 ms
ds4: Flash-MoE prefill layer=3 tokens=4054 unique=243 refs=24324 sync=63.095 ms plan=0.328 ms stage/compute=186.854 ms misses=243
ds4: Flash-MoE hybrid prefill layer=3 ane_groups=74 ane_refs=13438 gpu_i8_groups=0 gpu_i8_refs=0 fp32_groups=0 ane_min_refs=64 concurrent=1 ane_pipeline=1 output_queue=4 async_ane=74 gpu_overlap=169 finishes=74 waits=148
ds4: Flash-MoE overlap plan layer=3 exec_groups=243 planned_ane_groups=74 planned_ane_refs=13438 planned_gpu_groups=169 planned_gpu_refs=10886 tail_gpu_groups=0 tail_gpu_refs=0 planned_ssd_groups=243 est_gpu=21702.0 est_ane=12077.9 est_idle=44.35% wall=186.081 ms actual_ane_groups=74 actual_ane_refs=13438 actual_gpu_groups=0 actual_gpu_refs=0 finishes=74 waits=148 overlap_gpu_groups=169
ds4: Flash-MoE async pread canceled queued=0 reading=0 ready=2 finished=0
ds4: gpu chunked prefill pos=8576 tokens=4054 layer 3 encode=257.818 ms execute=8.971 ms
ds4: Flash-MoE prefill layer=4 tokens=4054 unique=230 refs=24324 sync=222.786 ms plan=0.325 ms stage/compute=171.852 ms misses=230
ds4: Flash-MoE hybrid prefill layer=4 ane_groups=62 ane_refs=14363 gpu_i8_groups=0 gpu_i8_refs=0 fp32_groups=0 ane_min_refs=64 concurrent=1 ane_pipeline=1 output_queue=4 async_ane=62 gpu_overlap=168 finishes=62 waits=124
ds4: Flash-MoE overlap plan layer=4 exec_groups=230 planned_ane_groups=62 planned_ane_refs=14363 planned_gpu_groups=168 planned_gpu_refs=9961 tail_gpu_groups=0 tail_gpu_refs=0 planned_ssd_groups=230 est_gpu=20713.0 est_ane=10145.0 est_idle=51.02% wall=171.020 ms actual_ane_groups=62 actual_ane_refs=14363 actual_gpu_groups=0 actual_gpu_refs=0 finishes=62 waits=124 overlap_gpu_groups=168
ds4: Flash-MoE async pread canceled queued=0 reading=0 ready=6 finished=0
ds4: gpu chunked prefill pos=8576 tokens=4054 layer 4 encode=409.334 ms execute=9.064 ms
ds4: Flash-MoE prefill layer=5 tokens=4054 unique=249 refs=24324 sync=62.535 ms plan=0.323 ms stage/compute=190.453 ms misses=249
ds4: Flash-MoE hybrid prefill layer=5 ane_groups=64 ane_refs=13620 gpu_i8_groups=0 gpu_i8_refs=0 fp32_groups=0 ane_min_refs=64 concurrent=1 ane_pipeline=1 output_queue=4 async_ane=64 gpu_overlap=185 finishes=64 waits=128
ds4: Flash-MoE overlap plan layer=5 exec_groups=249 planned_ane_groups=64 planned_ane_refs=13620 planned_gpu_groups=185 planned_gpu_refs=10704 tail_gpu_groups=0 tail_gpu_refs=0 planned_ssd_groups=249 est_gpu=22544.0 est_ane=10459.8 est_idle=53.60% wall=189.504 ms actual_ane_groups=64 actual_ane_refs=13620 actual_gpu_groups=0 actual_gpu_refs=0 finishes=64 waits=128 overlap_gpu_groups=185
ds4: Flash-MoE async pread canceled queued=0 reading=0 ready=7 finished=0
ds4: gpu chunked prefill pos=8576 tokens=4054 layer 5 encode=260.620 ms execute=9.098 ms
ds4: Flash-MoE prefill layer=6 tokens=4054 unique=232 refs=24324 sync=222.386 ms plan=0.304 ms stage/compute=177.556 ms misses=232
ds4: Flash-MoE hybrid prefill layer=6 ane_groups=64 ane_refs=14455 gpu_i8_groups=0 gpu_i8_refs=0 fp32_groups=0 ane_min_refs=64 concurrent=1 ane_pipeline=1 output_queue=4 async_ane=64 gpu_overlap=168 finishes=64 waits=128
ds4: Flash-MoE overlap plan layer=6 exec_groups=232 planned_ane_groups=64 planned_ane_refs=14455 planned_gpu_groups=168 planned_gpu_refs=9869 tail_gpu_groups=0 tail_gpu_refs=0 planned_ssd_groups=232 est_gpu=20621.0 est_ane=10477.9 est_idle=49.19% wall=176.831 ms actual_ane_groups=64 actual_ane_refs=14455 actual_gpu_groups=0 actual_gpu_refs=0 finishes=64 waits=128 overlap_gpu_groups=168
ds4: Flash-MoE async pread canceled queued=0 reading=0 ready=11 finished=0
ds4: gpu chunked prefill pos=8576 tokens=4054 layer 6 encode=413.934 ms execute=9.069 ms
ds4: Flash-MoE prefill layer=7 tokens=4054 unique=229 refs=24324 sync=63.298 ms plan=0.343 ms stage/compute=173.517 ms misses=229
ds4: Flash-MoE hybrid prefill layer=7 ane_groups=56 ane_refs=14457 gpu_i8_groups=0 gpu_i8_refs=0 fp32_groups=0 ane_min_refs=64 concurrent=1 ane_pipeline=1 output_queue=4 async_ane=56 gpu_overlap=173 finishes=56 waits=112
ds4: Flash-MoE overlap plan layer=7 exec_groups=229 planned_ane_groups=56 planned_ane_refs=14457 planned_gpu_groups=173 planned_gpu_refs=9867 tail_gpu_groups=0 tail_gpu_refs=0 planned_ssd_groups=229 est_gpu=20939.0 est_ane=9182.4 est_idle=56.15% wall=172.694 ms actual_ane_groups=56 actual_ane_refs=14457 actual_gpu_groups=0 actual_gpu_refs=0 finishes=56 waits=112 overlap_gpu_groups=173
ds4: Flash-MoE async pread canceled queued=0 reading=0 ready=14 finished=0
ds4: gpu chunked prefill pos=8576 tokens=4054 layer 7 encode=244.729 ms execute=9.052 ms
ds4: Flash-MoE prefill layer=8 tokens=4054 unique=219 refs=24324 sync=222.915 ms plan=0.320 ms stage/compute=178.632 ms misses=219
ds4: Flash-MoE hybrid prefill layer=8 ane_groups=51 ane_refs=15333 gpu_i8_groups=0 gpu_i8_refs=0 fp32_groups=0 ane_min_refs=64 concurrent=1 ane_pipeline=1 output_queue=4 async_ane=51 gpu_overlap=168 finishes=51 waits=102
ds4: Flash-MoE overlap plan layer=8 exec_groups=219 planned_ane_groups=51 planned_ane_refs=15333 planned_gpu_groups=168 planned_gpu_refs=8991 tail_gpu_groups=0 tail_gpu_refs=0 planned_ssd_groups=219 est_gpu=19743.0 est_ane=8387.6 est_idle=57.52% wall=177.881 ms actual_ane_groups=51 actual_ane_refs=15333 actual_gpu_groups=0 actual_gpu_refs=0 finishes=51 waits=102 overlap_gpu_groups=168
ds4: Flash-MoE async pread canceled queued=0 reading=0 ready=23 finished=0
ds4: gpu chunked prefill pos=8576 tokens=4054 layer 8 encode=415.550 ms execute=9.133 ms
ds4: Flash-MoE prefill layer=9 tokens=4054 unique=237 refs=24324 sync=63.135 ms plan=0.363 ms stage/compute=173.800 ms misses=237
ds4: Flash-MoE hybrid prefill layer=9 ane_groups=64 ane_refs=13790 gpu_i8_groups=0 gpu_i8_refs=0 fp32_groups=0 ane_min_refs=64 concurrent=1 ane_pipeline=1 output_queue=4 async_ane=64 gpu_overlap=173 finishes=64 waits=128
ds4: Flash-MoE overlap plan layer=9 exec_groups=237 planned_ane_groups=64 planned_ane_refs=13790 planned_gpu_groups=173 planned_gpu_refs=10534 tail_gpu_groups=0 tail_gpu_refs=0 planned_ssd_groups=237 est_gpu=21606.0 est_ane=10465.0 est_idle=51.56% wall=173.035 ms actual_ane_groups=64 actual_ane_refs=13790 actual_gpu_groups=0 actual_gpu_refs=0 finishes=64 waits=128 overlap_gpu_groups=173
ds4: Flash-MoE async pread canceled queued=0 reading=0 ready=25 finished=0
ds4: gpu chunked prefill pos=8576 tokens=4054 layer 9 encode=244.586 ms execute=9.126 ms
ds4: Flash-MoE prefill layer=10 tokens=4054 unique=224 refs=24324 sync=223.383 ms plan=0.336 ms stage/compute=175.809 ms misses=224
ds4: Flash-MoE hybrid prefill layer=10 ane_groups=58 ane_refs=14578 gpu_i8_groups=0 gpu_i8_refs=0 fp32_groups=0 ane_min_refs=64 concurrent=1 ane_pipeline=1 output_queue=4 async_ane=58 gpu_overlap=166 finishes=58 waits=116
ds4: Flash-MoE overlap plan layer=10 exec_groups=224 planned_ane_groups=58 planned_ane_refs=14578 planned_gpu_groups=166 planned_gpu_refs=9746 tail_gpu_groups=0 tail_gpu_refs=0 planned_ssd_groups=224 est_gpu=20370.0 est_ane=9510.1 est_idle=53.31% wall=175.076 ms actual_ane_groups=58 actual_ane_refs=14578 actual_gpu_groups=0 actual_gpu_refs=0 finishes=58 waits=116 overlap_gpu_groups=166
ds4: Flash-MoE async pread canceled queued=0 reading=0 ready=34 finished=0
ds4: gpu chunked prefill pos=8576 tokens=4054 layer 10 encode=412.673 ms execute=9.115 ms
ds4: Flash-MoE prefill layer=11 tokens=4054 unique=236 refs=24324 sync=63.779 ms plan=0.345 ms stage/compute=177.685 ms misses=236
ds4: Flash-MoE hybrid prefill layer=11 ane_groups=59 ane_refs=14547 gpu_i8_groups=0 gpu_i8_refs=0 fp32_groups=0 ane_min_refs=64 concurrent=1 ane_pipeline=1 output_queue=4 async_ane=59 gpu_overlap=177 finishes=59 waits=118
ds4: Flash-MoE overlap plan layer=11 exec_groups=236 planned_ane_groups=59 planned_ane_refs=14547 planned_gpu_groups=177 planned_gpu_refs=9777 tail_gpu_groups=0 tail_gpu_refs=0 planned_ssd_groups=236 est_gpu=21105.0 est_ane=9667.6 est_idle=54.19% wall=176.855 ms actual_ane_groups=59 actual_ane_refs=14547 actual_gpu_groups=0 actual_gpu_refs=0 finishes=59 waits=118 overlap_gpu_groups=177
ds4: Flash-MoE async pread canceled queued=0 reading=0 ready=36 finished=0
ds4: gpu chunked prefill pos=8576 tokens=4054 layer 11 encode=249.722 ms execute=8.999 ms
ds4: Flash-MoE prefill layer=12 tokens=4054 unique=215 refs=24324 sync=223.243 ms plan=0.371 ms stage/compute=163.439 ms misses=215
ds4: Flash-MoE hybrid prefill layer=12 ane_groups=52 ane_refs=15458 gpu_i8_groups=0 gpu_i8_refs=0 fp32_groups=0 ane_min_refs=64 concurrent=1 ane_pipeline=1 output_queue=4 async_ane=52 gpu_overlap=163 finishes=52 waits=104
ds4: Flash-MoE overlap plan layer=12 exec_groups=215 planned_ane_groups=52 planned_ane_refs=15458 planned_gpu_groups=163 planned_gpu_refs=8866 tail_gpu_groups=0 tail_gpu_refs=0 planned_ssd_groups=215 est_gpu=19298.0 est_ane=8545.0 est_idle=55.72% wall=162.707 ms actual_ane_groups=52 actual_ane_refs=15458 actual_gpu_groups=0 actual_gpu_refs=0 finishes=52 waits=104 overlap_gpu_groups=163
ds4: Flash-MoE async pread canceled queued=0 reading=0 ready=41 finished=0
ds4: gpu chunked prefill pos=8576 tokens=4054 layer 12 encode=400.106 ms execute=8.904 ms
ds4: Flash-MoE prefill layer=13 tokens=4054 unique=208 refs=24324 sync=62.962 ms plan=0.318 ms stage/compute=164.647 ms misses=208
ds4: Flash-MoE hybrid prefill layer=13 ane_groups=37 ane_refs=17502 gpu_i8_groups=0 gpu_i8_refs=0 fp32_groups=0 ane_min_refs=64 concurrent=1 ane_pipeline=1 output_queue=4 async_ane=37 gpu_overlap=171 finishes=37 waits=74
ds4: Flash-MoE overlap plan layer=13 exec_groups=208 planned_ane_groups=37 planned_ane_refs=17502 planned_gpu_groups=171 planned_gpu_refs=6822 tail_gpu_groups=0 tail_gpu_refs=0 planned_ssd_groups=208 est_gpu=17766.0 est_ane=6142.4 est_idle=65.43% wall=163.855 ms actual_ane_groups=37 actual_ane_refs=17502 actual_gpu_groups=0 actual_gpu_refs=0 finishes=37 waits=74 overlap_gpu_groups=171
ds4: Flash-MoE async pread canceled queued=0 reading=0 ready=54 finished=0
ds4: gpu chunked prefill pos=8576 tokens=4054 layer 13 encode=235.211 ms execute=9.088 ms
ds4: Flash-MoE prefill layer=14 tokens=4054 unique=192 refs=24324 sync=224.518 ms plan=0.390 ms stage/compute=167.864 ms misses=192
ds4: Flash-MoE hybrid prefill layer=14 ane_groups=37 ane_refs=17445 gpu_i8_groups=0 gpu_i8_refs=0 fp32_groups=0 ane_min_refs=64 concurrent=1 ane_pipeline=1 output_queue=4 async_ane=37 gpu_overlap=155 finishes=37 waits=74
ds4: Flash-MoE overlap plan layer=14 exec_groups=192 planned_ane_groups=37 planned_ane_refs=17445 planned_gpu_groups=155 planned_gpu_refs=6879 tail_gpu_groups=0 tail_gpu_refs=0 planned_ssd_groups=192 est_gpu=16799.0 est_ane=6147.6 est_idle=63.41% wall=167.117 ms actual_ane_groups=37 actual_ane_refs=17445 actual_gpu_groups=0 actual_gpu_refs=0 finishes=37 waits=74 overlap_gpu_groups=155
ds4: Flash-MoE async pread canceled queued=0 reading=0 ready=67 finished=0
ds4: gpu chunked prefill pos=8576 tokens=4054 layer 14 encode=405.748 ms execute=9.049 ms
ds4: Flash-MoE prefill layer=15 tokens=4054 unique=192 refs=24324 sync=63.188 ms plan=0.354 ms stage/compute=156.878 ms misses=192
ds4: Flash-MoE hybrid prefill layer=15 ane_groups=38 ane_refs=17581 gpu_i8_groups=0 gpu_i8_refs=0 fp32_groups=0 ane_min_refs=64 concurrent=1 ane_pipeline=1 output_queue=4 async_ane=38 gpu_overlap=154 finishes=38 waits=76
ds4: Flash-MoE overlap plan layer=15 exec_groups=192 planned_ane_groups=38 planned_ane_refs=17581 planned_gpu_groups=154 planned_gpu_refs=6743 tail_gpu_groups=0 tail_gpu_refs=0 planned_ssd_groups=192 est_gpu=16599.0 est_ane=6307.6 est_idle=62.00% wall=156.138 ms actual_ane_groups=38 actual_ane_refs=17581 actual_gpu_groups=0 actual_gpu_refs=0 finishes=38 waits=76 overlap_gpu_groups=154
ds4: Flash-MoE async pread canceled queued=0 reading=0 ready=82 finished=0
ds4: gpu chunked prefill pos=8576 tokens=4054 layer 15 encode=227.589 ms execute=9.067 ms
ds4: Flash-MoE prefill layer=16 tokens=4054 unique=188 refs=24324 sync=223.913 ms plan=0.414 ms stage/compute=164.608 ms misses=188
ds4: Flash-MoE hybrid prefill layer=16 ane_groups=37 ane_refs=17193 gpu_i8_groups=0 gpu_i8_refs=0 fp32_groups=0 ane_min_refs=64 concurrent=1 ane_pipeline=1 output_queue=4 async_ane=37 gpu_overlap=151 finishes=37 waits=74
ds4: Flash-MoE overlap plan layer=16 exec_groups=188 planned_ane_groups=37 planned_ane_refs=17193 planned_gpu_groups=151 planned_gpu_refs=7131 tail_gpu_groups=0 tail_gpu_refs=0 planned_ssd_groups=188 est_gpu=16795.0 est_ane=6142.4 est_idle=63.43% wall=163.887 ms actual_ane_groups=37 actual_ane_refs=17193 actual_gpu_groups=0 actual_gpu_refs=0 finishes=37 waits=74 overlap_gpu_groups=151
ds4: Flash-MoE async pread canceled queued=0 reading=0 ready=98 finished=0
ds4: gpu chunked prefill pos=8576 tokens=4054 layer 16 encode=401.957 ms execute=9.087 ms
ds4: Flash-MoE prefill layer=17 tokens=4054 unique=194 refs=24324 sync=63.269 ms plan=0.400 ms stage/compute=161.244 ms misses=194
ds4: Flash-MoE hybrid prefill layer=17 ane_groups=42 ane_refs=16750 gpu_i8_groups=0 gpu_i8_refs=0 fp32_groups=0 ane_min_refs=64 concurrent=1 ane_pipeline=1 output_queue=4 async_ane=42 gpu_overlap=152 finishes=42 waits=84
ds4: Flash-MoE overlap plan layer=17 exec_groups=194 planned_ane_groups=42 planned_ane_refs=16750 planned_gpu_groups=152 planned_gpu_refs=7574 tail_gpu_groups=0 tail_gpu_refs=0 planned_ssd_groups=194 est_gpu=17302.0 est_ane=6945.0 est_idle=59.86% wall=160.464 ms actual_ane_groups=42 actual_ane_refs=16750 actual_gpu_groups=0 actual_gpu_refs=0 finishes=42 waits=84 overlap_gpu_groups=152
ds4: Flash-MoE async pread canceled queued=0 reading=0 ready=109 finished=0
ds4: gpu chunked prefill pos=8576 tokens=4054 layer 17 encode=232.128 ms execute=9.045 ms
ds4: Flash-MoE prefill layer=18 tokens=4054 unique=187 refs=24324 sync=224.173 ms plan=0.318 ms stage/compute=152.986 ms misses=187
ds4: Flash-MoE hybrid prefill layer=18 ane_groups=48 ane_refs=16657 gpu_i8_groups=0 gpu_i8_refs=0 fp32_groups=0 ane_min_refs=64 concurrent=1 ane_pipeline=1 output_queue=4 async_ane=48 gpu_overlap=139 finishes=48 waits=96
ds4: Flash-MoE overlap plan layer=18 exec_groups=187 planned_ane_groups=48 planned_ane_refs=16657 planned_gpu_groups=139 planned_gpu_refs=7667 tail_gpu_groups=0 tail_gpu_refs=0 planned_ssd_groups=187 est_gpu=16563.0 est_ane=7910.1 est_idle=52.24% wall=152.305 ms actual_ane_groups=48 actual_ane_refs=16657 actual_gpu_groups=0 actual_gpu_refs=0 finishes=48 waits=96 overlap_gpu_groups=139
ds4: Flash-MoE async pread canceled queued=0 reading=0 ready=126 finished=0
ds4: gpu chunked prefill pos=8576 tokens=4054 layer 18 encode=390.576 ms execute=9.098 ms
ds4: Flash-MoE prefill layer=19 tokens=4054 unique=229 refs=24324 sync=62.906 ms plan=0.296 ms stage/compute=173.360 ms misses=229
ds4: Flash-MoE hybrid prefill layer=19 ane_groups=65 ane_refs=13816 gpu_i8_groups=0 gpu_i8_refs=0 fp32_groups=0 ane_min_refs=64 concurrent=1 ane_pipeline=1 output_queue=4 async_ane=65 gpu_overlap=164 finishes=65 waits=130
ds4: Flash-MoE overlap plan layer=19 exec_groups=229 planned_ane_groups=65 planned_ane_refs=13816 planned_gpu_groups=164 planned_gpu_refs=10508 tail_gpu_groups=0 tail_gpu_refs=0 planned_ssd_groups=229 est_gpu=21004.0 est_ane=10627.6 est_idle=49.40% wall=172.601 ms actual_ane_groups=65 actual_ane_refs=13816 actual_gpu_groups=0 actual_gpu_refs=0 finishes=65 waits=130 overlap_gpu_groups=164
ds4: Flash-MoE async pread canceled queued=0 reading=0 ready=128 finished=0
ds4: gpu chunked prefill pos=8576 tokens=4054 layer 19 encode=243.872 ms execute=9.121 ms
ds4: Flash-MoE prefill layer=20 tokens=4054 unique=175 refs=24324 sync=222.772 ms plan=0.362 ms stage/compute=154.050 ms misses=175
ds4: Flash-MoE hybrid prefill layer=20 ane_groups=43 ane_refs=17162 gpu_i8_groups=0 gpu_i8_refs=0 fp32_groups=0 ane_min_refs=64 concurrent=1 ane_pipeline=1 output_queue=4 async_ane=43 gpu_overlap=132 finishes=43 waits=86
ds4: Flash-MoE overlap plan layer=20 exec_groups=175 planned_ane_groups=43 planned_ane_refs=17162 planned_gpu_groups=132 planned_gpu_refs=7162 tail_gpu_groups=0 tail_gpu_refs=0 planned_ssd_groups=175 est_gpu=15610.0 est_ane=7105.0 est_idle=54.48% wall=153.348 ms actual_ane_groups=43 actual_ane_refs=17162 actual_gpu_groups=0 actual_gpu_refs=0 finishes=43 waits=86 overlap_gpu_groups=132
ds4: Flash-MoE async pread canceled queued=0 reading=0 ready=144 finished=0
ds4: gpu chunked prefill pos=8576 tokens=4054 layer 20 encode=389.972 ms execute=9.012 ms
ds4: Flash-MoE prefill layer=21 tokens=4054 unique=194 refs=24324 sync=63.180 ms plan=0.345 ms stage/compute=159.958 ms misses=194
ds4: Flash-MoE hybrid prefill layer=21 ane_groups=47 ane_refs=16306 gpu_i8_groups=0 gpu_i8_refs=0 fp32_groups=0 ane_min_refs=64 concurrent=1 ane_pipeline=1 output_queue=4 async_ane=47 gpu_overlap=147 finishes=47 waits=94
ds4: Flash-MoE overlap plan layer=21 exec_groups=194 planned_ane_groups=47 planned_ane_refs=16306 planned_gpu_groups=147 planned_gpu_refs=8018 tail_gpu_groups=0 tail_gpu_refs=0 planned_ssd_groups=194 est_gpu=17426.0 est_ane=7739.8 est_idle=55.58% wall=159.117 ms actual_ane_groups=47 actual_ane_refs=16306 actual_gpu_groups=0 actual_gpu_refs=0 finishes=47 waits=94 overlap_gpu_groups=147
ds4: Flash-MoE async pread canceled queued=0 reading=0 ready=154 finished=0
ds4: gpu chunked prefill pos=8576 tokens=4054 layer 21 encode=230.876 ms execute=9.080 ms
ds4: Flash-MoE prefill layer=22 tokens=4054 unique=196 refs=24324 sync=223.117 ms plan=0.364 ms stage/compute=155.896 ms misses=196
ds4: Flash-MoE hybrid prefill layer=22 ane_groups=45 ane_refs=16573 gpu_i8_groups=0 gpu_i8_refs=0 fp32_groups=0 ane_min_refs=64 concurrent=1 ane_pipeline=1 output_queue=4 async_ane=45 gpu_overlap=151 finishes=45 waits=90
ds4: Flash-MoE overlap plan layer=22 exec_groups=196 planned_ane_groups=45 planned_ane_refs=16573 planned_gpu_groups=151 planned_gpu_refs=7751 tail_gpu_groups=0 tail_gpu_refs=0 planned_ssd_groups=196 est_gpu=17415.0 est_ane=7422.4 est_idle=57.38% wall=155.117 ms actual_ane_groups=45 actual_ane_refs=16573 actual_gpu_groups=0 actual_gpu_refs=0 finishes=45 waits=90 overlap_gpu_groups=151
ds4: Flash-MoE async pread canceled queued=0 reading=0 ready=163 finished=0
ds4: gpu chunked prefill pos=8576 tokens=4054 layer 22 encode=392.214 ms execute=9.110 ms
ds4: Flash-MoE prefill layer=23 tokens=4054 unique=202 refs=24324 sync=63.481 ms plan=0.352 ms stage/compute=158.225 ms misses=202
ds4: Flash-MoE hybrid prefill layer=23 ane_groups=51 ane_refs=15502 gpu_i8_groups=0 gpu_i8_refs=0 fp32_groups=0 ane_min_refs=64 concurrent=1 ane_pipeline=1 output_queue=4 async_ane=51 gpu_overlap=151 finishes=51 waits=102
ds4: Flash-MoE overlap plan layer=23 exec_groups=202 planned_ane_groups=51 planned_ane_refs=15502 planned_gpu_groups=151 planned_gpu_refs=8822 tail_gpu_groups=0 tail_gpu_refs=0 planned_ssd_groups=202 est_gpu=18486.0 est_ane=8382.4 est_idle=54.66% wall=157.348 ms actual_ane_groups=51 actual_ane_refs=15502 actual_gpu_groups=0 actual_gpu_refs=0 finishes=51 waits=102 overlap_gpu_groups=151
ds4: Flash-MoE async pread canceled queued=0 reading=0 ready=171 finished=0
ds4: gpu chunked prefill pos=8576 tokens=4054 layer 23 encode=229.158 ms execute=9.081 ms
ds4: Flash-MoE prefill layer=24 tokens=4054 unique=186 refs=24324 sync=223.770 ms plan=0.331 ms stage/compute=154.115 ms misses=186
ds4: Flash-MoE hybrid prefill layer=24 ane_groups=49 ane_refs=16405 gpu_i8_groups=0 gpu_i8_refs=0 fp32_groups=0 ane_min_refs=64 concurrent=1 ane_pipeline=1 output_queue=4 async_ane=49 gpu_overlap=137 finishes=49 waits=98
ds4: Flash-MoE overlap plan layer=24 exec_groups=186 planned_ane_groups=49 planned_ane_refs=16405 planned_gpu_groups=137 planned_gpu_refs=7919 tail_gpu_groups=0 tail_gpu_refs=0 planned_ssd_groups=186 est_gpu=16687.0 est_ane=8070.1 est_idle=51.64% wall=153.355 ms actual_ane_groups=49 actual_ane_refs=16405 actual_gpu_groups=0 actual_gpu_refs=0 finishes=49 waits=98 overlap_gpu_groups=137
ds4: Flash-MoE async pread canceled queued=0 reading=0 ready=184 finished=0
ds4: gpu chunked prefill pos=8576 tokens=4054 layer 24 encode=391.265 ms execute=9.142 ms
ds4: Flash-MoE prefill layer=25 tokens=4054 unique=180 refs=24324 sync=62.589 ms plan=0.299 ms stage/compute=152.326 ms misses=180
ds4: Flash-MoE hybrid prefill layer=25 ane_groups=48 ane_refs=16156 gpu_i8_groups=0 gpu_i8_refs=0 fp32_groups=0 ane_min_refs=64 concurrent=1 ane_pipeline=1 output_queue=4 async_ane=48 gpu_overlap=132 finishes=48 waits=96
ds4: Flash-MoE overlap plan layer=25 exec_groups=180 planned_ane_groups=48 planned_ane_refs=16156 planned_gpu_groups=132 planned_gpu_refs=8168 tail_gpu_groups=0 tail_gpu_refs=0 planned_ssd_groups=180 est_gpu=16616.0 est_ane=7910.1 est_idle=52.39% wall=151.629 ms actual_ane_groups=48 actual_ane_refs=16156 actual_gpu_groups=0 actual_gpu_refs=0 finishes=48 waits=96 overlap_gpu_groups=132
ds4: Flash-MoE async pread canceled queued=0 reading=0 ready=201 finished=0
ds4: gpu chunked prefill pos=8576 tokens=4054 layer 25 encode=222.254 ms execute=9.065 ms
ds4: Flash-MoE prefill layer=26 tokens=4054 unique=176 refs=24324 sync=223.417 ms plan=0.337 ms stage/compute=154.686 ms misses=176
ds4: Flash-MoE hybrid prefill layer=26 ane_groups=32 ane_refs=18405 gpu_i8_groups=0 gpu_i8_refs=0 fp32_groups=0 ane_min_refs=64 concurrent=1 ane_pipeline=1 output_queue=4 async_ane=32 gpu_overlap=144 finishes=32 waits=64
ds4: Flash-MoE overlap plan layer=26 exec_groups=176 planned_ane_groups=32 planned_ane_refs=18405 planned_gpu_groups=144 planned_gpu_refs=5919 tail_gpu_groups=0 tail_gpu_refs=0 planned_ssd_groups=176 est_gpu=15135.0 est_ane=5352.7 est_idle=64.63% wall=153.970 ms actual_ane_groups=32 actual_ane_refs=18405 actual_gpu_groups=0 actual_gpu_refs=0 finishes=32 waits=64 overlap_gpu_groups=144
ds4: Flash-MoE async pread canceled queued=0 reading=0 ready=213 finished=0
ds4: gpu chunked prefill pos=8576 tokens=4054 layer 26 encode=391.830 ms execute=9.051 ms
ds4: Flash-MoE prefill layer=27 tokens=4054 unique=176 refs=24324 sync=63.901 ms plan=0.422 ms stage/compute=148.163 ms misses=176
ds4: Flash-MoE hybrid prefill layer=27 ane_groups=38 ane_refs=17372 gpu_i8_groups=0 gpu_i8_refs=0 fp32_groups=0 ane_min_refs=64 concurrent=1 ane_pipeline=1 output_queue=4 async_ane=38 gpu_overlap=138 finishes=38 waits=76
ds4: Flash-MoE overlap plan layer=27 exec_groups=176 planned_ane_groups=38 planned_ane_refs=17372 planned_gpu_groups=138 planned_gpu_refs=6952 tail_gpu_groups=0 tail_gpu_refs=0 planned_ssd_groups=176 est_gpu=15784.0 est_ane=6297.2 est_idle=60.10% wall=147.461 ms actual_ane_groups=38 actual_ane_refs=17372 actual_gpu_groups=0 actual_gpu_refs=0 finishes=38 waits=76 overlap_gpu_groups=138
ds4: Flash-MoE async pread canceled queued=0 reading=0 ready=227 finished=0
ds4: gpu chunked prefill pos=8576 tokens=4054 layer 27 encode=220.109 ms execute=9.048 ms
ds4: Flash-MoE prefill layer=28 tokens=4054 unique=178 refs=24324 sync=223.989 ms plan=0.321 ms stage/compute=152.859 ms misses=178
ds4: Flash-MoE hybrid prefill layer=28 ane_groups=39 ane_refs=17035 gpu_i8_groups=0 gpu_i8_refs=0 fp32_groups=0 ane_min_refs=64 concurrent=1 ane_pipeline=1 output_queue=4 async_ane=39 gpu_overlap=139 finishes=39 waits=78
ds4: Flash-MoE overlap plan layer=28 exec_groups=178 planned_ane_groups=39 planned_ane_refs=17035 planned_gpu_groups=139 planned_gpu_refs=7289 tail_gpu_groups=0 tail_gpu_refs=0 planned_ssd_groups=178 est_gpu=16185.0 est_ane=6467.6 est_idle=60.04% wall=152.182 ms actual_ane_groups=39 actual_ane_refs=17035 actual_gpu_groups=0 actual_gpu_refs=0 finishes=39 waits=78 overlap_gpu_groups=139
ds4: Flash-MoE async pread canceled queued=0 reading=0 ready=244 finished=0
ds4: gpu chunked prefill pos=8576 tokens=4054 layer 28 encode=390.157 ms execute=9.043 ms
ds4: Flash-MoE prefill layer=29 tokens=4054 unique=176 refs=24324 sync=62.808 ms plan=0.368 ms stage/compute=150.037 ms misses=176
ds4: Flash-MoE hybrid prefill layer=29 ane_groups=38 ane_refs=17413 gpu_i8_groups=0 gpu_i8_refs=0 fp32_groups=0 ane_min_refs=64 concurrent=1 ane_pipeline=1 output_queue=4 async_ane=38 gpu_overlap=138 finishes=38 waits=76
ds4: Flash-MoE overlap plan layer=29 exec_groups=176 planned_ane_groups=38 planned_ane_refs=17413 planned_gpu_groups=138 planned_gpu_refs=6911 tail_gpu_groups=0 tail_gpu_refs=0 planned_ssd_groups=176 est_gpu=15743.0 est_ane=6305.0 est_idle=59.95% wall=149.209 ms actual_ane_groups=38 actual_ane_refs=17413 actual_gpu_groups=0 actual_gpu_refs=0 finishes=38 waits=76 overlap_gpu_groups=138
ds4: Flash-MoE async pread canceled queued=0 reading=0 ready=265 finished=0
ds4: gpu chunked prefill pos=8576 tokens=4054 layer 29 encode=220.407 ms execute=9.271 ms
ds4: Flash-MoE prefill layer=30 tokens=4054 unique=181 refs=24324 sync=224.728 ms plan=0.369 ms stage/compute=145.864 ms misses=181
ds4: Flash-MoE hybrid prefill layer=30 ane_groups=48 ane_refs=16750 gpu_i8_groups=0 gpu_i8_refs=0 fp32_groups=0 ane_min_refs=64 concurrent=1 ane_pipeline=1 output_queue=4 async_ane=48 gpu_overlap=133 finishes=48 waits=96
ds4: Flash-MoE overlap plan layer=30 exec_groups=181 planned_ane_groups=48 planned_ane_refs=16750 planned_gpu_groups=133 planned_gpu_refs=7574 tail_gpu_groups=0 tail_gpu_refs=0 planned_ssd_groups=181 est_gpu=16086.0 est_ane=7912.7 est_idle=50.81% wall=145.205 ms actual_ane_groups=48 actual_ane_refs=16750 actual_gpu_groups=0 actual_gpu_refs=0 finishes=48 waits=96 overlap_gpu_groups=133
ds4: Flash-MoE async pread canceled queued=0 reading=0 ready=281 finished=0
ds4: gpu chunked prefill pos=8576 tokens=4054 layer 30 encode=384.472 ms execute=9.067 ms
ds4: Flash-MoE prefill layer=31 tokens=4054 unique=176 refs=24324 sync=62.582 ms plan=0.307 ms stage/compute=143.202 ms misses=176
ds4: Flash-MoE hybrid prefill layer=31 ane_groups=46 ane_refs=16752 gpu_i8_groups=0 gpu_i8_refs=0 fp32_groups=0 ane_min_refs=64 concurrent=1 ane_pipeline=1 output_queue=4 async_ane=46 gpu_overlap=130 finishes=46 waits=92
ds4: Flash-MoE overlap plan layer=31 exec_groups=176 planned_ane_groups=46 planned_ane_refs=16752 planned_gpu_groups=130 planned_gpu_refs=7572 tail_gpu_groups=0 tail_gpu_refs=0 planned_ssd_groups=176 est_gpu=15892.0 est_ane=7585.0 est_idle=52.27% wall=142.449 ms actual_ane_groups=46 actual_ane_refs=16752 actual_gpu_groups=0 actual_gpu_refs=0 finishes=46 waits=92 overlap_gpu_groups=130
ds4: Flash-MoE async pread canceled queued=0 reading=0 ready=300 finished=0
ds4: gpu chunked prefill pos=8576 tokens=4054 layer 31 encode=214.060 ms execute=9.010 ms
ds4: Flash-MoE prefill layer=32 tokens=4054 unique=174 refs=24324 sync=222.989 ms plan=0.366 ms stage/compute=151.216 ms misses=174
ds4: Flash-MoE hybrid prefill layer=32 ane_groups=40 ane_refs=17581 gpu_i8_groups=0 gpu_i8_refs=0 fp32_groups=0 ane_min_refs=64 concurrent=1 ane_pipeline=1 output_queue=4 async_ane=40 gpu_overlap=134 finishes=40 waits=80
ds4: Flash-MoE overlap plan layer=32 exec_groups=174 planned_ane_groups=40 planned_ane_refs=17581 planned_gpu_groups=134 planned_gpu_refs=6743 tail_gpu_groups=0 tail_gpu_refs=0 planned_ssd_groups=174 est_gpu=15319.0 est_ane=6637.9 est_idle=56.67% wall=150.488 ms actual_ane_groups=40 actual_ane_refs=17581 actual_gpu_groups=0 actual_gpu_refs=0 finishes=40 waits=80 overlap_gpu_groups=134
ds4: Flash-MoE async pread canceled queued=0 reading=0 ready=314 finished=0
ds4: gpu chunked prefill pos=8576 tokens=4054 layer 32 encode=387.515 ms execute=9.134 ms
ds4: Flash-MoE prefill layer=33 tokens=4054 unique=165 refs=24324 sync=62.696 ms plan=0.306 ms stage/compute=146.269 ms misses=165
ds4: Flash-MoE hybrid prefill layer=33 ane_groups=36 ane_refs=17636 gpu_i8_groups=0 gpu_i8_refs=0 fp32_groups=0 ane_min_refs=64 concurrent=1 ane_pipeline=1 output_queue=4 async_ane=36 gpu_overlap=129 finishes=36 waits=72
ds4: Flash-MoE overlap plan layer=33 exec_groups=165 planned_ane_groups=36 planned_ane_refs=17636 planned_gpu_groups=129 planned_gpu_refs=6688 tail_gpu_groups=0 tail_gpu_refs=0 planned_ssd_groups=165 est_gpu=14944.0 est_ane=5987.6 est_idle=59.93% wall=145.524 ms actual_ane_groups=36 actual_ane_refs=17636 actual_gpu_groups=0 actual_gpu_refs=0 finishes=36 waits=72 overlap_gpu_groups=129
ds4: Flash-MoE async pread canceled queued=0 reading=0 ready=330 finished=0
ds4: gpu chunked prefill pos=8576 tokens=4054 layer 33 encode=216.623 ms execute=9.100 ms
ds4: Flash-MoE prefill layer=34 tokens=4054 unique=156 refs=24324 sync=224.733 ms plan=0.329 ms stage/compute=143.696 ms misses=156
ds4: Flash-MoE hybrid prefill layer=34 ane_groups=33 ane_refs=18295 gpu_i8_groups=0 gpu_i8_refs=0 fp32_groups=0 ane_min_refs=64 concurrent=1 ane_pipeline=1 output_queue=4 async_ane=33 gpu_overlap=123 finishes=33 waits=66
ds4: Flash-MoE overlap plan layer=34 exec_groups=156 planned_ane_groups=33 planned_ane_refs=18295 planned_gpu_groups=123 planned_gpu_refs=6029 tail_gpu_groups=0 tail_gpu_refs=0 planned_ssd_groups=156 est_gpu=13901.0 est_ane=5507.6 est_idle=60.38% wall=142.941 ms actual_ane_groups=33 actual_ane_refs=18295 actual_gpu_groups=0 actual_gpu_refs=0 finishes=33 waits=66 overlap_gpu_groups=123
ds4: Flash-MoE async pread canceled queued=0 reading=0 ready=347 finished=0
ds4: gpu chunked prefill pos=8576 tokens=4054 layer 34 encode=381.510 ms execute=9.081 ms
ds4: Flash-MoE prefill layer=35 tokens=4054 unique=176 refs=24324 sync=62.624 ms plan=0.319 ms stage/compute=160.417 ms misses=176
ds4: Flash-MoE hybrid prefill layer=35 ane_groups=41 ane_refs=17025 gpu_i8_groups=0 gpu_i8_refs=0 fp32_groups=0 ane_min_refs=64 concurrent=1 ane_pipeline=1 output_queue=4 async_ane=41 gpu_overlap=135 finishes=41 waits=82
ds4: Flash-MoE overlap plan layer=35 exec_groups=176 planned_ane_groups=41 planned_ane_refs=17025 planned_gpu_groups=135 planned_gpu_refs=7299 tail_gpu_groups=0 tail_gpu_refs=0 planned_ssd_groups=176 est_gpu=15939.0 est_ane=6787.6 est_idle=57.42% wall=159.727 ms actual_ane_groups=41 actual_ane_refs=17025 actual_gpu_groups=0 actual_gpu_refs=0 finishes=41 waits=82 overlap_gpu_groups=135
ds4: Flash-MoE async pread canceled queued=0 reading=0 ready=362 finished=0
ds4: gpu chunked prefill pos=8576 tokens=4054 layer 35 encode=230.466 ms execute=9.088 ms
ds4: Flash-MoE prefill layer=36 tokens=4054 unique=160 refs=24324 sync=223.174 ms plan=0.366 ms stage/compute=147.394 ms misses=160
ds4: Flash-MoE hybrid prefill layer=36 ane_groups=35 ane_refs=18111 gpu_i8_groups=0 gpu_i8_refs=0 fp32_groups=0 ane_min_refs=64 concurrent=1 ane_pipeline=1 output_queue=4 async_ane=35 gpu_overlap=125 finishes=35 waits=70
ds4: Flash-MoE overlap plan layer=36 exec_groups=160 planned_ane_groups=35 planned_ane_refs=18111 planned_gpu_groups=125 planned_gpu_refs=6213 tail_gpu_groups=0 tail_gpu_refs=0 planned_ssd_groups=160 est_gpu=14213.0 est_ane=5830.1 est_idle=58.98% wall=146.642 ms actual_ane_groups=35 actual_ane_refs=18111 actual_gpu_groups=0 actual_gpu_refs=0 finishes=35 waits=70 overlap_gpu_groups=125
ds4: Flash-MoE async pread canceled queued=0 reading=0 ready=378 finished=0
ds4: gpu chunked prefill pos=8576 tokens=4054 layer 36 encode=383.849 ms execute=9.181 ms
ds4: Flash-MoE prefill layer=37 tokens=4054 unique=170 refs=24324 sync=63.053 ms plan=0.318 ms stage/compute=156.125 ms misses=170
ds4: Flash-MoE hybrid prefill layer=37 ane_groups=42 ane_refs=17279 gpu_i8_groups=0 gpu_i8_refs=0 fp32_groups=0 ane_min_refs=64 concurrent=1 ane_pipeline=1 output_queue=4 async_ane=42 gpu_overlap=128 finishes=42 waits=84
ds4: Flash-MoE overlap plan layer=37 exec_groups=170 planned_ane_groups=42 planned_ane_refs=17279 planned_gpu_groups=128 planned_gpu_refs=7045 tail_gpu_groups=0 tail_gpu_refs=0 planned_ssd_groups=170 est_gpu=15237.0 est_ane=6950.1 est_idle=54.39% wall=155.428 ms actual_ane_groups=42 actual_ane_refs=17279 actual_gpu_groups=0 actual_gpu_refs=0 finishes=42 waits=84 overlap_gpu_groups=128
ds4: Flash-MoE async pread canceled queued=0 reading=0 ready=394 finished=0
ds4: gpu chunked prefill pos=8576 tokens=4054 layer 37 encode=226.608 ms execute=9.133 ms
ds4: Flash-MoE prefill layer=38 tokens=4054 unique=180 refs=24324 sync=222.443 ms plan=0.338 ms stage/compute=146.931 ms misses=180
ds4: Flash-MoE hybrid prefill layer=38 ane_groups=45 ane_refs=16939 gpu_i8_groups=0 gpu_i8_refs=0 fp32_groups=0 ane_min_refs=64 concurrent=1 ane_pipeline=1 output_queue=4 async_ane=45 gpu_overlap=135 finishes=45 waits=90
ds4: Flash-MoE overlap plan layer=38 exec_groups=180 planned_ane_groups=45 planned_ane_refs=16939 planned_gpu_groups=135 planned_gpu_refs=7385 tail_gpu_groups=0 tail_gpu_refs=0 planned_ssd_groups=180 est_gpu=16025.0 est_ane=7427.6 est_idle=53.65% wall=146.215 ms actual_ane_groups=45 actual_ane_refs=16939 actual_gpu_groups=0 actual_gpu_refs=0 finishes=45 waits=90 overlap_gpu_groups=135
ds4: Flash-MoE async pread canceled queued=0 reading=0 ready=411 finished=0
ds4: gpu chunked prefill pos=8576 tokens=4054 layer 38 encode=382.771 ms execute=9.071 ms
ds4: Flash-MoE prefill layer=39 tokens=4054 unique=202 refs=24324 sync=63.205 ms plan=0.335 ms stage/compute=161.738 ms misses=202
ds4: Flash-MoE hybrid prefill layer=39 ane_groups=47 ane_refs=16297 gpu_i8_groups=0 gpu_i8_refs=0 fp32_groups=0 ane_min_refs=64 concurrent=1 ane_pipeline=1 output_queue=4 async_ane=47 gpu_overlap=155 finishes=47 waits=94
ds4: Flash-MoE overlap plan layer=39 exec_groups=202 planned_ane_groups=47 planned_ane_refs=16297 planned_gpu_groups=155 planned_gpu_refs=8027 tail_gpu_groups=0 tail_gpu_refs=0 planned_ssd_groups=202 est_gpu=17947.0 est_ane=7745.0 est_idle=56.85% wall=161.032 ms actual_ane_groups=47 actual_ane_refs=16297 actual_gpu_groups=0 actual_gpu_refs=0 finishes=47 waits=94 overlap_gpu_groups=155
ds4: Flash-MoE async pread canceled queued=0 reading=0 ready=419 finished=0
ds4: gpu chunked prefill pos=8576 tokens=4054 layer 39 encode=232.383 ms execute=9.077 ms
ds4: Flash-MoE prefill layer=40 tokens=4054 unique=152 refs=24324 sync=223.409 ms plan=0.366 ms stage/compute=148.644 ms misses=152
ds4: Flash-MoE hybrid prefill layer=40 ane_groups=38 ane_refs=17430 gpu_i8_groups=0 gpu_i8_refs=0 fp32_groups=0 ane_min_refs=64 concurrent=1 ane_pipeline=1 output_queue=4 async_ane=38 gpu_overlap=114 finishes=38 waits=76
ds4: Flash-MoE overlap plan layer=40 exec_groups=152 planned_ane_groups=38 planned_ane_refs=17430 planned_gpu_groups=114 planned_gpu_refs=6894 tail_gpu_groups=0 tail_gpu_refs=0 planned_ssd_groups=152 est_gpu=14190.0 est_ane=6305.0 est_idle=55.57% wall=147.948 ms actual_ane_groups=38 actual_ane_refs=17430 actual_gpu_groups=0 actual_gpu_refs=0 finishes=38 waits=76 overlap_gpu_groups=114
ds4: Flash-MoE async pread canceled queued=0 reading=0 ready=436 finished=0
ds4: gpu chunked prefill pos=8576 tokens=4054 layer 40 encode=386.313 ms execute=9.109 ms
ds4: Flash-MoE prefill layer=41 tokens=4054 unique=177 refs=24324 sync=62.723 ms plan=0.287 ms stage/compute=140.796 ms misses=177
ds4: Flash-MoE hybrid prefill layer=41 ane_groups=52 ane_refs=15783 gpu_i8_groups=0 gpu_i8_refs=0 fp32_groups=0 ane_min_refs=64 concurrent=1 ane_pipeline=1 output_queue=4 async_ane=52 gpu_overlap=125 finishes=52 waits=104
ds4: Flash-MoE overlap plan layer=41 exec_groups=177 planned_ane_groups=52 planned_ane_refs=15783 planned_gpu_groups=125 planned_gpu_refs=8541 tail_gpu_groups=0 tail_gpu_refs=0 planned_ssd_groups=177 est_gpu=16541.0 est_ane=8545.0 est_idle=48.34% wall=140.067 ms actual_ane_groups=52 actual_ane_refs=15783 actual_gpu_groups=0 actual_gpu_refs=0 finishes=52 waits=104 overlap_gpu_groups=125
ds4: Flash-MoE async pread canceled queued=0 reading=0 ready=450 finished=0
ds4: gpu chunked prefill pos=8576 tokens=4054 layer 41 encode=211.464 ms execute=9.056 ms
ds4: Flash-MoE prefill layer=42 tokens=4054 unique=182 refs=24324 sync=224.009 ms plan=0.333 ms stage/compute=148.202 ms misses=182
ds4: Flash-MoE hybrid prefill layer=42 ane_groups=55 ane_refs=15827 gpu_i8_groups=0 gpu_i8_refs=0 fp32_groups=0 ane_min_refs=64 concurrent=1 ane_pipeline=1 output_queue=4 async_ane=55 gpu_overlap=127 finishes=55 waits=110
ds4: Flash-MoE overlap plan layer=42 exec_groups=182 planned_ane_groups=55 planned_ane_refs=15827 planned_gpu_groups=127 planned_gpu_refs=8497 tail_gpu_groups=0 tail_gpu_refs=0 planned_ssd_groups=182 est_gpu=16625.0 est_ane=9032.7 est_idle=45.67% wall=147.527 ms actual_ane_groups=55 actual_ane_refs=15827 actual_gpu_groups=0 actual_gpu_refs=0 finishes=55 waits=110 overlap_gpu_groups=127
ds4: Flash-MoE async pread canceled queued=0 reading=0 ready=466 finished=0
ds4: gpu chunked prefill pos=8576 tokens=4054 layer 42 encode=385.813 ms execute=8.924 ms
processing 12630 input tokens: 12630/12630 (100.0%) batch=292.08 t/s avg=349.96 t/s
ds4: gpu chunked prefill start=0 tokens=12630 chunk=8576 encode=34498.906 ms execute=1215.144 ms read=0.007 ms total=35746.582 ms
ds4: prefill full: 12630 tokens in 36091.5 ms (349.9 t/s)
We
ds4: ----------------------------------------
ds4: prefill: 349.94 t/s, generation: 1.42 t/s
ds4: Flash-MoE cross-layer prefetch layers=42 experts_queued=2016 (avg=48.0/layer)
ds4: Flash-MoE slot-bank stats hits=0 misses=18684 hit-rate=0.0% resident-slots=258/4128 (6.2%, avg=6.0/layer min=6 max=6 of 96) installed=126117.00 MiB
ds4: Flash-MoE decode prefetch calls=43 loads=258 bytes=1741.50 MiB pread=131.847 ms upload=101.988 ms overlap-flushes=43
ds4: Flash-MoE prefill dedup refs=3258540 unique=18426 saved=3240114 (99.4%) reuse=176.84x
ds4: Flash-MoE prefill stage stats calls=18426 bytes=124375.50 MiB pread=4459.444 ms upload=2445.552 ms gate=749.515 ms up=763.724 ms down=932.313 ms scatter=31.128 ms stage_rate=18012.39 MiB/s pread_rate=27890.36 MiB/s upload_rate=50857.84 MiB/s
ds4: Flash-MoE prefill pread issue stats span=35455.067 ms active=12.58% span_rate=3507.98 MiB/s issue_gap=352177.340 ms post_stage_gap=16105.285 ms same_layer_issue=333468.837 ms same_layer_post=4.284 ms cross_layer_issue=18708.503 ms cross_layer_post=16101.001 ms max_issue=483.860 ms max_post=340.221 ms issue_gaps=14694 post_gaps=92 issue_gt1=3242 issue_gt5=1656 issue_gt20=1380 post_gt1=84 post_gt5=80 post_gt20=77
ds4: Flash-MoE prefill pread bucket le16 calls=4672 refs=29209 bytes=31536.00 MiB pread=1327.330 ms issue_gap=127302.689 ms post_stage_gap=4.284 ms pread_rate=23758.97 MiB/s
ds4: Flash-MoE prefill pread bucket le32 calls=1886 refs=45205 bytes=12730.50 MiB pread=394.819 ms issue_gap=43792.885 ms post_stage_gap=0.000 ms pread_rate=32243.89 MiB/s
ds4: Flash-MoE prefill pread bucket le64 calls=2406 refs=114066 bytes=16240.50 MiB pread=511.339 ms issue_gap=47810.686 ms post_stage_gap=0.000 ms pread_rate=31760.73 MiB/s
ds4: Flash-MoE prefill pread bucket le128 calls=3052 refs=286750 bytes=20601.00 MiB pread=600.538 ms issue_gap=51836.591 ms post_stage_gap=0.000 ms pread_rate=34304.24 MiB/s
ds4: Flash-MoE prefill pread bucket le256 calls=2958 refs=541781 bytes=19966.50 MiB pread=679.729 ms issue_gap=35628.345 ms post_stage_gap=0.000 ms pread_rate=29374.21 MiB/s
ds4: Flash-MoE prefill pread bucket le512 calls=1937 refs=690720 bytes=13074.75 MiB pread=469.493 ms issue_gap=16546.498 ms post_stage_gap=397.898 ms pread_rate=27848.66 MiB/s
ds4: Flash-MoE prefill pread bucket gt512 calls=1515 refs=1550809 bytes=10226.25 MiB pread=476.196 ms issue_gap=29259.646 ms post_stage_gap=15703.103 ms pread_rate=21474.88 MiB/s
ds4: ANE prefill stats calls=5917 ok=5917 skipped_big_refs=0 compile_attempts=1 compile_failures=0 eval_calls=12067 eval_failures=0 write_failures=0 reopen_failures=0
ds4: ANE prefill timing dequant=44.254 ms input=1.897 ms ane_eval=51860.851 ms ane_eval_a=51860.851 ms ane_eval_b=0.000 ms ane_eval_c=0.000 ms ane_eval_d=0.000 ms ane_wall_est=51860.851 ms writeback=26.485 ms helper_avg=4.297742 ms ane_calls=12067 ane_call_avg=4.297742 ms
ds4: ANE prefill timing2 output_pack=25.068 ms measured_total=51958.555 ms
ds4: ANE prefill timing3 dequant_wait=3947.308 ms post_wait=0.000 ms x_zero=65.598 ms x_copy=194.538 ms out_zero=560.352 ms out_f16_copy=414.675 ms output_convert=25.068 ms output_gpu_encode=25.068 ms output_chunks=5917 output_elems=9528193024 output_convert_rate=380.094 Gelem/s
ds4: ANE prefill timing4 wait_predict=0.000 ms finish_join_ane=4740.212 ms finish_join_post=0.000 ms wait_predict_calls=0 finish_calls=5917
ds4: ANE prefill chunks refs=2326219 padded_refs=3089152 pad_util=75.30% le16=241 le64=723 le128=2213 full=6163
ds4: ANE prefill batch_hist B256=12067 refs=2326219 util=75.3%
