ds4: warning: raw KV cap limits Metal prefill chunk (prefill_chunk=12000, raw_kv_rows=8704, raw_window=128, effective_chunk=8576; target raw cap for one chunk is 12288, also requires ctx >= that value)
ds4: context buffers 1163.46 MiB (ctx=12000, backend=metal, prefill_chunk=12000, raw_kv_rows=8704, compressed_kv_rows=3002)
ds4: Flash-MoE sidecar loaded: /Users/anemll/Models/flash/dsv4-iq2xxs-expert-major (slot-bank=96, expert-record 6.75 MiB)
ds4: Metal device Apple M5 Max, 128.00 GiB RAM
ds4: Flash-MoE using mmap-backed dense/shared weights without full-model Metal residency warmup
ds4: Metal model views created in 0.295 ms, residency requested in 0.000 ms, warmup 0.000 ms (mapped 8393.67 MiB from offset 5.06 MiB)
ds4: Metal mapped mmaped model as 1 overlapping shared buffers
ds4: metal backend initialized for graph diagnostics
ds4: prefill routed-MoE (requested): mul_mm_id (grouped GPU / ALU)  [grouped path]
ds4: prefill quant scales (ANE env first): w_qscale=512 x_qscale=32 mid_qscale=32 w_scale=0.00195312 x_scale=0.03125 mid_scale=0.03125
ds4: prefill ctx-grow: on, block=2048 tokens
ds4: prefill chunk cap: 16384, graph_raw_cap=8704
ds4: Flash-MoE slot banks allocated: layers=43 slots=96 gpu-bank=27864.00 MiB
ds4: prefill compute: routed experts = ANE i8i8 (W8A8) | dense proj = fp16-NAX (half x half)
ds4: prefill I/O: io-split=4 async-pread=on pread-threads=4 readahead=12 bank-prefetch=3 xlayer=auto<=6k-tok topk=48
ds4: decode  I/O: io-split=4 temporal-prefetch=on slots=96
ds4: Flash-MoE banked kernels using M5 simdgroup_matrix fast path (prefetch=3, banks=4)
ds4: WARNING: prefill chunk 12000 clamped to 8576 by raw-KV cap (raw_cap=8704, window=128). Set DS4_METAL_GRAPH_RAW_CAP >= 12128 (window + chunk) — or unset it to auto-size — to honor the chunk.
ds4: prefill chunk cap EFFECTIVE=8576 tokens (DS4_METAL_PREFILL_CHUNK=16384), CLAMPED by raw-KV-cap (ctx-grow) (resident-NAX tiles this by scratch_cap; that tile gates the sync bridge)
ds4: ANE i8w-i8x-tiled-fused cached async prefill B=256 H=4096 I=2048 w_scale=0.00195312 x_scale=0.03125 mid_scale=0.03125
processing 10525 input tokens: 0/10525 (0.0%) batch=0.00 t/s avg=0.00 t/s
ds4: Flash-MoE prefill layer=0 tokens=8576 unique=256 refs=51456 sync=205.162 ms plan=0.901 ms stage/compute=342.923 ms misses=256
ds4: Flash-MoE hybrid prefill layer=0 ane_groups=1 ane_refs=563 gpu_i8_groups=0 gpu_i8_refs=0 fp32_groups=0 ane_min_refs=512 concurrent=1 ane_pipeline=1 output_queue=4 async_ane=1 gpu_overlap=255 finishes=1 waits=2
ds4: Flash-MoE overlap plan layer=0 exec_groups=256 planned_ane_groups=1 planned_ane_refs=563 planned_gpu_groups=255 planned_gpu_refs=50893 tail_gpu_groups=0 tail_gpu_refs=0 planned_ssd_groups=256 est_gpu=67213.0 est_ane=167.8 est_idle=99.75% wall=334.808 ms actual_ane_groups=1 actual_ane_refs=563 actual_gpu_groups=0 actual_gpu_refs=0 finishes=1 waits=2 overlap_gpu_groups=255
ds4: gpu chunked prefill pos=0 tokens=8576 layer 0 encode=568.875 ms execute=37.903 ms
ds4: Flash-MoE prefill layer=1 tokens=8576 unique=256 refs=51456 sync=95.943 ms plan=0.323 ms stage/compute=314.452 ms misses=256
ds4: Flash-MoE hybrid prefill layer=1 ane_groups=3 ane_refs=1633 gpu_i8_groups=0 gpu_i8_refs=0 fp32_groups=0 ane_min_refs=512 concurrent=1 ane_pipeline=1 output_queue=4 async_ane=3 gpu_overlap=253 finishes=3 waits=6
ds4: Flash-MoE overlap plan layer=1 exec_groups=256 planned_ane_groups=3 planned_ane_refs=1633 planned_gpu_groups=253 planned_gpu_refs=49823 tail_gpu_groups=0 tail_gpu_refs=0 planned_ssd_groups=256 est_gpu=66015.0 est_ane=503.3 est_idle=99.24% wall=313.121 ms actual_ane_groups=3 actual_ane_refs=1633 actual_gpu_groups=0 actual_gpu_refs=0 finishes=3 waits=6 overlap_gpu_groups=253
ds4: gpu chunked prefill pos=0 tokens=8576 layer 1 encode=428.201 ms execute=18.486 ms
ds4: Flash-MoE prefill layer=2 tokens=8576 unique=256 refs=51456 sync=308.942 ms plan=0.361 ms stage/compute=313.602 ms misses=256
ds4: Flash-MoE hybrid prefill layer=2 ane_groups=4 ane_refs=2328 gpu_i8_groups=0 gpu_i8_refs=0 fp32_groups=0 ane_min_refs=512 concurrent=1 ane_pipeline=1 output_queue=4 async_ane=4 gpu_overlap=252 finishes=4 waits=8
ds4: Flash-MoE overlap plan layer=2 exec_groups=256 planned_ane_groups=4 planned_ane_refs=2328 planned_gpu_groups=252 planned_gpu_refs=49128 tail_gpu_groups=0 tail_gpu_refs=0 planned_ssd_groups=256 est_gpu=65256.0 est_ane=671.0 est_idle=98.97% wall=312.247 ms actual_ane_groups=4 actual_ane_refs=2328 actual_gpu_groups=0 actual_gpu_refs=0 finishes=4 waits=8 overlap_gpu_groups=252
ds4: gpu chunked prefill pos=0 tokens=8576 layer 2 encode=625.573 ms execute=18.459 ms
ds4: Flash-MoE prefill layer=3 tokens=8576 unique=245 refs=51456 sync=120.668 ms plan=0.337 ms stage/compute=310.438 ms misses=245
ds4: Flash-MoE hybrid prefill layer=3 ane_groups=12 ane_refs=12837 gpu_i8_groups=0 gpu_i8_refs=0 fp32_groups=0 ane_min_refs=512 concurrent=1 ane_pipeline=1 output_queue=4 async_ane=12 gpu_overlap=233 finishes=12 waits=24
ds4: Flash-MoE overlap plan layer=3 exec_groups=245 planned_ane_groups=12 planned_ane_refs=12837 planned_gpu_groups=233 planned_gpu_refs=38619 tail_gpu_groups=0 tail_gpu_refs=0 planned_ssd_groups=245 est_gpu=53531.0 est_ane=2070.0 est_idle=96.13% wall=309.001 ms actual_ane_groups=12 actual_ane_refs=12837 actual_gpu_groups=0 actual_gpu_refs=0 finishes=12 waits=24 overlap_gpu_groups=233
ds4: gpu chunked prefill pos=0 tokens=8576 layer 3 encode=450.009 ms execute=18.425 ms
ds4: Flash-MoE prefill layer=4 tokens=8576 unique=240 refs=51456 sync=294.446 ms plan=0.320 ms stage/compute=277.549 ms misses=240
ds4: Flash-MoE hybrid prefill layer=4 ane_groups=22 ane_refs=21274 gpu_i8_groups=0 gpu_i8_refs=0 fp32_groups=0 ane_min_refs=512 concurrent=1 ane_pipeline=1 output_queue=4 async_ane=22 gpu_overlap=218 finishes=22 waits=44
ds4: Flash-MoE overlap plan layer=4 exec_groups=240 planned_ane_groups=22 planned_ane_refs=21274 planned_gpu_groups=218 planned_gpu_refs=30182 tail_gpu_groups=0 tail_gpu_refs=0 planned_ssd_groups=240 est_gpu=44134.0 est_ane=3768.2 est_idle=91.46% wall=276.228 ms actual_ane_groups=22 actual_ane_refs=21274 actual_gpu_groups=0 actual_gpu_refs=0 finishes=22 waits=44 overlap_gpu_groups=218
ds4: gpu chunked prefill pos=0 tokens=8576 layer 4 encode=574.674 ms execute=18.431 ms
ds4: Flash-MoE prefill layer=5 tokens=8576 unique=250 refs=51456 sync=120.146 ms plan=0.331 ms stage/compute=311.025 ms misses=250
ds4: Flash-MoE hybrid prefill layer=5 ane_groups=13 ane_refs=15377 gpu_i8_groups=0 gpu_i8_refs=0 fp32_groups=0 ane_min_refs=512 concurrent=1 ane_pipeline=1 output_queue=4 async_ane=13 gpu_overlap=237 finishes=13 waits=26
ds4: Flash-MoE overlap plan layer=5 exec_groups=250 planned_ane_groups=13 planned_ane_refs=15377 planned_gpu_groups=237 planned_gpu_refs=36079 tail_gpu_groups=0 tail_gpu_refs=0 planned_ssd_groups=250 est_gpu=51247.0 est_ane=2253.3 est_idle=95.60% wall=309.658 ms actual_ane_groups=13 actual_ane_refs=15377 actual_gpu_groups=0 actual_gpu_refs=0 finishes=13 waits=26 overlap_gpu_groups=237
ds4: gpu chunked prefill pos=0 tokens=8576 layer 5 encode=449.381 ms execute=19.164 ms
ds4: Flash-MoE prefill layer=6 tokens=8576 unique=243 refs=51456 sync=297.708 ms plan=0.317 ms stage/compute=289.209 ms misses=243
ds4: Flash-MoE hybrid prefill layer=6 ane_groups=19 ane_refs=17289 gpu_i8_groups=0 gpu_i8_refs=0 fp32_groups=0 ane_min_refs=512 concurrent=1 ane_pipeline=1 output_queue=4 async_ane=19 gpu_overlap=224 finishes=19 waits=38
ds4: Flash-MoE overlap plan layer=6 exec_groups=243 planned_ane_groups=19 planned_ane_refs=17289 planned_gpu_groups=224 planned_gpu_refs=34167 tail_gpu_groups=0 tail_gpu_refs=0 planned_ssd_groups=243 est_gpu=48503.0 est_ane=3241.7 est_idle=93.32% wall=287.792 ms actual_ane_groups=19 actual_ane_refs=17289 actual_gpu_groups=0 actual_gpu_refs=0 finishes=19 waits=38 overlap_gpu_groups=224
ds4: gpu chunked prefill pos=0 tokens=8576 layer 6 encode=589.627 ms execute=18.541 ms
ds4: Flash-MoE prefill layer=7 tokens=8576 unique=247 refs=51456 sync=119.159 ms plan=0.340 ms stage/compute=292.918 ms misses=247
ds4: Flash-MoE hybrid prefill layer=7 ane_groups=19 ane_refs=23625 gpu_i8_groups=0 gpu_i8_refs=0 fp32_groups=0 ane_min_refs=512 concurrent=1 ane_pipeline=1 output_queue=4 async_ane=19 gpu_overlap=228 finishes=19 waits=38
ds4: Flash-MoE overlap plan layer=7 exec_groups=247 planned_ane_groups=19 planned_ane_refs=23625 planned_gpu_groups=228 planned_gpu_refs=27831 tail_gpu_groups=0 tail_gpu_refs=0 planned_ssd_groups=247 est_gpu=42423.0 est_ane=3301.2 est_idle=92.22% wall=291.341 ms actual_ane_groups=19 actual_ane_refs=23625 actual_gpu_groups=0 actual_gpu_refs=0 finishes=19 waits=38 overlap_gpu_groups=228
ds4: gpu chunked prefill pos=0 tokens=8576 layer 7 encode=431.487 ms execute=18.462 ms
ds4: Flash-MoE prefill layer=8 tokens=8576 unique=241 refs=51456 sync=297.371 ms plan=0.331 ms stage/compute=287.502 ms misses=241
ds4: Flash-MoE hybrid prefill layer=8 ane_groups=15 ane_refs=21798 gpu_i8_groups=0 gpu_i8_refs=0 fp32_groups=0 ane_min_refs=512 concurrent=1 ane_pipeline=1 output_queue=4 async_ane=15 gpu_overlap=226 finishes=15 waits=30
ds4: Flash-MoE overlap plan layer=8 exec_groups=241 planned_ane_groups=15 planned_ane_refs=21798 planned_gpu_groups=226 planned_gpu_refs=29658 tail_gpu_groups=0 tail_gpu_refs=0 planned_ssd_groups=241 est_gpu=44122.0 est_ane=2637.9 est_idle=94.02% wall=286.242 ms actual_ane_groups=15 actual_ane_refs=21798 actual_gpu_groups=0 actual_gpu_refs=0 finishes=15 waits=30 overlap_gpu_groups=226
ds4: gpu chunked prefill pos=0 tokens=8576 layer 8 encode=587.003 ms execute=18.597 ms
ds4: Flash-MoE prefill layer=9 tokens=8576 unique=251 refs=51456 sync=118.318 ms plan=0.345 ms stage/compute=304.016 ms misses=251
ds4: Flash-MoE hybrid prefill layer=9 ane_groups=14 ane_refs=14640 gpu_i8_groups=0 gpu_i8_refs=0 fp32_groups=0 ane_min_refs=512 concurrent=1 ane_pipeline=1 output_queue=4 async_ane=14 gpu_overlap=237 finishes=14 waits=28
ds4: Flash-MoE overlap plan layer=9 exec_groups=251 planned_ane_groups=14 planned_ane_refs=14640 planned_gpu_groups=237 planned_gpu_refs=36816 tail_gpu_groups=0 tail_gpu_refs=0 planned_ssd_groups=251 est_gpu=51984.0 est_ane=2405.5 est_idle=95.37% wall=302.363 ms actual_ane_groups=14 actual_ane_refs=14640 actual_gpu_groups=0 actual_gpu_refs=0 finishes=14 waits=28 overlap_gpu_groups=237
ds4: gpu chunked prefill pos=0 tokens=8576 layer 9 encode=441.361 ms execute=18.597 ms
ds4: Flash-MoE prefill layer=10 tokens=8576 unique=246 refs=51456 sync=297.167 ms plan=0.386 ms stage/compute=283.081 ms misses=246
ds4: Flash-MoE hybrid prefill layer=10 ane_groups=21 ane_refs=19811 gpu_i8_groups=0 gpu_i8_refs=0 fp32_groups=0 ane_min_refs=512 concurrent=1 ane_pipeline=1 output_queue=4 async_ane=21 gpu_overlap=225 finishes=21 waits=42
ds4: Flash-MoE overlap plan layer=10 exec_groups=246 planned_ane_groups=21 planned_ane_refs=19811 planned_gpu_groups=225 planned_gpu_refs=31645 tail_gpu_groups=0 tail_gpu_refs=0 planned_ssd_groups=246 est_gpu=46045.0 est_ane=3585.0 est_idle=92.21% wall=281.712 ms actual_ane_groups=21 actual_ane_refs=19811 actual_gpu_groups=0 actual_gpu_refs=0 finishes=21 waits=42 overlap_gpu_groups=225
ds4: gpu chunked prefill pos=0 tokens=8576 layer 10 encode=582.440 ms execute=18.850 ms
ds4: Flash-MoE prefill layer=11 tokens=8576 unique=249 refs=51456 sync=119.956 ms plan=0.358 ms stage/compute=292.485 ms misses=249
ds4: Flash-MoE hybrid prefill layer=11 ane_groups=22 ane_refs=19742 gpu_i8_groups=0 gpu_i8_refs=0 fp32_groups=0 ane_min_refs=512 concurrent=1 ane_pipeline=1 output_queue=4 async_ane=22 gpu_overlap=227 finishes=22 waits=44
ds4: Flash-MoE overlap plan layer=11 exec_groups=249 planned_ane_groups=22 planned_ane_refs=19742 planned_gpu_groups=227 planned_gpu_refs=31714 tail_gpu_groups=0 tail_gpu_refs=0 planned_ssd_groups=249 est_gpu=46242.0 est_ane=3757.9 est_idle=91.87% wall=291.144 ms actual_ane_groups=22 actual_ane_refs=19742 actual_gpu_groups=0 actual_gpu_refs=0 finishes=22 waits=44 overlap_gpu_groups=227
ds4: gpu chunked prefill pos=0 tokens=8576 layer 11 encode=431.165 ms execute=18.736 ms
ds4: Flash-MoE prefill layer=12 tokens=8576 unique=243 refs=51456 sync=297.173 ms plan=0.359 ms stage/compute=271.435 ms misses=243
ds4: Flash-MoE hybrid prefill layer=12 ane_groups=23 ane_refs=22637 gpu_i8_groups=0 gpu_i8_refs=0 fp32_groups=0 ane_min_refs=512 concurrent=1 ane_pipeline=1 output_queue=4 async_ane=23 gpu_overlap=220 finishes=23 waits=46
ds4: Flash-MoE overlap plan layer=12 exec_groups=243 planned_ane_groups=23 planned_ane_refs=22637 planned_gpu_groups=220 planned_gpu_refs=28819 tail_gpu_groups=0 tail_gpu_refs=0 planned_ssd_groups=243 est_gpu=42899.0 est_ane=3943.8 est_idle=90.81% wall=270.129 ms actual_ane_groups=23 actual_ane_refs=22637 actual_gpu_groups=0 actual_gpu_refs=0 finishes=23 waits=46 overlap_gpu_groups=220
ds4: gpu chunked prefill pos=0 tokens=8576 layer 12 encode=570.809 ms execute=18.421 ms
ds4: Flash-MoE prefill layer=13 tokens=8576 unique=237 refs=51456 sync=119.585 ms plan=0.341 ms stage/compute=285.108 ms misses=237
ds4: Flash-MoE hybrid prefill layer=13 ane_groups=20 ane_refs=23530 gpu_i8_groups=0 gpu_i8_refs=0 fp32_groups=0 ane_min_refs=512 concurrent=1 ane_pipeline=1 output_queue=4 async_ane=20 gpu_overlap=217 finishes=20 waits=40
ds4: Flash-MoE overlap plan layer=13 exec_groups=237 planned_ane_groups=20 planned_ane_refs=23530 planned_gpu_groups=217 planned_gpu_refs=27926 tail_gpu_groups=0 tail_gpu_refs=0 planned_ssd_groups=237 est_gpu=41814.0 est_ane=3466.3 est_idle=91.71% wall=283.696 ms actual_ane_groups=20 actual_ane_refs=23530 actual_gpu_groups=0 actual_gpu_refs=0 finishes=20 waits=40 overlap_gpu_groups=217
ds4: gpu chunked prefill pos=0 tokens=8576 layer 13 encode=424.121 ms execute=18.492 ms
ds4: Flash-MoE prefill layer=14 tokens=8576 unique=239 refs=51456 sync=295.056 ms plan=0.371 ms stage/compute=272.783 ms misses=239
ds4: Flash-MoE hybrid prefill layer=14 ane_groups=26 ane_refs=27764 gpu_i8_groups=0 gpu_i8_refs=0 fp32_groups=0 ane_min_refs=512 concurrent=1 ane_pipeline=1 output_queue=4 async_ane=26 gpu_overlap=213 finishes=26 waits=52
ds4: Flash-MoE overlap plan layer=14 exec_groups=239 planned_ane_groups=26 planned_ane_refs=27764 planned_gpu_groups=213 planned_gpu_refs=23692 tail_gpu_groups=0 tail_gpu_refs=0 planned_ssd_groups=239 est_gpu=37324.0 est_ane=4470.3 est_idle=88.02% wall=271.370 ms actual_ane_groups=26 actual_ane_refs=27764 actual_gpu_groups=0 actual_gpu_refs=0 finishes=26 waits=52 overlap_gpu_groups=213
ds4: gpu chunked prefill pos=0 tokens=8576 layer 14 encode=569.975 ms execute=18.432 ms
ds4: Flash-MoE prefill layer=15 tokens=8576 unique=240 refs=51456 sync=120.732 ms plan=0.476 ms stage/compute=273.831 ms misses=240
ds4: Flash-MoE hybrid prefill layer=15 ane_groups=27 ane_refs=27001 gpu_i8_groups=0 gpu_i8_refs=0 fp32_groups=0 ane_min_refs=512 concurrent=1 ane_pipeline=1 output_queue=4 async_ane=27 gpu_overlap=213 finishes=27 waits=54
ds4: Flash-MoE overlap plan layer=15 exec_groups=240 planned_ane_groups=27 planned_ane_refs=27001 planned_gpu_groups=213 planned_gpu_refs=24455 tail_gpu_groups=0 tail_gpu_refs=0 planned_ssd_groups=240 est_gpu=38087.0 est_ane=4632.9 est_idle=87.84% wall=272.496 ms actual_ane_groups=27 actual_ane_refs=27001 actual_gpu_groups=0 actual_gpu_refs=0 finishes=27 waits=54 overlap_gpu_groups=213
ds4: gpu chunked prefill pos=0 tokens=8576 layer 15 encode=413.314 ms execute=18.750 ms
ds4: Flash-MoE prefill layer=16 tokens=8576 unique=230 refs=51456 sync=298.262 ms plan=0.324 ms stage/compute=273.833 ms misses=230
ds4: Flash-MoE hybrid prefill layer=16 ane_groups=22 ane_refs=23386 gpu_i8_groups=0 gpu_i8_refs=0 fp32_groups=0 ane_min_refs=512 concurrent=1 ane_pipeline=1 output_queue=4 async_ane=22 gpu_overlap=208 finishes=22 waits=44
ds4: Flash-MoE overlap plan layer=16 exec_groups=230 planned_ane_groups=22 planned_ane_refs=23386 planned_gpu_groups=208 planned_gpu_refs=28070 tail_gpu_groups=0 tail_gpu_refs=0 planned_ssd_groups=230 est_gpu=41382.0 est_ane=3783.8 est_idle=90.86% wall=272.538 ms actual_ane_groups=22 actual_ane_refs=23386 actual_gpu_groups=0 actual_gpu_refs=0 finishes=22 waits=44 overlap_gpu_groups=208
ds4: gpu chunked prefill pos=0 tokens=8576 layer 16 encode=574.180 ms execute=18.402 ms
ds4: Flash-MoE prefill layer=17 tokens=8576 unique=227 refs=51456 sync=118.457 ms plan=0.379 ms stage/compute=280.710 ms misses=227
ds4: Flash-MoE hybrid prefill layer=17 ane_groups=22 ane_refs=26508 gpu_i8_groups=0 gpu_i8_refs=0 fp32_groups=0 ane_min_refs=512 concurrent=1 ane_pipeline=1 output_queue=4 async_ane=22 gpu_overlap=205 finishes=22 waits=44
ds4: Flash-MoE overlap plan layer=17 exec_groups=227 planned_ane_groups=22 planned_ane_refs=26508 planned_gpu_groups=205 planned_gpu_refs=24948 tail_gpu_groups=0 tail_gpu_refs=0 planned_ssd_groups=227 est_gpu=38068.0 est_ane=3817.4 est_idle=89.97% wall=279.352 ms actual_ane_groups=22 actual_ane_refs=26508 actual_gpu_groups=0 actual_gpu_refs=0 finishes=22 waits=44 overlap_gpu_groups=205
ds4: gpu chunked prefill pos=0 tokens=8576 layer 17 encode=417.690 ms execute=18.423 ms
ds4: Flash-MoE prefill layer=18 tokens=8576 unique=231 refs=51456 sync=297.783 ms plan=0.387 ms stage/compute=284.064 ms misses=231
ds4: Flash-MoE hybrid prefill layer=18 ane_groups=23 ane_refs=28130 gpu_i8_groups=0 gpu_i8_refs=0 fp32_groups=0 ane_min_refs=512 concurrent=1 ane_pipeline=1 output_queue=4 async_ane=23 gpu_overlap=208 finishes=23 waits=46
ds4: Flash-MoE overlap plan layer=18 exec_groups=231 planned_ane_groups=23 planned_ane_refs=28130 planned_gpu_groups=208 planned_gpu_refs=23326 tail_gpu_groups=0 tail_gpu_refs=0 planned_ssd_groups=231 est_gpu=36638.0 est_ane=3995.5 est_idle=89.09% wall=282.826 ms actual_ane_groups=23 actual_ane_refs=28130 actual_gpu_groups=0 actual_gpu_refs=0 finishes=23 waits=46 overlap_gpu_groups=208
ds4: gpu chunked prefill pos=0 tokens=8576 layer 18 encode=583.949 ms execute=18.758 ms
ds4: Flash-MoE prefill layer=19 tokens=8576 unique=237 refs=51456 sync=119.728 ms plan=0.358 ms stage/compute=278.997 ms misses=237
ds4: Flash-MoE hybrid prefill layer=19 ane_groups=19 ane_refs=16496 gpu_i8_groups=0 gpu_i8_refs=0 fp32_groups=0 ane_min_refs=512 concurrent=1 ane_pipeline=1 output_queue=4 async_ane=19 gpu_overlap=218 finishes=19 waits=38
ds4: Flash-MoE overlap plan layer=19 exec_groups=237 planned_ane_groups=19 planned_ane_refs=16496 planned_gpu_groups=218 planned_gpu_refs=34960 tail_gpu_groups=0 tail_gpu_refs=0 planned_ssd_groups=237 est_gpu=48912.0 est_ane=3233.9 est_idle=93.39% wall=277.716 ms actual_ane_groups=19 actual_ane_refs=16496 actual_gpu_groups=0 actual_gpu_refs=0 finishes=19 waits=38 overlap_gpu_groups=218
ds4: gpu chunked prefill pos=0 tokens=8576 layer 19 encode=417.168 ms execute=18.676 ms
ds4: Flash-MoE prefill layer=20 tokens=8576 unique=231 refs=51456 sync=297.698 ms plan=0.325 ms stage/compute=288.638 ms misses=231
ds4: Flash-MoE hybrid prefill layer=20 ane_groups=23 ane_refs=28082 gpu_i8_groups=0 gpu_i8_refs=0 fp32_groups=0 ane_min_refs=512 concurrent=1 ane_pipeline=1 output_queue=4 async_ane=23 gpu_overlap=208 finishes=23 waits=46
ds4: Flash-MoE overlap plan layer=20 exec_groups=231 planned_ane_groups=23 planned_ane_refs=28082 planned_gpu_groups=208 planned_gpu_refs=23374 tail_gpu_groups=0 tail_gpu_refs=0 planned_ssd_groups=231 est_gpu=36686.0 est_ane=4003.2 est_idle=89.09% wall=287.371 ms actual_ane_groups=23 actual_ane_refs=28082 actual_gpu_groups=0 actual_gpu_refs=0 finishes=23 waits=46 overlap_gpu_groups=208
ds4: gpu chunked prefill pos=0 tokens=8576 layer 20 encode=588.402 ms execute=18.694 ms
ds4: Flash-MoE prefill layer=21 tokens=8576 unique=228 refs=51456 sync=118.607 ms plan=0.347 ms stage/compute=265.196 ms misses=228
ds4: Flash-MoE hybrid prefill layer=21 ane_groups=29 ane_refs=24623 gpu_i8_groups=0 gpu_i8_refs=0 fp32_groups=0 ane_min_refs=512 concurrent=1 ane_pipeline=1 output_queue=4 async_ane=29 gpu_overlap=199 finishes=29 waits=58
ds4: Flash-MoE overlap plan layer=21 exec_groups=228 planned_ane_groups=29 planned_ane_refs=24623 planned_gpu_groups=199 planned_gpu_refs=26833 tail_gpu_groups=0 tail_gpu_refs=0 planned_ssd_groups=228 est_gpu=39569.0 est_ane=4940.0 est_idle=87.52% wall=263.779 ms actual_ane_groups=29 actual_ane_refs=24623 actual_gpu_groups=0 actual_gpu_refs=0 finishes=29 waits=58 overlap_gpu_groups=199
ds4: gpu chunked prefill pos=0 tokens=8576 layer 21 encode=403.390 ms execute=18.417 ms
ds4: Flash-MoE prefill layer=22 tokens=8576 unique=235 refs=51456 sync=298.701 ms plan=0.359 ms stage/compute=275.893 ms misses=235
ds4: Flash-MoE hybrid prefill layer=22 ane_groups=22 ane_refs=25246 gpu_i8_groups=0 gpu_i8_refs=0 fp32_groups=0 ane_min_refs=512 concurrent=1 ane_pipeline=1 output_queue=4 async_ane=22 gpu_overlap=213 finishes=22 waits=44
ds4: Flash-MoE overlap plan layer=22 exec_groups=235 planned_ane_groups=22 planned_ane_refs=25246 planned_gpu_groups=213 planned_gpu_refs=26210 tail_gpu_groups=0 tail_gpu_refs=0 planned_ssd_groups=235 est_gpu=39842.0 est_ane=3807.0 est_idle=90.44% wall=274.616 ms actual_ane_groups=22 actual_ane_refs=25246 actual_gpu_groups=0 actual_gpu_refs=0 finishes=22 waits=44 overlap_gpu_groups=213
ds4: gpu chunked prefill pos=0 tokens=8576 layer 22 encode=576.744 ms execute=18.882 ms
ds4: Flash-MoE prefill layer=23 tokens=8576 unique=237 refs=51456 sync=119.875 ms plan=0.371 ms stage/compute=269.279 ms misses=237
ds4: Flash-MoE hybrid prefill layer=23 ane_groups=24 ane_refs=21174 gpu_i8_groups=0 gpu_i8_refs=0 fp32_groups=0 ane_min_refs=512 concurrent=1 ane_pipeline=1 output_queue=4 async_ane=24 gpu_overlap=213 finishes=24 waits=48
ds4: Flash-MoE overlap plan layer=23 exec_groups=237 planned_ane_groups=24 planned_ane_refs=21174 planned_gpu_groups=213 planned_gpu_refs=30282 tail_gpu_groups=0 tail_gpu_refs=0 planned_ssd_groups=237 est_gpu=43914.0 est_ane=4090.8 est_idle=90.68% wall=267.967 ms actual_ane_groups=24 actual_ane_refs=21174 actual_gpu_groups=0 actual_gpu_refs=0 finishes=24 waits=48 overlap_gpu_groups=213
ds4: gpu chunked prefill pos=0 tokens=8576 layer 23 encode=408.789 ms execute=19.056 ms
ds4: Flash-MoE prefill layer=24 tokens=8576 unique=223 refs=51456 sync=297.168 ms plan=0.364 ms stage/compute=279.152 ms misses=223
ds4: Flash-MoE hybrid prefill layer=24 ane_groups=25 ane_refs=27754 gpu_i8_groups=0 gpu_i8_refs=0 fp32_groups=0 ane_min_refs=512 concurrent=1 ane_pipeline=1 output_queue=4 async_ane=25 gpu_overlap=198 finishes=25 waits=50
ds4: Flash-MoE overlap plan layer=24 exec_groups=223 planned_ane_groups=25 planned_ane_refs=27754 planned_gpu_groups=198 planned_gpu_refs=23702 tail_gpu_groups=0 tail_gpu_refs=0 planned_ssd_groups=223 est_gpu=36374.0 est_ane=4320.6 est_idle=88.12% wall=277.689 ms actual_ane_groups=25 actual_ane_refs=27754 actual_gpu_groups=0 actual_gpu_refs=0 finishes=25 waits=50 overlap_gpu_groups=198
ds4: gpu chunked prefill pos=0 tokens=8576 layer 24 encode=578.497 ms execute=18.454 ms
ds4: Flash-MoE prefill layer=25 tokens=8576 unique=233 refs=51456 sync=119.453 ms plan=0.347 ms stage/compute=267.856 ms misses=233
ds4: Flash-MoE hybrid prefill layer=25 ane_groups=24 ane_refs=23062 gpu_i8_groups=0 gpu_i8_refs=0 fp32_groups=0 ane_min_refs=512 concurrent=1 ane_pipeline=1 output_queue=4 async_ane=24 gpu_overlap=209 finishes=24 waits=48
ds4: Flash-MoE overlap plan layer=25 exec_groups=233 planned_ane_groups=24 planned_ane_refs=23062 planned_gpu_groups=209 planned_gpu_refs=28394 tail_gpu_groups=0 tail_gpu_refs=0 planned_ssd_groups=233 est_gpu=41770.0 est_ane=4103.8 est_idle=90.18% wall=266.451 ms actual_ane_groups=24 actual_ane_refs=23062 actual_gpu_groups=0 actual_gpu_refs=0 finishes=24 waits=48 overlap_gpu_groups=209
ds4: gpu chunked prefill pos=0 tokens=8576 layer 25 encode=405.745 ms execute=18.434 ms
ds4: Flash-MoE prefill layer=26 tokens=8576 unique=227 refs=51456 sync=297.443 ms plan=0.387 ms stage/compute=287.165 ms misses=227
ds4: Flash-MoE hybrid prefill layer=26 ane_groups=22 ane_refs=31153 gpu_i8_groups=0 gpu_i8_refs=0 fp32_groups=0 ane_min_refs=512 concurrent=1 ane_pipeline=1 output_queue=4 async_ane=22 gpu_overlap=205 finishes=22 waits=44
ds4: Flash-MoE overlap plan layer=26 exec_groups=227 planned_ane_groups=22 planned_ane_refs=31153 planned_gpu_groups=205 planned_gpu_refs=20303 tail_gpu_groups=0 tail_gpu_refs=0 planned_ssd_groups=227 est_gpu=33423.0 est_ane=3869.1 est_idle=88.42% wall=285.834 ms actual_ane_groups=22 actual_ane_refs=31153 actual_gpu_groups=0 actual_gpu_refs=0 finishes=22 waits=44 overlap_gpu_groups=205
ds4: gpu chunked prefill pos=0 tokens=8576 layer 26 encode=586.757 ms execute=18.406 ms
ds4: Flash-MoE prefill layer=27 tokens=8576 unique=228 refs=51456 sync=119.370 ms plan=0.331 ms stage/compute=270.204 ms misses=228
ds4: Flash-MoE hybrid prefill layer=27 ane_groups=27 ane_refs=26633 gpu_i8_groups=0 gpu_i8_refs=0 fp32_groups=0 ane_min_refs=512 concurrent=1 ane_pipeline=1 output_queue=4 async_ane=27 gpu_overlap=201 finishes=27 waits=54
ds4: Flash-MoE overlap plan layer=27 exec_groups=228 planned_ane_groups=27 planned_ane_refs=26633 planned_gpu_groups=201 planned_gpu_refs=24823 tail_gpu_groups=0 tail_gpu_refs=0 planned_ssd_groups=228 est_gpu=37687.0 est_ane=4630.3 est_idle=87.71% wall=268.845 ms actual_ane_groups=27 actual_ane_refs=26633 actual_gpu_groups=0 actual_gpu_refs=0 finishes=27 waits=54 overlap_gpu_groups=201
ds4: gpu chunked prefill pos=0 tokens=8576 layer 27 encode=408.678 ms execute=18.926 ms
ds4: Flash-MoE prefill layer=28 tokens=8576 unique=221 refs=51456 sync=296.121 ms plan=0.371 ms stage/compute=262.292 ms misses=221
ds4: Flash-MoE hybrid prefill layer=28 ane_groups=25 ane_refs=25029 gpu_i8_groups=0 gpu_i8_refs=0 fp32_groups=0 ane_min_refs=512 concurrent=1 ane_pipeline=1 output_queue=4 async_ane=25 gpu_overlap=196 finishes=25 waits=50
ds4: Flash-MoE overlap plan layer=28 exec_groups=221 planned_ane_groups=25 planned_ane_refs=25029 planned_gpu_groups=196 planned_gpu_refs=26427 tail_gpu_groups=0 tail_gpu_refs=0 planned_ssd_groups=221 est_gpu=38971.0 est_ane=4284.4 est_idle=89.01% wall=260.985 ms actual_ane_groups=25 actual_ane_refs=25029 actual_gpu_groups=0 actual_gpu_refs=0 finishes=25 waits=50 overlap_gpu_groups=196
ds4: gpu chunked prefill pos=0 tokens=8576 layer 28 encode=560.583 ms execute=18.608 ms
ds4: Flash-MoE prefill layer=29 tokens=8576 unique=224 refs=51456 sync=120.171 ms plan=0.360 ms stage/compute=280.544 ms misses=224
ds4: Flash-MoE hybrid prefill layer=29 ane_groups=21 ane_refs=27313 gpu_i8_groups=0 gpu_i8_refs=0 fp32_groups=0 ane_min_refs=512 concurrent=1 ane_pipeline=1 output_queue=4 async_ane=21 gpu_overlap=203 finishes=21 waits=42
ds4: Flash-MoE overlap plan layer=29 exec_groups=224 planned_ane_groups=21 planned_ane_refs=27313 planned_gpu_groups=203 planned_gpu_refs=24143 tail_gpu_groups=0 tail_gpu_refs=0 planned_ssd_groups=224 est_gpu=37135.0 est_ane=3665.1 est_idle=90.13% wall=279.231 ms actual_ane_groups=21 actual_ane_refs=27313 actual_gpu_groups=0 actual_gpu_refs=0 finishes=21 waits=42 overlap_gpu_groups=203
ds4: gpu chunked prefill pos=0 tokens=8576 layer 29 encode=419.956 ms execute=18.441 ms
ds4: Flash-MoE prefill layer=30 tokens=8576 unique=232 refs=51456 sync=297.965 ms plan=0.393 ms stage/compute=268.931 ms misses=232
ds4: Flash-MoE hybrid prefill layer=30 ane_groups=24 ane_refs=25598 gpu_i8_groups=0 gpu_i8_refs=0 fp32_groups=0 ane_min_refs=512 concurrent=1 ane_pipeline=1 output_queue=4 async_ane=24 gpu_overlap=208 finishes=24 waits=48
ds4: Flash-MoE overlap plan layer=30 exec_groups=232 planned_ane_groups=24 planned_ane_refs=25598 planned_gpu_groups=208 planned_gpu_refs=25858 tail_gpu_groups=0 tail_gpu_refs=0 planned_ssd_groups=232 est_gpu=39170.0 est_ane=4129.6 est_idle=89.46% wall=267.698 ms actual_ane_groups=24 actual_ane_refs=25598 actual_gpu_groups=0 actual_gpu_refs=0 finishes=24 waits=48 overlap_gpu_groups=208
ds4: gpu chunked prefill pos=0 tokens=8576 layer 30 encode=569.087 ms execute=18.809 ms
ds4: Flash-MoE prefill layer=31 tokens=8576 unique=241 refs=51456 sync=119.279 ms plan=0.343 ms stage/compute=273.819 ms misses=241
ds4: Flash-MoE hybrid prefill layer=31 ane_groups=27 ane_refs=26486 gpu_i8_groups=0 gpu_i8_refs=0 fp32_groups=0 ane_min_refs=512 concurrent=1 ane_pipeline=1 output_queue=4 async_ane=27 gpu_overlap=214 finishes=27 waits=54
ds4: Flash-MoE overlap plan layer=31 exec_groups=241 planned_ane_groups=27 planned_ane_refs=26486 planned_gpu_groups=214 planned_gpu_refs=24970 tail_gpu_groups=0 tail_gpu_refs=0 planned_ssd_groups=241 est_gpu=38666.0 est_ane=4627.7 est_idle=88.03% wall=272.527 ms actual_ane_groups=27 actual_ane_refs=26486 actual_gpu_groups=0 actual_gpu_refs=0 finishes=27 waits=54 overlap_gpu_groups=214
ds4: gpu chunked prefill pos=0 tokens=8576 layer 31 encode=412.035 ms execute=18.558 ms
ds4: Flash-MoE prefill layer=32 tokens=8576 unique=223 refs=51456 sync=295.811 ms plan=0.359 ms stage/compute=278.040 ms misses=223
ds4: Flash-MoE hybrid prefill layer=32 ane_groups=20 ane_refs=26968 gpu_i8_groups=0 gpu_i8_refs=0 fp32_groups=0 ane_min_refs=512 concurrent=1 ane_pipeline=1 output_queue=4 async_ane=20 gpu_overlap=203 finishes=20 waits=40
ds4: Flash-MoE overlap plan layer=32 exec_groups=223 planned_ane_groups=20 planned_ane_refs=26968 planned_gpu_groups=203 planned_gpu_refs=24488 tail_gpu_groups=0 tail_gpu_refs=0 planned_ssd_groups=223 est_gpu=37480.0 est_ane=3502.5 est_idle=90.65% wall=276.779 ms actual_ane_groups=20 actual_ane_refs=26968 actual_gpu_groups=0 actual_gpu_refs=0 finishes=20 waits=40 overlap_gpu_groups=203
ds4: gpu chunked prefill pos=0 tokens=8576 layer 32 encode=575.967 ms execute=18.542 ms
ds4: Flash-MoE prefill layer=33 tokens=8576 unique=226 refs=51456 sync=119.207 ms plan=0.353 ms stage/compute=278.436 ms misses=226
ds4: Flash-MoE hybrid prefill layer=33 ane_groups=26 ane_refs=31520 gpu_i8_groups=0 gpu_i8_refs=0 fp32_groups=0 ane_min_refs=512 concurrent=1 ane_pipeline=1 output_queue=4 async_ane=26 gpu_overlap=200 finishes=26 waits=52
ds4: Flash-MoE overlap plan layer=33 exec_groups=226 planned_ane_groups=26 planned_ane_refs=31520 planned_gpu_groups=200 planned_gpu_refs=19936 tail_gpu_groups=0 tail_gpu_refs=0 planned_ssd_groups=226 est_gpu=32736.0 est_ane=4516.8 est_idle=86.20% wall=277.136 ms actual_ane_groups=26 actual_ane_refs=31520 actual_gpu_groups=0 actual_gpu_refs=0 finishes=26 waits=52 overlap_gpu_groups=200
ds4: gpu chunked prefill pos=0 tokens=8576 layer 33 encode=415.913 ms execute=19.019 ms
ds4: Flash-MoE prefill layer=34 tokens=8576 unique=224 refs=51456 sync=296.094 ms plan=0.398 ms stage/compute=296.044 ms misses=224
ds4: Flash-MoE hybrid prefill layer=34 ane_groups=21 ane_refs=30683 gpu_i8_groups=0 gpu_i8_refs=0 fp32_groups=0 ane_min_refs=512 concurrent=1 ane_pipeline=1 output_queue=4 async_ane=21 gpu_overlap=203 finishes=21 waits=42
ds4: Flash-MoE overlap plan layer=34 exec_groups=224 planned_ane_groups=21 planned_ane_refs=30683 planned_gpu_groups=203 planned_gpu_refs=20773 tail_gpu_groups=0 tail_gpu_refs=0 planned_ssd_groups=224 est_gpu=33765.0 est_ane=3701.3 est_idle=89.04% wall=294.767 ms actual_ane_groups=21 actual_ane_refs=30683 actual_gpu_groups=0 actual_gpu_refs=0 finishes=21 waits=42 overlap_gpu_groups=203
ds4: gpu chunked prefill pos=0 tokens=8576 layer 34 encode=594.268 ms execute=18.402 ms
ds4: Flash-MoE prefill layer=35 tokens=8576 unique=237 refs=51456 sync=119.684 ms plan=0.346 ms stage/compute=281.733 ms misses=237
ds4: Flash-MoE hybrid prefill layer=35 ane_groups=24 ane_refs=26663 gpu_i8_groups=0 gpu_i8_refs=0 fp32_groups=0 ane_min_refs=512 concurrent=1 ane_pipeline=1 output_queue=4 async_ane=24 gpu_overlap=213 finishes=24 waits=48
ds4: Flash-MoE overlap plan layer=35 exec_groups=237 planned_ane_groups=24 planned_ane_refs=26663 planned_gpu_groups=213 planned_gpu_refs=24793 tail_gpu_groups=0 tail_gpu_refs=0 planned_ssd_groups=237 est_gpu=38425.0 est_ane=4145.1 est_idle=89.21% wall=280.422 ms actual_ane_groups=24 actual_ane_refs=26663 actual_gpu_groups=0 actual_gpu_refs=0 finishes=24 waits=48 overlap_gpu_groups=213
ds4: gpu chunked prefill pos=0 tokens=8576 layer 35 encode=420.708 ms execute=18.558 ms
ds4: Flash-MoE prefill layer=36 tokens=8576 unique=227 refs=51456 sync=297.162 ms plan=0.353 ms stage/compute=277.311 ms misses=227
ds4: Flash-MoE hybrid prefill layer=36 ane_groups=21 ane_refs=31799 gpu_i8_groups=0 gpu_i8_refs=0 fp32_groups=0 ane_min_refs=512 concurrent=1 ane_pipeline=1 output_queue=4 async_ane=21 gpu_overlap=206 finishes=21 waits=42
ds4: Flash-MoE overlap plan layer=36 exec_groups=227 planned_ane_groups=21 planned_ane_refs=31799 planned_gpu_groups=206 planned_gpu_refs=19657 tail_gpu_groups=0 tail_gpu_refs=0 planned_ssd_groups=227 est_gpu=32841.0 est_ane=3709.1 est_idle=88.71% wall=275.994 ms actual_ane_groups=21 actual_ane_refs=31799 actual_gpu_groups=0 actual_gpu_refs=0 finishes=21 waits=42 overlap_gpu_groups=206
ds4: gpu chunked prefill pos=0 tokens=8576 layer 36 encode=576.679 ms execute=18.438 ms
ds4: Flash-MoE prefill layer=37 tokens=8576 unique=231 refs=51456 sync=118.304 ms plan=0.409 ms stage/compute=295.409 ms misses=231
ds4: Flash-MoE hybrid prefill layer=37 ane_groups=23 ane_refs=29552 gpu_i8_groups=0 gpu_i8_refs=0 fp32_groups=0 ane_min_refs=512 concurrent=1 ane_pipeline=1 output_queue=4 async_ane=23 gpu_overlap=208 finishes=23 waits=46
ds4: Flash-MoE overlap plan layer=37 exec_groups=231 planned_ane_groups=23 planned_ane_refs=29552 planned_gpu_groups=208 planned_gpu_refs=21904 tail_gpu_groups=0 tail_gpu_refs=0 planned_ssd_groups=231 est_gpu=35216.0 est_ane=4013.6 est_idle=88.60% wall=293.908 ms actual_ane_groups=23 actual_ane_refs=29552 actual_gpu_groups=0 actual_gpu_refs=0 finishes=23 waits=46 overlap_gpu_groups=208
ds4: gpu chunked prefill pos=0 tokens=8576 layer 37 encode=432.139 ms execute=18.442 ms
ds4: Flash-MoE prefill layer=38 tokens=8576 unique=231 refs=51456 sync=295.313 ms plan=0.403 ms stage/compute=275.470 ms misses=231
ds4: Flash-MoE hybrid prefill layer=38 ane_groups=26 ane_refs=29399 gpu_i8_groups=0 gpu_i8_refs=0 fp32_groups=0 ane_min_refs=512 concurrent=1 ane_pipeline=1 output_queue=4 async_ane=26 gpu_overlap=205 finishes=26 waits=52
ds4: Flash-MoE overlap plan layer=38 exec_groups=231 planned_ane_groups=26 planned_ane_refs=29399 planned_gpu_groups=205 planned_gpu_refs=22057 tail_gpu_groups=0 tail_gpu_refs=0 planned_ssd_groups=231 est_gpu=35177.0 est_ane=4501.3 est_idle=87.20% wall=274.143 ms actual_ane_groups=26 actual_ane_refs=29399 actual_gpu_groups=0 actual_gpu_refs=0 finishes=26 waits=52 overlap_gpu_groups=205
ds4: gpu chunked prefill pos=0 tokens=8576 layer 38 encode=572.976 ms execute=18.434 ms
ds4: Flash-MoE prefill layer=39 tokens=8576 unique=244 refs=51456 sync=118.753 ms plan=0.340 ms stage/compute=282.066 ms misses=244
ds4: Flash-MoE hybrid prefill layer=39 ane_groups=23 ane_refs=24887 gpu_i8_groups=0 gpu_i8_refs=0 fp32_groups=0 ane_min_refs=512 concurrent=1 ane_pipeline=1 output_queue=4 async_ane=23 gpu_overlap=221 finishes=23 waits=46
ds4: Flash-MoE overlap plan layer=39 exec_groups=244 planned_ane_groups=23 planned_ane_refs=24887 planned_gpu_groups=221 planned_gpu_refs=26569 tail_gpu_groups=0 tail_gpu_refs=0 planned_ssd_groups=244 est_gpu=40713.0 est_ane=3964.4 est_idle=90.26% wall=280.736 ms actual_ane_groups=23 actual_ane_refs=24887 actual_gpu_groups=0 actual_gpu_refs=0 finishes=23 waits=46 overlap_gpu_groups=221
ds4: gpu chunked prefill pos=0 tokens=8576 layer 39 encode=419.795 ms execute=18.469 ms
ds4: Flash-MoE prefill layer=40 tokens=8576 unique=225 refs=51456 sync=298.849 ms plan=0.397 ms stage/compute=307.032 ms misses=225
ds4: Flash-MoE hybrid prefill layer=40 ane_groups=20 ane_refs=29887 gpu_i8_groups=0 gpu_i8_refs=0 fp32_groups=0 ane_min_refs=512 concurrent=1 ane_pipeline=1 output_queue=4 async_ane=20 gpu_overlap=205 finishes=20 waits=40
ds4: Flash-MoE overlap plan layer=40 exec_groups=225 planned_ane_groups=20 planned_ane_refs=29887 planned_gpu_groups=205 planned_gpu_refs=21569 tail_gpu_groups=0 tail_gpu_refs=0 planned_ssd_groups=225 est_gpu=34689.0 est_ane=3531.0 est_idle=89.82% wall=305.641 ms actual_ane_groups=20 actual_ane_refs=29887 actual_gpu_groups=0 actual_gpu_refs=0 finishes=20 waits=40 overlap_gpu_groups=205
ds4: gpu chunked prefill pos=0 tokens=8576 layer 40 encode=608.140 ms execute=18.360 ms
ds4: Flash-MoE prefill layer=41 tokens=8576 unique=228 refs=51456 sync=119.255 ms plan=0.328 ms stage/compute=279.714 ms misses=228
ds4: Flash-MoE hybrid prefill layer=41 ane_groups=25 ane_refs=23539 gpu_i8_groups=0 gpu_i8_refs=0 fp32_groups=0 ane_min_refs=512 concurrent=1 ane_pipeline=1 output_queue=4 async_ane=25 gpu_overlap=203 finishes=25 waits=50
ds4: Flash-MoE overlap plan layer=41 exec_groups=228 planned_ane_groups=25 planned_ane_refs=23539 planned_gpu_groups=203 planned_gpu_refs=27917 tail_gpu_groups=0 tail_gpu_refs=0 planned_ssd_groups=228 est_gpu=40909.0 est_ane=4276.7 est_idle=89.55% wall=278.398 ms actual_ane_groups=25 actual_ane_refs=23539 actual_gpu_groups=0 actual_gpu_refs=0 finishes=25 waits=50 overlap_gpu_groups=203
ds4: gpu chunked prefill pos=0 tokens=8576 layer 41 encode=418.006 ms execute=18.405 ms
ds4: Flash-MoE prefill layer=42 tokens=8576 unique=227 refs=51456 sync=297.615 ms plan=0.387 ms stage/compute=281.079 ms misses=227
ds4: Flash-MoE hybrid prefill layer=42 ane_groups=23 ane_refs=23457 gpu_i8_groups=0 gpu_i8_refs=0 fp32_groups=0 ane_min_refs=512 concurrent=1 ane_pipeline=1 output_queue=4 async_ane=23 gpu_overlap=204 finishes=23 waits=46
ds4: Flash-MoE overlap plan layer=42 exec_groups=227 planned_ane_groups=23 planned_ane_refs=23457 planned_gpu_groups=204 planned_gpu_refs=27999 tail_gpu_groups=0 tail_gpu_refs=0 planned_ssd_groups=227 est_gpu=41055.0 est_ane=3951.5 est_idle=90.38% wall=279.757 ms actual_ane_groups=23 actual_ane_refs=23457 actual_gpu_groups=0 actual_gpu_refs=0 finishes=23 waits=46 overlap_gpu_groups=204
ds4: gpu chunked prefill pos=0 tokens=8576 layer 42 encode=580.838 ms execute=18.454 ms
processing 10525 input tokens: 8576/10525 (81.5%) batch=380.99 t/s avg=375.41 t/s
ds4: Flash-MoE prefill layer=0 tokens=1949 unique=256 refs=11694 sync=24.481 ms plan=0.318 ms stage/compute=174.961 ms misses=256
ds4: Flash-MoE hybrid prefill layer=0 ane_groups=0 ane_refs=0 gpu_i8_groups=0 gpu_i8_refs=0 fp32_groups=0 ane_min_refs=512 concurrent=1 ane_pipeline=1 output_queue=4 async_ane=0 gpu_overlap=0 finishes=0 waits=0
ds4: Flash-MoE overlap plan layer=0 exec_groups=256 planned_ane_groups=0 planned_ane_refs=0 planned_gpu_groups=256 planned_gpu_refs=11694 tail_gpu_groups=0 tail_gpu_refs=0 planned_ssd_groups=256 est_gpu=28078.0 est_ane=0.0 est_idle=100.00% wall=174.431 ms actual_ane_groups=0 actual_ane_refs=0 actual_gpu_groups=0 actual_gpu_refs=0 finishes=0 waits=0 overlap_gpu_groups=0
ds4: gpu chunked prefill pos=8576 tokens=1949 layer 0 encode=200.844 ms execute=4.791 ms
ds4: Flash-MoE prefill layer=1 tokens=1949 unique=256 refs=11694 sync=24.310 ms plan=0.322 ms stage/compute=173.998 ms misses=256
ds4: Flash-MoE hybrid prefill layer=1 ane_groups=0 ane_refs=0 gpu_i8_groups=0 gpu_i8_refs=0 fp32_groups=0 ane_min_refs=512 concurrent=1 ane_pipeline=1 output_queue=4 async_ane=0 gpu_overlap=0 finishes=0 waits=0
ds4: Flash-MoE overlap plan layer=1 exec_groups=256 planned_ane_groups=0 planned_ane_refs=0 planned_gpu_groups=256 planned_gpu_refs=11694 tail_gpu_groups=0 tail_gpu_refs=0 planned_ssd_groups=256 est_gpu=28078.0 est_ane=0.0 est_idle=100.00% wall=173.487 ms actual_ane_groups=0 actual_ane_refs=0 actual_gpu_groups=0 actual_gpu_refs=0 finishes=0 waits=0 overlap_gpu_groups=0
ds4: gpu chunked prefill pos=8576 tokens=1949 layer 1 encode=200.063 ms execute=4.896 ms
ds4: Flash-MoE prefill layer=2 tokens=1949 unique=256 refs=11694 sync=107.296 ms plan=0.308 ms stage/compute=174.388 ms misses=256
ds4: Flash-MoE hybrid prefill layer=2 ane_groups=0 ane_refs=0 gpu_i8_groups=0 gpu_i8_refs=0 fp32_groups=0 ane_min_refs=512 concurrent=1 ane_pipeline=1 output_queue=4 async_ane=0 gpu_overlap=0 finishes=0 waits=0
ds4: Flash-MoE overlap plan layer=2 exec_groups=256 planned_ane_groups=0 planned_ane_refs=0 planned_gpu_groups=256 planned_gpu_refs=11694 tail_gpu_groups=0 tail_gpu_refs=0 planned_ssd_groups=256 est_gpu=28078.0 est_ane=0.0 est_idle=100.00% wall=173.858 ms actual_ane_groups=0 actual_ane_refs=0 actual_gpu_groups=0 actual_gpu_refs=0 finishes=0 waits=0 overlap_gpu_groups=0
ds4: gpu chunked prefill pos=8576 tokens=1949 layer 2 encode=290.458 ms execute=4.877 ms
ds4: Flash-MoE prefill layer=3 tokens=1949 unique=240 refs=11694 sync=31.670 ms plan=0.295 ms stage/compute=150.105 ms misses=240
ds4: Flash-MoE hybrid prefill layer=3 ane_groups=1 ane_refs=861 gpu_i8_groups=0 gpu_i8_refs=0 fp32_groups=0 ane_min_refs=512 concurrent=1 ane_pipeline=1 output_queue=4 async_ane=1 gpu_overlap=239 finishes=1 waits=2
ds4: Flash-MoE overlap plan layer=3 exec_groups=240 planned_ane_groups=1 planned_ane_refs=861 planned_gpu_groups=239 planned_gpu_refs=10833 tail_gpu_groups=0 tail_gpu_refs=0 planned_ssd_groups=240 est_gpu=26129.0 est_ane=170.3 est_idle=99.35% wall=149.594 ms actual_ane_groups=1 actual_ane_refs=861 actual_gpu_groups=0 actual_gpu_refs=0 finishes=1 waits=2 overlap_gpu_groups=239
ds4: Flash-MoE async pread canceled queued=0 reading=0 ready=4 finished=0
ds4: gpu chunked prefill pos=8576 tokens=1949 layer 3 encode=185.351 ms execute=4.842 ms
ds4: Flash-MoE prefill layer=4 tokens=1949 unique=222 refs=11694 sync=106.496 ms plan=0.324 ms stage/compute=146.382 ms misses=222
ds4: Flash-MoE hybrid prefill layer=4 ane_groups=1 ane_refs=584 gpu_i8_groups=0 gpu_i8_refs=0 fp32_groups=0 ane_min_refs=512 concurrent=1 ane_pipeline=1 output_queue=4 async_ane=1 gpu_overlap=221 finishes=1 waits=2
ds4: Flash-MoE overlap plan layer=4 exec_groups=222 planned_ane_groups=1 planned_ane_refs=584 planned_gpu_groups=221 planned_gpu_refs=11110 tail_gpu_groups=0 tail_gpu_refs=0 planned_ssd_groups=222 est_gpu=25254.0 est_ane=167.8 est_idle=99.34% wall=145.909 ms actual_ane_groups=1 actual_ane_refs=584 actual_gpu_groups=0 actual_gpu_refs=0 finishes=1 waits=2 overlap_gpu_groups=221
ds4: Flash-MoE async pread canceled queued=0 reading=0 ready=12 finished=0
ds4: gpu chunked prefill pos=8576 tokens=1949 layer 4 encode=260.135 ms execute=4.904 ms
ds4: Flash-MoE prefill layer=5 tokens=1949 unique=243 refs=11694 sync=31.175 ms plan=0.307 ms stage/compute=153.644 ms misses=243
ds4: Flash-MoE hybrid prefill layer=5 ane_groups=1 ane_refs=834 gpu_i8_groups=0 gpu_i8_refs=0 fp32_groups=0 ane_min_refs=512 concurrent=1 ane_pipeline=1 output_queue=4 async_ane=1 gpu_overlap=242 finishes=1 waits=2
ds4: Flash-MoE overlap plan layer=5 exec_groups=243 planned_ane_groups=1 planned_ane_refs=834 planned_gpu_groups=242 planned_gpu_refs=10860 tail_gpu_groups=0 tail_gpu_refs=0 planned_ssd_groups=243 est_gpu=26348.0 est_ane=170.3 est_idle=99.35% wall=153.157 ms actual_ane_groups=1 actual_ane_refs=834 actual_gpu_groups=0 actual_gpu_refs=0 finishes=1 waits=2 overlap_gpu_groups=242
ds4: Flash-MoE async pread canceled queued=0 reading=0 ready=14 finished=0
ds4: gpu chunked prefill pos=8576 tokens=1949 layer 5 encode=188.414 ms execute=4.859 ms
ds4: Flash-MoE prefill layer=6 tokens=1949 unique=229 refs=11694 sync=107.662 ms plan=0.318 ms stage/compute=148.414 ms misses=229
ds4: Flash-MoE hybrid prefill layer=6 ane_groups=0 ane_refs=0 gpu_i8_groups=0 gpu_i8_refs=0 fp32_groups=0 ane_min_refs=512 concurrent=1 ane_pipeline=1 output_queue=4 async_ane=0 gpu_overlap=0 finishes=0 waits=0
ds4: Flash-MoE overlap plan layer=6 exec_groups=229 planned_ane_groups=0 planned_ane_refs=0 planned_gpu_groups=229 planned_gpu_refs=11694 tail_gpu_groups=0 tail_gpu_refs=0 planned_ssd_groups=229 est_gpu=26350.0 est_ane=0.0 est_idle=100.00% wall=147.910 ms actual_ane_groups=0 actual_ane_refs=0 actual_gpu_groups=0 actual_gpu_refs=0 finishes=0 waits=0 overlap_gpu_groups=0
ds4: Flash-MoE async pread canceled queued=0 reading=0 ready=19 finished=0
ds4: gpu chunked prefill pos=8576 tokens=1949 layer 6 encode=263.119 ms execute=4.678 ms
ds4: Flash-MoE prefill layer=7 tokens=1949 unique=230 refs=11694 sync=31.648 ms plan=0.324 ms stage/compute=144.243 ms misses=230
ds4: Flash-MoE hybrid prefill layer=7 ane_groups=1 ane_refs=571 gpu_i8_groups=0 gpu_i8_refs=0 fp32_groups=0 ane_min_refs=512 concurrent=1 ane_pipeline=1 output_queue=4 async_ane=1 gpu_overlap=229 finishes=1 waits=2
ds4: Flash-MoE overlap plan layer=7 exec_groups=230 planned_ane_groups=1 planned_ane_refs=571 planned_gpu_groups=229 planned_gpu_refs=11123 tail_gpu_groups=0 tail_gpu_refs=0 planned_ssd_groups=230 est_gpu=25779.0 est_ane=167.8 est_idle=99.35% wall=143.722 ms actual_ane_groups=1 actual_ane_refs=571 actual_gpu_groups=0 actual_gpu_refs=0 finishes=1 waits=2 overlap_gpu_groups=229
ds4: Flash-MoE async pread canceled queued=0 reading=0 ready=22 finished=0
ds4: gpu chunked prefill pos=8576 tokens=1949 layer 7 encode=179.436 ms execute=4.649 ms
ds4: Flash-MoE prefill layer=8 tokens=1949 unique=223 refs=11694 sync=106.679 ms plan=0.327 ms stage/compute=138.399 ms misses=223
ds4: Flash-MoE hybrid prefill layer=8 ane_groups=3 ane_refs=2101 gpu_i8_groups=0 gpu_i8_refs=0 fp32_groups=0 ane_min_refs=512 concurrent=1 ane_pipeline=1 output_queue=4 async_ane=3 gpu_overlap=220 finishes=3 waits=6
ds4: Flash-MoE overlap plan layer=8 exec_groups=223 planned_ane_groups=3 planned_ane_refs=2101 planned_gpu_groups=220 planned_gpu_refs=9593 tail_gpu_groups=0 tail_gpu_refs=0 planned_ssd_groups=223 est_gpu=23673.0 est_ane=505.9 est_idle=97.86% wall=137.863 ms actual_ane_groups=3 actual_ane_refs=2101 actual_gpu_groups=0 actual_gpu_refs=0 finishes=3 waits=6 overlap_gpu_groups=220
ds4: Flash-MoE async pread canceled queued=0 reading=0 ready=26 finished=0
ds4: gpu chunked prefill pos=8576 tokens=1949 layer 8 encode=251.979 ms execute=5.389 ms
ds4: Flash-MoE prefill layer=9 tokens=1949 unique=232 refs=11694 sync=31.559 ms plan=0.335 ms stage/compute=147.891 ms misses=232
ds4: Flash-MoE hybrid prefill layer=9 ane_groups=1 ane_refs=560 gpu_i8_groups=0 gpu_i8_refs=0 fp32_groups=0 ane_min_refs=512 concurrent=1 ane_pipeline=1 output_queue=4 async_ane=1 gpu_overlap=231 finishes=1 waits=2
ds4: Flash-MoE overlap plan layer=9 exec_groups=232 planned_ane_groups=1 planned_ane_refs=560 planned_gpu_groups=231 planned_gpu_refs=11134 tail_gpu_groups=0 tail_gpu_refs=0 planned_ssd_groups=232 est_gpu=25918.0 est_ane=167.8 est_idle=99.35% wall=147.410 ms actual_ane_groups=1 actual_ane_refs=560 actual_gpu_groups=0 actual_gpu_refs=0 finishes=1 waits=2 overlap_gpu_groups=231
ds4: Flash-MoE async pread canceled queued=0 reading=0 ready=31 finished=0
ds4: gpu chunked prefill pos=8576 tokens=1949 layer 9 encode=182.756 ms execute=4.774 ms
ds4: Flash-MoE prefill layer=10 tokens=1949 unique=226 refs=11694 sync=107.993 ms plan=0.361 ms stage/compute=145.046 ms misses=226
ds4: Flash-MoE hybrid prefill layer=10 ane_groups=0 ane_refs=0 gpu_i8_groups=0 gpu_i8_refs=0 fp32_groups=0 ane_min_refs=512 concurrent=1 ane_pipeline=1 output_queue=4 async_ane=0 gpu_overlap=0 finishes=0 waits=0
ds4: Flash-MoE overlap plan layer=10 exec_groups=226 planned_ane_groups=0 planned_ane_refs=0 planned_gpu_groups=226 planned_gpu_refs=11694 tail_gpu_groups=0 tail_gpu_refs=0 planned_ssd_groups=226 est_gpu=26158.0 est_ane=0.0 est_idle=100.00% wall=144.575 ms actual_ane_groups=0 actual_ane_refs=0 actual_gpu_groups=0 actual_gpu_refs=0 finishes=0 waits=0 overlap_gpu_groups=0
ds4: Flash-MoE async pread canceled queued=0 reading=0 ready=38 finished=0
ds4: gpu chunked prefill pos=8576 tokens=1949 layer 10 encode=260.371 ms execute=4.803 ms
ds4: Flash-MoE prefill layer=11 tokens=1949 unique=233 refs=11694 sync=31.255 ms plan=0.302 ms stage/compute=147.478 ms misses=233
ds4: Flash-MoE hybrid prefill layer=11 ane_groups=0 ane_refs=0 gpu_i8_groups=0 gpu_i8_refs=0 fp32_groups=0 ane_min_refs=512 concurrent=1 ane_pipeline=1 output_queue=4 async_ane=0 gpu_overlap=0 finishes=0 waits=0
ds4: Flash-MoE overlap plan layer=11 exec_groups=233 planned_ane_groups=0 planned_ane_refs=0 planned_gpu_groups=233 planned_gpu_refs=11694 tail_gpu_groups=0 tail_gpu_refs=0 planned_ssd_groups=233 est_gpu=26606.0 est_ane=0.0 est_idle=100.00% wall=147.009 ms actual_ane_groups=0 actual_ane_refs=0 actual_gpu_groups=0 actual_gpu_refs=0 finishes=0 waits=0 overlap_gpu_groups=0
ds4: Flash-MoE async pread canceled queued=0 reading=0 ready=44 finished=0
ds4: gpu chunked prefill pos=8576 tokens=1949 layer 11 encode=181.983 ms execute=4.797 ms
ds4: Flash-MoE prefill layer=12 tokens=1949 unique=211 refs=11694 sync=107.083 ms plan=0.363 ms stage/compute=142.456 ms misses=211
ds4: Flash-MoE hybrid prefill layer=12 ane_groups=0 ane_refs=0 gpu_i8_groups=0 gpu_i8_refs=0 fp32_groups=0 ane_min_refs=512 concurrent=1 ane_pipeline=1 output_queue=4 async_ane=0 gpu_overlap=0 finishes=0 waits=0
ds4: Flash-MoE overlap plan layer=12 exec_groups=211 planned_ane_groups=0 planned_ane_refs=0 planned_gpu_groups=211 planned_gpu_refs=11694 tail_gpu_groups=0 tail_gpu_refs=0 planned_ssd_groups=211 est_gpu=25198.0 est_ane=0.0 est_idle=100.00% wall=141.923 ms actual_ane_groups=0 actual_ane_refs=0 actual_gpu_groups=0 actual_gpu_refs=0 finishes=0 waits=0 overlap_gpu_groups=0
ds4: Flash-MoE async pread canceled queued=0 reading=0 ready=50 finished=0
ds4: gpu chunked prefill pos=8576 tokens=1949 layer 12 encode=256.831 ms execute=4.813 ms
ds4: Flash-MoE prefill layer=13 tokens=1949 unique=219 refs=11694 sync=31.203 ms plan=0.312 ms stage/compute=134.338 ms misses=219
ds4: Flash-MoE hybrid prefill layer=13 ane_groups=2 ane_refs=1335 gpu_i8_groups=0 gpu_i8_refs=0 fp32_groups=0 ane_min_refs=512 concurrent=1 ane_pipeline=1 output_queue=4 async_ane=2 gpu_overlap=217 finishes=2 waits=4
ds4: Flash-MoE overlap plan layer=13 exec_groups=219 planned_ane_groups=2 planned_ane_refs=1335 planned_gpu_groups=217 planned_gpu_refs=10359 tail_gpu_groups=0 tail_gpu_refs=0 planned_ssd_groups=219 est_gpu=24247.0 est_ane=338.1 est_idle=98.61% wall=133.847 ms actual_ane_groups=2 actual_ane_refs=1335 actual_gpu_groups=0 actual_gpu_refs=0 finishes=2 waits=4 overlap_gpu_groups=217
ds4: Flash-MoE async pread canceled queued=0 reading=0 ready=56 finished=0
ds4: gpu chunked prefill pos=8576 tokens=1949 layer 13 encode=169.074 ms execute=5.071 ms
ds4: Flash-MoE prefill layer=14 tokens=1949 unique=219 refs=11694 sync=106.074 ms plan=0.369 ms stage/compute=138.267 ms misses=219
ds4: Flash-MoE hybrid prefill layer=14 ane_groups=1 ane_refs=754 gpu_i8_groups=0 gpu_i8_refs=0 fp32_groups=0 ane_min_refs=512 concurrent=1 ane_pipeline=1 output_queue=4 async_ane=1 gpu_overlap=218 finishes=1 waits=2
ds4: Flash-MoE overlap plan layer=14 exec_groups=219 planned_ane_groups=1 planned_ane_refs=754 planned_gpu_groups=218 planned_gpu_refs=10940 tail_gpu_groups=0 tail_gpu_refs=0 planned_ssd_groups=219 est_gpu=24892.0 est_ane=167.8 est_idle=99.33% wall=137.759 ms actual_ane_groups=1 actual_ane_refs=754 actual_gpu_groups=0 actual_gpu_refs=0 finishes=1 waits=2 overlap_gpu_groups=218
ds4: Flash-MoE async pread canceled queued=0 reading=0 ready=63 finished=0
ds4: gpu chunked prefill pos=8576 tokens=1949 layer 14 encode=251.504 ms execute=4.830 ms
ds4: Flash-MoE prefill layer=15 tokens=1949 unique=214 refs=11694 sync=31.222 ms plan=0.293 ms stage/compute=135.983 ms misses=214
ds4: Flash-MoE hybrid prefill layer=15 ane_groups=1 ane_refs=615 gpu_i8_groups=0 gpu_i8_refs=0 fp32_groups=0 ane_min_refs=512 concurrent=1 ane_pipeline=1 output_queue=4 async_ane=1 gpu_overlap=213 finishes=1 waits=2
ds4: Flash-MoE overlap plan layer=15 exec_groups=214 planned_ane_groups=1 planned_ane_refs=615 planned_gpu_groups=213 planned_gpu_refs=11079 tail_gpu_groups=0 tail_gpu_refs=0 planned_ssd_groups=214 est_gpu=24711.0 est_ane=167.8 est_idle=99.32% wall=135.504 ms actual_ane_groups=1 actual_ane_refs=615 actual_gpu_groups=0 actual_gpu_refs=0 finishes=1 waits=2 overlap_gpu_groups=213
ds4: Flash-MoE async pread canceled queued=0 reading=0 ready=73 finished=0
ds4: gpu chunked prefill pos=8576 tokens=1949 layer 15 encode=170.470 ms execute=4.844 ms
ds4: Flash-MoE prefill layer=16 tokens=1949 unique=209 refs=11694 sync=107.273 ms plan=0.432 ms stage/compute=130.758 ms misses=209
ds4: Flash-MoE hybrid prefill layer=16 ane_groups=2 ane_refs=1367 gpu_i8_groups=0 gpu_i8_refs=0 fp32_groups=0 ane_min_refs=512 concurrent=1 ane_pipeline=1 output_queue=4 async_ane=2 gpu_overlap=207 finishes=2 waits=4
ds4: Flash-MoE overlap plan layer=16 exec_groups=209 planned_ane_groups=2 planned_ane_refs=1367 planned_gpu_groups=207 planned_gpu_refs=10327 tail_gpu_groups=0 tail_gpu_refs=0 planned_ssd_groups=209 est_gpu=23575.0 est_ane=335.5 est_idle=98.58% wall=130.281 ms actual_ane_groups=2 actual_ane_refs=1367 actual_gpu_groups=0 actual_gpu_refs=0 finishes=2 waits=4 overlap_gpu_groups=207
ds4: Flash-MoE async pread canceled queued=0 reading=0 ready=84 finished=0
ds4: gpu chunked prefill pos=8576 tokens=1949 layer 16 encode=244.923 ms execute=4.851 ms
ds4: Flash-MoE prefill layer=17 tokens=1949 unique=208 refs=11694 sync=31.663 ms plan=0.315 ms stage/compute=127.569 ms misses=208
ds4: Flash-MoE hybrid prefill layer=17 ane_groups=2 ane_refs=1733 gpu_i8_groups=0 gpu_i8_refs=0 fp32_groups=0 ane_min_refs=512 concurrent=1 ane_pipeline=1 output_queue=4 async_ane=2 gpu_overlap=206 finishes=2 waits=4
ds4: Flash-MoE overlap plan layer=17 exec_groups=208 planned_ane_groups=2 planned_ane_refs=1733 planned_gpu_groups=206 planned_gpu_refs=9961 tail_gpu_groups=0 tail_gpu_refs=0 planned_ssd_groups=208 est_gpu=23145.0 est_ane=340.7 est_idle=98.53% wall=127.082 ms actual_ane_groups=2 actual_ane_refs=1733 actual_gpu_groups=0 actual_gpu_refs=0 finishes=2 waits=4 overlap_gpu_groups=206
ds4: Flash-MoE async pread canceled queued=0 reading=0 ready=97 finished=0
ds4: gpu chunked prefill pos=8576 tokens=1949 layer 17 encode=162.799 ms execute=4.925 ms
ds4: Flash-MoE prefill layer=18 tokens=1949 unique=205 refs=11694 sync=107.088 ms plan=0.363 ms stage/compute=126.592 ms misses=205
ds4: Flash-MoE hybrid prefill layer=18 ane_groups=3 ane_refs=2084 gpu_i8_groups=0 gpu_i8_refs=0 fp32_groups=0 ane_min_refs=512 concurrent=1 ane_pipeline=1 output_queue=4 async_ane=3 gpu_overlap=202 finishes=3 waits=6
ds4: Flash-MoE overlap plan layer=18 exec_groups=205 planned_ane_groups=3 planned_ane_refs=2084 planned_gpu_groups=202 planned_gpu_refs=9610 tail_gpu_groups=0 tail_gpu_refs=0 planned_ssd_groups=205 est_gpu=22538.0 est_ane=505.9 est_idle=97.76% wall=126.061 ms actual_ane_groups=3 actual_ane_refs=2084 actual_gpu_groups=0 actual_gpu_refs=0 finishes=3 waits=6 overlap_gpu_groups=202
ds4: Flash-MoE async pread canceled queued=0 reading=0 ready=110 finished=0
ds4: gpu chunked prefill pos=8576 tokens=1949 layer 18 encode=240.795 ms execute=5.196 ms
ds4: Flash-MoE prefill layer=19 tokens=1949 unique=228 refs=11694 sync=31.157 ms plan=0.303 ms stage/compute=150.315 ms misses=228
ds4: Flash-MoE hybrid prefill layer=19 ane_groups=1 ane_refs=562 gpu_i8_groups=0 gpu_i8_refs=0 fp32_groups=0 ane_min_refs=512 concurrent=1 ane_pipeline=1 output_queue=4 async_ane=1 gpu_overlap=227 finishes=1 waits=2
ds4: Flash-MoE overlap plan layer=19 exec_groups=228 planned_ane_groups=1 planned_ane_refs=562 planned_gpu_groups=227 planned_gpu_refs=11132 tail_gpu_groups=0 tail_gpu_refs=0 planned_ssd_groups=228 est_gpu=25660.0 est_ane=167.8 est_idle=99.35% wall=149.822 ms actual_ane_groups=1 actual_ane_refs=562 actual_gpu_groups=0 actual_gpu_refs=0 finishes=1 waits=2 overlap_gpu_groups=227
ds4: Flash-MoE async pread canceled queued=0 reading=0 ready=113 finished=0
ds4: gpu chunked prefill pos=8576 tokens=1949 layer 19 encode=184.792 ms execute=4.769 ms
ds4: Flash-MoE prefill layer=20 tokens=1949 unique=187 refs=11694 sync=106.331 ms plan=0.289 ms stage/compute=117.825 ms misses=187
ds4: Flash-MoE hybrid prefill layer=20 ane_groups=2 ane_refs=1753 gpu_i8_groups=0 gpu_i8_refs=0 fp32_groups=0 ane_min_refs=512 concurrent=1 ane_pipeline=1 output_queue=4 async_ane=2 gpu_overlap=185 finishes=2 waits=4
ds4: Flash-MoE overlap plan layer=20 exec_groups=187 planned_ane_groups=2 planned_ane_refs=1753 planned_gpu_groups=185 planned_gpu_refs=9941 tail_gpu_groups=0 tail_gpu_refs=0 planned_ssd_groups=187 est_gpu=21781.0 est_ane=340.7 est_idle=98.44% wall=117.249 ms actual_ane_groups=2 actual_ane_refs=1753 actual_gpu_groups=0 actual_gpu_refs=0 finishes=2 waits=4 overlap_gpu_groups=185
ds4: Flash-MoE async pread canceled queued=0 reading=0 ready=129 finished=0
ds4: gpu chunked prefill pos=8576 tokens=1949 layer 20 encode=232.092 ms execute=4.933 ms
ds4: Flash-MoE prefill layer=21 tokens=1949 unique=196 refs=11694 sync=31.138 ms plan=0.328 ms stage/compute=133.969 ms misses=196
ds4: Flash-MoE hybrid prefill layer=21 ane_groups=1 ane_refs=619 gpu_i8_groups=0 gpu_i8_refs=0 fp32_groups=0 ane_min_refs=512 concurrent=1 ane_pipeline=1 output_queue=4 async_ane=1 gpu_overlap=195 finishes=1 waits=2
ds4: Flash-MoE overlap plan layer=21 exec_groups=196 planned_ane_groups=1 planned_ane_refs=619 planned_gpu_groups=195 planned_gpu_refs=11075 tail_gpu_groups=0 tail_gpu_refs=0 planned_ssd_groups=196 est_gpu=23555.0 est_ane=167.8 est_idle=99.29% wall=133.514 ms actual_ane_groups=1 actual_ane_refs=619 actual_gpu_groups=0 actual_gpu_refs=0 finishes=1 waits=2 overlap_gpu_groups=195
ds4: Flash-MoE async pread canceled queued=0 reading=0 ready=139 finished=0
ds4: gpu chunked prefill pos=8576 tokens=1949 layer 21 encode=168.370 ms execute=4.882 ms
ds4: Flash-MoE prefill layer=22 tokens=1949 unique=203 refs=11694 sync=106.347 ms plan=0.341 ms stage/compute=130.397 ms misses=203
ds4: Flash-MoE hybrid prefill layer=22 ane_groups=2 ane_refs=1160 gpu_i8_groups=0 gpu_i8_refs=0 fp32_groups=0 ane_min_refs=512 concurrent=1 ane_pipeline=1 output_queue=4 async_ane=2 gpu_overlap=201 finishes=2 waits=4
ds4: Flash-MoE overlap plan layer=22 exec_groups=203 planned_ane_groups=2 planned_ane_refs=1160 planned_gpu_groups=201 planned_gpu_refs=10534 tail_gpu_groups=0 tail_gpu_refs=0 planned_ssd_groups=203 est_gpu=23398.0 est_ane=335.5 est_idle=98.57% wall=129.930 ms actual_ane_groups=2 actual_ane_refs=1160 actual_gpu_groups=0 actual_gpu_refs=0 finishes=2 waits=4 overlap_gpu_groups=201
ds4: Flash-MoE async pread canceled queued=0 reading=0 ready=145 finished=0
ds4: gpu chunked prefill pos=8576 tokens=1949 layer 22 encode=244.212 ms execute=4.885 ms
ds4: Flash-MoE prefill layer=23 tokens=1949 unique=217 refs=11694 sync=31.650 ms plan=0.352 ms stage/compute=141.112 ms misses=217
ds4: Flash-MoE hybrid prefill layer=23 ane_groups=0 ane_refs=0 gpu_i8_groups=0 gpu_i8_refs=0 fp32_groups=0 ane_min_refs=512 concurrent=1 ane_pipeline=1 output_queue=4 async_ane=0 gpu_overlap=0 finishes=0 waits=0
ds4: Flash-MoE overlap plan layer=23 exec_groups=217 planned_ane_groups=0 planned_ane_refs=0 planned_gpu_groups=217 planned_gpu_refs=11694 tail_gpu_groups=0 tail_gpu_refs=0 planned_ssd_groups=217 est_gpu=25582.0 est_ane=0.0 est_idle=100.00% wall=140.636 ms actual_ane_groups=0 actual_ane_refs=0 actual_gpu_groups=0 actual_gpu_refs=0 finishes=0 waits=0 overlap_gpu_groups=0
ds4: Flash-MoE async pread canceled queued=0 reading=0 ready=152 finished=0
ds4: gpu chunked prefill pos=8576 tokens=1949 layer 23 encode=176.044 ms execute=4.876 ms
ds4: Flash-MoE prefill layer=24 tokens=1949 unique=207 refs=11694 sync=106.906 ms plan=0.362 ms stage/compute=132.745 ms misses=207
ds4: Flash-MoE hybrid prefill layer=24 ane_groups=2 ane_refs=1283 gpu_i8_groups=0 gpu_i8_refs=0 fp32_groups=0 ane_min_refs=512 concurrent=1 ane_pipeline=1 output_queue=4 async_ane=2 gpu_overlap=205 finishes=2 waits=4
ds4: Flash-MoE overlap plan layer=24 exec_groups=207 planned_ane_groups=2 planned_ane_refs=1283 planned_gpu_groups=205 planned_gpu_refs=10411 tail_gpu_groups=0 tail_gpu_refs=0 planned_ssd_groups=207 est_gpu=23531.0 est_ane=335.5 est_idle=98.57% wall=132.286 ms actual_ane_groups=2 actual_ane_refs=1283 actual_gpu_groups=0 actual_gpu_refs=0 finishes=2 waits=4 overlap_gpu_groups=205
ds4: Flash-MoE async pread canceled queued=0 reading=0 ready=157 finished=0
ds4: gpu chunked prefill pos=8576 tokens=1949 layer 24 encode=246.839 ms execute=4.877 ms
ds4: Flash-MoE prefill layer=25 tokens=1949 unique=206 refs=11694 sync=31.669 ms plan=0.522 ms stage/compute=136.875 ms misses=206
ds4: Flash-MoE hybrid prefill layer=25 ane_groups=0 ane_refs=0 gpu_i8_groups=0 gpu_i8_refs=0 fp32_groups=0 ane_min_refs=512 concurrent=1 ane_pipeline=1 output_queue=4 async_ane=0 gpu_overlap=0 finishes=0 waits=0
ds4: Flash-MoE overlap plan layer=25 exec_groups=206 planned_ane_groups=0 planned_ane_refs=0 planned_gpu_groups=206 planned_gpu_refs=11694 tail_gpu_groups=0 tail_gpu_refs=0 planned_ssd_groups=206 est_gpu=24878.0 est_ane=0.0 est_idle=100.00% wall=136.339 ms actual_ane_groups=0 actual_ane_refs=0 actual_gpu_groups=0 actual_gpu_refs=0 finishes=0 waits=0 overlap_gpu_groups=0
ds4: Flash-MoE async pread canceled queued=0 reading=0 ready=170 finished=0
ds4: gpu chunked prefill pos=8576 tokens=1949 layer 25 encode=172.307 ms execute=4.789 ms
ds4: Flash-MoE prefill layer=26 tokens=1949 unique=193 refs=11694 sync=106.296 ms plan=0.337 ms stage/compute=126.219 ms misses=193
ds4: Flash-MoE hybrid prefill layer=26 ane_groups=3 ane_refs=1964 gpu_i8_groups=0 gpu_i8_refs=0 fp32_groups=0 ane_min_refs=512 concurrent=1 ane_pipeline=1 output_queue=4 async_ane=3 gpu_overlap=190 finishes=3 waits=6
ds4: Flash-MoE overlap plan layer=26 exec_groups=193 planned_ane_groups=3 planned_ane_refs=1964 planned_gpu_groups=190 planned_gpu_refs=9730 tail_gpu_groups=0 tail_gpu_refs=0 planned_ssd_groups=193 est_gpu=21890.0 est_ane=505.9 est_idle=97.69% wall=125.710 ms actual_ane_groups=3 actual_ane_refs=1964 actual_gpu_groups=0 actual_gpu_refs=0 finishes=3 waits=6 overlap_gpu_groups=190
ds4: Flash-MoE async pread canceled queued=0 reading=0 ready=180 finished=0
ds4: gpu chunked prefill pos=8576 tokens=1949 layer 26 encode=239.324 ms execute=5.218 ms
ds4: Flash-MoE prefill layer=27 tokens=1949 unique=212 refs=11694 sync=31.025 ms plan=0.303 ms stage/compute=133.444 ms misses=212
ds4: Flash-MoE hybrid prefill layer=27 ane_groups=2 ane_refs=1300 gpu_i8_groups=0 gpu_i8_refs=0 fp32_groups=0 ane_min_refs=512 concurrent=1 ane_pipeline=1 output_queue=4 async_ane=2 gpu_overlap=210 finishes=2 waits=4
ds4: Flash-MoE overlap plan layer=27 exec_groups=212 planned_ane_groups=2 planned_ane_refs=1300 planned_gpu_groups=210 planned_gpu_refs=10394 tail_gpu_groups=0 tail_gpu_refs=0 planned_ssd_groups=212 est_gpu=23834.0 est_ane=335.5 est_idle=98.59% wall=132.955 ms actual_ane_groups=2 actual_ane_refs=1300 actual_gpu_groups=0 actual_gpu_refs=0 finishes=2 waits=4 overlap_gpu_groups=210
ds4: Flash-MoE async pread canceled queued=0 reading=0 ready=186 finished=0
ds4: gpu chunked prefill pos=8576 tokens=1949 layer 27 encode=168.883 ms execute=4.895 ms
ds4: Flash-MoE prefill layer=28 tokens=1949 unique=203 refs=11694 sync=106.801 ms plan=0.330 ms stage/compute=138.045 ms misses=203
ds4: Flash-MoE hybrid prefill layer=28 ane_groups=1 ane_refs=696 gpu_i8_groups=0 gpu_i8_refs=0 fp32_groups=0 ane_min_refs=512 concurrent=1 ane_pipeline=1 output_queue=4 async_ane=1 gpu_overlap=202 finishes=1 waits=2
ds4: Flash-MoE overlap plan layer=28 exec_groups=203 planned_ane_groups=1 planned_ane_refs=696 planned_gpu_groups=202 planned_gpu_refs=10998 tail_gpu_groups=0 tail_gpu_refs=0 planned_ssd_groups=203 est_gpu=23926.0 est_ane=167.8 est_idle=99.30% wall=137.496 ms actual_ane_groups=1 actual_ane_refs=696 actual_gpu_groups=0 actual_gpu_refs=0 finishes=1 waits=2 overlap_gpu_groups=202
ds4: Flash-MoE async pread canceled queued=0 reading=0 ready=198 finished=0
ds4: gpu chunked prefill pos=8576 tokens=1949 layer 28 encode=251.590 ms execute=4.848 ms
ds4: Flash-MoE prefill layer=29 tokens=1949 unique=191 refs=11694 sync=30.932 ms plan=0.372 ms stage/compute=126.144 ms misses=191
ds4: Flash-MoE hybrid prefill layer=29 ane_groups=2 ane_refs=1162 gpu_i8_groups=0 gpu_i8_refs=0 fp32_groups=0 ane_min_refs=512 concurrent=1 ane_pipeline=1 output_queue=4 async_ane=2 gpu_overlap=189 finishes=2 waits=4
ds4: Flash-MoE overlap plan layer=29 exec_groups=191 planned_ane_groups=2 planned_ane_refs=1162 planned_gpu_groups=189 planned_gpu_refs=10532 tail_gpu_groups=0 tail_gpu_refs=0 planned_ssd_groups=191 est_gpu=22628.0 est_ane=335.5 est_idle=98.52% wall=125.710 ms actual_ane_groups=2 actual_ane_refs=1162 actual_gpu_groups=0 actual_gpu_refs=0 finishes=2 waits=4 overlap_gpu_groups=189
ds4: Flash-MoE async pread canceled queued=0 reading=0 ready=216 finished=0
ds4: gpu chunked prefill pos=8576 tokens=1949 layer 29 encode=160.583 ms execute=4.933 ms
ds4: Flash-MoE prefill layer=30 tokens=1949 unique=203 refs=11694 sync=105.887 ms plan=0.327 ms stage/compute=135.771 ms misses=203
ds4: Flash-MoE hybrid prefill layer=30 ane_groups=0 ane_refs=0 gpu_i8_groups=0 gpu_i8_refs=0 fp32_groups=0 ane_min_refs=512 concurrent=1 ane_pipeline=1 output_queue=4 async_ane=0 gpu_overlap=0 finishes=0 waits=0
ds4: Flash-MoE overlap plan layer=30 exec_groups=203 planned_ane_groups=0 planned_ane_refs=0 planned_gpu_groups=203 planned_gpu_refs=11694 tail_gpu_groups=0 tail_gpu_refs=0 planned_ssd_groups=203 est_gpu=24686.0 est_ane=0.0 est_idle=100.00% wall=135.212 ms actual_ane_groups=0 actual_ane_refs=0 actual_gpu_groups=0 actual_gpu_refs=0 finishes=0 waits=0 overlap_gpu_groups=0
ds4: Flash-MoE async pread canceled queued=0 reading=0 ready=230 finished=0
ds4: gpu chunked prefill pos=8576 tokens=1949 layer 30 encode=248.576 ms execute=4.866 ms
ds4: Flash-MoE prefill layer=31 tokens=1949 unique=206 refs=11694 sync=30.911 ms plan=0.315 ms stage/compute=134.515 ms misses=206
ds4: Flash-MoE hybrid prefill layer=31 ane_groups=0 ane_refs=0 gpu_i8_groups=0 gpu_i8_refs=0 fp32_groups=0 ane_min_refs=512 concurrent=1 ane_pipeline=1 output_queue=4 async_ane=0 gpu_overlap=0 finishes=0 waits=0
ds4: Flash-MoE overlap plan layer=31 exec_groups=206 planned_ane_groups=0 planned_ane_refs=0 planned_gpu_groups=206 planned_gpu_refs=11694 tail_gpu_groups=0 tail_gpu_refs=0 planned_ssd_groups=206 est_gpu=24878.0 est_ane=0.0 est_idle=100.00% wall=134.046 ms actual_ane_groups=0 actual_ane_refs=0 actual_gpu_groups=0 actual_gpu_refs=0 finishes=0 waits=0 overlap_gpu_groups=0
ds4: Flash-MoE async pread canceled queued=0 reading=0 ready=238 finished=0
ds4: gpu chunked prefill pos=8576 tokens=1949 layer 31 encode=168.951 ms execute=4.818 ms
ds4: Flash-MoE prefill layer=32 tokens=1949 unique=198 refs=11694 sync=108.232 ms plan=0.387 ms stage/compute=133.391 ms misses=198
ds4: Flash-MoE hybrid prefill layer=32 ane_groups=0 ane_refs=0 gpu_i8_groups=0 gpu_i8_refs=0 fp32_groups=0 ane_min_refs=512 concurrent=1 ane_pipeline=1 output_queue=4 async_ane=0 gpu_overlap=0 finishes=0 waits=0
ds4: Flash-MoE overlap plan layer=32 exec_groups=198 planned_ane_groups=0 planned_ane_refs=0 planned_gpu_groups=198 planned_gpu_refs=11694 tail_gpu_groups=0 tail_gpu_refs=0 planned_ssd_groups=198 est_gpu=24366.0 est_ane=0.0 est_idle=100.00% wall=132.855 ms actual_ane_groups=0 actual_ane_refs=0 actual_gpu_groups=0 actual_gpu_refs=0 finishes=0 waits=0 overlap_gpu_groups=0
ds4: Flash-MoE async pread canceled queued=0 reading=0 ready=249 finished=0
ds4: gpu chunked prefill pos=8576 tokens=1949 layer 32 encode=248.370 ms execute=4.740 ms
ds4: Flash-MoE prefill layer=33 tokens=1949 unique=200 refs=11694 sync=31.535 ms plan=0.322 ms stage/compute=131.566 ms misses=200
ds4: Flash-MoE hybrid prefill layer=33 ane_groups=1 ane_refs=577 gpu_i8_groups=0 gpu_i8_refs=0 fp32_groups=0 ane_min_refs=512 concurrent=1 ane_pipeline=1 output_queue=4 async_ane=1 gpu_overlap=199 finishes=1 waits=2
ds4: Flash-MoE overlap plan layer=33 exec_groups=200 planned_ane_groups=1 planned_ane_refs=577 planned_gpu_groups=199 planned_gpu_refs=11117 tail_gpu_groups=0 tail_gpu_refs=0 planned_ssd_groups=200 est_gpu=23853.0 est_ane=167.8 est_idle=99.30% wall=131.134 ms actual_ane_groups=1 actual_ane_refs=577 actual_gpu_groups=0 actual_gpu_refs=0 finishes=1 waits=2 overlap_gpu_groups=199
ds4: Flash-MoE async pread canceled queued=0 reading=0 ready=260 finished=0
ds4: gpu chunked prefill pos=8576 tokens=1949 layer 33 encode=166.445 ms execute=4.810 ms
ds4: Flash-MoE prefill layer=34 tokens=1949 unique=196 refs=11694 sync=106.913 ms plan=0.320 ms stage/compute=123.646 ms misses=196
ds4: Flash-MoE hybrid prefill layer=34 ane_groups=3 ane_refs=2037 gpu_i8_groups=0 gpu_i8_refs=0 fp32_groups=0 ane_min_refs=512 concurrent=1 ane_pipeline=1 output_queue=4 async_ane=3 gpu_overlap=193 finishes=3 waits=6
ds4: Flash-MoE overlap plan layer=34 exec_groups=196 planned_ane_groups=3 planned_ane_refs=2037 planned_gpu_groups=193 planned_gpu_refs=9657 tail_gpu_groups=0 tail_gpu_refs=0 planned_ssd_groups=196 est_gpu=22009.0 est_ane=505.9 est_idle=97.70% wall=123.171 ms actual_ane_groups=3 actual_ane_refs=2037 actual_gpu_groups=0 actual_gpu_refs=0 finishes=3 waits=6 overlap_gpu_groups=193
ds4: Flash-MoE async pread canceled queued=0 reading=0 ready=268 finished=0
ds4: gpu chunked prefill pos=8576 tokens=1949 layer 34 encode=237.532 ms execute=5.192 ms
ds4: Flash-MoE prefill layer=35 tokens=1949 unique=200 refs=11694 sync=31.586 ms plan=0.317 ms stage/compute=129.374 ms misses=200
ds4: Flash-MoE hybrid prefill layer=35 ane_groups=2 ane_refs=1300 gpu_i8_groups=0 gpu_i8_refs=0 fp32_groups=0 ane_min_refs=512 concurrent=1 ane_pipeline=1 output_queue=4 async_ane=2 gpu_overlap=198 finishes=2 waits=4
ds4: Flash-MoE overlap plan layer=35 exec_groups=200 planned_ane_groups=2 planned_ane_refs=1300 planned_gpu_groups=198 planned_gpu_refs=10394 tail_gpu_groups=0 tail_gpu_refs=0 planned_ssd_groups=200 est_gpu=23066.0 est_ane=338.1 est_idle=98.53% wall=128.936 ms actual_ane_groups=2 actual_ane_refs=1300 actual_gpu_groups=0 actual_gpu_refs=0 finishes=2 waits=4 overlap_gpu_groups=198
ds4: Flash-MoE async pread canceled queued=0 reading=0 ready=280 finished=0
ds4: gpu chunked prefill pos=8576 tokens=1949 layer 35 encode=164.421 ms execute=4.916 ms
ds4: Flash-MoE prefill layer=36 tokens=1949 unique=207 refs=11694 sync=106.560 ms plan=0.337 ms stage/compute=131.605 ms misses=207
ds4: Flash-MoE hybrid prefill layer=36 ane_groups=3 ane_refs=1808 gpu_i8_groups=0 gpu_i8_refs=0 fp32_groups=0 ane_min_refs=512 concurrent=1 ane_pipeline=1 output_queue=4 async_ane=3 gpu_overlap=204 finishes=3 waits=6
ds4: Flash-MoE overlap plan layer=36 exec_groups=207 planned_ane_groups=3 planned_ane_refs=1808 planned_gpu_groups=204 planned_gpu_refs=9886 tail_gpu_groups=0 tail_gpu_refs=0 planned_ssd_groups=207 est_gpu=22942.0 est_ane=503.3 est_idle=97.81% wall=131.128 ms actual_ane_groups=3 actual_ane_refs=1808 actual_gpu_groups=0 actual_gpu_refs=0 finishes=3 waits=6 overlap_gpu_groups=204
ds4: Flash-MoE async pread canceled queued=0 reading=0 ready=291 finished=0
ds4: gpu chunked prefill pos=8576 tokens=1949 layer 36 encode=245.087 ms execute=4.950 ms
ds4: Flash-MoE prefill layer=37 tokens=1949 unique=201 refs=11694 sync=31.384 ms plan=0.327 ms stage/compute=129.631 ms misses=201
ds4: Flash-MoE hybrid prefill layer=37 ane_groups=1 ane_refs=1220 gpu_i8_groups=0 gpu_i8_refs=0 fp32_groups=0 ane_min_refs=512 concurrent=1 ane_pipeline=1 output_queue=4 async_ane=1 gpu_overlap=200 finishes=1 waits=2
ds4: Flash-MoE overlap plan layer=37 exec_groups=201 planned_ane_groups=1 planned_ane_refs=1220 planned_gpu_groups=200 planned_gpu_refs=10474 tail_gpu_groups=0 tail_gpu_refs=0 planned_ssd_groups=201 est_gpu=23274.0 est_ane=172.9 est_idle=99.26% wall=129.123 ms actual_ane_groups=1 actual_ane_refs=1220 actual_gpu_groups=0 actual_gpu_refs=0 finishes=1 waits=2 overlap_gpu_groups=200
ds4: Flash-MoE async pread canceled queued=0 reading=0 ready=303 finished=0
ds4: gpu chunked prefill pos=8576 tokens=1949 layer 37 encode=164.258 ms execute=4.950 ms
ds4: Flash-MoE prefill layer=38 tokens=1949 unique=216 refs=11694 sync=106.668 ms plan=0.423 ms stage/compute=136.425 ms misses=216
ds4: Flash-MoE hybrid prefill layer=38 ane_groups=1 ane_refs=762 gpu_i8_groups=0 gpu_i8_refs=0 fp32_groups=0 ane_min_refs=512 concurrent=1 ane_pipeline=1 output_queue=4 async_ane=1 gpu_overlap=215 finishes=1 waits=2
ds4: Flash-MoE overlap plan layer=38 exec_groups=216 planned_ane_groups=1 planned_ane_refs=762 planned_gpu_groups=215 planned_gpu_refs=10932 tail_gpu_groups=0 tail_gpu_refs=0 planned_ssd_groups=216 est_gpu=24692.0 est_ane=167.8 est_idle=99.32% wall=135.948 ms actual_ane_groups=1 actual_ane_refs=762 actual_gpu_groups=0 actual_gpu_refs=0 finishes=1 waits=2 overlap_gpu_groups=215
ds4: Flash-MoE async pread canceled queued=0 reading=0 ready=312 finished=0
ds4: gpu chunked prefill pos=8576 tokens=1949 layer 38 encode=250.370 ms execute=4.849 ms
ds4: Flash-MoE prefill layer=39 tokens=1949 unique=219 refs=11694 sync=30.951 ms plan=0.348 ms stage/compute=136.369 ms misses=219
ds4: Flash-MoE hybrid prefill layer=39 ane_groups=2 ane_refs=1044 gpu_i8_groups=0 gpu_i8_refs=0 fp32_groups=0 ane_min_refs=512 concurrent=1 ane_pipeline=1 output_queue=4 async_ane=2 gpu_overlap=217 finishes=2 waits=4
ds4: Flash-MoE overlap plan layer=39 exec_groups=219 planned_ane_groups=2 planned_ane_refs=1044 planned_gpu_groups=217 planned_gpu_refs=10650 tail_gpu_groups=0 tail_gpu_refs=0 planned_ssd_groups=219 est_gpu=24538.0 est_ane=332.9 est_idle=98.64% wall=135.838 ms actual_ane_groups=2 actual_ane_refs=1044 actual_gpu_groups=0 actual_gpu_refs=0 finishes=2 waits=4 overlap_gpu_groups=217
ds4: Flash-MoE async pread canceled queued=0 reading=0 ready=317 finished=0
ds4: gpu chunked prefill pos=8576 tokens=1949 layer 39 encode=170.709 ms execute=4.817 ms
ds4: Flash-MoE prefill layer=40 tokens=1949 unique=171 refs=11694 sync=107.672 ms plan=0.379 ms stage/compute=113.496 ms misses=171
ds4: Flash-MoE hybrid prefill layer=40 ane_groups=2 ane_refs=1819 gpu_i8_groups=0 gpu_i8_refs=0 fp32_groups=0 ane_min_refs=512 concurrent=1 ane_pipeline=1 output_queue=4 async_ane=2 gpu_overlap=169 finishes=2 waits=4
ds4: Flash-MoE overlap plan layer=40 exec_groups=171 planned_ane_groups=2 planned_ane_refs=1819 planned_gpu_groups=169 planned_gpu_refs=9875 tail_gpu_groups=0 tail_gpu_refs=0 planned_ssd_groups=171 est_gpu=20691.0 est_ane=340.7 est_idle=98.35% wall=112.955 ms actual_ane_groups=2 actual_ane_refs=1819 actual_gpu_groups=0 actual_gpu_refs=0 finishes=2 waits=4 overlap_gpu_groups=169
ds4: Flash-MoE async pread canceled queued=0 reading=0 ready=330 finished=0
ds4: gpu chunked prefill pos=8576 tokens=1949 layer 40 encode=228.360 ms execute=4.960 ms
ds4: Flash-MoE prefill layer=41 tokens=1949 unique=182 refs=11694 sync=30.992 ms plan=0.305 ms stage/compute=126.241 ms misses=182
ds4: Flash-MoE hybrid prefill layer=41 ane_groups=0 ane_refs=0 gpu_i8_groups=0 gpu_i8_refs=0 fp32_groups=0 ane_min_refs=512 concurrent=1 ane_pipeline=1 output_queue=4 async_ane=0 gpu_overlap=0 finishes=0 waits=0
ds4: Flash-MoE overlap plan layer=41 exec_groups=182 planned_ane_groups=0 planned_ane_refs=0 planned_gpu_groups=182 planned_gpu_refs=11694 tail_gpu_groups=0 tail_gpu_refs=0 planned_ssd_groups=182 est_gpu=23342.0 est_ane=0.0 est_idle=100.00% wall=125.795 ms actual_ane_groups=0 actual_ane_refs=0 actual_gpu_groups=0 actual_gpu_refs=0 finishes=0 waits=0 overlap_gpu_groups=0
ds4: Flash-MoE async pread canceled queued=0 reading=0 ready=343 finished=0
ds4: gpu chunked prefill pos=8576 tokens=1949 layer 41 encode=160.859 ms execute=4.735 ms
ds4: Flash-MoE prefill layer=42 tokens=1949 unique=191 refs=11694 sync=106.945 ms plan=0.358 ms stage/compute=126.884 ms misses=191
ds4: Flash-MoE hybrid prefill layer=42 ane_groups=1 ane_refs=673 gpu_i8_groups=0 gpu_i8_refs=0 fp32_groups=0 ane_min_refs=512 concurrent=1 ane_pipeline=1 output_queue=4 async_ane=1 gpu_overlap=190 finishes=1 waits=2
ds4: Flash-MoE overlap plan layer=42 exec_groups=191 planned_ane_groups=1 planned_ane_refs=673 planned_gpu_groups=190 planned_gpu_refs=11021 tail_gpu_groups=0 tail_gpu_refs=0 planned_ssd_groups=191 est_gpu=23181.0 est_ane=167.8 est_idle=99.28% wall=126.312 ms actual_ane_groups=1 actual_ane_refs=673 actual_gpu_groups=0 actual_gpu_refs=0 finishes=1 waits=2 overlap_gpu_groups=190
ds4: Flash-MoE async pread canceled queued=0 reading=0 ready=359 finished=0
ds4: gpu chunked prefill pos=8576 tokens=1949 layer 42 encode=240.758 ms execute=4.651 ms
processing 10525 input tokens: 10525/10525 (100.0%) batch=209.68 t/s avg=327.48 t/s
ds4: gpu chunked prefill start=0 tokens=10525 chunk=8576 encode=30746.144 ms execute=1029.278 ms read=0.009 ms total=31807.483 ms
ds4: prefill full: 10525 tokens in 32140.8 ms (327.5 t/s)
We
ds4: ----------------------------------------
ds4: prefill: 327.47 t/s, generation: 1.45 t/s
ds4: Flash-MoE cross-layer prefetch layers=42 experts_queued=2016 (avg=48.0/layer)
ds4: Flash-MoE slot-bank stats hits=0 misses=19569 hit-rate=0.0% resident-slots=258/4128 (6.2%, avg=6.0/layer min=6 max=6 of 96) installed=132090.75 MiB
ds4: Flash-MoE decode prefetch calls=43 loads=258 bytes=1741.50 MiB pread=124.382 ms upload=98.451 ms overlap-flushes=43
ds4: Flash-MoE prefill dedup refs=2715450 unique=19311 saved=2696139 (99.3%) reuse=140.62x
ds4: Flash-MoE prefill stage stats calls=19311 bytes=130349.25 MiB pread=4370.185 ms upload=2242.047 ms gate=706.330 ms up=686.168 ms down=849.549 ms scatter=20.121 ms stage_rate=19713.35 MiB/s pread_rate=29826.94 MiB/s upload_rate=58138.50 MiB/s
ds4: Flash-MoE prefill pread issue stats span=31538.901 ms active=13.86% span_rate=4132.97 MiB/s issue_gap=231987.960 ms post_stage_gap=12775.313 ms same_layer_issue=216813.096 ms same_layer_post=11.807 ms cross_layer_issue=15174.864 ms cross_layer_post=12763.506 ms max_issue=341.439 ms max_post=332.647 ms issue_gaps=15519 post_gaps=104 issue_gt1=4249 issue_gt5=1588 issue_gt20=1446 post_gt1=86 post_gt5=77 post_gt20=77
ds4: Flash-MoE prefill pread bucket le16 calls=5457 refs=35079 bytes=36834.75 MiB pread=1480.965 ms issue_gap=105536.354 ms post_stage_gap=11.807 ms pread_rate=24872.13 MiB/s
ds4: Flash-MoE prefill pread bucket le32 calls=2535 refs=60458 bytes=17111.25 MiB pread=446.821 ms issue_gap=36861.009 ms post_stage_gap=0.000 ms pread_rate=38295.54 MiB/s
ds4: Flash-MoE prefill pread bucket le64 calls=3100 refs=144679 bytes=20925.00 MiB pread=526.569 ms issue_gap=33899.640 ms post_stage_gap=0.000 ms pread_rate=39738.38 MiB/s
ds4: Flash-MoE prefill pread bucket le128 calls=2872 refs=263665 bytes=19386.00 MiB pread=529.002 ms issue_gap=21701.138 ms post_stage_gap=0.000 ms pread_rate=36646.36 MiB/s
ds4: Flash-MoE prefill pread bucket le256 calls=2589 refs=475854 bytes=17475.75 MiB pread=580.118 ms issue_gap=11065.994 ms post_stage_gap=203.324 ms pread_rate=30124.47 MiB/s
ds4: Flash-MoE prefill pread bucket le512 calls=1650 refs=582050 bytes=11137.50 MiB pread=413.492 ms issue_gap=8432.341 ms post_stage_gap=448.175 ms pread_rate=26935.22 MiB/s
ds4: Flash-MoE prefill pread bucket gt512 calls=1108 refs=1153665 bytes=7479.00 MiB pread=393.218 ms issue_gap=14491.484 ms post_stage_gap=12112.007 ms pread_rate=19019.98 MiB/s
ds4: ANE prefill stats calls=943 ok=943 skipped_big_refs=0 compile_attempts=1 compile_failures=0 eval_calls=4527 eval_failures=0 write_failures=0 reopen_failures=0
ds4: ANE prefill timing dequant=9.226 ms input=0.582 ms ane_eval=22307.332 ms ane_eval_a=22307.332 ms ane_eval_b=0.000 ms ane_eval_c=0.000 ms ane_eval_d=0.000 ms ane_wall_est=22307.332 ms writeback=6.031 ms helper_avg=4.927619 ms ane_calls=4527 ane_call_avg=4.927619 ms
ds4: ANE prefill timing2 output_pack=5.665 ms measured_total=22328.836 ms
ds4: ANE prefill timing3 dequant_wait=775.635 ms post_wait=0.000 ms x_zero=24.709 ms x_copy=93.367 ms out_zero=306.850 ms out_f16_copy=184.847 ms output_convert=5.665 ms output_gpu_encode=5.665 ms output_chunks=943 output_elems=4186169344 output_convert_rate=738.953 Gelem/s
ds4: ANE prefill timing4 wait_predict=0.000 ms finish_join_ane=2254.575 ms finish_join_post=0.000 ms wait_predict_calls=0 finish_calls=943
ds4: ANE prefill chunks refs=1022014 padded_refs=1158912 pad_util=88.19% le16=81 le64=248 le128=254 full=3590
ds4: ANE prefill batch_hist B256=4527 refs=1022014 util=88.2%
