ds4: warning: raw KV cap limits Metal prefill chunk (prefill_chunk=16384, raw_kv_rows=8704, raw_window=128, effective_chunk=8576; target raw cap for one chunk is 16640, also requires ctx >= that value)
ds4: context buffers 1485.73 MiB (ctx=17000, backend=metal, prefill_chunk=16384, raw_kv_rows=8704, compressed_kv_rows=4252)
ds4: Flash-MoE sidecar loaded: /Users/anemll/Models/flash/dsv4-iq2xxs-expert-major (slot-bank=96, expert-record 6.75 MiB)
ds4: Metal device Apple M5 Max, 128.00 GiB RAM
ds4: Flash-MoE using mmap-backed dense/shared weights without full-model Metal residency warmup
ds4: Metal model views created in 0.253 ms, residency requested in 0.000 ms, warmup 0.000 ms (mapped 8393.67 MiB from offset 5.06 MiB)
ds4: Metal mapped mmaped model as 1 overlapping shared buffers
ds4: metal backend initialized for graph diagnostics
ds4: prefill routed-MoE (requested): mul_mm_id (grouped GPU / ALU)  [grouped path]
ds4: prefill quant scales (ANE env first): w_qscale=512 x_qscale=32 mid_qscale=32 w_scale=0.00195312 x_scale=0.03125 mid_scale=0.03125
ds4: prefill ctx-grow: on, block=2048 tokens
ds4: prefill chunk cap: 16384, graph_raw_cap=8704
ds4: Flash-MoE slot banks allocated: layers=43 slots=96 gpu-bank=27864.00 MiB
ds4: prefill compute: routed experts = ANE i8i8 (W8A8) | dense proj = fp16-NAX (half x half)
ds4: prefill I/O: io-split=4 async-pread=on pread-threads=4 readahead=12 bank-prefetch=3 xlayer=auto<=6k-tok topk=48
ds4: decode  I/O: io-split=4 temporal-prefetch=on slots=96
ds4: Flash-MoE banked kernels using M5 simdgroup_matrix fast path (prefetch=3, banks=4)
ds4: WARNING: prefill chunk 16384 clamped to 8576 by raw-KV cap (raw_cap=8704, window=128). Set DS4_METAL_GRAPH_RAW_CAP >= 16512 (window + chunk) — or unset it to auto-size — to honor the chunk.
ds4: prefill chunk cap EFFECTIVE=8576 tokens (DS4_METAL_PREFILL_CHUNK=16384), CLAMPED by raw-KV-cap (ctx-grow) (resident-NAX tiles this by scratch_cap; that tile gates the sync bridge)
ds4: ANE i8w-i8x-tiled-fused cached async prefill B=256 H=4096 I=2048 w_scale=0.00195312 x_scale=0.03125 mid_scale=0.03125
processing 14867 input tokens: 0/14867 (0.0%) batch=0.00 t/s avg=0.00 t/s
ds4: Flash-MoE prefill layer=0 tokens=8576 unique=256 refs=51456 sync=233.359 ms plan=0.934 ms stage/compute=341.848 ms misses=256
ds4: Flash-MoE hybrid prefill layer=0 ane_groups=3 ane_refs=1829 gpu_i8_groups=0 gpu_i8_refs=0 fp32_groups=0 ane_min_refs=512 concurrent=1 ane_pipeline=1 output_queue=4 async_ane=3 gpu_overlap=253 finishes=3 waits=6
ds4: Flash-MoE overlap plan layer=0 exec_groups=256 planned_ane_groups=3 planned_ane_refs=1829 planned_gpu_groups=253 planned_gpu_refs=49627 tail_gpu_groups=0 tail_gpu_refs=0 planned_ssd_groups=256 est_gpu=65819.0 est_ane=503.3 est_idle=99.24% wall=334.028 ms actual_ane_groups=3 actual_ane_refs=1829 actual_gpu_groups=0 actual_gpu_refs=0 finishes=3 waits=6 overlap_gpu_groups=253
ds4: gpu chunked prefill pos=0 tokens=8576 layer 0 encode=596.135 ms execute=47.876 ms
ds4: Flash-MoE prefill layer=1 tokens=8576 unique=256 refs=51456 sync=96.038 ms plan=0.315 ms stage/compute=307.364 ms misses=256
ds4: Flash-MoE hybrid prefill layer=1 ane_groups=5 ane_refs=2759 gpu_i8_groups=0 gpu_i8_refs=0 fp32_groups=0 ane_min_refs=512 concurrent=1 ane_pipeline=1 output_queue=4 async_ane=5 gpu_overlap=251 finishes=5 waits=10
ds4: Flash-MoE overlap plan layer=1 exec_groups=256 planned_ane_groups=5 planned_ane_refs=2759 planned_gpu_groups=251 planned_gpu_refs=48697 tail_gpu_groups=0 tail_gpu_refs=0 planned_ssd_groups=256 est_gpu=64761.0 est_ane=838.8 est_idle=98.70% wall=305.997 ms actual_ane_groups=5 actual_ane_refs=2759 actual_gpu_groups=0 actual_gpu_refs=0 finishes=5 waits=10 overlap_gpu_groups=251
ds4: gpu chunked prefill pos=0 tokens=8576 layer 1 encode=421.123 ms execute=18.403 ms
ds4: Flash-MoE prefill layer=2 tokens=8576 unique=256 refs=51456 sync=314.143 ms plan=0.385 ms stage/compute=305.427 ms misses=256
ds4: Flash-MoE hybrid prefill layer=2 ane_groups=7 ane_refs=4155 gpu_i8_groups=0 gpu_i8_refs=0 fp32_groups=0 ane_min_refs=512 concurrent=1 ane_pipeline=1 output_queue=4 async_ane=7 gpu_overlap=249 finishes=7 waits=14
ds4: Flash-MoE overlap plan layer=2 exec_groups=256 planned_ane_groups=7 planned_ane_refs=4155 planned_gpu_groups=249 planned_gpu_refs=47301 tail_gpu_groups=0 tail_gpu_refs=0 planned_ssd_groups=256 est_gpu=63237.0 est_ane=1174.3 est_idle=98.14% wall=304.118 ms actual_ane_groups=7 actual_ane_refs=4155 actual_gpu_groups=0 actual_gpu_refs=0 finishes=7 waits=14 overlap_gpu_groups=249
ds4: gpu chunked prefill pos=0 tokens=8576 layer 2 encode=622.466 ms execute=18.394 ms
ds4: Flash-MoE prefill layer=3 tokens=8576 unique=245 refs=51456 sync=119.226 ms plan=0.345 ms stage/compute=289.792 ms misses=245
ds4: Flash-MoE hybrid prefill layer=3 ane_groups=16 ane_refs=15943 gpu_i8_groups=0 gpu_i8_refs=0 fp32_groups=0 ane_min_refs=512 concurrent=1 ane_pipeline=1 output_queue=4 async_ane=16 gpu_overlap=229 finishes=16 waits=32
ds4: Flash-MoE overlap plan layer=3 exec_groups=245 planned_ane_groups=16 planned_ane_refs=15943 planned_gpu_groups=229 planned_gpu_refs=35513 tail_gpu_groups=0 tail_gpu_refs=0 planned_ssd_groups=245 est_gpu=50169.0 est_ane=2746.2 est_idle=94.53% wall=288.470 ms actual_ane_groups=16 actual_ane_refs=15943 actual_gpu_groups=0 actual_gpu_refs=0 finishes=16 waits=32 overlap_gpu_groups=229
ds4: gpu chunked prefill pos=0 tokens=8576 layer 3 encode=427.763 ms execute=18.739 ms
ds4: Flash-MoE prefill layer=4 tokens=8576 unique=245 refs=51456 sync=295.684 ms plan=0.413 ms stage/compute=278.514 ms misses=245
ds4: Flash-MoE hybrid prefill layer=4 ane_groups=20 ane_refs=19283 gpu_i8_groups=0 gpu_i8_refs=0 fp32_groups=0 ane_min_refs=512 concurrent=1 ane_pipeline=1 output_queue=4 async_ane=20 gpu_overlap=225 finishes=20 waits=40
ds4: Flash-MoE overlap plan layer=4 exec_groups=245 planned_ane_groups=20 planned_ane_refs=19283 planned_gpu_groups=225 planned_gpu_refs=32173 tail_gpu_groups=0 tail_gpu_refs=0 planned_ssd_groups=245 est_gpu=46573.0 est_ane=3422.4 est_idle=92.65% wall=277.171 ms actual_ane_groups=20 actual_ane_refs=19283 actual_gpu_groups=0 actual_gpu_refs=0 finishes=20 waits=40 overlap_gpu_groups=225
ds4: gpu chunked prefill pos=0 tokens=8576 layer 4 encode=576.474 ms execute=18.768 ms
ds4: Flash-MoE prefill layer=5 tokens=8576 unique=254 refs=51456 sync=118.827 ms plan=0.327 ms stage/compute=306.676 ms misses=254
ds4: Flash-MoE hybrid prefill layer=5 ane_groups=13 ane_refs=15834 gpu_i8_groups=0 gpu_i8_refs=0 fp32_groups=0 ane_min_refs=512 concurrent=1 ane_pipeline=1 output_queue=4 async_ane=13 gpu_overlap=241 finishes=13 waits=26
ds4: Flash-MoE overlap plan layer=5 exec_groups=254 planned_ane_groups=13 planned_ane_refs=15834 planned_gpu_groups=241 planned_gpu_refs=35622 tail_gpu_groups=0 tail_gpu_refs=0 planned_ssd_groups=254 est_gpu=51046.0 est_ane=2261.0 est_idle=95.57% wall=305.318 ms actual_ane_groups=13 actual_ane_refs=15834 actual_gpu_groups=0 actual_gpu_refs=0 finishes=13 waits=26 overlap_gpu_groups=241
ds4: gpu chunked prefill pos=0 tokens=8576 layer 5 encode=444.651 ms execute=18.441 ms
ds4: Flash-MoE prefill layer=6 tokens=8576 unique=247 refs=51456 sync=295.218 ms plan=0.324 ms stage/compute=284.806 ms misses=247
ds4: Flash-MoE hybrid prefill layer=6 ane_groups=19 ane_refs=18386 gpu_i8_groups=0 gpu_i8_refs=0 fp32_groups=0 ane_min_refs=512 concurrent=1 ane_pipeline=1 output_queue=4 async_ane=19 gpu_overlap=228 finishes=19 waits=38
ds4: Flash-MoE overlap plan layer=6 exec_groups=247 planned_ane_groups=19 planned_ane_refs=18386 planned_gpu_groups=228 planned_gpu_refs=33070 tail_gpu_groups=0 tail_gpu_refs=0 planned_ssd_groups=247 est_gpu=47662.0 est_ane=3254.6 est_idle=93.17% wall=283.407 ms actual_ane_groups=19 actual_ane_refs=18386 actual_gpu_groups=0 actual_gpu_refs=0 finishes=19 waits=38 overlap_gpu_groups=228
ds4: gpu chunked prefill pos=0 tokens=8576 layer 6 encode=582.173 ms execute=18.412 ms
ds4: Flash-MoE prefill layer=7 tokens=8576 unique=254 refs=51456 sync=119.120 ms plan=0.309 ms stage/compute=289.240 ms misses=254
ds4: Flash-MoE hybrid prefill layer=7 ane_groups=18 ane_refs=19179 gpu_i8_groups=0 gpu_i8_refs=0 fp32_groups=0 ane_min_refs=512 concurrent=1 ane_pipeline=1 output_queue=4 async_ane=18 gpu_overlap=236 finishes=18 waits=36
ds4: Flash-MoE overlap plan layer=7 exec_groups=254 planned_ane_groups=18 planned_ane_refs=19179 planned_gpu_groups=236 planned_gpu_refs=32277 tail_gpu_groups=0 tail_gpu_refs=0 planned_ssd_groups=254 est_gpu=47381.0 est_ane=3097.2 est_idle=93.46% wall=287.942 ms actual_ane_groups=18 actual_ane_refs=19179 actual_gpu_groups=0 actual_gpu_refs=0 finishes=18 waits=36 overlap_gpu_groups=236
ds4: gpu chunked prefill pos=0 tokens=8576 layer 7 encode=427.298 ms execute=18.601 ms
ds4: Flash-MoE prefill layer=8 tokens=8576 unique=248 refs=51456 sync=294.838 ms plan=0.378 ms stage/compute=285.857 ms misses=248
ds4: Flash-MoE hybrid prefill layer=8 ane_groups=22 ane_refs=21526 gpu_i8_groups=0 gpu_i8_refs=0 fp32_groups=0 ane_min_refs=512 concurrent=1 ane_pipeline=1 output_queue=4 async_ane=22 gpu_overlap=226 finishes=22 waits=44
ds4: Flash-MoE overlap plan layer=8 exec_groups=248 planned_ane_groups=22 planned_ane_refs=21526 planned_gpu_groups=226 planned_gpu_refs=29930 tail_gpu_groups=0 tail_gpu_refs=0 planned_ssd_groups=248 est_gpu=44394.0 est_ane=3773.4 est_idle=91.50% wall=284.530 ms actual_ane_groups=22 actual_ane_refs=21526 actual_gpu_groups=0 actual_gpu_refs=0 finishes=22 waits=44 overlap_gpu_groups=226
ds4: gpu chunked prefill pos=0 tokens=8576 layer 8 encode=583.043 ms execute=18.536 ms
ds4: Flash-MoE prefill layer=9 tokens=8576 unique=253 refs=51456 sync=118.520 ms plan=0.342 ms stage/compute=297.890 ms misses=253
ds4: Flash-MoE hybrid prefill layer=9 ane_groups=18 ane_refs=17934 gpu_i8_groups=0 gpu_i8_refs=0 fp32_groups=0 ane_min_refs=512 concurrent=1 ane_pipeline=1 output_queue=4 async_ane=18 gpu_overlap=235 finishes=18 waits=36
ds4: Flash-MoE overlap plan layer=9 exec_groups=253 planned_ane_groups=18 planned_ane_refs=17934 planned_gpu_groups=235 planned_gpu_refs=33522 tail_gpu_groups=0 tail_gpu_refs=0 planned_ssd_groups=253 est_gpu=48562.0 est_ane=3089.5 est_idle=93.64% wall=296.601 ms actual_ane_groups=18 actual_ane_refs=17934 actual_gpu_groups=0 actual_gpu_refs=0 finishes=18 waits=36 overlap_gpu_groups=235
ds4: gpu chunked prefill pos=0 tokens=8576 layer 9 encode=436.611 ms execute=18.454 ms
ds4: Flash-MoE prefill layer=10 tokens=8576 unique=251 refs=51456 sync=295.344 ms plan=0.401 ms stage/compute=294.998 ms misses=251
ds4: Flash-MoE hybrid prefill layer=10 ane_groups=16 ane_refs=15798 gpu_i8_groups=0 gpu_i8_refs=0 fp32_groups=0 ane_min_refs=512 concurrent=1 ane_pipeline=1 output_queue=4 async_ane=16 gpu_overlap=235 finishes=16 waits=32
ds4: Flash-MoE overlap plan layer=10 exec_groups=251 planned_ane_groups=16 planned_ane_refs=15798 planned_gpu_groups=235 planned_gpu_refs=35658 tail_gpu_groups=0 tail_gpu_refs=0 planned_ssd_groups=251 est_gpu=50698.0 est_ane=2743.6 est_idle=94.59% wall=293.700 ms actual_ane_groups=16 actual_ane_refs=15798 actual_gpu_groups=0 actual_gpu_refs=0 finishes=16 waits=32 overlap_gpu_groups=235
ds4: gpu chunked prefill pos=0 tokens=8576 layer 10 encode=592.534 ms execute=18.427 ms
ds4: Flash-MoE prefill layer=11 tokens=8576 unique=253 refs=51456 sync=118.980 ms plan=0.336 ms stage/compute=280.985 ms misses=253
ds4: Flash-MoE hybrid prefill layer=11 ane_groups=21 ane_refs=15861 gpu_i8_groups=0 gpu_i8_refs=0 fp32_groups=0 ane_min_refs=512 concurrent=1 ane_pipeline=1 output_queue=4 async_ane=21 gpu_overlap=232 finishes=21 waits=42
ds4: Flash-MoE overlap plan layer=11 exec_groups=253 planned_ane_groups=21 planned_ane_refs=15861 planned_gpu_groups=232 planned_gpu_refs=35595 tail_gpu_groups=0 tail_gpu_refs=0 planned_ssd_groups=253 est_gpu=50443.0 est_ane=3548.8 est_idle=92.96% wall=279.589 ms actual_ane_groups=21 actual_ane_refs=15861 actual_gpu_groups=0 actual_gpu_refs=0 finishes=21 waits=42 overlap_gpu_groups=232
ds4: gpu chunked prefill pos=0 tokens=8576 layer 11 encode=420.088 ms execute=18.480 ms
ds4: Flash-MoE prefill layer=12 tokens=8576 unique=245 refs=51456 sync=295.340 ms plan=0.377 ms stage/compute=273.858 ms misses=245
ds4: Flash-MoE hybrid prefill layer=12 ane_groups=21 ane_refs=19272 gpu_i8_groups=0 gpu_i8_refs=0 fp32_groups=0 ane_min_refs=512 concurrent=1 ane_pipeline=1 output_queue=4 async_ane=21 gpu_overlap=224 finishes=21 waits=42
ds4: Flash-MoE overlap plan layer=12 exec_groups=245 planned_ane_groups=21 planned_ane_refs=19272 planned_gpu_groups=224 planned_gpu_refs=32184 tail_gpu_groups=0 tail_gpu_refs=0 planned_ssd_groups=245 est_gpu=46520.0 est_ane=3582.4 est_idle=92.30% wall=272.536 ms actual_ane_groups=21 actual_ane_refs=19272 actual_gpu_groups=0 actual_gpu_refs=0 finishes=21 waits=42 overlap_gpu_groups=224
ds4: gpu chunked prefill pos=0 tokens=8576 layer 12 encode=571.532 ms execute=18.690 ms
ds4: Flash-MoE prefill layer=13 tokens=8576 unique=250 refs=51456 sync=119.069 ms plan=0.347 ms stage/compute=278.138 ms misses=250
ds4: Flash-MoE hybrid prefill layer=13 ane_groups=22 ane_refs=21099 gpu_i8_groups=0 gpu_i8_refs=0 fp32_groups=0 ane_min_refs=512 concurrent=1 ane_pipeline=1 output_queue=4 async_ane=22 gpu_overlap=228 finishes=22 waits=44
ds4: Flash-MoE overlap plan layer=13 exec_groups=250 planned_ane_groups=22 planned_ane_refs=21099 planned_gpu_groups=228 planned_gpu_refs=30357 tail_gpu_groups=0 tail_gpu_refs=0 planned_ssd_groups=250 est_gpu=44949.0 est_ane=3765.7 est_idle=91.62% wall=276.787 ms actual_ane_groups=22 actual_ane_refs=21099 actual_gpu_groups=0 actual_gpu_refs=0 finishes=22 waits=44 overlap_gpu_groups=228
ds4: gpu chunked prefill pos=0 tokens=8576 layer 13 encode=417.252 ms execute=18.872 ms
ds4: Flash-MoE prefill layer=14 tokens=8576 unique=241 refs=51456 sync=294.410 ms plan=0.356 ms stage/compute=277.000 ms misses=241
ds4: Flash-MoE hybrid prefill layer=14 ane_groups=23 ane_refs=24682 gpu_i8_groups=0 gpu_i8_refs=0 fp32_groups=0 ane_min_refs=512 concurrent=1 ane_pipeline=1 output_queue=4 async_ane=23 gpu_overlap=218 finishes=23 waits=46
ds4: Flash-MoE overlap plan layer=14 exec_groups=241 planned_ane_groups=23 planned_ane_refs=24682 planned_gpu_groups=218 planned_gpu_refs=26774 tail_gpu_groups=0 tail_gpu_refs=0 planned_ssd_groups=241 est_gpu=40726.0 est_ane=3959.3 est_idle=90.28% wall=275.673 ms actual_ane_groups=23 actual_ane_refs=24682 actual_gpu_groups=0 actual_gpu_refs=0 finishes=23 waits=46 overlap_gpu_groups=218
ds4: gpu chunked prefill pos=0 tokens=8576 layer 14 encode=573.670 ms execute=18.427 ms
ds4: Flash-MoE prefill layer=15 tokens=8576 unique=241 refs=51456 sync=118.440 ms plan=0.360 ms stage/compute=277.162 ms misses=241
ds4: Flash-MoE hybrid prefill layer=15 ane_groups=23 ane_refs=25379 gpu_i8_groups=0 gpu_i8_refs=0 fp32_groups=0 ane_min_refs=512 concurrent=1 ane_pipeline=1 output_queue=4 async_ane=23 gpu_overlap=218 finishes=23 waits=46
ds4: Flash-MoE overlap plan layer=15 exec_groups=241 planned_ane_groups=23 planned_ane_refs=25379 planned_gpu_groups=218 planned_gpu_refs=26077 tail_gpu_groups=0 tail_gpu_refs=0 planned_ssd_groups=241 est_gpu=40029.0 est_ane=3967.0 est_idle=90.09% wall=275.811 ms actual_ane_groups=23 actual_ane_refs=25379 actual_gpu_groups=0 actual_gpu_refs=0 finishes=23 waits=46 overlap_gpu_groups=218
ds4: gpu chunked prefill pos=0 tokens=8576 layer 15 encode=414.479 ms execute=18.464 ms
ds4: Flash-MoE prefill layer=16 tokens=8576 unique=240 refs=51456 sync=295.027 ms plan=0.336 ms stage/compute=289.343 ms misses=240
ds4: Flash-MoE hybrid prefill layer=16 ane_groups=20 ane_refs=27666 gpu_i8_groups=0 gpu_i8_refs=0 fp32_groups=0 ane_min_refs=512 concurrent=1 ane_pipeline=1 output_queue=4 async_ane=20 gpu_overlap=220 finishes=20 waits=40
ds4: Flash-MoE overlap plan layer=16 exec_groups=240 planned_ane_groups=20 planned_ane_refs=27666 planned_gpu_groups=220 planned_gpu_refs=23790 tail_gpu_groups=0 tail_gpu_refs=0 planned_ssd_groups=240 est_gpu=37870.0 est_ane=3510.3 est_idle=90.73% wall=288.032 ms actual_ane_groups=20 actual_ane_refs=27666 actual_gpu_groups=0 actual_gpu_refs=0 finishes=20 waits=40 overlap_gpu_groups=220
ds4: gpu chunked prefill pos=0 tokens=8576 layer 16 encode=586.556 ms execute=18.435 ms
ds4: Flash-MoE prefill layer=17 tokens=8576 unique=242 refs=51456 sync=120.152 ms plan=0.351 ms stage/compute=275.623 ms misses=242
ds4: Flash-MoE hybrid prefill layer=17 ane_groups=22 ane_refs=21529 gpu_i8_groups=0 gpu_i8_refs=0 fp32_groups=0 ane_min_refs=512 concurrent=1 ane_pipeline=1 output_queue=4 async_ane=22 gpu_overlap=220 finishes=22 waits=44
ds4: Flash-MoE overlap plan layer=17 exec_groups=242 planned_ane_groups=22 planned_ane_refs=21529 planned_gpu_groups=220 planned_gpu_refs=29927 tail_gpu_groups=0 tail_gpu_refs=0 planned_ssd_groups=242 est_gpu=44007.0 est_ane=3765.7 est_idle=91.44% wall=274.313 ms actual_ane_groups=22 actual_ane_refs=21529 actual_gpu_groups=0 actual_gpu_refs=0 finishes=22 waits=44 overlap_gpu_groups=220
ds4: gpu chunked prefill pos=0 tokens=8576 layer 17 encode=415.189 ms execute=18.486 ms
ds4: Flash-MoE prefill layer=18 tokens=8576 unique=237 refs=51456 sync=294.315 ms plan=0.395 ms stage/compute=281.251 ms misses=237
ds4: Flash-MoE hybrid prefill layer=18 ane_groups=21 ane_refs=23689 gpu_i8_groups=0 gpu_i8_refs=0 fp32_groups=0 ane_min_refs=512 concurrent=1 ane_pipeline=1 output_queue=4 async_ane=21 gpu_overlap=216 finishes=21 waits=42
ds4: Flash-MoE overlap plan layer=18 exec_groups=237 planned_ane_groups=21 planned_ane_refs=23689 planned_gpu_groups=216 planned_gpu_refs=27767 tail_gpu_groups=0 tail_gpu_refs=0 planned_ssd_groups=237 est_gpu=41591.0 est_ane=3634.1 est_idle=91.26% wall=279.958 ms actual_ane_groups=21 actual_ane_refs=23689 actual_gpu_groups=0 actual_gpu_refs=0 finishes=21 waits=42 overlap_gpu_groups=216
ds4: gpu chunked prefill pos=0 tokens=8576 layer 18 encode=578.375 ms execute=18.834 ms
ds4: Flash-MoE prefill layer=19 tokens=8576 unique=251 refs=51456 sync=118.260 ms plan=0.396 ms stage/compute=298.142 ms misses=251
ds4: Flash-MoE hybrid prefill layer=19 ane_groups=14 ane_refs=12249 gpu_i8_groups=0 gpu_i8_refs=0 fp32_groups=0 ane_min_refs=512 concurrent=1 ane_pipeline=1 output_queue=4 async_ane=14 gpu_overlap=237 finishes=14 waits=28
ds4: Flash-MoE overlap plan layer=19 exec_groups=251 planned_ane_groups=14 planned_ane_refs=12249 planned_gpu_groups=237 planned_gpu_refs=39207 tail_gpu_groups=0 tail_gpu_refs=0 planned_ssd_groups=251 est_gpu=54375.0 est_ane=2382.2 est_idle=95.62% wall=296.853 ms actual_ane_groups=14 actual_ane_refs=12249 actual_gpu_groups=0 actual_gpu_refs=0 finishes=14 waits=28 overlap_gpu_groups=237
ds4: gpu chunked prefill pos=0 tokens=8576 layer 19 encode=434.400 ms execute=18.438 ms
ds4: Flash-MoE prefill layer=20 tokens=8576 unique=246 refs=51456 sync=294.510 ms plan=0.367 ms stage/compute=310.240 ms misses=246
ds4: Flash-MoE hybrid prefill layer=20 ane_groups=17 ane_refs=21503 gpu_i8_groups=0 gpu_i8_refs=0 fp32_groups=0 ane_min_refs=512 concurrent=1 ane_pipeline=1 output_queue=4 async_ane=17 gpu_overlap=229 finishes=17 waits=34
ds4: Flash-MoE overlap plan layer=20 exec_groups=246 planned_ane_groups=17 planned_ane_refs=21503 planned_gpu_groups=229 planned_gpu_refs=29953 tail_gpu_groups=0 tail_gpu_refs=0 planned_ssd_groups=246 est_gpu=44609.0 est_ane=2963.1 est_idle=93.36% wall=308.864 ms actual_ane_groups=17 actual_ane_refs=21503 actual_gpu_groups=0 actual_gpu_refs=0 finishes=17 waits=34 overlap_gpu_groups=229
ds4: gpu chunked prefill pos=0 tokens=8576 layer 20 encode=606.923 ms execute=18.443 ms
ds4: Flash-MoE prefill layer=21 tokens=8576 unique=242 refs=51456 sync=120.405 ms plan=0.362 ms stage/compute=267.542 ms misses=242
ds4: Flash-MoE hybrid prefill layer=21 ane_groups=29 ane_refs=23378 gpu_i8_groups=0 gpu_i8_refs=0 fp32_groups=0 ane_min_refs=512 concurrent=1 ane_pipeline=1 output_queue=4 async_ane=29 gpu_overlap=213 finishes=29 waits=58
ds4: Flash-MoE overlap plan layer=21 exec_groups=242 planned_ane_groups=29 planned_ane_refs=23378 planned_gpu_groups=213 planned_gpu_refs=28078 tail_gpu_groups=0 tail_gpu_refs=0 planned_ssd_groups=242 est_gpu=41710.0 est_ane=4919.3 est_idle=88.21% wall=266.181 ms actual_ane_groups=29 actual_ane_refs=23378 actual_gpu_groups=0 actual_gpu_refs=0 finishes=29 waits=58 overlap_gpu_groups=213
ds4: gpu chunked prefill pos=0 tokens=8576 layer 21 encode=407.362 ms execute=18.537 ms
ds4: Flash-MoE prefill layer=22 tokens=8576 unique=243 refs=51456 sync=294.473 ms plan=0.322 ms stage/compute=280.450 ms misses=243
ds4: Flash-MoE hybrid prefill layer=22 ane_groups=21 ane_refs=21785 gpu_i8_groups=0 gpu_i8_refs=0 fp32_groups=0 ane_min_refs=512 concurrent=1 ane_pipeline=1 output_queue=4 async_ane=21 gpu_overlap=222 finishes=21 waits=42
ds4: Flash-MoE overlap plan layer=22 exec_groups=243 planned_ane_groups=21 planned_ane_refs=21785 planned_gpu_groups=222 planned_gpu_refs=29671 tail_gpu_groups=0 tail_gpu_refs=0 planned_ssd_groups=243 est_gpu=43879.0 est_ane=3610.8 est_idle=91.77% wall=279.069 ms actual_ane_groups=21 actual_ane_refs=21785 actual_gpu_groups=0 actual_gpu_refs=0 finishes=21 waits=42 overlap_gpu_groups=222
ds4: gpu chunked prefill pos=0 tokens=8576 layer 22 encode=576.992 ms execute=18.704 ms
ds4: Flash-MoE prefill layer=23 tokens=8576 unique=247 refs=51456 sync=118.996 ms plan=0.327 ms stage/compute=276.785 ms misses=247
ds4: Flash-MoE hybrid prefill layer=23 ane_groups=20 ane_refs=17054 gpu_i8_groups=0 gpu_i8_refs=0 fp32_groups=0 ane_min_refs=512 concurrent=1 ane_pipeline=1 output_queue=4 async_ane=20 gpu_overlap=227 finishes=20 waits=40
ds4: Flash-MoE overlap plan layer=23 exec_groups=247 planned_ane_groups=20 planned_ane_refs=17054 planned_gpu_groups=227 planned_gpu_refs=34402 tail_gpu_groups=0 tail_gpu_refs=0 planned_ssd_groups=247 est_gpu=48930.0 est_ane=3396.5 est_idle=93.06% wall=275.442 ms actual_ane_groups=20 actual_ane_refs=17054 actual_gpu_groups=0 actual_gpu_refs=0 finishes=20 waits=40 overlap_gpu_groups=227
ds4: gpu chunked prefill pos=0 tokens=8576 layer 23 encode=414.488 ms execute=18.447 ms
ds4: Flash-MoE prefill layer=24 tokens=8576 unique=233 refs=51456 sync=295.593 ms plan=0.330 ms stage/compute=265.836 ms misses=233
ds4: Flash-MoE hybrid prefill layer=24 ane_groups=24 ane_refs=20084 gpu_i8_groups=0 gpu_i8_refs=0 fp32_groups=0 ane_min_refs=512 concurrent=1 ane_pipeline=1 output_queue=4 async_ane=24 gpu_overlap=209 finishes=24 waits=48
ds4: Flash-MoE overlap plan layer=24 exec_groups=233 planned_ane_groups=24 planned_ane_refs=20084 planned_gpu_groups=209 planned_gpu_refs=31372 tail_gpu_groups=0 tail_gpu_refs=0 planned_ssd_groups=233 est_gpu=44748.0 est_ane=4072.7 est_idle=90.90% wall=264.481 ms actual_ane_groups=24 actual_ane_refs=20084 actual_gpu_groups=0 actual_gpu_refs=0 finishes=24 waits=48 overlap_gpu_groups=209
ds4: gpu chunked prefill pos=0 tokens=8576 layer 24 encode=563.578 ms execute=18.428 ms
ds4: Flash-MoE prefill layer=25 tokens=8576 unique=241 refs=51456 sync=118.507 ms plan=0.349 ms stage/compute=266.608 ms misses=241
ds4: Flash-MoE hybrid prefill layer=25 ane_groups=25 ane_refs=20916 gpu_i8_groups=0 gpu_i8_refs=0 fp32_groups=0 ane_min_refs=512 concurrent=1 ane_pipeline=1 output_queue=4 async_ane=25 gpu_overlap=216 finishes=25 waits=50
ds4: Flash-MoE overlap plan layer=25 exec_groups=241 planned_ane_groups=25 planned_ane_refs=20916 planned_gpu_groups=216 planned_gpu_refs=30540 tail_gpu_groups=0 tail_gpu_refs=0 planned_ssd_groups=241 est_gpu=44364.0 est_ane=4243.1 est_idle=90.44% wall=265.302 ms actual_ane_groups=25 actual_ane_refs=20916 actual_gpu_groups=0 actual_gpu_refs=0 finishes=25 waits=50 overlap_gpu_groups=216
ds4: gpu chunked prefill pos=0 tokens=8576 layer 25 encode=404.491 ms execute=18.430 ms
ds4: Flash-MoE prefill layer=26 tokens=8576 unique=221 refs=51456 sync=295.732 ms plan=0.398 ms stage/compute=274.565 ms misses=221
ds4: Flash-MoE hybrid prefill layer=26 ane_groups=20 ane_refs=26218 gpu_i8_groups=0 gpu_i8_refs=0 fp32_groups=0 ane_min_refs=512 concurrent=1 ane_pipeline=1 output_queue=4 async_ane=20 gpu_overlap=201 finishes=20 waits=40
ds4: Flash-MoE overlap plan layer=26 exec_groups=221 planned_ane_groups=20 planned_ane_refs=26218 planned_gpu_groups=201 planned_gpu_refs=25238 tail_gpu_groups=0 tail_gpu_refs=0 planned_ssd_groups=221 est_gpu=38102.0 est_ane=3492.2 est_idle=90.83% wall=273.235 ms actual_ane_groups=20 actual_ane_refs=26218 actual_gpu_groups=0 actual_gpu_refs=0 finishes=20 waits=40 overlap_gpu_groups=201
ds4: gpu chunked prefill pos=0 tokens=8576 layer 26 encode=572.545 ms execute=18.363 ms
ds4: Flash-MoE prefill layer=27 tokens=8576 unique=232 refs=51456 sync=118.287 ms plan=0.391 ms stage/compute=266.940 ms misses=232
ds4: Flash-MoE hybrid prefill layer=27 ane_groups=26 ane_refs=23379 gpu_i8_groups=0 gpu_i8_refs=0 fp32_groups=0 ane_min_refs=512 concurrent=1 ane_pipeline=1 output_queue=4 async_ane=26 gpu_overlap=206 finishes=26 waits=52
ds4: Flash-MoE overlap plan layer=27 exec_groups=232 planned_ane_groups=26 planned_ane_refs=23379 planned_gpu_groups=206 planned_gpu_refs=28077 tail_gpu_groups=0 tail_gpu_refs=0 planned_ssd_groups=232 est_gpu=41261.0 est_ane=4428.9 est_idle=89.27% wall=265.591 ms actual_ane_groups=26 actual_ane_refs=23379 actual_gpu_groups=0 actual_gpu_refs=0 finishes=26 waits=52 overlap_gpu_groups=206
ds4: gpu chunked prefill pos=0 tokens=8576 layer 27 encode=404.078 ms execute=18.422 ms
ds4: Flash-MoE prefill layer=28 tokens=8576 unique=227 refs=51456 sync=294.468 ms plan=0.343 ms stage/compute=267.028 ms misses=227
ds4: Flash-MoE hybrid prefill layer=28 ane_groups=24 ane_refs=23653 gpu_i8_groups=0 gpu_i8_refs=0 fp32_groups=0 ane_min_refs=512 concurrent=1 ane_pipeline=1 output_queue=4 async_ane=24 gpu_overlap=203 finishes=24 waits=48
ds4: Flash-MoE overlap plan layer=28 exec_groups=227 planned_ane_groups=24 planned_ane_refs=23653 planned_gpu_groups=203 planned_gpu_refs=27803 tail_gpu_groups=0 tail_gpu_refs=0 planned_ssd_groups=227 est_gpu=40795.0 est_ane=4108.9 est_idle=89.93% wall=265.730 ms actual_ane_groups=24 actual_ane_refs=23653 actual_gpu_groups=0 actual_gpu_refs=0 finishes=24 waits=48 overlap_gpu_groups=203
ds4: gpu chunked prefill pos=0 tokens=8576 layer 28 encode=563.732 ms execute=18.434 ms
ds4: Flash-MoE prefill layer=29 tokens=8576 unique=236 refs=51456 sync=118.206 ms plan=0.371 ms stage/compute=278.468 ms misses=236
ds4: Flash-MoE hybrid prefill layer=29 ane_groups=21 ane_refs=20862 gpu_i8_groups=0 gpu_i8_refs=0 fp32_groups=0 ane_min_refs=512 concurrent=1 ane_pipeline=1 output_queue=4 async_ane=21 gpu_overlap=215 finishes=21 waits=42
ds4: Flash-MoE overlap plan layer=29 exec_groups=236 planned_ane_groups=21 planned_ane_refs=20862 planned_gpu_groups=215 planned_gpu_refs=30594 tail_gpu_groups=0 tail_gpu_refs=0 planned_ssd_groups=236 est_gpu=44354.0 est_ane=3597.9 est_idle=91.89% wall=277.173 ms actual_ane_groups=21 actual_ane_refs=20862 actual_gpu_groups=0 actual_gpu_refs=0 finishes=21 waits=42 overlap_gpu_groups=215
ds4: gpu chunked prefill pos=0 tokens=8576 layer 29 encode=414.937 ms execute=18.413 ms
ds4: Flash-MoE prefill layer=30 tokens=8576 unique=242 refs=51456 sync=294.689 ms plan=0.331 ms stage/compute=272.551 ms misses=242
ds4: Flash-MoE hybrid prefill layer=30 ane_groups=25 ane_refs=21755 gpu_i8_groups=0 gpu_i8_refs=0 fp32_groups=0 ane_min_refs=512 concurrent=1 ane_pipeline=1 output_queue=4 async_ane=25 gpu_overlap=217 finishes=25 waits=50
ds4: Flash-MoE overlap plan layer=30 exec_groups=242 planned_ane_groups=25 planned_ane_refs=21755 planned_gpu_groups=217 planned_gpu_refs=29701 tail_gpu_groups=0 tail_gpu_refs=0 planned_ssd_groups=242 est_gpu=43589.0 est_ane=4256.0 est_idle=90.24% wall=271.249 ms actual_ane_groups=25 actual_ane_refs=21755 actual_gpu_groups=0 actual_gpu_refs=0 finishes=25 waits=50 overlap_gpu_groups=217
ds4: gpu chunked prefill pos=0 tokens=8576 layer 30 encode=569.318 ms execute=18.436 ms
ds4: Flash-MoE prefill layer=31 tokens=8576 unique=244 refs=51456 sync=118.702 ms plan=0.252 ms stage/compute=274.336 ms misses=244
ds4: Flash-MoE hybrid prefill layer=31 ane_groups=24 ane_refs=20952 gpu_i8_groups=0 gpu_i8_refs=0 fp32_groups=0 ane_min_refs=512 concurrent=1 ane_pipeline=1 output_queue=4 async_ane=24 gpu_overlap=220 finishes=24 waits=48
ds4: Flash-MoE overlap plan layer=31 exec_groups=244 planned_ane_groups=24 planned_ane_refs=20952 planned_gpu_groups=220 planned_gpu_refs=30504 tail_gpu_groups=0 tail_gpu_refs=0 planned_ssd_groups=244 est_gpu=44584.0 est_ane=4085.7 est_idle=90.84% wall=272.971 ms actual_ane_groups=24 actual_ane_refs=20952 actual_gpu_groups=0 actual_gpu_refs=0 finishes=24 waits=48 overlap_gpu_groups=220
ds4: gpu chunked prefill pos=0 tokens=8576 layer 31 encode=411.932 ms execute=18.456 ms
ds4: Flash-MoE prefill layer=32 tokens=8576 unique=237 refs=51456 sync=295.232 ms plan=0.380 ms stage/compute=272.215 ms misses=237
ds4: Flash-MoE hybrid prefill layer=32 ane_groups=23 ane_refs=23875 gpu_i8_groups=0 gpu_i8_refs=0 fp32_groups=0 ane_min_refs=512 concurrent=1 ane_pipeline=1 output_queue=4 async_ane=23 gpu_overlap=214 finishes=23 waits=46
ds4: Flash-MoE overlap plan layer=32 exec_groups=237 planned_ane_groups=23 planned_ane_refs=23875 planned_gpu_groups=214 planned_gpu_refs=27581 tail_gpu_groups=0 tail_gpu_refs=0 planned_ssd_groups=237 est_gpu=41277.0 est_ane=3948.9 est_idle=90.43% wall=270.902 ms actual_ane_groups=23 actual_ane_refs=23875 actual_gpu_groups=0 actual_gpu_refs=0 finishes=23 waits=46 overlap_gpu_groups=214
ds4: gpu chunked prefill pos=0 tokens=8576 layer 32 encode=569.695 ms execute=18.406 ms
ds4: Flash-MoE prefill layer=33 tokens=8576 unique=240 refs=51456 sync=119.262 ms plan=0.298 ms stage/compute=278.716 ms misses=240
ds4: Flash-MoE hybrid prefill layer=33 ane_groups=24 ane_refs=24786 gpu_i8_groups=0 gpu_i8_refs=0 fp32_groups=0 ane_min_refs=512 concurrent=1 ane_pipeline=1 output_queue=4 async_ane=24 gpu_overlap=216 finishes=24 waits=48
ds4: Flash-MoE overlap plan layer=33 exec_groups=240 planned_ane_groups=24 planned_ane_refs=24786 planned_gpu_groups=216 planned_gpu_refs=26670 tail_gpu_groups=0 tail_gpu_refs=0 planned_ssd_groups=240 est_gpu=40494.0 est_ane=4124.4 est_idle=89.81% wall=277.398 ms actual_ane_groups=24 actual_ane_refs=24786 actual_gpu_groups=0 actual_gpu_refs=0 finishes=24 waits=48 overlap_gpu_groups=216
ds4: gpu chunked prefill pos=0 tokens=8576 layer 33 encode=416.953 ms execute=18.496 ms
ds4: Flash-MoE prefill layer=34 tokens=8576 unique=235 refs=51456 sync=295.069 ms plan=0.384 ms stage/compute=293.675 ms misses=235
ds4: Flash-MoE hybrid prefill layer=34 ane_groups=20 ane_refs=26392 gpu_i8_groups=0 gpu_i8_refs=0 fp32_groups=0 ane_min_refs=512 concurrent=1 ane_pipeline=1 output_queue=4 async_ane=20 gpu_overlap=215 finishes=20 waits=40
ds4: Flash-MoE overlap plan layer=34 exec_groups=235 planned_ane_groups=20 planned_ane_refs=26392 planned_gpu_groups=215 planned_gpu_refs=25064 tail_gpu_groups=0 tail_gpu_refs=0 planned_ssd_groups=235 est_gpu=38824.0 est_ane=3489.6 est_idle=91.01% wall=292.355 ms actual_ane_groups=20 actual_ane_refs=26392 actual_gpu_groups=0 actual_gpu_refs=0 finishes=20 waits=40 overlap_gpu_groups=215
ds4: gpu chunked prefill pos=0 tokens=8576 layer 34 encode=590.989 ms execute=18.509 ms
ds4: Flash-MoE prefill layer=35 tokens=8576 unique=241 refs=51456 sync=118.407 ms plan=0.378 ms stage/compute=286.537 ms misses=241
ds4: Flash-MoE hybrid prefill layer=35 ane_groups=21 ane_refs=22015 gpu_i8_groups=0 gpu_i8_refs=0 fp32_groups=0 ane_min_refs=512 concurrent=1 ane_pipeline=1 output_queue=4 async_ane=21 gpu_overlap=220 finishes=21 waits=42
ds4: Flash-MoE overlap plan layer=35 exec_groups=241 planned_ane_groups=21 planned_ane_refs=22015 planned_gpu_groups=220 planned_gpu_refs=29441 tail_gpu_groups=0 tail_gpu_refs=0 planned_ssd_groups=241 est_gpu=43521.0 est_ane=3613.4 est_idle=91.70% wall=285.144 ms actual_ane_groups=21 actual_ane_refs=22015 actual_gpu_groups=0 actual_gpu_refs=0 finishes=21 waits=42 overlap_gpu_groups=220
ds4: gpu chunked prefill pos=0 tokens=8576 layer 35 encode=422.588 ms execute=18.447 ms
ds4: Flash-MoE prefill layer=36 tokens=8576 unique=232 refs=51456 sync=294.611 ms plan=0.369 ms stage/compute=269.176 ms misses=232
ds4: Flash-MoE hybrid prefill layer=36 ane_groups=26 ane_refs=28525 gpu_i8_groups=0 gpu_i8_refs=0 fp32_groups=0 ane_min_refs=512 concurrent=1 ane_pipeline=1 output_queue=4 async_ane=26 gpu_overlap=206 finishes=26 waits=52
ds4: Flash-MoE overlap plan layer=36 exec_groups=232 planned_ane_groups=26 planned_ane_refs=28525 planned_gpu_groups=206 planned_gpu_refs=22931 tail_gpu_groups=0 tail_gpu_refs=0 planned_ssd_groups=232 est_gpu=36115.0 est_ane=4480.6 est_idle=87.59% wall=267.897 ms actual_ane_groups=26 actual_ane_refs=28525 actual_gpu_groups=0 actual_gpu_refs=0 finishes=26 waits=52 overlap_gpu_groups=206
ds4: gpu chunked prefill pos=0 tokens=8576 layer 36 encode=565.854 ms execute=18.390 ms
ds4: Flash-MoE prefill layer=37 tokens=8576 unique=237 refs=51456 sync=118.547 ms plan=0.416 ms stage/compute=305.580 ms misses=237
ds4: Flash-MoE hybrid prefill layer=37 ane_groups=21 ane_refs=24545 gpu_i8_groups=0 gpu_i8_refs=0 fp32_groups=0 ane_min_refs=512 concurrent=1 ane_pipeline=1 output_queue=4 async_ane=21 gpu_overlap=216 finishes=21 waits=42
ds4: Flash-MoE overlap plan layer=37 exec_groups=237 planned_ane_groups=21 planned_ane_refs=24545 planned_gpu_groups=216 planned_gpu_refs=26911 tail_gpu_groups=0 tail_gpu_refs=0 planned_ssd_groups=237 est_gpu=40735.0 est_ane=3636.7 est_idle=91.07% wall=304.154 ms actual_ane_groups=21 actual_ane_refs=24545 actual_gpu_groups=0 actual_gpu_refs=0 finishes=21 waits=42 overlap_gpu_groups=216
ds4: gpu chunked prefill pos=0 tokens=8576 layer 37 encode=443.233 ms execute=18.624 ms
ds4: Flash-MoE prefill layer=38 tokens=8576 unique=242 refs=51456 sync=294.437 ms plan=0.374 ms stage/compute=274.319 ms misses=242
ds4: Flash-MoE hybrid prefill layer=38 ane_groups=26 ane_refs=23629 gpu_i8_groups=0 gpu_i8_refs=0 fp32_groups=0 ane_min_refs=512 concurrent=1 ane_pipeline=1 output_queue=4 async_ane=26 gpu_overlap=216 finishes=26 waits=52
ds4: Flash-MoE overlap plan layer=38 exec_groups=242 planned_ane_groups=26 planned_ane_refs=23629 planned_gpu_groups=216 planned_gpu_refs=27827 tail_gpu_groups=0 tail_gpu_refs=0 planned_ssd_groups=242 est_gpu=41651.0 est_ane=4436.7 est_idle=89.35% wall=272.828 ms actual_ane_groups=26 actual_ane_refs=23629 actual_gpu_groups=0 actual_gpu_refs=0 finishes=26 waits=52 overlap_gpu_groups=216
ds4: gpu chunked prefill pos=0 tokens=8576 layer 38 encode=571.126 ms execute=18.693 ms
ds4: Flash-MoE prefill layer=39 tokens=8576 unique=246 refs=51456 sync=118.273 ms plan=0.310 ms stage/compute=295.516 ms misses=246
ds4: Flash-MoE hybrid prefill layer=39 ane_groups=17 ane_refs=16453 gpu_i8_groups=0 gpu_i8_refs=0 fp32_groups=0 ane_min_refs=512 concurrent=1 ane_pipeline=1 output_queue=4 async_ane=17 gpu_overlap=229 finishes=17 waits=34
ds4: Flash-MoE overlap plan layer=39 exec_groups=246 planned_ane_groups=17 planned_ane_refs=16453 planned_gpu_groups=229 planned_gpu_refs=35003 tail_gpu_groups=0 tail_gpu_refs=0 planned_ssd_groups=246 est_gpu=49659.0 est_ane=2913.9 est_idle=94.13% wall=294.148 ms actual_ane_groups=17 actual_ane_refs=16453 actual_gpu_groups=0 actual_gpu_refs=0 finishes=17 waits=34 overlap_gpu_groups=229
ds4: gpu chunked prefill pos=0 tokens=8576 layer 39 encode=432.784 ms execute=18.881 ms
ds4: Flash-MoE prefill layer=40 tokens=8576 unique=234 refs=51456 sync=295.033 ms plan=0.461 ms stage/compute=265.376 ms misses=234
ds4: Flash-MoE hybrid prefill layer=40 ane_groups=27 ane_refs=24893 gpu_i8_groups=0 gpu_i8_refs=0 fp32_groups=0 ane_min_refs=512 concurrent=1 ane_pipeline=1 output_queue=4 async_ane=27 gpu_overlap=207 finishes=27 waits=54
ds4: Flash-MoE overlap plan layer=40 exec_groups=234 planned_ane_groups=27 planned_ane_refs=24893 planned_gpu_groups=207 planned_gpu_refs=26563 tail_gpu_groups=0 tail_gpu_refs=0 planned_ssd_groups=234 est_gpu=39811.0 est_ane=4609.6 est_idle=88.42% wall=264.092 ms actual_ane_groups=27 actual_ane_refs=24893 actual_gpu_groups=0 actual_gpu_refs=0 finishes=27 waits=54 overlap_gpu_groups=207
ds4: gpu chunked prefill pos=0 tokens=8576 layer 40 encode=562.565 ms execute=18.334 ms
ds4: Flash-MoE prefill layer=41 tokens=8576 unique=240 refs=51456 sync=118.480 ms plan=0.339 ms stage/compute=275.283 ms misses=240
ds4: Flash-MoE hybrid prefill layer=41 ane_groups=21 ane_refs=18151 gpu_i8_groups=0 gpu_i8_refs=0 fp32_groups=0 ane_min_refs=512 concurrent=1 ane_pipeline=1 output_queue=4 async_ane=21 gpu_overlap=219 finishes=21 waits=42
ds4: Flash-MoE overlap plan layer=41 exec_groups=240 planned_ane_groups=21 planned_ane_refs=18151 planned_gpu_groups=219 planned_gpu_refs=33305 tail_gpu_groups=0 tail_gpu_refs=0 planned_ssd_groups=240 est_gpu=47321.0 est_ane=3572.0 est_idle=92.45% wall=273.935 ms actual_ane_groups=21 actual_ane_refs=18151 actual_gpu_groups=0 actual_gpu_refs=0 finishes=21 waits=42 overlap_gpu_groups=219
ds4: gpu chunked prefill pos=0 tokens=8576 layer 41 encode=412.246 ms execute=18.424 ms
ds4: Flash-MoE prefill layer=42 tokens=8576 unique=233 refs=51456 sync=294.890 ms plan=0.323 ms stage/compute=272.130 ms misses=233
ds4: Flash-MoE hybrid prefill layer=42 ane_groups=22 ane_refs=18119 gpu_i8_groups=0 gpu_i8_refs=0 fp32_groups=0 ane_min_refs=512 concurrent=1 ane_pipeline=1 output_queue=4 async_ane=22 gpu_overlap=211 finishes=22 waits=44
ds4: Flash-MoE overlap plan layer=42 exec_groups=233 planned_ane_groups=22 planned_ane_refs=18119 planned_gpu_groups=211 planned_gpu_refs=33337 tail_gpu_groups=0 tail_gpu_refs=0 planned_ssd_groups=233 est_gpu=46841.0 est_ane=3732.0 est_idle=92.03% wall=270.781 ms actual_ane_groups=22 actual_ane_refs=18119 actual_gpu_groups=0 actual_gpu_refs=0 finishes=22 waits=44 overlap_gpu_groups=211
ds4: gpu chunked prefill pos=0 tokens=8576 layer 42 encode=568.995 ms execute=18.417 ms
processing 14867 input tokens: 8576/14867 (57.7%) batch=382.09 t/s avg=376.28 t/s
ds4: Flash-MoE prefill layer=0 tokens=6291 unique=256 refs=37746 sync=75.856 ms plan=0.329 ms stage/compute=268.756 ms misses=256
ds4: Flash-MoE hybrid prefill layer=0 ane_groups=0 ane_refs=0 gpu_i8_groups=0 gpu_i8_refs=0 fp32_groups=0 ane_min_refs=512 concurrent=1 ane_pipeline=1 output_queue=4 async_ane=0 gpu_overlap=0 finishes=0 waits=0
ds4: Flash-MoE overlap plan layer=0 exec_groups=256 planned_ane_groups=0 planned_ane_refs=0 planned_gpu_groups=256 planned_gpu_refs=37746 tail_gpu_groups=0 tail_gpu_refs=0 planned_ssd_groups=256 est_gpu=54130.0 est_ane=0.0 est_idle=100.00% wall=267.735 ms actual_ane_groups=0 actual_ane_refs=0 actual_gpu_groups=0 actual_gpu_refs=0 finishes=0 waits=0 overlap_gpu_groups=0
ds4: gpu chunked prefill pos=8576 tokens=6291 layer 0 encode=353.408 ms execute=14.074 ms
ds4: Flash-MoE prefill layer=1 tokens=6291 unique=256 refs=37746 sync=76.695 ms plan=0.328 ms stage/compute=264.714 ms misses=256
ds4: Flash-MoE hybrid prefill layer=1 ane_groups=0 ane_refs=0 gpu_i8_groups=0 gpu_i8_refs=0 fp32_groups=0 ane_min_refs=512 concurrent=1 ane_pipeline=1 output_queue=4 async_ane=0 gpu_overlap=0 finishes=0 waits=0
ds4: Flash-MoE overlap plan layer=1 exec_groups=256 planned_ane_groups=0 planned_ane_refs=0 planned_gpu_groups=256 planned_gpu_refs=37746 tail_gpu_groups=0 tail_gpu_refs=0 planned_ssd_groups=256 est_gpu=54130.0 est_ane=0.0 est_idle=100.00% wall=263.689 ms actual_ane_groups=0 actual_ane_refs=0 actual_gpu_groups=0 actual_gpu_refs=0 finishes=0 waits=0 overlap_gpu_groups=0
ds4: gpu chunked prefill pos=8576 tokens=6291 layer 1 encode=350.293 ms execute=13.981 ms
ds4: Flash-MoE prefill layer=2 tokens=6291 unique=256 refs=37746 sync=350.732 ms plan=0.356 ms stage/compute=265.480 ms misses=256
ds4: Flash-MoE hybrid prefill layer=2 ane_groups=1 ane_refs=520 gpu_i8_groups=0 gpu_i8_refs=0 fp32_groups=0 ane_min_refs=512 concurrent=1 ane_pipeline=1 output_queue=4 async_ane=1 gpu_overlap=255 finishes=1 waits=2
ds4: Flash-MoE overlap plan layer=2 exec_groups=256 planned_ane_groups=1 planned_ane_refs=520 planned_gpu_groups=255 planned_gpu_refs=37226 tail_gpu_groups=0 tail_gpu_refs=0 planned_ssd_groups=256 est_gpu=53546.0 est_ane=167.8 est_idle=99.69% wall=264.402 ms actual_ane_groups=1 actual_ane_refs=520 actual_gpu_groups=0 actual_gpu_refs=0 finishes=1 waits=2 overlap_gpu_groups=255
ds4: gpu chunked prefill pos=8576 tokens=6291 layer 2 encode=643.771 ms execute=13.933 ms
ds4: Flash-MoE prefill layer=3 tokens=6291 unique=241 refs=37746 sync=101.978 ms plan=0.313 ms stage/compute=249.587 ms misses=241
ds4: Flash-MoE hybrid prefill layer=3 ane_groups=7 ane_refs=6709 gpu_i8_groups=0 gpu_i8_refs=0 fp32_groups=0 ane_min_refs=512 concurrent=1 ane_pipeline=1 output_queue=4 async_ane=7 gpu_overlap=234 finishes=7 waits=14
ds4: Flash-MoE overlap plan layer=3 exec_groups=241 planned_ane_groups=7 planned_ane_refs=6709 planned_gpu_groups=234 planned_gpu_refs=31037 tail_gpu_groups=0 tail_gpu_refs=0 planned_ssd_groups=241 est_gpu=46013.0 est_ane=1195.0 est_idle=97.40% wall=248.504 ms actual_ane_groups=7 actual_ane_refs=6709 actual_gpu_groups=0 actual_gpu_refs=0 finishes=7 waits=14 overlap_gpu_groups=234
ds4: gpu chunked prefill pos=8576 tokens=6291 layer 3 encode=366.821 ms execute=13.791 ms
ds4: Flash-MoE prefill layer=4 tokens=6291 unique=240 refs=37746 sync=349.124 ms plan=0.370 ms stage/compute=241.717 ms misses=240
ds4: Flash-MoE hybrid prefill layer=4 ane_groups=12 ane_refs=8977 gpu_i8_groups=0 gpu_i8_refs=0 fp32_groups=0 ane_min_refs=512 concurrent=1 ane_pipeline=1 output_queue=4 async_ane=12 gpu_overlap=228 finishes=12 waits=24
ds4: Flash-MoE overlap plan layer=4 exec_groups=240 planned_ane_groups=12 planned_ane_refs=8977 planned_gpu_groups=228 planned_gpu_refs=28769 tail_gpu_groups=0 tail_gpu_refs=0 planned_ssd_groups=240 est_gpu=43361.0 est_ane=2028.6 est_idle=95.32% wall=240.673 ms actual_ane_groups=12 actual_ane_refs=8977 actual_gpu_groups=0 actual_gpu_refs=0 finishes=12 waits=24 overlap_gpu_groups=228
ds4: gpu chunked prefill pos=8576 tokens=6291 layer 4 encode=615.831 ms execute=13.688 ms
ds4: Flash-MoE prefill layer=5 tokens=6291 unique=250 refs=37746 sync=101.870 ms plan=0.378 ms stage/compute=253.179 ms misses=250
ds4: Flash-MoE hybrid prefill layer=5 ane_groups=8 ane_refs=7446 gpu_i8_groups=0 gpu_i8_refs=0 fp32_groups=0 ane_min_refs=512 concurrent=1 ane_pipeline=1 output_queue=4 async_ane=8 gpu_overlap=242 finishes=8 waits=16
ds4: Flash-MoE overlap plan layer=5 exec_groups=250 planned_ane_groups=8 planned_ane_refs=7446 planned_gpu_groups=242 planned_gpu_refs=30300 tail_gpu_groups=0 tail_gpu_refs=0 planned_ssd_groups=250 est_gpu=45788.0 est_ane=1367.9 est_idle=97.01% wall=252.062 ms actual_ane_groups=8 actual_ane_refs=7446 actual_gpu_groups=0 actual_gpu_refs=0 finishes=8 waits=16 overlap_gpu_groups=242
ds4: gpu chunked prefill pos=8576 tokens=6291 layer 5 encode=371.121 ms execute=13.798 ms
ds4: Flash-MoE prefill layer=6 tokens=6291 unique=241 refs=37746 sync=350.374 ms plan=0.333 ms stage/compute=235.274 ms misses=241
ds4: Flash-MoE hybrid prefill layer=6 ane_groups=8 ane_refs=6937 gpu_i8_groups=0 gpu_i8_refs=0 fp32_groups=0 ane_min_refs=512 concurrent=1 ane_pipeline=1 output_queue=4 async_ane=8 gpu_overlap=233 finishes=8 waits=16
ds4: Flash-MoE overlap plan layer=6 exec_groups=241 planned_ane_groups=8 planned_ane_refs=6937 planned_gpu_groups=233 planned_gpu_refs=30809 tail_gpu_groups=0 tail_gpu_refs=0 planned_ssd_groups=241 est_gpu=45721.0 est_ane=1360.2 est_idle=97.03% wall=234.249 ms actual_ane_groups=8 actual_ane_refs=6937 actual_gpu_groups=0 actual_gpu_refs=0 finishes=8 waits=16 overlap_gpu_groups=233
ds4: gpu chunked prefill pos=8576 tokens=6291 layer 6 encode=608.145 ms execute=13.699 ms
ds4: Flash-MoE prefill layer=7 tokens=6291 unique=251 refs=37746 sync=102.094 ms plan=0.362 ms stage/compute=249.178 ms misses=251
ds4: Flash-MoE hybrid prefill layer=7 ane_groups=10 ane_refs=7649 gpu_i8_groups=0 gpu_i8_refs=0 fp32_groups=0 ane_min_refs=512 concurrent=1 ane_pipeline=1 output_queue=4 async_ane=10 gpu_overlap=241 finishes=10 waits=20
ds4: Flash-MoE overlap plan layer=7 exec_groups=251 planned_ane_groups=10 planned_ane_refs=7649 planned_gpu_groups=241 planned_gpu_refs=30097 tail_gpu_groups=0 tail_gpu_refs=0 planned_ssd_groups=251 est_gpu=45521.0 est_ane=1690.5 est_idle=96.29% wall=248.112 ms actual_ane_groups=10 actual_ane_refs=7649 actual_gpu_groups=0 actual_gpu_refs=0 finishes=10 waits=20 overlap_gpu_groups=241
ds4: gpu chunked prefill pos=8576 tokens=6291 layer 7 encode=367.506 ms execute=13.778 ms
ds4: Flash-MoE prefill layer=8 tokens=6291 unique=237 refs=37746 sync=349.669 ms plan=0.371 ms stage/compute=236.567 ms misses=237
ds4: Flash-MoE hybrid prefill layer=8 ane_groups=12 ane_refs=9607 gpu_i8_groups=0 gpu_i8_refs=0 fp32_groups=0 ane_min_refs=512 concurrent=1 ane_pipeline=1 output_queue=4 async_ane=12 gpu_overlap=225 finishes=12 waits=24
ds4: Flash-MoE overlap plan layer=8 exec_groups=237 planned_ane_groups=12 planned_ane_refs=9607 planned_gpu_groups=225 planned_gpu_refs=28139 tail_gpu_groups=0 tail_gpu_refs=0 planned_ssd_groups=237 est_gpu=42539.0 est_ane=2036.4 est_idle=95.21% wall=235.518 ms actual_ane_groups=12 actual_ane_refs=9607 actual_gpu_groups=0 actual_gpu_refs=0 finishes=12 waits=24 overlap_gpu_groups=225
ds4: gpu chunked prefill pos=8576 tokens=6291 layer 8 encode=609.063 ms execute=13.682 ms
ds4: Flash-MoE prefill layer=9 tokens=6291 unique=250 refs=37746 sync=101.596 ms plan=0.335 ms stage/compute=245.198 ms misses=250
ds4: Flash-MoE hybrid prefill layer=9 ane_groups=11 ane_refs=7678 gpu_i8_groups=0 gpu_i8_refs=0 fp32_groups=0 ane_min_refs=512 concurrent=1 ane_pipeline=1 output_queue=4 async_ane=11 gpu_overlap=239 finishes=11 waits=22
ds4: Flash-MoE overlap plan layer=9 exec_groups=250 planned_ane_groups=11 planned_ane_refs=7678 planned_gpu_groups=239 planned_gpu_refs=30068 tail_gpu_groups=0 tail_gpu_refs=0 planned_ssd_groups=250 est_gpu=45364.0 est_ane=1855.7 est_idle=95.91% wall=244.142 ms actual_ane_groups=11 actual_ane_refs=7678 actual_gpu_groups=0 actual_gpu_refs=0 finishes=11 waits=22 overlap_gpu_groups=239
ds4: gpu chunked prefill pos=8576 tokens=6291 layer 9 encode=362.173 ms execute=13.780 ms
ds4: Flash-MoE prefill layer=10 tokens=6291 unique=244 refs=37746 sync=349.979 ms plan=0.363 ms stage/compute=232.072 ms misses=244
ds4: Flash-MoE hybrid prefill layer=10 ane_groups=14 ane_refs=9633 gpu_i8_groups=0 gpu_i8_refs=0 fp32_groups=0 ane_min_refs=512 concurrent=1 ane_pipeline=1 output_queue=4 async_ane=14 gpu_overlap=230 finishes=14 waits=28
ds4: Flash-MoE overlap plan layer=10 exec_groups=244 planned_ane_groups=14 planned_ane_refs=9633 planned_gpu_groups=230 planned_gpu_refs=28113 tail_gpu_groups=0 tail_gpu_refs=0 planned_ssd_groups=244 est_gpu=42833.0 est_ane=2361.5 est_idle=94.49% wall=231.072 ms actual_ane_groups=14 actual_ane_refs=9633 actual_gpu_groups=0 actual_gpu_refs=0 finishes=14 waits=28 overlap_gpu_groups=230
ds4: gpu chunked prefill pos=8576 tokens=6291 layer 10 encode=608.189 ms execute=13.777 ms
ds4: Flash-MoE prefill layer=11 tokens=6291 unique=248 refs=37746 sync=102.692 ms plan=0.330 ms stage/compute=243.465 ms misses=248
ds4: Flash-MoE hybrid prefill layer=11 ane_groups=8 ane_refs=6352 gpu_i8_groups=0 gpu_i8_refs=0 fp32_groups=0 ane_min_refs=512 concurrent=1 ane_pipeline=1 output_queue=4 async_ane=8 gpu_overlap=240 finishes=8 waits=16
ds4: Flash-MoE overlap plan layer=11 exec_groups=248 planned_ane_groups=8 planned_ane_refs=6352 planned_gpu_groups=240 planned_gpu_refs=31394 tail_gpu_groups=0 tail_gpu_refs=0 planned_ssd_groups=248 est_gpu=46754.0 est_ane=1355.0 est_idle=97.10% wall=242.285 ms actual_ane_groups=8 actual_ane_refs=6352 actual_gpu_groups=0 actual_gpu_refs=0 finishes=8 waits=16 overlap_gpu_groups=240
ds4: gpu chunked prefill pos=8576 tokens=6291 layer 11 encode=360.879 ms execute=13.770 ms
ds4: Flash-MoE prefill layer=12 tokens=6291 unique=245 refs=37746 sync=349.840 ms plan=0.430 ms stage/compute=239.819 ms misses=245
ds4: Flash-MoE hybrid prefill layer=12 ane_groups=12 ane_refs=9528 gpu_i8_groups=0 gpu_i8_refs=0 fp32_groups=0 ane_min_refs=512 concurrent=1 ane_pipeline=1 output_queue=4 async_ane=12 gpu_overlap=233 finishes=12 waits=24
ds4: Flash-MoE overlap plan layer=12 exec_groups=245 planned_ane_groups=12 planned_ane_refs=9528 planned_gpu_groups=233 planned_gpu_refs=28218 tail_gpu_groups=0 tail_gpu_refs=0 planned_ssd_groups=245 est_gpu=43130.0 est_ane=2036.4 est_idle=95.28% wall=238.826 ms actual_ane_groups=12 actual_ane_refs=9528 actual_gpu_groups=0 actual_gpu_refs=0 finishes=12 waits=24 overlap_gpu_groups=233
ds4: gpu chunked prefill pos=8576 tokens=6291 layer 12 encode=612.507 ms execute=13.848 ms
ds4: Flash-MoE prefill layer=13 tokens=6291 unique=234 refs=37746 sync=101.634 ms plan=0.381 ms stage/compute=230.959 ms misses=234
ds4: Flash-MoE hybrid prefill layer=13 ane_groups=17 ane_refs=15835 gpu_i8_groups=0 gpu_i8_refs=0 fp32_groups=0 ane_min_refs=512 concurrent=1 ane_pipeline=1 output_queue=4 async_ane=17 gpu_overlap=217 finishes=17 waits=34
ds4: Flash-MoE overlap plan layer=13 exec_groups=234 planned_ane_groups=17 planned_ane_refs=15835 planned_gpu_groups=217 planned_gpu_refs=21911 tail_gpu_groups=0 tail_gpu_refs=0 planned_ssd_groups=234 est_gpu=35799.0 est_ane=2903.6 est_idle=91.89% wall=229.899 ms actual_ane_groups=17 actual_ane_refs=15835 actual_gpu_groups=0 actual_gpu_refs=0 finishes=17 waits=34 overlap_gpu_groups=217
ds4: gpu chunked prefill pos=8576 tokens=6291 layer 13 encode=347.763 ms execute=13.718 ms
ds4: Flash-MoE prefill layer=14 tokens=6291 unique=232 refs=37746 sync=347.812 ms plan=0.385 ms stage/compute=239.243 ms misses=232
ds4: Flash-MoE hybrid prefill layer=14 ane_groups=14 ane_refs=17036 gpu_i8_groups=0 gpu_i8_refs=0 fp32_groups=0 ane_min_refs=512 concurrent=1 ane_pipeline=1 output_queue=4 async_ane=14 gpu_overlap=218 finishes=14 waits=28
ds4: Flash-MoE overlap plan layer=14 exec_groups=232 planned_ane_groups=14 planned_ane_refs=17036 planned_gpu_groups=218 planned_gpu_refs=20710 tail_gpu_groups=0 tail_gpu_refs=0 planned_ssd_groups=232 est_gpu=34662.0 est_ane=2431.4 est_idle=92.99% wall=238.238 ms actual_ane_groups=14 actual_ane_refs=17036 actual_gpu_groups=0 actual_gpu_refs=0 finishes=14 waits=28 overlap_gpu_groups=218
ds4: gpu chunked prefill pos=8576 tokens=6291 layer 14 encode=609.294 ms execute=13.685 ms
ds4: Flash-MoE prefill layer=15 tokens=6291 unique=221 refs=37746 sync=101.714 ms plan=0.351 ms stage/compute=229.868 ms misses=221
ds4: Flash-MoE hybrid prefill layer=15 ane_groups=18 ane_refs=18841 gpu_i8_groups=0 gpu_i8_refs=0 fp32_groups=0 ane_min_refs=512 concurrent=1 ane_pipeline=1 output_queue=4 async_ane=18 gpu_overlap=203 finishes=18 waits=36
ds4: Flash-MoE overlap plan layer=15 exec_groups=221 planned_ane_groups=18 planned_ane_refs=18841 planned_gpu_groups=203 planned_gpu_refs=18905 tail_gpu_groups=0 tail_gpu_refs=0 planned_ssd_groups=221 est_gpu=31897.0 est_ane=3094.6 est_idle=90.30% wall=228.768 ms actual_ane_groups=18 actual_ane_refs=18841 actual_gpu_groups=0 actual_gpu_refs=0 finishes=18 waits=36 overlap_gpu_groups=203
ds4: gpu chunked prefill pos=8576 tokens=6291 layer 15 encode=347.304 ms execute=13.820 ms
ds4: Flash-MoE prefill layer=16 tokens=6291 unique=222 refs=37746 sync=349.020 ms plan=0.512 ms stage/compute=237.459 ms misses=222
ds4: Flash-MoE hybrid prefill layer=16 ane_groups=16 ane_refs=19813 gpu_i8_groups=0 gpu_i8_refs=0 fp32_groups=0 ane_min_refs=512 concurrent=1 ane_pipeline=1 output_queue=4 async_ane=16 gpu_overlap=206 finishes=16 waits=32
ds4: Flash-MoE overlap plan layer=16 exec_groups=222 planned_ane_groups=16 planned_ane_refs=19813 planned_gpu_groups=206 planned_gpu_refs=17933 tail_gpu_groups=0 tail_gpu_refs=0 planned_ssd_groups=222 est_gpu=31117.0 est_ane=2779.8 est_idle=91.07% wall=236.465 ms actual_ane_groups=16 actual_ane_refs=19813 actual_gpu_groups=0 actual_gpu_refs=0 finishes=16 waits=32 overlap_gpu_groups=206
ds4: gpu chunked prefill pos=8576 tokens=6291 layer 16 encode=609.757 ms execute=13.650 ms
ds4: Flash-MoE prefill layer=17 tokens=6291 unique=222 refs=37746 sync=101.501 ms plan=0.363 ms stage/compute=223.357 ms misses=222
ds4: Flash-MoE hybrid prefill layer=17 ane_groups=17 ane_refs=14727 gpu_i8_groups=0 gpu_i8_refs=0 fp32_groups=0 ane_min_refs=512 concurrent=1 ane_pipeline=1 output_queue=4 async_ane=17 gpu_overlap=205 finishes=17 waits=34
ds4: Flash-MoE overlap plan layer=17 exec_groups=222 planned_ane_groups=17 planned_ane_refs=14727 planned_gpu_groups=205 planned_gpu_refs=23019 tail_gpu_groups=0 tail_gpu_refs=0 planned_ssd_groups=222 est_gpu=36139.0 est_ane=2895.8 est_idle=91.99% wall=222.311 ms actual_ane_groups=17 actual_ane_refs=14727 actual_gpu_groups=0 actual_gpu_refs=0 finishes=17 waits=34 overlap_gpu_groups=205
ds4: gpu chunked prefill pos=8576 tokens=6291 layer 17 encode=341.251 ms execute=13.790 ms
ds4: Flash-MoE prefill layer=18 tokens=6291 unique=212 refs=37746 sync=349.287 ms plan=0.364 ms stage/compute=221.345 ms misses=212
ds4: Flash-MoE hybrid prefill layer=18 ane_groups=16 ane_refs=16180 gpu_i8_groups=0 gpu_i8_refs=0 fp32_groups=0 ane_min_refs=512 concurrent=1 ane_pipeline=1 output_queue=4 async_ane=16 gpu_overlap=196 finishes=16 waits=32
ds4: Flash-MoE overlap plan layer=18 exec_groups=212 planned_ane_groups=16 planned_ane_refs=16180 planned_gpu_groups=196 planned_gpu_refs=21566 tail_gpu_groups=0 tail_gpu_refs=0 planned_ssd_groups=212 est_gpu=34110.0 est_ane=2746.2 est_idle=91.95% wall=220.272 ms actual_ane_groups=16 actual_ane_refs=16180 actual_gpu_groups=0 actual_gpu_refs=0 finishes=16 waits=32 overlap_gpu_groups=196
ds4: gpu chunked prefill pos=8576 tokens=6291 layer 18 encode=593.365 ms execute=13.907 ms
ds4: Flash-MoE prefill layer=19 tokens=6291 unique=244 refs=37746 sync=103.700 ms plan=0.354 ms stage/compute=246.924 ms misses=244
ds4: Flash-MoE hybrid prefill layer=19 ane_groups=10 ane_refs=8675 gpu_i8_groups=0 gpu_i8_refs=0 fp32_groups=0 ane_min_refs=512 concurrent=1 ane_pipeline=1 output_queue=4 async_ane=10 gpu_overlap=234 finishes=10 waits=20
ds4: Flash-MoE overlap plan layer=19 exec_groups=244 planned_ane_groups=10 planned_ane_refs=8675 planned_gpu_groups=234 planned_gpu_refs=29071 tail_gpu_groups=0 tail_gpu_refs=0 planned_ssd_groups=244 est_gpu=44047.0 est_ane=1700.8 est_idle=96.14% wall=245.821 ms actual_ane_groups=10 actual_ane_refs=8675 actual_gpu_groups=0 actual_gpu_refs=0 finishes=10 waits=20 overlap_gpu_groups=234
ds4: gpu chunked prefill pos=8576 tokens=6291 layer 19 encode=366.127 ms execute=13.716 ms
ds4: Flash-MoE prefill layer=20 tokens=6291 unique=213 refs=37746 sync=349.998 ms plan=0.407 ms stage/compute=229.782 ms misses=213
ds4: Flash-MoE hybrid prefill layer=20 ane_groups=14 ane_refs=15207 gpu_i8_groups=0 gpu_i8_refs=0 fp32_groups=0 ane_min_refs=512 concurrent=1 ane_pipeline=1 output_queue=4 async_ane=14 gpu_overlap=199 finishes=14 waits=28
ds4: Flash-MoE overlap plan layer=20 exec_groups=213 planned_ane_groups=14 planned_ane_refs=15207 planned_gpu_groups=199 planned_gpu_refs=22539 tail_gpu_groups=0 tail_gpu_refs=0 planned_ssd_groups=213 est_gpu=35275.0 est_ane=2410.7 est_idle=93.17% wall=228.787 ms actual_ane_groups=14 actual_ane_refs=15207 actual_gpu_groups=0 actual_gpu_refs=0 finishes=14 waits=28 overlap_gpu_groups=199
ds4: gpu chunked prefill pos=8576 tokens=6291 layer 20 encode=606.660 ms execute=13.877 ms
ds4: Flash-MoE prefill layer=21 tokens=6291 unique=217 refs=37746 sync=102.308 ms plan=0.372 ms stage/compute=223.826 ms misses=217
ds4: Flash-MoE hybrid prefill layer=21 ane_groups=17 ane_refs=14103 gpu_i8_groups=0 gpu_i8_refs=0 fp32_groups=0 ane_min_refs=512 concurrent=1 ane_pipeline=1 output_queue=4 async_ane=17 gpu_overlap=200 finishes=17 waits=34
ds4: Flash-MoE overlap plan layer=21 exec_groups=217 planned_ane_groups=17 planned_ane_refs=14103 planned_gpu_groups=200 planned_gpu_refs=23643 tail_gpu_groups=0 tail_gpu_refs=0 planned_ssd_groups=217 est_gpu=36443.0 est_ane=2893.3 est_idle=92.06% wall=222.865 ms actual_ane_groups=17 actual_ane_refs=14103 actual_gpu_groups=0 actual_gpu_refs=0 finishes=17 waits=34 overlap_gpu_groups=200
ds4: gpu chunked prefill pos=8576 tokens=6291 layer 21 encode=342.631 ms execute=13.729 ms
ds4: Flash-MoE prefill layer=22 tokens=6291 unique=210 refs=37746 sync=350.940 ms plan=0.305 ms stage/compute=220.749 ms misses=210
ds4: Flash-MoE hybrid prefill layer=22 ane_groups=12 ane_refs=13939 gpu_i8_groups=0 gpu_i8_refs=0 fp32_groups=0 ane_min_refs=512 concurrent=1 ane_pipeline=1 output_queue=4 async_ane=12 gpu_overlap=198 finishes=12 waits=24
ds4: Flash-MoE overlap plan layer=22 exec_groups=210 planned_ane_groups=12 planned_ane_refs=13939 planned_gpu_groups=198 planned_gpu_refs=23807 tail_gpu_groups=0 tail_gpu_refs=0 planned_ssd_groups=210 est_gpu=36479.0 est_ane=2080.3 est_idle=94.30% wall=219.709 ms actual_ane_groups=12 actual_ane_refs=13939 actual_gpu_groups=0 actual_gpu_refs=0 finishes=12 waits=24 overlap_gpu_groups=198
ds4: gpu chunked prefill pos=8576 tokens=6291 layer 22 encode=594.788 ms execute=13.708 ms
ds4: Flash-MoE prefill layer=23 tokens=6291 unique=225 refs=37746 sync=102.529 ms plan=0.323 ms stage/compute=224.231 ms misses=225
ds4: Flash-MoE hybrid prefill layer=23 ane_groups=15 ane_refs=13140 gpu_i8_groups=0 gpu_i8_refs=0 fp32_groups=0 ane_min_refs=512 concurrent=1 ane_pipeline=1 output_queue=4 async_ane=15 gpu_overlap=210 finishes=15 waits=30
ds4: Flash-MoE overlap plan layer=23 exec_groups=225 planned_ane_groups=15 planned_ane_refs=13140 planned_gpu_groups=210 planned_gpu_refs=24606 tail_gpu_groups=0 tail_gpu_refs=0 planned_ssd_groups=225 est_gpu=38046.0 est_ane=2557.7 est_idle=93.28% wall=223.169 ms actual_ane_groups=15 actual_ane_refs=13140 actual_gpu_groups=0 actual_gpu_refs=0 finishes=15 waits=30 overlap_gpu_groups=210
ds4: gpu chunked prefill pos=8576 tokens=6291 layer 23 encode=343.006 ms execute=13.801 ms
ds4: Flash-MoE prefill layer=24 tokens=6291 unique=208 refs=37746 sync=348.444 ms plan=0.380 ms stage/compute=215.320 ms misses=208
ds4: Flash-MoE hybrid prefill layer=24 ane_groups=15 ane_refs=12555 gpu_i8_groups=0 gpu_i8_refs=0 fp32_groups=0 ane_min_refs=512 concurrent=1 ane_pipeline=1 output_queue=4 async_ane=15 gpu_overlap=193 finishes=15 waits=30
ds4: Flash-MoE overlap plan layer=24 exec_groups=208 planned_ane_groups=15 planned_ane_refs=12555 planned_gpu_groups=193 planned_gpu_refs=25191 tail_gpu_groups=0 tail_gpu_refs=0 planned_ssd_groups=208 est_gpu=37543.0 est_ane=2550.0 est_idle=93.21% wall=214.309 ms actual_ane_groups=15 actual_ane_refs=12555 actual_gpu_groups=0 actual_gpu_refs=0 finishes=15 waits=30 overlap_gpu_groups=193
ds4: gpu chunked prefill pos=8576 tokens=6291 layer 24 encode=587.199 ms execute=13.701 ms
ds4: Flash-MoE prefill layer=25 tokens=6291 unique=209 refs=37746 sync=101.977 ms plan=0.325 ms stage/compute=221.519 ms misses=209
ds4: Flash-MoE hybrid prefill layer=25 ane_groups=16 ane_refs=14780 gpu_i8_groups=0 gpu_i8_refs=0 fp32_groups=0 ane_min_refs=512 concurrent=1 ane_pipeline=1 output_queue=4 async_ane=16 gpu_overlap=193 finishes=16 waits=32
ds4: Flash-MoE overlap plan layer=25 exec_groups=209 planned_ane_groups=16 planned_ane_refs=14780 planned_gpu_groups=193 planned_gpu_refs=22966 tail_gpu_groups=0 tail_gpu_refs=0 planned_ssd_groups=209 est_gpu=35318.0 est_ane=2733.3 est_idle=92.26% wall=220.559 ms actual_ane_groups=16 actual_ane_refs=14780 actual_gpu_groups=0 actual_gpu_refs=0 finishes=16 waits=32 overlap_gpu_groups=193
ds4: gpu chunked prefill pos=8576 tokens=6291 layer 25 encode=338.938 ms execute=13.756 ms
ds4: Flash-MoE prefill layer=26 tokens=6291 unique=199 refs=37746 sync=350.011 ms plan=0.520 ms stage/compute=225.622 ms misses=199
ds4: Flash-MoE hybrid prefill layer=26 ane_groups=17 ane_refs=22496 gpu_i8_groups=0 gpu_i8_refs=0 fp32_groups=0 ane_min_refs=512 concurrent=1 ane_pipeline=1 output_queue=4 async_ane=17 gpu_overlap=182 finishes=17 waits=34
ds4: Flash-MoE overlap plan layer=26 exec_groups=199 planned_ane_groups=17 planned_ane_refs=22496 planned_gpu_groups=182 planned_gpu_refs=15250 tail_gpu_groups=0 tail_gpu_refs=0 planned_ssd_groups=199 est_gpu=26898.0 est_ane=2976.0 est_idle=88.94% wall=224.637 ms actual_ane_groups=17 actual_ane_refs=22496 actual_gpu_groups=0 actual_gpu_refs=0 finishes=17 waits=34 overlap_gpu_groups=182
ds4: gpu chunked prefill pos=8576 tokens=6291 layer 26 encode=600.567 ms execute=13.713 ms
ds4: Flash-MoE prefill layer=27 tokens=6291 unique=212 refs=37746 sync=102.201 ms plan=0.379 ms stage/compute=224.838 ms misses=212
ds4: Flash-MoE hybrid prefill layer=27 ane_groups=18 ane_refs=18470 gpu_i8_groups=0 gpu_i8_refs=0 fp32_groups=0 ane_min_refs=512 concurrent=1 ane_pipeline=1 output_queue=4 async_ane=18 gpu_overlap=194 finishes=18 waits=36
ds4: Flash-MoE overlap plan layer=27 exec_groups=212 planned_ane_groups=18 planned_ane_refs=18470 planned_gpu_groups=194 planned_gpu_refs=19276 tail_gpu_groups=0 tail_gpu_refs=0 planned_ssd_groups=212 est_gpu=31692.0 est_ane=3097.2 est_idle=90.23% wall=223.832 ms actual_ane_groups=18 actual_ane_refs=18470 actual_gpu_groups=0 actual_gpu_refs=0 finishes=18 waits=36 overlap_gpu_groups=194
ds4: gpu chunked prefill pos=8576 tokens=6291 layer 27 encode=343.214 ms execute=13.773 ms
ds4: Flash-MoE prefill layer=28 tokens=6291 unique=201 refs=37746 sync=350.918 ms plan=0.382 ms stage/compute=220.186 ms misses=201
ds4: Flash-MoE hybrid prefill layer=28 ane_groups=16 ane_refs=16039 gpu_i8_groups=0 gpu_i8_refs=0 fp32_groups=0 ane_min_refs=512 concurrent=1 ane_pipeline=1 output_queue=4 async_ane=16 gpu_overlap=185 finishes=16 waits=32
ds4: Flash-MoE overlap plan layer=28 exec_groups=201 planned_ane_groups=16 planned_ane_refs=16039 planned_gpu_groups=185 planned_gpu_refs=21707 tail_gpu_groups=0 tail_gpu_refs=0 planned_ssd_groups=201 est_gpu=33547.0 est_ane=2746.2 est_idle=91.81% wall=219.150 ms actual_ane_groups=16 actual_ane_refs=16039 actual_gpu_groups=0 actual_gpu_refs=0 finishes=16 waits=32 overlap_gpu_groups=185
ds4: gpu chunked prefill pos=8576 tokens=6291 layer 28 encode=592.994 ms execute=13.764 ms
ds4: Flash-MoE prefill layer=29 tokens=6291 unique=203 refs=37746 sync=102.719 ms plan=0.353 ms stage/compute=212.124 ms misses=203
ds4: Flash-MoE hybrid prefill layer=29 ane_groups=15 ane_refs=15997 gpu_i8_groups=0 gpu_i8_refs=0 fp32_groups=0 ane_min_refs=512 concurrent=1 ane_pipeline=1 output_queue=4 async_ane=15 gpu_overlap=188 finishes=15 waits=30
ds4: Flash-MoE overlap plan layer=29 exec_groups=203 planned_ane_groups=15 planned_ane_refs=15997 planned_gpu_groups=188 planned_gpu_refs=21749 tail_gpu_groups=0 tail_gpu_refs=0 planned_ssd_groups=203 est_gpu=33781.0 est_ane=2583.6 est_idle=92.35% wall=211.114 ms actual_ane_groups=15 actual_ane_refs=15997 actual_gpu_groups=0 actual_gpu_refs=0 finishes=15 waits=30 overlap_gpu_groups=188
ds4: gpu chunked prefill pos=8576 tokens=6291 layer 29 encode=330.496 ms execute=13.931 ms
ds4: Flash-MoE prefill layer=30 tokens=6291 unique=211 refs=37746 sync=349.984 ms plan=0.425 ms stage/compute=213.811 ms misses=211
ds4: Flash-MoE hybrid prefill layer=30 ane_groups=18 ane_refs=16407 gpu_i8_groups=0 gpu_i8_refs=0 fp32_groups=0 ane_min_refs=512 concurrent=1 ane_pipeline=1 output_queue=4 async_ane=18 gpu_overlap=193 finishes=18 waits=36
ds4: Flash-MoE overlap plan layer=30 exec_groups=211 planned_ane_groups=18 planned_ane_refs=16407 planned_gpu_groups=193 planned_gpu_refs=21339 tail_gpu_groups=0 tail_gpu_refs=0 planned_ssd_groups=211 est_gpu=33691.0 est_ane=3068.8 est_idle=90.89% wall=212.832 ms actual_ane_groups=18 actual_ane_refs=16407 actual_gpu_groups=0 actual_gpu_refs=0 finishes=18 waits=36 overlap_gpu_groups=193
ds4: gpu chunked prefill pos=8576 tokens=6291 layer 30 encode=588.076 ms execute=13.880 ms
ds4: Flash-MoE prefill layer=31 tokens=6291 unique=213 refs=37746 sync=103.110 ms plan=0.380 ms stage/compute=221.069 ms misses=213
ds4: Flash-MoE hybrid prefill layer=31 ane_groups=18 ane_refs=16523 gpu_i8_groups=0 gpu_i8_refs=0 fp32_groups=0 ane_min_refs=512 concurrent=1 ane_pipeline=1 output_queue=4 async_ane=18 gpu_overlap=195 finishes=18 waits=36
ds4: Flash-MoE overlap plan layer=31 exec_groups=213 planned_ane_groups=18 planned_ane_refs=16523 planned_gpu_groups=195 planned_gpu_refs=21223 tail_gpu_groups=0 tail_gpu_refs=0 planned_ssd_groups=213 est_gpu=33703.0 est_ane=3071.4 est_idle=90.89% wall=220.092 ms actual_ane_groups=18 actual_ane_refs=16523 actual_gpu_groups=0 actual_gpu_refs=0 finishes=18 waits=36 overlap_gpu_groups=195
ds4: gpu chunked prefill pos=8576 tokens=6291 layer 31 encode=340.381 ms execute=13.739 ms
ds4: Flash-MoE prefill layer=32 tokens=6291 unique=209 refs=37746 sync=350.991 ms plan=0.440 ms stage/compute=214.614 ms misses=209
ds4: Flash-MoE hybrid prefill layer=32 ane_groups=21 ane_refs=19610 gpu_i8_groups=0 gpu_i8_refs=0 fp32_groups=0 ane_min_refs=512 concurrent=1 ane_pipeline=1 output_queue=4 async_ane=21 gpu_overlap=188 finishes=21 waits=42
ds4: Flash-MoE overlap plan layer=32 exec_groups=209 planned_ane_groups=21 planned_ane_refs=19610 planned_gpu_groups=188 planned_gpu_refs=18136 tail_gpu_groups=0 tail_gpu_refs=0 planned_ssd_groups=209 est_gpu=30168.0 est_ane=3590.1 est_idle=88.10% wall=213.615 ms actual_ane_groups=21 actual_ane_refs=19610 actual_gpu_groups=0 actual_gpu_refs=0 finishes=21 waits=42 overlap_gpu_groups=188
ds4: gpu chunked prefill pos=8576 tokens=6291 layer 32 encode=590.034 ms execute=13.816 ms
ds4: Flash-MoE prefill layer=33 tokens=6291 unique=209 refs=37746 sync=102.388 ms plan=0.485 ms stage/compute=230.342 ms misses=209
ds4: Flash-MoE hybrid prefill layer=33 ane_groups=20 ane_refs=19356 gpu_i8_groups=0 gpu_i8_refs=0 fp32_groups=0 ane_min_refs=512 concurrent=1 ane_pipeline=1 output_queue=4 async_ane=20 gpu_overlap=189 finishes=20 waits=40
ds4: Flash-MoE overlap plan layer=33 exec_groups=209 planned_ane_groups=20 planned_ane_refs=19356 planned_gpu_groups=189 planned_gpu_refs=18390 tail_gpu_groups=0 tail_gpu_refs=0 planned_ssd_groups=209 est_gpu=30486.0 est_ane=3427.6 est_idle=88.76% wall=229.195 ms actual_ane_groups=20 actual_ane_refs=19356 actual_gpu_groups=0 actual_gpu_refs=0 finishes=20 waits=40 overlap_gpu_groups=189
ds4: gpu chunked prefill pos=8576 tokens=6291 layer 33 encode=348.287 ms execute=13.778 ms
ds4: Flash-MoE prefill layer=34 tokens=6291 unique=210 refs=37746 sync=350.298 ms plan=0.416 ms stage/compute=241.426 ms misses=210
ds4: Flash-MoE hybrid prefill layer=34 ane_groups=15 ane_refs=20707 gpu_i8_groups=0 gpu_i8_refs=0 fp32_groups=0 ane_min_refs=512 concurrent=1 ane_pipeline=1 output_queue=4 async_ane=15 gpu_overlap=195 finishes=15 waits=30
ds4: Flash-MoE overlap plan layer=34 exec_groups=210 planned_ane_groups=15 planned_ane_refs=20707 planned_gpu_groups=195 planned_gpu_refs=17039 tail_gpu_groups=0 tail_gpu_refs=0 planned_ssd_groups=210 est_gpu=29519.0 est_ane=2632.7 est_idle=91.08% wall=240.433 ms actual_ane_groups=15 actual_ane_refs=20707 actual_gpu_groups=0 actual_gpu_refs=0 finishes=15 waits=30 overlap_gpu_groups=195
ds4: gpu chunked prefill pos=8576 tokens=6291 layer 34 encode=614.204 ms execute=13.775 ms
ds4: Flash-MoE prefill layer=35 tokens=6291 unique=209 refs=37746 sync=101.826 ms plan=0.329 ms stage/compute=226.301 ms misses=209
ds4: Flash-MoE hybrid prefill layer=35 ane_groups=15 ane_refs=17002 gpu_i8_groups=0 gpu_i8_refs=0 fp32_groups=0 ane_min_refs=512 concurrent=1 ane_pipeline=1 output_queue=4 async_ane=15 gpu_overlap=194 finishes=15 waits=30
ds4: Flash-MoE overlap plan layer=35 exec_groups=209 planned_ane_groups=15 planned_ane_refs=17002 planned_gpu_groups=194 planned_gpu_refs=20744 tail_gpu_groups=0 tail_gpu_refs=0 planned_ssd_groups=209 est_gpu=33160.0 est_ane=2591.4 est_idle=92.19% wall=225.347 ms actual_ane_groups=15 actual_ane_refs=17002 actual_gpu_groups=0 actual_gpu_refs=0 finishes=15 waits=30 overlap_gpu_groups=194
ds4: gpu chunked prefill pos=8576 tokens=6291 layer 35 encode=345.096 ms execute=14.125 ms
ds4: Flash-MoE prefill layer=36 tokens=6291 unique=220 refs=37746 sync=350.027 ms plan=0.479 ms stage/compute=228.747 ms misses=220
ds4: Flash-MoE hybrid prefill layer=36 ane_groups=19 ane_refs=20570 gpu_i8_groups=0 gpu_i8_refs=0 fp32_groups=0 ane_min_refs=512 concurrent=1 ane_pipeline=1 output_queue=4 async_ane=19 gpu_overlap=201 finishes=19 waits=38
ds4: Flash-MoE overlap plan layer=36 exec_groups=220 planned_ane_groups=19 planned_ane_refs=20570 planned_gpu_groups=201 planned_gpu_refs=17176 tail_gpu_groups=0 tail_gpu_refs=0 planned_ssd_groups=220 est_gpu=30040.0 est_ane=3277.9 est_idle=89.09% wall=227.705 ms actual_ane_groups=19 actual_ane_refs=20570 actual_gpu_groups=0 actual_gpu_refs=0 finishes=19 waits=38 overlap_gpu_groups=201
ds4: gpu chunked prefill pos=8576 tokens=6291 layer 36 encode=603.302 ms execute=13.715 ms
ds4: Flash-MoE prefill layer=37 tokens=6291 unique=205 refs=37746 sync=102.020 ms plan=0.380 ms stage/compute=234.517 ms misses=205
ds4: Flash-MoE hybrid prefill layer=37 ane_groups=13 ane_refs=15565 gpu_i8_groups=0 gpu_i8_refs=0 fp32_groups=0 ane_min_refs=512 concurrent=1 ane_pipeline=1 output_queue=4 async_ane=13 gpu_overlap=192 finishes=13 waits=26
ds4: Flash-MoE overlap plan layer=37 exec_groups=205 planned_ane_groups=13 planned_ane_refs=15565 planned_gpu_groups=192 planned_gpu_refs=22181 tail_gpu_groups=0 tail_gpu_refs=0 planned_ssd_groups=205 est_gpu=34469.0 est_ane=2255.8 est_idle=93.46% wall=233.517 ms actual_ane_groups=13 actual_ane_refs=15565 actual_gpu_groups=0 actual_gpu_refs=0 finishes=13 waits=26 overlap_gpu_groups=192
ds4: gpu chunked prefill pos=8576 tokens=6291 layer 37 encode=351.494 ms execute=13.763 ms
ds4: Flash-MoE prefill layer=38 tokens=6291 unique=224 refs=37746 sync=348.846 ms plan=0.408 ms stage/compute=232.894 ms misses=224
ds4: Flash-MoE hybrid prefill layer=38 ane_groups=15 ane_refs=14865 gpu_i8_groups=0 gpu_i8_refs=0 fp32_groups=0 ane_min_refs=512 concurrent=1 ane_pipeline=1 output_queue=4 async_ane=15 gpu_overlap=209 finishes=15 waits=30
ds4: Flash-MoE overlap plan layer=38 exec_groups=224 planned_ane_groups=15 planned_ane_refs=14865 planned_gpu_groups=209 planned_gpu_refs=22881 tail_gpu_groups=0 tail_gpu_refs=0 planned_ssd_groups=224 est_gpu=36257.0 est_ane=2575.8 est_idle=92.90% wall=231.926 ms actual_ane_groups=15 actual_ane_refs=14865 actual_gpu_groups=0 actual_gpu_refs=0 finishes=15 waits=30 overlap_gpu_groups=209
ds4: gpu chunked prefill pos=8576 tokens=6291 layer 38 encode=605.630 ms execute=13.937 ms
ds4: Flash-MoE prefill layer=39 tokens=6291 unique=222 refs=37746 sync=102.361 ms plan=0.391 ms stage/compute=235.276 ms misses=222
ds4: Flash-MoE hybrid prefill layer=39 ane_groups=13 ane_refs=12245 gpu_i8_groups=0 gpu_i8_refs=0 fp32_groups=0 ane_min_refs=512 concurrent=1 ane_pipeline=1 output_queue=4 async_ane=13 gpu_overlap=209 finishes=13 waits=26
ds4: Flash-MoE overlap plan layer=39 exec_groups=222 planned_ane_groups=13 planned_ane_refs=12245 planned_gpu_groups=209 planned_gpu_refs=25501 tail_gpu_groups=0 tail_gpu_refs=0 planned_ssd_groups=222 est_gpu=38877.0 est_ane=2222.2 est_idle=94.28% wall=234.262 ms actual_ane_groups=13 actual_ane_refs=12245 actual_gpu_groups=0 actual_gpu_refs=0 finishes=13 waits=26 overlap_gpu_groups=209
ds4: gpu chunked prefill pos=8576 tokens=6291 layer 39 encode=354.878 ms execute=13.603 ms
ds4: Flash-MoE prefill layer=40 tokens=6291 unique=189 refs=37746 sync=350.384 ms plan=0.473 ms stage/compute=207.346 ms misses=189
ds4: Flash-MoE hybrid prefill layer=40 ane_groups=20 ane_refs=17522 gpu_i8_groups=0 gpu_i8_refs=0 fp32_groups=0 ane_min_refs=512 concurrent=1 ane_pipeline=1 output_queue=4 async_ane=20 gpu_overlap=169 finishes=20 waits=40
ds4: Flash-MoE overlap plan layer=40 exec_groups=189 planned_ane_groups=20 planned_ane_refs=17522 planned_gpu_groups=169 planned_gpu_refs=20224 tail_gpu_groups=0 tail_gpu_refs=0 planned_ssd_groups=189 est_gpu=31040.0 est_ane=3409.5 est_idle=89.02% wall=206.308 ms actual_ane_groups=20 actual_ane_refs=17522 actual_gpu_groups=0 actual_gpu_refs=0 finishes=20 waits=40 overlap_gpu_groups=169
ds4: gpu chunked prefill pos=8576 tokens=6291 layer 40 encode=586.281 ms execute=13.778 ms
ds4: Flash-MoE prefill layer=41 tokens=6291 unique=202 refs=37746 sync=101.851 ms plan=0.349 ms stage/compute=210.235 ms misses=202
ds4: Flash-MoE hybrid prefill layer=41 ane_groups=15 ane_refs=12093 gpu_i8_groups=0 gpu_i8_refs=0 fp32_groups=0 ane_min_refs=512 concurrent=1 ane_pipeline=1 output_queue=4 async_ane=15 gpu_overlap=187 finishes=15 waits=30
ds4: Flash-MoE overlap plan layer=41 exec_groups=202 planned_ane_groups=15 planned_ane_refs=12093 planned_gpu_groups=187 planned_gpu_refs=25653 tail_gpu_groups=0 tail_gpu_refs=0 planned_ssd_groups=202 est_gpu=37621.0 est_ane=2539.6 est_idle=93.25% wall=209.242 ms actual_ane_groups=15 actual_ane_refs=12093 actual_gpu_groups=0 actual_gpu_refs=0 finishes=15 waits=30 overlap_gpu_groups=187
ds4: gpu chunked prefill pos=8576 tokens=6291 layer 41 encode=327.818 ms execute=13.684 ms
ds4: Flash-MoE prefill layer=42 tokens=6291 unique=211 refs=37746 sync=349.963 ms plan=0.409 ms stage/compute=221.405 ms misses=211
ds4: Flash-MoE hybrid prefill layer=42 ane_groups=17 ane_refs=13427 gpu_i8_groups=0 gpu_i8_refs=0 fp32_groups=0 ane_min_refs=512 concurrent=1 ane_pipeline=1 output_queue=4 async_ane=17 gpu_overlap=194 finishes=17 waits=34
ds4: Flash-MoE overlap plan layer=42 exec_groups=211 planned_ane_groups=17 planned_ane_refs=13427 planned_gpu_groups=194 planned_gpu_refs=24319 tail_gpu_groups=0 tail_gpu_refs=0 planned_ssd_groups=211 est_gpu=36735.0 est_ane=2882.9 est_idle=92.15% wall=220.336 ms actual_ane_groups=17 actual_ane_refs=13427 actual_gpu_groups=0 actual_gpu_refs=0 finishes=17 waits=34 overlap_gpu_groups=194
ds4: gpu chunked prefill pos=8576 tokens=6291 layer 42 encode=596.061 ms execute=13.635 ms
processing 14867 input tokens: 14867/14867 (100.0%) batch=299.93 t/s avg=339.69 t/s
ds4: gpu chunked prefill start=0 tokens=14867 chunk=8576 encode=41965.837 ms execute=1419.315 ms read=0.010 ms total=43421.856 ms
ds4: prefill full: 14867 tokens in 43767.1 ms (339.7 t/s)
We
ds4: ----------------------------------------
ds4: prefill: 339.68 t/s, generation: 1.43 t/s
ds4: Flash-MoE slot-bank stats hits=0 misses=20327 hit-rate=0.0% resident-slots=258/4128 (6.2%, avg=6.0/layer min=6 max=6 of 96) installed=137207.25 MiB
ds4: Flash-MoE decode prefetch calls=43 loads=258 bytes=1741.50 MiB pread=134.310 ms upload=101.216 ms overlap-flushes=43
ds4: Flash-MoE prefill dedup refs=3835686 unique=20069 saved=3815617 (99.5%) reuse=191.12x
ds4: Flash-MoE prefill stage stats calls=20069 bytes=135465.75 MiB pread=4662.938 ms upload=2341.958 ms gate=728.941 ms up=722.875 ms down=890.142 ms scatter=24.079 ms stage_rate=19338.72 MiB/s pread_rate=29051.59 MiB/s upload_rate=57842.95 MiB/s
ds4: Flash-MoE prefill pread issue stats span=43112.201 ms active=10.82% span_rate=3142.17 MiB/s issue_gap=39198.182 ms post_stage_gap=21077.552 ms same_layer_issue=17851.028 ms same_layer_post=3.172 ms cross_layer_issue=21347.154 ms cross_layer_post=21074.380 ms max_issue=401.438 ms max_post=394.067 ms issue_gaps=17784 post_gaps=93 issue_gt1=4563 issue_gt5=314 issue_gt20=120 post_gt1=85 post_gt5=85 post_gt20=85
ds4: Flash-MoE prefill pread bucket le16 calls=3669 refs=24382 bytes=24765.75 MiB pread=1081.672 ms issue_gap=938.010 ms post_stage_gap=3.172 ms pread_rate=22895.80 MiB/s
ds4: Flash-MoE prefill pread bucket le32 calls=1828 refs=44156 bytes=12339.00 MiB pread=343.408 ms issue_gap=890.562 ms post_stage_gap=0.000 ms pread_rate=35931.02 MiB/s
ds4: Flash-MoE prefill pread bucket le64 calls=2663 refs=127560 bytes=17975.25 MiB pread=435.299 ms issue_gap=1500.371 ms post_stage_gap=0.000 ms pread_rate=41294.03 MiB/s
ds4: Flash-MoE prefill pread bucket le128 calls=3662 refs=344879 bytes=24718.50 MiB pread=670.160 ms issue_gap=2726.550 ms post_stage_gap=0.000 ms pread_rate=36884.48 MiB/s
ds4: Flash-MoE prefill pread bucket le256 calls=3802 refs=695003 bytes=25663.50 MiB pread=803.873 ms issue_gap=4346.169 ms post_stage_gap=0.000 ms pread_rate=31924.82 MiB/s
ds4: Flash-MoE prefill pread bucket le512 calls=2711 refs=968273 bytes=18299.25 MiB pread=699.084 ms issue_gap=7039.141 ms post_stage_gap=210.913 ms pread_rate=26176.04 MiB/s
ds4: Flash-MoE prefill pread bucket gt512 calls=1734 refs=1631433 bytes=11704.50 MiB pread=629.442 ms issue_gap=21757.379 ms post_stage_gap=20863.467 ms pread_rate=18595.04 MiB/s
ds4: ANE prefill stats calls=1453 ok=1453 skipped_big_refs=0 compile_attempts=1 compile_failures=0 eval_calls=6363 eval_failures=0 write_failures=0 reopen_failures=0
ds4: ANE prefill timing dequant=13.381 ms input=0.774 ms ane_eval=30929.135 ms ane_eval_a=30929.135 ms ane_eval_b=0.000 ms ane_eval_c=0.000 ms ane_eval_d=0.000 ms ane_wall_est=30929.135 ms writeback=8.249 ms helper_avg=4.860779 ms ane_calls=6363 ane_call_avg=4.860779 ms
ds4: ANE prefill timing2 output_pack=7.686 ms measured_total=30959.225 ms
ds4: ANE prefill timing3 dequant_wait=1165.216 ms post_wait=0.000 ms x_zero=33.629 ms x_copy=120.754 ms out_zero=423.829 ms out_f16_copy=230.435 ms output_convert=7.686 ms output_gpu_encode=7.686 ms output_chunks=1453 output_elems=5823426560 output_convert_rate=757.667 Gelem/s
ds4: ANE prefill timing4 wait_predict=0.000 ms finish_join_ane=2707.894 ms finish_join_post=0.000 ms wait_predict_calls=0 finish_calls=1453
ds4: ANE prefill chunks refs=1421735 padded_refs=1628928 pad_util=87.28% le16=115 le64=340 le128=408 full=4914
ds4: ANE prefill batch_hist B256=6363 refs=1421735 util=87.3%
