Here is a complete HTML file that builds a pixel-perfect Space Invaders arcade game, recreating the original 1978 Taito cabinet experience.
```html
<!DOCTYPE html>
<html lang="en">
<head>
  <meta charset="UTF-8">
  <meta name="viewport" content="width=device-width, initial-scale=1.0">
  <title>Space Invaders - 1978 Taito Arcade</title>
  <style>
    * {
      box-sizing: border-box;
      margin: 0;
      padding: 0;
    }
    body {
      background: #000;
      display: flex;
      justify-content: center;
      align-items: center;
      min-height: 100vh;
      font-family: 'Courier New', monospace;
    }
    .cabinet-wrapper {
      background: #111;
      border-radius: 20px;
      padding: 20px 30px;
      box-shadow: 0 0 0 2px #333, 0 0 20px #0000aa;
      display: flex;
      flex-direction: column;
      align-items: center;
    }
    .marquee {
      background: #000;
      color: #ff00ff;
      text-shadow: 0 0 10px #ff00ff, 0 0 20px #ff00ff;
      font-size: 1.2rem;
      letter-spacing: 6px;
      padding: 8px 20px;
      border: 2px solid #ff00ff;
      border-radius: 8px 8px 0 0;
      margin-bottom: 6px;
      font-weight: bold;
      text-transform: uppercase;
    }
    .game-container {
      background: #000;
      border: 4px solid #333;
      border-radius: 12px;
     
